01-01 22:30:31.435   227  1541 D RockFFPlayer: FFMediaSource setExit, but context null
01-01 22:30:31.435   227  1541 E RockFFPlayerBase: FFMPlayerBase::flushRenderQueue in
01-01 22:30:31.435   227  1541 E RockFFPlayerBase: FFMPlayerBase::flushRenderQueue out
01-01 22:30:31.435   227  1541 D RockFFPlayer: doRelease: ok
01-01 22:30:31.435   227  1541 D RockFFPlayer: doStop: ok
01-01 22:30:31.435   227  1541 D RockFFPlayer: run : dequeueMessage Message 4 OK
01-01 22:30:31.435   227  1541 D RockFFPlayer: Messagecomplete type [4]
01-01 22:30:31.435   227  1541 D RockFFPlayer: run : Message 4 complete
01-01 22:30:31.435   227   227 D RockFFPlayer: enqueueMessage:sync wait ok
01-01 22:30:31.435   227   227 D RockFFPlayer: stop_l: clear queue ok
01-01 22:30:31.435   227   227 D RockFFPlayer: stop_l: create cancel thread ok
01-01 22:30:31.435   227  1612 D RockFFPlayer: CancelThread: in
01-01 22:30:31.435   227   227 D RockFFPlayer: stop_l: ok
01-01 22:30:31.435   227   227 D RockFFPlayer: enter enqueueMessage
01-01 22:30:31.435   227   227 D RockFFPlayer: enqueueMessage:****1
01-01 22:30:31.435   227   227 D RockFFPlayer: enqueueMessage:****2
01-01 22:30:31.435   227   227 D RockFFPlayer: enqueueMessage:****3
01-01 22:30:31.435   227   227 D RockFFPlayer: enqueueMessage:Message 1,set signal
01-01 22:30:31.435   227   227 D RockFFPlayer: enqueueMessage:sync wait
01-01 22:30:31.435   227  1541 D RockFFPlayer: deliverMessage 
01-01 22:30:31.435   227  1541 D RockFFPlayer: run : dequeueMessage Message 11
01-01 22:30:31.435   227  1541 D RockFFPlayer: CMD_RESET
01-01 22:30:31.435   227  1541 D RockFFPlayerBase: dumpStatus(): Idle
01-01 22:30:31.435   227  1541 D RockFFPlayer: doReset ok
01-01 22:30:31.435   227  1541 D RockFFPlayer: run : dequeueMessage Message 11 OK
01-01 22:30:31.435   227  1541 D RockFFPlayer: Messagecomplete type [11]
01-01 22:30:31.436   227  1541 D RockFFPlayer: run : Message 11 complete
01-01 22:30:31.436   227   227 D RockFFPlayer: enqueueMessage:sync wait ok
01-01 22:30:31.436   227   227 D RockFFPlayer: reset: do reset ok
01-01 22:30:31.436   227  1612 D RockFFPlayer: processAsyncExit: wait message thread
01-01 22:30:31.436   227  1541 D RockFFPlayer: signal thread out
01-01 22:30:31.436   227  1541 D RockFFPlayer: sched_thread out
01-01 22:30:31.436   227   227 D RockFFPlayer: stop:wait is ok
01-01 22:30:31.436   227   227 D RockFFPlayer: stop:ok
01-01 22:30:31.436   227   227 D RockFFPlayer: ~RkMessageQueue
01-01 22:30:31.436   227   227 D RockFFPlayer: reset: reset ok
01-01 22:30:31.436   227  1612 E RockFFPlayerBase: closeContext : in
01-01 22:30:31.436   227   227 E FFPlayer: ~FFPlayer
01-01 22:30:31.436   227  1612 D RockFFPlayer: FFMediaSource context null. 
01-01 22:30:31.436   227  1612 E RockFFPlayerBase: closeContext : out
01-01 22:30:31.436   227   227 D RockFFPlayer: reset: in
01-01 22:30:31.436   227  1612 D RockFFPlayer: CancelThread: ok
01-01 22:30:31.436   227   227 D RockFFPlayerBase: dumpStatus(): Idle
01-01 22:30:31.436   227   227 D RockFFPlayer: reset: in idle status, already reset
01-01 22:30:31.436   227   227 D RockFFPlayer: ~FFMPlayer in
01-01 22:30:31.436   227   227 D RockFFPlayer: reset: in
01-01 22:30:31.436   227   227 D RockFFPlayerBase: dumpStatus(): Idle
01-01 22:30:31.436   227   227 D RockFFPlayer: reset: in idle status, already reset
01-01 22:30:31.436   227   227 D RockFFPlayer: ~FFMediaSource
01-01 22:30:31.436   227   227 D RockFFPlayer: FFMediaSource context null. 
01-01 22:30:31.436   227   227 E TraceThread:     VsyncReciver(tid = 2985191728)--> [UID=2259c9ca] pthread_join begin-->player = 0xb8261108
01-01 22:30:31.452   227   227 E TraceThread:     VsyncReciver(tid = 2985191728)--> [UID=2259c9ca] pthread_join   end-->player = 0xb8261108
01-01 22:30:31.452   227   227 D VsyncReciver: stop_l:vsyncThread down
01-01 22:30:31.452   227   227 E TraceThread:     RockFFPlayer(tid = 3069995828)--> [UID=2259c9ca] ~FFMPlayer Destruction; object=0xb8261108
01-01 22:30:31.452   227   227 D RockFFPlayer: ~FFMPlayer ok
01-01 22:30:31.452   227   227 D RockFFPlayerBase: ~FFMPlayerBase(():mDequeueThread down
01-01 22:30:31.452   227   227 D RockFFPlayerBase: ~RkMessageHandler
01-01 22:30:31.453   227   516 D CameraHal: camera_get_camera_info(1312): camera_get_camera_info(1312): camera_0 facing(0), orientation(90)
01-01 22:30:31.453   227   227 D CameraHal: camera_get_camera_info(1312): camera_get_camera_info(1312): camera_0 facing(0), orientation(90)
01-01 22:30:31.461   227   516 D CameraHal: camera_get_camera_info(1312): camera_get_camera_info(1312): camera_1 facing(1), orientation(270)
01-01 22:30:31.462   227   227 D CameraHal: camera_get_camera_info(1312): camera_get_camera_info(1312): camera_1 facing(1), orientation(270)
01-01 22:30:31.479  1225  1225 D GeofencerStateMachine: Creating GeofencerStateMachine
01-01 22:30:31.482  1225  1225 D SensorManager: aidl getSensorManager:android.hardware.ISensorManager$Stub$Proxy@d243427
01-01 22:30:31.491   568   810 D WifiService: New client listening to asynchronous messages
01-01 22:30:31.531   879  1621 D OpenGLRenderer: Use EGL_SWAP_BEHAVIOR_PRESERVED: true
01-01 22:30:31.532   879  1621 D OpenGLRenderer: profile bars disabled
01-01 22:30:31.532   879  1621 D OpenGLRenderer: ambientRatio = 1.50
01-01 22:30:31.546   568   579 V WindowManager: Window{11b56e8 u0 KeyguardScrim} forcing orientation to 5
01-01 22:30:31.550   879   879 D PhoneStatusBar: disable: < EXPAND* icons alerts system_info BACK* HOME* RECENT* clock SEARCH* quick_settings >
01-01 22:30:31.574   879   879 D PhoneStatusBar: heads up is enabled
01-01 22:30:31.608  1225  1225 V GeofencerHelper: Initializing geofence's system cache.
01-01 22:30:31.649  1225  1619 D GeofenceStateCache: Recovered 0 geofences.
01-01 22:30:31.658   568   589 D BluetoothManagerService: Added callback: android.bluetooth.IBluetoothManagerCallback$Stub$Proxy@33fc8b8:true
01-01 22:30:31.660  1225  1225 I GCoreNlp: shouldConfirmNlp, NLP off. Ensuring opt-in disabled
01-01 22:30:31.699  1225  1619 I GeofencerStateMachine: Network location disabled.
01-01 22:30:31.728  1225  1625 D SensorManager: aidl getSensorManager:android.hardware.ISensorManager$Stub$Proxy@eefc0cc
01-01 22:30:31.741   568   809 E wifi    : wifi_get_supported_feature_set returned error = 0xffffffa1
01-01 22:30:31.770   894   894 W ContextImpl: Calling a method in the system process without a qualified user: android.app.ContextImpl.startActivity:658 android.content.ContextWrapper.startActivity:331 com.roboteam.teamy.shared.activitylauncher.ActivityLauncher.startActivity:16 com.roboteam.teamy.boot.activitylauncher.BootActivityLauncher.launch:54 com.roboteam.teamy.home.HomeActivity.onCreate:93 
01-01 22:30:31.770   894   894 W ContextImpl: Calling a method in the system process without a qualified user: android.app.ContextImpl.startActivity:670 android.app.ContextImpl.startActivity:659 android.content.ContextWrapper.startActivity:331 com.roboteam.teamy.shared.activitylauncher.ActivityLauncher.startActivity:16 com.roboteam.teamy.boot.activitylauncher.BootActivityLauncher.launch:54 
01-01 22:30:31.771   568   920 I ActivityManager: START u0 {flg=0x10008000 cmp=com.roboteam.teamy.usa/com.roboteam.teamy.boot.BootActivity} from uid 1000 on display 0
01-01 22:30:31.773   568   920 V WindowState: Reporting new frame to Window{93a081f u0 StatusBar}: Rect(0, 0 - 1920, 0)
01-01 22:30:31.773   568   920 I WindowState: Sending new config to window Window{93a081f u0 StatusBar}: 0.0x0.0 / config={1.0 ?mcc?mnc en_US ldltr sw800dp w1280dp h800dp 240dpi xlrg land finger -keyb/v/h -nav/h s.4} overrideConfig={1.0 ?mcc?mnc ?locale ?layoutDir ?swdp ?wdp ?hdp ?density ?lsize ?long ?orien ?uimode ?night ?touch ?keyb/?/? ?nav/?}
01-01 22:30:31.773   568   920 V WindowState: Reporting new frame to Window{11b56e8 u0 KeyguardScrim}: Rect(0, 0 - 1920, 1200)
01-01 22:30:31.827   894  1635 D OpenGLRenderer: Use EGL_SWAP_BEHAVIOR_PRESERVED: true
01-01 22:30:31.850   568   920 E WindowManager: Unknown window type: 2999
01-01 22:30:31.851   568   920 V WindowManager: Window{11b56e8 u0 KeyguardScrim} forcing orientation to 5
01-01 22:30:31.880  1225  1225 I GCoreUlr: Starting service, intent=Intent { act=com.google.android.location.reporting.ACTION_UPDATE_WORLD cmp=com.google.android.gms/com.google.android.location.reporting.service.DispatchingService (has extras) }, extras=Bundle[{receiverAction=android.location.PROVIDERS_CHANGED}]
01-01 22:30:31.886   568   892 V WindowManager: Window{11b56e8 u0 KeyguardScrim} forcing orientation to 5
01-01 22:30:31.888   568   893 I WindowStateAnimator: createSurface WindowStateAnimator{a4b6601 com.android.systemui.ImageWallpaper}: mDrawState=DRAW_PENDING
01-01 22:30:31.888   568   893 V WindowManager: Changing surface while display frozen: Window{792cfe8 u0 com.android.systemui.ImageWallpaper}
01-01 22:30:31.888   568   893 D WindowStateAnimator: rk_debug2 com.android.systemui.ImageWallpaper_Force_To_Dual
01-01 22:30:31.889   568   893 V WindowManager: Window{11b56e8 u0 KeyguardScrim} forcing orientation to 5
01-01 22:30:31.890   568   893 V WindowManager: Eval win Window{317f693 u0 com.roboteam.teamy.usa/com.roboteam.teamy.home.HomeActivity}: isDrawn=false, isAnimating=false
01-01 22:30:31.890   568   893 V WindowManager: Not displayed: s=null pv=true mDrawState=NO_SURFACE ah=false th=false a=false
01-01 22:30:31.890   568   893 V WindowManager: Resize reasons for w=Window{792cfe8 u0 com.android.systemui.ImageWallpaper}:  contentInsetsChanged=true [0,0][1293,1484] visibleInsetsChanged=true [0,0][1293,1484] stableInsetsChanged=true [0,0][1293,1484] outsetsChanged=false [0,0][0,0] surfaceResized=true configChanged=true
01-01 22:30:31.890   568   893 V WindowManager: Changing surface while display frozen: Window{792cfe8 u0 com.android.systemui.ImageWallpaper}
01-01 22:30:31.891   568   893 V WindowManager: Orientation start waiting for draw mDrawState=DRAW_PENDING in Window{792cfe8 u0 com.android.systemui.ImageWallpaper}, surface Surface(name=com.android.systemui.ImageWallpaper_Force_To_Dual)
01-01 22:30:31.891   568   893 V WindowManager: Resizing window Window{792cfe8 u0 com.android.systemui.ImageWallpaper} to 3213.0x2684.0
01-01 22:30:31.894   568   582 I ActivityManager: Start proc 1636:com.android.vending/u0a7 for broadcast com.android.vending/com.google.android.finsky.receivers.LocationProviderChangedReceiver
01-01 22:30:31.907   568   893 V WindowState: Reporting new frame to Window{792cfe8 u0 com.android.systemui.ImageWallpaper}: Rect(0, 0 - 3213, 2684)
01-01 22:30:31.907   568   893 I WindowState: Sending new config to window Window{792cfe8 u0 com.android.systemui.ImageWallpaper}: 3213.0x2684.0 / config={1.0 ?mcc?mnc en_US ldltr sw800dp w1280dp h800dp 240dpi xlrg land finger -keyb/v/h -nav/h s.4} overrideConfig={1.0 ?mcc?mnc ?locale ?layoutDir ?swdp ?wdp ?hdp ?density ?lsize ?long ?orien ?uimode ?night ?touch ?keyb/?/? ?nav/?}
01-01 22:30:31.907   568   893 I WindowState: Resizing Window{792cfe8 u0 com.android.systemui.ImageWallpaper} WITH DRAW PENDING
01-01 22:30:31.908   568   893 V WindowManager: Eval win Window{317f693 u0 com.roboteam.teamy.usa/com.roboteam.teamy.home.HomeActivity}: isDrawn=false, isAnimating=false
01-01 22:30:31.908   568   893 V WindowManager: Not displayed: s=null pv=true mDrawState=NO_SURFACE ah=false th=false a=false
01-01 22:30:31.908   568   579 I WindowManager: Set freezing of Token{c3419f6 ActivityRecord{7a0b691 u0 com.roboteam.teamy.usa/com.roboteam.teamy.boot.BootActivity t302}}: hidden=true freezing=false
01-01 22:30:31.908   568   579 V WindowManager: setAppVisibility(Token{c3419f6 ActivityRecord{7a0b691 u0 com.roboteam.teamy.usa/com.roboteam.teamy.boot.BootActivity t302}}, visible=true): mNextAppTransition=TRANSIT_TASK_OPEN hidden=true hiddenRequested=true Callers=com.android.server.am.ActivityStackSupervisor.realStartActivityLocked:1185 com.android.server.am.ActivityStackSupervisor.startSpecificActivityLocked:1384 com.android.server.am.ActivityStack.ensureActivitiesVisibleLocked:1357 com.android.server.am.ActivityStackSupervisor.ensureActivitiesVisibleLocked:3305 com.android.server.am.ActivityStackSupervisor.attachApplicationLocked:638 com.android.server.am.ActivityManagerService.attachApplicationLocked:6504 
01-01 22:30:31.925   568   590 E WindowManager: Unknown window type: 2999
01-01 22:30:31.925   568   590 V WindowStateAnimator: Orientation continue waiting for draw in Window{792cfe8 u0 com.android.systemui.ImageWallpaper}
01-01 22:30:31.965   568   579 V WindowManager: setAppVisibility(Token{6826b8c ActivityRecord{6d198bf u0 com.roboteam.teamy.usa/com.roboteam.teamy.home.HomeActivity t301}}, visible=false): mNextAppTransition=TRANSIT_TASK_OPEN hidden=false hiddenRequested=false Callers=com.android.server.am.ActivityStack.setVisible:1170 com.android.server.am.ActivityStack.ensureActivitiesVisibleLocked:1431 com.android.server.am.ActivityStackSupervisor.ensureActivitiesVisibleLocked:3305 com.android.server.am.ActivityStackSupervisor.reportResumedActivityLocked:3212 com.android.server.am.ActivityStack.completeResumeLocked:1146 com.android.server.am.ActivityStack.minimalResumeActivityLocked:677 
01-01 22:30:31.965   568   579 V WindowManager: Eval win Window{317f693 u0 com.roboteam.teamy.usa/com.roboteam.teamy.home.HomeActivity}: isDrawn=false, isAnimating=false
01-01 22:30:31.965   568   579 V WindowManager: Not displayed: s=null pv=false mDrawState=NO_SURFACE ah=false th=true a=false
01-01 22:30:31.968   568   585 V WindowManager: setAppVisibility(Token{6826b8c ActivityRecord{6d198bf u0 com.roboteam.teamy.usa/com.roboteam.teamy.home.HomeActivity t301}}, visible=false): mNextAppTransition=TRANSIT_TASK_OPEN hidden=true hiddenRequested=true Callers=com.android.server.am.ActivityStack.stopActivityLocked:2764 com.android.server.am.ActivityStackSupervisor.activityIdleInternalLocked:2602 com.android.server.am.ActivityStackSupervisor$ActivityStackSupervisorHandler.activityIdleInternal:4017 com.android.server.am.ActivityStackSupervisor$ActivityStackSupervisorHandler.handleMessage:4040 android.os.Handler.dispatchMessage:102 android.os.Looper.loop:148 
01-01 22:30:31.977   568   590 E WindowManager: Unknown window type: 2999
01-01 22:30:31.978   568   590 V WindowStateAnimator: Orientation continue waiting for draw in Window{792cfe8 u0 com.android.systemui.ImageWallpaper}
01-01 22:30:32.005  1636  1636 W System  : ClassLoader referenced unknown path: /system/priv-app/GooglePlay/lib/arm
01-01 22:30:32.019  1225  1625 W Settings: Setting airplane_mode_on has moved from android.provider.Settings.System to android.provider.Settings.Global, returning read-only value.
01-01 22:30:32.072   568   920 V WindowManager: Clear freezing of Token{6826b8c ActivityRecord{6d198bf u0 com.roboteam.teamy.usa/com.roboteam.teamy.home.HomeActivity t301}}: hidden=true freezing=false
01-01 22:30:32.072   568   920 V WindowManager: Eval win Window{317f693 u0 com.roboteam.teamy.usa/com.roboteam.teamy.home.HomeActivity}: isDrawn=false, isAnimating=false
01-01 22:30:32.072   568   920 V WindowManager: Not displayed: s=null pv=false mDrawState=NO_SURFACE ah=false th=true a=false
01-01 22:30:32.074   568   585 V WindowManager: setAppVisibility(Token{6826b8c ActivityRecord{6d198bf u0 com.roboteam.teamy.usa/com.roboteam.teamy.home.HomeActivity t301}}, visible=false): mNextAppTransition=TRANSIT_TASK_OPEN hidden=true hiddenRequested=true Callers=com.android.server.am.ActivityStack.stopActivityLocked:2764 com.android.server.am.ActivityStackSupervisor.activityIdleInternalLocked:2602 com.android.server.am.ActivityStackSupervisor$ActivityStackSupervisorHandler.activityIdleInternal:4017 com.android.server.am.ActivityStackSupervisor$ActivityStackSupervisorHandler.handleMessage:4040 android.os.Handler.dispatchMessage:102 android.os.Looper.loop:148 
01-01 22:30:32.084   568   590 E WindowManager: Unknown window type: 2999
01-01 22:30:32.084   568   590 V WindowStateAnimator: Orientation continue waiting for draw in Window{792cfe8 u0 com.android.systemui.ImageWallpaper}
01-01 22:30:32.179  1225  1225 V GoogleSignatureVerifier: com.google.android.gms signature not valid.  Found: 
01-01 22:30:32.179  1225  1225 V GoogleSignatureVerifier: MIIEQzCCAyugAwIBAgIJAMLgh0ZkSjCNMA0GCSqGSIb3DQEBBAUAMHQxCzAJBgNVBAYTAlVTMRMw
01-01 22:30:32.179  1225  1225 V GoogleSignatureVerifier: EQYDVQQIEwpDYWxpZm9ybmlhMRYwFAYDVQQHEw1Nb3VudGFpbiBWaWV3MRQwEgYDVQQKEwtHb29n
01-01 22:30:32.179  1225  1225 V GoogleSignatureVerifier: bGUgSW5jLjEQMA4GA1UECxMHQW5kcm9pZDEQMA4GA1UEAxMHQW5kcm9pZDAeFw0wODA4MjEyMzEz
01-01 22:30:32.179  1225  1225 V GoogleSignatureVerifier: MzRaFw0zNjAxMDcyMzEzMzRaMHQxCzAJBgNVBAYTAlVTMRMwEQYDVQQIEwpDYWxpZm9ybmlhMRYw
01-01 22:30:32.179  1225  1225 V GoogleSignatureVerifier: FAYDVQQHEw1Nb3VudGFpbiBWaWV3MRQwEgYDVQQKEwtHb29nbGUgSW5jLjEQMA4GA1UECxMHQW5k
01-01 22:30:32.179  1225  1225 V GoogleSignatureVerifier: cm9pZDEQMA4GA1UEAxMHQW5kcm9pZDCCASAwDQYJKoZIhvcNAQEBBQADggENADCCAQgCggEBAKtW
01-01 22:30:32.179  1225  1225 V GoogleSignatureVerifier: LgDYO6IIrgqWbxJOKdoR8qtW0I9Y4sypEwPpt1TTcvZApxsdyxMJZ2JORland2qSGT2y5b+3JKke
01-01 22:30:32.179  1225  1225 V GoogleSignatureVerifier: dxiLDmpHpDsz2WCbdxgxRczfey5YZnTJ4VZbH0xqWVW/8lGmPav5xVwnIiJS6HXk+BVKZF+JcWjA
01-01 22:30:32.179  1225  1225 V GoogleSignatureVerifier: sb/GEuq/eFdpuzSqeYTcfi6idkyugwfYwXFU1+5fZKUaRKYCwkkFQVfcAs1fXA5V+++FGfvjJ/Cx
01-01 22:30:32.179  1225  1225 V GoogleSignatureVerifier: URaSxaBvGdGDhfXE28LWuT9ozCl5xw4Yq5OGazvV24mZVSoOO0yZ31j7kYvtwYK6NeADwbSxDdJE
01-01 22:30:32.179  1225  1225 V GoogleSignatureVerifier: qO4k//0zOHKrUiGYXtqw/A0LFFtqoZKFjnkCAQOjgdkwgdYwHQYDVR0OBBYEFMd9jMIhF1Ylmn/T
01-01 22:30:32.179  1225  1225 V GoogleSignatureVerifier: gt9r45jk14alMIGmBgNVHSMEgZ4wgZuAFMd9jMIhF1Ylmn/Tgt9r45jk14aloXikdjB0MQswCQYD
01-01 22:30:32.179  1225  1225 V GoogleSignatureVerifier: VQQGEwJVUzETMBEGA1UECBMKQ2FsaWZvcm5pYTEWMBQGA1UEBxMNTW91bnRhaW4gVmlldzEUMBIG
01-01 22:30:32.179  1225  1225 V GoogleSignatureVerifier: A1UEChMLR29vZ2xlIEluYy4xEDAOBgNVBAsTB0FuZHJvaWQxEDAOBgNVBAMTB0FuZHJvaWSCCQDC
01-01 22:30:32.179  1225  1225 V GoogleSignatureVerifier: 4IdGZEowjTAMBgNVHRMEBTADAQH/MA0GCSqGSIb3DQEBBAUAA4IBAQBt0lLO74UwLDYKqs6Tm8/y
01-01 22:30:32.179  1225  1225 V GoogleSignatureVerifier: zKkEu116FmH4rkaymUIE0P9KaMftGlMexFlaYjzmB2OxZyl6euNXEsQH8gjwyxCUKRJNexBiGcCE
01-01 22:30:32.179  1225  1225 V GoogleSignatureVerifier: yj6z+a1fuHHvkiaai+KL8W1EyNmgjmyy8AW7P+LLlkR+ho5zEHatRbM/YAnqGcFh5iZBqpknHf1S
01-01 22:30:32.179  1225  1225 V GoogleSignatureVerifier: KMXFh4dd239FJ1jWYfbMDMy3NS5CTMQ2XFI1MvcyUTdZPErjQfTbQe3aDQsQcafEQPD+nqActifK
01-01 22:30:32.179  1225  1225 V GoogleSignatureVerifier: Z0Np0IS9L9kR/wbNvyz6ENwPiTrjV2KRkEjH78ZMcUQXg0L3BYHJ3lc69Vs5Ddf9uUGGMYldX3Wf
01-01 22:30:32.179  1225  1225 V GoogleSignatureVerifier: MBEmh/9iFBDAaTCK
01-01 22:30:32.184   568   921 V WindowManager: Window{11b56e8 u0 KeyguardScrim} forcing orientation to 5
01-01 22:30:32.184   568   921 V WindowManager: Eval win Window{317f693 u0 com.roboteam.teamy.usa/com.roboteam.teamy.home.HomeActivity}: isDrawn=false, isAnimating=false
01-01 22:30:32.184   568   921 V WindowManager: Not displayed: s=null pv=false mDrawState=NO_SURFACE ah=false th=true a=false
01-01 22:30:32.190   568   590 E WindowManager: Unknown window type: 2999
01-01 22:30:32.190   568   590 V WindowStateAnimator: Orientation continue waiting for draw in Window{792cfe8 u0 com.android.systemui.ImageWallpaper}
01-01 22:30:32.190   568   582 I WindowStateAnimator: createSurface WindowStateAnimator{9e9f7d7 }: mDrawState=DRAW_PENDING
01-01 22:30:32.190   568   582 V WindowManager: Changing surface while display frozen: Window{20aa6c9 u0 com.roboteam.teamy.usa}
01-01 22:30:32.191   568   582 V WindowManager: Window{11b56e8 u0 KeyguardScrim} forcing orientation to 5
01-01 22:30:32.192   568   582 V WindowManager: Resize reasons for w=Window{20aa6c9 u0 com.roboteam.teamy.usa}:  contentInsetsChanged=false [0,0][0,0] visibleInsetsChanged=false [0,0][0,0] stableInsetsChanged=false [0,0][0,0] outsetsChanged=false [0,0][0,0] surfaceResized=false configChanged=true
01-01 22:30:32.192   568   582 V WindowManager: Changing surface while display frozen: Window{20aa6c9 u0 com.roboteam.teamy.usa}
01-01 22:30:32.192   568   582 V WindowManager: Orientation start waiting for draw mDrawState=DRAW_PENDING in Window{20aa6c9 u0 com.roboteam.teamy.usa}, surface Surface(name=)
01-01 22:30:32.192   568   582 V WindowManager: Resizing window Window{20aa6c9 u0 com.roboteam.teamy.usa} to 1.0x1.0
01-01 22:30:32.192   568   582 V WindowManager: Eval win Window{317f693 u0 com.roboteam.teamy.usa/com.roboteam.teamy.home.HomeActivity}: isDrawn=false, isAnimating=false
01-01 22:30:32.192   568   582 V WindowManager: Not displayed: s=null pv=false mDrawState=NO_SURFACE ah=false th=true a=false
01-01 22:30:32.192   568   582 V WindowState: Reporting new frame to Window{20aa6c9 u0 com.roboteam.teamy.usa}: Rect(960, 600 - 960, 600)
01-01 22:30:32.192   568   582 I WindowState: Sending new config to window Window{20aa6c9 u0 com.roboteam.teamy.usa}: 1.0x1.0 / config={1.0 ?mcc?mnc en_US ldltr sw800dp w1280dp h800dp 240dpi xlrg land finger -keyb/v/h -nav/h s.4} overrideConfig={1.0 ?mcc?mnc ?locale ?layoutDir ?swdp ?wdp ?hdp ?density ?lsize ?long ?orien ?uimode ?night ?touch ?keyb/?/? ?nav/?}
01-01 22:30:32.192   568   582 I WindowState: Resizing Window{20aa6c9 u0 com.roboteam.teamy.usa} WITH DRAW PENDING
01-01 22:30:32.195   894  1635 I mali_so : [File] : hardware/arm/maliT760/driver/product/base/src/mali_base_kbase.c; [Line] : 928; [Func] : base_context_deal_with_version_affairs_rk_ext;
01-01 22:30:32.195   894  1635 I mali_so : arm_release_ver of this mali_so is 'r12p0-04rel0', rk_so_ver is '12@0', built at '17:00:15', on 'Aug 16 2016'.
01-01 22:30:32.195   894  1635 I mali_so : [File] : hardware/arm/maliT760/driver/product/base/src/mali_base_kbase.c; [Line] : 955; [Func] : base_context_deal_with_version_affairs_rk_ext;
01-01 22:30:32.195   894  1635 I mali_so : mali_ver_property has been set to 'r12p0-04rel0-13-12@0', to return.
01-01 22:30:32.197  1225  1225 I DynamiteModule: Considering local module com.google.android.gms.googlecertificates:1 and remote module com.google.android.gms.googlecertificates:1
01-01 22:30:32.197  1225  1225 I DynamiteModule: Selected remote version of com.google.android.gms.googlecertificates, version >= 1
01-01 22:30:32.200   894  1635 I OpenGLRenderer: Initialized EGL, version 1.4
01-01 22:30:32.207   568   590 E WindowManager: Unknown window type: 2999
01-01 22:30:32.208   568   590 V WindowStateAnimator: Orientation continue waiting for draw in Window{792cfe8 u0 com.android.systemui.ImageWallpaper}
01-01 22:30:32.208   568   590 V WindowStateAnimator: Orientation change skips hidden Window{20aa6c9 u0 com.roboteam.teamy.usa}
01-01 22:30:32.208   894  1635 D Surface : Surface::final mReqUsage=a00
01-01 22:30:32.208   894  1635 D mali_winsys: EGLint new_window_surface(egl_winsys_display*, void*, EGLSurface, EGLConfig, egl_winsys_surface**, egl_color_buffer_format*, EGLBoolean) returns 0x3000
01-01 22:30:32.210   187   824 D gralloc : Isfb=0, [1,1,16,64], fmt=1, byte_stride=64
01-01 22:30:32.210   187   824 D gralloc : Isfb=0, [1,1,16,64], fmt=1, byte_stride=64
01-01 22:30:32.211   187   824 D gralloc : Isfb=0, [1,1,16,64], fmt=1, byte_stride=64
01-01 22:30:32.216   568   920 V WindowManager: Window{11b56e8 u0 KeyguardScrim} forcing orientation to 5
01-01 22:30:32.216   568   920 V WindowManager: Eval win Window{317f693 u0 com.roboteam.teamy.usa/com.roboteam.teamy.home.HomeActivity}: isDrawn=false, isAnimating=false
01-01 22:30:32.216   568   920 V WindowManager: Not displayed: s=null pv=false mDrawState=NO_SURFACE ah=false th=true a=false
01-01 22:30:32.223   568   580 V WindowManager: Window{11b56e8 u0 KeyguardScrim} forcing orientation to 5
01-01 22:30:32.223   568   580 V WindowManager: Eval win Window{317f693 u0 com.roboteam.teamy.usa/com.roboteam.teamy.home.HomeActivity}: isDrawn=false, isAnimating=false
01-01 22:30:32.223   568   580 V WindowManager: Not displayed: s=null pv=false mDrawState=NO_SURFACE ah=false th=true a=false
01-01 22:30:32.225   568   590 E WindowManager: Unknown window type: 2999
01-01 22:30:32.225   568   590 V WindowStateAnimator: Orientation continue waiting for draw in Window{792cfe8 u0 com.android.systemui.ImageWallpaper}
01-01 22:30:32.263   879   879 I mali_so : [File] : hardware/arm/maliT760/driver/product/base/src/mali_base_kbase.c; [Line] : 928; [Func] : base_context_deal_with_version_affairs_rk_ext;
01-01 22:30:32.263   879   879 I mali_so : arm_release_ver of this mali_so is 'r12p0-04rel0', rk_so_ver is '12@0', built at '17:00:15', on 'Aug 16 2016'.
01-01 22:30:32.263   879   879 I mali_so : [File] : hardware/arm/maliT760/driver/product/base/src/mali_base_kbase.c; [Line] : 955; [Func] : base_context_deal_with_version_affairs_rk_ext;
01-01 22:30:32.263   879   879 I mali_so : mali_ver_property has been set to 'r12p0-04rel0-13-12@0', to return.
01-01 22:30:32.272   879   879 D Surface : Surface::final mReqUsage=a00
01-01 22:30:32.272   879   879 D mali_winsys: EGLint new_window_surface(egl_winsys_display*, void*, EGLSurface, EGLConfig, egl_winsys_surface**, egl_color_buffer_format*, EGLBoolean) returns 0x3000
01-01 22:30:32.434   894  1663 W ExifInterface: Stop reading file since a wrong offset may cause an infinite loop: 0
01-01 22:30:32.435   894  1663 W ExifInterface: Stop reading file since a wrong offset may cause an infinite loop: 0
01-01 22:30:32.439   894  1664 W ExifInterface: Stop reading file since a wrong offset may cause an infinite loop: 0
01-01 22:30:32.439   894  1664 W ExifInterface: Stop reading file since a wrong offset may cause an infinite loop: 0
01-01 22:30:32.466   568   590 V WindowManager: Eval win Window{317f693 u0 com.roboteam.teamy.usa/com.roboteam.teamy.home.HomeActivity}: isDrawn=false, isAnimating=false
01-01 22:30:32.466   568   590 V WindowManager: Not displayed: s=null pv=false mDrawState=NO_SURFACE ah=false th=true a=false
01-01 22:30:32.488   187   201 D gralloc : Isfb=0, [2684,3213,2688,10752], fmt=2, byte_stride=10752
01-01 22:30:32.544   568   590 V WindowManager: Window{11b56e8 u0 KeyguardScrim} forcing orientation to 5
01-01 22:30:32.544   568   590 V WindowManager: Eval win Window{317f693 u0 com.roboteam.teamy.usa/com.roboteam.teamy.home.HomeActivity}: isDrawn=false, isAnimating=false
01-01 22:30:32.544   568   590 V WindowManager: Not displayed: s=null pv=false mDrawState=NO_SURFACE ah=false th=true a=false
01-01 22:30:32.545   568   892 V WindowStateAnimator: finishDrawingLocked: mDrawState=COMMIT_DRAW_PENDING WindowStateAnimator{a4b6601 com.android.systemui.ImageWallpaper} in Surface(name=com.android.systemui.ImageWallpaper_Force_To_Dual)
01-01 22:30:32.545   568   590 V WindowManager: Eval win Window{317f693 u0 com.roboteam.teamy.usa/com.roboteam.teamy.home.HomeActivity}: isDrawn=false, isAnimating=false
01-01 22:30:32.545   568   590 V WindowManager: Not displayed: s=null pv=false mDrawState=NO_SURFACE ah=false th=true a=false
01-01 22:30:32.545   568   590 I WindowManager:   SURFACE SHOW (performShowLocked): Window{792cfe8 u0 com.android.systemui.ImageWallpaper}
01-01 22:30:32.545   568   590 V WindowManager: Orientation not waiting for draw in Window{792cfe8 u0 com.android.systemui.ImageWallpaper}, surface Surface(name=com.android.systemui.ImageWallpaper_Force_To_Dual)
01-01 22:30:32.549  1225  1225 W System  : ClassLoader referenced unknown path: /data/user/0/com.google.android.gms/app_chimera/m/00000000/n/armeabi
01-01 22:30:32.561   568   590 E WindowManager: Unknown window type: 2999
01-01 22:30:32.562   568   590 V WindowManager: Eval win Window{317f693 u0 com.roboteam.teamy.usa/com.roboteam.teamy.home.HomeActivity}: isDrawn=false, isAnimating=false
01-01 22:30:32.562   568   590 V WindowManager: Not displayed: s=null pv=false mDrawState=NO_SURFACE ah=false th=true a=false
01-01 22:30:32.579   568   590 E WindowManager: Unknown window type: 2999
01-01 22:30:32.613   894  1665 W ExifInterface: Stop reading file since a wrong offset may cause an infinite loop: 0
01-01 22:30:32.613   894  1665 W ExifInterface: Stop reading file since a wrong offset may cause an infinite loop: 0
01-01 22:30:32.616   879   879 I Choreographer: Skipped 165 frames!  The application may be doing too much work on its main thread.
01-01 22:30:32.622   879   879 D ViewRootImpl: changeCanvasOpacity: opaque=true
01-01 22:30:32.786  1225  1225 D ChimeraFileApk: Primary ABI of requesting process is armeabi-v7a
01-01 22:30:32.802  1225  1225 D ChimeraFileApk: Classloading successful. Optimized code found.
01-01 22:30:32.929   568   921 I WindowStateAnimator: createSurface WindowStateAnimator{2727edb StatusBar}: mDrawState=DRAW_PENDING
01-01 22:30:32.929   568   921 V WindowManager: Changing surface while display frozen: Window{93a081f u0 StatusBar}
01-01 22:30:32.929   568   921 D WindowStateAnimator: rk_debug2 StatusBar_Force_To_Dual
01-01 22:30:32.931   568   921 V WindowManager: Window{11b56e8 u0 KeyguardScrim} forcing orientation to 5
01-01 22:30:32.931   568   921 V WindowManager: Eval win Window{317f693 u0 com.roboteam.teamy.usa/com.roboteam.teamy.home.HomeActivity}: isDrawn=false, isAnimating=false
01-01 22:30:32.931   568   921 V WindowManager: Not displayed: s=null pv=false mDrawState=NO_SURFACE ah=false th=true a=false
01-01 22:30:32.933   568   590 E WindowManager: Unknown window type: 2999
01-01 22:30:32.933   879  1621 I OpenGLRenderer: Initialized EGL, version 1.4
01-01 22:30:32.933   568   590 V WindowStateAnimator: Orientation continue waiting for draw in Window{93a081f u0 StatusBar}
01-01 22:30:32.936   879  1621 D Surface : Surface::final mReqUsage=a00
01-01 22:30:32.936   879  1621 D mali_winsys: EGLint new_window_surface(egl_winsys_display*, void*, EGLSurface, EGLConfig, egl_winsys_surface**, egl_color_buffer_format*, EGLBoolean) returns 0x3000
01-01 22:30:32.937   187   823 D gralloc : Isfb=0, [1920,1,1920,7680], fmt=1, byte_stride=7680
01-01 22:30:32.937   187   823 D gralloc : Isfb=0, [1920,1,1920,7680], fmt=1, byte_stride=7680
01-01 22:30:32.937   187   823 D gralloc : Isfb=0, [1920,1,1920,7680], fmt=1, byte_stride=7680
01-01 22:30:32.940  1225  1225 D GoogleCertificates: com.google.android.gms.googlecertificates module is loaded
01-01 22:30:32.941   568   810 D WifiService: New client listening to asynchronous messages
01-01 22:30:32.966  1636  1636 W Finsky  : [1] com.google.android.finsky.FinskyApp.i(1465): No account configured on this device.
01-01 22:30:32.969   568   587 D Tethering: interfaceLinkStateChanged wlan0, true
01-01 22:30:32.969   568   587 D Tethering: interfaceStatusChanged wlan0, true
01-01 22:30:32.974  1636  1636 W Finsky  : [1] com.google.android.finsky.FinskyApp.i(1465): No account configured on this device.
01-01 22:30:32.976   568   809 D WIFI    : Registering NetworkFactory
01-01 22:30:32.976   568   809 D WIFI_UT : Registering NetworkFactory
01-01 22:30:32.976   568   811 D ConnectivityService: Got NetworkFactory Messenger for WIFI
01-01 22:30:32.976   568   811 D ConnectivityService: Got NetworkFactory Messenger for WIFI_UT
01-01 22:30:32.978  1636  1636 W Finsky  : [1] com.google.android.finsky.FinskyApp.i(1465): No account configured on this device.
01-01 22:30:33.024  1225  1235 W art     : Suspending all threads took: 46.289ms
01-01 22:30:33.080  1636  1636 W Finsky  : [1] com.google.android.finsky.FinskyApp.i(1465): No account configured on this device.
01-01 22:30:33.140  1636  1636 I Finsky  : [1] com.google.android.finsky.FinskyApp.onCreate(428): Initializing network with DFE https://android.clients.google.com/fdfe/
01-01 22:30:33.142  1636  1636 W Finsky  : [1] com.google.android.finsky.FinskyApp.i(1465): No account configured on this device.
01-01 22:30:33.162  1225  1225 D GoogleCertificatesImpl: Fetched 300 Google certificates
01-01 22:30:33.234   568   809 D WIFI    : got request NetworkRequest [ id=1, legacyType=-1, [ Capabilities: INTERNET&NOT_RESTRICTED&TRUSTED&NOT_VPN] ] with score 0
01-01 22:30:33.234   568   809 D WIFI_UT : got request NetworkRequest [ id=1, legacyType=-1, [ Capabilities: INTERNET&NOT_RESTRICTED&TRUSTED&NOT_VPN] ] with score 0
01-01 22:30:33.280   568   579 V WindowManager: Window{11b56e8 u0 KeyguardScrim} forcing orientation to 5
01-01 22:30:33.280   568   579 V WindowManager: Eval win Window{317f693 u0 com.roboteam.teamy.usa/com.roboteam.teamy.home.HomeActivity}: isDrawn=false, isAnimating=false
01-01 22:30:33.280   568   579 V WindowManager: Not displayed: s=null pv=false mDrawState=NO_SURFACE ah=false th=true a=false
01-01 22:30:33.283   568   921 V WindowManager: Window{11b56e8 u0 KeyguardScrim} forcing orientation to 5
01-01 22:30:33.283   568   921 V WindowManager: Eval win Window{317f693 u0 com.roboteam.teamy.usa/com.roboteam.teamy.home.HomeActivity}: isDrawn=false, isAnimating=false
01-01 22:30:33.283   568   921 V WindowManager: Not displayed: s=null pv=false mDrawState=NO_SURFACE ah=false th=true a=false
01-01 22:30:33.286   879   879 I Choreographer: Skipped 37 frames!  The application may be doing too much work on its main thread.
01-01 22:30:33.286   568   590 E WindowManager: Unknown window type: 2999
01-01 22:30:33.287   568   590 V WindowStateAnimator: Orientation continue waiting for draw in Window{93a081f u0 StatusBar}
01-01 22:30:33.295  1225  1225 W linker  : /system/priv-app/GMSCore/GMSCore.apk: unused DT entry: type 0x7ffffffd arg 0xc2e
01-01 22:30:33.303   568   920 V WindowStateAnimator: finishDrawingLocked: mDrawState=COMMIT_DRAW_PENDING WindowStateAnimator{2727edb StatusBar} in Surface(name=StatusBar_Force_To_Dual)
01-01 22:30:33.304  1636  1636 W Finsky  : [1] com.google.android.finsky.FinskyApp.i(1465): No account configured on this device.
01-01 22:30:33.304   568   590 I WindowManager:   SURFACE SHOW (performShowLocked): Window{93a081f u0 StatusBar}
01-01 22:30:33.304   568   590 V WindowManager: Orientation not waiting for draw in Window{93a081f u0 StatusBar}, surface Surface(name=StatusBar_Force_To_Dual)
01-01 22:30:33.304   568   590 V WindowManager: Eval win Window{317f693 u0 com.roboteam.teamy.usa/com.roboteam.teamy.home.HomeActivity}: isDrawn=false, isAnimating=false
01-01 22:30:33.304   568   590 V WindowManager: Not displayed: s=null pv=false mDrawState=NO_SURFACE ah=false th=true a=false
01-01 22:30:33.306  1636  1636 W Finsky  : [1] com.google.android.finsky.FinskyApp.i(1465): No account configured on this device.
01-01 22:30:33.322   568   590 E WindowManager: Unknown window type: 2999
01-01 22:30:33.322   568   590 V WindowManager: Eval win Window{317f693 u0 com.roboteam.teamy.usa/com.roboteam.teamy.home.HomeActivity}: isDrawn=false, isAnimating=false
01-01 22:30:33.322   568   590 V WindowManager: Not displayed: s=null pv=false mDrawState=NO_SURFACE ah=false th=true a=false
01-01 22:30:33.325  1636  1636 W Finsky  : [1] com.google.android.finsky.FinskyApp.i(1465): No account configured on this device.
01-01 22:30:33.326  1636  1636 W Finsky  : [1] com.google.android.finsky.FinskyApp.i(1465): No account configured on this device.
01-01 22:30:33.334  1636  1636 W Finsky  : [1] com.google.android.finsky.FinskyApp.i(1465): No account configured on this device.
01-01 22:30:33.335  1636  1636 W Finsky  : [1] com.google.android.finsky.FinskyApp.i(1465): No account configured on this device.
01-01 22:30:33.340   568   590 E WindowManager: Unknown window type: 2999
01-01 22:30:33.363   894   894 D Error   : ERR: exClass=android.os.StrictMode$StrictModeDiskWriteViolation
01-01 22:30:33.363   894   894 D Error   : ERR: exMsg=policy=2621447 violation=1
01-01 22:30:33.363   894   894 D Error   : ERR: file=StrictMode.java
01-01 22:30:33.363  1636  1636 W Finsky  : [1] com.google.android.finsky.FinskyApp.i(1465): No account configured on this device.
01-01 22:30:33.363   894   894 D Error   : ERR: class=android.os.StrictMode$AndroidBlockGuardPolicy
01-01 22:30:33.363   894   894 D Error   : ERR: method=onWriteToDisk line=1223
01-01 22:30:33.364   894   894 D Error   : ERR: stack=android.os.StrictMode$StrictModeDiskWriteViolation: policy=2621447 violation=1
01-01 22:30:33.364   894   894 D Error   : 	at android.os.StrictMode$AndroidBlockGuardPolicy.onWriteToDisk(StrictMode.java:1223)
01-01 22:30:33.364   894   894 D Error   : 	at libcore.io.BlockGuardOs.write(BlockGuardOs.java:312)
01-01 22:30:33.364   894   894 D Error   : 	at java.nio.SelectorImpl.wakeup(SelectorImpl.java:324)
01-01 22:30:33.364   894   894 D Error   : 	at org.java_websocket.server.WebSocketServer.onWriteDemand(WebSocketServer.java:538)
01-01 22:30:33.364   894   894 D Error   : 	at org.java_websocket.WebSocketImpl.write(WebSocketImpl.java:635)
01-01 22:30:33.364   894   894 D Error   : 	at org.java_websocket.WebSocketImpl.sendFrame(WebSocketImpl.java:576)
01-01 22:30:33.364   894   894 D Error   : 	at org.java_websocket.WebSocketImpl.send(WebSocketImpl.java:568)
01-01 22:30:33.364   894   894 D Error   : 	at org.java_websocket.WebSocketImpl.send(WebSocketImpl.java:543)
01-01 22:30:33.364   894   894 D Error   : 	at com.roboteam.teamy.robox.WebSocketServer.send(WebSocketServer.java:141)
01-01 22:30:33.364   894   894 D Error   : 	at com.roboteam.teamy.robox.RoboxRequestSender$subscribe$5.accept(RoboxRequestSender.kt:46)
01-01 22:30:33.364   894   894 D Error   : 	at com.roboteam.teamy.robox.RoboxRequestSender$subscribe$5.accept(RoboxRequestSender.kt:17)
01-01 22:30:33.364   894   894 D Error   : 	at io.reactivex.internal.subscribers.LambdaSubscriber.onNext(LambdaSubscriber.java:65)
01-01 22:30:33.364   894   894 D Error   : 	at com.uber.rxdogtag.DogTagSubscriber.lambda$onNext$3$DogTagSubscriber(DogTagSubscriber.java:68)
01-01 22:30:33.364   894   894 D Error   : 	at com.uber.rxdogtag.-$$Lambda$DogTagSubscriber$efx2I-a5qPD2O4c9MrkN8T_9h9s.run(lambda)
01-01 22:30:33.364   894   894 D Error   : 	at com.uber.rxdogtag.RxDogTag.guardedDelegateCall(RxDogTag.java:220)
01-01 22:30:33.364   894   894 D Error   : 	at com.uber.rxdogtag.DogTagSubscriber.onNext(DogTagSubscriber.java:68)
01-01 22:30:33.364   894   894 D Error   : 	at io.reactivex.internal.operators.flowable.FlowableDoOnEach$DoOnEachSubscriber.onNext(FlowableDoOnEach.java:92)
01-01 22:30:33.364   894   894 D Error   : 	at io.reactivex.internal.operators.flowable.FlowableMap$MapSubscriber.onNext(FlowableMap.java:68)
01-01 22:30:33.364   894   894 D Error   : 	at io.reactivex.internal.operators.flowable.FlowableFlatMap$MergeSubscriber.tryEmit(FlowableFlatMap.java:282)
01-01 22:30:33.364   894   894 D Error   : 	at io.reactivex.internal.operators.flowable.FlowableFlatMap$InnerSubscriber.onNext(FlowableFlatMap.java:668)
01-01 22:30:33.364   894   894 D Error   : 	at io.reactivex.internal.operators.flowable.FlowableFlatMap$MergeSubscriber.drainLoop(FlowableFlatMap.java:506)
01-01 22:30:33.364   894   894 D Error   : 	at io.reactivex.internal.operators.flowable.FlowableFlatMap$MergeSubscriber.drain(FlowableFlatMap.java:371)
01-01 22:30:33.364   894   894 D Error   : 	at io.reactivex.internal.operators.flowable.FlowableFlatMap$InnerSubscriber.onSubscribe(FlowableFlatMap.java:651)
01-01 22:30:33.364   894   894 D Error   : 	at io.reactivex.internal.operators.flowable.FlowableScalarXMap$ScalarXMapFlowable.subscribeActual(FlowableScalarXMap.java:158)
01-01 22:30:33.364   894   894 D Error   : 	at io.reactivex.Flowable.subscribe(Flowable.java:14935)
01-01 22:30:33.364   894   894 D Error   : 	at io.reactivex.Flowable.subscribe(Flowable.java:14882)
01-01 22:30:33.364   894   894 D Error   : 	at io.reactivex.internal.operators.flowable.FlowableFlatMap$MergeSubscriber.onNext(FlowableFlatMap.java:163)
01-01 22:30:33.364   894   894 D Error   : 	at io.reactivex.internal.subscriptions.ScalarSubscription.request(ScalarSubscription.java:55)
01-01 22:30:33.364   894   894 D Error   : 	at io.reactivex.internal.operators.flowable.FlowableFlatMap$MergeSubscriber.onSubscribe(FlowableFlatMap.java:117)
01-01 22:30:33.364   894   894 D Error   : 	at io.reactivex.internal.operators.flowable.FlowableScalarXMap$ScalarXMapFlowable.subscribeActual(FlowableScalarXMap.java:158)
01-01 22:30:33.364   894   894 D Error   : 	at io.reactivex.Flowable.subscribe(Flowable.java:14935)
01-01 22:30:33.364   894   894 D Error   : 	at io.reactivex.Flowable.subscribe(Flowable.java:14882)
01-01 22:30:33.364   894   894 D Error   : 	at io.reactivex.internal.operators.flowable.FlowableScalarXMap$ScalarXMapFlowable.subscribeActual(FlowableScalarXMap.java:160)
01-01 22:30:33.364   894   894 D Error   : 	at io.reactivex.Flowable.subscribe(Flowable.java:14935)
01-01 22:30:33.364   894   894 D Error   : 	at io.reactivex.internal.operators.flowable.FlowableFlatMap.subscribeActual(FlowableFlatMap.java:53)
01-01 22:30:33.364   894   894 D Error   : 	at io.reactivex.Flowable.subscribe(Flowable.java:14935)
01-01 22:30:33.364   894   894 D Error   : 	at io.reactivex.Flowable.subscribe(Flowable.java:14882)
01-01 22:30:33.364   894   894 D Error   : 	at io.reactivex.internal.operators.flowable.FlowableFlatMap$MergeSubscriber.onNext(FlowableFlatMap.java:163)
01-01 22:30:33.364   894   894 D Error   : 	at io.reactivex.internal.operators.flowable.FlowableFilter$FilterSubscriber.tryOnNext(FlowableFilter.java:74)
01-01 22:30:33.364   894   894 D Error   : 	at io.reactivex.internal.operators.flowable.FlowableFilter$FilterSubscriber.onNext(FlowableFilter.java:52)
01-01 22:30:33.364   894   894 D Error   : 	at io.reactivex.internal.operators.flowable.FlowableOnBackpressureLatest$BackpressureLatestSubscriber.drain(FlowableOnBackpressureLatest.java:129)
01-01 22:30:33.364   894   894 D Error   : 	at io.reactivex.internal.operators.flowable.FlowableOnBackpressureLatest$BackpressureLatestSubscriber.onNext(FlowableOnBackpressureLatest.java:68)
01-01 22:30:33.364   894   894 D Error   : 	at io.reactivex.internal.operators.flowable.FlowableFromObservable$SubscriberObserver.onNext(FlowableFromObservable.java:54)
01-01 22:30:33.364   894   894 D Error   : 	at com.jakewhart
01-01 22:30:33.364   894   894 D Error   : ERR: TOTAL BYTES WRITTEN: 23924
01-01 22:30:33.364  1636  1636 W Finsky  : [1] com.google.android.finsky.FinskyApp.i(1465): No account configured on this device.
01-01 22:30:33.365  1636  1636 I Finsky  : [1] com.google.android.finsky.services.DailyHygiene.a(171): No need to run daily hygiene.
01-01 22:30:33.366  1636  1636 W Finsky  : [1] com.google.android.finsky.FinskyApp.i(1465): No account configured on this device.
01-01 22:30:33.372   894  1665 W art     : Long monitor contention event with owner method=void android.graphics.Bitmap.nativeErase(long, int) from Bitmap.java:4294967294 waiters=1 for 190ms
01-01 22:30:33.378  1636  1636 W Settings: Setting download_manager_max_bytes_over_mobile has moved from android.provider.Settings.Secure to android.provider.Settings.Global.
01-01 22:30:33.379  1636  1636 W Settings: Setting download_manager_recommended_max_bytes_over_mobile has moved from android.provider.Settings.Secure to android.provider.Settings.Global.
01-01 22:30:33.421  1636  1636 W Finsky  : [1] com.google.android.finsky.FinskyApp.i(1465): No account configured on this device.
01-01 22:30:33.423  1636  1636 W Finsky  : [1] com.google.android.finsky.FinskyApp.i(1465): No account configured on this device.
01-01 22:30:33.426  1636  1636 W Finsky  : [1] com.google.android.finsky.FinskyApp.i(1465): No account configured on this device.
01-01 22:30:33.429  1636  1636 W Finsky  : [1] com.google.android.finsky.FinskyApp.i(1465): No account configured on this device.
01-01 22:30:33.430  1636  1636 W Finsky  : [1] com.google.android.finsky.FinskyApp.i(1465): No account configured on this device.
01-01 22:30:33.431  1636  1636 W Finsky  : [1] com.google.android.finsky.FinskyApp.b(1147): No account configured on this device.
01-01 22:30:33.441  1636  1636 W Finsky  : [1] com.google.android.finsky.FinskyApp.i(1465): No account configured on this device.
01-01 22:30:33.443  1636  1636 W Finsky  : [1] com.google.android.finsky.FinskyApp.i(1465): No account configured on this device.
01-01 22:30:33.450  1636  1636 W Finsky  : [1] com.google.android.finsky.FinskyApp.i(1465): No account configured on this device.
01-01 22:30:33.457  1636  1744 W Finsky  : [112] com.google.android.finsky.FinskyApp.i(1465): No account configured on this device.
01-01 22:30:33.463  1636  1636 W Finsky  : [1] com.google.android.finsky.FinskyApp.i(1465): No account configured on this device.
01-01 22:30:33.472  1636  1636 E Finsky  : [1] com.google.android.finsky.utils.aa.a(57): No permission to get location. java.lang.SecurityException: "gps" location provider requires ACCESS_FINE_LOCATION permission.
01-01 22:30:33.475  1636  1636 E Finsky  : [1] com.google.android.finsky.utils.aa.a(106): No permission to get location. java.lang.SecurityException: "fused" location provider requires ACCESS_COARSE_LOCATION or ACCESS_FINE_LOCATION permission.
01-01 22:30:33.482  1225  1727 I GCoreUlr: WorldUpdater received intent Intent { act=com.google.android.location.reporting.ACTION_UPDATE_WORLD cmp=com.google.android.gms/com.google.android.location.reporting.service.DispatchingService (has extras) } with receiverAction android.location.PROVIDERS_CHANGED
01-01 22:30:33.495   568   921 I ActivityManager: Start proc 1746:com.google.android.gms/u0a6 for service com.google.android.gms/.ads.identifier.service.AdvertisingIdService
01-01 22:30:33.503  1636  1636 I Finsky  : [1] com.google.android.finsky.c.l.a(270): result=false type=4
01-01 22:30:33.610  1636  1636 I Finsky  : [1] com.google.android.finsky.services.bc.a(1050): Restore complete with 0 success and 0 failed.
01-01 22:30:33.619  1225  1727 I GCoreUlr: WorldUpdater:android.location.PROVIDERS_CHANGED: Ensuring that reporting is stopped because of reasons: (no Google accounts)
01-01 22:30:33.622  1225  1727 I GCoreUlr: Unbound from all location providers
01-01 22:30:33.654  1746  1746 W System  : ClassLoader referenced unknown path: /system/priv-app/GMSCore/lib/arm
01-01 22:30:33.674  1746  1746 I MultiDex: VM with version 2.1.0 has multidex support
01-01 22:30:33.674  1746  1746 I MultiDex: install
01-01 22:30:33.674  1746  1746 I MultiDex: VM has multidex support, MultiDex support library is disabled.
01-01 22:30:33.686   568   809 E wifi    : wifi_get_supported_feature_set returned error = 0xffffffa1
01-01 22:30:33.739  1746  1746 W linker  : /system/priv-app/GMSCore/GMSCore.apk: unused DT entry: type 0x7ffffffd arg 0x4ed
01-01 22:30:33.752  1746  1746 W linker  : /system/priv-app/GMSCore/GMSCore.apk: unused DT entry: type 0x1d arg 0xef
01-01 22:30:33.752  1746  1746 W linker  : /system/priv-app/GMSCore/GMSCore.apk: unused DT entry: type 0x7ffffffd arg 0x1d8
01-01 22:30:33.762  1746  1746 V JNIHelp : Registering com/google/android/gms/org/conscrypt/NativeCrypto's 254 native methods...
01-01 22:30:33.791  1746  1746 I ProviderInstaller: Installed default security provider GmsCore_OpenSSL
01-01 22:30:33.840  1746  1746 D ChimeraCfgMgr: Reading stored module config
01-01 22:30:33.876  1746  1770 D NativeLibraryUtils: Install completed successfully. count=12 extracted=0
01-01 22:30:33.896  1225  1225 W InstanceID/Rpc: Found 10006
01-01 22:30:33.906  1636  1744 W Finsky  : [112] com.google.android.finsky.FinskyApp.i(1465): No account configured on this device.
01-01 22:30:33.911  1225  1225 I GCoreUlr: DispatchingService.onDestroy()
01-01 22:30:33.911  1225  1225 I GCoreUlr: Stopping handler for UlrDispSvcFast
01-01 22:30:33.913  1225  1225 I GCoreUlr: Unbound from all location providers
01-01 22:30:33.928  1225  1225 D GCM     : COMPAT: Multi user ser=0 current=0
01-01 22:30:33.968  1225  1619 W GeofencerStateMachine: Ignoring removeGeofence because network location is disabled.
01-01 22:30:33.970  1225  1619 W GeofencerStateMachine: Ignoring removeGeofence because network location is disabled.
01-01 22:30:34.738   894   894 E ActivityThread: Performing stop of activity that is not resumed: {com.roboteam.teamy.usa/com.roboteam.teamy.home.HomeActivity}
01-01 22:30:34.738   894   894 E ActivityThread: java.lang.RuntimeException: Performing stop of activity that is not resumed: {com.roboteam.teamy.usa/com.roboteam.teamy.home.HomeActivity}
01-01 22:30:34.738   894   894 E ActivityThread: 	at android.app.ActivityThread.performStopActivityInner(ActivityThread.java:3465)
01-01 22:30:34.738   894   894 E ActivityThread: 	at android.app.ActivityThread.handleStopActivity(ActivityThread.java:3550)
01-01 22:30:34.738   894   894 E ActivityThread: 	at android.app.ActivityThread.-wrap20(ActivityThread.java)
01-01 22:30:34.738   894   894 E ActivityThread: 	at android.app.ActivityThread$H.handleMessage(ActivityThread.java:1373)
01-01 22:30:34.738   894   894 E ActivityThread: 	at android.os.Handler.dispatchMessage(Handler.java:102)
01-01 22:30:34.738   894   894 E ActivityThread: 	at android.os.Looper.loop(Looper.java:148)
01-01 22:30:34.738   894   894 E ActivityThread: 	at android.app.ActivityThread.main(ActivityThread.java:5417)
01-01 22:30:34.738   894   894 E ActivityThread: 	at java.lang.reflect.Method.invoke(Native Method)
01-01 22:30:34.738   894   894 E ActivityThread: 	at com.android.internal.os.ZygoteInit$MethodAndArgsCaller.run(ZygoteInit.java:772)
01-01 22:30:34.738   894   894 E ActivityThread: 	at com.android.internal.os.ZygoteInit.main(ZygoteInit.java:662)
01-01 22:30:34.738   894   894 I Choreographer: Skipped 149 frames!  The application may be doing too much work on its main thread.
