01-01 22:30:26.792   569   569 I SystemServer: DockObserver
01-01 22:30:26.792   569   569 I SystemServiceManager: Starting com.android.server.DockObserver
01-01 22:30:26.792   569   569 W DockObserver: This kernel does not have dock station support
01-01 22:30:26.793   569   569 I SystemServer: Wired Accessory Manager
01-01 22:30:26.795   569   569 W WiredAccessoryManager: This kernel does not have wired headset support
01-01 22:30:26.795   569   569 I SystemServiceManager: Starting com.android.server.usb.UsbService$Lifecycle
01-01 22:30:26.802   569   569 I SystemServer: Serial Service
01-01 22:30:26.803   569   569 I SystemServiceManager: Starting com.android.server.twilight.TwilightService
01-01 22:30:26.806   569   569 I SystemServiceManager: Starting com.android.server.job.JobSchedulerService
01-01 22:30:26.811   569   569 D JobStore: job-info
01-01 22:30:26.812   569   569 W JobStore: Periodic job for uid='10004' persisted run-time is too big [87324:13:23, 87348:13:23]. Clamping to [24:00:28,48:00:28]
01-01 22:30:26.813   569   569 I SystemServiceManager: Starting com.android.server.backup.BackupManagerService$Lifecycle
01-01 22:30:26.814   569   569 I SystemServiceManager: Starting com.android.server.appwidget.AppWidgetService
01-01 22:30:26.816   569   569 I SystemServiceManager: Starting com.android.server.voiceinteraction.VoiceInteractionManagerService
01-01 22:30:26.817   569   569 W SoundTriggerHelper: listModules status=0, # of modules=0
01-01 22:30:26.819   569   569 I SystemServer: Gesture Launcher Service
01-01 22:30:26.819   569   569 I SystemServiceManager: Starting com.android.server.GestureLauncherService
01-01 22:30:26.819   569   569 I SystemServer: DiskStats Service
01-01 22:30:26.819   569   569 I SystemServer: SamplingProfiler Service
01-01 22:30:26.828   569   569 I SystemServer: NetworkTimeUpdateService
01-01 22:30:26.829   569   569 I SystemServer: CommonTimeManagementService
01-01 22:30:26.830   569   569 I SystemServer: CertBlacklister
01-01 22:30:26.830   569   569 I SystemServiceManager: Starting com.android.server.dreams.DreamManagerService
01-01 22:30:26.832   569   569 I SystemServer: Assets Atlas Service
01-01 22:30:26.836   569   569 I SystemServiceManager: Starting com.android.server.print.PrintManagerService
01-01 22:30:26.839   569   569 I SystemServiceManager: Starting com.android.server.restrictions.RestrictionsManagerService
01-01 22:30:26.841   569   569 I SystemServiceManager: Starting com.android.server.media.MediaSessionService
01-01 22:30:26.846   569   569 I SystemServer: Media Router Service
01-01 22:30:26.850   569   569 I SystemServer: DisplayDeviceManagementService Service
01-01 22:30:26.851   569   569 D DisplayDeviceManagementService: DisplayDeviceManagementService start
01-01 22:30:26.852   569   569 I SystemServiceManager: Starting com.android.server.trust.TrustManagerService
01-01 22:30:26.854   569   569 I SystemServiceManager: Starting com.android.server.fingerprint.FingerprintService
01-01 22:30:26.859   569   569 W FingerprintService: fingerprint service not available
01-01 22:30:26.859   569   569 V FingerprintService: Fingerprint HAL id: 0
01-01 22:30:26.859   569   569 I SystemServer: BackgroundDexOptService
01-01 22:30:26.861   569   569 I SystemServiceManager: Starting com.android.server.pm.LauncherAppsService
01-01 22:30:26.863   569   569 I SystemServiceManager: Starting com.android.server.media.projection.MediaProjectionManagerService
01-01 22:30:26.870   569   569 I SystemServer: begin detectSafeMode
01-01 22:30:26.870   569   569 W WindowManager: safemode detected disabled by config
01-01 22:30:26.870   569   569 I SystemServer: end detectSafeMode
01-01 22:30:26.870   569   569 I SystemServiceManager: Starting com.android.server.MmsServiceBroker
01-01 22:30:26.873   569   569 I SystemServer: vibrator.systemReady
01-01 22:30:26.875   569   569 I SystemServer: lockSettings.systemReady
01-01 22:30:26.894   569   569 E LockSettingsStorage: Cannot read file java.io.FileNotFoundException: /data/system/gatekeeper.password.key: open failed: ENOENT (No such file or directory)
01-01 22:30:26.894   569   569 E LockSettingsStorage: Cannot read file java.io.FileNotFoundException: /data/system/password.key: open failed: ENOENT (No such file or directory)
01-01 22:30:26.894   569   569 E LockSettingsStorage: Cannot read file java.io.FileNotFoundException: /data/system/gatekeeper.pattern.key: open failed: ENOENT (No such file or directory)
01-01 22:30:26.894   569   569 E LockSettingsStorage: Cannot read file java.io.FileNotFoundException: /data/system/gatekeeper.gesture.key: open failed: ENOENT (No such file or directory)
01-01 22:30:26.895   569   569 E LockSettingsStorage: Cannot read file java.io.FileNotFoundException: /data/system/gesture.key: open failed: ENOENT (No such file or directory)
01-01 22:30:26.895   569   569 I SystemServer: PHASE_LOCK_SETTINGS_READY
01-01 22:30:26.895   569   569 I SystemServiceManager: Starting phase 480
01-01 22:30:26.900   569   569 I SystemServer: PHASE_SYSTEM_SERVICES_READY
01-01 22:30:26.900   569   569 I SystemServiceManager: Starting phase 500
01-01 22:30:26.905   569   569 I WifiService: WifiService starting up with Wi-Fi enabled
01-01 22:30:26.906   569   569 D WifiService: setWifiEnabled: true pid=569, uid=1000
01-01 22:30:26.906   569   569 E WifiService: Invoking mWifiStateMachine.setWifiEnabled
01-01 22:30:26.911   569   816 D WifiService: New client listening to asynchronous messages
01-01 22:30:26.921   569   817 D ConnectivityService: Got NetworkFactory Messenger for Ethernet
01-01 22:30:26.926   569   569 V BackupManagerService: No ancestral data
01-01 22:30:26.961   569   569 V KeyValueBackupJob: Scheduling k/v pass in 240 minutes
01-01 22:30:26.985   569   569 V BackupManagerService: Starting with transport android/com.android.internal.backup.LocalTransport
01-01 22:30:26.985   569   569 V BackupManagerService: Found transports: 2
01-01 22:30:26.985   569   569 W BackupManagerService: Proposed transport ComponentInfo{android/com.android.internal.backup.LocalTransportService} not whitelisted; ignoring
01-01 22:30:26.986   569   569 W BackupManagerService: Proposed transport ComponentInfo{com.google.android.gms/com.google.android.gms.backup.BackupTransportService} not whitelisted; ignoring
01-01 22:30:26.986   569   569 I BackupManagerService: Found stale backup journal, scheduling
01-01 22:30:26.994   569   569 I SystemServer: wm.systemReady
01-01 22:30:26.999   569   569 V WindowManager: No app is requesting an orientation, return -1
01-01 22:30:27.008   569   569 I SystemServer: mPowerManagerService.systemReady
01-01 22:30:27.013   569   569 I SystemServer: mPackageManagerService.systemReady
01-01 22:30:27.013   569   569 I SystemServer: mDisplayManagerService.systemReady
01-01 22:30:27.018   569   593 W KeyguardServiceDelegate: onScreenTurningOn(): no keyguard service!
01-01 22:30:27.033   569   569 D ActivityManager: OK, system ready!
01-01 22:30:27.033   569   569 I ActivityManager: System now ready
01-01 22:30:27.035   569   586 I SystemServer: Making services ready
01-01 22:30:27.035   569   586 I SystemServiceManager: Starting phase 550
01-01 22:30:27.036   569   569 D MountService: onStartUser 0
01-01 22:30:27.036   569   569 D VoldConnector: SND -> {3 volume user_started 0}
01-01 22:30:27.036   569   807 D VoldConnector: RCV <- {200 3 Command succeeded}
01-01 22:30:27.037   569   806 D MountService: Thinking about reset, mSystemReady=true, mDaemonConnected=true
01-01 22:30:27.037   569   569 W VoiceInteractionManagerService: no available voice interaction services found for user 0
01-01 22:30:27.037   569   569 W VoiceInteractionManagerService: no available voice interaction services found for user 0
01-01 22:30:27.037   569   569 W VoiceInteractionManagerService: no available voice recognition services found for user 0
01-01 22:30:27.037   569   806 D VoldConnector: SND -> {4 volume reset}
01-01 22:30:27.037   569   586 D UsbAlsaManager: Adding ALSA device AlsaDevice: [card: 0, device: 0, type: 1]
01-01 22:30:27.037   569   807 D VoldConnector: RCV <- {651 emulated 7}
01-01 22:30:27.038   569   586 D UsbAlsaManager: Adding ALSA device AlsaDevice: [card: 0, device: 0, type: 2]
01-01 22:30:27.038   569   807 D VoldConnector: RCV <- {659 emulated}
01-01 22:30:27.038   569   807 D VoldConnector: RCV <- {650 emulated 2 "" ""}
01-01 22:30:27.038   569   807 D VoldConnector: RCV <- {651 emulated 0}
01-01 22:30:27.038   569   807 D VoldConnector: RCV <- {200 4 Command succeeded}
01-01 22:30:27.038   569   806 D VoldConnector: SND -> {5 volume user_added 0 0}
01-01 22:30:27.039   569   807 D VoldConnector: RCV <- {200 5 Command succeeded}
01-01 22:30:27.039   569   806 D VoldConnector: SND -> {6 volume user_started 0}
01-01 22:30:27.039   569   807 D VoldConnector: RCV <- {200 6 Command succeeded}
01-01 22:30:27.041   569   586 I SystemServer: WebViewFactory preparation
01-01 22:30:27.041   569   588 V MountService: Found primary storage at VolumeInfo{emulated}:
01-01 22:30:27.041   569   588 V MountService:     type=EMULATED diskId=null partGuid=null mountFlags=0 mountUserId=-1 
01-01 22:30:27.041   569   588 V MountService:     state=UNMOUNTED 
01-01 22:30:27.041   569   588 V MountService:     fsType=null fsUuid=null fsLabel=null 
01-01 22:30:27.041   569   588 V MountService:     path=null internalPath=null 
01-01 22:30:27.042   569   806 D VoldConnector: SND -> {7 volume mount emulated 3 -1}
01-01 22:30:27.043   186   202 V vold    : Waiting for FUSE to spin up...
01-01 22:30:27.046   569   807 D VoldConnector: RCV <- {651 emulated 1}
01-01 22:30:27.047   569   807 D VoldConnector: RCV <- {656 emulated /data/media}
01-01 22:30:27.047   569   807 D VoldConnector: RCV <- {655 emulated /storage/emulated}
01-01 22:30:27.049   569   569 I ActivityManager: Start proc 852:com.cghs.stresstest/1000 for added application com.cghs.stresstest
01-01 22:30:27.060   569   569 I ActivityManager: Start proc 864:com.android.phone/1001 for added application com.android.phone
01-01 22:30:27.071   569   569 I ActivityManager: Start proc 877:com.android.systemui/u0a14 for added application com.android.systemui
01-01 22:30:27.072   569   569 I ActivityManager: START u0 {act=android.intent.action.MAIN cat=[android.intent.category.HOME] flg=0x10000000 cmp=com.roboteam.teamy.usa/com.roboteam.teamy.home.HomeActivity} from uid 0 on display 0
01-01 22:30:27.093   569   807 D VoldConnector: RCV <- {651 emulated 2}
01-01 22:30:27.094   186   202 D vold    : Linking /storage/emulated/0 to /mnt/user/0/primary
01-01 22:30:27.094   569   807 D VoldConnector: RCV <- {200 7 Command succeeded}
01-01 22:30:27.094   569   569 I ActivityManager: Start proc 896:com.roboteam.teamy.usa/1000 for activity com.roboteam.teamy.usa/com.roboteam.teamy.home.HomeActivity
01-01 22:30:27.097   569   569 I SystemServer: Enabled StrictMode for system server main thread.
01-01 22:30:27.146   569   585 I ActivityManager: Start proc 909:com.android.printspooler/u0a37 for service com.android.printspooler/.model.PrintSpoolerService
01-01 22:30:27.157   569   586 I ActivityManager: Start proc 924:WebViewLoader-armeabi-v7a/1037 [android.webkit.WebViewFactory$RelroFileCreator] for 
01-01 22:30:27.164   569   894 I WindowManager: Set freezing of Token{dd9acc4 ActivityRecord{694bbd7 u0 com.roboteam.teamy.usa/com.roboteam.teamy.home.HomeActivity t1756}}: hidden=true freezing=false
01-01 22:30:27.165   569   894 V WindowManager: setAppVisibility(Token{dd9acc4 ActivityRecord{694bbd7 u0 com.roboteam.teamy.usa/com.roboteam.teamy.home.HomeActivity t1756}}, visible=true): mNextAppTransition=TRANSIT_TASK_OPEN hidden=true hiddenRequested=true Callers=com.android.server.am.ActivityStackSupervisor.realStartActivityLocked:1185 com.android.server.am.ActivityStackSupervisor.attachApplicationLocked:625 com.android.server.am.ActivityManagerService.attachApplicationLocked:6504 com.android.server.am.ActivityManagerService.attachApplication:6567 android.app.ActivityManagerNative.onTransact:507 com.android.server.am.ActivityManagerService.onTransact:2687 
01-01 22:30:27.165   569   894 V WindowManager: No one is requesting an orientation when the screen is locked
01-01 22:30:27.165   569   894 V WindowManager: Deferring rotation, display is not enabled.
01-01 22:30:27.167   569   894 V WindowManager: No one is requesting an orientation when the screen is locked
01-01 22:30:27.173   569   586 D NetworkManagement: enabling bandwidth control
01-01 22:30:27.175   569   806 D MountService: Volume emulated broadcasting checking to UserHandle{0}
01-01 22:30:27.178   569   806 D MountService: Volume emulated broadcasting mounted to UserHandle{0}
01-01 22:30:27.788   569   569 I WindowStateAnimator: createSurface WindowStateAnimator{42dfb31 KeyguardScrim}: mDrawState=DRAW_PENDING
01-01 22:30:27.788   569   569 V WindowManager: Changing surface while display frozen: Window{ca22a3 u0 KeyguardScrim}
01-01 22:30:27.788   569   569 D WindowStateAnimator: rk_debug2 KeyguardScrim_Force_To_Dual
01-01 22:30:27.789   569   569 V WindowManager: Window{ca22a3 u0 KeyguardScrim} forcing orientation to 5
01-01 22:30:27.790   569   569 V WindowManager: Resize reasons for w=Window{ca22a3 u0 KeyguardScrim}:  contentInsetsChanged=false [0,0][0,0] visibleInsetsChanged=false [0,0][0,0] stableInsetsChanged=false [0,0][0,0] outsetsChanged=false [0,0][0,0] surfaceResized=false configChanged=true
01-01 22:30:27.790   569   569 V WindowManager: Changing surface while display frozen: Window{ca22a3 u0 KeyguardScrim}
01-01 22:30:27.790   569   569 V WindowManager: Orientation start waiting for draw mDrawState=DRAW_PENDING in Window{ca22a3 u0 KeyguardScrim}, surface Surface(name=KeyguardScrim_Force_To_Dual)
01-01 22:30:27.790   569   569 V WindowManager: Resizing window Window{ca22a3 u0 KeyguardScrim} to 1920.0x1200.0
01-01 22:30:27.790   569   569 V WindowState: Reporting new frame to Window{ca22a3 u0 KeyguardScrim}: Rect(0, 0 - 1920, 1200)
01-01 22:30:27.790   569   569 I WindowState: Sending new config to window Window{ca22a3 u0 KeyguardScrim}: 1920.0x1200.0 / config={1.0 ?mcc?mnc en_US ldltr sw800dp w1280dp h800dp 240dpi xlrg land finger -keyb/v/h -nav/h s.4} overrideConfig={1.0 ?mcc?mnc ?locale ?layoutDir ?swdp ?wdp ?hdp ?density ?lsize ?long ?orien ?uimode ?night ?touch ?keyb/?/? ?nav/?}
01-01 22:30:27.790   569   569 I WindowState: Resizing Window{ca22a3 u0 KeyguardScrim} WITH DRAW PENDING
01-01 22:30:27.799   569   591 V WindowStateAnimator: Orientation continue waiting for draw in Window{ca22a3 u0 KeyguardScrim}
01-01 22:30:28.018   569   587 W WindowManager: Keyguard drawn timeout. Setting mKeyguardDrawComplete
01-01 22:30:28.019   569   591 V WindowManager: Resize reasons for w=Window{ca22a3 u0 KeyguardScrim}:  contentInsetsChanged=true [0,0][0,0] visibleInsetsChanged=false [0,0][0,0] stableInsetsChanged=false [0,0][0,0] outsetsChanged=false [0,0][0,0] surfaceResized=false configChanged=false
01-01 22:30:28.019   569   591 V WindowManager: Changing surface while display frozen: Window{ca22a3 u0 KeyguardScrim}
01-01 22:30:28.019   569   591 V WindowManager: Orientation start waiting for draw mDrawState=DRAW_PENDING in Window{ca22a3 u0 KeyguardScrim}, surface Surface(name=KeyguardScrim_Force_To_Dual)
01-01 22:30:28.019   569   591 V WindowManager: Resizing window Window{ca22a3 u0 KeyguardScrim} to 1920.0x1200.0
01-01 22:30:28.019   569   591 V WindowState: Reporting new frame to Window{ca22a3 u0 KeyguardScrim}: Rect(0, 0 - 1920, 1200)
01-01 22:30:28.019   569   591 I WindowState: Resizing Window{ca22a3 u0 KeyguardScrim} WITH DRAW PENDING
01-01 22:30:28.029   569   591 V WindowStateAnimator: Orientation continue waiting for draw in Window{ca22a3 u0 KeyguardScrim}
01-01 22:30:28.201   569  1114 I ActivityManager: Start proc 1117:android.process.acore/u0a2 for content provider com.android.providers.contacts/.CallLogProvider
01-01 22:30:28.206   569   569 I Telecom : Class: TelecomSystem.INSTANCE being set
01-01 22:30:28.207   569   569 W ContextImpl: Calling a method in the system process without a qualified user: android.app.ContextImpl.startService:1221 android.content.ContextWrapper.startService:581 com.android.server.telecom.components.TelecomService.initializeTelecomSystem:107 com.android.server.telecom.components.TelecomService.onBind:46 android.app.ActivityThread.handleBindService:2904 
01-01 22:30:28.212   569   569 D ZenLog  : intercepted: -1|android|17040348|null|1000,alarmsOnly
01-01 22:30:28.213   569   569 V NotificationService: pkg=android canInterrupt=false intercept=true
01-01 22:30:28.213   569   569 D ZenLog  : intercepted: -1|android|17040354|null|1000,alarmsOnly
01-01 22:30:28.214   569   569 V NotificationService: pkg=android canInterrupt=false intercept=true
01-01 22:30:28.269   569   569 V WindowStateAnimator: finishDrawingLocked: mDrawState=COMMIT_DRAW_PENDING WindowStateAnimator{42dfb31 KeyguardScrim} in Surface(name=KeyguardScrim_Force_To_Dual)
01-01 22:30:28.269   569   591 I WindowManager:   SURFACE SHOW (performShowLocked): Window{ca22a3 u0 KeyguardScrim}
01-01 22:30:28.270   569   591 V WindowManager: Orientation not waiting for draw in Window{ca22a3 u0 KeyguardScrim}, surface Surface(name=KeyguardScrim_Force_To_Dual)
01-01 22:30:28.726   569   586 I SystemServiceManager: Starting phase 600
01-01 22:30:28.767   569   569 I ActivityManager: Start proc 1159:com.android.providers.calendar/u0a1 for content provider com.android.providers.calendar/.CalendarProvider2
01-01 22:30:28.768   569   586 I BackupManagerService: Backup enabled => false
01-01 22:30:28.776   569   586 E InputMethodManagerService: Ignoring updateSystemUiLocked due to an invalid token. uid:1000 token:null
01-01 22:30:28.805   569   581 I ActivityManager: Start proc 1174:com.android.smspush/u0a40 for service com.android.smspush/.WapPushManager
01-01 22:30:28.833   569   817 E ConnectivityService: Failed to find Messenger in unregisterNetworkFactory
01-01 22:30:28.834   569   817 D ConnectivityService: Got NetworkFactory Messenger for Telephony
01-01 22:30:28.897   569   586 I ActivityManager: Start proc 1198:com.android.inputmethod.latin/u0a29 for service com.android.inputmethod.latin/.LatinIME
01-01 22:30:28.898   569   586 V InputMethodManagerService: Adding window token: android.os.Binder@6bbbede
01-01 22:30:28.986   569   586 I ActivityManager: Start proc 1218:com.google.android.gms.persistent/u0a6 for service com.google.android.gms/com.google.android.location.network.NetworkLocationService
01-01 22:30:28.995   569   586 E LocationManagerService: FLP HAL not supported
01-01 22:30:29.017   569   586 E LocationManagerService: Hardware Activity-Recognition not supported.
01-01 22:30:29.039   569   586 I MmsServiceBroker: Delay connecting to MmsService until an API is called
01-01 22:30:29.052   569   586 I ActivityManager: Force stopping com.android.providers.media appid=10004 user=-1: vold reset
01-01 22:30:29.067   569   586 I ActivityManager: Start proc 1247:android.rockchip.update.service/u0a39 for broadcast android.rockchip.update.service/.RKUpdateReceiver
01-01 22:30:30.166   569   569 V WiredAccessoryManager: init()
01-01 22:30:30.245   569   569 V WindowManager: updateRotationUnchecked(alwaysSendConfiguration=false)
01-01 22:30:30.245   569   569 V WindowManager: Deferring rotation, display is not enabled.
01-01 22:30:30.367   569   569 I ActivityManager: Start proc 1332:com.android.externalstorage/u0a5 for broadcast com.android.externalstorage/.MountReceiver
01-01 22:30:30.500   569  1322 W Telecom : : registerPhoneAccount not allowed on non-voice capable device.
01-01 22:30:30.511   569   582 W Telecom : : No account found for the calling user
01-01 22:30:30.520   569   581 D ConnectivityService: listenForNetwork for Listen from uid/pid:1000/896 for NetworkRequest [ id=3, legacyType=-1, [ Capabilities: INTERNET&NOT_RESTRICTED&TRUSTED&NOT_VPN] ]
01-01 22:30:30.843   569   894 I ActivityManager: Start proc 1359:com.google.process.gapps/u0a6 for content provider com.google.android.gsf/.gservices.GservicesProvider
01-01 22:30:31.081   569   812 E WifiP2pService: Unable to change interface settings: java.lang.IllegalStateException: command '22 interface setcfg p2p0 0.0.0.0 0 up' failed with '400 22 Failed to set address (No such device)'
01-01 22:30:31.182   569   581 I ActivityManager: Start proc 1410:com.android.exchange/u0a23 for content provider com.android.exchange/.provider.ExchangeDirectoryProvider
01-01 22:30:31.412  1410  1410 E ActivityThread: Failed to find provider info for com.android.email.provider
01-01 22:30:31.601   569   895 I StatusBarManagerService: registerStatusBar bar=com.android.internal.statusbar.IStatusBar$Stub$Proxy@8243692
01-01 22:30:31.737   569   842 V KeyValueBackupJob: Scheduling k/v pass in 242 minutes
01-01 22:30:31.806   569   816 D WifiService: New client listening to asynchronous messages
01-01 22:30:32.029   569  1322 I ActivityManager: Start proc 1461:android.process.media/u0a4 for broadcast com.android.providers.downloads/.DownloadReceiver
01-01 22:30:32.035   569   584 D ConnectivityService: listenForNetwork for Listen from uid/pid:10014/877 for NetworkRequest [ id=4, legacyType=-1, [] ]
01-01 22:30:32.139   896  1482 W ActivityThread: ClassLoader.getResources: The class loader returned by Thread.getContextClassLoader() may fail for processes that host multiple applications. You should explicitly specify a context class loader. For example: Thread.setContextClassLoader(getClass().getClassLoader());
01-01 22:30:32.390   569   810 I ActivityManager: Start proc 1522:com.android.settings/1000 for broadcast com.android.settings/.sim.SimSelectNotification
01-01 22:30:32.595   569   816 D WifiService: New client listening to asynchronous messages
--------- beginning of main
01-01 22:30:32.695   223   223 E CameraHal_Marvin: HAL-MOCKUP: PHY ADDR (0x112ca000),iommu addr (0x112ca000)
01-01 22:30:32.697   223   223 E CameraHal_Marvin: HAL-MOCKUP: PHY ADDR (0x12594000),iommu addr (0x12594000)
01-01 22:30:32.699   223   223 E CameraHal_Marvin: HAL-MOCKUP: PHY ADDR (0x1385e000),iommu addr (0x1385e000)
01-01 22:30:32.699   223   223 E CameraHal_Marvin: IMX214: Sensor_IsiGetAfpsInfoHelperIss: (-----------oyyf enter) pAfpsInfo->AecMaxIntTime(0.000000) pSensorCtx->AecMaxIntegrationTime(0.039981)
01-01 22:30:32.709   223   223 E CameraHal_Marvin: IMX214: Sensor_IsiGetAfpsInfoHelperIss: (-----------oyyf exit) pAfpsInfo->AecMaxIntTime(0.033303) pSensorCtx->AecMaxIntegrationTime(0.033303)
01-01 22:30:32.709   223   223 E CameraHal_Marvin: IMX214: Sensor_IsiGetAfpsInfoHelperIss: (-----------oyyf enter) pAfpsInfo->AecMaxIntTime(0.033303) pSensorCtx->AecMaxIntegrationTime(0.033303)
01-01 22:30:32.719   223   223 E CameraHal_Marvin: IMX214: Sensor_IsiGetAfpsInfoHelperIss: (-----------oyyf exit) pAfpsInfo->AecMaxIntTime(0.039981) pSensorCtx->AecMaxIntegrationTime(0.039981)
01-01 22:30:32.719   223   223 E CameraHal_Marvin: IMX214: Sensor_IsiGetAfpsInfoHelperIss: (-----------oyyf enter) pAfpsInfo->AecMaxIntTime(0.039981) pSensorCtx->AecMaxIntegrationTime(0.039981)
01-01 22:30:32.729   223   223 E CameraHal_Marvin: IMX214: Sensor_IsiGetAfpsInfoHelperIss: (-----------oyyf exit) pAfpsInfo->AecMaxIntTime(0.049997) pSensorCtx->AecMaxIntegrationTime(0.049997)
01-01 22:30:32.730   223   223 E CameraHal_Marvin: IMX214: Sensor_IsiGetAfpsInfoHelperIss: (-----------oyyf enter) pAfpsInfo->AecMaxIntTime(0.049997) pSensorCtx->AecMaxIntegrationTime(0.049997)
01-01 22:30:32.740   223   223 E CameraHal_Marvin: IMX214: Sensor_IsiGetAfpsInfoHelperIss: (-----------oyyf exit) pAfpsInfo->AecMaxIntTime(0.066690) pSensorCtx->AecMaxIntegrationTime(0.066690)
01-01 22:30:32.740   223   223 E CameraHal_Marvin: IMX214: Sensor_IsiGetAfpsInfoHelperIss: (-----------oyyf enter) pAfpsInfo->AecMaxIntTime(0.066690) pSensorCtx->AecMaxIntegrationTime(0.066690)
01-01 22:30:32.750   223   223 E CameraHal_Marvin: IMX214: Sensor_IsiGetAfpsInfoHelperIss: (-----------oyyf exit) pAfpsInfo->AecMaxIntTime(0.100077) pSensorCtx->AecMaxIntegrationTime(0.100077)
01-01 22:30:32.751   223   223 E CameraHal_Marvin: CAMERIC_ISP_FLT_DRV: CamerIcIspFltSetFilterParameterRegValue: 333 (exit) oyyf s=6 d=3 sh0=28 sh1=20 min=22
01-01 22:30:32.751   223   223 E CameraHal_Marvin: ADPF: AdpfApplyConfiguration:111 filterenable(1.000000) gain(1.000000) denoise 3, sharp 6 frame_cnt:0
01-01 22:30:32.752   223   223 E CameraHal_Marvin: IMX214: Sensor_IsiMdiFocusGet: dw9714 value = 0x00 0x00
01-01 22:30:32.752   223   223 E CameraHal_Marvin: CAMERIC_ISP_FLT_DRV: CamerIcIspFltSetFilterParameter: 444 (exit)
01-01 22:30:32.754   223   223 E CameraHal_Marvin: IMX214: Sensor_IsiCheckSensorConnectionIss RevId = 0x00000000, value = 0x00000000 
01-01 22:30:32.756   223   223 E CameraHal_Marvin: IMX214: Sensor_IsiMdiFocusGet: dw9714 value = 0x00 0x00
01-01 22:30:32.756   223   223 D CameraHal: initDefaultParameters(962): ------mHardInfo.mVcmInfo.mVcmDrvName is BuiltInSensor-----
01-01 22:30:32.756   223   223 D CameraHal: initDefaultParameters(1224): Support Preview format: yuv420sp,yuv420p    yuv420sp(default)
01-01 22:30:32.756   223   223 D CameraHal: initDefaultParameters(1226): Support Preview sizes: 176x144,320x240,352x288,640x480,720x480,800x600,1600x1200,2048x1536,4208x3120,1280x720,1920x1080,2104x1560,2064x1548    2104x1560(default)    0x0(force)
01-01 22:30:32.756   223   223 D CameraHal: initDefaultParameters(1227): Support Preview FPS range: (3000,30000),(30000,30000)
01-01 22:30:32.756   223   223 D CameraHal: initDefaultParameters(1228): Support Preview framerate: 10,15,30
01-01 22:30:32.756   223   223 D CameraHal: initDefaultParameters(1229): Support Picture sizes: 4208x3120,4128x3096,3264x2448,2592x1944,1600x1200,640x480,352x288,320x240,176x144    4208x3120(default)
01-01 22:30:32.756   223   223 D CameraHal: initDefaultParameters(1230): Support Focus: fixed,auto,continuous-video,continuous-picture  Focus zone: 1
01-01 22:30:32.756   223   223 D CameraHal: initDefaultParameters(1233): Support AWB: auto,incandescent,fluorescent,daylight 
01-01 22:30:32.756   223   223 D CameraHal: initDefaultParameters(1234): Support FOV test h(60.000000) v(60.000000)
01-01 22:30:32.762   223  1562 D CameraHal: commandThread(1011): commandThread(1011): receive CMD_PREVIEW_CAPTURE_CANCEL
01-01 22:30:32.763   223  1562 D CameraHal: commandThread(1019): commandThread(1019): CMD_PREVIEW_CAPTURE_CANCEL out
01-01 22:30:32.763   223   223 D CameraHal: cancelPicture(588): cancel picture OK.
01-01 22:30:32.763   223  1562 D CameraHal: commandThread(939): commandThread(939):receive CMD_PREVIEW_STOP
01-01 22:30:32.763   223  1562 D CameraHal: commandThread(960): commandThread(960): CMD_PREVIEW_STOP out
01-01 22:30:32.763   223   223 D CameraHal: stopPreview(389): stop preview OK.
01-01 22:30:32.763   223  1562 D CameraHal: commandThread(1011): commandThread(1011): receive CMD_PREVIEW_CAPTURE_CANCEL
01-01 22:30:32.763   223  1562 D CameraHal: commandThread(1019): commandThread(1019): CMD_PREVIEW_CAPTURE_CANCEL out
01-01 22:30:32.763   223   223 D CameraHal: cancelPicture(588): cancel picture OK.
01-01 22:30:32.763   223   223 I CameraFlashlight: Destroying camera 0
01-01 22:30:32.763   223   223 D CameraHal: camera_device_close(451): camera_device_close
01-01 22:30:32.764   223  1497 D CameraHal: displayThread(622): displayThread(622): receive CMD_DISPLAY_STOP
01-01 22:30:32.764   223  1497 D CameraHal: cameraDisplayBufferDestory(399): cameraDisplayBufferDestory(399): mANativeWindow is NULL, destory is ignore
01-01 22:30:32.764   896   896 D SensorManager: aidl getSensorManager:android.hardware.ISensorManager$Stub$Proxy@e966ece
01-01 22:30:32.764   223  1500 D CameraHal: encProcessThread(1658): encProcessThread(1658): receive CMD_ENCPROCESS_EXIT
01-01 22:30:32.765   223   223 I vpu_mem_pool: pid 223, close_vpu_memory_pool:501: vpu memory pool size (720000)
01-01 22:30:32.765   223   223 I vpu_mem_pool: pid 223, close_vpu_memory_pool:501: vpu memory pool size (640000)
01-01 22:30:32.765   223   223 I vpu_mem_pool: pid 223, close_vpu_memory_pool:501: vpu memory pool size (560000)
01-01 22:30:32.765   223   223 I vpu_mem_pool: pid 223, close_vpu_memory_pool:501: vpu memory pool size (480000)
01-01 22:30:32.765   223   223 I vpu_mem_pool: pid 223, close_vpu_memory_pool:501: vpu memory pool size (400000)
01-01 22:30:32.765   223   223 I vpu_mem_pool: pid 223, close_vpu_memory_pool:501: vpu memory pool size (320000)
01-01 22:30:32.765   223   223 I vpu_mem_pool: pid 223, close_vpu_memory_pool:501: vpu memory pool size (240000)
01-01 22:30:32.765   223   223 I vpu_mem_pool: pid 223, close_vpu_memory_pool:501: vpu memory pool size (160000)
01-01 22:30:32.765   223   223 I vpu_mem_pool: pid 223, close_vpu_memory_pool:501: vpu memory pool size (80000)
01-01 22:30:32.765   223   223 I vpu_mem_pool: pid 223, close_vpu_memory_pool:501: vpu memory pool size (0)
01-01 22:30:32.765   223   223 I vpu_mem_pool: pid 223, close_vpu_memory_pool:552: 
01-01 22:30:32.835  1218  1218 D GeofencerStateMachine: Creating GeofencerStateMachine
01-01 22:30:32.838  1218  1218 D SensorManager: aidl getSensorManager:android.hardware.ISensorManager$Stub$Proxy@146dae0
01-01 22:30:32.841   569   816 D WifiService: New client listening to asynchronous messages
01-01 22:30:32.872   223   223 E CameraHal_Marvin: IMX214:  STREAM OFF ++++++++++++++
01-01 22:30:32.886   223  1562 D CameraHal: commandThread(1124): commandThread(1124): receive CMD_EXIT
01-01 22:30:32.886   223   223 D CameraHal: ~CameraHal(302): CameraHal destory success
01-01 22:30:32.888   223   223 I CameraService: disconnect: Disconnected client for camera 0 for PID 223
01-01 22:30:32.888   223   223 D RockFFPlayer: reset: in
01-01 22:30:32.888   223   223 D RockFFPlayerBase: dumpStatus(): Preapared
01-01 22:30:32.888   223   223 D RockFFPlayer: reset: stop_l in
01-01 22:30:32.888   223   223 D RockFFPlayer: stop_l: in
01-01 22:30:32.888   223   223 D RockFFPlayer: enter enqueueMessage
01-01 22:30:32.888   223   223 D RockFFPlayer: enqueueMessage:****1
01-01 22:30:32.888   223   223 D RockFFPlayer: enqueueMessage:****2
01-01 22:30:32.888   223   223 D RockFFPlayer: enqueueMessage:****3
01-01 22:30:32.888   223   223 D RockFFPlayer: enqueueMessage:Message 1,set signal
01-01 22:30:32.888   223   223 D RockFFPlayer: enqueueMessage:sync wait
01-01 22:30:32.888   223  1479 D RockFFPlayer: deliverMessage 
01-01 22:30:32.888   223  1479 D RockFFPlayer: run : dequeueMessage Message 4
01-01 22:30:32.888   223  1479 D RockFFPlayer: CMD_STOP
01-01 22:30:32.888   223  1479 D RockFFPlayer: doStop: in
01-01 22:30:32.888   223  1479 D RockFFPlayerBase: dumpStatus(): Preapared
01-01 22:30:32.888   223  1479 D RockFFPlayerBase: dumpStatus(): Stopped
01-01 22:30:32.888   223  1479 D RockFFPlayer: doRelease: in
01-01 22:30:32.888   223  1479 I FFIDecoder: waiting on end of decoder thread
01-01 22:30:32.888   223  1479 E FFMpegThread: DecoderAudio,wait
01-01 22:30:32.888   223  1479 E RockFFPlayerBase: FFMPlayerBase::flushRenderQueue in
01-01 22:30:32.888   223  1479 E RockFFPlayerBase: FFMPlayerBase::flushRenderQueue out
01-01 22:30:32.888   223  1479 D RockFFPlayer: doRelease: ok
01-01 22:30:32.888   223  1479 D RockFFPlayer: doStop: ok
01-01 22:30:32.888   223  1479 D RockFFPlayer: run : dequeueMessage Message 4 OK
01-01 22:30:32.888   223  1479 D RockFFPlayer: Messagecomplete type [4]
01-01 22:30:32.888   223  1479 D RockFFPlayer: run : Message 4 complete
01-01 22:30:32.888   223   223 D RockFFPlayer: enqueueMessage:sync wait ok
01-01 22:30:32.888   223   223 D RockFFPlayer: stop_l: clear queue ok
01-01 22:30:32.888   223  1480 I RockFFPlayer: readthread end of playing
01-01 22:30:32.888   223   223 D RockFFPlayer: stop_l: create cancel thread ok
01-01 22:30:32.888   223  1583 D RockFFPlayer: CancelThread: in
01-01 22:30:32.888   223   223 D RockFFPlayer: stop_l: ok
01-01 22:30:32.888   223   223 D RockFFPlayer: enter enqueueMessage
01-01 22:30:32.888   223   223 D RockFFPlayer: enqueueMessage:****1
01-01 22:30:32.888   223   223 D RockFFPlayer: enqueueMessage:****2
01-01 22:30:32.888   223   223 D RockFFPlayer: enqueueMessage:****3
01-01 22:30:32.888   223   223 D RockFFPlayer: enqueueMessage:Message 1,set signal
01-01 22:30:32.888   223   223 D RockFFPlayer: enqueueMessage:sync wait
01-01 22:30:32.888   223  1479 D RockFFPlayer: deliverMessage 
01-01 22:30:32.888   223  1479 D RockFFPlayer: run : dequeueMessage Message 11
01-01 22:30:32.888   223  1479 D RockFFPlayer: CMD_RESET
01-01 22:30:32.888   223  1479 D RockFFPlayerBase: dumpStatus(): Idle
01-01 22:30:32.888   223  1479 D RockFFPlayer: doReset ok
01-01 22:30:32.888   223  1479 D RockFFPlayer: run : dequeueMessage Message 11 OK
01-01 22:30:32.888   223  1479 D RockFFPlayer: Messagecomplete type [11]
01-01 22:30:32.888   223  1479 D RockFFPlayer: run : Message 11 complete
01-01 22:30:32.888   223   223 D RockFFPlayer: enqueueMessage:sync wait ok
01-01 22:30:32.888   223   223 D RockFFPlayer: reset: do reset ok
01-01 22:30:32.889   223  1583 D RockFFPlayer: processAsyncExit: wait message thread
01-01 22:30:32.889   223  1479 D RockFFPlayer: signal thread out
01-01 22:30:32.889   223  1479 D RockFFPlayer: sched_thread out
01-01 22:30:32.889   223   223 D RockFFPlayer: stop:wait is ok
01-01 22:30:32.889   223   223 D RockFFPlayer: stop:ok
01-01 22:30:32.889   223   223 D RockFFPlayer: ~RkMessageQueue
01-01 22:30:32.889   223   223 D RockFFPlayer: reset: reset ok
01-01 22:30:32.889   223  1583 D FFMpegThread: DecoderAudio:~PlayerThread enter mThreadStatus=-1
01-01 22:30:32.889   223  1583 E RockFFPlayerBase: closeContext : in
01-01 22:30:32.889   223  1583 E RockFFPlayerBase: closeContext : out
01-01 22:30:32.889   223  1583 D RockFFPlayer: CancelThread: ok
01-01 22:30:32.890   223   223 E FFPlayer: ~FFPlayer
01-01 22:30:32.890   223   223 D RockFFPlayer: reset: in
01-01 22:30:32.890   223   223 D RockFFPlayerBase: dumpStatus(): Idle
01-01 22:30:32.890   223   223 D RockFFPlayer: reset: in idle status, already reset
01-01 22:30:32.890   223   223 D RockFFPlayer: ~FFMPlayer in
01-01 22:30:32.890   223   223 D RockFFPlayer: reset: in
01-01 22:30:32.890   223   223 D RockFFPlayerBase: dumpStatus(): Idle
01-01 22:30:32.890   223   223 D RockFFPlayer: reset: in idle status, already reset
01-01 22:30:32.890   223   223 D RockFFPlayer: ~FFMediaSource
01-01 22:30:32.890   223   223 D RockFFPlayer: FFMediaSource context null. 
01-01 22:30:32.890   223   223 E TraceThread:     VsyncReciver(tid = 2994546992)--> [UID=36a40b87] pthread_join begin-->player = 0xb8424cd8
01-01 22:30:32.896   896   906 W art     : Suspending all threads took: 5.188ms
01-01 22:30:32.899   223   223 E TraceThread:     VsyncReciver(tid = 2994546992)--> [UID=36a40b87] pthread_join   end-->player = 0xb8424cd8
01-01 22:30:32.899   223   223 D VsyncReciver: stop_l:vsyncThread down
01-01 22:30:32.900   223   223 E TraceThread:     RockFFPlayer(tid = 3069893428)--> [UID=36a40b87] ~FFMPlayer Destruction; object=0xb8424cd8
01-01 22:30:32.900   223   223 D RockFFPlayer: ~FFMPlayer ok
01-01 22:30:32.900   223   223 D RockFFPlayerBase: ~FFMPlayerBase(():mDequeueThread down
01-01 22:30:32.900   223   223 D RockFFPlayerBase: ~RkMessageHandler
01-01 22:30:32.900   223   223 D RockFFPlayer: reset: in
01-01 22:30:32.900   223   223 D RockFFPlayerBase: dumpStatus(): Preapared
01-01 22:30:32.900   223   223 D RockFFPlayer: reset: stop_l in
01-01 22:30:32.900   223   223 D RockFFPlayer: stop_l: in
01-01 22:30:32.900   223   223 D RockFFPlayer: enter enqueueMessage
01-01 22:30:32.900   223   223 D RockFFPlayer: enqueueMessage:****1
01-01 22:30:32.900   223   223 D RockFFPlayer: enqueueMessage:****2
01-01 22:30:32.900   223   223 D RockFFPlayer: enqueueMessage:****3
01-01 22:30:32.900   223   223 D RockFFPlayer: enqueueMessage:Message 1,set signal
01-01 22:30:32.900   223   223 D RockFFPlayer: enqueueMessage:sync wait
01-01 22:30:32.900   223  1491 D RockFFPlayer: deliverMessage 
01-01 22:30:32.900   223  1491 D RockFFPlayer: run : dequeueMessage Message 4
01-01 22:30:32.900   223  1491 D RockFFPlayer: CMD_STOP
01-01 22:30:32.900   223  1491 D RockFFPlayer: doStop: in
01-01 22:30:32.900   223  1491 D RockFFPlayerBase: dumpStatus(): Preapared
01-01 22:30:32.900   223  1491 D RockFFPlayerBase: dumpStatus(): Stopped
01-01 22:30:32.900   223  1491 D RockFFPlayer: doRelease: in
01-01 22:30:32.900   223  1491 I FFIDecoder: waiting on end of decoder thread
01-01 22:30:32.900   223  1491 E FFMpegThread: DecoderAudio,wait
01-01 22:30:32.900   223  1491 E RockFFPlayerBase: FFMPlayerBase::flushRenderQueue in
01-01 22:30:32.900   223  1491 E RockFFPlayerBase: FFMPlayerBase::flushRenderQueue out
01-01 22:30:32.900   223  1491 D RockFFPlayer: doRelease: ok
01-01 22:30:32.900   223  1491 D RockFFPlayer: doStop: ok
01-01 22:30:32.900   223  1491 D RockFFPlayer: run : dequeueMessage Message 4 OK
01-01 22:30:32.900   223  1491 D RockFFPlayer: Messagecomplete type [4]
01-01 22:30:32.900   223  1491 D RockFFPlayer: run : Message 4 complete
01-01 22:30:32.900   223   223 D RockFFPlayer: enqueueMessage:sync wait ok
01-01 22:30:32.900   223   223 D RockFFPlayer: stop_l: clear queue ok
01-01 22:30:32.900   223   223 D RockFFPlayer: stop_l: create cancel thread ok
01-01 22:30:32.900   223  1584 D RockFFPlayer: CancelThread: in
01-01 22:30:32.900   223   223 D RockFFPlayer: stop_l: ok
01-01 22:30:32.900   223   223 D RockFFPlayer: enter enqueueMessage
01-01 22:30:32.900   223   223 D RockFFPlayer: enqueueMessage:****1
01-01 22:30:32.900   223   223 D RockFFPlayer: enqueueMessage:****2
01-01 22:30:32.900   223   223 D RockFFPlayer: enqueueMessage:****3
01-01 22:30:32.900   223   223 D RockFFPlayer: enqueueMessage:Message 1,set signal
01-01 22:30:32.900   223   223 D RockFFPlayer: enqueueMessage:sync wait
01-01 22:30:32.901   223  1491 D RockFFPlayer: deliverMessage 
01-01 22:30:32.901   223  1491 D RockFFPlayer: run : dequeueMessage Message 11
01-01 22:30:32.901   223  1491 D RockFFPlayer: CMD_RESET
01-01 22:30:32.901   223  1491 D RockFFPlayerBase: dumpStatus(): Idle
01-01 22:30:32.901   223  1491 D RockFFPlayer: doReset ok
01-01 22:30:32.901   223  1491 D RockFFPlayer: run : dequeueMessage Message 11 OK
01-01 22:30:32.901   223  1491 D RockFFPlayer: Messagecomplete type [11]
01-01 22:30:32.901   223  1491 D RockFFPlayer: run : Message 11 complete
01-01 22:30:32.901   223   223 D RockFFPlayer: enqueueMessage:sync wait ok
01-01 22:30:32.901   223   223 D RockFFPlayer: reset: do reset ok
01-01 22:30:32.901   223  1491 D RockFFPlayer: signal thread out
01-01 22:30:32.901   223  1491 D RockFFPlayer: sched_thread out
01-01 22:30:32.901   223   223 D RockFFPlayer: stop:wait is ok
01-01 22:30:32.901   223   223 D RockFFPlayer: stop:ok
01-01 22:30:32.901   223   223 D RockFFPlayer: ~RkMessageQueue
01-01 22:30:32.901   223   223 D RockFFPlayer: reset: reset ok
01-01 22:30:32.901   223   223 E FFPlayer: ~FFPlayer
01-01 22:30:32.901   223   223 D RockFFPlayer: reset: in
01-01 22:30:32.901   223   223 D RockFFPlayerBase: dumpStatus(): Idle
01-01 22:30:32.901   223   223 D RockFFPlayer: reset: in idle status, already reset
01-01 22:30:32.901   223   223 D RockFFPlayer: ~FFMPlayer in
01-01 22:30:32.901   223   223 D RockFFPlayer: reset: in
01-01 22:30:32.901   223   223 D RockFFPlayerBase: dumpStatus(): Idle
01-01 22:30:32.901   223   223 D RockFFPlayer: reset: in idle status, already reset
01-01 22:30:32.901   223  1492 I RockFFPlayer: readthread end of playing
01-01 22:30:32.902   223  1584 D FFMpegThread: DecoderAudio:~PlayerThread enter mThreadStatus=-1
01-01 22:30:32.902   223  1584 E RockFFPlayerBase: closeContext : in
01-01 22:30:32.902   223  1584 E RockFFPlayerBase: closeContext : out
01-01 22:30:32.902   223  1584 D RockFFPlayer: CancelThread: ok
01-01 22:30:32.902   223   223 D RockFFPlayer: ~FFMediaSource
01-01 22:30:32.902   223   223 D RockFFPlayer: FFMediaSource context null. 
01-01 22:30:32.903   223   223 E TraceThread:     VsyncReciver(tid = 2989459760)--> [UID=36a40b87] pthread_join begin-->player = 0xb84be470
01-01 22:30:32.917   223   223 E TraceThread:     VsyncReciver(tid = 2989459760)--> [UID=36a40b87] pthread_join   end-->player = 0xb84be470
01-01 22:30:32.917   223   223 D VsyncReciver: stop_l:vsyncThread down
01-01 22:30:32.918   223   223 E TraceThread:     RockFFPlayer(tid = 3069893428)--> [UID=36a40b87] ~FFMPlayer Destruction; object=0xb84be470
01-01 22:30:32.918   223   223 D RockFFPlayer: ~FFMPlayer ok
01-01 22:30:32.918   223   223 D RockFFPlayerBase: ~FFMPlayerBase(():mDequeueThread down
01-01 22:30:32.918   223   223 D RockFFPlayerBase: ~RkMessageHandler
01-01 22:30:32.918   223   223 D RockFFPlayer: reset: in
01-01 22:30:32.918   223   223 D RockFFPlayerBase: dumpStatus(): Error status
01-01 22:30:32.918   223   223 D RockFFPlayer: reset: stop_l in
01-01 22:30:32.918   223   223 D RockFFPlayer: stop_l: in
01-01 22:30:32.918   223   223 D RockFFPlayer: enter enqueueMessage
01-01 22:30:32.918   223   223 D RockFFPlayer: enqueueMessage:****1
01-01 22:30:32.918   223   223 D RockFFPlayer: enqueueMessage:****2
01-01 22:30:32.918   223   223 D RockFFPlayer: enqueueMessage:****3
01-01 22:30:32.918   223   223 D RockFFPlayer: enqueueMessage:Message 1,set signal
01-01 22:30:32.918   223   223 D RockFFPlayer: enqueueMessage:sync wait
01-01 22:30:32.918   223  1495 D RockFFPlayer: deliverMessage 
01-01 22:30:32.918   223  1495 D RockFFPlayer: run : dequeueMessage Message 4
01-01 22:30:32.918   223  1495 D RockFFPlayer: CMD_STOP
01-01 22:30:32.918   223  1495 D RockFFPlayer: doStop: in
01-01 22:30:32.918   223  1495 D RockFFPlayerBase: dumpStatus(): Error status
01-01 22:30:32.918   223  1495 D RockFFPlayerBase: dumpStatus(): Stopped
01-01 22:30:32.918   223  1495 D RockFFPlayer: doRelease: in
01-01 22:30:32.918   223  1495 D RockFFPlayer: FFMediaSource setExit, but context null
01-01 22:30:32.918   223  1495 E RockFFPlayerBase: FFMPlayerBase::flushRenderQueue in
01-01 22:30:32.918   223  1495 E RockFFPlayerBase: FFMPlayerBase::flushRenderQueue out
01-01 22:30:32.918   223  1495 D RockFFPlayer: doRelease: ok
01-01 22:30:32.918   223  1495 D RockFFPlayer: doStop: ok
01-01 22:30:32.918   223  1495 D RockFFPlayer: run : dequeueMessage Message 4 OK
01-01 22:30:32.918   223  1495 D RockFFPlayer: Messagecomplete type [4]
01-01 22:30:32.918   223  1495 D RockFFPlayer: run : Message 4 complete
01-01 22:30:32.918   223   223 D RockFFPlayer: enqueueMessage:sync wait ok
01-01 22:30:32.918   223   223 D RockFFPlayer: stop_l: clear queue ok
01-01 22:30:32.926   223   223 D RockFFPlayer: stop_l: create cancel thread ok
01-01 22:30:32.926   223   223 D RockFFPlayer: stop_l: ok
01-01 22:30:32.926   223   223 D RockFFPlayer: enter enqueueMessage
01-01 22:30:32.926   223   223 D RockFFPlayer: enqueueMessage:****1
01-01 22:30:32.926   223   223 D RockFFPlayer: enqueueMessage:****2
01-01 22:30:32.926   223   223 D RockFFPlayer: enqueueMessage:****3
01-01 22:30:32.926   223   223 D RockFFPlayer: enqueueMessage:Message 1,set signal
01-01 22:30:32.926   223   223 D RockFFPlayer: enqueueMessage:sync wait
01-01 22:30:32.926   223  1495 D RockFFPlayer: deliverMessage 
01-01 22:30:32.926   223  1495 D RockFFPlayer: run : dequeueMessage Message 11
01-01 22:30:32.926   223  1495 D RockFFPlayer: CMD_RESET
01-01 22:30:32.926   223  1495 D RockFFPlayerBase: dumpStatus(): Idle
01-01 22:30:32.926   223  1495 D RockFFPlayer: doReset ok
01-01 22:30:32.926   223  1495 D RockFFPlayer: run : dequeueMessage Message 11 OK
01-01 22:30:32.926   223  1495 D RockFFPlayer: Messagecomplete type [11]
01-01 22:30:32.926   223  1495 D RockFFPlayer: run : Message 11 complete
01-01 22:30:32.926   223   223 D RockFFPlayer: enqueueMessage:sync wait ok
01-01 22:30:32.926   223   223 D RockFFPlayer: reset: do reset ok
01-01 22:30:32.926   223  1495 D RockFFPlayer: signal thread out
01-01 22:30:32.926   223  1495 D RockFFPlayer: sched_thread out
01-01 22:30:32.926   223  1585 D RockFFPlayer: CancelThread: in
01-01 22:30:32.926   223   223 D RockFFPlayer: stop:wait is ok
01-01 22:30:32.926   223   223 D RockFFPlayer: stop:ok
01-01 22:30:32.926   223   223 D RockFFPlayer: ~RkMessageQueue
01-01 22:30:32.926   223   223 D RockFFPlayer: reset: reset ok
01-01 22:30:32.926   223   223 E FFPlayer: ~FFPlayer
01-01 22:30:32.926   223   223 D RockFFPlayer: reset: in
01-01 22:30:32.926   223   223 D RockFFPlayerBase: dumpStatus(): Idle
01-01 22:30:32.926   223   223 D RockFFPlayer: reset: in idle status, already reset
01-01 22:30:32.926   223   223 D RockFFPlayer: ~FFMPlayer in
01-01 22:30:32.926   223   223 D RockFFPlayer: reset: in
01-01 22:30:32.926   223   223 D RockFFPlayerBase: dumpStatus(): Idle
01-01 22:30:32.926   223   223 D RockFFPlayer: reset: in idle status, already reset
01-01 22:30:32.927   223  1585 E RockFFPlayerBase: closeContext : in
01-01 22:30:32.927   223  1585 D RockFFPlayer: FFMediaSource context null. 
01-01 22:30:32.927   223  1585 E RockFFPlayerBase: closeContext : out
01-01 22:30:32.927   223  1585 D RockFFPlayer: CancelThread: ok
01-01 22:30:32.927   223   223 D RockFFPlayer: ~FFMediaSource
01-01 22:30:32.927   223   223 D RockFFPlayer: FFMediaSource context null. 
01-01 22:30:32.927   896   906 I art     : Background sticky concurrent mark sweep GC freed 27723(3MB) AllocSpace objects, 0(0B) LOS objects, 27% free, 7MB/10MB, paused 7.439ms total 53.271ms
01-01 22:30:32.927   223   223 E TraceThread:     VsyncReciver(tid = 2985281840)--> [UID=36a40b87] pthread_join begin-->player = 0xb8508c78
01-01 22:30:32.937   223   223 E TraceThread:     VsyncReciver(tid = 2985281840)--> [UID=36a40b87] pthread_join   end-->player = 0xb8508c78
01-01 22:30:32.937   223   223 D VsyncReciver: stop_l:vsyncThread down
01-01 22:30:32.937   223   223 E TraceThread:     RockFFPlayer(tid = 3069893428)--> [UID=36a40b87] ~FFMPlayer Destruction; object=0xb8508c78
01-01 22:30:32.937   223   223 D RockFFPlayer: ~FFMPlayer ok
01-01 22:30:32.937   223   223 D RockFFPlayerBase: ~FFMPlayerBase(():mDequeueThread down
01-01 22:30:32.937   223   223 D RockFFPlayerBase: ~RkMessageHandler
01-01 22:30:32.938   223   464 I CameraService: getCameraCharacteristics: Switching to HAL1 shim implementation...
01-01 22:30:32.938   223   464 D CameraHal: camera_get_camera_info(1312): camera_get_camera_info(1312): camera_1 facing(1), orientation(270)
01-01 22:30:32.938   223   464 I CameraService: CameraService::connect call (PID 223 "media", camera ID 1) for HAL version default and Camera API version 1
01-01 22:30:32.938   223   464 E CameraService: getCameraPriorityFromProcState: Received invalid process state -1 from ActivityManagerService!
01-01 22:30:32.938   223   464 D CameraHal: camera_get_camera_info(1312): camera_get_camera_info(1312): camera_1 facing(1), orientation(270)
01-01 22:30:32.938   223   464 E MediaPlayerFactory: 2019 03 30 -------- getPlayerType()111111111111 return FF_PLAYER !!!! 
01-01 22:30:32.938   223   464 I MediaPlayerFactory:  createFFPlayer
01-01 22:30:32.938   223   464 E FFPlayerHelper: isBDDirectory() ,path = /system/media/audio/ui/camera_click.ogg
01-01 22:30:32.938   223   464 E FFPlayerHelper: isBDDirectory(): no BDMV
01-01 22:30:32.938   223   464 D RkMemConfig: RkMemConfig init
01-01 22:30:32.938   223   464 E RockFFPlayerBase: FFMPlayerBase:eDisplayIdMain
01-01 22:30:32.938   223   464 D FFPlayerHelper: MediaServer is SP_FOREGROUND, tid=464
01-01 22:30:32.942   223   464 D RkBitstreamManager: RkBitStreamHelper
01-01 22:30:32.942   223   464 D RkExtensionPlayer: RkExtensionPlayer in
01-01 22:30:32.942   223   464 E RkExtensionPlayer: createDirectory(), path = /tmp/rk_ext_subtitle/
01-01 22:30:32.942   223   464 E RkExtensionPlayer: createDirectory(), create directory = /tmp/rk_ext_subtitle/ fail,reason = No such file or directory
01-01 22:30:32.942   223   464 E RkExtensionPlayer: createDirectory(), path = /data/rk_ext_subtitle/
01-01 22:30:32.942   223   464 E RkExtensionPlayer: createDirectory(), create directory = /data/rk_ext_subtitle/ fail,reason = Permission denied
01-01 22:30:32.942   223   464 E RkExtensionPlayer: createDirectory(), path = /data/media/0/rk_ext_subtitle/
01-01 22:30:32.942   223   464 E RkExtensionPlayer: createDirectory(), create directory = /data/media/0/rk_ext_subtitle/ fail,reason = Permission denied
01-01 22:30:32.942   223   464 D RkExtensionPlayer: checkDirectoryAccess: Found no Temp Subtile Directory
01-01 22:30:32.943   223   464 E TraceThread: TraceThread::randomUID() --> [UID=36a40b87]
01-01 22:30:32.943   223   464 E TraceThread:     RockFFPlayer(tid = 3005135152)--> [UID=36a40b87] FFMPlayer Construction; object=0xb84c08d0
01-01 22:30:32.943   223   464 I RockFFPlayer: setDataSource in 0xb84c08d0
01-01 22:30:32.943   223   464 D RockFFPlayer: start:create thread
01-01 22:30:32.943   223  1591 E TraceThread:     VsyncReciver(tid = 2994546992)--> [UID=36a40b87] VsyncReciver::startthread
01-01 22:30:32.947   223  1592 D RockFFPlayer: RkMessageQueue::run()
01-01 22:30:32.947   223   464 D RockFFPlayer: start:create thread ok,mThreadStatus=0
01-01 22:30:32.947   223   464 D RockFFPlayer: enter enqueueMessage
01-01 22:30:32.947   223   464 D RockFFPlayer: enqueueMessage:****1
01-01 22:30:32.947   223   464 D RockFFPlayer: enqueueMessage:****2
01-01 22:30:32.947   223   464 D RockFFPlayer: enqueueMessage:****3
01-01 22:30:32.947   223   464 D RockFFPlayer: enqueueMessage:Message 1,set signal
