01-01 22:30:41.369   965  1744 W FusedLocationProvider: location=null
01-01 22:30:41.369   965  1274 D Error   : ERR: exMsg=policy=6815751 violation=2
01-01 22:30:41.369   965  1274 D Error   : ERR: file=StrictMode.java
01-01 22:30:41.369   965  1274 D Error   : ERR: class=android.os.StrictMode$AndroidBlockGuardPolicy
01-01 22:30:41.369   965  1274 D Error   : ERR: method=onReadFromDisk line=1263
01-01 22:30:41.370   965  1274 D Error   : ERR: stack=android.os.StrictMode$StrictModeDiskReadViolation: policy=6815751 violation=2
01-01 22:30:41.370   965  1274 D Error   : 	at android.os.StrictMode$AndroidBlockGuardPolicy.onReadFromDisk(StrictMode.java:1263)
01-01 22:30:41.370   965  1274 D Error   : 	at android.app.SharedPreferencesImpl.awaitLoadedLocked(SharedPreferencesImpl.java:203)
01-01 22:30:41.370   965  1274 D Error   : 	at android.app.SharedPreferencesImpl.getString(SharedPreferencesImpl.java:224)
01-01 22:30:41.370   965  1274 D Error   : 	at rah.a(SourceFile:60)
01-01 22:30:41.370   965  1274 D Error   : 	at rai.a(SourceFile:2052)
01-01 22:30:41.370   965  1274 D Error   : 	at rap.c(SourceFile:205)
01-01 22:30:41.370   965  1274 D Error   : 	at qzo.onTransact(SourceFile:150)
01-01 22:30:41.370   965  1274 D Error   : 	at android.os.Binder.execTransact(Binder.java:453)
01-01 22:30:41.370   965  1274 D Error   : # via Binder call with stack:
01-01 22:30:41.370   965  1274 D Error   : android.os.StrictMode$LogStackTrace
01-01 22:30:41.370   965  1274 D Error   : 	at android.os.StrictMode.readAndHandleBinderCallViolations(StrictMode.java:1911)
01-01 22:30:41.370   965  1274 D Error   : 	at android.os.Parcel.readExceptionCode(Parcel.java:1601)
01-01 22:30:41.370   965  1274 D Error   : 	at android.os.Parcel.readException(Parcel.java:1570)
01-01 22:30:41.370   965  1274 D Error   : 	at joh.c(SourceFile:111)
01-01 22:30:41.370   965  1274 D Error   : 	at ihg.equals(SourceFile:78)
01-01 22:30:41.370   965  1274 D Error   : 	at izd.b(SourceFile:245)
01-01 22:30:41.370   965  1274 D Error   : 	at izd.a(SourceFile:152)
01-01 22:30:41.370   965  1274 D Error   : 	at izd.b(SourceFile:137)
01-01 22:30:41.370   965  1274 D Error   : 	at izd.b(SourceFile:99)
01-01 22:30:41.370   965  1274 D Error   : 	at aefd.c(SourceFile:571)
01-01 22:30:41.370   965  1274 D Error   : 	at aefd.a(SourceFile:181)
01-01 22:30:41.370   965  1274 D Error   : 	at aefe.b(SourceFile:93)
01-01 22:30:41.370   965  1274 D Error   : 	at qmd.a(SourceFile:74)
01-01 22:30:41.370   965  1274 D Error   : 	at qjf.a(SourceFile:1278)
01-01 22:30:41.370   965  1274 D Error   : 	at rah.b(SourceFile:104)
01-01 22:30:41.370   965  1274 D Error   : 	at rah.a(SourceFile:72)
01-01 22:30:41.370   965  1274 D Error   : 	at rai.a(SourceFile:2052)
01-01 22:30:41.370   965  1274 D Error   : 	at rap.c(SourceFile:205)
01-01 22:30:41.370   965  1274 D Error   : 	at qzo.onTransact(SourceFile:150)
01-01 22:30:41.370   965  1274 D Error   : 	at android.os.Binder.execTransact(Binder.java:453)
01-01 22:30:41.370   965  1274 D Error   : # via Binder call with stack:
01-01 22:30:41.370   965  1274 D Error   : android.os.StrictMode$LogStackTrace
01-01 22:30:41.370   965  1274 D Error   : 	at android.os.StrictMode.readAndHandleBinderCallViolations(StrictMode.java:1911)
01-01 22:30:41.370   965  1274 D Error   : 	at android.os.Parcel.readExceptionCode(Parcel.java:1601)
01-01 22:30:41.370   965  1274 D Error   : 	at android.os.Parcel.readException(Parcel.java:1570)
01-01 22:30:41.370   965  1274 D Error   : 	at joh.c(SourceFile:111)
01-01 22:30:41.370   965  1274 D Error   : 	at ihg.equals(SourceFile:78)
01-01 22:30:41.370   965  1274 D Error   : 	at izd.b(SourceFile:245)
01-01 22:30:41.370   965  1274 D Error   : 	at izd.a(SourceFile:152)
01-01 22:30:41.370   965  1274 D Error   : 	at izd.b(SourceFile:137)
01-01 22:30:41.370   965  1274 D Error   : 	at izd.b(SourceFile:99)
01-01 22:30:41.370   965  1274 D Error   : 	at aefd.c(SourceFile:571)
01-01 22:30:41.370   965  1274 D Error   : 	at aefd.a(SourceFile:181)
01-01 22:30:41.370   965  1274 D Error   : 	at aefe.b(SourceFile:93)
01-01 22:30:41.370   965  1274 D Error   : 	at qmd.a(SourceFile:74)
01-01 22:30:41.370   965  1274 D Error   : 	at qjf.a(SourceFile:1278)
01-01 22:30:41.370   965  1274 D Error   : 	at rah.b(SourceFile:104)
01-01 22:30:41.370   965  1274 D Error   : 	at rah.a(SourceFile:72)
01-01 22:30:41.370   965  1274 D Error   : 	at rai.a(SourceFile:2052)
01-01 22:30:41.370   965  1274 D Error   : 	at rap.c(SourceFile:205)
01-01 22:30:41.370   965  1274 D Error   : 	at qzo.onTransact(SourceFile:150)
01-01 22:30:41.370   965  1274 D Error   : 	at android.os.Binder.execTransact(Binder.java:453)
01-01 22:30:41.370   965  1274 D Error   : # via Binder call with stack:
01-01 22:30:41.370   965  1274 D Error   : android.os.StrictMode$LogStackTrace
01-01 22:30:41.370   965  1274 D Error   : 	at android.os.StrictMode.readAndHandleBinderCallViolations(StrictMode.java:1911)
01-01 22:30:41.370   965  1274 D Error   : 	at android.os.Parcel.readExceptionCode(Parcel.java:1601)
01-01 22:30:41.370   965  1274 D Error   : 	at android.os.Parcel.readException(Parcel.java:1570)
01-01 22:30:41.370   965  1274 D Error   : 	at joh.c(SourceFile:111)
01-01 22:30:41.370   965  1274 D Error   : 	at ihg.equals(SourceFile:78)
01-01 22:30:41.370   965  1274 D Error   : 	at izd.b(SourceFile:245)
01-01 22:30:41.370   965  1274 D Error   : 	at izd.a(SourceFile:152)
01-01 22:30:41.370   965  1274 D Error   : 	at izd.b(SourceFile:137)
01-01 22:30:41.370   965  1274 D Error   : 	at izd.b(SourceFile:99)
01-01 22:30:41.370   965  1274 D Error   : 	at aefd.c(SourceFile:571)
01-01 22:30:41.370   965  1274 D Error   : 	at aefd.a(SourceFile:181)
01-01 22:30:41.370   965  1274 D Error   : 	at aefe.b(SourceFile:93)
01-01 22:30:41.370   965  1274 D Error   : 	at qmd.a(SourceFile:74)
01-01 22:30:41.370   965  1274 D Error   : 	at qjf.a(SourceFile:1278)
01-01 22:30:41.370   965  1274 D Error   : 	at rah.b(SourceFile:104)
01-01 22:30:41.370   965  1274 D Error   : 	at rah.a(SourceFile:72)
01-01 22:30:41.370   965  1274 D Error   : 	at rai.a(SourceFile:2052)
01-01 22:30:41.370   965  1274 D Error   : 	at rap.c(SourceFile:205)
01-01 22:30:41.370   965  1274 D Error   : 	at qzo.onTransact(SourceFile:150)
01-01 22:30:41.370   965  1274 D Error   : 	at android.os.Binder.execTransact(Binder.java:453)
01-01 22:30:41.370   965  1274 D Error   : # via Binder call with stack:
01-01 22:30:41.370   965  1274 D Error   : android.os.StrictMode$LogStackTrace
01-01 22:30:41.370   965  1274 D Error   : 	at android.os.StrictMode.readAndHandleBinderCallViolations(StrictMode.java:1911)
01-01 22:30:41.370   965  1274 D Error   : 	at android.os.Parcel.readExceptionCode(Parcel.java:1601)
01-01 22:30:41.370   965  1274 D Error   : 	at android.os.Parcel.readException(Parcel.java:1570)
01-01 22:30:41.370   965  1274 D Error   : 	at joh.c(SourceFile:111)
01-01 22:30:41.370   965  1274 D Error   : 	at ihg.equals(SourceFile:78)
01-01 22:30:41.370   965  1274 D Error   : 	at izd.b(SourceFile:245)
01-01 22:30:41.370   965  1274 D Error   : 	at izd.a(SourceFile:152)
01-01 22:30:41.370   965  1274 D Error   : 	at izd.b(SourceFile:137)
01-01 22:30:41.370   965  1274 D Error   : 	at izd.b(SourceFile:99)
01-01 22:30:41.370   965  1274 D Error   : 	at aefd.c(SourceFile:571)
01-01 22:30:41.370   965  1274 D Error   : 	at aefd.a(SourceFile:181)
01-01 22:30:41.370   965  1274 D Error   : 	at aefe.b(SourceFile:93)
01-01 22:30:41.370   965  1274 D Error   : 	at qmd.a(SourceFile:74)
01-01 22:30:41.370   965  1274 D Error   : 	at qjf.a(SourceFile:1278)
01-01 22:30:41.370   965  1274 D Error   : 	at rah.b(SourceFile:104)
01-01 22:30:41.370   965  1274 D Error   : 	at rah.a(SourceFile:72)
01-01 22:30:41.370   965  1274 D Error   : 	at rai.a(SourceFile:2052)
01-01 22:30:41.370   965  1274 D Error   : 	at rap.c(SourceFile:205)
01-01 22:30:41.370   965  1274 D Error   : 	at qzo.onTransact(SourceFile:150)
01-01 22:30:41.370   965  1274 D Error   : 	at android.os.Binder.execTransact(Binder.java:453)
01-01 22:30:41.370   965  1274 D Error   : # via Binder call with stack:
01-01 22:30:41.370   965  1274 D Error   : android.os.StrictMode$LogStackTrace
01-01 22:30:41.370   965  1274 D Error   : 	at android.os.StrictMode.readAndHandleBinderCallViolations(StrictMode.java:1911)
01-01 22:30:41.370   965  1274 D Error   : 	at android.os.Parcel.readExceptionCode(Parcel.java:1601)
01-01 22:30:41.370   965  1274 D Error   : 	at android.os.Parcel.readException(Parcel.java:1570)
01-01 22:30:41.370   965  1274 D Error   : 	at joh.c(SourceFile:111)
01-01 22:30:41.370   965  1274 D Error   : 	at ihg.equals(SourceFile:78)
01-01 22:30:41.370   965  1274 D Error   : 	at izd.b(SourceFile:245)
01-01 22:30:41.370   965  1274 D Error   : 	at izd.a(SourceFile:152)
01-01 22:30:41.370   965  1274 D Error   : 	at izd.b(SourceFile:137)
01-01 22:30:41.370   965  1274 D Error   : 	at izd.b(SourceFile:99)
01-01 22:30:41.370   965  1274 D Error   : 	at aefd.c(SourceFile:571)
01-01 22:30:41.370   965  1274 D Error   : 	at aefd.a(SourceFile:181)
01-01 22:30:41.370   965  1274 D Error   : 	at aefe.b(SourceFile:93)
01-01 22:30:41.370   965  1274 D Error   : 	at qmd.a(SourceFile:74)
01-01 22:30:41.370   965  1274 D Error   : 	at qjf.a(SourceFile:1278)
01-01 22:30:41.370   965  1274 D Error   : 	at rah.b(SourceFile:104)
01-01 22:30:41.370   965  1274 D Error   : 	at rah.a(Sour
01-01 22:30:41.370   965  1274 D Error   : ERR: TOTAL BYTES WRITTEN: 60700
01-01 22:30:41.370   965  1274 D StrictMode: Wrote violation #0 of 1: 60744 bytes
01-01 22:30:41.373   683  1204 E BluetoothA2dp: Could not bind to Bluetooth A2DP Service with Intent { act=android.bluetooth.IBluetoothA2dp }
01-01 22:30:41.378  1542  1616 D BluetoothAdapterProperties: Name is: dalek1
01-01 22:30:41.382   965  1274 E StrictMode: Stack is too large: numViolations=1 policy=#680007 front= android.app.SharedPreferencesImpl.getString(SharedPreferencesImpl.java:224)
01-01 22:30:41.382   965  1274 E StrictMode: 	at rah.a(SourceFile:60)
01-01 22:30:41.382   965  1274 E StrictMode: 	at rai.a(SourceFile:2052)
01-01 22:30:41.382   965  1274 E StrictMode: 	at rap.c(SourceFile:205)
01-01 22:30:41.382   965  1274 E StrictMode: 	at qzo.onTransact(SourceFile:150)
01-01 22:30:41.382   965  1274 E StrictMode: 	at android.os.Binder.execTransact(Binder.java:453)
01-01 22:30:41.382   965  1274 E StrictMode: # via Binder call with stack:
01-01 22:30:41.382   965  1274 E StrictMode: android.os.StrictMode$LogStackTrace
01-01 22:30:41.382   965  1274 E StrictMode: 	at android.os.StrictMode.readAndHandleBinderCallViolations(StrictMode.java:1911)
01-01 22:30:41.382   965  1274 E StrictMode: 	at android.os.Parcel.readExceptionCode(Parcel.java:1601)
01-01 22:30:41.382   965  1274 E StrictMode: 	at android.os.Parcel.readException(Parcel.java:1570)
01-01 22:30:41.382   965  1274 E StrictMode: 	at joh.c(SourceFile:111)
01-01 22:30:41.382   965  1274 E StrictMode: 	at ihg.equals(SourceFile:78)
01-01 22:30:41.382   965  1274 E StrictMode: 	at izd.b(SourceFile:245)
01-01 22:30:41.382   965  1274 E StrictMode: 	at izd.a(SourceFile:152)
01-01 22:30:41.382   965  1274 E StrictMode: 	at izd.b(SourceFile:137)
01-01 22:30:41.382   965  1274 E StrictMode: 	at izd.b(SourceFile:99)
01-01 22:30:41.382   965  1274 E StrictMode: 	at aefd.c(SourceFile:571)
01-01 22:30:41.382   965  1274 E StrictMode: 	at aefd.a(SourceFile:181)
01-01 22:30:41.382   965  1274 E StrictMode: 	at aefe.b(SourceFile:93)
01-01 22:30:41.382   965  1274 E StrictMode: 	at qmd.a(SourceFile:74)
01-01 22:30:41.382   965  1274 E StrictMode: 	at qjf.a(SourceFile:1278)
01-01 22:30:41.382   965  1274 E StrictMode: 	at rah.b(SourceFile:104)
01-01 22:30:41.382   965  1274 E StrictMode: 	at rah.a(SourceFile:72)
01-01 22:30:41.382   965  1274 E StrictMode: 	at rai.a(SourceFile:2052)
01-01 22:30:41.382   965  1274 E StrictMode: 	at rap.c(SourceFile:205)
01-01 22:30:41.382   965  1274 E StrictMode: 	at qzo.onTransact(SourceFile:150)
01-01 22:30:41.382   965  1274 E StrictMode: 	at android.os.Binder.execTransact(Binder.java:453)
01-01 22:30:41.382   965  1274 E StrictMode: # via Binder call with stack:
01-01 22:30:41.382   965  1274 E StrictMode: android.os.StrictMode$LogStackTrace
01-01 22:30:41.382   965  1274 E StrictMode: 	at android.os.StrictMode.readAndHandleBinderCallViolations(StrictMode.java:1911)
01-01 22:30:41.382   965  1274 E StrictMode: 	at android.os.Parcel.readExceptionCode(Parcel.java:1601)
01-01 22:30:41.382   965  1274 E StrictMode: 	at android.os.Parcel.readException(Parcel.java:1570)
01-01 22:30:41.382   965  1274 E StrictMode: 	at joh.c(SourceFile:111)
01-01 22:30:41.382   965  1274 E StrictMode: 	at ihg.equals(SourceFile:78)
01-01 22:30:41.382   965  1274 E StrictMode: 	at izd.b(SourceFile:245)
01-01 22:30:41.382   965  1274 E StrictMode: 	at izd.a(SourceFile:152)
01-01 22:30:41.382   965  1274 E StrictMode: 	at izd.b(SourceFile:137)
01-01 22:30:41.382   965  1274 E StrictMode: 	at izd.b(SourceFile:99)
01-01 22:30:41.382   965  1274 E StrictMode: 	at aefd.c(SourceFile:571)
01-01 22:30:41.382   965  1274 E StrictMode: 	at aefd.a(SourceFile:181)
01-01 22:30:41.382   965  1274 E StrictMode: 	at aefe.b(SourceFile:93)
01-01 22:30:41.382   965  1274 E StrictMode: 	at qmd.a(SourceFile:74)
01-01 22:30:41.382   965  1274 E StrictMode: 	at qjf.a(SourceFile:1278)
01-01 22:30:41.382   965  1274 E StrictMode: 	at rah.b(SourceFile:104)
01-01 22:30:41.382   965  1274 E StrictMode: 	at rah.a(SourceFile:72)
01-01 22:30:41.382   965  1274 E StrictMode: 	at rai.a(SourceFile:2052)
01-01 22:30:41.382   965  1274 E StrictMode: 	at rap.c(SourceFile:205)
01-01 22:30:41.382   965  1274 E StrictMode: 	at qzo.onTransact(SourceFile:150)
01-01 22:30:41.382   965  1274 E StrictMode: 	at android.os.Binder.execTransact(Binder.java:453)
01-01 22:30:41.382   965  1274 E StrictMode: # via Binder call with stack:
01-01 22:30:41.382   965  1274 E StrictMode: android.os.StrictMode$LogStackTrace
01-01 22:30:41.382   965  1274 E StrictMode: 	at android.os.StrictMode.readAndHandleBinderCallViolations(StrictMode.java:1911)
01-01 22:30:41.382   965  1274 E StrictMode: 	at android.os.Parcel.readExceptionCode(Parcel.java:1601)
01-01 22:30:41.382   965  1274 E StrictMode: 	at android.os.Parcel.readException(Parcel.java:1570)
01-01 22:30:41.382   965  1274 E StrictMode: 	at joh.c(SourceFile:111)
01-01 22:30:41.382   965  1274 E StrictMode: 	at ihg.equals(SourceFile:78)
01-01 22:30:41.382   965  1274 E StrictMode: 	at izd.b(SourceFile:245)
01-01 22:30:41.382   965  1274 E StrictMode: 	at izd.a(SourceFile:152)
01-01 22:30:41.382   965  1274 E StrictMode: 	at izd.b(SourceFile:137)
01-01 22:30:41.382   965  1274 E StrictMode: 	at izd.b(SourceFile:99)
01-01 22:30:41.382   965  1274 E StrictMode: 	at aefd.c(SourceFile:571)
01-01 22:30:41.382   965  1274 E StrictMode: 	at aefd.a(SourceFile:181)
01-01 22:30:41.382   965  1274 E StrictMode: 	at aefe.b(SourceFile:93)
01-01 22:30:41.382   965  1274 E StrictMode: 	at qmd.a(SourceFile:74)
01-01 22:30:41.382   965  1274 E StrictMode: 	at qjf.a(SourceFile:1278)
01-01 22:30:41.382   965  1274 E StrictMode: 	at rah.b(SourceFile:104)
01-01 22:30:41.382   965  1274 E StrictMode: 	at rah.a(SourceFile:72)
01-01 22:30:41.382   965  1274 E StrictMode: 	at rai.a(SourceFile:2052)
01-01 22:30:41.382   965  1274 E StrictMode: 	at rap.c(SourceFile:205)
01-01 22:30:41.382   965  1274 E StrictMode: 	at qzo.onTransact(SourceFile:150)
01-01 22:30:41.382   965  1274 E StrictMode: 	at android.os.Binder.execTransact(Binder.java:453)
01-01 22:30:41.382   965  1274 E StrictMode: # via Binder call with stack:
01-01 22:30:41.382   965  1274 E StrictMode: android.os.StrictMode$LogStackTrace
01-01 22:30:41.382   965  1274 E StrictMode: 	at android.os.StrictMode.readAndHandleBinderCallViolations(StrictMode.java:1911)
01-01 22:30:41.382   965  1274 E StrictMode: 	at android.os.Parcel.readExceptionCode(Parcel.java:1601)
01-01 22:30:41.382   965  1274 E StrictMode: 	at android.os.Parcel.readException(Parcel.java:1570)
01-01 22:30:41.382   965  1274 E StrictMode: 	at joh.c(SourceFile:111)
01-01 22:30:41.382   965  1274 E StrictMode: 	at ihg.equals(SourceFile:78)
01-01 22:30:41.382   965  1274 E StrictMode: 	at izd.b(SourceFile:245)
01-01 22:30:41.382   965  1274 E StrictMode: 	at izd.a(SourceFile:152)
01-01 22:30:41.382   965  1274 E StrictMode: 	at izd.b(SourceFile:137)
01-01 22:30:41.382   965  1274 E StrictMode: 	at izd.b(SourceFile:99)
01-01 22:30:41.382   965  1274 E StrictMode: 	at aefd.c(SourceFile:571)
01-01 22:30:41.382   965  1274 E StrictMode: 	at aefd.a(SourceFile:181)
01-01 22:30:41.382   965  1274 E StrictMode: 	at aefe.b(SourceFile:93)
01-01 22:30:41.382   965  1274 E StrictMode: 	at qmd.a(SourceFile:74)
01-01 22:30:41.382   965  1274 E StrictMode: 	at qjf.a(SourceFile:1278)
01-01 22:30:41.382   965  1274 E StrictMode: 	at rah.b(SourceFile:104)
01-01 22:30:41.382   965  1274 E StrictMode: 	at rah.a(SourceFile:72)
01-01 22:30:41.382   965  1274 E StrictMode: 	at rai.a(SourceFile:2052)
01-01 22:30:41.382   965  1274 E StrictMode: 	at rap.c(SourceFile:205)
01-01 22:30:41.382   965  1274 E StrictMode: 	at qzo.onTransact(SourceFile:150)
01-01 22:30:41.382   965  1274 E StrictMode: 	at android.os.Binder.execTransact(Binder.java:453)
01-01 22:30:41.382   965  1274 E StrictMode: # via Binder call with stack:
01-01 22:30:41.382   965  1274 E StrictMode: android.os.StrictMode$LogStackTrace
01-01 22:30:41.382   965  1274 E StrictMode: 	at android.os.StrictMode.readAndHandleBinderCallViolations(StrictMode.java:1911)
01-01 22:30:41.382   965  1274 E StrictMode: 	at android.os.Parcel.readExceptionCode(Parcel.java:1601)
01-01 22:30:41.382   965  1274 E StrictMode: 	at android.os.Parcel.readException(Parcel.java:1570)
01-01 22:30:41.382   965  1274 E StrictMode: 	at joh.c(SourceFile:111)
01-01 22:30:41.382   965  1274 E StrictMode: 	at ihg.equals(SourceFile:78)
01-01 22:30:41.382   965  1274 E StrictMode: 	at izd.b(SourceFile:245)
01-01 22:30:41.382   965  1274 E StrictMode: 	at izd.a(SourceFile:152)
01-01 22:30:41.382   965  1274 E StrictMode: 	at izd.b(SourceFile:137)
01-01 22:30:41.382   965  1274 E StrictMode: 	at izd.b(SourceFile:99)
01-01 22:30:41.382   965  1274 E StrictMode: 	at aefd.c(SourceFile:571)
01-01 22:30:41.382   965  1274 E StrictMode: 	at aefd.a(SourceFile:181)
01-01 22:30:41.382   965  1274 E StrictMode: 	at aefe.b(SourceFile:93)
01-01 22:30:41.382   965  1274 E StrictMode: 	at qmd.a(SourceFile:74)
01-01 22:30:41.382   965  1274 E StrictMode: 	at qjf.a(SourceFile:1278)
01-01 22:30:41.382   965  1274 E StrictMode: 	at rah.b(SourceFile:104)
01-01 22:30:41.382   965  1274 E StrictMode: 	at rah.a(SourceFile:72)
01-01 22:30:41.382   965  1274 E StrictMode: 	at rai.a(SourceFile:2052)
01-01 22:30:41.382   965  1274 E StrictMode: 	at rap.c(SourceFile:205)
01-01 22:30:41.382   965  1274 E StrictMode: 	at qzo.onTransact(SourceFile:150)
01-01 22:30:41.382   965  1274 E StrictMode: 	at android.os.Binder.execTransact(Binder.java:453)
01-01 22:30:41.382   965  1274 E StrictMode: # via Binder call with stack:
01-01 22:30:41.382   965  1274 E StrictMode: android.os.StrictMode$Lo
01-01 22:30:41.384   965  1274 D Error   : ERR: exClass=android.util.Log$TerribleFailure
01-01 22:30:41.385   965  1274 D Error   : ERR: exMsg=Stack is too large: numViolations=1 policy=#680007 front= android.app.SharedPreferencesImpl.getString(SharedPreferencesImpl.java:224)
01-01 22:30:41.385   965  1274 D Error   : 	at rah.a(SourceFile:60)
01-01 22:30:41.385   965  1274 D Error   : 	at rai.a(SourceFile:2052)
01-01 22:30:41.385   965  1274 D Error   : 	at rap.c(SourceFile:205)
01-01 22:30:41.385   965  1274 D Error   : 	at qzo.onTransact(SourceFile:150)
01-01 22:30:41.385   965  1274 D Error   : 	at android.os.Binder.execTransact(Binder.java:453)
01-01 22:30:41.385   965  1274 D Error   : # via Binder call with stack:
01-01 22:30:41.385   965  1274 D Error   : android.os.StrictMode$LogStackTrace
01-01 22:30:41.385   965  1274 D Error   : 	at android.os.StrictMode.readAndHandleBinderCallViolations(StrictMode.java:1911)
01-01 22:30:41.385   965  1274 D Error   : 	at android.os.Parcel.readExceptionCode(Parcel.java:1601)
01-01 22:30:41.385   965  1274 D Error   : 	at android.os.Parcel.readException(Parcel.java:1570)
01-01 22:30:41.385   965  1274 D Error   : 	at joh.c(SourceFile:111)
01-01 22:30:41.385   965  1274 D Error   : 	at ihg.equals(SourceFile:78)
01-01 22:30:41.385   965  1274 D Error   : 	at izd.b(SourceFile:245)
01-01 22:30:41.385   965  1274 D Error   : 	at izd.a(SourceFile:152)
01-01 22:30:41.385   965  1274 D Error   : 	at izd.b(SourceFile:137)
01-01 22:30:41.385   965  1274 D Error   : 	at izd.b(SourceFile:99)
01-01 22:30:41.385   965  1274 D Error   : 	at aefd.c(SourceFile:571)
01-01 22:30:41.385   965  1274 D Error   : 	at aefd.a(SourceFile:181)
01-01 22:30:41.385   965  1274 D Error   : 	at aefe.b(SourceFile:93)
01-01 22:30:41.385   965  1274 D Error   : 	at qmd.a(SourceFile:74)
01-01 22:30:41.385   965  1274 D Error   : 	at qjf.a(SourceFile:1278)
01-01 22:30:41.385   965  1274 D Error   : 	at rah.b(SourceFile:104)
01-01 22:30:41.385   965  1274 D Error   : 	at rah.a(SourceFile:72)
01-01 22:30:41.385   965  1274 D Error   : 	at rai.a(SourceFile:2052)
01-01 22:30:41.385   965  1274 D Error   : 	at rap.c(SourceFile:205)
01-01 22:30:41.385   965  1274 D Error   : 	at qzo.onTransact(SourceFile:150)
01-01 22:30:41.385   965  1274 D Error   : 	at android.os.Binder.execTransact(Binder.java:453)
01-01 22:30:41.385   965  1274 D Error   : # via Binder call with stack:
01-01 22:30:41.385   965  1274 D Error   : android.os.StrictMode$LogStackTrace
01-01 22:30:41.385   965  1274 D Error   : 	at android.os.StrictMode.readAndHandleBinderCallViolations(StrictMode.java:1911)
01-01 22:30:41.385   965  1274 D Error   : 	at android.os.Parcel.readExceptionCode(Parcel.java:1601)
01-01 22:30:41.385   965  1274 D Error   : 	at android.os.Parcel.readException(Parcel.java:1570)
01-01 22:30:41.385   965  1274 D Error   : 	at joh.c(SourceFile:111)
01-01 22:30:41.385   965  1274 D Error   : 	at ihg.equals(SourceFile:78)
01-01 22:30:41.385   965  1274 D Error   : 	at izd.b(SourceFile:245)
01-01 22:30:41.385   965  1274 D Error   : 	at izd.a(SourceFile:152)
01-01 22:30:41.385   965  1274 D Error   : 	at izd.b(SourceFile:137)
01-01 22:30:41.385   965  1274 D Error   : 	at izd.b(SourceFile:99)
01-01 22:30:41.385   965  1274 D Error   : 	at aefd.c(SourceFile:571)
01-01 22:30:41.385   965  1274 D Error   : 	at aefd.a(SourceFile:181)
01-01 22:30:41.385   965  1274 D Error   : 	at aefe.b(SourceFile:93)
01-01 22:30:41.385   965  1274 D Error   : 	at qmd.a(SourceFile:74)
01-01 22:30:41.385   965  1274 D Error   : 	at qjf.a(SourceFile:1278)
01-01 22:30:41.385   965  1274 D Error   : 	at rah.b(SourceFile:104)
01-01 22:30:41.385   965  1274 D Error   : 	at rah.a(SourceFile:72)
01-01 22:30:41.385   965  1274 D Error   : 	at rai.a(SourceFile:2052)
01-01 22:30:41.385   965  1274 D Error   : 	at rap.c(SourceFile:205)
01-01 22:30:41.385   965  1274 D Error   : 	at qzo.onTransact(SourceFile:150)
01-01 22:30:41.385   965  1274 D Error   : 	at android.os.Binder.execTransact(Binder.java:453)
01-01 22:30:41.385   965  1274 D Error   : # via Binder call with stack:
01-01 22:30:41.385   965  1274 D Error   : android.os.StrictMode$LogStackTrace
01-01 22:30:41.385   965  1274 D Error   : 	at android.os.StrictMode.readAndHandleBinderCallViolations(StrictMode.java:1911)
01-01 22:30:41.385   965  1274 D Error   : 	at android.os.Parcel.readExceptionCode(Parcel.java:1601)
01-01 22:30:41.385   965  1274 D Error   : 	at android.os.Parcel.readException(Parcel.java:1570)
01-01 22:30:41.385   965  1274 D Error   : 	at joh.c(SourceFile:111)
01-01 22:30:41.385   965  1274 D Error   : 	at ihg.equals(SourceFile:78)
01-01 22:30:41.385   965  1274 D Error   : 	at izd.b(SourceFile:245)
01-01 22:30:41.385   965  1274 D Error   : 	at izd.a(SourceFile:152)
01-01 22:30:41.385   965  1274 D Error   : 	at izd.b(SourceFile:137)
01-01 22:30:41.385   965  1274 D Error   : 	at izd.b(SourceFile:99)
01-01 22:30:41.385   965  1274 D Error   : 	at aefd.c(SourceFile:571)
01-01 22:30:41.385   965  1274 D Error   : 	at aefd.a(SourceFile:181)
01-01 22:30:41.385   965  1274 D Error   : 	at aefe.b(SourceFile:93)
01-01 22:30:41.385   965  1274 D Error   : 	at qmd.a(SourceFile:74)
01-01 22:30:41.385   965  1274 D Error   : 	at qjf.a(SourceFile:1278)
01-01 22:30:41.385   965  1274 D Error   : 	at rah.b(SourceFile:104)
01-01 22:30:41.385   965  1274 D Error   : 	at rah.a(SourceFile:72)
01-01 22:30:41.385   965  1274 D Error   : 	at rai.a(SourceFile:2052)
01-01 22:30:41.385   965  1274 D Error   : 	at rap.c(SourceFile:205)
01-01 22:30:41.385   965  1274 D Error   : 	at qzo.onTransact(SourceFile:150)
01-01 22:30:41.385   965  1274 D Error   : 	at android.os.Binder.execTransact(Binder.java:453)
01-01 22:30:41.385   965  1274 D Error   : # via Binder call with stack:
01-01 22:30:41.385   965  1274 D Error   : android.os.StrictMode$LogStackTrace
01-01 22:30:41.385   965  1274 D Error   : 	at android.os.StrictMode.readAndHandleBinderCallViolations(StrictMode.java:1911)
01-01 22:30:41.385   965  1274 D Error   : 	at android.os.Parcel.readExceptionCode(Parcel.java:1601)
01-01 22:30:41.385   965  1274 D Error   : 	at android.os.Parcel.readException(Parcel.java:1570)
01-01 22:30:41.385   965  1274 D Error   : 	at joh.c(SourceFile:111)
01-01 22:30:41.385   965  1274 D Error   : 	at ihg.equals(SourceFile:78)
01-01 22:30:41.385   965  1274 D Error   : 	at izd.b(SourceFile:245)
01-01 22:30:41.385   965  1274 D Error   : 	at izd.a(SourceFile:152)
01-01 22:30:41.385   965  1274 D Error   : 	at izd.b(SourceFile:137)
01-01 22:30:41.385   965  1274 D Error   : 	at izd.b(SourceFile:99)
01-01 22:30:41.385   965  1274 D Error   : 	at aefd.c(SourceFile:571)
01-01 22:30:41.385   965  1274 D Error   : 	at aefd.a(SourceFile:181)
01-01 22:30:41.385   965  1274 D Error   : 	at aefe.b(SourceFile:93)
01-01 22:30:41.385   965  1274 D Error   : 	at qmd.a(SourceFile:74)
01-01 22:30:41.385   965  1274 D Error   : 	at qjf.a(SourceFile:1278)
01-01 22:30:41.385   965  1274 D Error   : 	at rah.b(SourceFile:104)
01-01 22:30:41.385   965  1274 D Error   : 	at rah.a(SourceFile:72)
01-01 22:30:41.385   965  1274 D Error   : 	at rai.a(SourceFile:2052)
01-01 22:30:41.385   965  1274 D Error   : 	at rap.c(SourceFile:205)
01-01 22:30:41.385   965  1274 D Error   : 	at qzo.onTransact(SourceFile:150)
01-01 22:30:41.385   965  1274 D Error   : 	at android.os.Binder.execTransact(Binder.java:453)
01-01 22:30:41.385   965  1274 D Error   : # via Binder call with stack:
01-01 22:30:41.385   965  1274 D Error   : android.os.StrictMode$LogStackTrace
01-01 22:30:41.385   965  1274 D Error   : 	at android.os.StrictMode.readAndHandleBinderCallViolations(StrictMode.java:1911)
01-01 22:30:41.385   965  1274 D Error   : 	at android.os.Parcel.readExceptionCode(Parcel.java:1601)
01-01 22:30:41.385   965  1274 D Error   : 	at android.os.Parcel.readException(Parcel.java:1570)
01-01 22:30:41.385   965  1274 D Error   : 	at joh.c(SourceFile:111)
01-01 22:30:41.385   965  1274 D Error   : 	at ihg.equals(SourceFile:78)
01-01 22:30:41.385   965  1274 D Error   : 	at izd.b(SourceFile:245)
01-01 22:30:41.385   965  1274 D Error   : 	at izd.a(SourceFile:152)
01-01 22:30:41.385   965  1274 D Error   : 	at izd.b(SourceFile:137)
01-01 22:30:41.385   965  1274 D Error   : 	at izd.b(SourceFile:99)
01-01 22:30:41.385   965  1274 D Error   : 	at aefd.c(SourceFile:571)
01-01 22:30:41.385   965  1274 D Error   : 	at aefd.a(SourceFile:181)
01-01 22:30:41.385   965  1274 D Error   : 	at aefe.b(SourceFile:93)
01-01 22:30:41.385   965  1274 D Error   : 	at qmd.a(SourceFile:74)
01-01 22:30:41.385   965  1274 D Error   : 	at qjf.a(SourceFile:1278)
01-01 22:30:41.385   965  1274 D Error   : 	at rah.b(SourceFile:104)
01-01 22:30:41.385   965  1274 D Error   : 	at rah.a(SourceFile:72)
01-01 22:30:41.385   965  1274 D Error   : 	at rai.a(SourceFile:2052)
01-01 22:30:41.385   965  1274 D Error   : 	at rap.c(SourceFile:205)
01-01 22:30:41.385   965  1274 D Error   : 	at qzo.onTransact(SourceFile:150)
01-01 22:30:41.385   965  1274 D Error   : 	at android.os.Binder.execTransact(Binder.java:453)
01-01 22:30:41.385   965  1274 D Error   : # via Binder call with stack:
01-01 22:30:41.385   965  1274 D Error   : android.os.StrictM
01-01 22:30:41.385   965  1274 D Error   : ERR: file=Log.java
01-01 22:30:41.385   965  1274 D Error   : ERR: class=android.util.Log
01-01 22:30:41.385   965  1274 D Error   : ERR: method=wtf line=291
01-01 22:30:41.386   965  1274 D Error   : ERR: stack=android.util.Log$TerribleFailure: Stack is too large: numViolations=1 policy=#680007 front= android.app.SharedPreferencesImpl.getString(SharedPreferencesImpl.java:224)
01-01 22:30:41.386   965  1274 D Error   : 	at rah.a(SourceFile:60)
01-01 22:30:41.386   965  1274 D Error   : 	at rai.a(SourceFile:2052)
01-01 22:30:41.386   965  1274 D Error   : 	at rap.c(SourceFile:205)
01-01 22:30:41.386   965  1274 D Error   : 	at qzo.onTransact(SourceFile:150)
01-01 22:30:41.386   965  1274 D Error   : 	at android.os.Binder.execTransact(Binder.java:453)
01-01 22:30:41.386   965  1274 D Error   : # via Binder call with stack:
01-01 22:30:41.386   965  1274 D Error   : android.os.StrictMode$LogStackTrace
01-01 22:30:41.386   965  1274 D Error   : 	at android.os.StrictMode.readAndHandleBinderCallViolations(StrictMode.java:1911)
01-01 22:30:41.386   965  1274 D Error   : 	at android.os.Parcel.readExceptionCode(Parcel.java:1601)
01-01 22:30:41.386   965  1274 D Error   : 	at android.os.Parcel.readException(Parcel.java:1570)
01-01 22:30:41.386   965  1274 D Error   : 	at joh.c(SourceFile:111)
01-01 22:30:41.386   965  1274 D Error   : 	at ihg.equals(SourceFile:78)
01-01 22:30:41.386   965  1274 D Error   : 	at izd.b(SourceFile:245)
01-01 22:30:41.386   965  1274 D Error   : 	at izd.a(SourceFile:152)
01-01 22:30:41.386   965  1274 D Error   : 	at izd.b(SourceFile:137)
01-01 22:30:41.386   965  1274 D Error   : 	at izd.b(SourceFile:99)
01-01 22:30:41.386   965  1274 D Error   : 	at aefd.c(SourceFile:571)
01-01 22:30:41.386   965  1274 D Error   : 	at aefd.a(SourceFile:181)
01-01 22:30:41.386   965  1274 D Error   : 	at aefe.b(SourceFile:93)
01-01 22:30:41.386   965  1274 D Error   : 	at qmd.a(SourceFile:74)
01-01 22:30:41.386   965  1274 D Error   : 	at qjf.a(SourceFile:1278)
01-01 22:30:41.386   965  1274 D Error   : 	at rah.b(SourceFile:104)
01-01 22:30:41.386   965  1274 D Error   : 	at rah.a(SourceFile:72)
01-01 22:30:41.386   965  1274 D Error   : 	at rai.a(SourceFile:2052)
01-01 22:30:41.386   965  1274 D Error   : 	at rap.c(SourceFile:205)
01-01 22:30:41.386   965  1274 D Error   : 	at qzo.onTransact(SourceFile:150)
01-01 22:30:41.386   965  1274 D Error   : 	at android.os.Binder.execTransact(Binder.java:453)
01-01 22:30:41.386   965  1274 D Error   : # via Binder call with stack:
01-01 22:30:41.386   965  1274 D Error   : android.os.StrictMode$LogStackTrace
01-01 22:30:41.386   965  1274 D Error   : 	at android.os.StrictMode.readAndHandleBinderCallViolations(StrictMode.java:1911)
01-01 22:30:41.386   965  1274 D Error   : 	at android.os.Parcel.readExceptionCode(Parcel.java:1601)
01-01 22:30:41.386   965  1274 D Error   : 	at android.os.Parcel.readException(Parcel.java:1570)
01-01 22:30:41.386   965  1274 D Error   : 	at joh.c(SourceFile:111)
01-01 22:30:41.386   965  1274 D Error   : 	at ihg.equals(SourceFile:78)
01-01 22:30:41.386   965  1274 D Error   : 	at izd.b(SourceFile:245)
01-01 22:30:41.386   965  1274 D Error   : 	at izd.a(SourceFile:152)
01-01 22:30:41.386   965  1274 D Error   : 	at izd.b(SourceFile:137)
01-01 22:30:41.386   965  1274 D Error   : 	at izd.b(SourceFile:99)
01-01 22:30:41.386   965  1274 D Error   : 	at aefd.c(SourceFile:571)
01-01 22:30:41.386   965  1274 D Error   : 	at aefd.a(SourceFile:181)
01-01 22:30:41.386   965  1274 D Error   : 	at aefe.b(SourceFile:93)
01-01 22:30:41.386   965  1274 D Error   : 	at qmd.a(SourceFile:74)
01-01 22:30:41.386   965  1274 D Error   : 	at qjf.a(SourceFile:1278)
01-01 22:30:41.386   965  1274 D Error   : 	at rah.b(SourceFile:104)
01-01 22:30:41.386   965  1274 D Error   : 	at rah.a(SourceFile:72)
01-01 22:30:41.386   965  1274 D Error   : 	at rai.a(SourceFile:2052)
01-01 22:30:41.386   965  1274 D Error   : 	at rap.c(SourceFile:205)
01-01 22:30:41.386   965  1274 D Error   : 	at qzo.onTransact(SourceFile:150)
01-01 22:30:41.386   965  1274 D Error   : 	at android.os.Binder.execTransact(Binder.java:453)
01-01 22:30:41.386   965  1274 D Error   : # via Binder call with stack:
01-01 22:30:41.386   965  1274 D Error   : android.os.StrictMode$LogStackTrace
01-01 22:30:41.386   965  1274 D Error   : 	at android.os.StrictMode.readAndHandleBinderCallViolations(StrictMode.java:1911)
01-01 22:30:41.386   965  1274 D Error   : 	at android.os.Parcel.readExceptionCode(Parcel.java:1601)
01-01 22:30:41.386   965  1274 D Error   : 	at android.os.Parcel.readException(Parcel.java:1570)
01-01 22:30:41.386   965  1274 D Error   : 	at joh.c(SourceFile:111)
01-01 22:30:41.386   965  1274 D Error   : 	at ihg.equals(SourceFile:78)
01-01 22:30:41.386   965  1274 D Error   : 	at izd.b(SourceFile:245)
01-01 22:30:41.386   965  1274 D Error   : 	at izd.a(SourceFile:152)
01-01 22:30:41.386   965  1274 D Error   : 	at izd.b(SourceFile:137)
01-01 22:30:41.386   965  1274 D Error   : 	at izd.b(SourceFile:99)
01-01 22:30:41.386   965  1274 D Error   : 	at aefd.c(SourceFile:571)
01-01 22:30:41.386   965  1274 D Error   : 	at aefd.a(SourceFile:181)
01-01 22:30:41.386   965  1274 D Error   : 	at aefe.b(SourceFile:93)
01-01 22:30:41.386   965  1274 D Error   : 	at qmd.a(SourceFile:74)
01-01 22:30:41.386   965  1274 D Error   : 	at qjf.a(SourceFile:1278)
01-01 22:30:41.386   965  1274 D Error   : 	at rah.b(SourceFile:104)
01-01 22:30:41.386   965  1274 D Error   : 	at rah.a(SourceFile:72)
01-01 22:30:41.386   965  1274 D Error   : 	at rai.a(SourceFile:2052)
01-01 22:30:41.386   965  1274 D Error   : 	at rap.c(SourceFile:205)
01-01 22:30:41.386   965  1274 D Error   : 	at qzo.onTransact(SourceFile:150)
01-01 22:30:41.386   965  1274 D Error   : 	at android.os.Binder.execTransact(Binder.java:453)
01-01 22:30:41.386   965  1274 D Error   : # via Binder call with stack:
01-01 22:30:41.386   965  1274 D Error   : android.os.StrictMode$LogStackTrace
01-01 22:30:41.386   965  1274 D Error   : 	at android.os.StrictMode.readAndHandleBinderCallViolations(StrictMode.java:1911)
01-01 22:30:41.386   965  1274 D Error   : 	at android.os.Parcel.readExceptionCode(Parcel.java:1601)
01-01 22:30:41.386   965  1274 D Error   : 	at android.os.Parcel.readException(Parcel.java:1570)
01-01 22:30:41.386   965  1274 D Error   : 	at joh.c(SourceFile:111)
01-01 22:30:41.386   965  1274 D Error   : 	at ihg.equals(SourceFile:78)
01-01 22:30:41.386   965  1274 D Error   : 	at izd.b(SourceFile:245)
01-01 22:30:41.386   965  1274 D Error   : 	at izd.a(SourceFile:152)
01-01 22:30:41.386   965  1274 D Error   : 	at izd.b(SourceFile:137)
01-01 22:30:41.386   965  1274 D Error   : 	at izd.b(SourceFile:99)
01-01 22:30:41.386   965  1274 D Error   : 	at aefd.c(SourceFile:571)
01-01 22:30:41.386   965  1274 D Error   : 	at aefd.a(SourceFile:181)
01-01 22:30:41.386   965  1274 D Error   : 	at aefe.b(SourceFile:93)
01-01 22:30:41.386   965  1274 D Error   : 	at qmd.a(SourceFile:74)
01-01 22:30:41.386   965  1274 D Error   : 	at qjf.a(SourceFile:1278)
01-01 22:30:41.386   965  1274 D Error   : 	at rah.b(SourceFile:104)
01-01 22:30:41.386   965  1274 D Error   : 	at rah.a(SourceFile:72)
01-01 22:30:41.386   965  1274 D Error   : 	at rai.a(SourceFile:2052)
01-01 22:30:41.386   965  1274 D Error   : 	at rap.c(SourceFile:205)
01-01 22:30:41.386   965  1274 D Error   : 	at qzo.onTransact(SourceFile:150)
01-01 22:30:41.386   965  1274 D Error   : 	at android.os.Binder.execTransact(Binder.java:453)
01-01 22:30:41.386   965  1274 D Error   : # via Binder call with stack:
01-01 22:30:41.386   965  1274 D Error   : android.os.StrictMode$LogStackTrace
01-01 22:30:41.386   965  1274 D Error   : 	at android.os.StrictMode.readAndHandleBinderCallViolations(StrictMode.java:1911)
01-01 22:30:41.386   965  1274 D Error   : 	at android.os.Parcel.readExceptionCode(Parcel.java:1601)
01-01 22:30:41.386   965  1274 D Error   : 	at android.os.Parcel.readException(Parcel.java:1570)
01-01 22:30:41.386   965  1274 D Error   : 	at joh.c(SourceFile:111)
01-01 22:30:41.386   965  1274 D Error   : 	at ihg.equals(SourceFile:78)
01-01 22:30:41.386   965  1274 D Error   : 	at izd.b(SourceFile:245)
01-01 22:30:41.386   965  1274 D Error   : 	at izd.a(SourceFile:152)
01-01 22:30:41.386   965  1274 D Error   : 	at izd.b(SourceFile:137)
01-01 22:30:41.386   965  1274 D Error   : 	at izd.b(SourceFile:99)
01-01 22:30:41.386   965  1274 D Error   : 	at aefd.c(SourceFile:571)
01-01 22:30:41.386   965  1274 D Error   : 	at aefd.a(SourceFile:181)
01-01 22:30:41.386   965  1274 D Error   : 	at aefe.b(SourceFile:93)
01-01 22:30:41.386   965  1274 D Error   : 	at qmd.a(SourceFile:74)
01-01 22:30:41.386   965  1274 D Error   : 	at qjf.a(SourceFile:1278)
01-01 22:30:41.386   965  1274 D Error   : 	at rah.b(SourceFile:104)
01-01 22:30:41.386   965  1274 D Error   : 	at rah.a(SourceFile:72)
01-01 22:30:41.386   965  1274 D Error   : 	at rai.a(SourceFile:2052)
01-01 22:30:41.386   965  1274 D Error   : 	at rap.c(SourceFile:205)
01-01 22:30:41.386   965  1274 D Error   : 	at qzo.onTransact(SourceFile:150)
01-01 22:30:41.386   965  1274 D Error   : 	at android.os.Binder.execTransact(Binder.java:453)
01-01 22:30:41.386   965  1274 D Error   : # via Binder c
01-01 22:30:41.386   965  1274 D Error   : ERR: TOTAL BYTES WRITTEN: 121672
01-01 22:30:41.391   965  1281 W GCoreFlp: No location to return for getLastLocation()
01-01 22:30:41.392   965  1274 W FusedLocationProvider: location=null
01-01 22:30:41.400   965  1281 W GCoreFlp: No location to return for getLastLocation()
01-01 22:30:41.400   965   977 W FusedLocationProvider: location=null
01-01 22:30:41.505   560  1167 D ConnectivityService: listenForNetwork for Listen from uid/pid:10043/1685 for NetworkRequest [ id=5, legacyType=-1, [ Capabilities: INTERNET&NOT_RESTRICTED&TRUSTED] ]
01-01 22:30:41.534  1453  1833 D fdn     : Opening database auth.proximity.permit_store...
01-01 22:30:41.537   965  1667 D EasyUnlockInitService: Not initializing EasyUnlock: remote_devices=0, bluetooth_on=true
01-01 22:30:41.539  1685  1766 E YouTube : Failed delayed event dispatch, no dispatchers.
01-01 22:30:41.836   227   459 D CameraHal: camera_get_camera_info(1312): camera_get_camera_info(1312): camera_0 facing(0), orientation(90)
01-01 22:30:41.836   227   633 D CameraHal: camera_get_camera_info(1312): camera_get_camera_info(1312): camera_1 facing(1), orientation(270)
01-01 22:30:41.892  1685  1881 I PrimesTesting: GserviceFlagsSupplier.get()
01-01 22:30:41.925  1685  1881 I CrashMetricService: Startup metric for 'PRIMES_CRASH_MONITORING_INITIALIZED' dropped.
01-01 22:30:42.094  1685  1685 W YT.MDX.zds: CastAppId for type 0 not found. Defaulting to mainCastAppId.
01-01 22:30:42.412  1685  1862 D SensorManager: aidl getSensorManager:android.hardware.ISensorManager$Stub$Proxy@6dfe369
01-01 22:30:42.437  1685  1685 W YT.MDX.zds: CastAppId for type 0 not found. Defaulting to mainCastAppId.
01-01 22:30:42.667   965   965 V UserPresentBroadcastReceiver: Received Intent { act=android.intent.action.USER_PRESENT flg=0x24000010 cmp=com.google.android.gms/.trustagent.UserPresentBroadcastReceiver }.
01-01 22:30:42.694   560   606 V AlarmManager: triggered: act=com.android.providers.calendar.intent.CalendarProvider2 cmp=com.android.providers.calendar/.CalendarProviderBroadcastReceiver Pkg: com.android.providers.calendar
01-01 22:30:42.923   965  1925 D GCM     : GcmService start Intent { act=com.google.android.checkin.CHECKIN_COMPLETE flg=0x10 cmp=com.google.android.gms/.gcm.GcmService (has extras) } com.google.android.checkin.CHECKIN_COMPLETE
01-01 22:30:42.949  1453  1453 I CmaSystemUpdateService: receiver: Intent { act=com.google.android.gms.update.BOOT_START_SERVICE flg=0x10 pkg=com.google.android.gms cmp=com.google.android.gms/.update.SystemUpdateServiceReceiver }
01-01 22:30:42.950  1453  1453 I CmaSystemUpdateService: receiver: Intent { act=com.google.android.gms.update.BOOT_START_SERVICE flg=0x10 pkg=com.google.android.gms cmp=com.google.android.gms/.update.SystemUpdateServiceReceiver }
01-01 22:30:42.968  1453  1453 D CmaSystemUpdateService: onCreate
01-01 22:30:42.968  1453  1453 D CmaSystemUpdateService: mProcessPackageEnabled: false, mAutomaticUpdateEnabled: false
01-01 22:30:42.971  1453  1453 D CmaSystemUpdateService: onStartCommand: intent: Intent { act=com.google.android.gms.update.START_SERVICE pkg=com.google.android.gms (has extras) }
01-01 22:30:42.983  1453  1928 I SystemUpdateTask: cancelUpdate (empty URL)
01-01 22:30:42.984  1453  1928 I CmaSystemUpdateService: active receiver: disabled
01-01 22:30:42.997  1453  1453 D CmaSystemUpdateService: onDestroy
01-01 22:30:43.000   965  1931 D GCM     : GcmService start Intent { act=com.google.android.checkin.CHECKIN_COMPLETE flg=0x10 cmp=com.google.android.gms/.gcm.GcmService (has extras) } com.google.android.checkin.CHECKIN_COMPLETE
01-01 22:30:43.048  1453  1932 V GoogleSignatureVerifier: com.google.android.gms signature not valid.  Found: 
01-01 22:30:43.048  1453  1932 V GoogleSignatureVerifier: MIIEQzCCAyugAwIBAgIJAMLgh0ZkSjCNMA0GCSqGSIb3DQEBBAUAMHQxCzAJBgNVBAYTAlVTMRMw
01-01 22:30:43.048  1453  1932 V GoogleSignatureVerifier: EQYDVQQIEwpDYWxpZm9ybmlhMRYwFAYDVQQHEw1Nb3VudGFpbiBWaWV3MRQwEgYDVQQKEwtHb29n
01-01 22:30:43.048  1453  1932 V GoogleSignatureVerifier: bGUgSW5jLjEQMA4GA1UECxMHQW5kcm9pZDEQMA4GA1UEAxMHQW5kcm9pZDAeFw0wODA4MjEyMzEz
01-01 22:30:43.048  1453  1932 V GoogleSignatureVerifier: MzRaFw0zNjAxMDcyMzEzMzRaMHQxCzAJBgNVBAYTAlVTMRMwEQYDVQQIEwpDYWxpZm9ybmlhMRYw
01-01 22:30:43.048  1453  1932 V GoogleSignatureVerifier: FAYDVQQHEw1Nb3VudGFpbiBWaWV3MRQwEgYDVQQKEwtHb29nbGUgSW5jLjEQMA4GA1UECxMHQW5k
01-01 22:30:43.048  1453  1932 V GoogleSignatureVerifier: cm9pZDEQMA4GA1UEAxMHQW5kcm9pZDCCASAwDQYJKoZIhvcNAQEBBQADggENADCCAQgCggEBAKtW
01-01 22:30:43.048  1453  1932 V GoogleSignatureVerifier: LgDYO6IIrgqWbxJOKdoR8qtW0I9Y4sypEwPpt1TTcvZApxsdyxMJZ2JORland2qSGT2y5b+3JKke
01-01 22:30:43.048  1453  1932 V GoogleSignatureVerifier: dxiLDmpHpDsz2WCbdxgxRczfey5YZnTJ4VZbH0xqWVW/8lGmPav5xVwnIiJS6HXk+BVKZF+JcWjA
01-01 22:30:43.048  1453  1932 V GoogleSignatureVerifier: sb/GEuq/eFdpuzSqeYTcfi6idkyugwfYwXFU1+5fZKUaRKYCwkkFQVfcAs1fXA5V+++FGfvjJ/Cx
01-01 22:30:43.048  1453  1932 V GoogleSignatureVerifier: URaSxaBvGdGDhfXE28LWuT9ozCl5xw4Yq5OGazvV24mZVSoOO0yZ31j7kYvtwYK6NeADwbSxDdJE
01-01 22:30:43.048  1453  1932 V GoogleSignatureVerifier: qO4k//0zOHKrUiGYXtqw/A0LFFtqoZKFjnkCAQOjgdkwgdYwHQYDVR0OBBYEFMd9jMIhF1Ylmn/T
01-01 22:30:43.048  1453  1932 V GoogleSignatureVerifier: gt9r45jk14alMIGmBgNVHSMEgZ4wgZuAFMd9jMIhF1Ylmn/Tgt9r45jk14aloXikdjB0MQswCQYD
01-01 22:30:43.048  1453  1932 V GoogleSignatureVerifier: VQQGEwJVUzETMBEGA1UECBMKQ2FsaWZvcm5pYTEWMBQGA1UEBxMNTW91bnRhaW4gVmlldzEUMBIG
01-01 22:30:43.048  1453  1932 V GoogleSignatureVerifier: A1UEChMLR29vZ2xlIEluYy4xEDAOBgNVBAsTB0FuZHJvaWQxEDAOBgNVBAMTB0FuZHJvaWSCCQDC
01-01 22:30:43.048  1453  1932 V GoogleSignatureVerifier: 4IdGZEowjTAMBgNVHRMEBTADAQH/MA0GCSqGSIb3DQEBBAUAA4IBAQBt0lLO74UwLDYKqs6Tm8/y
01-01 22:30:43.048  1453  1932 V GoogleSignatureVerifier: zKkEu116FmH4rkaymUIE0P9KaMftGlMexFlaYjzmB2OxZyl6euNXEsQH8gjwyxCUKRJNexBiGcCE
01-01 22:30:43.048  1453  1932 V GoogleSignatureVerifier: yj6z+a1fuHHvkiaai+KL8W1EyNmgjmyy8AW7P+LLlkR+ho5zEHatRbM/YAnqGcFh5iZBqpknHf1S
01-01 22:30:43.048  1453  1932 V GoogleSignatureVerifier: KMXFh4dd239FJ1jWYfbMDMy3NS5CTMQ2XFI1MvcyUTdZPErjQfTbQe3aDQsQcafEQPD+nqActifK
01-01 22:30:43.048  1453  1932 V GoogleSignatureVerifier: Z0Np0IS9L9kR/wbNvyz6ENwPiTrjV2KRkEjH78ZMcUQXg0L3BYHJ3lc69Vs5Ddf9uUGGMYldX3Wf
01-01 22:30:43.048  1453  1932 V GoogleSignatureVerifier: MBEmh/9iFBDAaTCK
01-01 22:30:43.310   965   965 D EasyUnlockReceiver: Received Bluetooth event: Intent { act=android.bluetooth.adapter.action.STATE_CHANGED flg=0x4000010 cmp=com.google.android.gms/.auth.easyunlock.authorization.BluetoothStateChangeReceiver (has extras) }.
01-01 22:30:43.314   965   965 D BtServices: Received Bluetooth event: Intent { act=android.bluetooth.adapter.action.STATE_CHANGED flg=0x4000010 cmp=com.google.android.gms/.auth.proximity.BluetoothServicesAdapterStateChangeReceiver (has extras) }.
01-01 22:30:43.325  1340  1340 W ContextImpl: Calling a method in the system process without a qualified user: android.app.ContextImpl.startService:1221 android.content.ContextWrapper.startService:581 android.content.ContextWrapper.startService:581 com.android.settings.bluetooth.DockEventReceiver.beginStartingService:134 com.android.settings.bluetooth.DockEventReceiver.onReceive:115 
01-01 22:30:43.329   560   592 D BluetoothManagerService: Added callback: android.bluetooth.IBluetoothManagerCallback$Stub$Proxy@36426e2:true
01-01 22:30:43.336   965   965 D EasyUnlockReceiver: Received Bluetooth event: Intent { act=android.bluetooth.adapter.action.STATE_CHANGED flg=0x4000010 cmp=com.google.android.gms/.auth.easyunlock.authorization.BluetoothStateChangeReceiver (has extras) }.
01-01 22:30:43.342   683   683 D BluetoothPbap: Proxy object connected
01-01 22:30:43.343   683   683 D PbapServerProfile: Bluetooth service connected
01-01 22:30:43.346   965  1938 D EasyUnlockInitService: Handling intent for initializer IntentService.
01-01 22:30:43.346  1340  1340 D LocalBluetoothProfileManager: Adding local A2DP profile
01-01 22:30:43.347  1542  1939 W BluetoothAdapter: getBluetoothService() called with no BluetoothManagerCallback
01-01 22:30:43.349  1340  1340 E BluetoothA2dp: Could not bind to Bluetooth A2DP Service with Intent { act=android.bluetooth.IBluetoothA2dp }
01-01 22:30:43.351   965   965 D BtServices: Received Bluetooth event: Intent { act=android.bluetooth.adapter.action.STATE_CHANGED flg=0x4000010 cmp=com.google.android.gms/.auth.proximity.BluetoothServicesAdapterStateChangeReceiver (has extras) }.
01-01 22:30:43.364  1340  1340 D LocalBluetoothProfileManager: Adding local MAP profile
01-01 22:30:43.365   965  1938 D EasyUnlockInitService: Not initializing EasyUnlock: remote_devices=0, bluetooth_on=true
01-01 22:30:43.365  1340  1340 D BluetoothMap: Create BluetoothMap proxy object
01-01 22:30:43.368  1340  1340 E BluetoothMap: Could not bind to Bluetooth MAP Service with Intent { act=android.bluetooth.IBluetoothMap }
01-01 22:30:43.378  1340  1340 D LocalBluetoothProfileManager: LocalBluetoothProfileManager construction complete
01-01 22:30:43.383  1340  1340 D DockEventReceiver: finishStartingService: stopping service
01-01 22:30:43.384  1340  1340 D BluetoothInputDevice: Proxy object connected
01-01 22:30:43.386  1340  1340 D HidProfile: Bluetooth service connected
01-01 22:30:43.394  1542  1950 W BluetoothAdapter: getBluetoothService() called with no BluetoothManagerCallback
01-01 22:30:43.395  1542  1950 I BtOppRfcommListener: Accept thread started.
01-01 22:30:43.402  1340  1340 D BluetoothPan: BluetoothPAN Proxy object connected
01-01 22:30:43.402  1340  1340 D PanProfile: Bluetooth service connected
01-01 22:30:43.402  1340  1340 D BluetoothPbap: Proxy object connected
01-01 22:30:43.403  1340  1340 D PbapServerProfile: Bluetooth service connected
01-01 22:30:45.856   560   606 V AlarmManager: triggered: act=com.google.android.intent.action.GCM_RECONNECT Pkg: com.google.android.gms
01-01 22:30:45.967   560   625 D WifiConfigStore: Retrieve network priorities after PNO.
01-01 22:30:46.248   965  1789 D PlaceInferenceEngine: Stop called when not running
01-01 22:30:46.257   965  1306 W GeofencerStateMachine: Ignoring removeGeofence because network location is disabled.
01-01 22:30:47.185  1453  1453 E ActivityThread: Service com.google.android.gms.chimera.GmsIntentOperationService has leaked IntentReceiver fvn@ecbbf2f that was originally registered here. Are you missing a call to unregisterReceiver()?
01-01 22:30:47.185  1453  1453 E ActivityThread: android.app.IntentReceiverLeaked: Service com.google.android.gms.chimera.GmsIntentOperationService has leaked IntentReceiver fvn@ecbbf2f that was originally registered here. Are you missing a call to unregisterReceiver()?
01-01 22:30:47.185  1453  1453 E ActivityThread: 	at android.app.LoadedApk$ReceiverDispatcher.<init>(LoadedApk.java:918)
01-01 22:30:47.185  1453  1453 E ActivityThread: 	at android.app.LoadedApk.getReceiverDispatcher(LoadedApk.java:719)
01-01 22:30:47.185  1453  1453 E ActivityThread: 	at android.app.ContextImpl.registerReceiverInternal(ContextImpl.java:1172)
01-01 22:30:47.185  1453  1453 E ActivityThread: 	at android.app.ContextImpl.registerReceiver(ContextImpl.java:1152)
01-01 22:30:47.185  1453  1453 E ActivityThread: 	at android.app.ContextImpl.registerReceiver(ContextImpl.java:1146)
01-01 22:30:47.185  1453  1453 E ActivityThread: 	at android.content.ContextWrapper.registerReceiver(ContextWrapper.java:554)
01-01 22:30:47.185  1453  1453 E ActivityThread: 	at android.content.ContextWrapper.registerReceiver(ContextWrapper.java:554)
01-01 22:30:47.185  1453  1453 E ActivityThread: 	at android.content.ContextWrapper.registerReceiver(ContextWrapper.java:554)
