12-04 14:05:14.915   700  1379 D Surface : Surface::final mReqUsage=a00
12-04 14:05:14.915   700  1379 D mali_winsys: EGLint new_window_surface(egl_winsys_display*, void*, EGLSurface, EGLConfig, egl_winsys_surface**, egl_color_buffer_format*, EGLBoolean) returns 0x3000
12-04 14:05:14.924   192  1047 D gralloc : Isfb=0, [1920,1200,1920,7680], fmt=1, byte_stride=7680
12-04 14:05:14.925   571   592 E WindowManager: Unknown window type: 2999
12-04 14:05:14.934   192  1047 D gralloc : Isfb=0, [1920,1200,1920,7680], fmt=1, byte_stride=7680
12-04 14:05:14.942   192  1047 D gralloc : Isfb=0, [1920,1200,1920,7680], fmt=1, byte_stride=7680
12-04 14:05:14.961   192   200 D gralloc : Isfb=0, [1200,1920,1200,4800], fmt=1, byte_stride=4800
12-04 14:05:14.974   192   729 D gralloc : Isfb=0, [1200,1920,1200,4800], fmt=1, byte_stride=4800
12-04 14:05:14.976   571   583 V WindowStateAnimator: finishDrawingLocked: mDrawState=COMMIT_DRAW_PENDING WindowStateAnimator{4c20bc9 } in Surface(name=)
12-04 14:05:14.976   571   592 I WindowManager:   SURFACE SHOW (performShowLocked): Window{18cfd0 u0 com.roboteam.teamy.usa}
12-04 14:05:14.979   571   592 E WindowManager: Unknown window type: 2999
12-04 14:05:14.996   571   592 E WindowManager: Unknown window type: 2999
12-04 14:05:14.997   192   204 D gralloc : Isfb=0, [1200,1920,1200,4800], fmt=1, byte_stride=4800
12-04 14:05:15.691   236  3241 I AudioSink: callbackwrapper: EVENT_UNDERRUN (discarded)
12-04 14:05:15.907   236   236 I FrameQueueManage: FrameQueueManage::~FrameQueueManage end!
12-04 14:05:16.516   236   369 D AudioFlinger: mixer(0xb35f0008) throttle end: throttle time(16)
12-04 14:05:16.803   571   585 V WindowManager: Done at AppWindowToken{9b0734c token=Token{cf1ae87 ActivityRecord{4966ec6 u0 com.roboteam.teamy.usa/com.roboteam.teamy.internalactivities.settings.views.activities.SettingsActivity t1537}}} -- full screen, return 0
12-04 14:05:16.806   571  1643 V WindowManager: Done at AppWindowToken{9b0734c token=Token{cf1ae87 ActivityRecord{4966ec6 u0 com.roboteam.teamy.usa/com.roboteam.teamy.internalactivities.settings.views.activities.SettingsActivity t1537}}} -- full screen, return 0
12-04 14:05:16.818   571   592 E WindowManager: Unknown window type: 2999
12-04 14:05:16.825   571   712 W AppOps  : Finishing op nesting under-run: uid 1000 pkg com.roboteam.teamy.usa code 24 time=0 duration=0 nesting=0
12-04 14:05:16.835   571   592 E WindowManager: Unknown window type: 2999
12-04 14:05:19.638   236   369 D alsa_route: route_set_controls() set route 24
12-04 14:05:19.638   236   369 D AudioHardwareTiny: close device
12-04 14:05:29.803   700   700 E ThemeUtils: View class androidx.appcompat.widget.AppCompatImageView is an AppCompat widget that can only be used with a Theme.AppCompat theme (or descendant).
12-04 14:05:29.807   700   700 E ThemeUtils: View class androidx.appcompat.widget.AppCompatTextView is an AppCompat widget that can only be used with a Theme.AppCompat theme (or descendant).
12-04 14:05:29.808   700   700 E ThemeUtils: View class androidx.appcompat.widget.AppCompatTextView is an AppCompat widget that can only be used with a Theme.AppCompat theme (or descendant).
12-04 14:05:29.809   700   700 E ThemeUtils: View class androidx.appcompat.widget.AppCompatButton is an AppCompat widget that can only be used with a Theme.AppCompat theme (or descendant).
12-04 14:05:29.810   700   700 E ThemeUtils: View class androidx.appcompat.widget.AppCompatButton is an AppCompat widget that can only be used with a Theme.AppCompat theme (or descendant).
12-04 14:05:29.811   236   369 D AudioHardwareTiny: start_output_stream
12-04 14:05:29.812   236   369 D alsa_route: route_info->sound_card 0, route_info->devices 0  
12-04 14:05:29.812   236   369 D alsa_route: route_set_controls() set route 0
12-04 14:05:29.819   236   570 E MediaPlayerFactory: 2019 03 30 -------- getPlayerType()---------------- 234 !!!! 
12-04 14:05:29.819   236   570 E MediaPlayerFactory: filePath = /data/app/com.roboteam.teamy.usa-2/base.apk 
12-04 14:05:29.819   236   570 E MediaPlayerFactory: 2019 03 30 -------- getPlayerType()---------------- return STAGEFRIGHT_PLAYER !!!! 
12-04 14:05:29.819   236   570 I AwesomePlayer: AwesomePlayer::AwesomePlayer()in
12-04 14:05:29.820   236   570 I AwesomePlayer: AwesomePlayer::AwesomePlayer()aftermClient.connect()
12-04 14:05:29.832   236   570 D AwesomePlayer: the format is mimeType：audio/x-wav,confidence:0.400000
12-04 14:05:29.844   700   700 D MediaPlayer: setSubtitleAnchor in MediaPlayer
12-04 14:05:29.893   571  1719 V WindowManager: Done at AppWindowToken{9b0734c token=Token{cf1ae87 ActivityRecord{4966ec6 u0 com.roboteam.teamy.usa/com.roboteam.teamy.internalactivities.settings.views.activities.SettingsActivity t1537}}} -- full screen, return 0
12-04 14:05:29.908   571   592 E WindowManager: Unknown window type: 2999
12-04 14:05:29.909   571   583 I WindowStateAnimator: createSurface WindowStateAnimator{60318fc }: mDrawState=DRAW_PENDING
12-04 14:05:29.913   571   583 V WindowManager: Done at AppWindowToken{9b0734c token=Token{cf1ae87 ActivityRecord{4966ec6 u0 com.roboteam.teamy.usa/com.roboteam.teamy.internalactivities.settings.views.activities.SettingsActivity t1537}}} -- full screen, return 0
12-04 14:05:29.914   571   583 V WindowManager: Resize reasons for w=Window{9bbd5ef u0 com.roboteam.teamy.usa}:  contentInsetsChanged=false [0,0][0,0] visibleInsetsChanged=false [0,0][0,0] stableInsetsChanged=false [0,0][0,0] outsetsChanged=false [0,0][0,0] surfaceResized=false configChanged=true
12-04 14:05:29.914   571   583 V WindowManager: Resizing window Window{9bbd5ef u0 com.roboteam.teamy.usa} to 1920.0x243.0
12-04 14:05:29.914   571   583 V WindowState: Reporting new frame to Window{9bbd5ef u0 com.roboteam.teamy.usa}: Rect(0, 0 - 1920, 243)
12-04 14:05:29.914   571   583 I WindowState: Sending new config to window Window{9bbd5ef u0 com.roboteam.teamy.usa}: 1920.0x243.0 / config={1.0 ?mcc?mnc en_US ldltr sw800dp w1280dp h800dp 240dpi xlrg land finger -keyb/v/h -nav/h s.4} overrideConfig={1.0 ?mcc?mnc ?locale ?layoutDir ?swdp ?wdp ?hdp ?density ?lsize ?long ?orien ?uimode ?night ?touch ?keyb/?/? ?nav/?}
12-04 14:05:29.914   571   583 I WindowState: Resizing Window{9bbd5ef u0 com.roboteam.teamy.usa} WITH DRAW PENDING
12-04 14:05:29.916   700  1379 D Surface : Surface::final mReqUsage=a00
12-04 14:05:29.916   700  1379 D mali_winsys: EGLint new_window_surface(egl_winsys_display*, void*, EGLSurface, EGLConfig, egl_winsys_surface**, egl_color_buffer_format*, EGLBoolean) returns 0x3000
12-04 14:05:29.921   192  1047 D gralloc : Isfb=0, [1920,243,1920,7680], fmt=1, byte_stride=7680
12-04 14:05:29.923   192  1047 D gralloc : Isfb=0, [1920,243,1920,7680], fmt=1, byte_stride=7680
12-04 14:05:29.925   192  1047 D gralloc : Isfb=0, [1920,243,1920,7680], fmt=1, byte_stride=7680
12-04 14:05:29.926   571   592 E WindowManager: Unknown window type: 2999
12-04 14:05:29.933   192  1047 D gralloc : Isfb=0, [243,1920,256,1024], fmt=1, byte_stride=1024
12-04 14:05:29.938   192   729 D gralloc : Isfb=0, [243,1920,256,1024], fmt=1, byte_stride=1024
12-04 14:05:29.940   571   727 V WindowStateAnimator: finishDrawingLocked: mDrawState=COMMIT_DRAW_PENDING WindowStateAnimator{60318fc } in Surface(name=)
12-04 14:05:29.941   571   592 I WindowManager:   SURFACE SHOW (performShowLocked): Window{9bbd5ef u0 com.roboteam.teamy.usa}
12-04 14:05:29.943   571   592 E WindowManager: Unknown window type: 2999
12-04 14:05:29.961   571   592 E WindowManager: Unknown window type: 2999
12-04 14:05:29.967   192  2616 D gralloc : Isfb=0, [243,1920,256,1024], fmt=1, byte_stride=1024
12-04 14:05:30.712   236  3244 I AudioSink: callbackwrapper: EVENT_UNDERRUN (discarded)
12-04 14:05:30.926   236   632 I FrameQueueManage: FrameQueueManage::~FrameQueueManage end!
12-04 14:05:33.745   236   369 D alsa_route: route_set_controls() set route 24
12-04 14:05:33.745   236   369 D AudioHardwareTiny: close device
12-04 14:05:34.715   571   696 W AppOps  : Finishing op nesting under-run: uid 1000 pkg com.roboteam.teamy.usa code 24 time=0 duration=0 nesting=0
12-04 14:05:34.717   571   696 V WindowManager: Done at AppWindowToken{9b0734c token=Token{cf1ae87 ActivityRecord{4966ec6 u0 com.roboteam.teamy.usa/com.roboteam.teamy.internalactivities.settings.views.activities.SettingsActivity t1537}}} -- full screen, return 0
12-04 14:05:34.720   571   592 E WindowManager: Unknown window type: 2999
12-04 14:05:36.846   236   369 D AudioHardwareTiny: start_output_stream
12-04 14:05:36.847   236   369 D alsa_route: route_info->sound_card 0, route_info->devices 0  
12-04 14:05:36.847   236   369 D alsa_route: route_set_controls() set route 0
12-04 14:05:36.854   571  1643 V WindowManager: Done at AppWindowToken{9b0734c token=Token{cf1ae87 ActivityRecord{4966ec6 u0 com.roboteam.teamy.usa/com.roboteam.teamy.internalactivities.settings.views.activities.SettingsActivity t1537}}} -- full screen, return 0
12-04 14:05:36.860   571   592 E WindowManager: Unknown window type: 2999
12-04 14:05:36.869   236   369 D AudioFlinger: mixer(0xb35f0008) throttle end: throttle time(10)
12-04 14:05:40.027   236   369 D alsa_route: route_set_controls() set route 24
12-04 14:05:40.027   236   369 D AudioHardwareTiny: close device
12-04 14:05:40.377   236   369 D AudioHardwareTiny: start_output_stream
12-04 14:05:40.377   236   369 D alsa_route: route_info->sound_card 0, route_info->devices 0  
12-04 14:05:40.378   236   369 D alsa_route: route_set_controls() set route 0
12-04 14:05:40.410   236   369 D AudioFlinger: mixer(0xb35f0008) throttle end: throttle time(10)
12-04 14:05:42.927   700   700 E ThemeUtils: View class androidx.appcompat.widget.AppCompatImageView is an AppCompat widget that can only be used with a Theme.AppCompat theme (or descendant).
12-04 14:05:42.928   700   700 E ThemeUtils: View class androidx.appcompat.widget.AppCompatTextView is an AppCompat widget that can only be used with a Theme.AppCompat theme (or descendant).
12-04 14:05:42.929   700   700 E ThemeUtils: View class androidx.appcompat.widget.AppCompatTextView is an AppCompat widget that can only be used with a Theme.AppCompat theme (or descendant).
12-04 14:05:42.933   700   700 E ThemeUtils: View class androidx.appcompat.widget.AppCompatTextView is an AppCompat widget that can only be used with a Theme.AppCompat theme (or descendant).
12-04 14:05:42.967   236   632 E MediaPlayerFactory: 2019 03 30 -------- getPlayerType()---------------- 234 !!!! 
12-04 14:05:42.968   236   632 E MediaPlayerFactory: filePath = /data/app/com.roboteam.teamy.usa-2/base.apk 
12-04 14:05:42.968   236   632 E MediaPlayerFactory: 2019 03 30 -------- getPlayerType()---------------- return STAGEFRIGHT_PLAYER !!!! 
12-04 14:05:42.968   236   632 I AwesomePlayer: AwesomePlayer::AwesomePlayer()in
12-04 14:05:42.968   236   632 I AwesomePlayer: AwesomePlayer::AwesomePlayer()aftermClient.connect()
12-04 14:05:42.977   236   369 D AudioFlinger: mixer(0xb35f0008) throttle end: throttle time(10)
12-04 14:05:42.980   236   632 D AwesomePlayer: the format is mimeType：audio/x-wav,confidence:0.400000
12-04 14:05:42.992   700   700 D MediaPlayer: setSubtitleAnchor in MediaPlayer
12-04 14:05:43.022   571  1159 V WindowManager: Done at AppWindowToken{9b0734c token=Token{cf1ae87 ActivityRecord{4966ec6 u0 com.roboteam.teamy.usa/com.roboteam.teamy.internalactivities.settings.views.activities.SettingsActivity t1537}}} -- full screen, return 0
12-04 14:05:43.034   571   592 E WindowManager: Unknown window type: 2999
12-04 14:05:43.057   571   727 I WindowStateAnimator: createSurface WindowStateAnimator{99e20b }: mDrawState=DRAW_PENDING
12-04 14:05:43.058   571   727 V WindowManager: Done at AppWindowToken{9b0734c token=Token{cf1ae87 ActivityRecord{4966ec6 u0 com.roboteam.teamy.usa/com.roboteam.teamy.internalactivities.settings.views.activities.SettingsActivity t1537}}} -- full screen, return 0
12-04 14:05:43.059   571   727 V WindowManager: Resize reasons for w=Window{fa0edda u0 com.roboteam.teamy.usa}:  contentInsetsChanged=false [0,0][0,0] visibleInsetsChanged=false [0,0][0,0] stableInsetsChanged=false [0,0][0,0] outsetsChanged=false [0,0][0,0] surfaceResized=false configChanged=true
12-04 14:05:43.059   571   727 V WindowManager: Resizing window Window{fa0edda u0 com.roboteam.teamy.usa} to 1920.0x1200.0
12-04 14:05:43.059   571   727 V WindowState: Reporting new frame to Window{fa0edda u0 com.roboteam.teamy.usa}: Rect(0, 0 - 1920, 1200)
12-04 14:05:43.060   571   727 I WindowState: Sending new config to window Window{fa0edda u0 com.roboteam.teamy.usa}: 1920.0x1200.0 / config={1.0 ?mcc?mnc en_US ldltr sw800dp w1280dp h800dp 240dpi xlrg land finger -keyb/v/h -nav/h s.4} overrideConfig={1.0 ?mcc?mnc ?locale ?layoutDir ?swdp ?wdp ?hdp ?density ?lsize ?long ?orien ?uimode ?night ?touch ?keyb/?/? ?nav/?}
12-04 14:05:43.060   571   727 I WindowState: Resizing Window{fa0edda u0 com.roboteam.teamy.usa} WITH DRAW PENDING
12-04 14:05:43.062   700  1379 D Surface : Surface::final mReqUsage=a00
12-04 14:05:43.062   700  1379 D mali_winsys: EGLint new_window_surface(egl_winsys_display*, void*, EGLSurface, EGLConfig, egl_winsys_surface**, egl_color_buffer_format*, EGLBoolean) returns 0x3000
12-04 14:05:43.070   571   592 E WindowManager: Unknown window type: 2999
12-04 14:05:43.078   192  2616 D gralloc : Isfb=0, [1920,1200,1920,7680], fmt=1, byte_stride=7680
12-04 14:05:43.085   192  2616 D gralloc : Isfb=0, [1920,1200,1920,7680], fmt=1, byte_stride=7680
12-04 14:05:43.093   192  2616 D gralloc : Isfb=0, [1920,1200,1920,7680], fmt=1, byte_stride=7680
12-04 14:05:43.118   192   729 D gralloc : Isfb=0, [1200,1920,1200,4800], fmt=1, byte_stride=4800
12-04 14:05:43.131   192   200 D gralloc : Isfb=0, [1200,1920,1200,4800], fmt=1, byte_stride=4800
12-04 14:05:43.133   571   712 V WindowStateAnimator: finishDrawingLocked: mDrawState=COMMIT_DRAW_PENDING WindowStateAnimator{99e20b } in Surface(name=)
12-04 14:05:43.134   571   592 I WindowManager:   SURFACE SHOW (performShowLocked): Window{fa0edda u0 com.roboteam.teamy.usa}
12-04 14:05:43.141   571   592 E WindowManager: Unknown window type: 2999
12-04 14:05:43.157   192   729 D gralloc : Isfb=0, [1200,1920,1200,4800], fmt=1, byte_stride=4800
12-04 14:05:43.158   571   592 E WindowManager: Unknown window type: 2999
12-04 14:05:43.848   236  3248 I AudioSink: callbackwrapper: EVENT_UNDERRUN (discarded)
12-04 14:05:43.898   236   369 D AudioFlinger: mixer(0xb35f0008) throttle end: throttle time(15)
12-04 14:05:44.049   236   236 I FrameQueueManage: FrameQueueManage::~FrameQueueManage end!
12-04 14:05:44.169   571   728 V WindowManager: Done at AppWindowToken{9b0734c token=Token{cf1ae87 ActivityRecord{4966ec6 u0 com.roboteam.teamy.usa/com.roboteam.teamy.internalactivities.settings.views.activities.SettingsActivity t1537}}} -- full screen, return 0
12-04 14:05:44.173   571   696 V WindowManager: Done at AppWindowToken{9b0734c token=Token{cf1ae87 ActivityRecord{4966ec6 u0 com.roboteam.teamy.usa/com.roboteam.teamy.internalactivities.settings.views.activities.SettingsActivity t1537}}} -- full screen, return 0
12-04 14:05:44.184   571   592 E WindowManager: Unknown window type: 2999
12-04 14:05:44.192   571  1055 W AppOps  : Finishing op nesting under-run: uid 1000 pkg com.roboteam.teamy.usa code 24 time=0 duration=0 nesting=0
12-04 14:05:44.202   571   592 E WindowManager: Unknown window type: 2999
12-04 14:05:47.018   236   369 D alsa_route: route_set_controls() set route 24
12-04 14:05:47.018   236   369 D AudioHardwareTiny: close device
12-04 14:05:51.281   700   710 I art     : Background sticky concurrent mark sweep GC freed 78076(8MB) AllocSpace objects, 59(3MB) LOS objects, 17% free, 55MB/67MB, paused 5.242ms total 70.571ms
12-04 14:06:13.896   700   700 E ThemeUtils: View class androidx.appcompat.widget.AppCompatImageView is an AppCompat widget that can only be used with a Theme.AppCompat theme (or descendant).
12-04 14:06:13.897   700   700 E ThemeUtils: View class androidx.appcompat.widget.AppCompatTextView is an AppCompat widget that can only be used with a Theme.AppCompat theme (or descendant).
12-04 14:06:13.898   700   700 E ThemeUtils: View class androidx.appcompat.widget.AppCompatTextView is an AppCompat widget that can only be used with a Theme.AppCompat theme (or descendant).
12-04 14:06:13.899   700   700 E ThemeUtils: View class androidx.appcompat.widget.AppCompatButton is an AppCompat widget that can only be used with a Theme.AppCompat theme (or descendant).
12-04 14:06:13.901   700   700 E ThemeUtils: View class androidx.appcompat.widget.AppCompatButton is an AppCompat widget that can only be used with a Theme.AppCompat theme (or descendant).
12-04 14:06:13.904   236   369 D AudioHardwareTiny: start_output_stream
12-04 14:06:13.905   236   369 D alsa_route: route_info->sound_card 0, route_info->devices 0  
12-04 14:06:13.905   236   369 D alsa_route: route_set_controls() set route 0
12-04 14:06:13.908   236   236 E MediaPlayerFactory: 2019 03 30 -------- getPlayerType()---------------- 234 !!!! 
12-04 14:06:13.909   236   236 E MediaPlayerFactory: filePath = /data/app/com.roboteam.teamy.usa-2/base.apk 
12-04 14:06:13.909   236   236 E MediaPlayerFactory: 2019 03 30 -------- getPlayerType()---------------- return STAGEFRIGHT_PLAYER !!!! 
12-04 14:06:13.909   236   236 I AwesomePlayer: AwesomePlayer::AwesomePlayer()in
12-04 14:06:13.909   236   236 I AwesomePlayer: AwesomePlayer::AwesomePlayer()aftermClient.connect()
12-04 14:06:13.920   236   236 D AwesomePlayer: the format is mimeType：audio/x-wav,confidence:0.400000
12-04 14:06:13.933   700   700 D MediaPlayer: setSubtitleAnchor in MediaPlayer
12-04 14:06:13.981   571   585 V WindowManager: Done at AppWindowToken{9b0734c token=Token{cf1ae87 ActivityRecord{4966ec6 u0 com.roboteam.teamy.usa/com.roboteam.teamy.internalactivities.settings.views.activities.SettingsActivity t1537}}} -- full screen, return 0
12-04 14:06:13.991   571   592 E WindowManager: Unknown window type: 2999
12-04 14:06:14.001   571  1643 I WindowStateAnimator: createSurface WindowStateAnimator{5300da6 }: mDrawState=DRAW_PENDING
12-04 14:06:14.003   571  1643 V WindowManager: Done at AppWindowToken{9b0734c token=Token{cf1ae87 ActivityRecord{4966ec6 u0 com.roboteam.teamy.usa/com.roboteam.teamy.internalactivities.settings.views.activities.SettingsActivity t1537}}} -- full screen, return 0
12-04 14:06:14.003   571  1643 V WindowManager: Resize reasons for w=Window{5ea6b01 u0 com.roboteam.teamy.usa}:  contentInsetsChanged=false [0,0][0,0] visibleInsetsChanged=false [0,0][0,0] stableInsetsChanged=false [0,0][0,0] outsetsChanged=false [0,0][0,0] surfaceResized=false configChanged=true
12-04 14:06:14.003   571  1643 V WindowManager: Resizing window Window{5ea6b01 u0 com.roboteam.teamy.usa} to 1920.0x243.0
12-04 14:06:14.003   571  1643 V WindowState: Reporting new frame to Window{5ea6b01 u0 com.roboteam.teamy.usa}: Rect(0, 0 - 1920, 243)
12-04 14:06:14.004   571  1643 I WindowState: Sending new config to window Window{5ea6b01 u0 com.roboteam.teamy.usa}: 1920.0x243.0 / config={1.0 ?mcc?mnc en_US ldltr sw800dp w1280dp h800dp 240dpi xlrg land finger -keyb/v/h -nav/h s.4} overrideConfig={1.0 ?mcc?mnc ?locale ?layoutDir ?swdp ?wdp ?hdp ?density ?lsize ?long ?orien ?uimode ?night ?touch ?keyb/?/? ?nav/?}
12-04 14:06:14.004   571  1643 I WindowState: Resizing Window{5ea6b01 u0 com.roboteam.teamy.usa} WITH DRAW PENDING
12-04 14:06:14.006   700  1379 D Surface : Surface::final mReqUsage=a00
12-04 14:06:14.006   700  1379 D mali_winsys: EGLint new_window_surface(egl_winsys_display*, void*, EGLSurface, EGLConfig, egl_winsys_surface**, egl_color_buffer_format*, EGLBoolean) returns 0x3000
12-04 14:06:14.009   192  2616 D gralloc : Isfb=0, [1920,243,1920,7680], fmt=1, byte_stride=7680
12-04 14:06:14.009   571   592 E WindowManager: Unknown window type: 2999
12-04 14:06:14.013   192  2616 D gralloc : Isfb=0, [1920,243,1920,7680], fmt=1, byte_stride=7680
12-04 14:06:14.015   192  2616 D gralloc : Isfb=0, [1920,243,1920,7680], fmt=1, byte_stride=7680
12-04 14:06:14.022   192  2616 D gralloc : Isfb=0, [243,1920,256,1024], fmt=1, byte_stride=1024
12-04 14:06:14.028   192  1047 D gralloc : Isfb=0, [243,1920,256,1024], fmt=1, byte_stride=1024
12-04 14:06:14.030   571   712 V WindowStateAnimator: finishDrawingLocked: mDrawState=COMMIT_DRAW_PENDING WindowStateAnimator{5300da6 } in Surface(name=)
12-04 14:06:14.031   571   592 I WindowManager:   SURFACE SHOW (performShowLocked): Window{5ea6b01 u0 com.roboteam.teamy.usa}
12-04 14:06:14.044   571   592 E WindowManager: Unknown window type: 2999
12-04 14:06:14.050   192  2616 D gralloc : Isfb=0, [243,1920,256,1024], fmt=1, byte_stride=1024
12-04 14:06:14.062   571   592 E WindowManager: Unknown window type: 2999
12-04 14:06:14.802   236  3258 I AudioSink: callbackwrapper: EVENT_UNDERRUN (discarded)
12-04 14:06:15.015   236   236 I FrameQueueManage: FrameQueueManage::~FrameQueueManage end!
12-04 14:06:15.930   700   710 I art     : Background partial concurrent mark sweep GC freed 65794(8MB) AllocSpace objects, 87(9MB) LOS objects, 23% free, 52MB/68MB, paused 4.698ms total 138.598ms
12-04 14:06:17.835   236   369 D alsa_route: route_set_controls() set route 24
12-04 14:06:17.835   236   369 D AudioHardwareTiny: close device
12-04 14:06:18.840   571  1159 W AppOps  : Finishing op nesting under-run: uid 1000 pkg com.roboteam.teamy.usa code 24 time=0 duration=0 nesting=0
12-04 14:06:18.844   571  1159 V WindowManager: Done at AppWindowToken{9b0734c token=Token{cf1ae87 ActivityRecord{4966ec6 u0 com.roboteam.teamy.usa/com.roboteam.teamy.internalactivities.settings.views.activities.SettingsActivity t1537}}} -- full screen, return 0
12-04 14:06:18.857   571   592 E WindowManager: Unknown window type: 2999
12-04 14:06:37.252   236   369 D AudioHardwareTiny: start_output_stream
12-04 14:06:37.253   236   369 D alsa_route: route_info->sound_card 0, route_info->devices 0  
12-04 14:06:37.253   236   369 D alsa_route: route_set_controls() set route 0
12-04 14:06:37.265   571  1055 V WindowManager: Done at AppWindowToken{9b0734c token=Token{cf1ae87 ActivityRecord{4966ec6 u0 com.roboteam.teamy.usa/com.roboteam.teamy.internalactivities.settings.views.activities.SettingsActivity t1537}}} -- full screen, return 0
12-04 14:06:37.271   571   592 E WindowManager: Unknown window type: 2999
12-04 14:06:37.275   236   369 D AudioFlinger: mixer(0xb35f0008) throttle end: throttle time(10)
12-04 14:06:40.433   236   369 D alsa_route: route_set_controls() set route 24
12-04 14:06:40.434   236   369 D AudioHardwareTiny: close device
12-04 14:06:40.729   700   700 W ContextImpl: Calling a method in the system process without a qualified user: android.app.ContextImpl.startActivity:658 android.content.ContextWrapper.startActivity:331 com.roboteam.teamy.shared.activitylauncher.ActivityLauncher.startActivity:16 com.roboteam.teamy.internalactivities.location.activitylauncher.AddLocationActivityLauncher.launchImmersively:50 com.roboteam.teamy.internalactivities.settings.mapandnavigation.map.presenters.MapEditorPresenter.saveLocation:183 
12-04 14:06:40.730   700   700 W ContextImpl: Calling a method in the system process without a qualified user: android.app.ContextImpl.startActivity:670 android.app.ContextImpl.startActivity:659 android.content.ContextWrapper.startActivity:331 com.roboteam.teamy.shared.activitylauncher.ActivityLauncher.startActivity:16 com.roboteam.teamy.internalactivities.location.activitylauncher.AddLocationActivityLauncher.launchImmersively:50 
12-04 14:06:40.732   571   582 I ActivityManager: START u0 {flg=0x10000000 cmp=com.roboteam.teamy.usa/com.roboteam.teamy.internalactivities.location.AddLocationActivity (has extras)} from uid 1000 on display 0
12-04 14:06:40.737   236   369 D AudioHardwareTiny: start_output_stream
12-04 14:06:40.737   236   369 D alsa_route: route_info->sound_card 0, route_info->devices 0  
12-04 14:06:40.737   236   369 D alsa_route: route_set_controls() set route 0
12-04 14:06:40.741   192   192 D Surface : Surface::final mReqUsage=333
12-04 14:06:40.744   192  2616 D gralloc : Isfb=0, [630,630,640,2560], fmt=1, byte_stride=2560
12-04 14:06:40.754   571   592 E WindowManager: Unknown window type: 2999
12-04 14:06:40.755   571   592 I WindowStateAnimator: createSurface WindowStateAnimator{4bcb92c Starting com.roboteam.teamy.usa}: mDrawState=DRAW_PENDING
12-04 14:06:40.755   571   592 D WindowStateAnimator: rk_debug2 Starting com.roboteam.teamy.usa_Force_To_Dual
12-04 14:06:40.767   236   369 D AudioFlinger: mixer(0xb35f0008) throttle end: throttle time(10)
12-04 14:06:40.770   571   592 V WindowManager: Skipping AppWindowToken{8ce6ff5 token=Token{bd38b94 ActivityRecord{e0293e7 u0 com.roboteam.teamy.usa/com.roboteam.teamy.internalactivities.location.AddLocationActivity t1540}}} -- hidden on top
12-04 14:06:40.770   571   592 V WindowManager: Done at AppWindowToken{9b0734c token=Token{cf1ae87 ActivityRecord{4966ec6 u0 com.roboteam.teamy.usa/com.roboteam.teamy.internalactivities.settings.views.activities.SettingsActivity t1537}}} -- full screen, return 0
12-04 14:06:40.770   571   592 V WindowManager: Resize reasons for w=Window{1b418df u0 Starting com.roboteam.teamy.usa}:  contentInsetsChanged=false [0,0][0,0] visibleInsetsChanged=false [0,0][0,0] stableInsetsChanged=false [0,0][0,0] outsetsChanged=false [0,0][0,0] surfaceResized=true configChanged=true
12-04 14:06:40.770   571   592 V WindowManager: Resizing window Window{1b418df u0 Starting com.roboteam.teamy.usa} to 1920.0x1200.0
12-04 14:06:40.773   571   592 V WindowState: Reporting new frame to Window{1b418df u0 Starting com.roboteam.teamy.usa}: Rect(0, 0 - 1920, 1200)
12-04 14:06:40.774   571   592 I WindowState: Sending new config to window Window{1b418df u0 Starting com.roboteam.teamy.usa}: 1920.0x1200.0 / config={1.0 ?mcc?mnc en_US ldltr sw800dp w1280dp h800dp 240dpi xlrg land finger -keyb/v/h -nav/h s.4} overrideConfig={1.0 ?mcc?mnc ?locale ?layoutDir ?swdp ?wdp ?hdp ?density ?lsize ?long ?orien ?uimode ?night ?touch ?keyb/?/? ?nav/?}
12-04 14:06:40.774   571   592 I WindowState: Resizing Window{1b418df u0 Starting com.roboteam.teamy.usa} WITH DRAW PENDING
12-04 14:06:40.791   571  1055 V WindowManager: Clear freezing of Token{cf1ae87 ActivityRecord{4966ec6 u0 com.roboteam.teamy.usa/com.roboteam.teamy.internalactivities.settings.views.activities.SettingsActivity t1537}}: hidden=false freezing=false
12-04 14:06:40.791   571  1055 V WindowManager: Skipping set freeze of Token{bd38b94 ActivityRecord{e0293e7 u0 com.roboteam.teamy.usa/com.roboteam.teamy.internalactivities.location.AddLocationActivity t1540}}
12-04 14:06:40.792   571  1055 V WindowManager: setAppVisibility(Token{bd38b94 ActivityRecord{e0293e7 u0 com.roboteam.teamy.usa/com.roboteam.teamy.internalactivities.location.AddLocationActivity t1540}}, visible=true): mNextAppTransition=TRANSIT_TASK_OPEN hidden=true hiddenRequested=true Callers=com.android.server.am.ActivityStackSupervisor.realStartActivityLocked:1185 com.android.server.am.ActivityStackSupervisor.startSpecificActivityLocked:1384 com.android.server.am.ActivityStack.resumeTopActivityInnerLocked:2077 com.android.server.am.ActivityStack.resumeTopActivityLocked:1587 com.android.server.am.ActivityStackSupervisor.resumeTopActivitiesLocked:2735 com.android.server.am.ActivityStack.completePauseLocked:1080 
12-04 14:06:40.792   571  1055 V WindowManager: Done at AppWindowToken{8ce6ff5 token=Token{bd38b94 ActivityRecord{e0293e7 u0 com.roboteam.teamy.usa/com.roboteam.teamy.internalactivities.location.AddLocationActivity t1540}}} -- full screen, return 0
12-04 14:06:40.793   571  1055 V WindowManager: setAppVisibility(Token{cf1ae87 ActivityRecord{4966ec6 u0 com.roboteam.teamy.usa/com.roboteam.teamy.internalactivities.settings.views.activities.SettingsActivity t1537}}, visible=false): mNextAppTransition=TRANSIT_TASK_OPEN hidden=false hiddenRequested=false Callers=com.android.server.am.ActivityStack.setVisible:1170 com.android.server.am.ActivityStack.ensureActivitiesVisibleLocked:1431 com.android.server.am.ActivityStackSupervisor.ensureActivitiesVisibleLocked:3305 com.android.server.am.ActivityManagerService.updateConfigurationLocked:17838 com.android.server.am.ActivityStackSupervisor.realStartActivityLocked:1201 com.android.server.am.ActivityStackSupervisor.startSpecificActivityLocked:1384 
12-04 14:06:40.794   571   592 E WindowManager: Unknown window type: 2999
12-04 14:06:40.796   571   592 D Surface : Surface::final mReqUsage=33
12-04 14:06:40.800   571  1055 V WindowManager: Eval win Window{1b418df u0 Starting com.roboteam.teamy.usa}: isDrawn=false, isAnimating=true
12-04 14:06:40.801   571  1055 V WindowManager: Not displayed: s=Surface(name=Starting com.roboteam.teamy.usa_Force_To_Dual) pv=true mDrawState=DRAW_PENDING ah=false th=false a=true
12-04 14:06:40.814   192  1047 D gralloc : Isfb=0, [1920,1200,1920,7680], fmt=1, byte_stride=7680
12-04 14:06:40.845   571   592 V WindowStateAnimator: finishDrawingLocked: mDrawState=COMMIT_DRAW_PENDING WindowStateAnimator{4bcb92c Starting com.roboteam.teamy.usa} in Surface(name=Starting com.roboteam.teamy.usa_Force_To_Dual)
12-04 14:06:40.845   571   592 E WindowManager: Unknown window type: 2999
12-04 14:06:40.846   571   592 V WindowManager: Eval win Window{1b418df u0 Starting com.roboteam.teamy.usa}: isDrawn=true, isAnimating=true
12-04 14:06:40.848   571   592 I WindowManager:   SURFACE SHOW (performShowLocked): Window{1b418df u0 Starting com.roboteam.teamy.usa}
12-04 14:06:40.849   571   592 V WindowManager: Done at AppWindowToken{8ce6ff5 token=Token{bd38b94 ActivityRecord{e0293e7 u0 com.roboteam.teamy.usa/com.roboteam.teamy.internalactivities.location.AddLocationActivity t1540}}} -- full screen, return 0
12-04 14:06:40.850   571   592 V WindowManager: Eval win Window{1b418df u0 Starting com.roboteam.teamy.usa}: isDrawn=true, isAnimating=true
12-04 14:06:40.862   571   592 E WindowManager: Unknown window type: 2999
12-04 14:06:40.864   571   592 V WindowManager: Eval win Window{1b418df u0 Starting com.roboteam.teamy.usa}: isDrawn=true, isAnimating=true
12-04 14:06:40.876   571  1055 I WindowStateAnimator: createSurface WindowStateAnimator{dbb01c4 com.roboteam.teamy.usa/com.roboteam.teamy.internalactivities.location.AddLocationActivity}: mDrawState=DRAW_PENDING
12-04 14:06:40.877   571  1055 V WindowManager: Done at AppWindowToken{8ce6ff5 token=Token{bd38b94 ActivityRecord{e0293e7 u0 com.roboteam.teamy.usa/com.roboteam.teamy.internalactivities.location.AddLocationActivity t1540}}} -- full screen, return 0
12-04 14:06:40.878   571  1055 V WindowManager: Eval win Window{1b418df u0 Starting com.roboteam.teamy.usa}: isDrawn=true, isAnimating=true
12-04 14:06:40.878   571  1055 V WindowManager: Eval win Window{8244d7 u0 com.roboteam.teamy.usa/com.roboteam.teamy.internalactivities.location.AddLocationActivity}: isDrawn=false, isAnimating=true
12-04 14:06:40.878   571  1055 V WindowManager: Not displayed: s=Surface(name=com.roboteam.teamy.usa/com.roboteam.teamy.internalactivities.location.AddLocationActivity) pv=true mDrawState=DRAW_PENDING ah=false th=false a=false
12-04 14:06:40.878   571  1055 V WindowManager: Resize reasons for w=Window{8244d7 u0 com.roboteam.teamy.usa/com.roboteam.teamy.internalactivities.location.AddLocationActivity}:  contentInsetsChanged=false [0,0][0,0] visibleInsetsChanged=false [0,0][0,0] stableInsetsChanged=false [0,0][0,0] outsetsChanged=false [0,0][0,0] surfaceResized=true configChanged=true
12-04 14:06:40.878   571  1055 V WindowManager: Resizing window Window{8244d7 u0 com.roboteam.teamy.usa/com.roboteam.teamy.internalactivities.location.AddLocationActivity} to 1920.0x1200.0
12-04 14:06:40.880   571  1055 V WindowState: Reporting new frame to Window{8244d7 u0 com.roboteam.teamy.usa/com.roboteam.teamy.internalactivities.location.AddLocationActivity}: Rect(0, 0 - 1920, 1200)
12-04 14:06:40.880   571  1055 I WindowState: Sending new config to window Window{8244d7 u0 com.roboteam.teamy.usa/com.roboteam.teamy.internalactivities.location.AddLocationActivity}: 1920.0x1200.0 / config={1.0 ?mcc?mnc en_US ldltr sw800dp w1280dp h800dp 240dpi xlrg land finger -keyb/v/h -nav/h s.4} overrideConfig={1.0 ?mcc?mnc ?locale ?layoutDir ?swdp ?wdp ?hdp ?density ?lsize ?long ?orien ?uimode ?night ?touch ?keyb/?/? ?nav/?}
12-04 14:06:40.880   571  1055 I WindowState: Resizing Window{8244d7 u0 com.roboteam.teamy.usa/com.roboteam.teamy.internalactivities.location.AddLocationActivity} WITH DRAW PENDING
12-04 14:06:40.882   571  1055 V WindowManager: Eval win Window{1b418df u0 Starting com.roboteam.teamy.usa}: isDrawn=true, isAnimating=true
12-04 14:06:40.882   571  1055 V WindowManager: Eval win Window{8244d7 u0 com.roboteam.teamy.usa/com.roboteam.teamy.internalactivities.location.AddLocationActivity}: isDrawn=false, isAnimating=true
12-04 14:06:40.882   571  1055 V WindowManager: Not displayed: s=Surface(name=com.roboteam.teamy.usa/com.roboteam.teamy.internalactivities.location.AddLocationActivity) pv=true mDrawState=DRAW_PENDING ah=false th=false a=false
12-04 14:06:40.884   571   592 E WindowManager: Unknown window type: 2999
12-04 14:06:40.887   700  1379 D Surface : Surface::final mReqUsage=a00
12-04 14:06:40.887   700  1379 D mali_winsys: EGLint new_window_surface(egl_winsys_display*, void*, EGLSurface, EGLConfig, egl_winsys_surface**, egl_color_buffer_format*, EGLBoolean) returns 0x3000
12-04 14:06:40.898   571   592 E WindowManager: Unknown window type: 2999
12-04 14:06:40.902   192   200 D gralloc : Isfb=0, [1920,1200,1920,7680], fmt=1, byte_stride=7680
12-04 14:06:40.911   192   200 D gralloc : Isfb=0, [1920,1200,1920,7680], fmt=1, byte_stride=7680
12-04 14:06:40.916   571   592 E WindowManager: Unknown window type: 2999
12-04 14:06:40.918   192   200 D gralloc : Isfb=0, [1920,1200,1920,7680], fmt=1, byte_stride=7680
12-04 14:06:40.924   700   700 W AllCapsTransformationMethod: Caller did not enable length changes; not transforming text
12-04 14:06:40.924   700   700 W AllCapsTransformationMethod: Caller did not enable length changes; not transforming text
12-04 14:06:40.933   571   592 E WindowManager: Unknown window type: 2999
12-04 14:06:40.933   700   700 W AllCapsTransformationMethod: Caller did not enable length changes; not transforming text
12-04 14:06:40.933   700   700 W AllCapsTransformationMethod: Caller did not enable length changes; not transforming text
12-04 14:06:40.945   700   700 W AllCapsTransformationMethod: Caller did not enable length changes; not transforming text
12-04 14:06:40.945   700   700 W AllCapsTransformationMethod: Caller did not enable length changes; not transforming text
12-04 14:06:40.951   571   592 E WindowManager: Unknown window type: 2999
12-04 14:06:40.951   700   700 W AllCapsTransformationMethod: Caller did not enable length changes; not transforming text
12-04 14:06:40.951   700   700 W AllCapsTransformationMethod: Caller did not enable length changes; not transforming text
12-04 14:06:40.959   700   700 W AllCapsTransformationMethod: Caller did not enable length changes; not transforming text
12-04 14:06:40.959   700   700 W AllCapsTransformationMethod: Caller did not enable length changes; not transforming text
12-04 14:06:40.964   700   700 W View    : requestLayout() improperly called by androidx.appcompat.widget.AppCompatTextView{8836d5 V.ED..... ......ID 165,30-505,87 #7f0a00d2 app:id/dark_settings_title} during layout: running second layout pass
12-04 14:06:40.969   571   592 E WindowManager: Unknown window type: 2999
12-04 14:06:40.974   571  1159 V WindowManager: Done at AppWindowToken{8ce6ff5 token=Token{bd38b94 ActivityRecord{e0293e7 u0 com.roboteam.teamy.usa/com.roboteam.teamy.internalactivities.location.AddLocationActivity t1540}}} -- full screen, return 0
12-04 14:06:40.975   571  1159 V WindowManager: Eval win Window{1b418df u0 Starting com.roboteam.teamy.usa}: isDrawn=true, isAnimating=true
12-04 14:06:40.975   571  1159 V WindowManager: Eval win Window{8244d7 u0 com.roboteam.teamy.usa/com.roboteam.teamy.internalactivities.location.AddLocationActivity}: isDrawn=false, isAnimating=true
12-04 14:06:40.975   571  1159 V WindowManager: Not displayed: s=Surface(name=com.roboteam.teamy.usa/com.roboteam.teamy.internalactivities.location.AddLocationActivity) pv=true mDrawState=DRAW_PENDING ah=false th=false a=true
12-04 14:06:40.986   571   592 E WindowManager: Unknown window type: 2999
12-04 14:06:41.003   192  2616 D gralloc : Isfb=0, [1200,1920,1200,4800], fmt=1, byte_stride=4800
12-04 14:06:41.004   571   592 E WindowManager: Unknown window type: 2999
12-04 14:06:41.018   192  2616 D gralloc : Isfb=0, [1200,1920,1200,4800], fmt=1, byte_stride=4800
12-04 14:06:41.019   571   727 V WindowStateAnimator: finishDrawingLocked: mDrawState=COMMIT_DRAW_PENDING WindowStateAnimator{dbb01c4 com.roboteam.teamy.usa/com.roboteam.teamy.internalactivities.location.AddLocationActivity} in Surface(name=com.roboteam.teamy.usa/com.roboteam.teamy.internalactivities.location.AddLocationActivity)
12-04 14:06:41.020   571   592 V WindowManager: Eval win Window{1b418df u0 Starting com.roboteam.teamy.usa}: isDrawn=true, isAnimating=true
12-04 14:06:41.020   571   592 V WindowManager: Eval win Window{8244d7 u0 com.roboteam.teamy.usa/com.roboteam.teamy.internalactivities.location.AddLocationActivity}: isDrawn=true, isAnimating=true
12-04 14:06:41.020   571   592 V WindowManager: tokenMayBeDrawn: AppWindowToken{8ce6ff5 token=Token{bd38b94 ActivityRecord{e0293e7 u0 com.roboteam.teamy.usa/com.roboteam.teamy.internalactivities.location.AddLocationActivity t1540}}} freezingScreen=false mAppFreezing=false
12-04 14:06:41.021   571   592 I WindowManager:   SURFACE SHOW (performShowLocked): Window{8244d7 u0 com.roboteam.teamy.usa/com.roboteam.teamy.internalactivities.location.AddLocationActivity}
12-04 14:06:41.022   571   592 I ActivityManager: Displayed com.roboteam.teamy.usa/com.roboteam.teamy.internalactivities.location.AddLocationActivity: +231ms
12-04 14:06:41.022   571   592 E WindowManager: Unknown window type: 2999
12-04 14:06:41.040   571   592 E WindowManager: Unknown window type: 2999
12-04 14:06:41.049   192  1047 D gralloc : Isfb=0, [1200,1920,1200,4800], fmt=1, byte_stride=4800
12-04 14:06:41.057   571   592 E WindowManager: Unknown window type: 2999
12-04 14:06:41.075   571   592 E WindowManager: Unknown window type: 2999
12-04 14:06:41.092   571   592 E WindowManager: Unknown window type: 2999
12-04 14:06:41.110   571   592 E WindowManager: Unknown window type: 2999
12-04 14:06:41.128   571   592 E WindowManager: Unknown window type: 2999
12-04 14:06:41.146   571   592 E WindowManager: Unknown window type: 2999
12-04 14:06:41.164   571   592 E WindowManager: Unknown window type: 2999
12-04 14:06:41.175   571   592 V WindowManager: Eval win Window{8244d7 u0 com.roboteam.teamy.usa/com.roboteam.teamy.internalactivities.location.AddLocationActivity}: isDrawn=true, isAnimating=false
12-04 14:06:41.175   571   592 V WindowManager: tokenMayBeDrawn: AppWindowToken{8ce6ff5 token=Token{bd38b94 ActivityRecord{e0293e7 u0 com.roboteam.teamy.usa/com.roboteam.teamy.internalactivities.location.AddLocationActivity t1540}}} freezingScreen=false mAppFreezing=false
12-04 14:06:41.181   571   592 E WindowManager: Unknown window type: 2999
12-04 14:06:41.188   192   192 W SurfaceFlinger: couldn't log to binary event log: overflow.
12-04 14:06:41.199   571   592 E WindowManager: Unknown window type: 2999
12-04 14:06:41.216   571   592 E WindowManager: Unknown window type: 2999
12-04 14:06:41.234   571   592 E WindowManager: Unknown window type: 2999
12-04 14:06:41.252   571   592 E WindowManager: Unknown window type: 2999
12-04 14:06:41.831   700   700 W AllCapsTransformationMethod: Caller did not enable length changes; not transforming text
12-04 14:06:41.831   700   700 W AllCapsTransformationMethod: Caller did not enable length changes; not transforming text
12-04 14:06:41.840   700   700 I InputMethodManager: lhk  showSoftInput()send soft input window show message !!!!!!!!!!
12-04 14:06:41.841   700   700 W ContextImpl: Calling a method in the system process without a qualified user: android.app.ContextImpl.sendBroadcast:763 android.content.ContextWrapper.sendBroadcast:396 android.view.inputmethod.InputMethodManager.showSoftInput:1001 android.view.inputmethod.InputMethodManager.showSoftInput:943 android.widget.TextView.onTouchEvent:8347 
12-04 14:06:41.847   984   984 I LatinIME: Starting input. Cursor position = 0,0
12-04 14:06:41.892   700   700 W View    : requestLayout() improperly called by androidx.appcompat.widget.AppCompatTextView{8836d5 V.ED..... ......ID 165,30-505,87 #7f0a00d2 app:id/dark_settings_title} during layout: running second layout pass
12-04 14:06:41.909   984   984 W InputAttributes: Unexpected input class: inputType=0x00080000 imeOptions=0x08000006
12-04 14:06:41.944   571  1055 I WindowStateAnimator: createSurface WindowStateAnimator{79843b InputMethod}: mDrawState=DRAW_PENDING
12-04 14:06:41.962   571  1055 V WindowManager: Done at AppWindowToken{8ce6ff5 token=Token{bd38b94 ActivityRecord{e0293e7 u0 com.roboteam.teamy.usa/com.roboteam.teamy.internalactivities.location.AddLocationActivity t1540}}} -- full screen, return 0
12-04 14:06:41.965   984  3172 D Surface : Surface::final mReqUsage=a00
12-04 14:06:41.966   984  3172 D mali_winsys: EGLint new_window_surface(egl_winsys_display*, void*, EGLSurface, EGLConfig, egl_winsys_surface**, egl_color_buffer_format*, EGLBoolean) returns 0x3000
12-04 14:06:41.974   192  1047 D gralloc : Isfb=0, [1920,1200,1920,7680], fmt=1, byte_stride=7680
12-04 14:06:41.977   571   592 E WindowManager: Unknown window type: 2999
12-04 14:06:41.983   192  1047 D gralloc : Isfb=0, [1920,1200,1920,7680], fmt=1, byte_stride=7680
12-04 14:06:41.991   192  1047 D gralloc : Isfb=0, [1920,1200,1920,7680], fmt=1, byte_stride=7680
12-04 14:06:41.992   571   728 V WindowManager: Resize reasons for w=Window{8244d7 u0 com.roboteam.teamy.usa/com.roboteam.teamy.internalactivities.location.AddLocationActivity}:  contentInsetsChanged=false [0,0][0,0] visibleInsetsChanged=true [0,0][0,549] stableInsetsChanged=false [0,0][0,0] outsetsChanged=false [0,0][0,0] surfaceResized=false configChanged=false
12-04 14:06:41.992   571   728 V WindowManager: Resizing window Window{8244d7 u0 com.roboteam.teamy.usa/com.roboteam.teamy.internalactivities.location.AddLocationActivity} to 1920.0x1200.0
12-04 14:06:41.993   571   728 V WindowState: Reporting new frame to Window{8244d7 u0 com.roboteam.teamy.usa/com.roboteam.teamy.internalactivities.location.AddLocationActivity}: Rect(0, 0 - 1920, 1200)
12-04 14:06:41.995   571   592 E WindowManager: Unknown window type: 2999
12-04 14:06:42.012   192   204 D gralloc : Isfb=0, [1200,1920,1200,4800], fmt=1, byte_stride=4800
12-04 14:06:42.025   192  2616 D gralloc : Isfb=0, [1200,1920,1200,4800], fmt=1, byte_stride=4800
12-04 14:06:42.027   571   583 V WindowStateAnimator: finishDrawingLocked: mDrawState=COMMIT_DRAW_PENDING WindowStateAnimator{79843b InputMethod} in Surface(name=InputMethod)
12-04 14:06:42.027   571   592 I WindowManager:   SURFACE SHOW (performShowLocked): Window{16dfaca u0 InputMethod}
12-04 14:06:42.030   571   592 E WindowManager: Unknown window type: 2999
12-04 14:06:42.048   571   592 E WindowManager: Unknown window type: 2999
12-04 14:06:42.066   571   592 E WindowManager: Unknown window type: 2999
12-04 14:06:42.083   571   592 E WindowManager: Unknown window type: 2999
12-04 14:06:42.101   571   592 E WindowManager: Unknown window type: 2999
12-04 14:06:42.119   571   592 E WindowManager: Unknown window type: 2999
12-04 14:06:42.136   571   592 E WindowManager: Unknown window type: 2999
12-04 14:06:42.154   571   592 E WindowManager: Unknown window type: 2999
12-04 14:06:42.172   571   592 E WindowManager: Unknown window type: 2999
12-04 14:06:42.189   571   592 E WindowManager: Unknown window type: 2999
12-04 14:06:42.207   571   592 E WindowManager: Unknown window type: 2999
12-04 14:06:42.225   571   592 E WindowManager: Unknown window type: 2999
12-04 14:06:42.242   571   592 E WindowManager: Unknown window type: 2999
12-04 14:06:42.260   571   592 E WindowManager: Unknown window type: 2999
12-04 14:06:42.278   571   592 E WindowManager: Unknown window type: 2999
12-04 14:06:42.649   192  2616 D gralloc : Isfb=0, [1200,1920,1200,4800], fmt=1, byte_stride=4800
12-04 14:06:43.571   984   984 I LatinIME: lhk  hideWindow() hide soft keypad LatinIME  99999999999 !!!!!!!!!!
12-04 14:06:43.610   571   696 V WindowManager: Done at AppWindowToken{8ce6ff5 token=Token{bd38b94 ActivityRecord{e0293e7 u0 com.roboteam.teamy.usa/com.roboteam.teamy.internalactivities.location.AddLocationActivity t1540}}} -- full screen, return 0
12-04 14:06:43.610   236   369 D AudioFlinger: mixer(0xb35f0008) throttle end: throttle time(10)
12-04 14:06:43.611   571   696 V WindowManager: Resize reasons for w=Window{8244d7 u0 com.roboteam.teamy.usa/com.roboteam.teamy.internalactivities.location.AddLocationActivity}:  contentInsetsChanged=false [0,0][0,0] visibleInsetsChanged=true [0,0][0,0] stableInsetsChanged=false [0,0][0,0] outsetsChanged=false [0,0][0,0] surfaceResized=false configChanged=false
12-04 14:06:43.611   571   696 V WindowManager: Resizing window Window{8244d7 u0 com.roboteam.teamy.usa/com.roboteam.teamy.internalactivities.location.AddLocationActivity} to 1920.0x1200.0
12-04 14:06:43.612   571   696 V WindowState: Reporting new frame to Window{8244d7 u0 com.roboteam.teamy.usa/com.roboteam.teamy.internalactivities.location.AddLocationActivity}: Rect(0, 0 - 1920, 1200)
12-04 14:06:43.622   571   592 E WindowManager: Unknown window type: 2999
12-04 14:06:43.640   571   592 E WindowManager: Unknown window type: 2999
12-04 14:06:43.658   571   592 E WindowManager: Unknown window type: 2999
12-04 14:06:43.673   700   700 E ThemeUtils: View class androidx.appcompat.widget.AppCompatImageView is an AppCompat widget that can only be used with a Theme.AppCompat theme (or descendant).
12-04 14:06:43.674   700   700 E ThemeUtils: View class androidx.appcompat.widget.AppCompatTextView is an AppCompat widget that can only be used with a Theme.AppCompat theme (or descendant).
12-04 14:06:43.675   571   592 E WindowManager: Unknown window type: 2999
12-04 14:06:43.675   700   700 E ThemeUtils: View class androidx.appcompat.widget.AppCompatTextView is an AppCompat widget that can only be used with a Theme.AppCompat theme (or descendant).
12-04 14:06:43.683   700   700 E ThemeUtils: View class androidx.appcompat.widget.AppCompatButton is an AppCompat widget that can only be used with a Theme.AppCompat theme (or descendant).
12-04 14:06:43.690   700   700 E ThemeUtils: View class androidx.appcompat.widget.AppCompatButton is an AppCompat widget that can only be used with a Theme.AppCompat theme (or descendant).
12-04 14:06:43.693   571   592 E WindowManager: Unknown window type: 2999
12-04 14:06:43.708   236   236 E MediaPlayerFactory: 2019 03 30 -------- getPlayerType()---------------- 234 !!!! 
12-04 14:06:43.708   236   236 E MediaPlayerFactory: filePath = /data/app/com.roboteam.teamy.usa-2/base.apk 
12-04 14:06:43.708   236   236 E MediaPlayerFactory: 2019 03 30 -------- getPlayerType()---------------- return STAGEFRIGHT_PLAYER !!!! 
12-04 14:06:43.708   236   236 I AwesomePlayer: AwesomePlayer::AwesomePlayer()in
12-04 14:06:43.708   236   236 I AwesomePlayer: AwesomePlayer::AwesomePlayer()aftermClient.connect()
12-04 14:06:43.711   571   592 E WindowManager: Unknown window type: 2999
12-04 14:06:43.720   236   236 D AwesomePlayer: the format is mimeType：audio/x-wav,confidence:0.400000
12-04 14:06:43.728   571   592 E WindowManager: Unknown window type: 2999
12-04 14:06:43.733   700   700 D MediaPlayer: setSubtitleAnchor in MediaPlayer
12-04 14:06:43.746   571   592 E WindowManager: Unknown window type: 2999
12-04 14:06:43.764   571   592 E WindowManager: Unknown window type: 2999
12-04 14:06:43.776   571  1159 I MediaFocusControl:  AudioFocus  requestAudioFocus() from android.media.AudioManager@1040056com.roboteam.teamy.assistants.ConversationMediator@f5288d7 req=3flags=0x0
12-04 14:06:43.778   571   585 I MediaFocusControl:  AudioFocus  requestAudioFocus() from android.media.AudioManager@1040056com.roboteam.teamy.assistants.ConversationMediator@f5288d7 req=3flags=0x0
12-04 14:06:43.781   571   592 E WindowManager: Unknown window type: 2999
12-04 14:06:43.799   571   592 E WindowManager: Unknown window type: 2999
12-04 14:06:43.817   571   592 E WindowManager: Unknown window type: 2999
12-04 14:06:43.818   236   369 D AudioFlinger: mixer(0xb35f0008) throttle end: throttle time(15)
12-04 14:06:43.834   571   592 E WindowManager: Unknown window type: 2999
12-04 14:06:43.837   571   582 V WindowManager: setAppVisibility(Token{bd38b94 ActivityRecord{e0293e7 u0 com.roboteam.teamy.usa/com.roboteam.teamy.internalactivities.location.AddLocationActivity t1540 f}}, visible=false): mNextAppTransition=TRANSIT_TASK_CLOSE hidden=false hiddenRequested=false Callers=com.android.server.am.ActivityStack.finishActivityLocked:2971 com.android.server.am.ActivityStack.requestFinishActivityLocked:2803 com.android.server.am.ActivityManagerService.finishActivity:4621 android.app.ActivityManagerNative.onTransact:350 com.android.server.am.ActivityManagerService.onTransact:2687 android.os.Binder.execTransact:453 
12-04 14:06:43.844   192   192 D Surface : Surface::final mReqUsage=333
12-04 14:06:43.846   192  1047 D gralloc : Isfb=0, [630,630,640,2560], fmt=1, byte_stride=2560
