12-11 16:18:27.264   570   591 V WindowManager: Skipping AppWindowToken{f17596e token=Token{443e8e9 ActivityRecord{716d70 u0 com.roboteam.teamy.usa/com.roboteam.teamy.boot.BootActivity t1708}}} -- going to hide
12-11 16:18:27.264   570   591 V WindowManager: Done at AppWindowToken{2a1e73 token=Token{2243ae2 ActivityRecord{2257ad u0 com.roboteam.teamy.usa/com.roboteam.teamy.home.HomeActivity t1707}}} -- full screen, return 0
12-11 16:18:27.264   570   591 V WindowManager: Resize reasons for w=Window{7f7ad85 u0 Starting com.robotemi.sdk.sample}:  contentInsetsChanged=false [0,0][0,0] visibleInsetsChanged=false [0,0][0,0] stableInsetsChanged=false [0,0][0,0] outsetsChanged=false [0,0][0,0] surfaceResized=true configChanged=true
12-11 16:18:27.264   570   591 V WindowManager: Resizing window Window{7f7ad85 u0 Starting com.robotemi.sdk.sample} to 1920.0x1200.0
12-11 16:18:27.264   570   591 V WindowManager: Eval win Window{933aa07 u0 com.roboteam.teamy.usa/com.roboteam.teamy.home.HomeActivity}: isDrawn=false, isAnimating=true
12-11 16:18:27.264   570   591 V WindowManager: Not displayed: s=null pv=true mDrawState=NO_SURFACE ah=false th=false a=false
12-11 16:18:27.275   570   591 V WindowState: Reporting new frame to Window{7f7ad85 u0 Starting com.robotemi.sdk.sample}: Rect(0, 0 - 1920, 1200)
12-11 16:18:27.275   570   591 I WindowState: Sending new config to window Window{7f7ad85 u0 Starting com.robotemi.sdk.sample}: 1920.0x1200.0 / config={1.0 ?mcc?mnc en_US ldltr sw800dp w1280dp h800dp 240dpi xlrg land finger -keyb/v/h -nav/h s.4} overrideConfig={1.0 ?mcc?mnc ?locale ?layoutDir ?swdp ?wdp ?hdp ?density ?lsize ?long ?orien ?uimode ?night ?touch ?keyb/?/? ?nav/?}
12-11 16:18:27.275   570   591 I WindowState: Resizing Window{7f7ad85 u0 Starting com.robotemi.sdk.sample} WITH DRAW PENDING
12-11 16:18:27.276   570   591 V WindowManager: Eval win Window{933aa07 u0 com.roboteam.teamy.usa/com.roboteam.teamy.home.HomeActivity}: isDrawn=false, isAnimating=true
12-11 16:18:27.276   570   591 V WindowManager: Not displayed: s=null pv=true mDrawState=NO_SURFACE ah=false th=false a=false
12-11 16:18:27.277   570   591 E WindowManager: Unknown window type: 2999
12-11 16:18:27.277   570   591 D Surface : Surface::final mReqUsage=33
12-11 16:18:27.285   191   617 D gralloc : Isfb=0, [1920,1200,1920,7680], fmt=1, byte_stride=7680
12-11 16:18:27.303   570   591 V WindowStateAnimator: finishDrawingLocked: mDrawState=COMMIT_DRAW_PENDING WindowStateAnimator{53197da Starting com.robotemi.sdk.sample} in Surface(name=Starting com.robotemi.sdk.sample_Force_To_Dual)
12-11 16:18:27.303   570   591 E WindowManager: Unknown window type: 2999
12-11 16:18:27.304   570   591 V WindowManager: Eval win Window{933aa07 u0 com.roboteam.teamy.usa/com.roboteam.teamy.home.HomeActivity}: isDrawn=false, isAnimating=true
12-11 16:18:27.304   570   591 V WindowManager: Not displayed: s=null pv=true mDrawState=NO_SURFACE ah=false th=false a=false
12-11 16:18:27.311   570   591 E WindowManager: Unknown window type: 2999
12-11 16:18:27.328   570   591 E WindowManager: Unknown window type: 2999
12-11 16:18:27.346   570   591 E WindowManager: Unknown window type: 2999
12-11 16:18:27.347   570  1721 V WindowManager: Eval win Window{933aa07 u0 com.roboteam.teamy.usa/com.roboteam.teamy.home.HomeActivity}: isDrawn=false, isAnimating=true
12-11 16:18:27.347   570  1721 V WindowManager: Not displayed: s=null pv=true mDrawState=NO_SURFACE ah=false th=false a=false
12-11 16:18:27.363   570   591 E WindowManager: Unknown window type: 2999
12-11 16:18:27.381   570   591 E WindowManager: Unknown window type: 2999
12-11 16:18:27.399   570   591 E WindowManager: Unknown window type: 2999
12-11 16:18:27.404   570   582 I WindowStateAnimator: createSurface WindowStateAnimator{efe440b com.roboteam.teamy.usa/com.roboteam.teamy.home.HomeActivity}: mDrawState=DRAW_PENDING
12-11 16:18:27.404   570   582 V WindowManager: Skipping AppWindowToken{7b3a82 token=Token{fbd11cd ActivityRecord{48bdb64 u0 com.robotemi.sdk.sample/.MainActivity t1709}}} -- hidden on top
12-11 16:18:27.404   570   582 V WindowManager: Skipping AppWindowToken{f17596e token=Token{443e8e9 ActivityRecord{716d70 u0 com.roboteam.teamy.usa/com.roboteam.teamy.boot.BootActivity t1708}}} -- hidden on top
12-11 16:18:27.404   570   582 V WindowManager: Done at AppWindowToken{2a1e73 token=Token{2243ae2 ActivityRecord{2257ad u0 com.roboteam.teamy.usa/com.roboteam.teamy.home.HomeActivity t1707}}} -- full screen, return 0
12-11 16:18:27.405   570   582 V WindowManager: Eval win Window{933aa07 u0 com.roboteam.teamy.usa/com.roboteam.teamy.home.HomeActivity}: isDrawn=false, isAnimating=true
12-11 16:18:27.405   570   582 V WindowManager: Not displayed: s=Surface(name=com.roboteam.teamy.usa/com.roboteam.teamy.home.HomeActivity) pv=true mDrawState=DRAW_PENDING ah=false th=false a=false
12-11 16:18:27.406   702  1360 D Surface : Surface::final mReqUsage=a00
12-11 16:18:27.406   702  1360 D mali_winsys: EGLint new_window_surface(egl_winsys_display*, void*, EGLSurface, EGLConfig, egl_winsys_surface**, egl_color_buffer_format*, EGLBoolean) returns 0x3000
12-11 16:18:27.413   191   201 D gralloc : Isfb=0, [1920,1200,1920,7680], fmt=1, byte_stride=7680
12-11 16:18:27.416   570   591 E WindowManager: Unknown window type: 2999
12-11 16:18:27.419   191   201 D gralloc : Isfb=0, [1920,1200,1920,7680], fmt=1, byte_stride=7680
12-11 16:18:27.425   191   201 D gralloc : Isfb=0, [1920,1200,1920,7680], fmt=1, byte_stride=7680
12-11 16:18:27.428   570   729 V WindowManager: Skipping AppWindowToken{7b3a82 token=Token{fbd11cd ActivityRecord{48bdb64 u0 com.robotemi.sdk.sample/.MainActivity t1709}}} -- hidden on top
12-11 16:18:27.428   570   729 V WindowManager: Skipping AppWindowToken{f17596e token=Token{443e8e9 ActivityRecord{716d70 u0 com.roboteam.teamy.usa/com.roboteam.teamy.boot.BootActivity t1708}}} -- hidden on top
12-11 16:18:27.428   570   729 V WindowManager: Done at AppWindowToken{2a1e73 token=Token{2243ae2 ActivityRecord{2257ad u0 com.roboteam.teamy.usa/com.roboteam.teamy.home.HomeActivity t1707}}} -- full screen, return 0
12-11 16:18:27.429   570  1150 V WindowManager: Clear freezing of Token{2243ae2 ActivityRecord{2257ad u0 com.roboteam.teamy.usa/com.roboteam.teamy.home.HomeActivity t1707}}: hidden=true freezing=false
12-11 16:18:27.434   570   591 E WindowManager: Unknown window type: 2999
12-11 16:18:27.437  2367  2367 I art     : Late-enabling -Xcheck:jni
12-11 16:18:27.440   570  1150 I ActivityManager: Start proc 2367:com.robotemi.sdk.sample/u0a46 for activity com.robotemi.sdk.sample/.MainActivity
12-11 16:18:27.452   570   591 E WindowManager: Unknown window type: 2999
12-11 16:18:27.453   570   728 V WindowManager: Skipping set freeze of Token{fbd11cd ActivityRecord{48bdb64 u0 com.robotemi.sdk.sample/.MainActivity t1709}}
12-11 16:18:27.453   570   728 V WindowManager: setAppVisibility(Token{fbd11cd ActivityRecord{48bdb64 u0 com.robotemi.sdk.sample/.MainActivity t1709}}, visible=true): mNextAppTransition=TRANSIT_TASK_OPEN hidden=true hiddenRequested=true Callers=com.android.server.am.ActivityStackSupervisor.realStartActivityLocked:1185 com.android.server.am.ActivityStackSupervisor.attachApplicationLocked:625 com.android.server.am.ActivityManagerService.attachApplicationLocked:6504 com.android.server.am.ActivityManagerService.attachApplication:6567 android.app.ActivityManagerNative.onTransact:507 com.android.server.am.ActivityManagerService.onTransact:2687 
12-11 16:18:27.453   570   728 V WindowManager: Done at AppWindowToken{7b3a82 token=Token{fbd11cd ActivityRecord{48bdb64 u0 com.robotemi.sdk.sample/.MainActivity t1709}}} -- full screen, return 0
12-11 16:18:27.454   570   728 V WindowManager: setAppVisibility(Token{2243ae2 ActivityRecord{2257ad u0 com.roboteam.teamy.usa/com.roboteam.teamy.home.HomeActivity t1707}}, visible=false): mNextAppTransition=TRANSIT_TASK_OPEN hidden=true hiddenRequested=false Callers=com.android.server.am.ActivityStack.setVisible:1170 com.android.server.am.ActivityStack.ensureActivitiesVisibleLocked:1431 com.android.server.am.ActivityStackSupervisor.ensureActivitiesVisibleLocked:3305 com.android.server.am.ActivityManagerService.updateConfigurationLocked:17838 com.android.server.am.ActivityStackSupervisor.realStartActivityLocked:1201 com.android.server.am.ActivityStackSupervisor.attachApplicationLocked:625 
12-11 16:18:27.457   570   728 V WindowManager: Eval win Window{7f7ad85 u0 Starting com.robotemi.sdk.sample}: isDrawn=true, isAnimating=true
12-11 16:18:27.457   570   728 V WindowManager: Eval win Window{933aa07 u0 com.roboteam.teamy.usa/com.roboteam.teamy.home.HomeActivity}: isDrawn=false, isAnimating=true
12-11 16:18:27.457   570   728 V WindowManager: Not displayed: s=Surface(name=com.roboteam.teamy.usa/com.roboteam.teamy.home.HomeActivity) pv=true mDrawState=DRAW_PENDING ah=false th=true a=true
12-11 16:18:27.463   570   728 I WindowManager:   SURFACE SHOW (performShowLocked): Window{7f7ad85 u0 Starting com.robotemi.sdk.sample}
12-11 16:18:27.467   570   728 V WindowManager: Done at AppWindowToken{7b3a82 token=Token{fbd11cd ActivityRecord{48bdb64 u0 com.robotemi.sdk.sample/.MainActivity t1709}}} -- full screen, return 0
12-11 16:18:27.469   570   728 V WindowManager: Eval win Window{7f7ad85 u0 Starting com.robotemi.sdk.sample}: isDrawn=true, isAnimating=true
12-11 16:18:27.470   570   591 E WindowManager: Unknown window type: 2999
12-11 16:18:27.488   570   591 E WindowManager: Unknown window type: 2999
12-11 16:18:27.490   570   591 V WindowManager: Eval win Window{7f7ad85 u0 Starting com.robotemi.sdk.sample}: isDrawn=true, isAnimating=true
12-11 16:18:27.494   191   201 D gralloc : Isfb=0, [1200,1920,1200,4800], fmt=1, byte_stride=4800
12-11 16:18:27.508   570   591 E WindowManager: Unknown window type: 2999
12-11 16:18:27.514   191   616 D gralloc : Isfb=0, [1200,1920,1200,4800], fmt=1, byte_stride=4800
12-11 16:18:27.516  2367  2367 W System  : ClassLoader referenced unknown path: /data/app/com.robotemi.sdk.sample-1/lib/arm
12-11 16:18:27.516   570   729 V WindowStateAnimator: finishDrawingLocked: mDrawState=COMMIT_DRAW_PENDING WindowStateAnimator{efe440b com.roboteam.teamy.usa/com.roboteam.teamy.home.HomeActivity} in Surface(name=com.roboteam.teamy.usa/com.roboteam.teamy.home.HomeActivity)
12-11 16:18:27.517   570   591 V WindowManager: Eval win Window{7f7ad85 u0 Starting com.robotemi.sdk.sample}: isDrawn=true, isAnimating=true
12-11 16:18:27.519   570   581 I WindowStateAnimator: createSurface WindowStateAnimator{a1ceb39 }: mDrawState=DRAW_PENDING
12-11 16:18:27.520   570   581 V WindowManager: Done at AppWindowToken{7b3a82 token=Token{fbd11cd ActivityRecord{48bdb64 u0 com.robotemi.sdk.sample/.MainActivity t1709}}} -- full screen, return 0
12-11 16:18:27.520   570   581 V WindowManager: Resize reasons for w=Window{40a9d01 u0 com.roboteam.teamy.usa}:  contentInsetsChanged=false [0,0][0,0] visibleInsetsChanged=false [0,0][0,0] stableInsetsChanged=false [0,0][0,0] outsetsChanged=false [0,0][0,0] surfaceResized=true configChanged=true
12-11 16:18:27.521   570   581 V WindowManager: Resizing window Window{40a9d01 u0 com.roboteam.teamy.usa} to 1920.0x41.0
12-11 16:18:27.521   570   581 V WindowManager: Eval win Window{7f7ad85 u0 Starting com.robotemi.sdk.sample}: isDrawn=true, isAnimating=true
12-11 16:18:27.523   570   581 V WindowState: Reporting new frame to Window{40a9d01 u0 com.roboteam.teamy.usa}: Rect(0, 0 - 1920, 41)
12-11 16:18:27.523   570   581 I WindowState: Sending new config to window Window{40a9d01 u0 com.roboteam.teamy.usa}: 1920.0x41.0 / config={1.0 ?mcc?mnc en_US ldltr sw800dp w1280dp h800dp 240dpi xlrg land finger -keyb/v/h -nav/h s.4} overrideConfig={1.0 ?mcc?mnc ?locale ?layoutDir ?swdp ?wdp ?hdp ?density ?lsize ?long ?orien ?uimode ?night ?touch ?keyb/?/? ?nav/?}
12-11 16:18:27.523   570   581 I WindowState: Resizing Window{40a9d01 u0 com.roboteam.teamy.usa} WITH DRAW PENDING
12-11 16:18:27.523   570   581 V WindowManager: Eval win Window{7f7ad85 u0 Starting com.robotemi.sdk.sample}: isDrawn=true, isAnimating=true
12-11 16:18:27.524   570   591 E WindowManager: Unknown window type: 2999
12-11 16:18:27.525   702  1360 D Surface : Surface::final mReqUsage=a00
12-11 16:18:27.525   702  1360 D mali_winsys: EGLint new_window_surface(egl_winsys_display*, void*, EGLSurface, EGLConfig, egl_winsys_surface**, egl_color_buffer_format*, EGLBoolean) returns 0x3000
12-11 16:18:27.527   191   616 D gralloc : Isfb=0, [1920,41,1920,7680], fmt=1, byte_stride=7680
12-11 16:18:27.528   191   616 D gralloc : Isfb=0, [1920,41,1920,7680], fmt=1, byte_stride=7680
12-11 16:18:27.529   191   616 D gralloc : Isfb=0, [1920,41,1920,7680], fmt=1, byte_stride=7680
12-11 16:18:27.534   191   203 D gralloc : Isfb=0, [41,1920,48,192], fmt=1, byte_stride=192
12-11 16:18:27.537   191   201 D gralloc : Isfb=0, [41,1920,48,192], fmt=1, byte_stride=192
12-11 16:18:27.538   570  1721 V WindowStateAnimator: finishDrawingLocked: mDrawState=COMMIT_DRAW_PENDING WindowStateAnimator{a1ceb39 } in Surface(name=)
12-11 16:18:27.539   570   591 I WindowManager:   SURFACE SHOW (performShowLocked): Window{40a9d01 u0 com.roboteam.teamy.usa}
12-11 16:18:27.539   570   591 V WindowManager: Eval win Window{7f7ad85 u0 Starting com.robotemi.sdk.sample}: isDrawn=true, isAnimating=true
12-11 16:18:27.540   570   591 E WindowManager: Unknown window type: 2999
12-11 16:18:27.551   570   700 V WindowManager: Done at AppWindowToken{7b3a82 token=Token{fbd11cd ActivityRecord{48bdb64 u0 com.robotemi.sdk.sample/.MainActivity t1709}}} -- full screen, return 0
12-11 16:18:27.551   570   700 V WindowManager: Eval win Window{7f7ad85 u0 Starting com.robotemi.sdk.sample}: isDrawn=true, isAnimating=true
12-11 16:18:27.553   570   591 V WindowManager: Eval win Window{7f7ad85 u0 Starting com.robotemi.sdk.sample}: isDrawn=true, isAnimating=true
12-11 16:18:27.558   570   591 E WindowManager: Unknown window type: 2999
12-11 16:18:27.576   570   591 E WindowManager: Unknown window type: 2999
12-11 16:18:27.588   191   201 D gralloc : Isfb=0, [41,1920,48,192], fmt=1, byte_stride=192
12-11 16:18:27.594   570   591 E WindowManager: Unknown window type: 2999
12-11 16:18:27.611   570   591 E WindowManager: Unknown window type: 2999
12-11 16:18:27.629   570   591 E WindowManager: Unknown window type: 2999
12-11 16:18:27.647   570   591 E WindowManager: Unknown window type: 2999
12-11 16:18:27.664   570   591 E WindowManager: Unknown window type: 2999
12-11 16:18:27.670  2367  2367 D TemiSdkServiceConnection: startConnection(Context)
12-11 16:18:27.671  2367  2367 D TemiSdkServiceConnection: getSdkServiceIntent()
12-11 16:18:27.674  2367  2367 D TemiSdkServiceConnection: bindServiceUsa=true
12-11 16:18:27.675  2367  2377 I art     : Background sticky concurrent mark sweep GC freed 3299(183KB) AllocSpace objects, 0(0B) LOS objects, 29% free, 1490KB/2MB, paused 376us total 109.272ms
12-11 16:18:27.682   570   591 E WindowManager: Unknown window type: 2999
12-11 16:18:27.700   570   591 E WindowManager: Unknown window type: 2999
12-11 16:18:27.717   570   591 E WindowManager: Unknown window type: 2999
12-11 16:18:27.735   570   591 E WindowManager: Unknown window type: 2999
12-11 16:18:27.753   570   591 E WindowManager: Unknown window type: 2999
12-11 16:18:27.762   570   591 V WindowManager: Eval win Window{7f7ad85 u0 Starting com.robotemi.sdk.sample}: isDrawn=true, isAnimating=true
12-11 16:18:27.765   570   591 V WindowManager: Eval win Window{7f7ad85 u0 Starting com.robotemi.sdk.sample}: isDrawn=true, isAnimating=true
12-11 16:18:27.766   570   591 V WindowManager: Eval win Window{7f7ad85 u0 Starting com.robotemi.sdk.sample}: isDrawn=true, isAnimating=true
12-11 16:18:27.770   570   591 E WindowManager: Unknown window type: 2999
12-11 16:18:27.782   570   591 V WindowManager: Eval win Window{7f7ad85 u0 Starting com.robotemi.sdk.sample}: isDrawn=true, isAnimating=false
12-11 16:18:27.783   570   591 V WindowManager: Eval win Window{7f7ad85 u0 Starting com.robotemi.sdk.sample}: isDrawn=true, isAnimating=false
12-11 16:18:27.788   570   591 E WindowManager: Unknown window type: 2999
12-11 16:18:27.801  2367  2367 W art     : Before Android 4.1, method android.graphics.PorterDuffColorFilter androidx.vectordrawable.graphics.drawable.VectorDrawableCompat.updateTintFilter(android.graphics.PorterDuffColorFilter, android.content.res.ColorStateList, android.graphics.PorterDuff$Mode) would have incorrectly overridden the package-private method in android.graphics.drawable.Drawable
12-11 16:18:27.845  2367  2367 I art     : Rejecting re-init on previously-failed class java.lang.Class<androidx.core.view.ViewCompat$2>
12-11 16:18:27.845  2367  2367 I art     : Rejecting re-init on previously-failed class java.lang.Class<androidx.core.view.ViewCompat$2>
12-11 16:18:28.020  2359  2359 D AndroidRuntime: >>>>>> START com.android.internal.os.RuntimeInit uid 0 <<<<<<
12-11 16:18:28.025  2359  2359 D AndroidRuntime: CheckJNI is OFF
12-11 16:18:28.047  2367  2385 D OpenGLRenderer: Use EGL_SWAP_BEHAVIOR_PRESERVED: true
12-11 16:18:28.054  2367  2367 D TemiSdkServiceConnection: onServiceConnected(ComponentName, IBinder) (name=ComponentInfo{com.roboteam.teamy.usa/com.roboteam.teamy.sdk.SdkService}, service=android.os.BinderProxy@27d8f6b)
12-11 16:18:28.069  2359  2359 D ICU     : No timezone override file found: /data/misc/zoneinfo/current/icu/icu_tzdata.dat
12-11 16:18:28.081   570   701 V WindowManager: Done at AppWindowToken{7b3a82 token=Token{fbd11cd ActivityRecord{48bdb64 u0 com.robotemi.sdk.sample/.MainActivity t1709}}} -- full screen, return 0
12-11 16:18:28.084   702  1220 W ContextImpl: Calling a method in the system process without a qualified user: android.app.ContextImpl.startActivity:658 android.content.ContextWrapper.startActivity:331 com.roboteam.teamy.shared.activitylauncher.ActivityLauncher.startActivity:16 com.roboteam.teamy.robox.map.activity.activitylauncher.MapFlowActivityLauncher$launch$2.accept:34 com.roboteam.teamy.robox.map.activity.activitylauncher.MapFlowActivityLauncher$launch$2.accept:15 
12-11 16:18:28.085   702  1220 W ContextImpl: Calling a method in the system process without a qualified user: android.app.ContextImpl.startActivity:670 android.app.ContextImpl.startActivity:659 android.content.ContextWrapper.startActivity:331 com.roboteam.teamy.shared.activitylauncher.ActivityLauncher.startActivity:16 com.roboteam.teamy.robox.map.activity.activitylauncher.MapFlowActivityLauncher$launch$2.accept:34 
12-11 16:18:28.085   570   584 I ActivityManager: START u0 {flg=0x10000000 cmp=com.roboteam.teamy.usa/com.roboteam.teamy.robox.map.activity.MapFlowActivity (has extras)} from uid 1000 on display 0
12-11 16:18:28.086   570   584 V WindowManager: Eval win Window{7f7ad85 u0 Starting com.robotemi.sdk.sample}: isDrawn=true, isAnimating=false
12-11 16:18:28.086   570   584 V WindowManager: Eval win Window{144f656 u0 com.robotemi.sdk.sample/com.robotemi.sdk.sample.MainActivity}: isDrawn=false, isAnimating=false
12-11 16:18:28.086   570   584 V WindowManager: Not displayed: s=null pv=true mDrawState=NO_SURFACE ah=false th=false a=false
12-11 16:18:28.089   570   591 E WindowManager: Unknown window type: 2999
12-11 16:18:28.095   191   191 D Surface : Surface::final mReqUsage=333
12-11 16:18:28.097   191   201 D gralloc : Isfb=0, [630,630,640,2560], fmt=1, byte_stride=2560
12-11 16:18:28.117  2359  2359 E memtrack: Couldn't load memtrack module (No such file or directory)
12-11 16:18:28.118  2359  2359 E android.os.Debug: failed to load memtrack module: -2
12-11 16:18:28.118   570  1150 I WindowStateAnimator: createSurface WindowStateAnimator{2f6afe1 }: mDrawState=DRAW_PENDING
12-11 16:18:28.122  2359  2359 I Radio-JNI: register_android_hardware_Radio DONE
12-11 16:18:28.130   570  1150 V WindowManager: Skipping AppWindowToken{5a5a106 token=Token{2b214a9 ActivityRecord{1d1f030 u0 com.roboteam.teamy.usa/com.roboteam.teamy.robox.map.activity.MapFlowActivity t1710}}} -- hidden on top
12-11 16:18:28.130   570  1150 V WindowManager: Done at AppWindowToken{7b3a82 token=Token{fbd11cd ActivityRecord{48bdb64 u0 com.robotemi.sdk.sample/.MainActivity t1709}}} -- full screen, return 0
12-11 16:18:28.131   570  1150 V WindowManager: Resize reasons for w=Window{e777973 u0 com.roboteam.teamy.usa}:  contentInsetsChanged=false [0,0][0,0] visibleInsetsChanged=false [0,0][0,0] stableInsetsChanged=false [0,0][0,0] outsetsChanged=false [0,0][0,0] surfaceResized=true configChanged=true
12-11 16:18:28.131   570  1150 V WindowManager: Resizing window Window{e777973 u0 com.roboteam.teamy.usa} to 1920.0x98.0
12-11 16:18:28.131   570  1150 V WindowManager: Eval win Window{7f7ad85 u0 Starting com.robotemi.sdk.sample}: isDrawn=true, isAnimating=false
12-11 16:18:28.131   570  1150 V WindowManager: Eval win Window{144f656 u0 com.robotemi.sdk.sample/com.robotemi.sdk.sample.MainActivity}: isDrawn=false, isAnimating=false
12-11 16:18:28.131   570  1150 V WindowManager: Not displayed: s=null pv=true mDrawState=NO_SURFACE ah=false th=false a=false
12-11 16:18:28.144   570  1150 V WindowState: Reporting new frame to Window{e777973 u0 com.roboteam.teamy.usa}: Rect(0, 0 - 1920, 98)
12-11 16:18:28.144   570  1150 I WindowState: Sending new config to window Window{e777973 u0 com.roboteam.teamy.usa}: 1920.0x98.0 / config={1.0 ?mcc?mnc en_US ldltr sw800dp w1280dp h800dp 240dpi xlrg land finger -keyb/v/h -nav/h s.4} overrideConfig={1.0 ?mcc?mnc ?locale ?layoutDir ?swdp ?wdp ?hdp ?density ?lsize ?long ?orien ?uimode ?night ?touch ?keyb/?/? ?nav/?}
12-11 16:18:28.144   570  1150 I WindowState: Resizing Window{e777973 u0 com.roboteam.teamy.usa} WITH DRAW PENDING
12-11 16:18:28.146   570  1150 V WindowManager: Eval win Window{7f7ad85 u0 Starting com.robotemi.sdk.sample}: isDrawn=true, isAnimating=false
12-11 16:18:28.146   570  1150 V WindowManager: Eval win Window{144f656 u0 com.robotemi.sdk.sample/com.robotemi.sdk.sample.MainActivity}: isDrawn=false, isAnimating=false
12-11 16:18:28.146   570  1150 V WindowManager: Not displayed: s=null pv=true mDrawState=NO_SURFACE ah=false th=false a=false
12-11 16:18:28.148   570   581 I WindowStateAnimator: createSurface WindowStateAnimator{f3993c7 com.robotemi.sdk.sample/com.robotemi.sdk.sample.MainActivity}: mDrawState=DRAW_PENDING
12-11 16:18:28.149   702  1360 D Surface : Surface::final mReqUsage=a00
12-11 16:18:28.149   702  1360 D mali_winsys: EGLint new_window_surface(egl_winsys_display*, void*, EGLSurface, EGLConfig, egl_winsys_surface**, egl_color_buffer_format*, EGLBoolean) returns 0x3000
12-11 16:18:28.150   702   712 I art     : Background sticky concurrent mark sweep GC freed 53460(4MB) AllocSpace objects, 1(20KB) LOS objects, 5% free, 65MB/69MB, paused 5.919ms total 78.241ms
12-11 16:18:28.151  2359  2359 D AndroidRuntime: Calling main entry com.android.commands.pm.Pm
12-11 16:18:28.153   570   581 V WindowManager: Skipping AppWindowToken{5a5a106 token=Token{2b214a9 ActivityRecord{1d1f030 u0 com.roboteam.teamy.usa/com.roboteam.teamy.robox.map.activity.MapFlowActivity t1710}}} -- hidden on top
12-11 16:18:28.153   570   581 V WindowManager: Done at AppWindowToken{7b3a82 token=Token{fbd11cd ActivityRecord{48bdb64 u0 com.robotemi.sdk.sample/.MainActivity t1709}}} -- full screen, return 0
12-11 16:18:28.153   570   581 V WindowManager: Eval win Window{7f7ad85 u0 Starting com.robotemi.sdk.sample}: isDrawn=true, isAnimating=false
12-11 16:18:28.153   570   581 V WindowManager: Eval win Window{144f656 u0 com.robotemi.sdk.sample/com.robotemi.sdk.sample.MainActivity}: isDrawn=false, isAnimating=false
12-11 16:18:28.153   570   581 V WindowManager: Not displayed: s=Surface(name=com.robotemi.sdk.sample/com.robotemi.sdk.sample.MainActivity) pv=true mDrawState=DRAW_PENDING ah=false th=false a=false
12-11 16:18:28.153   570   581 V WindowManager: Resize reasons for w=Window{144f656 u0 com.robotemi.sdk.sample/com.robotemi.sdk.sample.MainActivity}:  contentInsetsChanged=false [0,0][0,0] visibleInsetsChanged=false [0,0][0,0] stableInsetsChanged=false [0,0][0,0] outsetsChanged=false [0,0][0,0] surfaceResized=false configChanged=true
12-11 16:18:28.153   570   581 V WindowManager: Resizing window Window{144f656 u0 com.robotemi.sdk.sample/com.robotemi.sdk.sample.MainActivity} to 1920.0x1200.0
12-11 16:18:28.153   570   581 V WindowState: Reporting new frame to Window{144f656 u0 com.robotemi.sdk.sample/com.robotemi.sdk.sample.MainActivity}: Rect(0, 0 - 1920, 1200)
12-11 16:18:28.153   570   581 I WindowState: Sending new config to window Window{144f656 u0 com.robotemi.sdk.sample/com.robotemi.sdk.sample.MainActivity}: 1920.0x1200.0 / config={1.0 ?mcc?mnc en_US ldltr sw800dp w1280dp h800dp 240dpi xlrg land finger -keyb/v/h -nav/h s.4} overrideConfig={1.0 ?mcc?mnc ?locale ?layoutDir ?swdp ?wdp ?hdp ?density ?lsize ?long ?orien ?uimode ?night ?touch ?keyb/?/? ?nav/?}
12-11 16:18:28.153   570   581 I WindowState: Resizing Window{144f656 u0 com.robotemi.sdk.sample/com.robotemi.sdk.sample.MainActivity} WITH DRAW PENDING
12-11 16:18:28.155   191   201 D gralloc : Isfb=0, [1920,98,1920,7680], fmt=1, byte_stride=7680
12-11 16:18:28.157   191   201 D gralloc : Isfb=0, [1920,98,1920,7680], fmt=1, byte_stride=7680
12-11 16:18:28.158   570   591 I WindowStateAnimator: createSurface WindowStateAnimator{974bdf4 Starting com.roboteam.teamy.usa}: mDrawState=DRAW_PENDING
12-11 16:18:28.158   570   591 D WindowStateAnimator: rk_debug2 Starting com.roboteam.teamy.usa_Force_To_Dual
12-11 16:18:28.159   570   591 V WindowManager: Skipping AppWindowToken{5a5a106 token=Token{2b214a9 ActivityRecord{1d1f030 u0 com.roboteam.teamy.usa/com.roboteam.teamy.robox.map.activity.MapFlowActivity t1710}}} -- hidden on top
12-11 16:18:28.159   570   591 V WindowManager: Done at AppWindowToken{7b3a82 token=Token{fbd11cd ActivityRecord{48bdb64 u0 com.robotemi.sdk.sample/.MainActivity t1709}}} -- full screen, return 0
12-11 16:18:28.159   570   591 V WindowManager: Resize reasons for w=Window{2d79548 u0 Starting com.roboteam.teamy.usa}:  contentInsetsChanged=false [0,0][0,0] visibleInsetsChanged=false [0,0][0,0] stableInsetsChanged=false [0,0][0,0] outsetsChanged=false [0,0][0,0] surfaceResized=false configChanged=true
12-11 16:18:28.159   570   591 V WindowManager: Resizing window Window{2d79548 u0 Starting com.roboteam.teamy.usa} to 1920.0x1200.0
12-11 16:18:28.159   570   591 V WindowManager: Eval win Window{7f7ad85 u0 Starting com.robotemi.sdk.sample}: isDrawn=true, isAnimating=false
12-11 16:18:28.159   570   591 V WindowManager: Eval win Window{144f656 u0 com.robotemi.sdk.sample/com.robotemi.sdk.sample.MainActivity}: isDrawn=false, isAnimating=false
12-11 16:18:28.159   570   591 V WindowManager: Not displayed: s=Surface(name=com.robotemi.sdk.sample/com.robotemi.sdk.sample.MainActivity) pv=true mDrawState=DRAW_PENDING ah=false th=false a=false
12-11 16:18:28.160   570   591 V WindowState: Reporting new frame to Window{2d79548 u0 Starting com.roboteam.teamy.usa}: Rect(0, 0 - 1920, 1200)
12-11 16:18:28.160   570   591 I WindowState: Sending new config to window Window{2d79548 u0 Starting com.roboteam.teamy.usa}: 1920.0x1200.0 / config={1.0 ?mcc?mnc en_US ldltr sw800dp w1280dp h800dp 240dpi xlrg land finger -keyb/v/h -nav/h s.4} overrideConfig={1.0 ?mcc?mnc ?locale ?layoutDir ?swdp ?wdp ?hdp ?density ?lsize ?long ?orien ?uimode ?night ?touch ?keyb/?/? ?nav/?}
12-11 16:18:28.160   570   591 I WindowState: Resizing Window{2d79548 u0 Starting com.roboteam.teamy.usa} WITH DRAW PENDING
12-11 16:18:28.162   570   584 V WindowManager: Eval win Window{7f7ad85 u0 Starting com.robotemi.sdk.sample}: isDrawn=true, isAnimating=false
12-11 16:18:28.162   570   584 V WindowManager: Eval win Window{144f656 u0 com.robotemi.sdk.sample/com.robotemi.sdk.sample.MainActivity}: isDrawn=false, isAnimating=false
12-11 16:18:28.162   570   584 V WindowManager: Not displayed: s=Surface(name=com.robotemi.sdk.sample/com.robotemi.sdk.sample.MainActivity) pv=true mDrawState=DRAW_PENDING ah=false th=false a=false
12-11 16:18:28.166  2367  2385 I mali_so : [File] : hardware/arm/maliT760/driver/product/base/src/mali_base_kbase.c; [Line] : 928; [Func] : base_context_deal_with_version_affairs_rk_ext;
12-11 16:18:28.166  2367  2385 I mali_so : arm_release_ver of this mali_so is 'r12p0-04rel0', rk_so_ver is '12@0', built at '17:00:15', on 'Aug 16 2016'.
12-11 16:18:28.166   191   201 D gralloc : Isfb=0, [1920,98,1920,7680], fmt=1, byte_stride=7680
12-11 16:18:28.166  2367  2385 I mali_so : [File] : hardware/arm/maliT760/driver/product/base/src/mali_base_kbase.c; [Line] : 955; [Func] : base_context_deal_with_version_affairs_rk_ext;
12-11 16:18:28.166  2367  2385 I mali_so : mali_ver_property has been set to 'r12p0-04rel0-13-12@0', to return.
12-11 16:18:28.167  2359  2359 I art     : System.exit called, status: 1
12-11 16:18:28.167  2359  2359 I AndroidRuntime: VM exiting with result code 1.
12-11 16:18:28.168  2367  2385 I OpenGLRenderer: Initialized EGL, version 1.4
12-11 16:18:28.171   570  1107 V WindowManager: Skipping AppWindowToken{5a5a106 token=Token{2b214a9 ActivityRecord{1d1f030 u0 com.roboteam.teamy.usa/com.roboteam.teamy.robox.map.activity.MapFlowActivity t1710}}} -- hidden on top
12-11 16:18:28.171   570  1107 V WindowManager: Done at AppWindowToken{7b3a82 token=Token{fbd11cd ActivityRecord{48bdb64 u0 com.robotemi.sdk.sample/.MainActivity t1709}}} -- full screen, return 0
12-11 16:18:28.174   570  1150 V WindowManager: Eval win Window{7f7ad85 u0 Starting com.robotemi.sdk.sample}: isDrawn=true, isAnimating=false
12-11 16:18:28.174   570  1150 V WindowManager: Eval win Window{144f656 u0 com.robotemi.sdk.sample/com.robotemi.sdk.sample.MainActivity}: isDrawn=false, isAnimating=false
12-11 16:18:28.174   570  1150 V WindowManager: Not displayed: s=Surface(name=com.robotemi.sdk.sample/com.robotemi.sdk.sample.MainActivity) pv=true mDrawState=DRAW_PENDING ah=false th=false a=false
12-11 16:18:28.176  2367  2385 D Surface : Surface::final mReqUsage=a00
12-11 16:18:28.176  2367  2385 D mali_winsys: EGLint new_window_surface(egl_winsys_display*, void*, EGLSurface, EGLConfig, egl_winsys_surface**, egl_color_buffer_format*, EGLBoolean) returns 0x3000
12-11 16:18:28.177   570   591 E WindowManager: Unknown window type: 2999
12-11 16:18:28.181   570   591 D Surface : Surface::final mReqUsage=33
12-11 16:18:28.188   702   702 W PathParser: Points are too far apart 4.003111663332675
12-11 16:18:28.188   702   702 W PathParser: Points are too far apart 4.003111663332675
12-11 16:18:28.190   191   617 D gralloc : Isfb=0, [1920,1200,1920,7680], fmt=1, byte_stride=7680
12-11 16:18:28.190   702   702 W PathParser: Points are too far apart 4.000001541292032
12-11 16:18:28.190   702   702 W PathParser: Points are too far apart 4.000001541292032
12-11 16:18:28.190   702   702 W PathParser: Points are too far apart 4.000001541292032
12-11 16:18:28.190   702   702 W PathParser: Points are too far apart 4.000000192661488
12-11 16:18:28.190   702   702 W PathParser: Points are too far apart 4.000000192661488
12-11 16:18:28.190   702   702 W PathParser: Points are too far apart 4.000000192661488
12-11 16:18:28.196   191   201 D gralloc : Isfb=0, [1920,1200,1920,7680], fmt=1, byte_stride=7680
12-11 16:18:28.211   570   591 V WindowStateAnimator: finishDrawingLocked: mDrawState=COMMIT_DRAW_PENDING WindowStateAnimator{974bdf4 Starting com.roboteam.teamy.usa} in Surface(name=Starting com.roboteam.teamy.usa_Force_To_Dual)
12-11 16:18:28.212   570   591 E WindowManager: Unknown window type: 2999
12-11 16:18:28.212   191   203 D gralloc : Isfb=0, [98,1920,112,448], fmt=1, byte_stride=448
12-11 16:18:28.213   570   591 V WindowManager: Eval win Window{7f7ad85 u0 Starting com.robotemi.sdk.sample}: isDrawn=true, isAnimating=false
12-11 16:18:28.213   570   591 V WindowManager: Eval win Window{144f656 u0 com.robotemi.sdk.sample/com.robotemi.sdk.sample.MainActivity}: isDrawn=false, isAnimating=false
12-11 16:18:28.213   570   591 V WindowManager: Not displayed: s=Surface(name=com.robotemi.sdk.sample/com.robotemi.sdk.sample.MainActivity) pv=true mDrawState=DRAW_PENDING ah=false th=false a=false
12-11 16:18:28.214   570   591 E WindowManager: Unknown window type: 2999
12-11 16:18:28.217   191   616 D gralloc : Isfb=0, [98,1920,112,448], fmt=1, byte_stride=448
12-11 16:18:28.219   570   701 V WindowStateAnimator: finishDrawingLocked: mDrawState=COMMIT_DRAW_PENDING WindowStateAnimator{2f6afe1 } in Surface(name=)
12-11 16:18:28.219   570   591 I WindowManager:   SURFACE SHOW (performShowLocked): Window{e777973 u0 com.roboteam.teamy.usa}
12-11 16:18:28.220   570   591 V WindowManager: Eval win Window{7f7ad85 u0 Starting com.robotemi.sdk.sample}: isDrawn=true, isAnimating=false
12-11 16:18:28.220   570   591 V WindowManager: Eval win Window{144f656 u0 com.robotemi.sdk.sample/com.robotemi.sdk.sample.MainActivity}: isDrawn=false, isAnimating=false
12-11 16:18:28.220   570   591 V WindowManager: Not displayed: s=Surface(name=com.robotemi.sdk.sample/com.robotemi.sdk.sample.MainActivity) pv=true mDrawState=DRAW_PENDING ah=false th=false a=false
12-11 16:18:28.221   191   617 D gralloc : Isfb=0, [1920,1200,1920,7680], fmt=1, byte_stride=7680
12-11 16:18:28.222   570   582 I WindowStateAnimator: createSurface WindowStateAnimator{65c7a19 }: mDrawState=DRAW_PENDING
12-11 16:18:28.223   570   582 V WindowManager: Skipping AppWindowToken{5a5a106 token=Token{2b214a9 ActivityRecord{1d1f030 u0 com.roboteam.teamy.usa/com.roboteam.teamy.robox.map.activity.MapFlowActivity t1710}}} -- hidden on top
12-11 16:18:28.224   570   582 V WindowManager: Done at AppWindowToken{7b3a82 token=Token{fbd11cd ActivityRecord{48bdb64 u0 com.robotemi.sdk.sample/.MainActivity t1709}}} -- full screen, return 0
12-11 16:18:28.224   570   582 V WindowManager: Resize reasons for w=Window{b6ac792 u0 com.roboteam.teamy.usa}:  contentInsetsChanged=false [0,0][0,0] visibleInsetsChanged=false [0,0][0,0] stableInsetsChanged=false [0,0][0,0] outsetsChanged=false [0,0][0,0] surfaceResized=true configChanged=true
12-11 16:18:28.224   570   582 V WindowManager: Resizing window Window{b6ac792 u0 com.roboteam.teamy.usa} to 1920.0x30.0
12-11 16:18:28.224   570   582 V WindowManager: Eval win Window{7f7ad85 u0 Starting com.robotemi.sdk.sample}: isDrawn=true, isAnimating=false
12-11 16:18:28.224   570   582 V WindowManager: Eval win Window{144f656 u0 com.robotemi.sdk.sample/com.robotemi.sdk.sample.MainActivity}: isDrawn=false, isAnimating=false
12-11 16:18:28.224   570   582 V WindowManager: Not displayed: s=Surface(name=com.robotemi.sdk.sample/com.robotemi.sdk.sample.MainActivity) pv=true mDrawState=DRAW_PENDING ah=false th=false a=false
12-11 16:18:28.227   191   617 D gralloc : Isfb=0, [1920,1200,1920,7680], fmt=1, byte_stride=7680
12-11 16:18:28.230   570   582 V WindowState: Reporting new frame to Window{b6ac792 u0 com.roboteam.teamy.usa}: Rect(0, 1170 - 1920, 1200)
12-11 16:18:28.230   570   582 I WindowState: Sending new config to window Window{b6ac792 u0 com.roboteam.teamy.usa}: 1920.0x30.0 / config={1.0 ?mcc?mnc en_US ldltr sw800dp w1280dp h800dp 240dpi xlrg land finger -keyb/v/h -nav/h s.4} overrideConfig={1.0 ?mcc?mnc ?locale ?layoutDir ?swdp ?wdp ?hdp ?density ?lsize ?long ?orien ?uimode ?night ?touch ?keyb/?/? ?nav/?}
12-11 16:18:28.230   570   582 I WindowState: Resizing Window{b6ac792 u0 com.roboteam.teamy.usa} WITH DRAW PENDING
12-11 16:18:28.231   570   582 V WindowManager: Eval win Window{7f7ad85 u0 Starting com.robotemi.sdk.sample}: isDrawn=true, isAnimating=false
12-11 16:18:28.231   570   582 V WindowManager: Eval win Window{144f656 u0 com.robotemi.sdk.sample/com.robotemi.sdk.sample.MainActivity}: isDrawn=false, isAnimating=false
12-11 16:18:28.231   570   582 V WindowManager: Not displayed: s=Surface(name=com.robotemi.sdk.sample/com.robotemi.sdk.sample.MainActivity) pv=true mDrawState=DRAW_PENDING ah=false th=false a=false
12-11 16:18:28.232   570   591 E WindowManager: Unknown window type: 2999
12-11 16:18:28.233   570   591 V WindowManager: Eval win Window{7f7ad85 u0 Starting com.robotemi.sdk.sample}: isDrawn=true, isAnimating=false
12-11 16:18:28.233   570   591 V WindowManager: Eval win Window{144f656 u0 com.robotemi.sdk.sample/com.robotemi.sdk.sample.MainActivity}: isDrawn=false, isAnimating=false
12-11 16:18:28.233   570   591 V WindowManager: Not displayed: s=Surface(name=com.robotemi.sdk.sample/com.robotemi.sdk.sample.MainActivity) pv=true mDrawState=DRAW_PENDING ah=false th=false a=false
12-11 16:18:28.234   702  1360 D Surface : Surface::final mReqUsage=a00
12-11 16:18:28.234   702  1360 D mali_winsys: EGLint new_window_surface(egl_winsys_display*, void*, EGLSurface, EGLConfig, egl_winsys_surface**, egl_color_buffer_format*, EGLBoolean) returns 0x3000
12-11 16:18:28.236   191   617 D gralloc : Isfb=0, [1920,30,1920,7680], fmt=1, byte_stride=7680
12-11 16:18:28.237   191   617 D gralloc : Isfb=0, [1920,30,1920,7680], fmt=1, byte_stride=7680
12-11 16:18:28.237   191   617 D gralloc : Isfb=0, [1920,30,1920,7680], fmt=1, byte_stride=7680
12-11 16:18:28.247   191   203 D gralloc : Isfb=0, [1200,1920,1200,4800], fmt=1, byte_stride=4800
12-11 16:18:28.247   191  2403 D gralloc : Isfb=0, [30,1920,32,128], fmt=1, byte_stride=128
12-11 16:18:28.248   570   591 E WindowManager: Unknown window type: 2999
12-11 16:18:28.250   191   617 D gralloc : Isfb=0, [30,1920,32,128], fmt=1, byte_stride=128
12-11 16:18:28.252   570   728 V WindowStateAnimator: finishDrawingLocked: mDrawState=COMMIT_DRAW_PENDING WindowStateAnimator{65c7a19 } in Surface(name=)
12-11 16:18:28.252   570   591 I WindowManager:   SURFACE SHOW (performShowLocked): Window{b6ac792 u0 com.roboteam.teamy.usa}
12-11 16:18:28.253   570   591 V WindowManager: Eval win Window{7f7ad85 u0 Starting com.robotemi.sdk.sample}: isDrawn=true, isAnimating=false
12-11 16:18:28.253   570   591 V WindowManager: Eval win Window{144f656 u0 com.robotemi.sdk.sample/com.robotemi.sdk.sample.MainActivity}: isDrawn=false, isAnimating=false
12-11 16:18:28.253   570   591 V WindowManager: Not displayed: s=Surface(name=com.robotemi.sdk.sample/com.robotemi.sdk.sample.MainActivity) pv=true mDrawState=DRAW_PENDING ah=false th=false a=false
12-11 16:18:28.254   702   702 W PathParser: Points are too far apart 4.000000321174563
12-11 16:18:28.254   702   702 W PathParser: Points are too far apart 4.002842791461067
12-11 16:18:28.254   702   702 W PathParser: Points are too far apart 4.002973474951264
12-11 16:18:28.263   191   617 D gralloc : Isfb=0, [1200,1920,1200,4800], fmt=1, byte_stride=4800
12-11 16:18:28.266   570   591 E WindowManager: Unknown window type: 2999
12-11 16:18:28.267   570   591 V WindowManager: Eval win Window{7f7ad85 u0 Starting com.robotemi.sdk.sample}: isDrawn=true, isAnimating=false
12-11 16:18:28.267   570   591 V WindowManager: Eval win Window{144f656 u0 com.robotemi.sdk.sample/com.robotemi.sdk.sample.MainActivity}: isDrawn=false, isAnimating=false
12-11 16:18:28.267   570   591 V WindowManager: Not displayed: s=Surface(name=com.robotemi.sdk.sample/com.robotemi.sdk.sample.MainActivity) pv=true mDrawState=DRAW_PENDING ah=false th=false a=false
12-11 16:18:28.271   570   584 V WindowStateAnimator: finishDrawingLocked: mDrawState=COMMIT_DRAW_PENDING WindowStateAnimator{f3993c7 com.robotemi.sdk.sample/com.robotemi.sdk.sample.MainActivity} in Surface(name=com.robotemi.sdk.sample/com.robotemi.sdk.sample.MainActivity)
12-11 16:18:28.272   570   591 V WindowManager: Eval win Window{7f7ad85 u0 Starting com.robotemi.sdk.sample}: isDrawn=true, isAnimating=false
12-11 16:18:28.272   570   591 V WindowManager: Eval win Window{144f656 u0 com.robotemi.sdk.sample/com.robotemi.sdk.sample.MainActivity}: isDrawn=true, isAnimating=false
12-11 16:18:28.272   191   617 D gralloc : Isfb=0, [98,1920,112,448], fmt=1, byte_stride=448
12-11 16:18:28.272   570   591 V WindowManager: tokenMayBeDrawn: AppWindowToken{7b3a82 token=Token{fbd11cd ActivityRecord{48bdb64 u0 com.robotemi.sdk.sample/.MainActivity t1709}}} freezingScreen=false mAppFreezing=false
12-11 16:18:28.273   570   591 I WindowManager:   SURFACE SHOW (performShowLocked): Window{144f656 u0 com.robotemi.sdk.sample/com.robotemi.sdk.sample.MainActivity}
12-11 16:18:28.283   570   591 E WindowManager: Unknown window type: 2999
12-11 16:18:28.285   570  1107 V WindowManager: Clear freezing of Token{fbd11cd ActivityRecord{48bdb64 u0 com.robotemi.sdk.sample/.MainActivity t1709}}: hidden=false freezing=false
12-11 16:18:28.286   570  1107 V WindowManager: Skipping set freeze of Token{2b214a9 ActivityRecord{1d1f030 u0 com.roboteam.teamy.usa/com.roboteam.teamy.robox.map.activity.MapFlowActivity t1710}}
12-11 16:18:28.286   570  1107 V WindowManager: setAppVisibility(Token{2b214a9 ActivityRecord{1d1f030 u0 com.roboteam.teamy.usa/com.roboteam.teamy.robox.map.activity.MapFlowActivity t1710}}, visible=true): mNextAppTransition=TRANSIT_TASK_OPEN hidden=true hiddenRequested=true Callers=com.android.server.am.ActivityStackSupervisor.realStartActivityLocked:1185 com.android.server.am.ActivityStackSupervisor.startSpecificActivityLocked:1384 com.android.server.am.ActivityStack.resumeTopActivityInnerLocked:2077 com.android.server.am.ActivityStack.resumeTopActivityLocked:1587 com.android.server.am.ActivityStackSupervisor.resumeTopActivitiesLocked:2735 com.android.server.am.ActivityStack.completePauseLocked:1080 
12-11 16:18:28.286   570  1107 V WindowManager: Done at AppWindowToken{5a5a106 token=Token{2b214a9 ActivityRecord{1d1f030 u0 com.roboteam.teamy.usa/com.roboteam.teamy.robox.map.activity.MapFlowActivity t1710}}} -- full screen, return 0
12-11 16:18:28.287   570  1107 V WindowManager: setAppVisibility(Token{fbd11cd ActivityRecord{48bdb64 u0 com.robotemi.sdk.sample/.MainActivity t1709}}, visible=false): mNextAppTransition=TRANSIT_TASK_OPEN hidden=false hiddenRequested=false Callers=com.android.server.am.ActivityStack.setVisible:1170 com.android.server.am.ActivityStack.ensureActivitiesVisibleLocked:1431 com.android.server.am.ActivityStackSupervisor.ensureActivitiesVisibleLocked:3305 com.android.server.am.ActivityManagerService.updateConfigurationLocked:17838 com.android.server.am.ActivityStackSupervisor.realStartActivityLocked:1201 com.android.server.am.ActivityStackSupervisor.startSpecificActivityLocked:1384 
12-11 16:18:28.290   570  1107 V WindowManager: Eval win Window{2d79548 u0 Starting com.roboteam.teamy.usa}: isDrawn=true, isAnimating=true
12-11 16:18:28.292   570  1107 I WindowManager:   SURFACE SHOW (performShowLocked): Window{2d79548 u0 Starting com.roboteam.teamy.usa}
12-11 16:18:28.294   570  1107 V WindowManager: Done at AppWindowToken{5a5a106 token=Token{2b214a9 ActivityRecord{1d1f030 u0 com.roboteam.teamy.usa/com.roboteam.teamy.robox.map.activity.MapFlowActivity t1710}}} -- full screen, return 0
12-11 16:18:28.295   570  1107 V WindowManager: Eval win Window{2d79548 u0 Starting com.roboteam.teamy.usa}: isDrawn=true, isAnimating=true
12-11 16:18:28.297   570   701 W InputMethodManagerService: Focus gain on non-focused client com.android.internal.view.IInputMethodClient$Stub$Proxy@2bd8c24 (uid=10046 pid=2367)
12-11 16:18:28.301   570   591 E WindowManager: Unknown window type: 2999
12-11 16:18:28.303   570   591 V WindowManager: Eval win Window{2d79548 u0 Starting com.roboteam.teamy.usa}: isDrawn=true, isAnimating=true
12-11 16:18:28.315   191   617 D gralloc : Isfb=0, [1200,1920,1200,4800], fmt=1, byte_stride=4800
12-11 16:18:28.319   570   591 E WindowManager: Unknown window type: 2999
12-11 16:18:28.333   570  1150 V WindowManager: Done at AppWindowToken{5a5a106 token=Token{2b214a9 ActivityRecord{1d1f030 u0 com.roboteam.teamy.usa/com.roboteam.teamy.robox.map.activity.MapFlowActivity t1710}}} -- full screen, return 0
12-11 16:18:28.333   570  1150 V WindowManager: Eval win Window{2d79548 u0 Starting com.roboteam.teamy.usa}: isDrawn=true, isAnimating=true
12-11 16:18:28.336   570   591 E WindowManager: Unknown window type: 2999
12-11 16:18:28.341   570   581 I WindowStateAnimator: createSurface WindowStateAnimator{786ad53 com.roboteam.teamy.usa/com.roboteam.teamy.robox.map.activity.MapFlowActivity}: mDrawState=DRAW_PENDING
12-11 16:18:28.368   570   581 V WindowManager: Done at AppWindowToken{5a5a106 token=Token{2b214a9 ActivityRecord{1d1f030 u0 com.roboteam.teamy.usa/com.roboteam.teamy.robox.map.activity.MapFlowActivity t1710}}} -- full screen, return 0
12-11 16:18:28.368   570   581 V WindowManager: Eval win Window{2d79548 u0 Starting com.roboteam.teamy.usa}: isDrawn=true, isAnimating=true
12-11 16:18:28.368   570   581 V WindowManager: Eval win Window{b03942 u0 com.roboteam.teamy.usa/com.roboteam.teamy.robox.map.activity.MapFlowActivity}: isDrawn=false, isAnimating=true
12-11 16:18:28.369   570   581 V WindowManager: Not displayed: s=Surface(name=com.roboteam.teamy.usa/com.roboteam.teamy.robox.map.activity.MapFlowActivity) pv=true mDrawState=DRAW_PENDING ah=false th=false a=false
12-11 16:18:28.369   570   581 V WindowManager: Resize reasons for w=Window{b03942 u0 com.roboteam.teamy.usa/com.roboteam.teamy.robox.map.activity.MapFlowActivity}:  contentInsetsChanged=false [0,0][0,0] visibleInsetsChanged=false [0,0][0,0] stableInsetsChanged=false [0,0][0,0] outsetsChanged=false [0,0][0,0] surfaceResized=true configChanged=true
12-11 16:18:28.369   570   581 V WindowManager: Resizing window Window{b03942 u0 com.roboteam.teamy.usa/com.roboteam.teamy.robox.map.activity.MapFlowActivity} to 1920.0x1200.0
12-11 16:18:28.385   570   581 V WindowState: Reporting new frame to Window{b03942 u0 com.roboteam.teamy.usa/com.roboteam.teamy.robox.map.activity.MapFlowActivity}: Rect(0, 0 - 1920, 1200)
12-11 16:18:28.385   570   581 I WindowState: Sending new config to window Window{b03942 u0 com.roboteam.teamy.usa/com.roboteam.teamy.robox.map.activity.MapFlowActivity}: 1920.0x1200.0 / config={1.0 ?mcc?mnc en_US ldltr sw800dp w1280dp h800dp 240dpi xlrg land finger -keyb/v/h -nav/h s.4} overrideConfig={1.0 ?mcc?mnc ?locale ?layoutDir ?swdp ?wdp ?hdp ?densit