12-04 13:55:29.926   192   204 D gralloc : Isfb=0, [1920,243,1920,7680], fmt=1, byte_stride=7680
12-04 13:55:29.928   192   204 D gralloc : Isfb=0, [1920,243,1920,7680], fmt=1, byte_stride=7680
12-04 13:55:29.930   192   204 D gralloc : Isfb=0, [1920,243,1920,7680], fmt=1, byte_stride=7680
12-04 13:55:29.936   571   592 E WindowManager: Unknown window type: 2999
12-04 13:55:29.941   192  2616 D gralloc : Isfb=0, [243,1920,256,1024], fmt=1, byte_stride=1024
12-04 13:55:29.946   192  1047 D gralloc : Isfb=0, [243,1920,256,1024], fmt=1, byte_stride=1024
12-04 13:55:29.948   571   696 V WindowStateAnimator: finishDrawingLocked: mDrawState=COMMIT_DRAW_PENDING WindowStateAnimator{f471049 } in Surface(name=)
12-04 13:55:29.948   571   592 I WindowManager:   SURFACE SHOW (performShowLocked): Window{2351650 u0 com.roboteam.teamy.usa}
12-04 13:55:29.953   571   592 E WindowManager: Unknown window type: 2999
12-04 13:55:29.959   192  1047 D gralloc : Isfb=0, [243,1920,256,1024], fmt=1, byte_stride=1024
12-04 13:55:29.971   571   592 E WindowManager: Unknown window type: 2999
12-04 13:55:30.716   236  3081 I AudioSink: callbackwrapper: EVENT_UNDERRUN (discarded)
12-04 13:55:30.931   236   236 I FrameQueueManage: FrameQueueManage::~FrameQueueManage end!
12-04 13:55:31.086   571   571 D Tethering: ACTION_USB_STATE received, usbConnected=false, mRndisEnabled=false
12-04 13:55:31.121   571   728 I ActivityManager: Killing 1630:com.android.onetimeinitializer/u0a9 (adj 15): empty for 6961s
12-04 13:55:31.132  1033  1033 D RKUpdateReceiver: action = android.hardware.usb.action.USB_STATE
12-04 13:55:31.146   571   630 D NotificationSQLiteLog: Pruned event entries: 12
12-04 13:55:31.197  1033  1033 D RKUpdateService: onStartCommand.......
12-04 13:55:31.198  1033  1033 D RKUpdateService: command = 1 delaytime = 5000
12-04 13:55:31.507   571   571 D ZenLog  : intercepted: -1|android|17040354|null|1000,alarmsOnly
12-04 13:55:31.508   571   571 V NotificationService: pkg=android canInterrupt=false intercept=true
12-04 13:55:31.513   571   571 D ZenLog  : intercepted: -1|android|17040348|null|1000,alarmsOnly
12-04 13:55:31.514   571   571 V NotificationService: pkg=android canInterrupt=false intercept=true
12-04 13:55:31.518   571   571 D Tethering: ACTION_USB_STATE received, usbConnected=true, mRndisEnabled=false
12-04 13:55:31.534  1033  1033 D RKUpdateReceiver: action = android.hardware.usb.action.USB_STATE
12-04 13:55:31.585   571   571 D ZenLog  : intercepted: -1|android|17040349|null|1000,alarmsOnly
12-04 13:55:31.585   571   571 V NotificationService: pkg=android canInterrupt=false intercept=true
12-04 13:55:31.587   571   571 D Tethering: ACTION_USB_STATE received, usbConnected=true, mRndisEnabled=false
12-04 13:55:31.595  1033  1033 D RKUpdateReceiver: action = android.hardware.usb.action.USB_STATE
12-04 13:55:31.619  1178  1178 D MtpService: starting MTP server in MTP mode
12-04 13:55:31.623  1178  1178 D MtpService: Adding MTP storage 0x10001 at /storage/emulated/0
12-04 13:55:33.743   236   369 D alsa_route: route_set_controls() set route 24
12-04 13:55:33.743   236   369 D AudioHardwareTiny: close device
12-04 13:55:34.755   571   727 W AppOps  : Finishing op nesting under-run: uid 1000 pkg com.roboteam.teamy.usa code 24 time=0 duration=0 nesting=0
12-04 13:55:34.757   571   727 V WindowManager: Done at AppWindowToken{9b0734c token=Token{cf1ae87 ActivityRecord{4966ec6 u0 com.roboteam.teamy.usa/com.roboteam.teamy.internalactivities.settings.views.activities.SettingsActivity t1537}}} -- full screen, return 0
12-04 13:55:34.765   571   592 E WindowManager: Unknown window type: 2999
12-04 13:55:34.829   700   710 I art     : Background sticky concurrent mark sweep GC freed 139447(11MB) AllocSpace objects, 18(324KB) LOS objects, 18% free, 48MB/60MB, paused 4.620ms total 101.577ms
12-04 13:55:36.200  1033  1714 D RKUpdateService: WorkHandler::handleMessage() : To perform 'COMMAND_CHECK_LOCAL_UPDATING'.
12-04 13:55:36.201  1033  1714 D RKUpdateService: getValidFirmwareImageFile() : Target image file path : /data/media/0/update.zip
12-04 13:55:36.202  1033  1714 D RKUpdateService: getValidFirmwareImageFile() : Target image file path : /storage/emulated/0/update.zip
12-04 13:55:36.204  1033  1714 D RKUpdateService: getValidFirmwareImageFile() : Target image file path : /mnt/media_rw/update.zip
12-04 13:55:36.205  1033  1714 D RKUpdateService: getValidFirmwareImageFile() : Target image file path : /mnt/media_rw/update.zip
12-04 13:55:44.387   571   626 D ConnectivityService: updateNetworkScore for NetworkAgentInfo [WIFI () - 100] to 60
12-04 13:55:56.791  3099  3099 I ps      : type=1400 audit(0.0:22): avc: denied { getattr } for path="/proc/1" dev="proc" ino=2157 scontext=u:r:untrusted_app:s0:c512,c768 tcontext=u:r:init:s0 tclass=dir permissive=1
12-04 13:55:56.791  3099  3099 I ps      : type=1400 audit(0.0:23): avc: denied { search } for name="1" dev="proc" ino=2157 scontext=u:r:untrusted_app:s0:c512,c768 tcontext=u:r:init:s0 tclass=dir permissive=1
12-04 13:55:56.791  3099  3099 I ps      : type=1400 audit(0.0:24): avc: denied { read } for name="cmdline" dev="proc" ino=3855 scontext=u:r:untrusted_app:s0:c512,c768 tcontext=u:r:init:s0 tclass=file permissive=1
12-04 13:55:56.791  3099  3099 I ps      : type=1400 audit(0.0:25): avc: denied { open } for path="/proc/1/cmdline" dev="proc" ino=3855 scontext=u:r:untrusted_app:s0:c512,c768 tcontext=u:r:init:s0 tclass=file permissive=1
12-04 13:55:56.791  3099  3099 I ps      : type=1400 audit(0.0:26): avc: denied { getattr } for path="/proc/2" dev="proc" ino=3747 scontext=u:r:untrusted_app:s0:c512,c768 tcontext=u:r:kernel:s0 tclass=dir permissive=1
12-04 13:55:56.791  3099  3099 I ps      : type=1400 audit(0.0:27): avc: denied { read } for name="cmdline" dev="proc" ino=3857 scontext=u:r:untrusted_app:s0:c512,c768 tcontext=u:r:kernel:s0 tclass=file permissive=1
12-04 13:55:56.791  3099  3099 I ps      : type=1400 audit(0.0:28): avc: denied { open } for path="/proc/2/cmdline" dev="proc" ino=3857 scontext=u:r:untrusted_app:s0:c512,c768 tcontext=u:r:kernel:s0 tclass=file permissive=1
12-04 13:55:56.801  3099  3099 I ps      : type=1400 audit(0.0:29): avc: denied { getattr } for path="/proc/158" dev="proc" ino=3273 scontext=u:r:untrusted_app:s0:c512,c768 tcontext=u:r:ueventd:s0 tclass=dir permissive=1
12-04 13:55:56.801  3099  3099 I ps      : type=1400 audit(0.0:30): avc: denied { search } for name="158" dev="proc" ino=3273 scontext=u:r:untrusted_app:s0:c512,c768 tcontext=u:r:ueventd:s0 tclass=dir permissive=1
12-04 13:55:56.801  3099  3099 I ps      : type=1400 audit(0.0:31): avc: denied { read } for name="cmdline" dev="proc" ino=4039 scontext=u:r:untrusted_app:s0:c512,c768 tcontext=u:r:ueventd:s0 tclass=file permissive=1
12-04 13:55:56.801  3099  3099 I ps      : type=1400 audit(0.0:32): avc: denied { open } for path="/proc/158/cmdline" dev="proc" ino=4039 scontext=u:r:untrusted_app:s0:c512,c768 tcontext=u:r:ueventd:s0 tclass=file permissive=1
12-04 13:55:56.811  3099  3099 I ps      : type=1400 audit(0.0:33): avc: denied { getattr } for path="/proc/187" dev="proc" ino=2327 scontext=u:r:untrusted_app:s0:c512,c768 tcontext=u:r:logd:s0 tclass=dir permissive=1
12-04 13:55:56.811  3099  3099 I ps      : type=1400 audit(0.0:34): avc: denied { search } for name="187" dev="proc" ino=2327 scontext=u:r:untrusted_app:s0:c512,c768 tcontext=u:r:logd:s0 tclass=dir permissive=1
12-04 13:55:56.811  3099  3099 I ps      : type=1400 audit(0.0:35): avc: denied { read } for name="cmdline" dev="proc" ino=2373 scontext=u:r:untrusted_app:s0:c512,c768 tcontext=u:r:logd:s0 tclass=file permissive=1
12-04 13:55:56.811  3099  3099 I ps      : type=1400 audit(0.0:36): avc: denied { open } for path="/proc/187/cmdline" dev="proc" ino=2373 scontext=u:r:untrusted_app:s0:c512,c768 tcontext=u:r:logd:s0 tclass=file permissive=1
12-04 13:55:56.811  3099  3099 I ps      : type=1400 audit(0.0:37): avc: denied { getattr } for path="/proc/188" dev="proc" ino=3302 scontext=u:r:untrusted_app:s0:c512,c768 tcontext=u:r:healthd:s0 tclass=dir permissive=1
12-04 13:55:56.811  3099  3099 I ps      : type=1400 audit(0.0:38): avc: denied { search } for name="188" dev="proc" ino=3302 scontext=u:r:untrusted_app:s0:c512,c768 tcontext=u:r:healthd:s0 tclass=dir permissive=1
12-04 13:55:56.811  3099  3099 I ps      : type=1400 audit(0.0:39): avc: denied { read } for name="cmdline" dev="proc" ino=4066 scontext=u:r:untrusted_app:s0:c512,c768 tcontext=u:r:healthd:s0 tclass=file permissive=1
12-04 13:55:56.811  3099  3099 I ps      : type=1400 audit(0.0:40): avc: denied { open } for path="/proc/188/cmdline" dev="proc" ino=4066 scontext=u:r:untrusted_app:s0:c512,c768 tcontext=u:r:healthd:s0 tclass=file permissive=1
12-04 13:55:56.811  3099  3099 I ps      : type=1400 audit(0.0:41): avc: denied { getattr } for path="/proc/189" dev="proc" ino=2340 scontext=u:r:untrusted_app:s0:c512,c768 tcontext=u:r:lmkd:s0 tclass=dir permissive=1
12-04 13:55:56.811  3099  3099 I ps      : type=1400 audit(0.0:42): avc: denied { search } for name="189" dev="proc" ino=2340 scontext=u:r:untrusted_app:s0:c512,c768 tcontext=u:r:lmkd:s0 tclass=dir permissive=1
12-04 13:55:56.811  3099  3099 I ps      : type=1400 audit(0.0:43): avc: denied { read } for name="cmdline" dev="proc" ino=2372 scontext=u:r:untrusted_app:s0:c512,c768 tcontext=u:r:lmkd:s0 tclass=file permissive=1
12-04 13:55:56.811  3099  3099 I ps      : type=1400 audit(0.0:44): avc: denied { open } for path="/proc/189/cmdline" dev="proc" ino=2372 scontext=u:r:untrusted_app:s0:c512,c768 tcontext=u:r:lmkd:s0 tclass=file permissive=1
12-04 13:55:56.811  3099  3099 I ps      : type=1400 audit(0.0:45): avc: denied { getattr } for path="/proc/190" dev="proc" ino=8626 scontext=u:r:untrusted_app:s0:c512,c768 tcontext=u:r:servicemanager:s0 tclass=dir permissive=1
12-04 13:55:56.811  3099  3099 I ps      : type=1400 audit(0.0:46): avc: denied { search } for name="190" dev="proc" ino=8626 scontext=u:r:untrusted_app:s0:c512,c768 tcontext=u:r:servicemanager:s0 tclass=dir permissive=1
12-04 13:55:56.811  3099  3099 I ps      : type=1400 audit(0.0:47): avc: denied { read } for name="cmdline" dev="proc" ino=4069 scontext=u:r:untrusted_app:s0:c512,c768 tcontext=u:r:servicemanager:s0 tclass=file permissive=1
12-04 13:55:56.811  3099  3099 I ps      : type=1400 audit(0.0:48): avc: denied { open } for path="/proc/190/cmdline" dev="proc" ino=4069 scontext=u:r:untrusted_app:s0:c512,c768 tcontext=u:r:servicemanager:s0 tclass=file permissive=1
12-04 13:55:56.811  3099  3099 I ps      : type=1400 audit(0.0:49): avc: denied { getattr } for path="/proc/191" dev="proc" ino=8616 scontext=u:r:untrusted_app:s0:c512,c768 tcontext=u:r:vold:s0 tclass=dir permissive=1
12-04 13:55:56.811  3099  3099 I ps      : type=1400 audit(0.0:50): avc: denied { search } for name="191" dev="proc" ino=8616 scontext=u:r:untrusted_app:s0:c512,c768 tcontext=u:r:vold:s0 tclass=dir permissive=1
12-04 13:55:59.143   236   369 D AudioHardwareTiny: start_output_stream
12-04 13:55:59.144   236   369 D alsa_route: route_info->sound_card 0, route_info->devices 0  
12-04 13:55:59.144   236   369 D alsa_route: route_set_controls() set route 0
12-04 13:55:59.159   700   700 W ContextImpl: Calling a method in the system process without a qualified user: android.app.ContextImpl.startActivity:658 android.content.ContextWrapper.startActivity:331 com.roboteam.teamy.shared.activitylauncher.ActivityLauncher.startActivity:16 com.roboteam.teamy.internalactivities.list.mvp.activities.activitylauncher.TabContainerActivityLauncher.lambda$launch$1$TabContainerActivityLauncher:56 com.roboteam.teamy.internalactivities.list.mvp.activities.activitylauncher.-$$Lambda$TabContainerActivityLauncher$NiLrPNVaNkwRnPc_PXgJGBGGpYY.accept:-1 
12-04 13:55:59.160   700   700 W ContextImpl: Calling a method in the system process without a qualified user: android.app.ContextImpl.startActivity:670 android.app.ContextImpl.startActivity:659 android.content.ContextWrapper.startActivity:331 com.roboteam.teamy.shared.activitylauncher.ActivityLauncher.startActivity:16 com.roboteam.teamy.internalactivities.list.mvp.activities.activitylauncher.TabContainerActivityLauncher.lambda$launch$1$TabContainerActivityLauncher:56 
12-04 13:55:59.161   571  1159 I ActivityManager: START u0 {flg=0x10000000 cmp=com.roboteam.teamy.usa/com.roboteam.teamy.internalactivities.list.mvp.activities.TabContainerActivity} from uid 1000 on display 0
12-04 13:55:59.164   192   192 D Surface : Surface::final mReqUsage=333
12-04 13:55:59.168   192   204 D gralloc : Isfb=0, [630,630,640,2560], fmt=1, byte_stride=2560
12-04 13:55:59.169   236   369 D AudioFlinger: mixer(0xb35f0008) throttle end: throttle time(10)
12-04 13:55:59.177   571   592 E WindowManager: Unknown window type: 2999
12-04 13:55:59.192   571   728 V WindowManager: Clear freezing of Token{cf1ae87 ActivityRecord{4966ec6 u0 com.roboteam.teamy.usa/com.roboteam.teamy.internalactivities.settings.views.activities.SettingsActivity t1537}}: hidden=false freezing=false
12-04 13:55:59.192   571   728 V WindowManager: setAppVisibility(Token{13dc5a1 ActivityRecord{d9a6a08 u0 com.roboteam.teamy.usa/com.roboteam.teamy.internalactivities.list.mvp.activities.TabContainerActivity t1535}}, visible=true): mNextAppTransition=TRANSIT_TASK_TO_FRONT hidden=true hiddenRequested=true Callers=com.android.server.am.ActivityStack.resumeTopActivityInnerLocked:1934 com.android.server.am.ActivityStack.resumeTopActivityLocked:1587 com.android.server.am.ActivityStackSupervisor.resumeTopActivitiesLocked:2735 com.android.server.am.ActivityStack.completePauseLocked:1080 com.android.server.am.ActivityStack.activityPausedLocked:943 com.android.server.am.ActivityManagerService.activityPaused:6820 
12-04 13:55:59.193   571   728 V WindowManager: Done at AppWindowToken{c4c259e token=Token{13dc5a1 ActivityRecord{d9a6a08 u0 com.roboteam.teamy.usa/com.roboteam.teamy.internalactivities.list.mvp.activities.TabContainerActivity t1535}}} -- full screen, return 0
12-04 13:55:59.193   571   728 V WindowManager: setAppVisibility(Token{cf1ae87 ActivityRecord{4966ec6 u0 com.roboteam.teamy.usa/com.roboteam.teamy.internalactivities.settings.views.activities.SettingsActivity t1537}}, visible=false): mNextAppTransition=TRANSIT_TASK_TO_FRONT hidden=false hiddenRequested=false Callers=com.android.server.am.ActivityStack.setVisible:1170 com.android.server.am.ActivityStack.ensureActivitiesVisibleLocked:1431 com.android.server.am.ActivityStackSupervisor.ensureActivitiesVisibleLocked:3305 com.android.server.am.ActivityManagerService.updateConfigurationLocked:17838 com.android.server.am.ActivityStack.resumeTopActivityInnerLocked:1964 com.android.server.am.ActivityStack.resumeTopActivityLocked:1587 
12-04 13:55:59.195   571   728 V WindowManager: Eval win Window{3194a76 u0 com.roboteam.teamy.usa/com.roboteam.teamy.internalactivities.list.mvp.activities.TabContainerActivity}: isDrawn=false, isAnimating=true
12-04 13:55:59.195   571   728 V WindowManager: Not displayed: s=null pv=true mDrawState=NO_SURFACE ah=false th=false a=false
12-04 13:55:59.213   571   592 E WindowManager: Unknown window type: 2999
12-04 13:55:59.231   571   592 E WindowManager: Unknown window type: 2999
12-04 13:55:59.231   571   582 I WindowStateAnimator: createSurface WindowStateAnimator{3b8d877 com.roboteam.teamy.usa/com.roboteam.teamy.internalactivities.list.mvp.activities.TabContainerActivity}: mDrawState=DRAW_PENDING
12-04 13:55:59.234   571   582 V WindowManager: Done at AppWindowToken{c4c259e token=Token{13dc5a1 ActivityRecord{d9a6a08 u0 com.roboteam.teamy.usa/com.roboteam.teamy.internalactivities.list.mvp.activities.TabContainerActivity t1535}}} -- full screen, return 0
12-04 13:55:59.234   571   582 V WindowManager: Eval win Window{3194a76 u0 com.roboteam.teamy.usa/com.roboteam.teamy.internalactivities.list.mvp.activities.TabContainerActivity}: isDrawn=false, isAnimating=true
12-04 13:55:59.234   571   582 V WindowManager: Not displayed: s=Surface(name=com.roboteam.teamy.usa/com.roboteam.teamy.internalactivities.list.mvp.activities.TabContainerActivity) pv=true mDrawState=DRAW_PENDING ah=false th=false a=false
12-04 13:55:59.237   700  1379 D Surface : Surface::final mReqUsage=a00
12-04 13:55:59.238   700  1379 D mali_winsys: EGLint new_window_surface(egl_winsys_display*, void*, EGLSurface, EGLConfig, egl_winsys_surface**, egl_color_buffer_format*, EGLBoolean) returns 0x3000
12-04 13:55:59.248   571   592 E WindowManager: Unknown window type: 2999
12-04 13:55:59.250   192   729 D gralloc : Isfb=0, [1920,1200,1920,7680], fmt=1, byte_stride=7680
12-04 13:55:59.259   192   729 D gralloc : Isfb=0, [1920,1200,1920,7680], fmt=1, byte_stride=7680
12-04 13:55:59.266   571   592 E WindowManager: Unknown window type: 2999
12-04 13:55:59.267   192   729 D gralloc : Isfb=0, [1920,1200,1920,7680], fmt=1, byte_stride=7680
12-04 13:55:59.271   700   700 D InfinitePagerAdapter: instantiateItem: real position: 400
12-04 13:55:59.271   700   700 D InfinitePagerAdapter: instantiateItem: virtual position: 0
12-04 13:55:59.284   571   592 E WindowManager: Unknown window type: 2999
12-04 13:55:59.287   700   700 D InfinitePagerAdapter: instantiateItem: real position: 399
12-04 13:55:59.287   700   700 D InfinitePagerAdapter: instantiateItem: virtual position: 3
12-04 13:55:59.293   700   700 D InfinitePagerAdapter: instantiateItem: real position: 401
12-04 13:55:59.293   700   700 D InfinitePagerAdapter: instantiateItem: virtual position: 1
12-04 13:55:59.301   571   592 E WindowManager: Unknown window type: 2999
12-04 13:55:59.319   571   592 E WindowManager: Unknown window type: 2999
12-04 13:55:59.330   192   729 D gralloc : Isfb=0, [1200,1920,1200,4800], fmt=1, byte_stride=4800
12-04 13:55:59.341   571   592 E WindowManager: Unknown window type: 2999
12-04 13:55:59.345   192   200 D gralloc : Isfb=0, [1200,1920,1200,4800], fmt=1, byte_stride=4800
12-04 13:55:59.346   571   696 V WindowStateAnimator: finishDrawingLocked: mDrawState=COMMIT_DRAW_PENDING WindowStateAnimator{3b8d877 com.roboteam.teamy.usa/com.roboteam.teamy.internalactivities.list.mvp.activities.TabContainerActivity} in Surface(name=com.roboteam.teamy.usa/com.roboteam.teamy.internalactivities.list.mvp.activities.TabContainerActivity)
12-04 13:55:59.347   571   592 V WindowManager: Eval win Window{3194a76 u0 com.roboteam.teamy.usa/com.roboteam.teamy.internalactivities.list.mvp.activities.TabContainerActivity}: isDrawn=true, isAnimating=true
12-04 13:55:59.347   571   592 V WindowManager: tokenMayBeDrawn: AppWindowToken{c4c259e token=Token{13dc5a1 ActivityRecord{d9a6a08 u0 com.roboteam.teamy.usa/com.roboteam.teamy.internalactivities.list.mvp.activities.TabContainerActivity t1535}}} freezingScreen=false mAppFreezing=false
12-04 13:55:59.349   571   592 I WindowManager:   SURFACE SHOW (performShowLocked): Window{3194a76 u0 com.roboteam.teamy.usa/com.roboteam.teamy.internalactivities.list.mvp.activities.TabContainerActivity}
12-04 13:55:59.351   571   592 V WindowManager: Done at AppWindowToken{c4c259e token=Token{13dc5a1 ActivityRecord{d9a6a08 u0 com.roboteam.teamy.usa/com.roboteam.teamy.internalactivities.list.mvp.activities.TabContainerActivity t1535}}} -- full screen, return 0
12-04 13:55:59.354   571   592 E WindowManager: Unknown window type: 2999
12-04 13:55:59.372   571   592 E WindowManager: Unknown window type: 2999
12-04 13:55:59.387   192   200 D gralloc : Isfb=0, [1200,1920,1200,4800], fmt=1, byte_stride=4800
12-04 13:55:59.390   571   592 E WindowManager: Unknown window type: 2999
12-04 13:55:59.401   571   582 V WindowManager: Done at AppWindowToken{c4c259e token=Token{13dc5a1 ActivityRecord{d9a6a08 u0 com.roboteam.teamy.usa/com.roboteam.teamy.internalactivities.list.mvp.activities.TabContainerActivity t1535}}} -- full screen, return 0
12-04 13:55:59.407   571   592 E WindowManager: Unknown window type: 2999
12-04 13:55:59.425   571   592 E WindowManager: Unknown window type: 2999
12-04 13:55:59.443   571   592 E WindowManager: Unknown window type: 2999
12-04 13:55:59.460   571   592 E WindowManager: Unknown window type: 2999
12-04 13:55:59.478   571   592 E WindowManager: Unknown window type: 2999
12-04 13:55:59.496   571   592 E WindowManager: Unknown window type: 2999
12-04 13:55:59.514   571   592 E WindowManager: Unknown window type: 2999
12-04 13:55:59.531   571   592 E WindowManager: Unknown window type: 2999
12-04 13:55:59.549   571   592 E WindowManager: Unknown window type: 2999
12-04 13:55:59.567   571   592 E WindowManager: Unknown window type: 2999
12-04 13:55:59.584   571   592 E WindowManager: Unknown window type: 2999
12-04 13:55:59.602   571   592 E WindowManager: Unknown window type: 2999
12-04 13:55:59.620   571   592 E WindowManager: Unknown window type: 2999
12-04 13:55:59.637   571   592 E WindowManager: Unknown window type: 2999
12-04 13:55:59.655   571   592 E WindowManager: Unknown window type: 2999
12-04 13:55:59.664   571   592 V WindowManager: Eval win Window{3194a76 u0 com.roboteam.teamy.usa/com.roboteam.teamy.internalactivities.list.mvp.activities.TabContainerActivity}: isDrawn=true, isAnimating=false
12-04 13:55:59.664   571   592 V WindowManager: tokenMayBeDrawn: AppWindowToken{c4c259e token=Token{13dc5a1 ActivityRecord{d9a6a08 u0 com.roboteam.teamy.usa/com.roboteam.teamy.internalactivities.list.mvp.activities.TabContainerActivity t1535}}} freezingScreen=false mAppFreezing=false
12-04 13:55:59.667   571   587 V WindowManager: setAppVisibility(Token{cf1ae87 ActivityRecord{4966ec6 u0 com.roboteam.teamy.usa/com.roboteam.teamy.internalactivities.settings.views.activities.SettingsActivity t1537}}, visible=false): mNextAppTransition=TRANSIT_UNSET hidden=true hiddenRequested=true Callers=com.android.server.am.ActivityStack.stopActivityLocked:2764 com.android.server.am.ActivityStackSupervisor.activityIdleInternalLocked:2602 com.android.server.am.ActivityStackSupervisor$ActivityStackSupervisorHandler.activityIdleInternal:4017 com.android.server.am.ActivityStackSupervisor$ActivityStackSupervisorHandler.handleMessage:4040 android.os.Handler.dispatchMessage:102 android.os.Looper.loop:148 
12-04 13:55:59.673   571   592 E WindowManager: Unknown window type: 2999
12-04 13:55:59.677   192   192 W SurfaceFlinger: couldn't log to binary event log: overflow.
12-04 13:55:59.691   571   592 E WindowManager: Unknown window type: 2999
12-04 13:55:59.699   571  1055 V WindowManager: Done at AppWindowToken{c4c259e token=Token{13dc5a1 ActivityRecord{d9a6a08 u0 com.roboteam.teamy.usa/com.roboteam.teamy.internalactivities.list.mvp.activities.TabContainerActivity t1535}}} -- full screen, return 0
12-04 13:55:59.708   571   592 E WindowManager: Unknown window type: 2999
12-04 13:56:01.902   700   700 D InfinitePagerAdapter: instantiateItem: real position: 398
12-04 13:56:01.902   700   700 D InfinitePagerAdapter: instantiateItem: virtual position: 2
12-04 13:56:01.940   700   700 D InfinitePagerAdapter: destroyItem: real position: 401
12-04 13:56:01.940   700   700 D InfinitePagerAdapter: destroyItem: virtual position: 1
12-04 13:56:02.351   236   369 D alsa_route: route_set_controls() set route 24
12-04 13:56:02.351   236   369 D AudioHardwareTiny: close device
12-04 13:56:02.862   700   700 D InfinitePagerAdapter: instantiateItem: real position: 397
12-04 13:56:02.862   700   700 D InfinitePagerAdapter: instantiateItem: virtual position: 1
12-04 13:56:02.875   700   700 D InfinitePagerAdapter: destroyItem: real position: 400
12-04 13:56:02.875   700   700 D InfinitePagerAdapter: destroyItem: virtual position: 0
12-04 13:56:02.987   571   727 I MediaFocusControl:  AudioFocus  abandonAudioFocus() from android.media.AudioManager@1040056com.roboteam.teamy.assistants.ConversationMediator@f5288d7
12-04 13:56:02.988   700   700 W ContextImpl: Calling a method in the system process without a qualified user: android.app.ContextImpl.startActivity:658 android.content.ContextWrapper.startActivity:331 com.roboteam.teamy.shared.activitylauncher.ActivityLauncher.startActivity:16 com.roboteam.teamy.internalactivities.settings.views.activities.activitylauncher.SettingsActivityLauncher$launch$2.accept:34 com.roboteam.teamy.internalactivities.settings.views.activities.activitylauncher.SettingsActivityLauncher$launch$2.accept:13 
12-04 13:56:02.989   700   700 W ContextImpl: Calling a method in the system process without a qualified user: android.app.ContextImpl.startActivity:670 android.app.ContextImpl.startActivity:659 android.content.ContextWrapper.startActivity:331 com.roboteam.teamy.shared.activitylauncher.ActivityLauncher.startActivity:16 com.roboteam.teamy.internalactivities.settings.views.activities.activitylauncher.SettingsActivityLauncher$launch$2.accept:34 
12-04 13:56:02.989   571  1159 I ActivityManager: START u0 {flg=0x10000000 cmp=com.roboteam.teamy.usa/com.roboteam.teamy.internalactivities.settings.views.activities.SettingsActivity} from uid 1000 on display 0
12-04 13:56:02.993   192   192 D Surface : Surface::final mReqUsage=333
12-04 13:56:02.995   192   200 D gralloc : Isfb=0, [630,630,640,2560], fmt=1, byte_stride=2560
12-04 13:56:02.995   236   369 D AudioHardwareTiny: start_output_stream
12-04 13:56:02.996   236   369 D alsa_route: route_info->sound_card 0, route_info->devices 0  
12-04 13:56:02.996   236   369 D alsa_route: route_set_controls() set route 0
12-04 13:56:03.002   571   592 E WindowManager: Unknown window type: 2999
12-04 13:56:03.026   571   585 V WindowManager: Clear freezing of Token{13dc5a1 ActivityRecord{d9a6a08 u0 com.roboteam.teamy.usa/com.roboteam.teamy.internalactivities.list.mvp.activities.TabContainerActivity t1535}}: hidden=false freezing=false
12-04 13:56:03.027   571   585 V WindowManager: setAppVisibility(Token{cf1ae87 ActivityRecord{4966ec6 u0 com.roboteam.teamy.usa/com.roboteam.teamy.internalactivities.settings.views.activities.SettingsActivity t1537}}, visible=true): mNextAppTransition=TRANSIT_TASK_TO_FRONT hidden=true hiddenRequested=true Callers=com.android.server.am.ActivityStack.resumeTopActivityInnerLocked:1934 com.android.server.am.ActivityStack.resumeTopActivityLocked:1587 com.android.server.am.ActivityStackSupervisor.resumeTopActivitiesLocked:2735 com.android.server.am.ActivityStack.completePauseLocked:1080 com.android.server.am.ActivityStack.activityPausedLocked:943 com.android.server.am.ActivityManagerService.activityPaused:6820 
12-04 13:56:03.029   236   369 D AudioFlinger: mixer(0xb35f0008) throttle end: throttle time(10)
12-04 13:56:03.029   571   585 V WindowManager: Done at AppWindowToken{9b0734c token=Token{cf1ae87 ActivityRecord{4966ec6 u0 com.roboteam.teamy.usa/com.roboteam.teamy.internalactivities.settings.views.activities.SettingsActivity t1537}}} -- full screen, return 0
12-04 13:56:03.030   571   585 V WindowManager: setAppVisibility(Token{13dc5a1 ActivityRecord{d9a6a08 u0 com.roboteam.teamy.usa/com.roboteam.teamy.internalactivities.list.mvp.activities.TabContainerActivity t1535}}, visible=false): mNextAppTransition=TRANSIT_TASK_TO_FRONT hidden=false hiddenRequested=false Callers=com.android.server.am.ActivityStack.setVisible:1170 com.android.server.am.ActivityStack.ensureActivitiesVisibleLocked:1431 com.android.server.am.ActivityStackSupervisor.ensureActivitiesVisibleLocked:3305 com.android.server.am.ActivityManagerService.updateConfigurationLocked:17838 com.android.server.am.ActivityStack.resumeTopActivityInnerLocked:1964 com.android.server.am.ActivityStack.resumeTopActivityLocked:1587 
12-04 13:56:03.032   571   585 V WindowManager: Eval win Window{f3e1576 u0 com.roboteam.teamy.usa/com.roboteam.teamy.internalactivities.settings.views.activities.SettingsActivity}: isDrawn=false, isAnimating=true
12-04 13:56:03.032   571   585 V WindowManager: Not displayed: s=null pv=true mDrawState=NO_SURFACE ah=false th=false a=false
12-04 13:56:03.034   571   592 E WindowManager: Unknown window type: 2999
12-04 13:56:03.051   571   592 E WindowManager: Unknown window type: 2999
12-04 13:56:03.069   571   592 E WindowManager: Unknown window type: 2999
12-04 13:56:03.087   571   592 E WindowManager: Unknown window type: 2999
12-04 13:56:03.103   571  1159 I WindowStateAnimator: createSurface WindowStateAnimator{73d4777 com.roboteam.teamy.usa/com.roboteam.teamy.internalactivities.settings.views.activities.SettingsActivity}: mDrawState=DRAW_PENDING
12-04 13:56:03.104   571  1159 V WindowManager: Done at AppWindowToken{9b0734c token=Token{cf1ae87 ActivityRecord{4966ec6 u0 com.roboteam.teamy.usa/com.roboteam.teamy.internalactivities.settings.views.activities.SettingsActivity t1537}}} -- full screen, return 0
12-04 13:56:03.105   571  1159 V WindowManager: Eval win Window{f3e1576 u0 com.roboteam.teamy.usa/com.roboteam.teamy.internalactivities.settings.views.activities.SettingsActivity}: isDrawn=false, isAnimating=true
12-04 13:56:03.105   571  1159 V WindowManager: Not displayed: s=Surface(name=com.roboteam.teamy.usa/com.roboteam.teamy.internalactivities.settings.views.activities.SettingsActivity) pv=true mDrawState=DRAW_PENDING ah=false th=false a=false
12-04 13:56:03.106   571   592 E WindowManager: Unknown window type: 2999
12-04 13:56:03.108   700  1379 D Surface : Surface::final mReqUsage=a00
12-04 13:56:03.108   700  1379 D mali_winsys: EGLint new_window_surface(egl_winsys_display*, void*, EGLSurface, EGLConfig, egl_winsys_surface**, egl_color_buffer_format*, EGLBoolean) returns 0x3000
12-04 13:56:03.120   192   200 D gralloc : Isfb=0, [1920,1200,1920,7680], fmt=1, byte_stride=7680
12-04 13:56:03.122   571   592 E WindowManager: Unknown window type: 2999
12-04 13:56:03.129   192   200 D gralloc : Isfb=0, [1920,1200,1920,7680], fmt=1, byte_stride=7680
12-04 13:56:03.139   192   200 D gralloc : Isfb=0, [1920,1200,1920,7680], fmt=1, byte_stride=7680
12-04 13:56:03.140   571   592 E WindowManager: Unknown window type: 2999
12-04 13:56:03.158   571   592 E WindowManager: Unknown window type: 2999
12-04 13:56:03.175   571   592 E WindowManager: Unknown window type: 2999
12-04 13:56:03.193   571   592 E WindowManager: Unknown window type: 2999
12-04 13:56:03.211   571   592 E WindowManager: Unknown window type: 2999
12-04 13:56:03.229   571   592 E WindowManager: Unknown window type: 2999
12-04 13:56:03.246   571   592 E WindowManager: Unknown window type: 2999
12-04 13:56:03.264   571   592 E WindowManager: Unknown window type: 2999
12-04 13:56:03.282   571   592 E WindowManager: Unknown window type: 2999
12-04 13:56:03.299   571   592 E WindowManager: Unknown window type: 2999
12-04 13:56:03.317   571   592 E WindowManager: Unknown window type: 2999
12-04 13:56:03.335   571   592 E WindowManager: Unknown window type: 2999
12-04 13:56:03.335   700   700 W PathParser: Points are too far apart 4.003217543058018
12-04 13:56:03.341   700   700 W PathParser: Points are too far apart 4.000001879778822
12-04 13:56:03.342   700   700 W PathParser: Points are too far apart 4.000001879778815
12-04 13:56:03.342   700   700 W PathParser: Points are too far apart 4.000001879778815
12-04 13:56:03.342   700   700 W PathParser: Points are too far apart 4.0000018797788295
12-04 13:56:03.345   700   700 W PathParser: Points are too far apart 4.006349750402758
12-04 13:56:03.352   571   592 E WindowManager: Unknown window type: 2999
12-04 13:56:03.368   192   204 D gralloc : Isfb=0, [1200,1920,1200,4800], fmt=1, byte_stride=4800
12-04 13:56:03.370   571   592 E WindowManager: Unknown window type: 2999
12-04 13:56:03.383   192  2616 D gralloc : Isfb=0, [1200,1920,1200,4800], fmt=1, byte_stride=4800
12-04 13:56:03.384   571  1643 V WindowStateAnimator: finishDrawingLocked: mDrawState=COMMIT_DRAW_PENDING WindowStateAnimator{73d4777 com.roboteam.teamy.usa/com.roboteam.teamy.internalactivities.settings.views.activities.SettingsActivity} in Surface(name=com.roboteam.teamy.usa/com.roboteam.teamy.internalactivities.settings.views.activities.SettingsActivity)
12-04 13:56:03.385   571   592 V WindowManager: Eval win Window{f3e1576 u0 com.roboteam.teamy.usa/com.roboteam.teamy.internalactivities.settings.views.activities.SettingsActivity}: isDrawn=true, isAnimating=true
12-04 13:56:03.385   571   592 V WindowManager: tokenMayBeDrawn: AppWindowToken{9b0734c token=Token{cf1ae87 ActivityRecord{4966ec6 u0 com.roboteam.teamy.usa/com.roboteam.teamy.internalactivities.settings.views.activities.SettingsActivity t1537}}} freezingScreen=false mAppFreezing=false
12-04 13:56:03.387   571   592 I WindowManager:   SURFACE SHOW (performShowLocked): Window{f3e1576 u0 com.roboteam.teamy.usa/com.roboteam.teamy.internalactivities.settings.views.activities.SettingsActivity}
12-04 13:56:03.389   571   592 V WindowManager: Done at AppWindowToken{9b0734c token=Token{cf1ae87 ActivityRecord{4966ec6 u0 com.roboteam.teamy.usa/com.roboteam.teamy.internalactivities.settings.views.activities.SettingsActivity t1537}}} -- full screen, return 0
12-04 13:56:03.392   571   592 E WindowManager: Unknown window type: 2999
12-04 13:56:03.405   571   592 E WindowManager: Unknown window type: 2999
12-04 13:56:03.423   571   592 E WindowManager: Unknown window type: 2999
12-04 13:56:03.437   192  2616 D gralloc : Isfb=0, [1200,1920,1200,4800], fmt=1, byte_stride=4800
12-04 13:56:03.441   571   592 E WindowManager: Unknown window type: 2999
12-04 13:56:03.457   700  1379 D OpenGLRenderer: endAllStagingAnimators on 0xb7c858d0 (FrameLayout) with handle 0xb7eca8a8
12-04 13:56:03.457   571  1055 V WindowManager: Done at AppWindowToken{9b0734c token=Token{cf1ae87 ActivityRecord{4966ec6 u0 com.roboteam.teamy.usa/com.roboteam.teamy.internalactivities.settings.views.activities.SettingsActivity t1537}}} -- full screen, return 0
12-04 13:56:03.459   571   592 E WindowManager: Unknown window type: 2999
12-04 13:56:03.476   571   592 E WindowManager: Unknown window type: 2999
12-04 13:56:03.494   571   592 E WindowManager: Unknown window type: 2999
12-04 13:56:03.511   571   592 E WindowManager: Unknown window type: 2999
12-04 13:56:03.529   571   592 E WindowManager: Unknown window type: 2999
12-04 13:56:03.547   571   592 E WindowManager: Unknown window type: 2999
12-04 13:56:03.565   571   592 E WindowManager: Unknown window type: 2999
12-04 13:56:03.583   571   592 E WindowManager: Unknown window type: 2999
12-04 13:56:03.601   571   592 E WindowManager: Unknown window type: 2999
12-04 13:56:03.618   571   592 E WindowManager: Unknown window type: 2999
12-04 13:56:03.637   571   592 E WindowManager: Unknown window type: 2999
12-04 13:56:03.667   571   592 E WindowManager: Unknown window type: 2999
12-04 13:56:03.693   571   592 E WindowManager: Unknown window type: 2999
12-04 13:56:03.718   571   592 E WindowManager: Unknown window type: 2999
12-04 13:56:03.735   571   592 V WindowManager: Eval win Window{f3e1576 u0 com.roboteam.teamy.usa/com.roboteam.teamy.internalactivities.settings.views.activities.SettingsActivity}: isDrawn=true, isAnimating=false
12-04 13:56:03.736   571   592 V WindowManager: tokenMayBeDrawn: AppWindowToken{9b0734c token=Token{cf1ae87 ActivityRecord{4966ec6 u0 com.roboteam.teamy.usa/com.roboteam.teamy.internalactivities.settings.views.activities.SettingsActivity t1537}}} freezingScreen=false mAppFreezing=false
12-04 13:56:03.739   571   587 V WindowManager: setAppVisibility(Token{13dc5a1 ActivityRecord{d9a6a08 u0 com.roboteam.teamy.usa/com.roboteam.teamy.internalactivities.list.mvp.activities.TabContainerActivity t1535}}, visible=false): mNextAppTransition=TRANSIT_UNSET hidden=true hiddenRequested=true Callers=com.android.server.am.ActivityStack.stopActivityLocked:2764 com.android.server.am.ActivityStackSupervisor.activityIdleInternalLocked:2602 com.android.server.am.ActivityStackSupervisor$ActivityStackSupervisorHandler.activityIdleInternal:4017 com.android.server.am.ActivityStackSupervisor$ActivityStackSupervisorHandler.handleMessage:4040 android.os.Handler.dispatchMessage:102 android.os.Looper.loop:148 
12-04 13:56:03.741   571   592 E WindowManager: Unknown window type: 2999
12-04 13:56:03.746   192   192 W SurfaceFlinger: couldn't log to binary event log: overflow.
12-04 13:56:03.759   571   592 E WindowManager: Unknown window type: 2999
12-04 13:56:04.961   571   583 V WindowManager: Done at AppWindowToken{9b0734c token=Token{cf1ae87 ActivityRecord{4966ec6 u0 com.roboteam.teamy.usa/com.roboteam.teamy.internalactivities.settings.views.activities.SettingsActivity t1537}}} -- full screen, return 0
12-04 13:56:04.980   571   592 E WindowManager: Unknown window type: 2999
12-04 13:56:04.988   700   700 W PathParser: Points are too far apart 4.0088684254599345
12-04 13:56:04.989   700   700 W PathParser: Points are too far apart 4.0088684254599345
12-04 13:56:04.991   700   700 W PathParser: Points are too far apart 4.0088684254599345
12-04 13:56:05.016   571   592 E WindowManager: Unknown window type: 2999
12-04 13:56:05.033   571   592 E WindowManager: Unknown window type: 2999
12-04 13:56:05.050   571   592 E WindowManager: Unknown window type: 2999
12-04 13:56:05.068   571   592 E WindowManager: Unknown window type: 2999
12-04 13:56:05.086   571   592 E WindowManager: Unknown window type: 2999
12-04 13:56:05.104   571   592 E WindowManager: Unknown window type: 2999
12-04 13:56:05.121   571   592 E WindowManager: Unknown window type: 2999
12-04 13:56:05.139   571   592 E WindowManager: Unknown window type: 2999
12-04 13:56:05.157   571   592 E WindowManager: Unknown window type: 2999
12-04 13:56:05.174   571   592 E WindowManager: Unknown window type: 2999
12-04 13:56:05.192   571   592 E WindowManager: Unknown window type: 2999
12-04 13:56:05.210   571   592 E WindowManager: Unknown window type: 2999
12-04 13:56:05.227   571   592 E WindowManager: Unknown window type: 2999
12-04 13:56:05.245   571   592 E WindowManager: Unknown window type: 2999
12-04 13:56:05.263   571   592 E WindowManager: Unknown window type: 2999
12-04 13:56:05.280   571   592 E WindowManager: Unknown window type: 2999
12-04 13:56:05.298   571   592 E WindowManager: Unknown window type: 2999
12-04 13:56:05.316   571   592 E WindowManager: Unknown window type: 2999
12-04 13:56:05.334   571   592 E WindowManager: Unknown window type: 2999
12-04 13:56:05.351   571   592 E WindowManager: Unknown window type: 2999
12-04 13:56:05.369   571   592 E WindowManager: Unknown window type: 2999
12-04 13:56:05.387   571   592 E WindowManager: Unknown window type: 2999
12-04 13:56:05.404   571   592 E WindowManager: Unknown window type: 2999
12-04 13:56:05.422   571   592 E WindowManager: Unknown window type: 2999
12-04 13:56:05.441   571   592 E WindowManager: Unknown window type: 2999
12-04 13:56:05.445   571   592 W AppOps  : Finishing op nesting under-run: uid 1000 pkg com.roboteam.teamy.usa code 24 time=0 duration=0 nesting=0
12-04 13:56:05.458   571   592 E WindowManager: Unknown window type: 2999
12-04 13:56:08.038   236   369 D alsa_route: route_set_controls() set route 24
12-04 13:56:08.038   236   369 D AudioHardwareTiny: close device
12-04 13:56:08.543   571   626 D ConnectivityService: updateNetworkScore for NetworkAgentInfo [WIFI () - 100] to 56
12-04 13:56:23.654   571   626 D ConnectivityService: updateNetworkScore for NetworkAgentInfo [WIFI () - 100] to 60
12-04 13:56:32.729   571   626 D ConnectivityService: updateNetworkScore for NetworkAgentInfo [WIFI () - 100] to 56
12-04 13:56:35.009   700   710 I art     : Background sticky concurrent mark sweep GC freed 53313(6MB) AllocSpace objects, 67(2MB) LOS objects, 14% free, 51MB/60MB, paused 5.072ms total 59.470ms
12-04 13:56:38.765   571   626 D ConnectivityService: updateNetworkScore for NetworkAgentInfo [WIFI () - 100] to 60
12-04 13:56:52.285   700   710 I art     : Background sticky concurrent mark sweep GC freed 63345(5MB) AllocSpace objects, 53(2MB) LOS objects, 13% free, 52MB/60MB, paused 5.502ms total 81.822ms
12-04 13:56:59.262   700   710 I art     : Background sticky concurrent mark sweep GC freed 38062(4MB) AllocSpace objects, 58(2MB) LOS objects, 11% free, 53MB/60MB, paused 5.488ms total 58.780ms
12-04 13:57:08.974   571   626 D ConnectivityService: updateNetworkScore for NetworkAgentInfo [WIFI () - 100] to 56
12-04 13:57:11.238   700   710 I art     : Background sticky concurrent mark sweep GC freed 18947(2MB) AllocSpace objects, 82(3MB) LOS objects, 9% free, 54MB/60MB, paused 5.125ms total 46.835ms
12-04 13:57:15.009   571   626 D ConnectivityService: notifyType CAP_CHANGED for NetworkAgentInfo [WIFI () - 100]
12-04 13:57:27.339   700   710 I art     : Background partial concurrent mark sweep GC freed 43226(4MB) AllocSpace objects, 105(6MB) LOS objects, 24% free, 49MB/65MB, paused 2.997ms total 101.194ms
12-04 13:57:51.276   700   710 I art     : Background sticky concurrent mark sweep GC freed 42521(5MB) AllocSpace objects, 171(9MB) LOS objects, 21% free, 51MB/65MB, paused 5.021ms total 59.772ms
12-04 13:58:06.396   571   626 D ConnectivityService: updateNetworkScore for NetworkAgentInfo [WIFI () - 100] to 60
12-04 13:58:09.417   571   626 D ConnectivityService: updateNetworkScore for NetworkAgentInfo [WIFI () - 100] to 56
12-04 13:58:12.437   571   626 D ConnectivityService: updateNetworkScore for NetworkAgentInfo [WIFI () - 100] to 60
12-04 13:58:27.551   571   626 D ConnectivityService: updateNetworkScore for NetworkAgentInfo [WIFI () - 100] to 56
12-04 13:58:33.549   571   605 V AlarmManager: triggered: act=com.google.android.gms.gcm.HEARTBEAT_ALARM Pkg: com.google.android.gms
12-04 13:58:36.615   571   626 D ConnectivityService: notifyType CAP_CHANGED for NetworkAgentInfo [WIFI () - 100]
12-04 13:58:51.727   571   626 D ConnectivityService: updateNetworkScore for NetworkAgentInfo [WIFI () - 100] to 60
12-04 13:58:54.087   236   369 D AudioHardwareTiny: start_output_stream
12-04 13:58:54.088   236   369 D alsa_route: route_info->sound_card 0, route_info->devices 0  
12-04 13:58:54.088   236   369 D alsa_route: route_set_controls() set route 0
12-04 13:58:54.107   571   728 V WindowManager: Done at AppWindowToken{9b0734c token=Token{cf1ae87 ActivityRecord{4966ec6 u0 com.roboteam.teamy.usa/com.roboteam.teamy.internalactivities.settings.views.activities.SettingsActivity t1537}}} -- full screen, return 0
12-04 13:58:54.113   571   592 E WindowManager: Unknown window type: 2999
12-04 13:58:54.114   700   700 W PathParser: Points are too far apart 4.0088684254599345
12-04 13:58:54.115   700   700 W PathParser: Points are too far apart 4.0088684254599345
12-04 13:58:54.132   700   700 W PathParser: Points are too far apart 4.0088684254599345
12-04 13:58:54.133   700   700 W PathParser: Points are too far apart 4.0088684254599345
12-04 13:58:54.744   571   626 D ConnectivityService: updateNetworkScore for NetworkAgentInfo [WIFI () - 100] to 56
12-04 13:58:56.110   236   369 D AudioFlinger: mixer(0xb35f0008) throttle end: throttle time(9)
12-04 13:58:57.190   700   700 E ThemeUtils: View class androidx.appcompat.widget.AppCompatTextView is an AppCompat widget that can only be used with a Theme.AppCompat theme (or descendant).
12-04 13:58:57.191   700   700 E ThemeUtils: View class androidx.appcompat.widget.AppCompatTextView is an AppCompat widget that can only be used with a Theme.AppCompat theme (or descendant).
12-04 13:58:57.196   236   369 D AudioFlinger: mixer(0xb35f0008) throttle end: throttle time(10)
12-04 13:58:57.220   571  1719 V WindowManager: Done at AppWindowToken{9b0734c token=Token{cf1ae87 ActivityRecord{4966ec6 u0 com.roboteam.teamy.usa/com.roboteam.teamy.internalactivities.settings.views.activities.SettingsActivity t1537}}} -- full screen, return 0
12-04 13:58:57.233   571  1055 I WindowStateAnimator: createSurface WindowStateAnimator{2a24af1 }: mDrawState=DRAW_PENDING
12-04 13:58:57.234   571  1055 V WindowManager: Done at AppWindowToken{9b0734c token=Token{cf1ae87 ActivityRecord{4966ec6 u0 com.roboteam.teamy.usa/com.roboteam.teamy.internalactivities.settings.views.activities.SettingsActivity t1537}}} -- full screen, return 0
12-04 13:58:57.234   571  1055 V WindowManager: Resize reasons for w=Window{7737298 u0 com.roboteam.teamy.usa}:  contentInsetsChanged=false [0,0][0,0] visibleInsetsChanged=false [0,0][0,0] stableInsetsChanged=false [0,0][0,0] outsetsChanged=false [0,0][0,0] surfaceResized=true configChanged=true
12-04 13:58:57.234   571  1055 V WindowManager: Resizing window Window{7737298 u0 com.roboteam.teamy.usa} to 1920.0x1200.0
12-04 13:58:57.245   571  1055 V WindowState: Reporting new frame to Window{7737298 u0 com.roboteam.teamy.usa}: Rect(0, 0 - 1920, 1200)
12-04 13:58:57.245   571  1055 I WindowState: Sending new config to window Window{7737298 u0 com.roboteam.teamy.usa}: 1920.0x1200.0 / config={1.0 ?mcc?mnc en_US ldltr sw800dp w1280dp h800dp 240dpi xlrg land finger -keyb/v/h -nav/h s.4} overrideConfig={1.0 ?mcc?mnc ?locale ?layoutDir ?swdp ?wdp ?hdp ?density ?lsize ?long ?orien ?uimode ?night ?touch ?keyb/?/? ?nav/?}
12-04 13:58:57.245   571  1055 I WindowState: Resizing Window{7737298 u0 com.roboteam.teamy.usa} WITH DRAW PENDING
12-04 13:58:57.249   700  1379 D Surface : Surface::final mReqUsage=a00
12-04 13:58:57.250   700  1379 D mali_winsys: EGLint new_window_surface(egl_winsys_display*, void*, EGLSurface, EGLConfig, egl_winsys_surface**, egl_color_buffer_format*, EGLBoolean) returns 0x3000
12-04 13:58:57.260   192  1047 D gralloc : Isfb=0, [1920,1200,1920,7680], fmt=1, byte_stride=7680
12-04 13:58:57.262   571   592 E WindowManager: Unknown window type: 2999
12-04 13:58:57.271   192  1047 D gralloc : Isfb=0, [1920,1200,1920,7680], fmt=1, byte_stride=7680
12-04 13:58:57.280   192  1047 D gralloc : Isfb=0, [1920,1200,1920,7680], fmt=1, byte_stride=7680
12-04 13:58:57.307   192   200 D gralloc : Isfb=0, [1200,1920,1200,4800], fmt=1, byte_stride=4800
12-04 13:58:57.320   192   204 D gralloc : Isfb=0, [1200,1920,1200,4800], fmt=1, byte_stride=4800
12-04 13:58:57.322   571   727 V WindowStateAnimator: finishDrawingLocked: mDrawState=COMMIT_DRAW_PENDING WindowStateAnimator{2a24af1 } in Surface(name=)
12-04 13:58:57.322   571   592 I WindowManager:   SURFACE SHOW (performShowLocked): Window{7737298 u0 com.roboteam.teamy.usa}
12-04 13:58:57.333   571   592 E WindowManager: Unknown window type: 2999
12-04 13:58:57.340   192  2616 D gralloc : Isfb=0, [1200,1920,1200,4800], fmt=1, byte_stride=4800
12-04 13:58:57.351   571   592 E WindowManager: Unknown window type: 2999
12-04 13:59:00.319   236   369 D alsa_route: route_set_controls() set route 24
12-04 13:59:00.319   236   369 D AudioHardwareTiny: close device
12-04 13:59:00.792   571   626 D ConnectivityService: updateNetworkScore for NetworkAgentInfo [WIFI () - 100] to 60
12-04 13:59:09.845   571   626 D ConnectivityService: notifyType CAP_CHANGED for NetworkAgentInfo [WIFI () - 100]
12-04 13:59:12.859   571   626 D ConnectivityService: notifyType CAP_CHANGED for NetworkAgentInfo [WIFI () - 100]
12-04 13:59:24.954   571   626 D ConnectivityService: updateNetworkScore for NetworkAgentInfo [WIFI () - 100] to 56
12-04 13:59:27.979   571   626 D ConnectivityService: updateNetworkScore for NetworkAgentInfo [WIFI () - 100] to 60
12-04 13:59:30.999   571   626 D ConnectivityService: updateNetworkScore for NetworkAgentInfo [WIFI () - 100] to 56
12-04 13:59:33.679   571   605 V AlarmManager: triggered: act=com.android.bluetooth.btservice.action.ALARM_WAKEUP Pkg: com.android.bluetooth
12-04 13:59:33.696   571   587 I ProcessStatsService: Prepared write state in 11ms
12-04 13:59:33.709   571   587 I ProcessStatsService: Prepared write state in 12ms
12-04 13:59:34.677   571   589 D Tethering: interfaceLinkStateChanged wlan0, true
12-04 13:59:34.677   571   589 D Tethering: interfaceStatusChanged wlan0, true
12-04 13:59:37.044   571   626 D ConnectivityService: updateNetworkScore for NetworkAgentInfo [WIFI () - 100] to 60
12-04 13:59:39.067   700   710 I art     : Background partial concurrent mark sweep GC freed 41741(4MB) AllocSpace objects, 130(12MB) LOS objects, 24% free, 48MB/64MB, paused 3.201ms total 115.174ms
12-04 13:59:49.143   571   626 D ConnectivityService: updateNetworkScore for NetworkAgentInfo [WIFI () - 100] to 56
12-04 13:59:52.167   571   626 D ConnectivityService: updateNetworkScore for NetworkAgentInfo [WIFI () - 100] to 60
12-04 14:00:01.232   571   626 D ConnectivityService: updateNetworkScore for NetworkAgentInfo [WIFI () - 100] to 56
12-04 14:00:21.981   571   605 V AlarmManager: triggered: cmp=com.google.android.gms/.checkin.EventLogServiceReceiver Pkg: com.google.android.gms
12-04 14:00:21.984   571   605 V AlarmManager: triggered: act=com.google.android.gms.gcm.ACTION_CHECK_QUEUE Pkg: com.google.android.gms
12-04 14:00:22.093  1444  1444 W CastMediaRouteProvider: Invalid control category: MDX_MEDIA_ROUTE_CONTROL_CATEGORY
12-04 14:00:22.094  1444  1444 W CastMediaRouteProvider: Invalid control category: android.media.intent.category.LIVE_AUDIO
12-04 14:00:22.118  1444  3138 I EventLogChimeraService: Aggregate from 1607050813834 (log), 1607050813834 (data)
12-04 14:00:22.703  1444  1987 D MdnsClient: #acquireLock. Multicast lock not held. Acquiring
12-04 14:00:25.419   571   626 D ConnectivityService: updateNetworkScore for NetworkAgentInfo [WIFI () - 100] to 60
12-04 14:00:26.256   571   589 D Tethering: interfaceLinkStateChanged wlan0, true
12-04 14:00:26.257   571   589 D Tethering: interfaceStatusChanged wlan0, true
12-04 14:00:30.152  1701  1701 W YT.MDX.DiscoveryControl: cancelDiscoveryRequest ignored requester com.google.android.libraries.youtube.mdx.background.MdxBackgroundScanJobService@2a462be
12-04 14:00:30.479  1444  1987 D MdnsClient: Multicast lock held. Releasing
