12-16 13:52:24.914  2522  2522 D AndroidRuntime: CheckJNI is OFF
12-16 13:52:24.952  2522  2522 D ICU     : No timezone override file found: /data/misc/zoneinfo/current/icu/icu_tzdata.dat
12-16 13:52:24.978  2522  2522 E memtrack: Couldn't load memtrack module (No such file or directory)
12-16 13:52:24.978  2522  2522 E android.os.Debug: failed to load memtrack module: -2
12-16 13:52:24.981  2522  2522 I Radio-JNI: register_android_hardware_Radio DONE
12-16 13:52:25.006  2522  2522 D AndroidRuntime: Calling main entry com.android.commands.pm.Pm
12-16 13:52:25.010  2522  2522 I art     : System.exit called, status: 0
12-16 13:52:25.010  2522  2522 I AndroidRuntime: VM exiting with result code 0.
12-16 13:52:25.073   569   816 D WifiStateMachine: L2Connected CMD_START_SCAN source -2 3, 4 -> obsolete
12-16 13:52:25.434  1750  2029 I CheckinService: Done disabling old GoogleServicesFramework version
12-16 13:52:26.479  1257  2017 D RKUpdateService: request remote server error...
12-16 13:52:28.138   897   907 I art     : Background sticky concurrent mark sweep GC freed 81433(10MB) AllocSpace objects, 21(464KB) LOS objects, 14% free, 60MB/70MB, paused 5.835ms total 74.048ms
12-16 13:52:28.578   897   897 D BluetoothAdapter: enable(): BT is already enabled..!
12-16 13:52:28.601   569   800 I InputReader: Reconfiguring input devices.  changes=0x00000010
12-16 13:52:28.618   569   584 W Searchables: No global search activity found
12-16 13:52:28.619  1750  2566 D PkgBroadcastIntentOp: Received broadcast action=android.intent.action.PACKAGE_CHANGED and uri=com.google.android.gms
12-16 13:52:28.619  1750  2566 I PkgBroadcastIntentOp: Null package name or gms related package.  Ignoring.
12-16 13:52:28.621   569   569 W BackupManagerService: Proposed transport ComponentInfo{com.google.android.gms/com.google.android.gms.backup.BackupTransportService} not whitelisted; ignoring
12-16 13:52:28.632  1750  2566 D WearableController: Received broadcast action=android.intent.action.PACKAGE_CHANGED and uri=com.google.android.gms
12-16 13:52:28.648  1750  2282 I Icing   : updateResources: need to parse pru{com.google.android.gms}
12-16 13:52:28.666   897   907 I art     : Background sticky concurrent mark sweep GC freed 44678(7MB) AllocSpace objects, 155(2MB) LOS objects, 12% free, 61MB/70MB, paused 6.900ms total 65.772ms
12-16 13:52:28.666  1224  1224 I GCoreNlp: shouldConfirmNlp, NLP off. Ensuring opt-in disabled
12-16 13:52:28.669  1750  2571 E IcingInternalCorpora: Unknown Contacts update mode: MAYBE
12-16 13:52:28.739  1750  2574 W IcingInternalCorpora: getNumBytesRead when not calculated.
12-16 13:52:29.402  2576  2576 D AndroidRuntime: >>>>>> START com.android.internal.os.RuntimeInit uid 0 <<<<<<
12-16 13:52:29.406  2576  2576 D AndroidRuntime: CheckJNI is OFF
12-16 13:52:29.451  2576  2576 D ICU     : No timezone override file found: /data/misc/zoneinfo/current/icu/icu_tzdata.dat
12-16 13:52:29.494  2576  2576 E memtrack: Couldn't load memtrack module (No such file or directory)
12-16 13:52:29.494  2576  2576 E android.os.Debug: failed to load memtrack module: -2
12-16 13:52:29.497  2576  2576 I Radio-JNI: register_android_hardware_Radio DONE
12-16 13:52:29.500   569   581 V WindowManager: setAppVisibility(Token{72de6fb ActivityRecord{9ff308a u0 com.roboteam.teamy.usa/com.roboteam.teamy.boot.BootActivity t231 f}}, visible=false): mNextAppTransition=TRANSIT_TASK_CLOSE hidden=false hiddenRequested=false Callers=com.android.server.am.ActivityStack.finishActivityLocked:2971 com.android.server.am.TaskRecord.performClearTaskAtIndexLocked:653 com.android.server.am.TaskRecord.removeTaskActivitiesLocked:744 com.android.server.am.ActivityManagerService.removeTaskByIdLocked:9103 com.android.server.am.ActivityManagerService.finishActivity:4616 android.app.ActivityManagerNative.onTransact:350 
12-16 13:52:29.501   187   203 D PermissionCache: checking android.permission.READ_FRAME_BUFFER for uid=1000 => granted (120 us)
12-16 13:52:29.501   187   187 D Surface : Surface::final mReqUsage=333
12-16 13:52:29.503   187   203 D gralloc : Isfb=0, [630,630,640,2560], fmt=1, byte_stride=2560
12-16 13:52:29.524  2576  2576 D AndroidRuntime: Calling main entry com.android.commands.appops.AppOpsCommand
12-16 13:52:29.529  2576  2576 D AndroidRuntime: Shutting down VM
12-16 13:52:29.777   897   897 I Choreographer: Skipped 79 frames!  The application may be doing too much work on its main thread.
12-16 13:52:29.864  1750  2282 I Icing   : Indexing 13F8ADD7F7B9EA293B11D6F150D5708D68632F08 from com.google.android.gms
12-16 13:52:29.869  1750  2282 I Icing   : Indexing done 13F8ADD7F7B9EA293B11D6F150D5708D68632F08
12-16 13:52:29.910   897   897 W ContextImpl: Calling a method in the system process without a qualified user: android.app.ContextImpl.sendBroadcast:763 android.content.ContextWrapper.sendBroadcast:396 com.roboteam.teamy.shared.analytics.activeuser.ActiveUserAlarm$2.accept:41 com.roboteam.teamy.shared.analytics.activeuser.ActiveUserAlarm$2.accept:18 io.reactivex.internal.subscribers.LambdaSubscriber.onNext:65 
12-16 13:52:29.974   897  1591 W ContextImpl: Calling a method in the system process without a qualified user: android.app.ContextImpl.startActivity:658 android.content.ContextWrapper.startActivity:331 com.roboteam.teamy.shared.activitylauncher.ActivityLauncher.startActivity:16 com.roboteam.teamy.robox.map.activity.activitylauncher.MapFlowActivityLauncher$launchMapLost$3.accept:53 com.roboteam.teamy.robox.map.activity.activitylauncher.MapFlowActivityLauncher$launchMapLost$3.accept:15 
12-16 13:52:29.975   897  1591 W ContextImpl: Calling a method in the system process without a qualified user: android.app.ContextImpl.startActivity:670 android.app.ContextImpl.startActivity:659 android.content.ContextWrapper.startActivity:331 com.roboteam.teamy.shared.activitylauncher.ActivityLauncher.startActivity:16 com.roboteam.teamy.robox.map.activity.activitylauncher.MapFlowActivityLauncher$launchMapLost$3.accept:53 
12-16 13:52:29.976   569  2573 I ActivityManager: START u0 {flg=0x10000000 cmp=com.roboteam.teamy.usa/com.roboteam.teamy.robox.map.activity.MapFlowActivity (has extras)} from uid 1000 on display 0
12-16 13:52:29.976   569  2573 V WindowManager: Eval win Window{1146248 u0 com.roboteam.teamy.usa/com.roboteam.teamy.home.HomeActivity}: isDrawn=false, isAnimating=false
12-16 13:52:29.976   569  2573 V WindowManager: Not displayed: s=null pv=true mDrawState=NO_SURFACE ah=false th=true a=false
12-16 13:52:29.978   569  2573 V WindowManager: Eval win Window{1146248 u0 com.roboteam.teamy.usa/com.roboteam.teamy.home.HomeActivity}: isDrawn=false, isAnimating=false
12-16 13:52:29.978   569  2573 V WindowManager: Not displayed: s=null pv=true mDrawState=NO_SURFACE ah=false th=true a=false
12-16 13:52:29.985   569   590 E WindowManager: Unknown window type: 2999
12-16 13:52:29.986   569   590 I WindowStateAnimator: createSurface WindowStateAnimator{59c1b3e Starting com.roboteam.teamy.usa}: mDrawState=DRAW_PENDING
12-16 13:52:29.986   569   590 D WindowStateAnimator: rk_debug2 Starting com.roboteam.teamy.usa_Force_To_Dual
12-16 13:52:29.987   569   590 V WindowManager: Skipping AppWindowToken{c03c566 token=Token{adf29c1 ActivityRecord{c504aa8 u0 com.roboteam.teamy.usa/com.roboteam.teamy.robox.map.activity.MapFlowActivity t232}}} -- hidden on top
12-16 13:52:29.987   569   590 V WindowManager: Skipping AppWindowToken{c0e0318 token=Token{72de6fb ActivityRecord{9ff308a u0 com.roboteam.teamy.usa/com.roboteam.teamy.boot.BootActivity t231}}} -- going to hide
12-16 13:52:29.987   569   590 V WindowManager: Skipping AppWindowToken{c94a2d5 token=Token{6826b8c ActivityRecord{6d198bf u0 com.roboteam.teamy.usa/com.roboteam.teamy.home.HomeActivity t230}}} -- hidden on top
12-16 13:52:29.987   569   590 V WindowManager: No app is requesting an orientation, return 0
12-16 13:52:29.987   569   590 V WindowManager: Resize reasons for w=Window{3de4ff9 u0 Starting com.roboteam.teamy.usa}:  contentInsetsChanged=false [0,0][0,0] visibleInsetsChanged=false [0,0][0,0] stableInsetsChanged=false [0,0][0,0] outsetsChanged=false [0,0][0,0] surfaceResized=true configChanged=true
12-16 13:52:29.987   569   590 V WindowManager: Resizing window Window{3de4ff9 u0 Starting com.roboteam.teamy.usa} to 1920.0x1200.0
12-16 13:52:29.987   569   590 V WindowManager: Eval win Window{1146248 u0 com.roboteam.teamy.usa/com.roboteam.teamy.home.HomeActivity}: isDrawn=false, isAnimating=false
12-16 13:52:29.988   569   590 V WindowManager: Not displayed: s=null pv=true mDrawState=NO_SURFACE ah=false th=true a=false
12-16 13:52:30.002   569   590 V WindowState: Reporting new frame to Window{3de4ff9 u0 Starting com.roboteam.teamy.usa}: Rect(0, 0 - 1920, 1200)
12-16 13:52:30.002   569   590 I WindowState: Sending new config to window Window{3de4ff9 u0 Starting com.roboteam.teamy.usa}: 1920.0x1200.0 / config={1.0 ?mcc?mnc en_US ldltr sw800dp w1280dp h800dp 240dpi xlrg land finger -keyb/v/h -nav/h s.4} overrideConfig={1.0 ?mcc?mnc ?locale ?layoutDir ?swdp ?wdp ?hdp ?density ?lsize ?long ?orien ?uimode ?night ?touch ?keyb/?/? ?nav/?}
12-16 13:52:30.002   569   590 I WindowState: Resizing Window{3de4ff9 u0 Starting com.roboteam.teamy.usa} WITH DRAW PENDING
12-16 13:52:30.003   569   590 V WindowManager: Eval win Window{1146248 u0 com.roboteam.teamy.usa/com.roboteam.teamy.home.HomeActivity}: isDrawn=false, isAnimating=false
12-16 13:52:30.003   569   590 V WindowManager: Not displayed: s=null pv=true mDrawState=NO_SURFACE ah=false th=true a=false
12-16 13:52:30.004   569   590 E WindowManager: Unknown window type: 2999
12-16 13:52:30.004   569   590 D Surface : Surface::final mReqUsage=33
12-16 13:52:30.011   187   201 D gralloc : Isfb=0, [1920,1200,1920,7680], fmt=1, byte_stride=7680
12-16 13:52:30.011   897   897 W ContextImpl: Calling a method in the system process without a qualified user: android.app.ContextImpl.sendBroadcast:778 android.content.ContextWrapper.sendBroadcast:401 com.roboteam.teamy.internalactivities.settings.assistant.AssistantBroadcaster$observingAssistantInfo$1.accept:47 com.roboteam.teamy.internalactivities.settings.assistant.AssistantBroadcaster$observingAssistantInfo$1.accept:12 io.reactivex.internal.subscribers.LambdaSubscriber.onNext:65 
12-16 13:52:30.020   569   585 W ActivityManager: Activity pause timeout for ActivityRecord{9ff308a u0 com.roboteam.teamy.usa/com.roboteam.teamy.boot.BootActivity t231 f}
12-16 13:52:30.020   569   585 V WindowManager: Clear freezing of Token{72de6fb ActivityRecord{9ff308a u0 com.roboteam.teamy.usa/com.roboteam.teamy.boot.BootActivity t231 f}}: hidden=false freezing=false
12-16 13:52:30.021   569   585 V WindowManager: setAppVisibility(Token{72de6fb ActivityRecord{9ff308a u0 com.roboteam.teamy.usa/com.roboteam.teamy.boot.BootActivity t231 f}}, visible=false): mNextAppTransition=TRANSIT_TASK_OPEN hidden=false hiddenRequested=true Callers=com.android.server.am.ActivityStack.resumeTopActivityInnerLocked:1889 com.android.server.am.ActivityStack.resumeTopActivityLocked:1587 com.android.server.am.ActivityStackSupervisor.resumeTopActivitiesLocked:2735 com.android.server.am.ActivityStack.completePauseLocked:1080 com.android.server.am.ActivityStack.activityPausedLocked:943 com.android.server.am.ActivityStack$ActivityStackHandler.handleMessage:292 
12-16 13:52:30.021   569   585 V WindowManager: Skipping set freeze of Token{adf29c1 ActivityRecord{c504aa8 u0 com.roboteam.teamy.usa/com.roboteam.teamy.robox.map.activity.MapFlowActivity t232}}
12-16 13:52:30.021   569   585 V WindowManager: setAppVisibility(Token{adf29c1 ActivityRecord{c504aa8 u0 com.roboteam.teamy.usa/com.roboteam.teamy.robox.map.activity.MapFlowActivity t232}}, visible=true): mNextAppTransition=TRANSIT_TASK_OPEN hidden=true hiddenRequested=true Callers=com.android.server.am.ActivityStackSupervisor.realStartActivityLocked:1185 com.android.server.am.ActivityStackSupervisor.startSpecificActivityLocked:1384 com.android.server.am.ActivityStack.resumeTopActivityInnerLocked:2077 com.android.server.am.ActivityStack.resumeTopActivityLocked:1587 com.android.server.am.ActivityStackSupervisor.resumeTopActivitiesLocked:2735 com.android.server.am.ActivityStack.completePauseLocked:1080 
12-16 13:52:30.021   569   585 V WindowManager: Done at AppWindowToken{c03c566 token=Token{adf29c1 ActivityRecord{c504aa8 u0 com.roboteam.teamy.usa/com.roboteam.teamy.robox.map.activity.MapFlowActivity t232}}} -- full screen, return 0
12-16 13:52:30.023   569   585 V WindowManager: Eval win Window{3de4ff9 u0 Starting com.roboteam.teamy.usa}: isDrawn=false, isAnimating=true
12-16 13:52:30.023   569   585 V WindowManager: Not displayed: s=Surface(name=Starting com.roboteam.teamy.usa_Force_To_Dual) pv=true mDrawState=DRAW_PENDING ah=false th=false a=false
12-16 13:52:30.023   569   585 V WindowManager: Eval win Window{1146248 u0 com.roboteam.teamy.usa/com.roboteam.teamy.home.HomeActivity}: isDrawn=false, isAnimating=false
12-16 13:52:30.023   569   585 V WindowManager: Not displayed: s=null pv=true mDrawState=NO_SURFACE ah=false th=true a=false
12-16 13:52:30.028   569   590 V WindowStateAnimator: finishDrawingLocked: mDrawState=COMMIT_DRAW_PENDING WindowStateAnimator{59c1b3e Starting com.roboteam.teamy.usa} in Surface(name=Starting com.roboteam.teamy.usa_Force_To_Dual)
12-16 13:52:30.028   569   590 E WindowManager: Unknown window type: 2999
12-16 13:52:30.029   569   590 V WindowManager: Eval win Window{3de4ff9 u0 Starting com.roboteam.teamy.usa}: isDrawn=true, isAnimating=true
12-16 13:52:30.029   569   590 V WindowManager: Eval win Window{1146248 u0 com.roboteam.teamy.usa/com.roboteam.teamy.home.HomeActivity}: isDrawn=false, isAnimating=false
12-16 13:52:30.029   569   590 V WindowManager: Not displayed: s=null pv=true mDrawState=NO_SURFACE ah=false th=true a=false
12-16 13:52:30.035   569   590 I WindowManager:   SURFACE SHOW (performShowLocked): Window{3de4ff9 u0 Starting com.roboteam.teamy.usa}
12-16 13:52:30.037   569   590 V WindowManager: Done at AppWindowToken{c03c566 token=Token{adf29c1 ActivityRecord{c504aa8 u0 com.roboteam.teamy.usa/com.roboteam.teamy.robox.map.activity.MapFlowActivity t232}}} -- full screen, return 0
12-16 13:52:30.037   569   590 V WindowManager: Eval win Window{3de4ff9 u0 Starting com.roboteam.teamy.usa}: isDrawn=true, isAnimating=true
12-16 13:52:30.037   569   590 V WindowManager: Eval win Window{1146248 u0 com.roboteam.teamy.usa/com.roboteam.teamy.home.HomeActivity}: isDrawn=false, isAnimating=false
12-16 13:52:30.037   569   590 V WindowManager: Not displayed: s=null pv=true mDrawState=NO_SURFACE ah=false th=true a=false
12-16 13:52:30.038   569   590 E WindowManager: Unknown window type: 2999
12-16 13:52:30.055   569   590 E WindowManager: Unknown window type: 2999
12-16 13:52:30.056   569   590 V WindowManager: Eval win Window{3de4ff9 u0 Starting com.roboteam.teamy.usa}: isDrawn=true, isAnimating=true
12-16 13:52:30.056   569   590 V WindowManager: Eval win Window{1146248 u0 com.roboteam.teamy.usa/com.roboteam.teamy.home.HomeActivity}: isDrawn=false, isAnimating=false
12-16 13:52:30.056   569   590 V WindowManager: Not displayed: s=null pv=true mDrawState=NO_SURFACE ah=false th=true a=false
12-16 13:52:30.073   569   590 E WindowManager: Unknown window type: 2999
12-16 13:52:30.090   569   590 E WindowManager: Unknown window type: 2999
12-16 13:52:30.108   569   590 E WindowManager: Unknown window type: 2999
12-16 13:52:30.126   569   590 E WindowManager: Unknown window type: 2999
12-16 13:52:30.143   569   590 E WindowManager: Unknown window type: 2999
12-16 13:52:30.162   569   590 E WindowManager: Unknown window type: 2999
12-16 13:52:30.179   569   590 E WindowManager: Unknown window type: 2999
12-16 13:52:30.196   569   590 E WindowManager: Unknown window type: 2999
12-16 13:52:30.214   569   590 E WindowManager: Unknown window type: 2999
12-16 13:52:30.232   569   590 E WindowManager: Unknown window type: 2999
12-16 13:52:30.249   569   590 E WindowManager: Unknown window type: 2999
12-16 13:52:30.267   569   590 E WindowManager: Unknown window type: 2999
12-16 13:52:30.285   569   590 E WindowManager: Unknown window type: 2999
12-16 13:52:30.302   569   590 E WindowManager: Unknown window type: 2999
12-16 13:52:30.320   569   590 E WindowManager: Unknown window type: 2999
12-16 13:52:30.338   569   590 E WindowManager: Unknown window type: 2999
12-16 13:52:30.339   569   590 V WindowManager: Eval win Window{3de4ff9 u0 Starting com.roboteam.teamy.usa}: isDrawn=true, isAnimating=false
12-16 13:52:30.340   569   590 V WindowManager: Eval win Window{1146248 u0 com.roboteam.teamy.usa/com.roboteam.teamy.home.HomeActivity}: isDrawn=false, isAnimating=false
12-16 13:52:30.340   569   590 V WindowManager: Not displayed: s=null pv=true mDrawState=NO_SURFACE ah=false th=true a=false
12-16 13:52:30.341   569   590 V WindowManager: Eval win Window{3de4ff9 u0 Starting com.roboteam.teamy.usa}: isDrawn=true, isAnimating=false
12-16 13:52:30.341   569   590 V WindowManager: Eval win Window{1146248 u0 com.roboteam.teamy.usa/com.roboteam.teamy.home.HomeActivity}: isDrawn=false, isAnimating=false
12-16 13:52:30.341   569   590 V WindowManager: Not displayed: s=null pv=true mDrawState=NO_SURFACE ah=false th=true a=false
12-16 13:52:30.355   569   590 E WindowManager: Unknown window type: 2999
12-16 13:52:30.428   569  2570 I WindowStateAnimator: createSurface WindowStateAnimator{a6cb197 com.roboteam.teamy.usa/com.roboteam.teamy.robox.map.activity.MapFlowActivity}: mDrawState=DRAW_PENDING
12-16 13:52:30.428   569  2570 V WindowManager: Done at AppWindowToken{c03c566 token=Token{adf29c1 ActivityRecord{c504aa8 u0 com.roboteam.teamy.usa/com.roboteam.teamy.robox.map.activity.MapFlowActivity t232}}} -- full screen, return 0
12-16 13:52:30.429   569  2570 V WindowManager: Eval win Window{3de4ff9 u0 Starting com.roboteam.teamy.usa}: isDrawn=true, isAnimating=false
12-16 13:52:30.429   569  2570 V WindowManager: Eval win Window{87e5416 u0 com.roboteam.teamy.usa/com.roboteam.teamy.robox.map.activity.MapFlowActivity}: isDrawn=false, isAnimating=false
12-16 13:52:30.429   569  2570 V WindowManager: Not displayed: s=Surface(name=com.roboteam.teamy.usa/com.roboteam.teamy.robox.map.activity.MapFlowActivity) pv=true mDrawState=DRAW_PENDING ah=false th=false a=false
12-16 13:52:30.429   569  2570 V WindowManager: Resize reasons for w=Window{87e5416 u0 com.roboteam.teamy.usa/com.roboteam.teamy.robox.map.activity.MapFlowActivity}:  contentInsetsChanged=false [0,0][0,0] visibleInsetsChanged=false [0,0][0,0] stableInsetsChanged=false [0,0][0,0] outsetsChanged=false [0,0][0,0] surfaceResized=true configChanged=true
12-16 13:52:30.429   569  2570 V WindowManager: Resizing window Window{87e5416 u0 com.roboteam.teamy.usa/com.roboteam.teamy.robox.map.activity.MapFlowActivity} to 1920.0x1200.0
12-16 13:52:30.429   569  2570 V WindowManager: Eval win Window{1146248 u0 com.roboteam.teamy.usa/com.roboteam.teamy.home.HomeActivity}: isDrawn=false, isAnimating=false
12-16 13:52:30.429   569  2570 V WindowManager: Not displayed: s=null pv=true mDrawState=NO_SURFACE ah=false th=true a=false
12-16 13:52:30.444   569  2570 V WindowState: Reporting new frame to Window{87e5416 u0 com.roboteam.teamy.usa/com.roboteam.teamy.robox.map.activity.MapFlowActivity}: Rect(0, 0 - 1920, 1200)
12-16 13:52:30.444   569  2570 I WindowState: Sending new config to window Window{87e5416 u0 com.roboteam.teamy.usa/com.roboteam.teamy.robox.map.activity.MapFlowActivity}: 1920.0x1200.0 / config={1.0 ?mcc?mnc en_US ldltr sw800dp w1280dp h800dp 240dpi xlrg land finger -keyb/v/h -nav/h s.4} overrideConfig={1.0 ?mcc?mnc ?locale ?layoutDir ?swdp ?wdp ?hdp ?density ?lsize ?long ?orien ?uimode ?night ?touch ?keyb/?/? ?nav/?}
12-16 13:52:30.444   569  2570 I WindowState: Resizing Window{87e5416 u0 com.roboteam.teamy.usa/com.roboteam.teamy.robox.map.activity.MapFlowActivity} WITH DRAW PENDING
12-16 13:52:30.445   569  2570 V WindowManager: Eval win Window{3de4ff9 u0 Starting com.roboteam.teamy.usa}: isDrawn=true, isAnimating=false
12-16 13:52:30.445   569  2570 V WindowManager: Eval win Window{87e5416 u0 com.roboteam.teamy.usa/com.roboteam.teamy.robox.map.activity.MapFlowActivity}: isDrawn=false, isAnimating=false
12-16 13:52:30.445   569  2570 V WindowManager: Not displayed: s=Surface(name=com.roboteam.teamy.usa/com.roboteam.teamy.robox.map.activity.MapFlowActivity) pv=true mDrawState=DRAW_PENDING ah=false th=false a=false
12-16 13:52:30.445   569  2570 V WindowManager: Eval win Window{1146248 u0 com.roboteam.teamy.usa/com.roboteam.teamy.home.HomeActivity}: isDrawn=false, isAnimating=false
12-16 13:52:30.445   569  2570 V WindowManager: Not displayed: s=null pv=true mDrawState=NO_SURFACE ah=false th=true a=false
12-16 13:52:30.448   897  1676 D Surface : Surface::final mReqUsage=a00
12-16 13:52:30.448   897  1676 D mali_winsys: EGLint new_window_surface(egl_winsys_display*, void*, EGLSurface, EGLConfig, egl_winsys_surface**, egl_color_buffer_format*, EGLBoolean) returns 0x3000
12-16 13:52:30.456   187   203 D gralloc : Isfb=0, [1920,1200,1920,7680], fmt=1, byte_stride=7680
12-16 13:52:30.462   569   590 E WindowManager: Unknown window type: 2999
12-16 13:52:30.463   187   203 D gralloc : Isfb=0, [1920,1200,1920,7680], fmt=1, byte_stride=7680
12-16 13:52:30.468   187   203 D gralloc : Isfb=0, [1920,1200,1920,7680], fmt=1, byte_stride=7680
12-16 13:52:30.473   569   924 V WindowManager: Done at AppWindowToken{c03c566 token=Token{adf29c1 ActivityRecord{c504aa8 u0 com.roboteam.teamy.usa/com.roboteam.teamy.robox.map.activity.MapFlowActivity t232}}} -- full screen, return 0
12-16 13:52:30.474   569   924 V WindowManager: Eval win Window{3de4ff9 u0 Starting com.roboteam.teamy.usa}: isDrawn=true, isAnimating=false
12-16 13:52:30.474   569   924 V WindowManager: Eval win Window{87e5416 u0 com.roboteam.teamy.usa/com.roboteam.teamy.robox.map.activity.MapFlowActivity}: isDrawn=false, isAnimating=false
12-16 13:52:30.474   569   924 V WindowManager: Not displayed: s=Surface(name=com.roboteam.teamy.usa/com.roboteam.teamy.robox.map.activity.MapFlowActivity) pv=true mDrawState=DRAW_PENDING ah=false th=false a=false
12-16 13:52:30.474   569   924 V WindowManager: Eval win Window{1146248 u0 com.roboteam.teamy.usa/com.roboteam.teamy.home.HomeActivity}: isDrawn=false, isAnimating=false
12-16 13:52:30.474   569   924 V WindowManager: Not displayed: s=null pv=true mDrawState=NO_SURFACE ah=false th=true a=false
12-16 13:52:30.482   569   590 E WindowManager: Unknown window type: 2999
12-16 13:52:30.507  2601  2601 D AndroidRuntime: >>>>>> START com.android.internal.os.RuntimeInit uid 0 <<<<<<
12-16 13:52:30.512  2601  2601 D AndroidRuntime: CheckJNI is OFF
12-16 13:52:30.558  2601  2601 D ICU     : No timezone override file found: /data/misc/zoneinfo/current/icu/icu_tzdata.dat
12-16 13:52:30.593  2601  2601 E memtrack: Couldn't load memtrack module (No such file or directory)
12-16 13:52:30.593  2601  2601 E android.os.Debug: failed to load memtrack module: -2
12-16 13:52:30.596  2601  2601 I Radio-JNI: register_android_hardware_Radio DONE
12-16 13:52:30.604   187   802 D gralloc : Isfb=0, [1200,1920,1200,4800], fmt=1, byte_stride=4800
12-16 13:52:30.625  2601  2601 D AndroidRuntime: Calling main entry com.android.commands.pm.Pm
12-16 13:52:30.634  2601  2601 I art     : System.exit called, status: 1
12-16 13:52:30.634  2601  2601 I AndroidRuntime: VM exiting with result code 1.
12-16 13:52:30.658   187   201 D gralloc : Isfb=0, [1200,1920,1200,4800], fmt=1, byte_stride=4800
12-16 13:52:30.659   569   581 V WindowStateAnimator: finishDrawingLocked: mDrawState=COMMIT_DRAW_PENDING WindowStateAnimator{a6cb197 com.roboteam.teamy.usa/com.roboteam.teamy.robox.map.activity.MapFlowActivity} in Surface(name=com.roboteam.teamy.usa/com.roboteam.teamy.robox.map.activity.MapFlowActivity)
12-16 13:52:30.660   569   590 V WindowManager: Eval win Window{3de4ff9 u0 Starting com.roboteam.teamy.usa}: isDrawn=true, isAnimating=false
12-16 13:52:30.660   569   590 V WindowManager: Eval win Window{87e5416 u0 com.roboteam.teamy.usa/com.roboteam.teamy.robox.map.activity.MapFlowActivity}: isDrawn=true, isAnimating=false
12-16 13:52:30.660   569   590 V WindowManager: tokenMayBeDrawn: AppWindowToken{c03c566 token=Token{adf29c1 ActivityRecord{c504aa8 u0 com.roboteam.teamy.usa/com.roboteam.teamy.robox.map.activity.MapFlowActivity t232}}} freezingScreen=false mAppFreezing=false
12-16 13:52:30.660   569   590 V WindowManager: Eval win Window{1146248 u0 com.roboteam.teamy.usa/com.roboteam.teamy.home.HomeActivity}: isDrawn=false, isAnimating=false
12-16 13:52:30.660   569   590 V WindowManager: Not displayed: s=null pv=true mDrawState=NO_SURFACE ah=false th=true a=false
12-16 13:52:30.662   569   590 I WindowManager:   SURFACE SHOW (performShowLocked): Window{87e5416 u0 com.roboteam.teamy.usa/com.roboteam.teamy.robox.map.activity.MapFlowActivity}
12-16 13:52:30.662   569   590 V WindowManager: Eval win Window{1146248 u0 com.roboteam.teamy.usa/com.roboteam.teamy.home.HomeActivity}: isDrawn=false, isAnimating=false
12-16 13:52:30.662   569   590 V WindowManager: Not displayed: s=null pv=true mDrawState=NO_SURFACE ah=false th=true a=false
12-16 13:52:30.663   569   590 I ActivityManager: Displayed com.roboteam.teamy.usa/com.roboteam.teamy.robox.map.activity.MapFlowActivity: +642ms
12-16 13:52:30.663   569   590 V WindowManager: setAppVisibility(Token{72de6fb ActivityRecord{9ff308a u0 com.roboteam.teamy.usa/com.roboteam.teamy.boot.BootActivity t231 f}}, visible=false): mNextAppTransition=TRANSIT_UNSET hidden=true hiddenRequested=true Callers=com.android.server.am.ActivityStackSupervisor.processStoppingActivitiesLocked:3460 com.android.server.am.ActivityRecord.windowsVisibleLocked:1037 com.android.server.am.ActivityRecord$Token.windowsVisible:354 com.android.server.wm.WindowManagerService$H.handleMessage:8181 android.os.Handler.dispatchMessage:102 android.os.Looper.loop:148 
12-16 13:52:30.665   569   590 V WindowManager: Eval win Window{1146248 u0 com.roboteam.teamy.usa/com.roboteam.teamy.home.HomeActivity}: isDrawn=false, isAnimating=false
12-16 13:52:30.665   569   590 V WindowManager: Not displayed: s=null pv=true mDrawState=NO_SURFACE ah=false th=true a=false
12-16 13:52:30.674   569   590 E WindowManager: Unknown window type: 2999
12-16 13:52:30.675   569   590 V WindowManager: Eval win Window{1146248 u0 com.roboteam.teamy.usa/com.roboteam.teamy.home.HomeActivity}: isDrawn=false, isAnimating=false
12-16 13:52:30.675   569   590 V WindowManager: Not displayed: s=null pv=true mDrawState=NO_SURFACE ah=false th=true a=false
12-16 13:52:30.692   569   590 E WindowManager: Unknown window type: 2999
12-16 13:52:30.709   569   590 E WindowManager: Unknown window type: 2999
12-16 13:52:30.727   569   590 E WindowManager: Unknown window type: 2999
12-16 13:52:30.745   569   590 E WindowManager: Unknown window type: 2999
12-16 13:52:30.762   569   590 E WindowManager: Unknown window type: 2999
12-16 13:52:30.780   569   590 E WindowManager: Unknown window type: 2999
12-16 13:52:30.794   187   802 D gralloc : Isfb=0, [1200,1920,1200,4800], fmt=1, byte_stride=4800
12-16 13:52:30.798   569   590 E WindowManager: Unknown window type: 2999
12-16 13:52:30.812   569   581 V WindowManager: Eval win Window{1146248 u0 com.roboteam.teamy.usa/com.roboteam.teamy.home.HomeActivity}: isDrawn=false, isAnimating=false
12-16 13:52:30.812   569   581 V WindowManager: Not displayed: s=null pv=true mDrawState=NO_SURFACE ah=false th=true a=false
12-16 13:52:30.815   569   590 E WindowManager: Unknown window type: 2999
12-16 13:52:30.833   569   590 E WindowManager: Unknown window type: 2999
12-16 13:52:30.851   569   590 E WindowManager: Unknown window type: 2999
12-16 13:52:30.868   569   590 E WindowManager: Unknown window type: 2999
12-16 13:52:30.869   569   590 V WindowManager: Eval win Window{1146248 u0 com.roboteam.teamy.usa/com.roboteam.teamy.home.HomeActivity}: isDrawn=false, isAnimating=false
12-16 13:52:30.869   569   590 V WindowManager: Not displayed: s=null pv=true mDrawState=NO_SURFACE ah=false th=true a=false
12-16 13:52:30.871   569   590 V WindowManager: Eval win Window{1146248 u0 com.roboteam.teamy.usa/com.roboteam.teamy.home.HomeActivity}: isDrawn=false, isAnimating=false
12-16 13:52:30.871   569   590 V WindowManager: Not displayed: s=null pv=true mDrawState=NO_SURFACE ah=false th=true a=false
12-16 13:52:30.886   569   590 E WindowManager: Unknown window type: 2999
12-16 13:52:31.067   569  2573 D AlarmManagerService: Kernel timezone updated to -630 minutes west of GMT
12-16 13:52:31.301  2635  2635 D AndroidRuntime: >>>>>> START com.android.internal.os.RuntimeInit uid 0 <<<<<<
12-16 13:52:31.305  2635  2635 D AndroidRuntime: CheckJNI is OFF
12-16 13:52:31.337  2635  2635 D ICU     : No timezone override file found: /data/misc/zoneinfo/current/icu/icu_tzdata.dat
12-16 13:52:31.368  2635  2635 E memtrack: Couldn't load memtrack module (No such file or directory)
12-16 13:52:31.368  2635  2635 E android.os.Debug: failed to load memtrack module: -2
12-16 13:52:31.371  2635  2635 I Radio-JNI: register_android_hardware_Radio DONE
12-16 13:52:31.395  2635  2635 D AndroidRuntime: Calling main entry com.android.commands.pm.Pm
12-16 13:52:31.404  2635  2635 I art     : System.exit called, status: 1
12-16 13:52:31.404  2635  2635 I AndroidRuntime: VM exiting with result code 1.
12-16 13:52:31.513  1257  2017 D RKUpdateService: WorkHandler::handleMessage() : To perform 'COMMAND_CHECK_LOCAL_UPDATING'.
12-16 13:52:31.513  1257  2017 D RKUpdateService: getValidFirmwareImageFile() : Target image file path : /data/media/0/update.zip
12-16 13:52:31.514  1257  2017 D RKUpdateService: getValidFirmwareImageFile() : Target image file path : /storage/emulated/0/update.zip
12-16 13:52:31.515  1257  2017 D RKUpdateService: getValidFirmwareImageFile() : Target image file path : /mnt/media_rw/update.zip
12-16 13:52:31.516  1257  2017 D RKUpdateService: getValidFirmwareImageFile() : Target image file path : /mnt/media_rw/update.zip
12-16 13:52:31.519  1257  2017 D RKUpdateService: request remote server error...
12-16 13:52:31.576   897  1456 W ContextImpl: Calling a method in the system process without a qualified user: android.app.ContextImpl.startActivity:658 android.content.ContextWrapper.startActivity:331 com.roboteam.teamy.shared.activitylauncher.ActivityLauncher.startActivity:16 com.roboteam.teamy.robox.map.activity.activitylauncher.MapFlowActivityLauncher$launch$2.accept:34 com.roboteam.teamy.robox.map.activity.activitylauncher.MapFlowActivityLauncher$launch$2.accept:15 
12-16 13:52:31.577   897  1456 W ContextImpl: Calling a method in the system process without a qualified user: android.app.ContextImpl.startActivity:670 android.app.ContextImpl.startActivity:659 android.content.ContextWrapper.startActivity:331 com.roboteam.teamy.shared.activitylauncher.ActivityLauncher.startActivity:16 com.roboteam.teamy.robox.map.activity.activitylauncher.MapFlowActivityLauncher$launch$2.accept:34 
12-16 13:52:31.578   569   895 I ActivityManager: START u0 {flg=0x10000000 cmp=com.roboteam.teamy.usa/com.roboteam.teamy.robox.map.activity.MapFlowActivity (has extras)} from uid 1000 on display 0
12-16 13:52:31.579   569   895 V WindowManager: Eval win Window{1146248 u0 com.roboteam.teamy.usa/com.roboteam.teamy.home.HomeActivity}: isDrawn=false, isAnimating=false
12-16 13:52:31.579   569   895 V WindowManager: Not displayed: s=null pv=true mDrawState=NO_SURFACE ah=false th=true a=false
12-16 13:52:31.594   569   590 E WindowManager: Unknown window type: 2999
12-16 13:52:31.713   897   907 I art     : Background sticky concurrent mark sweep GC freed 17383(2MB) AllocSpace objects, 8(132KB) LOS objects, 3% free, 68MB/70MB, paused 5.257ms total 38.121ms
12-16 13:52:31.714   897  2560 D agora-jni: android bridge create done...
12-16 13:52:32.159  2659  2659 D AndroidRuntime: >>>>>> START com.android.internal.os.RuntimeInit uid 0 <<<<<<
12-16 13:52:32.163  2659  2659 D AndroidRuntime: CheckJNI is OFF
12-16 13:52:32.195  2659  2659 D ICU     : No timezone override file found: /data/misc/zoneinfo/current/icu/icu_tzdata.dat
12-16 13:52:32.228  2659  2659 E memtrack: Couldn't load memtrack module (No such file or directory)
12-16 13:52:32.228  2659  2659 E android.os.Debug: failed to load memtrack module: -2
12-16 13:52:32.231  2659  2659 I Radio-JNI: register_android_hardware_Radio DONE
12-16 13:52:32.257  2659  2659 D AndroidRuntime: Calling main entry com.android.commands.pm.Pm
12-16 13:52:32.269  2659  2659 I art     : System.exit called, status: 1
12-16 13:52:32.269  2659  2659 I AndroidRuntime: VM exiting with result code 1.
12-16 13:52:32.947  2711  2711 D AndroidRuntime: >>>>>> START com.android.internal.os.RuntimeInit uid 0 <<<<<<
12-16 13:52:32.951  2711  2711 D AndroidRuntime: CheckJNI is OFF
12-16 13:52:32.985  2711  2711 D ICU     : No timezone override file found: /data/misc/zoneinfo/current/icu/icu_tzdata.dat
12-16 13:52:33.017  2711  2711 E memtrack: Couldn't load memtrack module (No such file or directory)
12-16 13:52:33.017  2711  2711 E android.os.Debug: failed to load memtrack module: -2
12-16 13:52:33.020  2711  2711 I Radio-JNI: register_android_hardware_Radio DONE
12-16 13:52:33.044  2711  2711 D AndroidRuntime: Calling main entry com.android.commands.pm.Pm
12-16 13:52:33.053  2711  2711 I art     : System.exit called, status: 1
12-16 13:52:33.053  2711  2711 I AndroidRuntime: VM exiting with result code 1.
12-16 13:52:33.777  2721  2721 D AndroidRuntime: >>>>>> START com.android.internal.os.RuntimeInit uid 0 <<<<<<
12-16 13:52:33.780  2721  2721 D AndroidRuntime: CheckJNI is OFF
12-16 13:52:33.813  2721  2721 D ICU     : No timezone override file found: /data/misc/zoneinfo/current/icu/icu_tzdata.dat
12-16 13:52:33.843  2721  2721 E memtrack: Couldn't load memtrack module (No such file or directory)
12-16 13:52:33.843  2721  2721 E android.os.Debug: failed to load memtrack module: -2
12-16 13:52:33.846  2721  2721 I Radio-JNI: register_android_hardware_Radio DONE
12-16 13:52:33.873  2721  2721 D AndroidRuntime: Calling main entry com.android.commands.pm.Pm
12-16 13:52:33.884  2721  2721 I art     : System.exit called, status: 1
12-16 13:52:33.884  2721  2721 I AndroidRuntime: VM exiting with result code 1.
12-16 13:52:36.301   227   262 D AudioHardwareTiny: start_output_stream
12-16 13:52:36.302   227   262 D alsa_route: route_info->sound_card 0, route_info->devices 0  
12-16 13:52:36.302   227   262 D alsa_route: route_set_controls() set route 0
12-16 13:52:36.327   227   262 D AudioFlinger: mixer(0xb35b7008) throttle end: throttle time(10)
12-16 13:52:36.837   897  1456 E ThemeUtils: View class androidx.appcompat.widget.AppCompatImageView is an AppCompat widget that can only be used with a Theme.AppCompat theme (or descendant).
12-16 13:52:36.838   897  1456 E ThemeUtils: View class androidx.appcompat.widget.AppCompatTextView is an AppCompat widget that can only be used with a Theme.AppCompat theme (or descendant).
12-16 13:52:36.839   897  1456 E ThemeUtils: View class androidx.appcompat.widget.AppCompatTextView is an AppCompat widget that can only be used with a Theme.AppCompat theme (or descendant).
12-16 13:52:36.842   897  1456 E ThemeUtils: View class androidx.appcompat.widget.AppCompatButton is an AppCompat widget that can only be used with a Theme.AppCompat theme (or descendant).
12-16 13:52:36.844   897  1456 E ThemeUtils: View class androidx.appcompat.widget.AppCompatButton is an AppCompat widget that can only be used with a Theme.AppCompat theme (or descendant).
12-16 13:52:36.858   227   490 E MediaPlayerFactory: 2019 03 30 -------- getPlayerType()---------------- 234 !!!! 
12-16 13:52:36.858   227   490 E MediaPlayerFactory: filePath = /data/app/com.roboteam.teamy.usa-1/base.apk 
12-16 13:52:36.858   227   490 E MediaPlayerFactory: 2019 03 30 -------- getPlayerType()---------------- return STAGEFRIGHT_PLAYER !!!! 
12-16 13:52:36.858   227   490 I AwesomePlayer: AwesomePlayer::AwesomePlayer()in
12-16 13:52:36.858   227   490 I AwesomePlayer: AwesomePlayer::AwesomePlayer()aftermClient.connect()
12-16 13:52:36.870   227   490 D AwesomePlayer: the format is mimeTypeaudio/x-wav,confidence:0.400000
12-16 13:52:36.882   897  1456 D MediaPlayer: setSubtitleAnchor in MediaPlayer
12-16 13:52:36.920   569   583 V WindowManager: Done at AppWindowToken{c03c566 token=Token{adf29c1 ActivityRecord{c504aa8 u0 com.roboteam.teamy.usa/com.roboteam.teamy.robox.map.activity.MapFlowActivity t232}}} -- full screen, return 0
12-16 13:52:36.920   569   583 V WindowManager: Eval win Window{1146248 u0 com.roboteam.teamy.usa/com.roboteam.teamy.home.HomeActivity}: isDrawn=false, isAnimating=false
12-16 13:52:36.920   569   583 V WindowManager: Not displayed: s=null pv=true mDrawState=NO_SURFACE ah=false th=true a=false
12-16 13:52:36.932   569  1159 V WindowManager: setAppVisibility(Token{adf29c1 ActivityRecord{c504aa8 u0 com.roboteam.teamy.usa/com.roboteam.teamy.robox.map.activity.MapFlowActivity t232 f}}, visible=false): mNextAppTransition=TRANSIT_TASK_CLOSE hidden=false hiddenRequested=false Callers=com.android.server.am.ActivityStack.finishActivityLocked:2971 com.android.server.am.ActivityStack.requestFinishActivityLocked:2803 com.android.server.am.ActivityManagerService.finishActivity:4621 android.app.ActivityManagerNative.onTransact:350 com.android.server.am.ActivityManagerService.onTransact:2687 android.os.Binder.execTransact:453 
12-16 13:52:36.933   187   187 D Surface : Surface::final mReqUsage=333
12-16 13:52:36.935   187   203 D gralloc : Isfb=0, [630,630,640,2560], fmt=1, byte_stride=2560
12-16 13:52:36.952   569   590 E WindowManager: Unknown window type: 2999
12-16 13:52:36.954   569   590 E WindowManager: Unknown window type: 2999
12-16 13:52:36.968   569   924 I WindowStateAnimator: createSurface WindowStateAnimator{91a109e }: mDrawState=DRAW_PENDING
12-16 13:52:36.969   569   924 V WindowManager: Skipping AppWindowToken{c03c566 token=Token{adf29c1 ActivityRecord{c504aa8 u0 com.roboteam.teamy.usa/com.roboteam.teamy.robox.map.activity.MapFlowActivity t232}}} -- going to hide
12-16 13:52:36.969   569   924 V WindowManager: Skipping AppWindowToken{c94a2d5 token=Token{6826b8c ActivityRecord{6d198bf u0 com.roboteam.teamy.usa/com.roboteam.teamy.home.HomeActivity t230}}} -- hidden on top
12-16 13:52:36.969   569   924 V WindowManager: No app is requesting an orientation, return 0
12-16 13:52:36.969   569   924 V WindowManager: Resize reasons for w=Window{72f3ed9 u0 com.roboteam.teamy.usa}:  contentInsetsChanged=false [0,0][0,0] visibleInsetsChanged=false [0,0][0,0] stableInsetsChanged=false [0,0][0,0] outsetsChanged=false [0,0][0,0] surfaceResized=false configChanged=true
12-16 13:52:36.969   569   924 V WindowManager: Resizing window Window{72f3ed9 u0 com.roboteam.teamy.usa} to 1920.0x243.0
12-16 13:52:36.969   569   924 V WindowManager: Eval win Window{1146248 u0 com.roboteam.teamy.usa/com.roboteam.teamy.home.HomeActivity}: isDrawn=false, isAnimating=false
12-16 13:52:36.969   569   924 V WindowManager: Not displayed: s=null pv=true mDrawState=NO_SURFACE ah=false th=true a=false
12-16 13:52:36.970   569   924 V WindowState: Reporting new frame to Window{72f3ed9 u0 com.roboteam.teamy.usa}: Rect(0, 0 - 1920, 243)
12-16 13:52:36.970   569   924 I WindowState: Sending new config to window Window{72f3ed9 u0 com.roboteam.teamy.usa}: 1920.0x243.0 / config={1.0 ?mcc?mnc en_US ldltr sw800dp w1280dp h800dp 240dpi xlrg land finger -keyb/v/h -nav/h s.4} overrideConfig={1.0 ?mcc?mnc ?locale ?layoutDir ?swdp ?wdp ?hdp ?density ?lsize ?long ?orien ?uimode ?night ?touch ?keyb/?/? ?nav/?}
12-16 13:52:36.970   569   924 I WindowState: Resizing Window{72f3ed9 u0 com.roboteam.teamy.usa} WITH DRAW PENDING
12-16 13:52:36.972   569   590 E WindowManager: Unknown window type: 2999
12-16 13:52:36.973   897  1676 D Surface : Surface::final mReqUsage=a00
12-16 13:52:36.973   897  1676 D mali_winsys: EGLint new_window_surface(egl_winsys_display*, void*, EGLSurface, EGLConfig, egl_winsys_surface**, egl_color_buffer_format*, EGLBoolean) returns 0x3000
12-16 13:52:36.975   187   203 D gralloc : Isfb=0, [1920,243,1920,7680], fmt=1, byte_stride=7680
12-16 13:52:36.977   187   203 D gralloc : Isfb=0, [1920,243,1920,7680], fmt=1, byte_stride=7680
12-16 13:52:36.979   187   203 D gralloc : Isfb=0, [1920,243,1920,7680], fmt=1, byte_stride=7680
12-16 13:52:36.985   569   923 V WindowManager: Clear freezing of Token{adf29c1 ActivityRecord{c504aa8 u0 com.roboteam.teamy.usa/com.roboteam.teamy.robox.map.activity.MapFlowActivity t232 f}}: hidden=false freezing=false
12-16 13:52:36.985   569   923 V WindowManager: Eval win Window{1146248 u0 com.roboteam.teamy.usa/com.roboteam.teamy.home.HomeActivity}: isDrawn=false, isAnimating=false
12-16 13:52:36.985   569   923 V WindowManager: Not displayed: s=null pv=true mDrawState=NO_SURFACE ah=false th=true a=false
12-16 13:52:36.987   569   923 V WindowManager: setAppVisibility(Token{6826b8c ActivityRecord{6d198bf u0 com.roboteam.teamy.usa/com.roboteam.teamy.home.HomeActivity t230}}, visible=true): mNextAppTransition=TRANSIT_TASK_CLOSE hidden=true hiddenRequested=true Callers=com.android.server.am.ActivityStack.resumeTopActivityInnerLocked:1934 com.android.server.am.ActivityStack.resumeTopActivityLocked:1587 com.android.server.am.ActivityStack.resumeTopActivityLocked:1570 com.android.server.am.ActivityStackSupervisor.resumeTopActivitiesLocked:2747 com.android.server.am.ActivityStack.completePauseLocked:1080 com.android.server.am.ActivityStack.activityPausedLocked:943 
12-16 13:52:36.988   569   923 V WindowManager: Done at AppWindowToken{c94a2d5 token=Token{6826b8c ActivityRecord{6d198bf u0 com.roboteam.teamy.usa/com.roboteam.teamy.home.HomeActivity t230}}} -- full screen, return 0
12-16 13:52:36.988   569   923 V WindowManager: Eval win Window{1146248 u0 com.roboteam.teamy.usa/com.roboteam.teamy.home.HomeActivity}: isDrawn=false, isAnimating=true
12-16 13:52:36.989   569   923 V WindowManager: Not displayed: s=null pv=true mDrawState=NO_SURFACE ah=false th=false a=false
12-16 13:52:36.990   569   590 E WindowManager: Unknown window type: 2999
12-16 13:52:37.002   187   802 D gralloc : Isfb=0, [243,1920,256,1024], fmt=1, byte_stride=1024
12-16 13:52:37.007   187   203 D gralloc : Isfb=0, [243,1920,256,1024], fmt=1, byte_stride=1024
12-16 13:52:37.007   569   590 E WindowManager: Unknown window type: 2999
12-16 13:52:37.009   569   581 V WindowStateAnimator: finishDrawingLocked: mDrawState=COMMIT_DRAW_PENDING WindowStateAnimator{91a109e } in Surface(name=)
12-16 13:52:37.009   569   590 I WindowManager:   SURFACE SHOW (performShowLocked): Window{72f3ed9 u0 com.roboteam.teamy.usa}
12-16 13:52:37.009   569   590 V WindowManager: Eval win Window{1146248 u0 com.roboteam.teamy.usa/com.roboteam.teamy.home.HomeActivity}: isDrawn=false, isAnimating=true
12-16 13:52:37.009   569   590 V WindowManager: Not displayed: s=null pv=true mDrawState=NO_SURFACE ah=false th=false a=false
12-16 13:52:37.025   569   590 E WindowManager: Unknown window type: 2999
12-16 13:52:37.025   569   590 V WindowManager: Eval win Window{1146248 u0 com.roboteam.teamy.usa/com.roboteam.teamy.home.HomeActivity}: isDrawn=false, isAnimating=true
12-16 13:52:37.025   569   590 V WindowManager: Not displayed: s=null pv=true mDrawState=NO_SURFACE ah=false th=false a=false
12-16 13:52:37.029   569  1159 V WindowManager: Eval win Window{1146248 u0 com.roboteam.teamy.usa/com.roboteam.teamy.home.HomeActivity}: isDrawn=false, isAnimating=true
12-16 13:52:37.029   569  1159 V WindowManager: Not displayed: s=null pv=true mDrawState=NO_SURFACE ah=false th=false a=false
12-16 13:52:37.031   569   924 V WindowManager: Eval win Window{1146248 u0 com.roboteam.teamy.usa/com.roboteam.teamy.home.HomeActivity}: isDrawn=false, isAnimating=true
12-16 13:52:37.031   569   924 V WindowManager: Not displayed: s=null pv=true mDrawState=NO_SURFACE ah=false th=false a=false
12-16 13:52:37.039   187   801 D gralloc : Isfb=0, [243,1920,256,1024], fmt=1, byte_stride=1024
12-16 13:52:37.041   569  2572 I WindowStateAnimator: createSurface WindowStateAnimator{95d677f com.roboteam.teamy.usa/com.roboteam.teamy.home.HomeActivity}: mDrawState=DRAW_PENDING
12-16 13:52:37.042   569  2572 V WindowManager: Done at AppWindowToken{c94a2d5 token=Token{6826b8c ActivityRecord{6d198bf u0 com.roboteam.teamy.usa/com.roboteam.teamy.home.HomeActivity t230}}} -- full screen, return 0
12-16 13:52:37.043   569  2572 V WindowManager: Eval win Window{1146248 u0 com.roboteam.teamy.usa/com.roboteam.teamy.home.HomeActivity}: isDrawn=false, isAnimating=true
12-16 13:52:37.043   569  2572 V WindowManager: Not displayed: s=Surface(name=com.roboteam.teamy.usa/com.roboteam.teamy.home.HomeActivity) pv=true mDrawState=DRAW_PENDING ah=false th=false a=false
12-16 13:52:37.043   569  2572 V WindowManager: Resize reasons for w=Window{1146248 u0 com.roboteam.teamy.usa/com.roboteam.teamy.home.HomeActivity}:  contentInsetsChanged=false [0,0][0,0] visibleInsetsChanged=false [0,0][0,0] stableInsetsChanged=false [0,0][0,0] outsetsChanged=false [0,0][0,0] surfaceResized=false configChanged=true
12-16 13:52:37.043   569  2572 V WindowManager: Resizing window Window{1146248 u0 com.roboteam.teamy.usa/com.roboteam.teamy.home.HomeActivity} to 1920.0x1200.0
12-16 13:52:37.043   569  2572 V WindowState: Reporting new frame to Window{1146248 u0 com.roboteam.teamy.usa/com.roboteam.teamy.home.HomeActivity}: Rect(0, 0 - 1920, 1200)
12-16 13:52:37.043   569  2572 I WindowState: Sending new config to window Window{1146248 u0 com.roboteam.teamy.usa/com.roboteam.teamy.home.HomeActivity}: 1920.0x1200.0 / config={1.0 ?mcc?mnc en_US ldltr sw800dp w1280dp h800dp 240dpi xlrg land finger -keyb/v/h -nav/h s.4} overrideConfig={1.0 ?mcc?mnc ?locale ?layoutDir ?swdp ?wdp ?hdp ?density ?lsize ?long ?orien ?uimode ?night ?touch ?keyb/?/? ?nav/?}
12-16 13:52:37.043   569  2572 I WindowState: Resizing Window{1146248 u0 com.roboteam.teamy.usa/com.roboteam.teamy.home.HomeActivity} WITH DRAW PENDING
12-16 13:52:37.044   569   590 E WindowManager: Unknown window type: 2999
12-16 13:52:37.048   897  1676 D Surface : Surface::final mReqUsage=a00
12-16 13:52:37.048   897  1676 D mali_winsys: EGLint new_window_surface(egl_winsys_display*, void*, EGLSurface, EGLConfig, egl_winsys_surface**, egl_color_buffer_format*, EGLBoolean) returns 0x3000
12-16 13:52:37.056   187   801 D gralloc : Isfb=0, [1920,1200,1920,7680], fmt=1, byte_stride=7680
12-16 13:52:37.060   569   590 E WindowManager: Unknown window type: 2999
12-16 13:52:37.064   187   801 D gralloc : Isfb=0, [1920,1200,1920,7680], fmt=1, byte_stride=7680
12-16 13:52:37.071   187   801 D gralloc : Isfb=0, [1920,1200,1920,7680], fmt=1, byte_stride=7680
12-16 13:52:37.078   569   590 E WindowManager: Unknown window type: 2999
12-16 13:52:37.095   569   590 E WindowManager: Unknown window type: 2999
12-16 13:52:37.098   569   581 V WindowManager: Done at AppWindowToken{c94a2d5 token=Token{6826b8c ActivityRecord{6d198bf u0 com.roboteam.teamy.usa/com.roboteam.teamy.home.HomeActivity t230}}} -- full screen, return 0
12-16 13:52:37.098   569   581 V WindowManager: Eval win Window{1146248 u0 com.roboteam.teamy.usa/com.roboteam.teamy.home.HomeActivity}: isDrawn=false, isAnimating=true
12-16 13:52:37.098   569   581 V WindowManager: Not displayed: s=Surface(name=com.roboteam.teamy.usa/com.roboteam.teamy.home.HomeActivity) pv=true mDrawState=DRAW_PENDING ah=false th=false a=true
12-16 13:52:37.103   897   897 W PathParser: Points are too far apart 4.0088684254599345
12-16 13:52:37.113   569   590 E WindowManager: Unknown window type: 2999
12-16 13:52:37.131   569   590 E WindowManager: Unknown window type: 2999
12-16 13:52:37.149   569   590 E WindowManager: Unknown window type: 2999
12-16 13:52:37.167   569   590 E WindowManager: Unknown window type: 2999
12-16 13:52:37.184   569   590 E WindowManager: Unknown window type: 2999
12-16 13:52:37.201   569   590 E WindowManager: Unknown window type: 2999
12-16 13:52:37.219   569   590 E WindowManager: Unknown window type: 2999
12-16 13:52:37.237   569   590 E WindowManager: Unknown window type: 2999
12-16 13:52:37.251   897  1676 V RenderScript: 0xb8b310c0 Launching thread(s), CPUs 4
12-16 13:52:37.255   569   590 E WindowManager: Unknown window type: 2999
12-16 13:52:37.272   569   590 E WindowManager: Unknown window type: 2999
12-16 13:52:37.290   569   590 E WindowManager: Unknown window type: 2999
12-16 13:52:37.308   569   590 E WindowManager: Unknown window type: 2999
12-16 13:52:37.325   569   590 E WindowManager: Unknown window type: 2999
12-16 13:52:37.330   187  2739 D gralloc : Isfb=0, [1200,1920,1200,4800], fmt=1, byte_stride=4800
12-16 13:52:37.341   187   801 D gralloc : Isfb=0, [1200,1920,1200,4800], fmt=1, byte_stride=4800
12-16 13:52:37.343   569   895 V WindowStateAnimator: finishDrawingLocked: mDrawState=COMMIT_DRAW_PENDING WindowStateAnimator{95d677f com.roboteam.teamy.usa/com.roboteam.teamy.home.HomeActivity} in Surface(name=com.roboteam.teamy.usa/com.roboteam.teamy.home.HomeActivity)
12-16 13:52:37.343   569   590 E WindowManager: Unknown window type: 2999
12-16 13:52:37.344   569   590 V WindowManager: Eval win Window{1146248 u0 com.roboteam.teamy.usa/com.roboteam.teamy.home.HomeActivity}: isDrawn=true, isAnimating=true
12-16 13:52:37.344   569   590 V WindowManager: tokenMayBeDrawn: AppWindowToken{c94a2d5 token=Token{6826b8c ActivityRecord{6d198bf u0 com.roboteam.teamy.usa/com.roboteam.teamy.home.HomeActivity t230}}} freezingScreen=false mAppFreezing=false
