01-01 22:30:35.922   569   590 V WindowManager: Not displayed: s=Surface(name=com.roboteam.teamy.usa/com.roboteam.teamy.boot.BootActivity) pv=false mDrawState=DRAW_PENDING ah=false th=false a=false
01-01 22:30:35.922   569   590 V WindowManager: Eval win Window{175e319 u0 com.roboteam.teamy.usa/com.roboteam.teamy.home.HomeActivity}: isDrawn=false, isAnimating=false
01-01 22:30:35.922   569   590 V WindowManager: Not displayed: s=null pv=false mDrawState=NO_SURFACE ah=false th=true a=false
01-01 22:30:35.922   187   201 D gralloc : Isfb=0, [1920,1200,1920,7680], fmt=1, byte_stride=7680
01-01 22:30:35.934   187   201 D gralloc : Isfb=0, [1920,1200,1920,7680], fmt=1, byte_stride=7680
01-01 22:30:35.939   569   590 E WindowManager: Unknown window type: 2999
01-01 22:30:35.946   187   201 D gralloc : Isfb=0, [1920,1200,1920,7680], fmt=1, byte_stride=7680
01-01 22:30:36.050   569   585 V KeyguardServiceDelegate: *** Keyguard started
01-01 22:30:36.050   569   585 W KeyguardServiceDelegate: onScreenTurningOn(): no keyguard service!
01-01 22:30:36.063   569   569 V KeyguardServiceDelegate: *** Keyguard connected (yay!)
01-01 22:30:36.093   569   581 V KeyguardServiceDelegate: **** SHOWN CALLED ****
01-01 22:30:36.093   569   590 V WindowManager: Resize reasons for w=Window{c8ee101 u0 KeyguardScrim}:  contentInsetsChanged=true [0,0][0,0] visibleInsetsChanged=false [0,0][0,0] stableInsetsChanged=false [0,0][0,0] outsetsChanged=false [0,0][0,0] surfaceResized=false configChanged=false
01-01 22:30:36.094   569   590 V WindowManager: Changing surface while display frozen: Window{c8ee101 u0 KeyguardScrim}
01-01 22:30:36.094   569   590 V WindowManager: Orientation start waiting for draw mDrawState=DRAW_PENDING in Window{c8ee101 u0 KeyguardScrim}, surface Surface(name=KeyguardScrim_Force_To_Dual)
01-01 22:30:36.094   569   590 V WindowManager: Resizing window Window{c8ee101 u0 KeyguardScrim} to 1920.0x1200.0
01-01 22:30:36.094   569   590 V WindowManager: Eval win Window{6b5a5a2 u0 com.roboteam.teamy.usa/com.roboteam.teamy.boot.BootActivity}: isDrawn=false, isAnimating=false
01-01 22:30:36.094   569   590 V WindowManager: Not displayed: s=Surface(name=com.roboteam.teamy.usa/com.roboteam.teamy.boot.BootActivity) pv=false mDrawState=DRAW_PENDING ah=false th=false a=false
01-01 22:30:36.094   569   590 V WindowManager: Eval win Window{175e319 u0 com.roboteam.teamy.usa/com.roboteam.teamy.home.HomeActivity}: isDrawn=false, isAnimating=false
01-01 22:30:36.094   569   590 V WindowManager: Not displayed: s=null pv=false mDrawState=NO_SURFACE ah=false th=true a=false
01-01 22:30:36.094   569   590 V WindowState: Reporting new frame to Window{c8ee101 u0 KeyguardScrim}: Rect(0, 0 - 1920, 1200)
01-01 22:30:36.094   569   590 I WindowState: Resizing Window{c8ee101 u0 KeyguardScrim} WITH DRAW PENDING
01-01 22:30:36.098   569   590 E WindowManager: Unknown window type: 2999
01-01 22:30:36.098   569   590 I WindowManager:   SURFACE SHOW (performShowLocked): Window{fa545bf u0 com.roboteam.teamy.usa}
01-01 22:30:36.098   569   590 V WindowStateAnimator: Orientation continue waiting for draw in Window{c8ee101 u0 KeyguardScrim}
01-01 22:30:36.099   569   569 V WindowManager: Done at AppWindowToken{3315af4 token=Token{fc284c7 ActivityRecord{9e7b606 u0 com.roboteam.teamy.usa/com.roboteam.teamy.boot.BootActivity t240}}} -- full screen, return 0
01-01 22:30:36.099   569   569 V WindowManager: Deferring rotation, display is not enabled.
01-01 22:30:36.099   869   869 D PhoneStatusBar: disable: < expand* icons alerts system_info back* home* recent* clock search* quick_settings >
01-01 22:30:36.099   569   569 V WindowManager: Eval win Window{6b5a5a2 u0 com.roboteam.teamy.usa/com.roboteam.teamy.boot.BootActivity}: isDrawn=false, isAnimating=false
01-01 22:30:36.099   569   569 V WindowManager: Not displayed: s=Surface(name=com.roboteam.teamy.usa/com.roboteam.teamy.boot.BootActivity) pv=true mDrawState=DRAW_PENDING ah=false th=false a=false
01-01 22:30:36.099   569   569 V WindowManager: Eval win Window{175e319 u0 com.roboteam.teamy.usa/com.roboteam.teamy.home.HomeActivity}: isDrawn=false, isAnimating=false
01-01 22:30:36.099   569   569 V WindowManager: Not displayed: s=null pv=true mDrawState=NO_SURFACE ah=false th=true a=false
01-01 22:30:36.116   569   590 E WindowManager: Unknown window type: 2999
01-01 22:30:36.116   569   590 V WindowStateAnimator: Orientation change skips hidden Window{c8ee101 u0 KeyguardScrim}
01-01 22:30:36.116   569   590 V WindowManager: Eval win Window{6b5a5a2 u0 com.roboteam.teamy.usa/com.roboteam.teamy.boot.BootActivity}: isDrawn=false, isAnimating=false
01-01 22:30:36.116   569   590 V WindowManager: Not displayed: s=Surface(name=com.roboteam.teamy.usa/com.roboteam.teamy.boot.BootActivity) pv=true mDrawState=DRAW_PENDING ah=false th=false a=false
01-01 22:30:36.116   569   590 V WindowManager: Eval win Window{175e319 u0 com.roboteam.teamy.usa/com.roboteam.teamy.home.HomeActivity}: isDrawn=false, isAnimating=false
01-01 22:30:36.116   569   590 V WindowManager: Not displayed: s=null pv=true mDrawState=NO_SURFACE ah=false th=true a=false
01-01 22:30:36.133   569   590 E WindowManager: Unknown window type: 2999
01-01 22:30:36.191  1219  1219 V UserPresentBroadcastReceiver: Received Intent { act=android.intent.action.USER_PRESENT flg=0x24000010 cmp=com.google.android.gms/.trustagent.UserPresentBroadcastReceiver }.
01-01 22:30:36.314   187   822 D gralloc : Isfb=0, [1200,1920,1200,4800], fmt=1, byte_stride=4800
01-01 22:30:36.367   187   820 D gralloc : Isfb=0, [1200,1920,1200,4800], fmt=1, byte_stride=4800
01-01 22:30:36.369   569   920 V WindowStateAnimator: finishDrawingLocked: mDrawState=COMMIT_DRAW_PENDING WindowStateAnimator{11b1233 com.roboteam.teamy.usa/com.roboteam.teamy.boot.BootActivity} in Surface(name=com.roboteam.teamy.usa/com.roboteam.teamy.boot.BootActivity)
01-01 22:30:36.369   569   590 V WindowManager: Eval win Window{6b5a5a2 u0 com.roboteam.teamy.usa/com.roboteam.teamy.boot.BootActivity}: isDrawn=true, isAnimating=false
01-01 22:30:36.370   569   590 V WindowManager: tokenMayBeDrawn: AppWindowToken{3315af4 token=Token{fc284c7 ActivityRecord{9e7b606 u0 com.roboteam.teamy.usa/com.roboteam.teamy.boot.BootActivity t240}}} freezingScreen=false mAppFreezing=false
01-01 22:30:36.370   569   590 V WindowManager: Eval win Window{175e319 u0 com.roboteam.teamy.usa/com.roboteam.teamy.home.HomeActivity}: isDrawn=false, isAnimating=false
01-01 22:30:36.370   569   590 V WindowManager: Not displayed: s=null pv=true mDrawState=NO_SURFACE ah=false th=true a=false
01-01 22:30:36.371   569   590 I WindowManager:   SURFACE SHOW (performShowLocked): Window{6b5a5a2 u0 com.roboteam.teamy.usa/com.roboteam.teamy.boot.BootActivity}
01-01 22:30:36.372   569   590 V WindowManager: Eval win Window{175e319 u0 com.roboteam.teamy.usa/com.roboteam.teamy.home.HomeActivity}: isDrawn=false, isAnimating=false
01-01 22:30:36.372   569   590 V WindowManager: Not displayed: s=null pv=true mDrawState=NO_SURFACE ah=false th=true a=false
01-01 22:30:36.373   569   590 I WindowManager: ******* TELLING SURFACE FLINGER WE ARE BOOTED!
01-01 22:30:36.373   187   822 I SurfaceFlinger: Boot is finished (35060 ms)
01-01 22:30:36.400   569   590 I ActivityManager: Displayed com.roboteam.teamy.usa/com.roboteam.teamy.boot.BootActivity: +1s918ms
01-01 22:30:36.401   569   590 E WindowManager: Unknown window type: 2999
01-01 22:30:36.401   569   590 V WindowManager: Eval win Window{175e319 u0 com.roboteam.teamy.usa/com.roboteam.teamy.home.HomeActivity}: isDrawn=false, isAnimating=false
01-01 22:30:36.401   569   590 V WindowManager: Not displayed: s=null pv=true mDrawState=NO_SURFACE ah=false th=true a=false
01-01 22:30:36.417   569   590 E WindowManager: Unknown window type: 2999
01-01 22:30:36.438  1219  1691 I Scheduler: Use legacy PeriodicScheduler
01-01 22:30:36.445  1219  1691 I Scheduler: Cleaning up unwanted schedulers, if there are any.
01-01 22:30:36.606   187   820 D gralloc : Isfb=0, [1200,1920,1200,4800], fmt=1, byte_stride=4800
01-01 22:30:36.734   569   890 V WindowManager: setAppVisibility(Token{c94a2d5 ActivityRecord{6826b8c u0 com.roboteam.teamy.usa/com.roboteam.teamy.home.HomeActivity t239}}, visible=false): mNextAppTransition=TRANSIT_UNSET hidden=true hiddenRequested=true Callers=com.android.server.am.ActivityStack.stopActivityLocked:2764 com.android.server.am.ActivityStackSupervisor.activityIdleInternalLocked:2602 com.android.server.am.ActivityManagerService.activityIdle:6579 android.app.ActivityManagerNative.onTransact:522 com.android.server.am.ActivityManagerService.onTransact:2687 android.os.Binder.execTransact:453 
01-01 22:30:36.799   569   580 D WifiService: setWifiEnabled: true pid=892, uid=1000
01-01 22:30:36.799   569   580 E WifiService: Invoking mWifiStateMachine.setWifiEnabled
01-01 22:30:36.897   569  1409 V WindowManager: Done at AppWindowToken{3315af4 token=Token{fc284c7 ActivityRecord{9e7b606 u0 com.roboteam.teamy.usa/com.roboteam.teamy.boot.BootActivity t240}}} -- full screen, return 0
01-01 22:30:36.897   569  1409 V WindowManager: Eval win Window{175e319 u0 com.roboteam.teamy.usa/com.roboteam.teamy.home.HomeActivity}: isDrawn=false, isAnimating=false
01-01 22:30:36.897   569  1409 V WindowManager: Not displayed: s=null pv=true mDrawState=NO_SURFACE ah=false th=true a=false
01-01 22:30:36.912   569   590 E WindowManager: Unknown window type: 2999
01-01 22:30:37.103   569   590 I SystemServiceManager: Starting phase 1000
01-01 22:30:37.115   569   590 I ActivityManager: Start proc 1845:com.android.bluetooth/1002 for on-hold
01-01 22:30:37.118   569   590 V WindowManager: updateRotationUnchecked(alwaysSendConfiguration=true)
01-01 22:30:37.118   569   590 V WindowManager: Application requested orientation 0, got rotation 1 which has compatible metrics
01-01 22:30:37.118   569   590 V WindowManager: Eval win Window{175e319 u0 com.roboteam.teamy.usa/com.roboteam.teamy.home.HomeActivity}: isDrawn=false, isAnimating=false
01-01 22:30:37.118   569   590 V WindowManager: Not displayed: s=null pv=true mDrawState=NO_SURFACE ah=false th=true a=false
01-01 22:30:37.120   569   590 V WindowManager: Eval win Window{175e319 u0 com.roboteam.teamy.usa/com.roboteam.teamy.home.HomeActivity}: isDrawn=false, isAnimating=false
01-01 22:30:37.120   569   590 V WindowManager: Not displayed: s=null pv=true mDrawState=NO_SURFACE ah=false th=true a=false
01-01 22:30:37.121   569   590 V WindowManager: updateRotationUnchecked(alwaysSendConfiguration=false)
01-01 22:30:37.121   569   590 V WindowManager: Application requested orientation 0, got rotation 1 which has compatible metrics
01-01 22:30:37.121   569   590 V WindowManager: Eval win Window{175e319 u0 com.roboteam.teamy.usa/com.roboteam.teamy.home.HomeActivity}: isDrawn=false, isAnimating=false
01-01 22:30:37.121   569   590 V WindowManager: Not displayed: s=null pv=true mDrawState=NO_SURFACE ah=false th=true a=false
01-01 22:30:37.124   569   590 E WindowManager: Unknown window type: 2999
01-01 22:30:37.133   569   569 D ZenLog  : intercepted: -1|android|17040349|null|1000,alarmsOnly
01-01 22:30:37.133   569   569 V NotificationService: pkg=android canInterrupt=false intercept=true
01-01 22:30:37.133   569   569 D Tethering: ACTION_USB_STATE received, usbConnected=true, mRndisEnabled=false
01-01 22:30:37.177   569  1858 I ActivityManager: Start proc 1860:com.android.keychain/1000 for service com.android.keychain/.KeyChainService
01-01 22:30:37.180   869   869 I ndroid.systemui: type=1400 audit(0.0:16): avc: denied { write } for name="property_service" dev="tmpfs" ino=8485 scontext=u:r:platform_app:s0:c512,c768 tcontext=u:object_r:property_socket:s0 tclass=sock_file permissive=1
01-01 22:30:37.193   869   869 V KeyguardUpdateMonitor: kkkkkk stop service.copyfile == 0 
01-01 22:30:37.195   869  1304 D KeyboardUI: kkkkkkkkk   Enter onBootCompletedInternal() call playSound() ----
01-01 22:30:37.195   869  1304 D KeyboardUI: kkkkkkkkk   keyboardUI.cpp -- Enter playSound ()----
01-01 22:30:37.195   869  1304 D KeyboardUI: kkkkkkkkk   playSound ()----mLockSounds.play()
01-01 22:30:37.195  1255  1255 D RKUpdateReceiver: action = android.hardware.usb.action.USB_STATE
01-01 22:30:37.201   569  1875 I RecoverySystem: No recovery log file
01-01 22:30:37.203   869  1304 W AudioTrack: AUDIO_OUTPUT_FLAG_FAST denied by client; transfer 4, track 44100 Hz, output 48000 Hz
01-01 22:30:37.244   234   316 D AudioHardwareTiny: start_output_stream
01-01 22:30:37.244   234   316 D alsa_route: route_info->sound_card 0, route_info->devices 0  
01-01 22:30:37.244   234   316 D alsa_route: route_set_controls() set route 0
01-01 22:30:37.250   569  1875 I BootReceiver: Copying audit failures to DropBox
01-01 22:30:37.250   569  1875 I BootReceiver: Checking for fsck errors
01-01 22:30:37.257  1860  1860 W System  : ClassLoader referenced unknown path: /system/app/KeyChain/lib/arm
01-01 22:30:37.402   569  1859 W Searchables: No global search activity found
01-01 22:30:37.412  1617  1617 E DisplayOutputManager: Error listing main interfaces :java.lang.NullPointerException: Attempt to get length of null array
01-01 22:30:37.413  1617  1617 E DisplayOutputManager: Error listing aux interfaces :java.lang.NullPointerException: Attempt to get length of null array
01-01 22:30:37.413  1617  1617 E DisplayOutputManager: There is no display interface.
01-01 22:30:37.413  1617  1617 D HdmiReceiver: hdmi receiver action=android.intent.action.BOOT_COMPLETED
01-01 22:30:37.413  1617  1617 D HdmiReceiver: BOOT_COMPLETED
01-01 22:30:37.418  1539  1539 D MtpService: starting MTP server in MTP mode
01-01 22:30:37.420  1617  1617 D CABC    : isOpen=false
01-01 22:30:37.423  1539  1539 D MtpService: Adding MTP storage 0x10001 at /storage/emulated/0
01-01 22:30:37.423  1617  1617 W System.err: java.io.FileNotFoundException: /sys/class/graphics/fb0/cabc: open failed: EACCES (Permission denied)
01-01 22:30:37.423  1617  1617 W System.err: 	at libcore.io.IoBridge.open(IoBridge.java:452)
01-01 22:30:37.423  1617  1617 W System.err: 	at java.io.FileOutputStream.<init>(FileOutputStream.java:87)
01-01 22:30:37.423  1617  1617 W System.err: 	at java.io.FileOutputStream.<init>(FileOutputStream.java:72)
01-01 22:30:37.424  1617  1617 W System.err: 	at com.android.settings.CABCReceiver.setCABC(CABCReceiver.java:59)
01-01 22:30:37.424  1617  1617 W System.err: 	at com.android.settings.CABCReceiver.onReceive(CABCReceiver.java:43)
01-01 22:30:37.424  1617  1617 W System.err: 	at android.app.ActivityThread.handleReceiver(ActivityThread.java:2725)
01-01 22:30:37.424  1617  1617 W System.err: 	at android.app.ActivityThread.-wrap14(ActivityThread.java)
01-01 22:30:37.424  1617  1617 W System.err: 	at android.app.ActivityThread$H.handleMessage(ActivityThread.java:1421)
01-01 22:30:37.424  1617  1617 W System.err: 	at android.os.Handler.dispatchMessage(Handler.java:102)
01-01 22:30:37.424  1617  1617 W System.err: 	at android.os.Looper.loop(Looper.java:148)
01-01 22:30:37.424  1617  1617 W System.err: 	at android.app.ActivityThread.main(ActivityThread.java:5417)
01-01 22:30:37.424  1617  1617 W System.err: 	at java.lang.reflect.Method.invoke(Native Method)
01-01 22:30:37.424  1617  1617 W System.err: 	at com.android.internal.os.ZygoteInit$MethodAndArgsCaller.run(ZygoteInit.java:772)
01-01 22:30:37.424  1617  1617 W System.err: 	at com.android.internal.os.ZygoteInit.main(ZygoteInit.java:662)
01-01 22:30:37.424  1617  1617 W System.err: Caused by: android.system.ErrnoException: open failed: EACCES (Permission denied)
01-01 22:30:37.424  1617  1617 W System.err: 	at libcore.io.Posix.open(Native Method)
01-01 22:30:37.424  1617  1617 W System.err: 	at libcore.io.BlockGuardOs.open(BlockGuardOs.java:186)
01-01 22:30:37.424  1617  1617 W System.err: 	at libcore.io.IoBridge.open(IoBridge.java:438)
01-01 22:30:37.424  1617  1617 W System.err: 	... 13 more
01-01 22:30:37.451   847   847 D StressTest: =========onReceive===rebootFlag:0
01-01 22:30:37.581  1219  1219 D PersistentNotificationChimeraBroadcastReceiver: Received intent: Intent { act=android.intent.action.BOOT_COMPLETED flg=0x8000010 cmp=com.google.android.gms/.auth.setup.notification.PersistentNotificationBroadcastReceiver (has extras) }
01-01 22:30:37.601  1738  1889 E LoadManifestTask: Can't find Chimera operation impl class com.google.android.gms.auth.account.be.recovery.AccountRecoveryInitIntentOperation dropping operation
01-01 22:30:37.601  1738  1889 E LoadManifestTask: java.lang.ClassNotFoundException: Didn't find class "com.google.android.gms.auth.account.be.recovery.AccountRecoveryInitIntentOperation" on path: DexPathList[[zip file "/system/framework/com.android.location.provider.jar", zip file "/system/framework/com.android.media.remotedisplay.jar", zip file "/system/priv-app/GMSCore/GMSCore.apk"],nativeLibraryDirectories=[/system/priv-app/GMSCore/lib/arm, /system/priv-app/GMSCore/GMSCore.apk!/lib/armeabi-v7a, /vendor/lib, /system/lib]]
01-01 22:30:37.601  1738  1889 E LoadManifestTask: 	at dalvik.system.BaseDexClassLoader.findClass(BaseDexClassLoader.java:56)
01-01 22:30:37.601  1738  1889 E LoadManifestTask: 	at java.lang.ClassLoader.loadClass(ClassLoader.java:511)
01-01 22:30:37.601  1738  1889 E LoadManifestTask: 	at java.lang.ClassLoader.loadClass(ClassLoader.java:469)
01-01 22:30:37.601  1738  1889 E LoadManifestTask: 	at bfs.run(SourceFile:1773)
01-01 22:30:37.601  1738  1889 E LoadManifestTask: 	at java.util.concurrent.ThreadPoolExecutor.runWorker(ThreadPoolExecutor.java:1113)
01-01 22:30:37.601  1738  1889 E LoadManifestTask: 	at java.util.concurrent.ThreadPoolExecutor$Worker.run(ThreadPoolExecutor.java:588)
01-01 22:30:37.601  1738  1889 E LoadManifestTask: 	at java.lang.Thread.run(Thread.java:818)
01-01 22:30:37.601  1738  1889 E LoadManifestTask: 	Suppressed: java.lang.ClassNotFoundException: com.google.android.gms.auth.account.be.recovery.AccountRecoveryInitIntentOperation
01-01 22:30:37.601  1738  1889 E LoadManifestTask: 		at java.lang.Class.classForName(Native Method)
01-01 22:30:37.601  1738  1889 E LoadManifestTask: 		at java.lang.BootClassLoader.findClass(ClassLoader.java:781)
01-01 22:30:37.601  1738  1889 E LoadManifestTask: 		at java.lang.BootClassLoader.loadClass(ClassLoader.java:841)
01-01 22:30:37.601  1738  1889 E LoadManifestTask: 		at java.lang.ClassLoader.loadClass(ClassLoader.java:504)
01-01 22:30:37.601  1738  1889 E LoadManifestTask: 		... 5 more
01-01 22:30:37.601  1738  1889 E LoadManifestTask: 	Caused by: java.lang.NoClassDefFoundError: Class not found using the boot class loader; no stack trace available
01-01 22:30:37.616  1845  1845 D AdapterServiceConfig: Adding A2dpSinkService
01-01 22:30:37.616  1845  1845 D AdapterServiceConfig: Adding HidService
01-01 22:30:37.616  1845  1845 D AdapterServiceConfig: Adding HealthService
01-01 22:30:37.616  1845  1845 D AdapterServiceConfig: Adding PanService
01-01 22:30:37.616  1845  1845 D AdapterServiceConfig: Adding GattService
01-01 22:30:37.616  1845  1845 D AdapterServiceConfig: Adding HeadsetClientService
01-01 22:30:37.616  1845  1845 D AdapterServiceConfig: Adding AvrcpControllerService
01-01 22:30:37.641  1738  1887 D FileApkUtils: Optimizing (staging complete)
01-01 22:30:37.642  1738  1887 D FileApkUtils: Optimizing: DynamiteModulesA_GmsCore_prodmnc_xhdpi_release.apk [28bb7d0a3294b0b8b1e7dfffd4b771e0511a1b9d2b9f2732ecb9e4c2eb81a1b2]
01-01 22:30:37.643  1738  1887 D DexOptUtils: Module /data/user/0/com.google.android.gms/app_chimera/m/00000000/DynamiteModulesA_GmsCore_prodmnc_xhdpi_release.apk is already optimized. Bailing.
01-01 22:30:37.643  1738  1887 D FileApkUtils: Optimizing: DynamiteModulesC_GmsCore_prodmnc_xhdpi_release.apk [ea78df0ad3d8f58f9577c8e426f1ef4cb9e3f6099badef2b88175f23b8a5ff03]
01-01 22:30:37.669   569   903 I ActivityManager: Start proc 1892:com.android.managedprovisioning/u0a8 for broadcast com.android.managedprovisioning/.BootReminder
01-01 22:30:37.761  1738  1887 D DexOptUtils: Module /data/user/0/com.google.android.gms/app_chimera/m/00000002/DynamiteModulesC_GmsCore_prodmnc_xhdpi_release.apk is already optimized. Bailing.
01-01 22:30:37.761  1738  1887 D FileApkUtils: Optimizing: DynamiteModulesB_GmsCore_prodmnc_xhdpi_release.apk [fdddbd546e514cb5293398a8239137763e97647767d6b423d3c205f19ac2df10]
01-01 22:30:37.839  1892  1892 W System  : ClassLoader referenced unknown path: /system/priv-app/ManagedProvisioning/lib/arm
01-01 22:30:37.902  1738  1887 D DexOptUtils: Module /data/user/0/com.google.android.gms/app_chimera/m/00000001/DynamiteModulesB_GmsCore_prodmnc_xhdpi_release.apk is already optimized. Bailing.
01-01 22:30:37.942   569   586 W art     : Long monitor contention event with owner method=void com.android.server.am.ActivityManagerService.attachApplication(android.app.IApplicationThread) from ActivityManagerService.java:6564 waiters=3 for 138ms
01-01 22:30:37.943   569   580 W art     : Long monitor contention event with owner method=void com.android.server.am.ActivityManagerService.attachApplication(android.app.IApplicationThread) from ActivityManagerService.java:6564 waiters=2 for 138ms
01-01 22:30:37.959  1738  1887 D GmsModuleFndr: Beginning GMS chimera module scan
01-01 22:30:37.962  1738  1887 D GmsModuleFndr: Module pkg com.google.android.apps.kids.familylinkmanager not installed, skipping
01-01 22:30:37.962  1738  1887 D GmsModuleFndr: Module pkg com.google.android.gms.policy_test_support not installed, skipping
01-01 22:30:37.963  1738  1887 D GmsModuleFndr: Module pkg com.google.android.apps.kids.familylink not installed, skipping
01-01 22:30:37.963  1738  1887 D GmsModuleFndr: Module pkg com.google.android.play.games not installed, skipping
01-01 22:30:37.967  1738  1887 D ChimeraCfgMgr: Beginning module configuration check
01-01 22:30:37.978  1738  1887 D ChimeraCfgMgr: Module APKs unchanged, check complete
01-01 22:30:37.995   569   589 D BluetoothManagerService: Added callback: android.bluetooth.IBluetoothManagerCallback$Stub$Proxy@b225ffe:true
01-01 22:30:37.995  1845  1845 D BluetoothAdapterState: make() - Creating AdapterState
01-01 22:30:38.004  1845  1845 I bt_bluedroid: init
01-01 22:30:38.005  1845  1911 I BluetoothAdapterState: Entering OffState
01-01 22:30:38.007  1845  1912 I bt_bte_conf: bte_load_ble_conf attempt to load ble stack conf from /etc/bluetooth/ble_stack.conf
01-01 22:30:38.008  1845  1912 E bt_osi_config: config_new unable to open file '/etc/bluetooth/ble_stack.conf': No such file or directory
01-01 22:30:38.008  1845  1912 I bt_bte_conf: bte_load_ble_conf file >/etc/bluetooth/ble_stack.conf< not found
01-01 22:30:38.008  1845  1912 I bt_stack_config: init attempt to load stack conf from /etc/bluetooth/bt_stack.conf
01-01 22:30:38.009  1845  1912 E bt_btif : Get local bdaddr from vflash
01-01 22:30:38.009  1845  1912 E bt_btif : btif_fetch_local_bdaddr, local bdaddr is stored in /data/misc/bluetooth/bdaddr
01-01 22:30:38.038  1845  1912 E bt_btif : btif_fetch_local_bdaddr: Got Factory BDA cc:4b:73:82:30:51
01-01 22:30:38.038  1845  1845 I bt_bluedroid: get_profile_interface socket
01-01 22:30:38.040  1845  1915 D BluetoothAdapterProperties: Address is:CC:4B:73:82:30:51
01-01 22:30:38.040  1845  1845 I bt_bluedroid: get_profile_interface sdp
01-01 22:30:38.041  1845  1915 D BluetoothAdapterProperties: Name is: Brandon's temi
01-01 22:30:38.042  1845  1857 I bt_bluedroid: config_hci_snoop_log
01-01 22:30:38.050   569   589 D BluetoothManagerService: Broadcasting onBluetoothServiceUp() to 6 receivers.
01-01 22:30:38.053  1845  1911 D BluetoothAdapterState: Current state: OFF, message: 0
01-01 22:30:38.053  1845  1911 D BluetoothAdapterProperties: Setting state to 14
01-01 22:30:38.053  1845  1911 I BluetoothAdapterState: Bluetooth adapter state changed: 10-> 14
01-01 22:30:38.054  1845  1911 D BluetoothBondStateMachine: make
01-01 22:30:38.056  1845  1916 I BluetoothBondStateMachine: StableState(): Entering Off State
01-01 22:30:38.058  1845  1911 I BluetoothAdapterState: Entering PendingCommandState
01-01 22:30:38.059  1845  1845 I BtGatt.JNI: classInitNative(L912): classInitNative: Success!
01-01 22:30:38.061  1845  1845 D BluetoothAdapterService: getAdapterService() - returning com.android.bluetooth.btservice.AdapterService@d7f3250
01-01 22:30:38.061  1845  1845 D BtGatt.DebugUtils: handleDebugAction() action=null
01-01 22:30:38.062  1845  1845 D BtGatt.GattService: Received start request. Starting profile...
01-01 22:30:38.062  1845  1845 D BtGatt.GattService: start()
01-01 22:30:38.062  1845  1845 I bt_bluedroid: get_profile_interface gatt
01-01 22:30:38.063  1845  1845 D BluetoothAdapterService: getAdapterService() - returning com.android.bluetooth.btservice.AdapterService@d7f3250
01-01 22:30:38.063  1845  1845 D BtGatt.AdvertiseManager: advertise manager created
01-01 22:30:38.068  1845  1845 V BluetoothAdapterState: isTurningOff()=false
01-01 22:30:38.068  1845  1845 V BluetoothAdapterState: isTurningOn()=false
01-01 22:30:38.068  1845  1845 V BluetoothAdapterState: isBleTurningOn()=true
01-01 22:30:38.068  1845  1845 V BluetoothAdapterState: isBleTurningOff()=false
01-01 22:30:38.069  1845  1911 D BluetoothAdapterState: Current state: PENDING_COMMAND, message: 4
01-01 22:30:38.071  1845  1911 I bt_bluedroid: bt_bluedroid
01-01 22:30:38.071  1845  1912 D bt_stack_manager: event_start_up_stack is bringing up the stack.
01-01 22:30:38.071  1845  1912 I bt_hci  : start_up
01-01 22:30:38.074  1845  1912 D WifiHW  : check_wifi_chip_type_string: AP6335
01-01 22:30:38.074  1845  1912 D bt_vendor: vendor_open load libbt-vendor.so
01-01 22:30:38.084  1845  1912 I bt_vendor: alloc value 0xa1ef3829
01-01 22:30:38.084  1845  1912 I bt_vendor: init
01-01 22:30:38.084  1845  1912 I bt_vnd_conf: Attempt to load conf from /etc/bluetooth/bt_vendor.conf
01-01 22:30:38.085  1845  1912 I bt_hci  : start_up bluetooth_rtk_h5_flag :0
01-01 22:30:38.107  1845  1912 D bt_upio : Delay 500ms for bluetooth power up
01-01 22:30:38.111   569   581 I ActivityManager: Start proc 1921:com.android.onetimeinitializer/u0a9 for broadcast com.android.onetimeinitializer/.OneTimeInitializerReceiver
01-01 22:30:38.281  1921  1921 W System  : ClassLoader referenced unknown path: /system/priv-app/OneTimeInitializer/lib/arm
01-01 22:30:38.285  1921  1921 V OneTimeInitializerRece: OneTimeInitializerReceiver.onReceive
01-01 22:30:38.306   569  1414 I ActivityManager: Start proc 1940:com.google.android.inputmethod.pinyin/u0a25 for broadcast com.google.android.inputmethod.pinyin/com.google.android.apps.inputmethod.libs.framework.core.LauncherIconVisibilityInitializer
01-01 22:30:38.411  1940  1940 W System  : ClassLoader referenced unknown path: /system/app/GoogleInput/lib/arm
01-01 22:30:38.672  1738  1890 W InstanceID/Rpc: Found 10006
01-01 22:30:38.704  1738  1890 D AuthInitIntentOperation: Initializing Auth, action is android.intent.action.BOOT_COMPLETED ,InitRuntimeState=2
01-01 22:30:38.725  1738  1890 W Auth    : [FRP,FrpUpdateIntentService] Received invalid intent action: com.google.android.gms.auth.ACTION_INVALID
01-01 22:30:38.732  1219  1219 I Auth    : [AuthDelegateWrapper] Service intent: Intent { cmp=com.google.android.gms/.auth.account.authenticator.DefaultAuthDelegateService }.
01-01 22:30:38.737  1219  1219 I Auth    : [AuthDelegateWrapper] Service intent: Intent { cmp=com.google.android.gms/.auth.account.authenticator.DefaultAuthDelegateService }.
01-01 22:30:38.746  1219  1219 I Auth    : [AuthDelegateWrapper] Service intent: Intent { cmp=com.google.android.gms/.auth.account.authenticator.DefaultAuthDelegateService }.
01-01 22:30:38.747  1845  1912 D bt_upio : Delay 500ms for bluetooth power up
01-01 22:30:38.751  1219  1989 W WakefulBroadcastReceiver: No active wake lock id #1
01-01 22:30:38.755  1539  1910 W MediaScanner: Error opening directory '/oem/media/', skipping: No such file or directory.
01-01 22:30:38.785  1738  1890 D AccountStateSyncAdapterInitIntentOperation: Initializing AccountStateSyncAdapter, action is android.intent.action.BOOT_COMPLETED ,InitRuntimeState=2
01-01 22:30:38.785  1738  1890 D AuthZenInitIntentOperation: Initializing Authzen, action is android.intent.action.BOOT_COMPLETED ,InitRuntimeState=2
01-01 22:30:38.787  1738  1890 D EasyUnlockInitOp: Initializing EasyUnlock, InitRuntimeState=2
01-01 22:30:38.800  1738  1991 V AuthZen : Handling intent: android.intent.action.BOOT_COMPLETED
01-01 22:30:38.815  1219  1993 D EasyUnlockInitService: Handling intent for initializer IntentService.
01-01 22:30:38.901  1738  1890 D PeriodicTasksManager: Will schedule periodic tasks:android.intent.action.BOOT_COMPLETED.
01-01 22:30:38.914  1738  1996 I CheckinService: Disabling old GoogleServicesFramework version
01-01 22:30:38.919  1738  1890 D PeriodicTasksManager: Scheduling periodical signal task every 86400 seconds
01-01 22:30:38.935  1738  1890 D PeriodicTasksManager: AdAttestation signal task scheduled
01-01 22:30:38.935  1738  1991 I GoogleURLConnFactory: Using platform SSLCertificateSocketFactory
01-01 22:30:38.938  1738  1991 E BaseAppContext: Tried to stop global GMSCore RequestQueue. This is likely unintended, so ignoring.
01-01 22:30:38.942  1738  1997 V CheckinChimeraService: No Subscriptions found on the device
01-01 22:30:38.944  1738  1991 V BaseAppContext: GmsRequestQueue started.
01-01 22:30:38.953  1219  1219 D WearableService: callingUid 10006, callindPid: 1219
01-01 22:30:38.960  1219  1219 E GmsWearableNodeHelper: GoogleApiClient connection failed: ConnectionResult{statusCode=API_UNAVAILABLE, resolution=null, message=null}
01-01 22:30:38.960  1738  1890 D GCM     : COMPAT: Multi user ser=0 current=0
01-01 22:30:38.966  1738  1991 D AuthZenEventHandler: Handling event: android.intent.action.BOOT_COMPLETED
01-01 22:30:38.976  1738  1997 I CheckinChimeraService: Checking schedule, now: 1293883238976 next: 1294423654976
01-01 22:30:38.976  1738  1997 I CheckinChimeraService: active receiver: disabled
01-01 22:30:39.015  1940  1940 I AndroidIME: com.google.android.apps.inputmethod.libs.framework.core.LauncherIconVisibilityInitializerBase: android.intent.action.BOOT_COMPLETED
01-01 22:30:39.018  1171  1171 I SystemBroadcastReceiver: Boot has been completed
01-01 22:30:39.019  1171  1171 I SystemBroadcastReceiver: toggleAppIcon() : FLAG_SYSTEM = true
01-01 22:30:39.024  1738  1991 D AuthZenTransactionCache: Initialized cache in: /data/user/0/com.google.android.gms/files
01-01 22:30:39.024  1738  1991 D AuthZenTransactionCache: Clearing transaction cache
01-01 22:30:39.052  1255  1255 D RKUpdateReceiver: action = android.intent.action.BOOT_COMPLETED
01-01 22:30:39.052  1255  1255 D RKUpdateReceiver: RKUpdateReceiver recv ACTION_BOOT_COMPLETED.
01-01 22:30:39.070   569   581 I ActivityManager: Start proc 2010:com.google.android.youtube/u0a43 for broadcast com.google.android.youtube/com.google.android.libraries.youtube.mdx.background.MdxBackgroundScanBootReceiver
01-01 22:30:39.080  1255  1255 I android_rockchip_update_UpdateService.cpp: JNI_OnLoad
01-01 22:30:39.085  1255  1255 D RKUpdateService: starting RKUpdateService, version is 1.8.0
01-01 22:30:39.088  1255  1255 D RKUpdateService: remote uri is http://ro.product.ota.host=120.76.73.32:2305/OtaUpdater/android?product=rk3288&version=1.0.1&sn=SZJHWJZQZ0&country=US&language=en
01-01 22:30:39.088  1255  1255 D RKUpdateService: remote uri backup is http://192.168.1.143:2300/OtaUpdater/android?product=rk3288&version=1.0.1&sn=SZJHWJZQZ0&country=US&language=en
01-01 22:30:39.093  1255  1255 D RKUpdateService: first startup!!!
01-01 22:30:39.255  1255  1255 D RKUpdateService: onStartCommand.......
01-01 22:30:39.256  1255  1255 D RKUpdateService: command = 1 delaytime = 20000
01-01 22:30:39.257  1255  1255 D RKUpdateService: onStartCommand.......
01-01 22:30:39.257  1255  1255 D RKUpdateService: command = 2 delaytime = 25000
01-01 22:30:39.448  1845  1912 D bt_hci  : start_up starting async portion
01-01 22:30:39.448  1845  1919 I bt_hci  : event_finish_startup
01-01 22:30:39.448  1845  1919 I bt_hci_h4: hal_open
01-01 22:30:39.448  1845  1919 I bt_userial_vendor: userial vendor open: opening /dev/ttyS0
01-01 22:30:39.448  1845  1919 I bt_userial_vendor: device fd = 52 open
01-01 22:30:39.458  1845  1919 I bt_hwcfg: bt vendor lib: set UART baud 1500000
01-01 22:30:39.523  1738  1890 I FA-SVC  : App measurement is starting up, version: 9083
01-01 22:30:39.523  1738  1890 I FA-SVC  : To enable debug logging run: adb shell setprop log.tag.FA VERBOSE
01-01 22:30:39.570  1219  2039 D GCM     : GcmService start Intent { flg=0x8000010 cmp=com.google.android.gms/.gcm.GcmService (has extras) } null
01-01 22:30:39.589  1738  2040 V FA-SVC  : Update service enabled state to: 1
01-01 22:30:39.589  1738  2040 I FA-SVC  : This instance being marked as an uploader
01-01 22:30:39.630  2010  2020 W art     : Suspending all threads took: 52.434ms
01-01 22:30:39.662  1845  1919 D bt_hwcfg: Chipset BCM4354A2
01-01 22:30:39.662  1845  1919 D bt_hwcfg: Target name = [BCM4354A2]
01-01 22:30:39.662  1845  1919 D WifiHW  : check_wifi_chip_type_string: AP6335
01-01 22:30:39.662  1845  1919 I bt_hwcfg: BT module name is: AP6335, p_chip_id_str = BCM4354A2
01-01 22:30:39.662  1845  1919 I bt_hwcfg: Target HCD file name is: BCM4356A2.hcd
01-01 22:30:39.675  1845  1919 I bt_hwcfg: Found patchfile: /vendor/firmware//BCM4356A2.hcd
01-01 22:30:39.760  1219  2048 I PhenotypeConfigurator: Scheduling Phenotype for one-off execution 11804 seconds from now (1293883239759)
01-01 22:30:39.787  1738  1890 V SmartDevice: [service,SmartDeviceIntentHandlers] OnUpgradeOrBootOperation got intent: Intent { act=android.intent.action.BOOT_COMPLETED flg=0x8000010 cmp=com.google.android.gms/.chimera.GmsIntentOperationService (has extras) } with flag 2
01-01 22:30:39.790  1219  1721 D PlaceInferenceEngine: Stop called when not running
01-01 22:30:39.793  1219  1537 W GeofencerStateMachine: Ignoring removeGeofence because network location is disabled.
01-01 22:30:39.804  1738  2051 E MDM     : [135] rlj.a: Couldn't connect to Google API client: ConnectionResult{statusCode=API_UNAVAILABLE, resolution=null, message=null}
01-01 22:30:39.835  1738  1890 I DynamiteModule: Considering local module com.google.android.gms.googlecertificates:1 and remote module com.google.android.gms.googlecertificates:1
01-01 22:30:39.835  1738  1890 I DynamiteModule: Selected remote version of com.google.android.gms.googlecertificates, version >= 1
01-01 22:30:39.841  1738  1890 W System  : ClassLoader referenced unknown path: /data/user/0/com.google.android.gms/app_chimera/m/00000000/n/armeabi
01-01 22:30:39.841  1738  1890 D ChimeraFileApk: Primary ABI of requesting process is armeabi-v7a
01-01 22:30:39.842  1738  1890 D ChimeraFileApk: Classloading successful. Optimized code found.
01-01 22:30:39.844  1738  1890 D GoogleCertificates: com.google.android.gms.googlecertificates module is loaded
01-01 22:30:39.907  1738  1890 D GoogleCertificatesImpl: Fetched 300 Google certificates
01-01 22:30:40.040  1738  2057 V CheckinChimeraService: No Subscriptions found on the device
01-01 22:30:40.041  1738  2057 I CheckinChimeraService: Checking schedule, now: 1293883240041 next: 1294423654976
01-01 22:30:40.041  1738  2057 I CheckinChimeraService: active receiver: disabled
01-01 22:30:40.042  1738  1890 I GCoreUlr: Starting service, intent=Intent { act=com.google.android.location.reporting.ACTION_UPDATE_WORLD cmp=com.google.android.gms/com.google.android.location.reporting.service.DispatchingService (has extras) }, extras=Bundle[{receiverAction=android.intent.action.BOOT_COMPLETED}]
01-01 22:30:40.097  2010  2010 W FileProviderCompat: isPatchingNecessary returned true and in == null: false
01-01 22:30:40.134  2010  2010 W PatchedPackageManager: patching ProviderInfo. Metadata was not null
01-01 22:30:40.134  2010  2010 W PatchedPackageManager: resolveContentProvider flags: 128 ret: ContentProviderInfo{name=com.google.android.youtube.fileprovider className=com.google.android.apps.youtube.app.common.util.FileProviderCompat}
01-01 22:30:40.146  2010  2010 W YT      : Last known version:13.35.51
01-01 22:30:40.147  1738  1890 D LocationInitializer: Restart initialization of location
01-01 22:30:40.156  1738  2034 W IcingInternalCorpora: getNumBytesRead when not calculated.
01-01 22:30:40.266  1738  2046 D fdn     : Opening database auth.proximity.permit_store...
01-01 22:30:40.269  1219  1993 D EasyUnlockInitService: Not initializing EasyUnlock: remote_devices=0, bluetooth_on=false
01-01 22:30:40.322  1845  1919 I bt_hwcfg: bt vendor lib: set UART baud 115200
01-01 22:30:40.428   234   316 D alsa_route: route_set_controls() set route 24
01-01 22:30:40.428   234   316 D AudioHardwareTiny: close device
01-01 22:30:40.522  1845  1919 D bt_hwcfg: Settlement delay -- 200 ms
01-01 22:30:40.522  1845  1919 I bt_hwcfg: Setting fw settlement delay to 200 
01-01 22:30:40.571  2010  2104 W YouTube : Fetching the Gservices key 'failsafe_clear_cache_release_13_02' before the end of the bulk initialization
01-01 22:30:40.598  1219  1691 I GCoreUlr: WorldUpdater received intent Intent { act=com.google.android.location.reporting.ACTION_UPDATE_WORLD cmp=com.google.android.gms/com.google.android.location.reporting.service.DispatchingService (has extras) } with receiverAction android.intent.action.BOOT_COMPLETED
01-01 22:30:40.732  1845  1919 I bt_hwcfg: bt vendor lib: set UART baud 1500000
01-01 22:30:40.877  2010  2101 W art     : Long monitor contention event with owner method=void wpy.<clinit>() from SourceFile:141 waiters=2 for 295ms
01-01 22:30:40.879  2010  2103 W art     : Long monitor contention event with owner method=void wpy.<clinit>() from SourceFile:141 waiters=4 for 272ms
01-01 22:30:40.932  1845  1919 I bt_hwcfg: Setting local bd addr to CC:4B:73:82:30:51
01-01 22:30:40.933  1845  1919 I bt_hwcfg: vendor lib fwcfg completed
01-01 22:30:40.933  1845  1919 I bt_vendor: firmware callback
01-01 22:30:40.933  1845  1919 I bt_hci  : firmware_config_callback
01-01 22:30:40.936  1845  2117 I bt_btu  : btu_task pending for preload complete event
01-01 22:30:40.936  1845  2117 I bt_btu_task: Bluetooth chip preload is complete
01-01 22:30:40.936  1845  2117 I bt_btu  : btu_task received preload complete event
01-01 22:30:40.938  1845  2117 I         : BTE_InitTraceLevels -- TRC_HCI
01-01 22:30:40.938  1845  2117 I         : BTE_InitTraceLevels -- TRC_L2CAP
01-01 22:30:40.938  1845  2117 I         : BTE_InitTraceLevels -- TRC_RFCOMM
01-01 22:30:40.938  1845  2117 I         : BTE_InitTraceLevels -- TRC_AVDT
01-01 22:30:40.938  1845  2117 I         : BTE_InitTraceLevels -- TRC_AVRC
01-01 22:30:40.939  1845  2117 I         : BTE_InitTraceLevels -- TRC_A2D
01-01 22:30:40.939  1845  2117 I         : BTE_InitTraceLevels -- TRC_BNEP
01-01 22:30:40.939  1845  2117 I         : BTE_InitTraceLevels -- TRC_BTM
01-01 22:30:40.939  1845  2117 I         : BTE_InitTraceLevels -- TRC_GAP
01-01 22:30:40.939  1845  2117 I         : BTE_InitTraceLevels -- TRC_PAN
01-01 22:30:40.939  1845  2117 I         : BTE_InitTraceLevels -- TRC_SDP
01-01 22:30:40.939  1845  2117 I         : BTE_InitTraceLevels -- TRC_GATT
01-01 22:30:40.939  1845  2117 I         : BTE_InitTraceLevels -- TRC_SMP
01-01 22:30:40.939  1845  2117 I         : BTE_InitTraceLevels -- TRC_BTAPP
01-01 22:30:40.939  1845  2117 I         : BTE_InitTraceLevels -- TRC_BTIF
01-01 22:30:41.053  1845  2117 I bt_btm_sec: BTM_SecRegister p_cb_info->p_le_callback == 0x0xa1e71599
01-01 22:30:41.054  1845  2117 I bt_btm_sec: BTM_SecRegister btm_cb.api.p_le_callback = 0x0xa1e71599 
01-01 22:30:41.059  1845  1915 I bt_btif_storage: btif_storage_get_adapter_property service_mask:0x20000000
01-01 22:30:41.059  1845  1915 D BluetoothAdapterProperties: Address is:CC:4B:73:82:30:51
01-01 22:30:41.060  1845  1915 D BluetoothAdapterProperties: Name is: Brandon's temi
01-01 22:30:41.060  1845  1915 D BluetoothAdapterProperties: Scan Mode:20
01-01 22:30:41.060  1845  1915 D BluetoothAdapterProperties: Discoverable Timeout:120
01-01 22:30:41.060  1845  1915 D bt_hci  : do_postload posting postload work item
01-01 22:30:41.060  1845  1919 I bt_hci  : event_postload
01-01 22:30:41.060  1845  1919 D bt_vendor: SCO config
01-01 22:30:41.060  1845  1919 I bt_vendor: sco_config_cb
01-01 22:30:41.060  1845  1919 I bt_hci  : sco_config_callback postload finished.
01-01 22:30:41.106   569   589 E BluetoothManagerService: waitForOnOff time out
01-01 22:30:41.107  1845  1911 D BluetoothAdapterState: Current state: PENDING_COMMAND, message: 23
01-01 22:30:41.107  1845  1911 I BluetoothAdapterState: Deferring BLE_TURN_OFF request...
01-01 22:30:41.205  1845  1915 D bt_bte_conf: Device ID record 1 : primary
01-01 22:30:41.205  1845  1915 D bt_bte_conf:   vendorId            = 000f
01-01 22:30:41.205  1845  1915 D bt_bte_conf:   vendorIdSource      = 0001
01-01 22:30:41.205  1845  1915 D bt_bte_conf:   product             = 1200
01-01 22:30:41.205  1845  1915 D bt_bte_conf:   version             = 1436
01-01 22:30:41.206  1845  1915 D bt_bte_conf:   clientExecutableURL = 
01-01 22:30:41.206  1845  1915 D bt_bte_conf:   serviceDescription  = 
01-01 22:30:41.206  1845  1915 D bt_bte_conf:   documentationURL    = 
01-01 22:30:41.206  1845  1915 D bt_bte_conf: bte_load_did_conf no section named DID2.
01-01 22:30:41.206  1845  1912 D bt_stack_manager: event_start_up_stack finished
01-01 22:30:41.207  1845  1911 D BluetoothAdapterState: Current state: PENDING_COMMAND, message: 3
01-01 22:30:41.208  1845  1911 D BluetoothAdapterProperties: Setting state to 15
01-01 22:30:41.208  1845  1911 I BluetoothAdapterState: Bluetooth adapter state changed: 14-> 15
01-01 22:30:41.209  1845  1911 I BluetoothAdapterState: Entering BleOnState
01-01 22:30:41.209  1845  1911 D BluetoothAdapterState: Current state: BLE ON, message: 23
01-01 22:30:41.219  1845  1911 D BluetoothAdapterState: Current state: BLE ON, message: 1
01-01 22:30:41.219  1845  1911 D BluetoothAdapterProperties: Setting state to 11
01-01 22:30:41.219  1845  1911 I BluetoothAdapterState: Bluetooth adapter state changed: 15-> 11
01-01 22:30:41.230  1845  1845 D BluetoothAdapterService: getAdapterService() - returning com.android.bluetooth.btservice.AdapterService@d7f3250
01-01 22:30:41.231  1845  1845 D A2dpSinkService: Received start request. Starting profile...
01-01 22:30:41.232  1845  1845 I BluetoothA2dpSinkServiceJni: classInitNative: succeeds
01-01 22:30:41.232  1845  1845 D A2dpSinkStateMachine: make
01-01 22:30:41.235  1845  1845 I bt_bluedroid: get_profile_interface a2dp_sink
01-01 22:30:41.236  1845  1845 E bt_btif : ## A2DP START MEDIA THREAD ##
01-01 22:30:41.236  1219  1234 D StrictMode: Wrote violation #0 of 1: 10288 bytes
01-01 22:30:41.237  1845  1915 I bt_btif_storage: btif_storage_get_adapter_property service_mask:0x20040008
01-01 22:30:41.238  1845  2127 E bt_btif : SETUP CHANNEL SERVER 0
01-01 22:30:41.240  1845  1915 I bt_btif_storage: btif_storage_get_adapter_property service_mask:0x20040008
01-01 22:30:41.240  1219  1234 D StrictMode: Wrote violation #0 of 1: 11772 bytes
01-01 22:30:41.242  1219  1234 D StrictMode: Wrote violation #0 of 1: 13256 bytes
01-01 22:30:41.244  1845  1911 I BluetoothAdapterState: Entering PendingCommandState
01-01 22:30:41.248  1219  1234 D StrictMode: Wrote violation #0 of 1: 14740 bytes
01-01 22:30:41.248  1845  2126 D A2dpSinkStateMachine: Enter Disconnected: -2
01-01 22:30:41.248  1845  2126 D A2dpSinkStateMachine: stopPcmRead false
01-01 22:30:41.248  1845  2126 D A2dpSinkStateMachine: audioPause false
01-01 22:30:41.250  1845  1845 I BluetoothHidServiceJni: classInitNative: succeeds
01-01 22:30:41.251  1219  1234 D StrictMode: Wrote violation #0 of 1: 16224 bytes
01-01 22:30:41.251  1845  1845 D BluetoothAdapterService: getAdapterService() - returning com.android.bluetooth.btservice.AdapterService@d7f3250
01-01 22:30:41.253   869   869 D BluetoothInputDevice: Proxy object connected
01-01 22:30:41.253  1845  1845 D HidService: Received start request. Starting profile...
01-01 22:30:41.253  1845  1845 I bt_bluedroid: get_profile_interface hidhost
01-01 22:30:41.253  1845  1915 I bt_bta_hh: BTA_HhEnable sec_mask:0x36 p_cback:0xa1e52409
01-01 22:30:41.253  1845  1915 I bt_btif_storage: btif_storage_get_adapter_property service_mask:0x20140008
01-01 22:30:41.253   869   869 D HidProfile: Bluetooth service connected
01-01 22:30:41.256  1219  1234 D StrictMode: Wrote violation #0 of 1: 17708 bytes
01-01 22:30:41.258  1845  1845 D HidService: setHidService(): set to: null
01-01 22:30:41.258  1845  1845 I BluetoothHealthServiceJni: classInitNative: succeeds
01-01 22:30:41.258  1219  1234 D StrictMode: Wrote violation #0 of 1: 19192 bytes
01-01 22:30:41.259  1845  1845 D BluetoothAdapterService: getAdapterService() - returning com.android.bluetooth.btservice.AdapterService@d7f3250
01-01 22:30:41.260  1845  1845 D HealthService: Received start request. Starting profile...
01-01 22:30:41.260  1219  1234 D Error   : ERR: exClass=android.os.StrictMode$StrictModeDiskReadViolation
01-01 22:30:41.260  1219  1234 D Error   : ERR: exMsg=policy=6815751 violation=2
01-01 22:30:41.260  1219  1234 D Error   : ERR: file=StrictMode.java
01-01 22:30:41.260  1219  1234 D Error   : ERR: class=android.os.StrictMode$AndroidBlockGuardPolicy
01-01 22:30:41.260  1219  1234 D Error   : ERR: method=onReadFromDisk line=1263
01-01 22:30:41.261  1219  1234 D Error   : ERR: stack=android.os.StrictMode$StrictModeDiskReadViolation: policy=6815751 violation=2
01-01 22:30:41.261  1219  1234 D Error   : 	at android.os.StrictMode$AndroidBlockGuardPolicy.onReadFromDisk(StrictMode.java:1263)
01-01 22:30:41.261  1219  1234 D Error   : 	at android.app.SharedPreferencesImpl.awaitLoadedLocked(SharedPreferencesImpl.java:203)
01-01 22:30:41.261  1219  1234 D Error   : 	at android.app.SharedPreferencesImpl.getString(SharedPreferencesImpl.java:224)
01-01 22:30:41.261  1219  1234 D Error   : 	at rah.a(SourceFile:60)
01-01 22:30:41.261  1219  1234 D Error   : 	at rai.a(SourceFile:2052)
01-01 22:30:41.261  1219  1234 D Error   : 	at rap.c(SourceFile:205)
01-01 22:30:41.261  1219  1234 D Error   : 	at qzo.onTransact(SourceFile:150)
01-01 22:30:41.261  1219  1234 D Error   : 	at android.os.Binder.execTransact(Binder.java:453)
01-01 22:30:41.261  1219  1234 D Error   : # via Binder call with stack:
01-01 22:30:41.261  1219  1234 D Error   : android.os.StrictMode$LogStackTrace
01-01 22:30:41.261  1219  1234 D Error   : 	at android.os.StrictMode.readAndHandleBinderCallViolations(StrictMode.java:1911)
01-01 22:30:41.261  1219  1234 D Error   : 	at android.os.Parcel.readExceptionCode(Parcel.java:1601)
01-01 22:30:41.261  1219  1234 D Error   : 	at android.os.Parcel.readException(Parcel.java:1570)
01-01 22:30:41.261  1219  1234 D Error   : 	at joh.c(SourceFile:111)
01-01 22:30:41.261  1219  1234 D Error   : 	at ihg.equals(SourceFile:78)
01-01 22:30:41.261  1219  1234 D Error   : 	at izd.b(SourceFile:245)
01-01 22:30:41.261  1219  1234 D Error   : 	at izd.a(SourceFile:152)
01-01 22:30:41.261  1219  1234 D Error   : 	at izd.b(SourceFile:137)
01-01 22:30:41.261  1219  1234 D Error   : 	at izd.b(SourceFile:99)
01-01 22:30:41.261  1219  1234 D Error   : 	at aefd.c(SourceFile:571)
01-01 22:30:41.261  1219  1234 D Error   : 	at aefd.a(SourceFile:181)
01-01 22:30:41.261  1219  1234 D Error   : 	at aefe.b(SourceFile:93)
01-01 22:30:41.261  1219  1234 D Error   : 	at qmd.a(SourceFile:74)
01-01 22:30:41.261  1219  1234 D Error   : 	at qjf.a(SourceFile:1278)
01-01 22:30:41.261  1219  1234 D Error   : 	at rah.b(SourceFile:104)
01-01 22:30:41.261  1219  1234 D Error   : 	at rah.a(SourceFile:72)
01-01 22:30:41.261  1219  1234 D Error   : 	at rai.a(SourceFile:2052)
01-01 22:30:41.261  1219  1234 D Error   : 	at rap.c(SourceFile:205)
01-01 22:30:41.261  1219  1234 D Error   : 	at qzo.onTransact(SourceFile:150)
01-01 22:30:41.261  1219  1234 D Error   : 	at android.os.Binder.execTransact(Binder.java:453)
01-01 22:30:41.261  1219  1234 D Error   : # via Binder call with stack:
01-01 22:30:41.261  1219  1234 D Error   : android.os.StrictMode$LogStackTrace
01-01 22:30:41.261  1219  1234 D Error   : 	at android.os.StrictMode.readAndHandleBinderCallViolations(StrictMode.java:1911)
01-01 22:30:41.261  1219  1234 D Error   : 	at android.os.Parcel.readExceptionCode(Parcel.java:1601)
01-01 22:30:41.261  1219  1234 D Error   : 	at android.os.Parcel.readException(Parcel.java:1570)
01-01 22:30:41.261  1219  1234 D Error   : 	at joh.c(SourceFile:111)
01-01 22:30:41.261  1219  1234 D Error   : 	at ihg.equals(SourceFile:78)
01-01 22:30:41.261  1219  1234 D Error   : 	at izd.b(SourceFile:245)
01-01 22:30:41.261  1219  1234 D Error   : 	at izd.a(SourceFile:152)
01-01 22:30:41.261  1219  1234 D Error   : 	at izd.b(SourceFile:137)
01-01 22:30:41.261  1219  1234 D Error   : 	at izd.b(SourceFile:99)
01-01 22:30:41.261  1219  1234 D Error   : 	at aefd.c(SourceFile:571)
01-01 22:30:41.261  1219  1234 D Error   : 	at aefd.a(SourceFile:181)
01-01 22:30:41.261  1219  1234 D Error   : 	at aefe.b(SourceFile:93)
01-01 22:30:41.261  1219  1234 D Error   : 	at qmd.a(SourceFile:74)
01-01 22:30:41.261  1219  1234 D Error   : 	at qjf.a(SourceFile:1278)
01-01 22:30:41.261  1219  1234 D Error   : 	at rah.b(SourceFile:104)
01-01 22:30:41.261  1219  1234 D Error   : 	at rah.a(SourceFile:72)
01-01 22:30:41.261  1219  1234 D Error   : 	at rai.a(SourceFile:2052)
01-01 22:30:41.261  1219  1234 D Error   : 	at rap.c(SourceFile:205)
