--------- beginning of system
01-01 22:30:25.361   568   568 I SystemServer: Audio Service
01-01 22:30:25.382   568   568 I SystemServer: DockObserver
01-01 22:30:25.382   568   568 I SystemServiceManager: Starting com.android.server.DockObserver
01-01 22:30:25.383   568   568 W DockObserver: This kernel does not have dock station support
01-01 22:30:25.383   568   568 I SystemServer: Wired Accessory Manager
01-01 22:30:25.385   568   568 W WiredAccessoryManager: This kernel does not have wired headset support
01-01 22:30:25.386   568   568 I SystemServiceManager: Starting com.android.server.usb.UsbService$Lifecycle
01-01 22:30:25.396   568   568 I SystemServer: Serial Service
01-01 22:30:25.397   568   568 I SystemServiceManager: Starting com.android.server.twilight.TwilightService
01-01 22:30:25.400   568   568 I SystemServiceManager: Starting com.android.server.job.JobSchedulerService
01-01 22:30:25.406   568   568 D JobStore: job-info
01-01 22:30:25.407   568   568 W JobStore: Periodic job for uid='10004' persisted run-time is too big [87327:48:29, 87351:48:29]. Clamping to [24:00:27,48:00:27]
01-01 22:30:25.408   568   568 I SystemServiceManager: Starting com.android.server.backup.BackupManagerService$Lifecycle
01-01 22:30:25.410   568   568 I SystemServiceManager: Starting com.android.server.appwidget.AppWidgetService
01-01 22:30:25.412   568   568 I SystemServiceManager: Starting com.android.server.voiceinteraction.VoiceInteractionManagerService
01-01 22:30:25.415   568   568 W SoundTriggerHelper: listModules status=0, # of modules=0
01-01 22:30:25.416   568   568 I SystemServer: Gesture Launcher Service
01-01 22:30:25.417   568   568 I SystemServiceManager: Starting com.android.server.GestureLauncherService
01-01 22:30:25.417   568   568 I SystemServer: DiskStats Service
01-01 22:30:25.417   568   568 I SystemServer: SamplingProfiler Service
01-01 22:30:25.430   568   568 I SystemServer: NetworkTimeUpdateService
01-01 22:30:25.430   568   568 I SystemServer: CommonTimeManagementService
01-01 22:30:25.431   568   568 I SystemServer: CertBlacklister
01-01 22:30:25.432   568   568 I SystemServiceManager: Starting com.android.server.dreams.DreamManagerService
01-01 22:30:25.433   568   568 I SystemServer: Assets Atlas Service
01-01 22:30:25.435   568   568 I SystemServiceManager: Starting com.android.server.print.PrintManagerService
01-01 22:30:25.437   568   568 I SystemServiceManager: Starting com.android.server.restrictions.RestrictionsManagerService
01-01 22:30:25.438   568   568 I SystemServiceManager: Starting com.android.server.media.MediaSessionService
01-01 22:30:25.441   568   568 I SystemServer: Media Router Service
01-01 22:30:25.442   568   568 I SystemServer: DisplayDeviceManagementService Service
01-01 22:30:25.443   568   568 D DisplayDeviceManagementService: DisplayDeviceManagementService start
01-01 22:30:25.444   568   568 I SystemServiceManager: Starting com.android.server.trust.TrustManagerService
01-01 22:30:25.446   568   568 I SystemServiceManager: Starting com.android.server.fingerprint.FingerprintService
01-01 22:30:25.455   568   568 W FingerprintService: fingerprint service not available
01-01 22:30:25.455   568   568 V FingerprintService: Fingerprint HAL id: 0
01-01 22:30:25.455   568   568 I SystemServer: BackgroundDexOptService
01-01 22:30:25.459   568   568 I SystemServiceManager: Starting com.android.server.pm.LauncherAppsService
01-01 22:30:25.461   568   568 I SystemServiceManager: Starting com.android.server.media.projection.MediaProjectionManagerService
01-01 22:30:25.466   568   568 I SystemServer: begin detectSafeMode
01-01 22:30:25.466   568   568 W WindowManager: safemode detected disabled by config
01-01 22:30:25.466   568   568 I SystemServer: end detectSafeMode
01-01 22:30:25.466   568   568 I SystemServiceManager: Starting com.android.server.MmsServiceBroker
01-01 22:30:25.468   568   568 I SystemServer: vibrator.systemReady
01-01 22:30:25.469   568   568 I SystemServer: lockSettings.systemReady
01-01 22:30:25.500   568   568 E LockSettingsStorage: Cannot read file java.io.FileNotFoundException: /data/system/gatekeeper.password.key: open failed: ENOENT (No such file or directory)
01-01 22:30:25.500   568   568 E LockSettingsStorage: Cannot read file java.io.FileNotFoundException: /data/system/password.key: open failed: ENOENT (No such file or directory)
01-01 22:30:25.501   568   568 E LockSettingsStorage: Cannot read file java.io.FileNotFoundException: /data/system/gatekeeper.pattern.key: open failed: ENOENT (No such file or directory)
01-01 22:30:25.501   568   568 E LockSettingsStorage: Cannot read file java.io.FileNotFoundException: /data/system/gatekeeper.gesture.key: open failed: ENOENT (No such file or directory)
01-01 22:30:25.502   568   568 E LockSettingsStorage: Cannot read file java.io.FileNotFoundException: /data/system/gesture.key: open failed: ENOENT (No such file or directory)
01-01 22:30:25.502   568   568 I SystemServer: PHASE_LOCK_SETTINGS_READY
01-01 22:30:25.502   568   568 I SystemServiceManager: Starting phase 480
01-01 22:30:25.511   568   568 I SystemServer: PHASE_SYSTEM_SERVICES_READY
01-01 22:30:25.511   568   568 I SystemServiceManager: Starting phase 500
01-01 22:30:25.515   568   568 I WifiService: WifiService starting up with Wi-Fi enabled
01-01 22:30:25.516   568   568 D WifiService: setWifiEnabled: true pid=568, uid=1000
01-01 22:30:25.516   568   568 E WifiService: Invoking mWifiStateMachine.setWifiEnabled
01-01 22:30:25.519   568   810 D WifiService: New client listening to asynchronous messages
01-01 22:30:25.525   568   811 D ConnectivityService: Got NetworkFactory Messenger for Ethernet
01-01 22:30:25.530   568   568 V BackupManagerService: No ancestral data
01-01 22:30:25.562   568   568 V KeyValueBackupJob: Scheduling k/v pass in 241 minutes
01-01 22:30:25.587   568   568 V BackupManagerService: Starting with transport android/com.android.internal.backup.LocalTransport
01-01 22:30:25.587   568   568 V BackupManagerService: Found transports: 2
01-01 22:30:25.587   568   568 W BackupManagerService: Proposed transport ComponentInfo{android/com.android.internal.backup.LocalTransportService} not whitelisted; ignoring
01-01 22:30:25.587   568   568 W BackupManagerService: Proposed transport ComponentInfo{com.google.android.gms/com.google.android.gms.backup.BackupTransportService} not whitelisted; ignoring
01-01 22:30:25.588   568   568 I BackupManagerService: Found stale backup journal, scheduling
01-01 22:30:25.596   568   568 I SystemServer: wm.systemReady
01-01 22:30:25.601   568   568 V WindowManager: No app is requesting an orientation, return -1
01-01 22:30:25.609   568   568 I SystemServer: mPowerManagerService.systemReady
01-01 22:30:25.614   568   568 I SystemServer: mPackageManagerService.systemReady
01-01 22:30:25.615   568   568 I SystemServer: mDisplayManagerService.systemReady
01-01 22:30:25.619   568   592 W KeyguardServiceDelegate: onScreenTurningOn(): no keyguard service!
01-01 22:30:25.637   568   568 D ActivityManager: OK, system ready!
01-01 22:30:25.637   568   568 I ActivityManager: System now ready
01-01 22:30:25.639   568   585 I SystemServer: Making services ready
01-01 22:30:25.639   568   585 I SystemServiceManager: Starting phase 550
01-01 22:30:25.640   568   568 D MountService: onStartUser 0
01-01 22:30:25.640   568   568 D VoldConnector: SND -> {3 volume user_started 0}
01-01 22:30:25.641   568   801 D VoldConnector: RCV <- {200 3 Command succeeded}
01-01 22:30:25.641   568   800 D MountService: Thinking about reset, mSystemReady=true, mDaemonConnected=true
01-01 22:30:25.642   568   568 W VoiceInteractionManagerService: no available voice interaction services found for user 0
01-01 22:30:25.642   568   800 D VoldConnector: SND -> {4 volume reset}
01-01 22:30:25.642   568   568 W VoiceInteractionManagerService: no available voice interaction services found for user 0
01-01 22:30:25.642   568   568 W VoiceInteractionManagerService: no available voice recognition services found for user 0
01-01 22:30:25.642   568   585 D UsbAlsaManager: Adding ALSA device AlsaDevice: [card: 0, device: 0, type: 1]
01-01 22:30:25.642   568   801 D VoldConnector: RCV <- {651 emulated 7}
01-01 22:30:25.642   568   585 D UsbAlsaManager: Adding ALSA device AlsaDevice: [card: 0, device: 0, type: 2]
01-01 22:30:25.642   568   801 D VoldConnector: RCV <- {659 emulated}
01-01 22:30:25.642   568   801 D VoldConnector: RCV <- {650 emulated 2 "" ""}
01-01 22:30:25.642   568   801 D VoldConnector: RCV <- {651 emulated 0}
01-01 22:30:25.642   568   801 D VoldConnector: RCV <- {200 4 Command succeeded}
01-01 22:30:25.643   568   800 D VoldConnector: SND -> {5 volume user_added 0 0}
01-01 22:30:25.643   568   801 D VoldConnector: RCV <- {200 5 Command succeeded}
01-01 22:30:25.643   568   800 D VoldConnector: SND -> {6 volume user_started 0}
01-01 22:30:25.643   568   801 D VoldConnector: RCV <- {200 6 Command succeeded}
01-01 22:30:25.645   568   587 V MountService: Found primary storage at VolumeInfo{emulated}:
01-01 22:30:25.645   568   587 V MountService:     type=EMULATED diskId=null partGuid=null mountFlags=0 mountUserId=-1 
01-01 22:30:25.645   568   587 V MountService:     state=UNMOUNTED 
01-01 22:30:25.645   568   587 V MountService:     fsType=null fsUuid=null fsLabel=null 
01-01 22:30:25.645   568   587 V MountService:     path=null internalPath=null 
01-01 22:30:25.646   568   800 D VoldConnector: SND -> {7 volume mount emulated 3 -1}
01-01 22:30:25.647   186   205 V vold    : Waiting for FUSE to spin up...
01-01 22:30:25.647   568   801 D VoldConnector: RCV <- {651 emulated 1}
01-01 22:30:25.647   568   801 D VoldConnector: RCV <- {656 emulated /data/media}
01-01 22:30:25.648   568   801 D VoldConnector: RCV <- {655 emulated /storage/emulated}
01-01 22:30:25.648   568   585 I SystemServer: WebViewFactory preparation
01-01 22:30:25.664   568   568 I ActivityManager: Start proc 850:com.cghs.stresstest/1000 for added application com.cghs.stresstest
01-01 22:30:25.675   568   568 I ActivityManager: Start proc 863:com.android.phone/1001 for added application com.android.phone
01-01 22:30:25.686   568   568 I ActivityManager: Start proc 879:com.android.systemui/u0a14 for added application com.android.systemui
01-01 22:30:25.687   568   568 I ActivityManager: START u0 {act=android.intent.action.MAIN cat=[android.intent.category.HOME] flg=0x10000000 cmp=com.roboteam.teamy.usa/com.roboteam.teamy.home.HomeActivity} from uid 0 on display 0
01-01 22:30:25.698   568   801 D VoldConnector: RCV <- {651 emulated 2}
01-01 22:30:25.698   186   205 D vold    : Linking /storage/emulated/0 to /mnt/user/0/primary
01-01 22:30:25.698   568   801 D VoldConnector: RCV <- {200 7 Command succeeded}
01-01 22:30:25.704   568   568 I ActivityManager: Start proc 894:com.roboteam.teamy.usa/1000 for activity com.roboteam.teamy.usa/com.roboteam.teamy.home.HomeActivity
01-01 22:30:25.707   568   568 I SystemServer: Enabled StrictMode for system server main thread.
01-01 22:30:25.757   568   584 I ActivityManager: Start proc 907:com.android.printspooler/u0a37 for service com.android.printspooler/.model.PrintSpoolerService
01-01 22:30:25.768   568   585 I ActivityManager: Start proc 924:WebViewLoader-armeabi-v7a/1037 [android.webkit.WebViewFactory$RelroFileCreator] for 
01-01 22:30:25.774   568   893 I WindowManager: Set freezing of Token{6826b8c ActivityRecord{6d198bf u0 com.roboteam.teamy.usa/com.roboteam.teamy.home.HomeActivity t301}}: hidden=true freezing=false
01-01 22:30:25.775   568   893 V WindowManager: setAppVisibility(Token{6826b8c ActivityRecord{6d198bf u0 com.roboteam.teamy.usa/com.roboteam.teamy.home.HomeActivity t301}}, visible=true): mNextAppTransition=TRANSIT_TASK_OPEN hidden=true hiddenRequested=true Callers=com.android.server.am.ActivityStackSupervisor.realStartActivityLocked:1185 com.android.server.am.ActivityStackSupervisor.attachApplicationLocked:625 com.android.server.am.ActivityManagerService.attachApplicationLocked:6504 com.android.server.am.ActivityManagerService.attachApplication:6567 android.app.ActivityManagerNative.onTransact:507 com.android.server.am.ActivityManagerService.onTransact:2687 
01-01 22:30:25.775   568   893 V WindowManager: No one is requesting an orientation when the screen is locked
01-01 22:30:25.775   568   893 V WindowManager: Deferring rotation, display is not enabled.
01-01 22:30:25.777   568   893 V WindowManager: No one is requesting an orientation when the screen is locked
01-01 22:30:25.782   568   585 D NetworkManagement: enabling bandwidth control
01-01 22:30:25.784   568   800 D MountService: Volume emulated broadcasting checking to UserHandle{0}
01-01 22:30:25.786   568   800 D MountService: Volume emulated broadcasting mounted to UserHandle{0}
01-01 22:30:26.368   568   579 I ActivityManager: Start proc 1028:com.android.smspush/u0a40 for service com.android.smspush/.WapPushManager
01-01 22:30:26.372   568   568 I WindowStateAnimator: createSurface WindowStateAnimator{3e4afbd KeyguardScrim}: mDrawState=DRAW_PENDING
01-01 22:30:26.372   568   568 V WindowManager: Changing surface while display frozen: Window{11b56e8 u0 KeyguardScrim}
01-01 22:30:26.372   568   568 D WindowStateAnimator: rk_debug2 KeyguardScrim_Force_To_Dual
01-01 22:30:26.373   568   568 V WindowManager: Window{11b56e8 u0 KeyguardScrim} forcing orientation to 5
01-01 22:30:26.374   568   568 V WindowManager: Resize reasons for w=Window{11b56e8 u0 KeyguardScrim}:  contentInsetsChanged=false [0,0][0,0] visibleInsetsChanged=false [0,0][0,0] stableInsetsChanged=false [0,0][0,0] outsetsChanged=false [0,0][0,0] surfaceResized=false configChanged=true
01-01 22:30:26.374   568   568 V WindowManager: Changing surface while display frozen: Window{11b56e8 u0 KeyguardScrim}
01-01 22:30:26.374   568   568 V WindowManager: Orientation start waiting for draw mDrawState=DRAW_PENDING in Window{11b56e8 u0 KeyguardScrim}, surface Surface(name=KeyguardScrim_Force_To_Dual)
01-01 22:30:26.374   568   568 V WindowManager: Resizing window Window{11b56e8 u0 KeyguardScrim} to 1920.0x1200.0
01-01 22:30:26.374   568   568 V WindowState: Reporting new frame to Window{11b56e8 u0 KeyguardScrim}: Rect(0, 0 - 1920, 1200)
01-01 22:30:26.374   568   568 I WindowState: Sending new config to window Window{11b56e8 u0 KeyguardScrim}: 1920.0x1200.0 / config={1.0 ?mcc?mnc en_US ldltr sw800dp w1280dp h800dp 240dpi xlrg land finger -keyb/v/h -nav/h s.4} overrideConfig={1.0 ?mcc?mnc ?locale ?layoutDir ?swdp ?wdp ?hdp ?density ?lsize ?long ?orien ?uimode ?night ?touch ?keyb/?/? ?nav/?}
01-01 22:30:26.375   568   568 I WindowState: Resizing Window{11b56e8 u0 KeyguardScrim} WITH DRAW PENDING
01-01 22:30:26.387   568   590 V WindowStateAnimator: Orientation continue waiting for draw in Window{11b56e8 u0 KeyguardScrim}
01-01 22:30:26.392   568   811 E ConnectivityService: Failed to find Messenger in unregisterNetworkFactory
01-01 22:30:26.392   568   811 D ConnectivityService: Got NetworkFactory Messenger for Telephony
01-01 22:30:26.437   568   893 I ActivityManager: Start proc 1059:android.process.acore/u0a2 for content provider com.android.providers.contacts/.ContactsProvider2
01-01 22:30:26.619   568   586 W WindowManager: Keyguard drawn timeout. Setting mKeyguardDrawComplete
01-01 22:30:26.619   568   590 V WindowManager: Resize reasons for w=Window{11b56e8 u0 KeyguardScrim}:  contentInsetsChanged=true [0,0][0,0] visibleInsetsChanged=false [0,0][0,0] stableInsetsChanged=false [0,0][0,0] outsetsChanged=false [0,0][0,0] surfaceResized=false configChanged=false
01-01 22:30:26.619   568   590 V WindowManager: Changing surface while display frozen: Window{11b56e8 u0 KeyguardScrim}
01-01 22:30:26.619   568   590 V WindowManager: Orientation start waiting for draw mDrawState=DRAW_PENDING in Window{11b56e8 u0 KeyguardScrim}, surface Surface(name=KeyguardScrim_Force_To_Dual)
01-01 22:30:26.619   568   590 V WindowManager: Resizing window Window{11b56e8 u0 KeyguardScrim} to 1920.0x1200.0
01-01 22:30:26.620   568   590 V WindowState: Reporting new frame to Window{11b56e8 u0 KeyguardScrim}: Rect(0, 0 - 1920, 1200)
01-01 22:30:26.620   568   590 I WindowState: Resizing Window{11b56e8 u0 KeyguardScrim} WITH DRAW PENDING
01-01 22:30:26.635   568   590 V WindowStateAnimator: Orientation continue waiting for draw in Window{11b56e8 u0 KeyguardScrim}
01-01 22:30:26.843   568   585 I SystemServiceManager: Starting phase 600
01-01 22:30:26.847   568   585 I BackupManagerService: Backup enabled => false
01-01 22:30:26.851   568   585 E InputMethodManagerService: Ignoring updateSystemUiLocked due to an invalid token. uid:1000 token:null
01-01 22:30:27.021   568   568 I Telecom : Class: TelecomSystem.INSTANCE being set
01-01 22:30:27.021   568   568 W ContextImpl: Calling a method in the system process without a qualified user: android.app.ContextImpl.startService:1221 android.content.ContextWrapper.startService:581 com.android.server.telecom.components.TelecomService.initializeTelecomSystem:107 com.android.server.telecom.components.TelecomService.onBind:46 android.app.ActivityThread.handleBindService:2904 
01-01 22:30:27.026   568   568 D ZenLog  : intercepted: -1|android|17040348|null|1000,alarmsOnly
01-01 22:30:27.026   568   568 V NotificationService: pkg=android canInterrupt=false intercept=true
01-01 22:30:27.026   568   568 D ZenLog  : intercepted: -1|android|17040354|null|1000,alarmsOnly
01-01 22:30:27.026   568   568 V NotificationService: pkg=android canInterrupt=false intercept=true
01-01 22:30:27.036   568   568 I ActivityManager: Start proc 1190:com.android.providers.calendar/u0a1 for content provider com.android.providers.calendar/.CalendarProvider2
01-01 22:30:27.165   568   585 I ActivityManager: Start proc 1209:com.android.inputmethod.latin/u0a29 for service com.android.inputmethod.latin/.LatinIME
01-01 22:30:27.165   568   585 V InputMethodManagerService: Adding window token: android.os.Binder@590f597
01-01 22:30:27.194   568   585 I ActivityManager: Start proc 1225:com.google.android.gms.persistent/u0a6 for service com.google.android.gms/com.google.android.location.network.NetworkLocationService
01-01 22:30:27.205   568   585 E LocationManagerService: FLP HAL not supported
01-01 22:30:27.211   568   585 E LocationManagerService: Hardware Activity-Recognition not supported.
01-01 22:30:27.231   568   585 I MmsServiceBroker: Delay connecting to MmsService until an API is called
01-01 22:30:27.236   568   585 I ActivityManager: Force stopping com.android.providers.media appid=10004 user=-1: vold reset
01-01 22:30:27.248   568   585 I ActivityManager: Start proc 1249:android.rockchip.update.service/u0a39 for broadcast android.rockchip.update.service/.RKUpdateReceiver
01-01 22:30:27.255   568   590 V WindowStateAnimator: Orientation continue waiting for draw in Window{11b56e8 u0 KeyguardScrim}
01-01 22:30:27.480   568   568 V WindowStateAnimator: finishDrawingLocked: mDrawState=COMMIT_DRAW_PENDING WindowStateAnimator{3e4afbd KeyguardScrim} in Surface(name=KeyguardScrim_Force_To_Dual)
01-01 22:30:27.480   568   590 I WindowManager:   SURFACE SHOW (performShowLocked): Window{11b56e8 u0 KeyguardScrim}
01-01 22:30:27.480   568   590 V WindowManager: Orientation not waiting for draw in Window{11b56e8 u0 KeyguardScrim}, surface Surface(name=KeyguardScrim_Force_To_Dual)
01-01 22:30:27.486   568   568 V WiredAccessoryManager: init()
01-01 22:30:27.714   568   568 V WindowManager: updateRotationUnchecked(alwaysSendConfiguration=false)
01-01 22:30:27.714   568   568 V WindowManager: Deferring rotation, display is not enabled.
01-01 22:30:29.046   568   568 I ActivityManager: Start proc 1325:com.android.externalstorage/u0a5 for broadcast com.android.externalstorage/.MountReceiver
01-01 22:30:29.304   568   920 D ConnectivityService: listenForNetwork for Listen from uid/pid:1000/894 for NetworkRequest [ id=3, legacyType=-1, [ Capabilities: INTERNET&NOT_RESTRICTED&TRUSTED&NOT_VPN] ]
01-01 22:30:29.451   568   893 I StatusBarManagerService: registerStatusBar bar=com.android.internal.statusbar.IStatusBar$Stub$Proxy@b428f53
01-01 22:30:29.482   568   893 I ActivityManager: Start proc 1363:com.google.process.gapps/u0a6 for content provider com.google.android.gsf/.gservices.GservicesProvider
01-01 22:30:29.543   568   808 E WifiP2pService: Unable to change interface settings: java.lang.IllegalStateException: command '22 interface setcfg p2p0 0.0.0.0 0 up' failed with '400 22 Failed to set address (No such device)'
01-01 22:30:29.570   568   810 D WifiService: New client listening to asynchronous messages
01-01 22:30:29.635   568   842 V KeyValueBackupJob: Scheduling k/v pass in 249 minutes
01-01 22:30:29.724   568   921 D ConnectivityService: listenForNetwork for Listen from uid/pid:10014/879 for NetworkRequest [ id=4, legacyType=-1, [] ]
01-01 22:30:29.902   894  1443 W ActivityThread: ClassLoader.getResources: The class loader returned by Thread.getContextClassLoader() may fail for processes that host multiple applications. You should explicitly specify a context class loader. For example: Thread.setContextClassLoader(getClass().getClassLoader());
01-01 22:30:29.947   568   579 I ActivityManager: Start proc 1451:com.android.exchange/u0a23 for content provider com.android.exchange/.provider.ExchangeDirectoryProvider
01-01 22:30:30.136   568   810 D WifiService: New client listening to asynchronous messages
--------- beginning of main
01-01 22:30:30.433   227   819 I vpu_mem_pool: pid 227, close_vpu_memory_pool:501: vpu memory pool size (240000)
01-01 22:30:30.433   227   819 I vpu_mem_pool: pid 227, close_vpu_memory_pool:501: vpu memory pool size (160000)
01-01 22:30:30.433   227   819 I vpu_mem_pool: pid 227, close_vpu_memory_pool:501: vpu memory pool size (80000)
01-01 22:30:30.433   227   819 I vpu_mem_pool: pid 227, close_vpu_memory_pool:501: vpu memory pool size (0)
01-01 22:30:30.433   227   819 I vpu_mem_pool: pid 227, close_vpu_memory_pool:552: 
01-01 22:30:30.445  1451  1451 E ActivityThread: Failed to find provider info for com.android.email.provider
01-01 22:30:30.448  1059  1153 I ContactDirectoryManager: deleted 0 stale rows which don't have any relevant directory
01-01 22:30:30.450  1225  1494 D NativeLibraryUtils: Install completed successfully. count=12 extracted=0
01-01 22:30:30.467  1225  1225 D ChimeraCfgMgr: Reading stored module config
01-01 22:30:30.473   894  1478 W art     : Long monitor contention event with owner method=long android.database.sqlite.SQLiteConnection.nativePrepareStatement(long, java.lang.String) from SQLiteConnection.java:4294967294 waiters=1 for 371ms
01-01 22:30:30.473   894  1449 W art     : Long monitor contention event with owner method=long android.database.sqlite.SQLiteConnection.nativePrepareStatement(long, java.lang.String) from SQLiteConnection.java:4294967294 waiters=3 for 359ms
01-01 22:30:30.474   894  1483 W art     : Long monitor contention event with owner method=long android.database.sqlite.SQLiteConnection.nativePrepareStatement(long, java.lang.String) from SQLiteConnection.java:4294967294 waiters=4 for 344ms
01-01 22:30:30.474   894  1500 W art     : Long monitor contention event with owner method=long android.database.sqlite.SQLiteConnection.nativePrepareStatement(long, java.lang.String) from SQLiteConnection.java:4294967294 waiters=6 for 147ms
01-01 22:30:30.540   227   819 E CameraHal_Marvin: IMX214:  STREAM OFF ++++++++++++++
01-01 22:30:30.552   227  1521 D CameraHal: commandThread(1124): commandThread(1124): receive CMD_EXIT
01-01 22:30:30.552   227   819 D CameraHal: ~CameraHal(302): CameraHal destory success
01-01 22:30:30.553   227   819 I CameraService: disconnect: Disconnected client for camera 0 for PID 227
01-01 22:30:30.553   227   819 D RockFFPlayer: reset: in
01-01 22:30:30.553   227   819 D RockFFPlayerBase: dumpStatus(): Preapared
01-01 22:30:30.553   227   819 D RockFFPlayer: reset: stop_l in
01-01 22:30:30.553   227   819 D RockFFPlayer: stop_l: in
01-01 22:30:30.553   227   819 D RockFFPlayer: enter enqueueMessage
01-01 22:30:30.553   227   819 D RockFFPlayer: enqueueMessage:****1
01-01 22:30:30.553   227   819 D RockFFPlayer: enqueueMessage:****2
01-01 22:30:30.553   227   819 D RockFFPlayer: enqueueMessage:****3
01-01 22:30:30.553   227   819 D RockFFPlayer: enqueueMessage:Message 1,set signal
01-01 22:30:30.553   227   819 D RockFFPlayer: enqueueMessage:sync wait
01-01 22:30:30.553   227  1419 D RockFFPlayer: deliverMessage 
01-01 22:30:30.553   227  1419 D RockFFPlayer: run : dequeueMessage Message 4
01-01 22:30:30.553   227  1419 D RockFFPlayer: CMD_STOP
01-01 22:30:30.553   227  1419 D RockFFPlayer: doStop: in
01-01 22:30:30.553   227  1419 D RockFFPlayerBase: dumpStatus(): Preapared
01-01 22:30:30.553   227  1419 D RockFFPlayerBase: dumpStatus(): Stopped
01-01 22:30:30.553   227  1419 D RockFFPlayer: doRelease: in
01-01 22:30:30.553   227  1419 I FFIDecoder: waiting on end of decoder thread
01-01 22:30:30.553   227  1419 E FFMpegThread: DecoderAudio,wait
01-01 22:30:30.553   227  1419 E RockFFPlayerBase: FFMPlayerBase::flushRenderQueue in
01-01 22:30:30.553   227  1419 E RockFFPlayerBase: FFMPlayerBase::flushRenderQueue out
01-01 22:30:30.553   227  1419 D RockFFPlayer: doRelease: ok
01-01 22:30:30.553   227  1419 D RockFFPlayer: doStop: ok
01-01 22:30:30.553   227  1419 D RockFFPlayer: run : dequeueMessage Message 4 OK
01-01 22:30:30.553   227  1419 D RockFFPlayer: Messagecomplete type [4]
01-01 22:30:30.553   227  1419 D RockFFPlayer: run : Message 4 complete
01-01 22:30:30.553   227   819 D RockFFPlayer: enqueueMessage:sync wait ok
01-01 22:30:30.553   227   819 D RockFFPlayer: stop_l: clear queue ok
01-01 22:30:30.554   227   819 D RockFFPlayer: stop_l: create cancel thread ok
01-01 22:30:30.554   227  1522 D RockFFPlayer: CancelThread: in
01-01 22:30:30.554   227   819 D RockFFPlayer: stop_l: ok
01-01 22:30:30.554   227   819 D RockFFPlayer: enter enqueueMessage
01-01 22:30:30.554   227   819 D RockFFPlayer: enqueueMessage:****1
01-01 22:30:30.554   227   819 D RockFFPlayer: enqueueMessage:****2
01-01 22:30:30.554   227   819 D RockFFPlayer: enqueueMessage:****3
01-01 22:30:30.554   227   819 D RockFFPlayer: enqueueMessage:Message 1,set signal
01-01 22:30:30.554   227   819 D RockFFPlayer: enqueueMessage:sync wait
01-01 22:30:30.554   227  1419 D RockFFPlayer: deliverMessage 
01-01 22:30:30.554   227  1419 D RockFFPlayer: run : dequeueMessage Message 11
01-01 22:30:30.554   227  1419 D RockFFPlayer: CMD_RESET
01-01 22:30:30.554   227  1419 D RockFFPlayerBase: dumpStatus(): Idle
01-01 22:30:30.554   227  1419 D RockFFPlayer: doReset ok
01-01 22:30:30.554   227  1419 D RockFFPlayer: run : dequeueMessage Message 11 OK
01-01 22:30:30.554   227  1419 D RockFFPlayer: Messagecomplete type [11]
01-01 22:30:30.554   227  1419 D RockFFPlayer: run : Message 11 complete
01-01 22:30:30.554   227   819 D RockFFPlayer: enqueueMessage:sync wait ok
01-01 22:30:30.554   227   819 D RockFFPlayer: reset: do reset ok
01-01 22:30:30.554   227  1419 D RockFFPlayer: signal thread out
01-01 22:30:30.554   227  1419 D RockFFPlayer: sched_thread out
01-01 22:30:30.554   227   819 D RockFFPlayer: stop:wait is ok
01-01 22:30:30.554   227   819 D RockFFPlayer: stop:ok
01-01 22:30:30.554   227   819 D RockFFPlayer: ~RkMessageQueue
01-01 22:30:30.554   227   819 D RockFFPlayer: reset: reset ok
01-01 22:30:30.554   227   819 E FFPlayer: ~FFPlayer
01-01 22:30:30.554   227   819 D RockFFPlayer: reset: in
01-01 22:30:30.554   227   819 D RockFFPlayerBase: dumpStatus(): Idle
01-01 22:30:30.554   227   819 D RockFFPlayer: reset: in idle status, already reset
01-01 22:30:30.554   227   819 D RockFFPlayer: ~FFMPlayer in
01-01 22:30:30.554   227   819 D RockFFPlayer: reset: in
01-01 22:30:30.554   227   819 D RockFFPlayerBase: dumpStatus(): Idle
01-01 22:30:30.554   227   819 D RockFFPlayer: reset: in idle status, already reset
01-01 22:30:30.554   227  1420 I RockFFPlayer: readthread end of playing
01-01 22:30:30.554   227  1522 D FFMpegThread: DecoderAudio:~PlayerThread enter mThreadStatus=-1
01-01 22:30:30.555   227  1522 E RockFFPlayerBase: closeContext : in
01-01 22:30:30.555   227  1522 E RockFFPlayerBase: closeContext : out
01-01 22:30:30.555   227  1522 D RockFFPlayer: CancelThread: ok
01-01 22:30:30.555   227   819 D RockFFPlayer: ~FFMediaSource
01-01 22:30:30.555   227   819 D RockFFPlayer: FFMediaSource context null. 
01-01 22:30:30.555   227   819 E TraceThread:     VsyncReciver(tid = 2998843696)--> [UID=3af26355] pthread_join begin-->player = 0xb816e160
01-01 22:30:30.567   227   819 E TraceThread:     VsyncReciver(tid = 2998843696)--> [UID=3af26355] pthread_join   end-->player = 0xb816e160
01-01 22:30:30.567   227   819 D VsyncReciver: stop_l:vsyncThread down
01-01 22:30:30.567   227   819 E TraceThread:     RockFFPlayer(tid = 3001043248)--> [UID=3af26355] ~FFMPlayer Destruction; object=0xb816e160
01-01 22:30:30.567   227   819 D RockFFPlayer: ~FFMPlayer ok
01-01 22:30:30.568   227   819 D RockFFPlayerBase: ~FFMPlayerBase(():mDequeueThread down
01-01 22:30:30.568   227   819 D RockFFPlayerBase: ~RkMessageHandler
01-01 22:30:30.568   227   819 D RockFFPlayer: reset: in
01-01 22:30:30.568   227   819 D RockFFPlayerBase: dumpStatus(): Preapared
01-01 22:30:30.568   227   819 D RockFFPlayer: reset: stop_l in
01-01 22:30:30.568   227   819 D RockFFPlayer: stop_l: in
01-01 22:30:30.568   227   819 D RockFFPlayer: enter enqueueMessage
01-01 22:30:30.568   227   819 D RockFFPlayer: enqueueMessage:****1
01-01 22:30:30.568   227   819 D RockFFPlayer: enqueueMessage:****2
01-01 22:30:30.568   227   819 D RockFFPlayer: enqueueMessage:****3
01-01 22:30:30.568   227   819 D RockFFPlayer: enqueueMessage:Message 1,set signal
01-01 22:30:30.568   227   819 D RockFFPlayer: enqueueMessage:sync wait
01-01 22:30:30.568   227  1427 D RockFFPlayer: deliverMessage 
01-01 22:30:30.568   227  1427 D RockFFPlayer: run : dequeueMessage Message 4
01-01 22:30:30.568   227  1427 D RockFFPlayer: CMD_STOP
01-01 22:30:30.568   227  1427 D RockFFPlayer: doStop: in
01-01 22:30:30.568   227  1427 D RockFFPlayerBase: dumpStatus(): Preapared
01-01 22:30:30.568   227  1427 D RockFFPlayerBase: dumpStatus(): Stopped
01-01 22:30:30.568   227  1427 D RockFFPlayer: doRelease: in
01-01 22:30:30.568   227  1427 I FFIDecoder: waiting on end of decoder thread
01-01 22:30:30.568   227  1427 E FFMpegThread: DecoderAudio,wait
01-01 22:30:30.568   227  1427 E RockFFPlayerBase: FFMPlayerBase::flushRenderQueue in
01-01 22:30:30.568   227  1427 E RockFFPlayerBase: FFMPlayerBase::flushRenderQueue out
01-01 22:30:30.568   227  1427 D RockFFPlayer: doRelease: ok
01-01 22:30:30.568   227  1427 D RockFFPlayer: doStop: ok
01-01 22:30:30.568   227  1427 D RockFFPlayer: run : dequeueMessage Message 4 OK
01-01 22:30:30.568   227  1427 D RockFFPlayer: Messagecomplete type [4]
01-01 22:30:30.568   227  1427 D RockFFPlayer: run : Message 4 complete
01-01 22:30:30.568   227   819 D RockFFPlayer: enqueueMessage:sync wait ok
01-01 22:30:30.568   227   819 D RockFFPlayer: stop_l: clear queue ok
01-01 22:30:30.568   227   819 D RockFFPlayer: stop_l: create cancel thread ok
01-01 22:30:30.568   227  1523 D RockFFPlayer: CancelThread: in
01-01 22:30:30.568   227   819 D RockFFPlayer: stop_l: ok
01-01 22:30:30.568   227   819 D RockFFPlayer: enter enqueueMessage
01-01 22:30:30.568   227   819 D RockFFPlayer: enqueueMessage:****1
01-01 22:30:30.568   227   819 D RockFFPlayer: enqueueMessage:****2
01-01 22:30:30.568   227   819 D RockFFPlayer: enqueueMessage:****3
01-01 22:30:30.568   227   819 D RockFFPlayer: enqueueMessage:Message 1,set signal
01-01 22:30:30.568   227   819 D RockFFPlayer: enqueueMessage:sync wait
01-01 22:30:30.568   227  1427 D RockFFPlayer: deliverMessage 
01-01 22:30:30.568   227  1427 D RockFFPlayer: run : dequeueMessage Message 11
01-01 22:30:30.568   227  1427 D RockFFPlayer: CMD_RESET
01-01 22:30:30.568   227  1427 D RockFFPlayerBase: dumpStatus(): Idle
01-01 22:30:30.568   227  1427 D RockFFPlayer: doReset ok
01-01 22:30:30.568   227  1427 D RockFFPlayer: run : dequeueMessage Message 11 OK
01-01 22:30:30.568   227  1427 D RockFFPlayer: Messagecomplete type [11]
01-01 22:30:30.568   227  1427 D RockFFPlayer: run : Message 11 complete
01-01 22:30:30.568   227   819 D RockFFPlayer: enqueueMessage:sync wait ok
01-01 22:30:30.568   227   819 D RockFFPlayer: reset: do reset ok
01-01 22:30:30.568   227  1427 D RockFFPlayer: signal thread out
01-01 22:30:30.568   227  1427 D RockFFPlayer: sched_thread out
01-01 22:30:30.568   227   819 D RockFFPlayer: stop:wait is ok
01-01 22:30:30.568   227   819 D RockFFPlayer: stop:ok
01-01 22:30:30.568   227   819 D RockFFPlayer: ~RkMessageQueue
01-01 22:30:30.568   227   819 D RockFFPlayer: reset: reset ok
01-01 22:30:30.568   227   819 E FFPlayer: ~FFPlayer
01-01 22:30:30.568   227   819 D RockFFPlayer: reset: in
01-01 22:30:30.569   227   819 D RockFFPlayerBase: dumpStatus(): Idle
01-01 22:30:30.569   227   819 D RockFFPlayer: reset: in idle status, already reset
01-01 22:30:30.569   227   819 D RockFFPlayer: ~FFMPlayer in
01-01 22:30:30.569   227   819 D RockFFPlayer: reset: in
01-01 22:30:30.569   227   819 D RockFFPlayerBase: dumpStatus(): Idle
01-01 22:30:30.569   227   819 D RockFFPlayer: reset: in idle status, already reset
01-01 22:30:30.569   227  1428 I RockFFPlayer: readthread end of playing
01-01 22:30:30.569   227  1523 D FFMpegThread: DecoderAudio:~PlayerThread enter mThreadStatus=-1
01-01 22:30:30.569   227  1523 E RockFFPlayerBase: closeContext : in
01-01 22:30:30.569   227  1523 E RockFFPlayerBase: closeContext : out
01-01 22:30:30.570   227  1523 D RockFFPlayer: CancelThread: ok
01-01 22:30:30.570   227   819 D RockFFPlayer: ~FFMediaSource
01-01 22:30:30.570   227   819 D RockFFPlayer: FFMediaSource context null. 
01-01 22:30:30.570   227   819 E TraceThread:     VsyncReciver(tid = 2989369648)--> [UID=3af26355] pthread_join begin-->player = 0xb82032e8
01-01 22:30:30.586   227   819 E TraceThread:     VsyncReciver(tid = 2989369648)--> [UID=3af26355] pthread_join   end-->player = 0xb82032e8
01-01 22:30:30.586   227   819 D VsyncReciver: stop_l:vsyncThread down
01-01 22:30:30.586   227   819 E TraceThread:     RockFFPlayer(tid = 3001043248)--> [UID=3af26355] ~FFMPlayer Destruction; object=0xb82032e8
01-01 22:30:30.586   227   819 D RockFFPlayer: ~FFMPlayer ok
01-01 22:30:30.589   227   819 D RockFFPlayerBase: ~FFMPlayerBase(():mDequeueThread down
01-01 22:30:30.589   227   819 D RockFFPlayerBase: ~RkMessageHandler
01-01 22:30:30.589   227   819 D RockFFPlayer: reset: in
01-01 22:30:30.589   227   819 D RockFFPlayerBase: dumpStatus(): Error status
01-01 22:30:30.589   227   819 D RockFFPlayer: reset: stop_l in
01-01 22:30:30.589   227   819 D RockFFPlayer: stop_l: in
01-01 22:30:30.589   227   819 D RockFFPlayer: enter enqueueMessage
01-01 22:30:30.589   227   819 D RockFFPlayer: enqueueMessage:****1
01-01 22:30:30.589   227   819 D RockFFPlayer: enqueueMessage:****2
01-01 22:30:30.589   227   819 D RockFFPlayer: enqueueMessage:****3
01-01 22:30:30.589   227   819 D RockFFPlayer: enqueueMessage:Message 1,set signal
01-01 22:30:30.589   227   819 D RockFFPlayer: enqueueMessage:sync wait
01-01 22:30:30.589   227  1431 D RockFFPlayer: deliverMessage 
01-01 22:30:30.589   227  1431 D RockFFPlayer: run : dequeueMessage Message 4
01-01 22:30:30.589   227  1431 D RockFFPlayer: CMD_STOP
01-01 22:30:30.589   227  1431 D RockFFPlayer: doStop: in
01-01 22:30:30.589   227  1431 D RockFFPlayerBase: dumpStatus(): Error status
01-01 22:30:30.589   227  1431 D RockFFPlayerBase: dumpStatus(): Stopped
01-01 22:30:30.589   227  1431 D RockFFPlayer: doRelease: in
01-01 22:30:30.589   227  1431 D RockFFPlayer: FFMediaSource setExit, but context null
01-01 22:30:30.589   227  1431 E RockFFPlayerBase: FFMPlayerBase::flushRenderQueue in
01-01 22:30:30.589   227  1431 E RockFFPlayerBase: FFMPlayerBase::flushRenderQueue out
01-01 22:30:30.589   227  1431 D RockFFPlayer: doRelease: ok
01-01 22:30:30.589   227  1431 D RockFFPlayer: doStop: ok
01-01 22:30:30.589   227  1431 D RockFFPlayer: run : dequeueMessage Message 4 OK
01-01 22:30:30.589   227  1431 D RockFFPlayer: Messagecomplete type [4]
01-01 22:30:30.589   227  1431 D RockFFPlayer: run : Message 4 complete
01-01 22:30:30.589   227   819 D RockFFPlayer: enqueueMessage:sync wait ok
01-01 22:30:30.589   227   819 D RockFFPlayer: stop_l: clear queue ok
01-01 22:30:30.595   227  1524 D RockFFPlayer: CancelThread: in
01-01 22:30:30.595   227   819 D RockFFPlayer: stop_l: create cancel thread ok
01-01 22:30:30.595   227   819 D RockFFPlayer: stop_l: ok
01-01 22:30:30.595   227   819 D RockFFPlayer: enter enqueueMessage
01-01 22:30:30.595   227   819 D RockFFPlayer: enqueueMessage:****1
01-01 22:30:30.595   227   819 D RockFFPlayer: enqueueMessage:****2
01-01 22:30:30.595   227   819 D RockFFPlayer: enqueueMessage:****3
01-01 22:30:30.595   227   819 D RockFFPlayer: enqueueMessage:Message 1,set signal
01-01 22:30:30.595   227   819 D RockFFPlayer: enqueueMessage:sync wait
01-01 22:30:30.595   227  1431 D RockFFPlayer: deliverMessage 
01-01 22:30:30.595   227  1431 D RockFFPlayer: run : dequeueMessage Message 11
01-01 22:30:30.595   227  1431 D RockFFPlayer: CMD_RESET
01-01 22:30:30.595   227  1431 D RockFFPlayerBase: dumpStatus(): Idle
01-01 22:30:30.595   227  1431 D RockFFPlayer: doReset ok
01-01 22:30:30.595   227  1431 D RockFFPlayer: run : dequeueMessage Message 11 OK
01-01 22:30:30.595   227  1431 D RockFFPlayer: Messagecomplete type [11]
01-01 22:30:30.595   227  1431 D RockFFPlayer: run : Message 11 complete
01-01 22:30:30.595   227   819 D RockFFPlayer: enqueueMessage:sync wait ok
01-01 22:30:30.595   227   819 D RockFFPlayer: reset: do reset ok
01-01 22:30:30.596   227  1431 D RockFFPlayer: signal thread out
01-01 22:30:30.596   227  1431 D RockFFPlayer: sched_thread out
01-01 22:30:30.596   227   819 D RockFFPlayer: stop:wait is ok
01-01 22:30:30.596   227   819 D RockFFPlayer: stop:ok
01-01 22:30:30.596   227   819 D RockFFPlayer: ~RkMessageQueue
01-01 22:30:30.596   227   819 D RockFFPlayer: reset: reset ok
01-01 22:30:30.596   227  1524 E RockFFPlayerBase: closeContext : in
01-01 22:30:30.596   227   819 E FFPlayer: ~FFPlayer
01-01 22:30:30.596   227  1524 D RockFFPlayer: FFMediaSource context null. 
01-01 22:30:30.596   227  1524 E RockFFPlayerBase: closeContext : out
01-01 22:30:30.596   227  1524 D RockFFPlayer: CancelThread: ok
01-01 22:30:30.596   227   819 D RockFFPlayer: reset: in
01-01 22:30:30.596   227   819 D RockFFPlayerBase: dumpStatus(): Idle
01-01 22:30:30.596   227   819 D RockFFPlayer: reset: in idle status, already reset
01-01 22:30:30.596   227   819 D RockFFPlayer: ~FFMPlayer in
01-01 22:30:30.596   227   819 D RockFFPlayer: reset: in
01-01 22:30:30.596   227   819 D RockFFPlayerBase: dumpStatus(): Idle
01-01 22:30:30.596   227   819 D RockFFPlayer: reset: in idle status, already reset
01-01 22:30:30.596   227   819 D RockFFPlayer: ~FFMediaSource
01-01 22:30:30.596   227   819 D RockFFPlayer: FFMediaSource context null. 
01-01 22:30:30.596   227   819 E TraceThread:     VsyncReciver(tid = 2985191728)--> [UID=3af26355] pthread_join begin-->player = 0xb8251940
01-01 22:30:30.603   227   819 E TraceThread:     VsyncReciver(tid = 2985191728)--> [UID=3af26355] pthread_join   end-->player = 0xb8251940
01-01 22:30:30.603   227   819 D VsyncReciver: stop_l:vsyncThread down
01-01 22:30:30.603   227   819 E TraceThread:     RockFFPlayer(tid = 3001043248)--> [UID=3af26355] ~FFMPlayer Destruction; object=0xb8251940
01-01 22:30:30.603   227   819 D RockFFPlayer: ~FFMPlayer ok
01-01 22:30:30.603   227   819 D RockFFPlayerBase: ~FFMPlayerBase(():mDequeueThread down
01-01 22:30:30.603   227   819 D RockFFPlayerBase: ~RkMessageHandler
01-01 22:30:30.604   227   227 I CameraService: getCameraCharacteristics: Switching to HAL1 shim implementation...
01-01 22:30:30.604   227   227 D CameraHal: camera_get_camera_info(1312): camera_get_camera_info(1312): camera_1 facing(1), orientation(270)
01-01 22:30:30.604   227   227 I CameraService: CameraService::connect call (PID 227 "media", camera ID 1) for HAL version default and Camera API version 1
01-01 22:30:30.604   227   227 E CameraService: getCameraPriorityFromProcState: Received invalid process state -1 from ActivityManagerService!
01-01 22:30:30.604   227   227 D CameraHal: camera_get_camera_info(1312): camera_get_camera_info(1312): camera_1 facing(1), orientation(270)
01-01 22:30:30.604   227   227 E MediaPlayerFactory: 2019 03 30 -------- getPlayerType()111111111111 return FF_PLAYER !!!! 
01-01 22:30:30.604   227   227 I MediaPlayerFactory:  createFFPlayer
01-01 22:30:30.604   227   227 E FFPlayerHelper: isBDDirectory() ,path = /system/media/audio/ui/camera_click.ogg
01-01 22:30:30.604   227   227 E FFPlayerHelper: isBDDirectory(): no BDMV
01-01 22:30:30.604   227   227 D RkMemConfig: RkMemConfig init
01-01 22:30:30.604   227   227 E RockFFPlayerBase: FFMPlayerBase:eDisplayIdMain
01-01 22:30:30.604   227   227 D FFPlayerHelper: MediaServer is SP_FOREGROUND, tid=227
01-01 22:30:30.604   227   227 D RkBitstreamManager: RkBitStreamHelper
01-01 22:30:30.605   227   227 D RkExtensionPlayer: RkExtensionPlayer in
01-01 22:30:30.605   227   227 E RkExtensionPlayer: createDirectory(), path = /tmp/rk_ext_subtitle/
01-01 22:30:30.605   227   227 E RkExtensionPlayer: createDirectory(), create directory = /tmp/rk_ext_subtitle/ fail,reason = No such file or directory
01-01 22:30:30.605   227   227 E RkExtensionPlayer: createDirectory(), path = /data/rk_ext_subtitle/
01-01 22:30:30.605   227   227 E RkExtensionPlayer: createDirectory(), create directory = /data/rk_ext_subtitle/ fail,reason = Permission denied
01-01 22:30:30.605   227   227 E RkExtensionPlayer: createDirectory(), path = /data/media/0/rk_ext_subtitle/
01-01 22:30:30.605   227   227 E RkExtensionPlayer: createDirectory(), create directory = /data/media/0/rk_ext_subtitle/ fail,reason = Permission denied
01-01 22:30:30.605   227   227 D RkExtensionPlayer: checkDirectoryAccess: Found no Temp Subtile Directory
01-01 22:30:30.606   227   227 E TraceThread: TraceThread::randomUID() --> [UID=2259c9ca]
01-01 22:30:30.606   227   227 E TraceThread:     RockFFPlayer(tid = 3069995828)--> [UID=2259c9ca] FFMPlayer Construction; object=0xb816e160
01-01 22:30:30.606   227   227 I RockFFPlayer: setDataSource in 0xb816e160
01-01 22:30:30.606   227   227 D RockFFPlayer: start:create thread
01-01 22:30:30.607   227  1529 D RockFFPlayer: RkMessageQueue::run()
01-01 22:30:30.607   227   227 D RockFFPlayer: start:create thread ok,mThreadStatus=0
01-01 22:30:30.607   227   227 D RockFFPlayer: enter enqueueMessage
01-01 22:30:30.607   227   227 D RockFFPlayer: enqueueMessage:****1
01-01 22:30:30.607   227   227 D RockFFPlayer: enqueueMessage:****2
01-01 22:30:30.607   227   227 D RockFFPlayer: enqueueMessage:****3
01-01 22:30:30.607   227   227 D RockFFPlayer: enqueueMessage:Message 1,set signal
01-01 22:30:30.607   227   227 D RockFFPlayer: enqueueMessage:sync wait
01-01 22:30:30.608   227  1529 D RockFFPlayer: deliverMessage 
01-01 22:30:30.608   227  1529 D RockFFPlayer: run : dequeueMessage Message 20
01-01 22:30:30.608   227  1529 D RockFFPlayer: CMD_CURRENTSTATUS
01-01 22:30:30.608   227  1529 D RockFFPlayerBase: dumpStatus(): Initialized
01-01 22:30:30.608   227  1529 D RockFFPlayer: run : dequeueMessage Message 20 OK
01-01 22:30:30.608   227  1529 D RockFFPlayer: Messagecomplete type [20]
01-01 22:30:30.608   227  1529 D RockFFPlayer: run : Message 20 complete
01-01 22:30:30.608   227   227 D RockFFPlayer: enqueueMessage:sync wait ok
01-01 22:30:30.608   227   227 D RockFFPlayer: prepareAsync in
01-01 22:30:30.608   227   227 D RockFFPlayerBase: dumpStatus(): Initialized
01-01 22:30:30.608   227   227 D RockFFPlayerBase: dumpStatus(): Preparing
01-01 22:30:30.608   227  1530 I FFPlayer_Version: ******************************************
01-01 22:30:30.608   227  1530 I FFPlayer_Version: 
01-01 22:30:30.608   227  1528 E TraceThread:     VsyncReciver(tid = 2998855984)--> [UID=2259c9ca] VsyncReciver::startthread
01-01 22:30:30.608   227  1530 I FFPlayer_Version: starting main player: v2.1 2019-03-14-11:37:59.9a7e7b0a.Zho
01-01 22:30:30.608   227  1530 I FFPlayer_Version: ffplayer running on: rk3288
01-01 22:30:30.609   227  1530 I FFPlayer_Version: 
01-01 22:30:30.609   227  1530 I FFPlayer_Version: ******************************************
01-01 22:30:30.609   227  1530 I RockFFPlayer: setDataSource(url =/system/media/audio/ui/camera_click.ogg)
01-01 22:30:30.609   227   227 D RockFFPlayer: prepareAsync ok
01-01 22:30:30.609   227  1530 E RockFFPlayerBase: openContext : in
01-01 22:30:30.609   227  1530 E RockFFPlayer: ffmpeg version v2.1: git-2019-01-24-3629521
01-01 22:30:30.609   227  1530 E RockFFPlayer: av_probe_input_buffer:avio_read
01-01 22:30:30.609   227  1530 I RockFFPlayer: flv_probe get probe score: 0
01-01 22:30:30.609   227  1530 E RockFFPlayer: Hery, probe size = 0
01-01 22:30:30.609   227  1530 E RockFFPlayer: avformat_open_input:read_header
01-01 22:30:30.609   227  1530 E RockFFPlayer: avformat_open_input:read_header ok
01-01 22:30:30.609   227  1530 D RkExtensionPlayer: openContext in
01-01 22:30:30.609   227  1530 D RkExtensionPlayer: ~RkExtensionPlayer in
01-01 22:30:30.609   227  1530 D RkExtensionPlayer: RkExtensionPlayer::closeExtendSubDecoder in
01-01 22:30:30.609   227  1530 E FFExtensionSource: ~FFExtensionSource in
01-01 22:30:30.609   227  1530 D RockFFPlayer: FFMediaSource context null. 
01-01 22:30:30.609   227  1530 E FFExtensionSource: ~FFExtensionSource out
01-01 22:30:30.609   227  1530 D RockFFPlayer: ~FFMediaSource
01-01 22:30:30.609   227  1530 D RockFFPlayer: FFMediaSource context null. 
01-01 22:30:30.609   227  1530 D RkExtensionPlayer: closeExtendSubDecoder out
01-01 22:30:30.609   227  1530 E RkExtensionPlayer: deleteAllFileInDirectory(), is not exist
01-01 22:30:30.610   227  1530 E RkExtensionPlayer: deleteAllFileInDirectory(),/tmp/rk_ext_subtitle/ is not exist
01-01 22:30:30.610   227  1530 E RkExtensionPlayer: deleteAllFileInDirectory(),/data/rk_ext_subtitle/ is not exist
01-01 22:30:30.610   227  1530 E RkExtensionPlayer: deleteAllFileInDirectory(),/data/media/0/rk_ext_subtitle/ is not exist
01-01 22:30:30.610   227  1530 E RockFFPlayerBase: Fail to open ExtendSubtitle Context
01-01 22:30:30.610   227  1530 E RockFFPlayerBase: openContext : out,ret = 0
01-01 22:30:30.610   227  1530 D RockFFPlayer: the source format name: ogg
01-01 22:30:30.610   227  1530 D RockFFPlayer: find av stream info in
01-01 22:30:30.612   227  1530 E RockFFPlayer: All info may be found, format: ogg
01-01 22:30:30.612   227  1530 E RockFFPlayer: All info found, format: ogg
01-01 22:30:30.612   227  1530 E RockFFPlayer: read_size = 24
01-01 22:30:30.612   227  1530 E RockFFPlayer: update_stream_timings: st[-1205477896].duration = 20073
01-01 22:30:30.612   227  1530 E RockFFPlayer: update_stream_timings: st[-1205477896].duration = 20073
01-01 22:30:30.612   227  1530 E RockFFPlayer: estimate_timings:0: start_time: 0.000 duration: 0.020,base_time.den=48000,base_time.num=1
01-01 22:30:30.612   227  1530 E RockFFPlayer: stream: start_time: 0.000 duration: 0.418 bitrate=113 kb/s
01-01 22:30:30.612   227  1530 E RockFFPlayer: avformat_find_stream_info:find_stream_info_err:free info,ok
01-01 22:30:30.612   227  1530 D RockFFPlayer: find av stream info ok
01-01 22:30:30.612   227  1530 D RockFFPlayer: AudioStartTime=0,VideoStartTime=-1,tmpTime=-1
01-01 22:30:30.612   227  1530 E RockFFPlayer: Hery, s->duration = 418188.000000
01-01 22:30:30.612   227  1530 I RockFFPlayer: Input #0, ogg, from '/system/media/audio/ui/camera_click.ogg':
01-01 22:30:30.612   227  1530 I RockFFPlayer:   Duration: 
01-01 22:30:30.612   227  1530 I RockFFPlayer: 00:00:00.42
01-01 22:30:30.612   227  1530 I RockFFPlayer: , start: 
01-01 22:30:30.612   227  1530 I RockFFPlayer: 0.000000
01-01 22:30:30.612   227  1530 I RockFFPlayer: , bitrate: 
01-01 22:30:30.613   227  1530 I RockFFPlayer: 113 kb/s
01-01 22:30:30.613   227  1530 I RockFFPlayer: 
01-01 22:30:30.613   227  1530 I RockFFPlayer:     Stream #0:0
01-01 22:30:30.613   227  1530 I RockFFPlayer: : Audio: vorbis, 48000 Hz, mono, s16, 48 kb/s
01-01 22:30:30.613   227  1530 I RockFFPlayer: 
01-01 22:30:30.613   227  1530 I RockFFPlayer:     Metadata:
01-01 22:30:30.613   227  1530 I RockFFPlayer:       TITLE           : 
01-01 22:30:30.613   227  1530 I RockFFPlayer: Camera Shutter
01-01 22:30:30.613   227  1530 I RockFFPlayer: 
01-01 22:30:30.613   227  1530 I RockFFPlayer:       ARTIST          : 
01-01 22:30:30.613   227  1530 I RockFFPlayer: (c) 2012 Android Open Source Project
01-01 22:30:30.613   227  1530 I RockFFPlayer: 
01-01 22:30:30.613   227  1530 D RockFFPlayer: send do-prepare message in
01-01 22:30:30.613   227  1530 D RockFFPlayer: enter enqueueMessage
01-01 22:30:30.613   227  1530 D RockFFPlayer: enqueueMessage:****1
01-01 22:30:30.613   227  1530 D RockFFPlayer: enqueueMessage:****2
01-01 22:30:30.613   227  1530 D RockFFPlayer: enqueueMessage:****3
01-01 22:30:30.613   227  1530 D RockFFPlayer: enqueueMessage:Message 1,set signal
01-01 22:30:30.613   227  1530 D RockFFPlayer: enqueueMessage:sync wait
01-01 22:30:30.613   227  1529 D RockFFPlayer: deliverMessage 
