01-01 22:30:36.975   569   569 D Tethering: ACTION_USB_STATE received, usbConnected=true, mRndisEnabled=false
01-01 22:30:36.975   569   590 V WindowManager: Not displayed: s=null pv=true mDrawState=NO_SURFACE ah=false th=true a=false
01-01 22:30:36.985   569   590 E WindowManager: Unknown window type: 2999
01-01 22:30:37.000   870   870 I ndroid.systemui: type=1400 audit(0.0:16): avc: denied { write } for name="property_service" dev="tmpfs" ino=3246 scontext=u:r:platform_app:s0:c512,c768 tcontext=u:object_r:property_socket:s0 tclass=sock_file permissive=1
01-01 22:30:37.005   569  1863 I ActivityManager: Start proc 1869:com.android.keychain/1000 for service com.android.keychain/.KeyChainService
01-01 22:30:37.014   870  1407 D KeyboardUI: kkkkkkkkk   Enter onBootCompletedInternal() call playSound() ----
01-01 22:30:37.014   870  1407 D KeyboardUI: kkkkkkkkk   keyboardUI.cpp -- Enter playSound ()----
01-01 22:30:37.014   870  1407 D KeyboardUI: kkkkkkkkk   playSound ()----mLockSounds.play()
01-01 22:30:37.015   870   870 V KeyguardUpdateMonitor: kkkkkk stop service.copyfile == 0 
01-01 22:30:37.017   870  1407 W AudioTrack: AUDIO_OUTPUT_FLAG_FAST denied by client; transfer 4, track 44100 Hz, output 48000 Hz
01-01 22:30:37.019  1195  1195 D RKUpdateReceiver: action = android.hardware.usb.action.USB_STATE
01-01 22:30:37.083  1869  1869 W System  : ClassLoader referenced unknown path: /system/app/KeyChain/lib/arm
01-01 22:30:37.101   569  1886 I RecoverySystem: No recovery log file
01-01 22:30:37.102   569  1886 I BootReceiver: Copying /proc/last_kmsg to DropBox (SYSTEM_LAST_KMSG)
01-01 22:30:37.149   569  1886 I BootReceiver: Copying audit failures to DropBox
01-01 22:30:37.154   569  1886 I BootReceiver: Copied 0 worth of audits to DropBox
01-01 22:30:37.155   569  1886 I BootReceiver: Checking for fsck errors
01-01 22:30:37.302  1530  1530 E DisplayOutputManager: Error listing main interfaces :java.lang.NullPointerException: Attempt to get length of null array
01-01 22:30:37.305  1530  1530 E DisplayOutputManager: Error listing aux interfaces :java.lang.NullPointerException: Attempt to get length of null array
01-01 22:30:37.305  1530  1530 E DisplayOutputManager: There is no display interface.
01-01 22:30:37.388   569   586 W art     : Long monitor contention event with owner method=boolean com.android.server.am.ActivityManagerService.unbindService(android.app.IServiceConnection) from ActivityManagerService.java:16351 waiters=2 for 175ms
01-01 22:30:37.389   569   886 W art     : Long monitor contention event with owner method=boolean com.android.server.am.ActivityManagerService.unbindService(android.app.IServiceConnection) from ActivityManagerService.java:16351 waiters=3 for 175ms
01-01 22:30:37.399  1852  1852 D AdapterServiceConfig: Adding A2dpSinkService
01-01 22:30:37.400  1852  1852 D AdapterServiceConfig: Adding HidService
01-01 22:30:37.400  1852  1852 D AdapterServiceConfig: Adding HealthService
01-01 22:30:37.401  1852  1852 D AdapterServiceConfig: Adding PanService
01-01 22:30:37.401  1852  1852 D AdapterServiceConfig: Adding GattService
01-01 22:30:37.402  1852  1852 D AdapterServiceConfig: Adding HeadsetClientService
01-01 22:30:37.402  1852  1852 D AdapterServiceConfig: Adding AvrcpControllerService
01-01 22:30:37.433   228  1837 I AudioSink: callbackwrapper: EVENT_UNDERRUN (discarded)
01-01 22:30:37.434  1480  1480 D MtpService: starting MTP server in MTP mode
01-01 22:30:37.440  1480  1480 D MtpService: Adding MTP storage 0x10001 at /storage/emulated/0
01-01 22:30:37.449  1530  1530 D HdmiReceiver: hdmi receiver action=android.intent.action.BOOT_COMPLETED
01-01 22:30:37.449  1530  1530 D HdmiReceiver: BOOT_COMPLETED
01-01 22:30:37.459  1530  1530 D CABC    : isOpen=false
01-01 22:30:37.461  1530  1530 W System.err: java.io.FileNotFoundException: /sys/class/graphics/fb0/cabc: open failed: EACCES (Permission denied)
01-01 22:30:37.462  1530  1530 W System.err: 	at libcore.io.IoBridge.open(IoBridge.java:452)
01-01 22:30:37.462  1530  1530 W System.err: 	at java.io.FileOutputStream.<init>(FileOutputStream.java:87)
01-01 22:30:37.462  1530  1530 W System.err: 	at java.io.FileOutputStream.<init>(FileOutputStream.java:72)
01-01 22:30:37.464  1530  1530 W System.err: 	at com.android.settings.CABCReceiver.setCABC(CABCReceiver.java:59)
01-01 22:30:37.464  1530  1530 W System.err: 	at com.android.settings.CABCReceiver.onReceive(CABCReceiver.java:43)
01-01 22:30:37.464  1530  1530 W System.err: 	at android.app.ActivityThread.handleReceiver(ActivityThread.java:2725)
01-01 22:30:37.464  1530  1530 W System.err: 	at android.app.ActivityThread.-wrap14(ActivityThread.java)
01-01 22:30:37.464  1530  1530 W System.err: 	at android.app.ActivityThread$H.handleMessage(ActivityThread.java:1421)
01-01 22:30:37.465  1530  1530 W System.err: 	at android.os.Handler.dispatchMessage(Handler.java:102)
01-01 22:30:37.465  1530  1530 W System.err: 	at android.os.Looper.loop(Looper.java:148)
01-01 22:30:37.465  1530  1530 W System.err: 	at android.app.ActivityThread.main(ActivityThread.java:5417)
01-01 22:30:37.465  1530  1530 W System.err: 	at java.lang.reflect.Method.invoke(Native Method)
01-01 22:30:37.465  1530  1530 W System.err: 	at com.android.internal.os.ZygoteInit$MethodAndArgsCaller.run(ZygoteInit.java:772)
01-01 22:30:37.465  1530  1530 W System.err: 	at com.android.internal.os.ZygoteInit.main(ZygoteInit.java:662)
01-01 22:30:37.465  1530  1530 W System.err: Caused by: android.system.ErrnoException: open failed: EACCES (Permission denied)
01-01 22:30:37.466  1530  1530 W System.err: 	at libcore.io.Posix.open(Native Method)
01-01 22:30:37.466  1530  1530 W System.err: 	at libcore.io.BlockGuardOs.open(BlockGuardOs.java:186)
01-01 22:30:37.466  1530  1530 W System.err: 	at libcore.io.IoBridge.open(IoBridge.java:438)
01-01 22:30:37.466  1530  1530 W System.err: 	... 13 more
01-01 22:30:37.476   843   843 D StressTest: =========onReceive===rebootFlag:0
01-01 22:30:37.530   569   589 D BluetoothManagerService: Added callback: android.bluetooth.IBluetoothManagerCallback$Stub$Proxy@31e84bd:true
01-01 22:30:37.530  1852  1852 D BluetoothAdapterState: make() - Creating AdapterState
01-01 22:30:37.534  1852  1852 I bt_bluedroid: init
01-01 22:30:37.534  1852  1904 I BluetoothAdapterState: Entering OffState
01-01 22:30:37.538   569  1865 W Searchables: No global search activity found
01-01 22:30:37.538  1852  1905 I bt_bte_conf: bte_load_ble_conf attempt to load ble stack conf from /etc/bluetooth/ble_stack.conf
01-01 22:30:37.539  1852  1905 E bt_osi_config: config_new unable to open file '/etc/bluetooth/ble_stack.conf': No such file or directory
01-01 22:30:37.539  1852  1905 I bt_bte_conf: bte_load_ble_conf file >/etc/bluetooth/ble_stack.conf< not found
01-01 22:30:37.539  1852  1905 I bt_stack_config: init attempt to load stack conf from /etc/bluetooth/bt_stack.conf
01-01 22:30:37.540  1852  1905 E bt_btif : Get local bdaddr from vflash
01-01 22:30:37.540  1852  1905 E bt_btif : btif_fetch_local_bdaddr, local bdaddr is stored in /data/misc/bluetooth/bdaddr
01-01 22:30:37.542  1852  1905 E bt_btif : btif_fetch_local_bdaddr: Got Factory BDA cc:4b:73:82:30:51
01-01 22:30:37.542  1852  1852 I bt_bluedroid: get_profile_interface socket
01-01 22:30:37.544  1852  1852 I bt_bluedroid: get_profile_interface sdp
01-01 22:30:37.546  1852  1910 D BluetoothAdapterProperties: Address is:CC:4B:73:82:30:51
01-01 22:30:37.548  1852  1910 D BluetoothAdapterProperties: Name is: Brandon's temi
01-01 22:30:37.549  1852  1866 I bt_bluedroid: config_hci_snoop_log
01-01 22:30:37.550   569   589 D BluetoothManagerService: Broadcasting onBluetoothServiceUp() to 6 receivers.
01-01 22:30:37.554  1852  1904 D BluetoothAdapterState: Current state: OFF, message: 0
01-01 22:30:37.554  1852  1904 D BluetoothAdapterProperties: Setting state to 14
01-01 22:30:37.554  1852  1904 I BluetoothAdapterState: Bluetooth adapter state changed: 10-> 14
01-01 22:30:37.555  1852  1904 D BluetoothBondStateMachine: make
01-01 22:30:37.558  1852  1914 I BluetoothBondStateMachine: StableState(): Entering Off State
01-01 22:30:37.561  1852  1904 I BluetoothAdapterState: Entering PendingCommandState
01-01 22:30:37.562  1852  1852 I BtGatt.JNI: classInitNative(L912): classInitNative: Success!
01-01 22:30:37.565  1852  1852 D BluetoothAdapterService: getAdapterService() - returning com.android.bluetooth.btservice.AdapterService@d7f3250
01-01 22:30:37.566  1852  1852 D BtGatt.DebugUtils: handleDebugAction() action=null
01-01 22:30:37.566  1852  1852 D BtGatt.GattService: Received start request. Starting profile...
01-01 22:30:37.566  1852  1852 D BtGatt.GattService: start()
01-01 22:30:37.566  1852  1852 I bt_bluedroid: get_profile_interface gatt
01-01 22:30:37.567  1852  1852 D BluetoothAdapterService: getAdapterService() - returning com.android.bluetooth.btservice.AdapterService@d7f3250
01-01 22:30:37.567  1852  1852 D BtGatt.AdvertiseManager: advertise manager created
01-01 22:30:37.572  1852  1852 V BluetoothAdapterState: isTurningOff()=false
01-01 22:30:37.572  1852  1852 V BluetoothAdapterState: isTurningOn()=false
01-01 22:30:37.572  1852  1852 V BluetoothAdapterState: isBleTurningOn()=true
01-01 22:30:37.572  1852  1852 V BluetoothAdapterState: isBleTurningOff()=false
01-01 22:30:37.572  1852  1904 D BluetoothAdapterState: Current state: PENDING_COMMAND, message: 4
01-01 22:30:37.574  1852  1904 I bt_bluedroid: bt_bluedroid
01-01 22:30:37.574  1852  1905 D bt_stack_manager: event_start_up_stack is bringing up the stack.
01-01 22:30:37.574  1852  1905 I bt_hci  : start_up
01-01 22:30:37.581  1852  1905 D WifiHW  : check_wifi_chip_type_string: AP6335
01-01 22:30:37.581  1852  1905 D bt_vendor: vendor_open load libbt-vendor.so
01-01 22:30:37.591  1740  1909 I chatty  : uid=10006(com.google.android.gms) expire 14 lines
01-01 22:30:37.619  1740  1917 I chatty  : uid=10006(com.google.android.gms) expire 1 line
01-01 22:30:37.629  1852  1905 I bt_vendor: alloc value 0xa1e83829
01-01 22:30:37.629  1852  1905 I bt_vendor: init
01-01 22:30:37.629  1852  1905 I bt_vnd_conf: Attempt to load conf from /etc/bluetooth/bt_vendor.conf
01-01 22:30:37.644   228   814 I FrameQueueManage: FrameQueueManage::~FrameQueueManage end!
01-01 22:30:37.722  1852  1905 I bt_hci  : start_up bluetooth_rtk_h5_flag :0
01-01 22:30:37.747   569   885 I ActivityManager: Start proc 1928:com.android.managedprovisioning/u0a8 for broadcast com.android.managedprovisioning/.BootReminder
01-01 22:30:37.748  1852  1905 D bt_upio : Delay 500ms for bluetooth power up
01-01 22:30:37.831  1928  1928 W System  : ClassLoader referenced unknown path: /system/priv-app/ManagedProvisioning/lib/arm
01-01 22:30:37.876   569  1227 I ActivityManager: Start proc 1947:com.android.onetimeinitializer/u0a9 for broadcast com.android.onetimeinitializer/.OneTimeInitializerReceiver
01-01 22:30:38.054  1947  1947 W System  : ClassLoader referenced unknown path: /system/priv-app/OneTimeInitializer/lib/arm
01-01 22:30:38.057  1947  1947 V OneTimeInitializerRece: OneTimeInitializerReceiver.onReceive
01-01 22:30:38.078   569  1257 I ActivityManager: Start proc 1965:com.google.android.inputmethod.pinyin/u0a25 for broadcast com.google.android.inputmethod.pinyin/com.google.android.apps.inputmethod.libs.framework.core.LauncherIconVisibilityInitializer
01-01 22:30:38.218  1965  1965 W System  : ClassLoader referenced unknown path: /system/app/GoogleInput/lib/arm
01-01 22:30:38.368  1480  1946 W MediaScanner: Error opening directory '/oem/media/', skipping: No such file or directory.
01-01 22:30:38.388  1852  1905 D bt_upio : Delay 500ms for bluetooth power up
01-01 22:30:38.542  1740  1919 I chatty  : uid=10006(com.google.android.gms) expire 24 lines
01-01 22:30:38.619  1144  1144 I chatty  : uid=10006 com.google.android.gms.persistent expire 13 lines
01-01 22:30:38.666  1144  1991 I chatty  : uid=10006 com.google.android.gms.persistent expire 1 line
01-01 22:30:38.683  1740  1995 I chatty  : uid=10006(com.google.android.gms) expire 7 lines
01-01 22:30:38.689  1144  1997 I chatty  : uid=10006 com.google.android.gms.persistent expire 2 lines
01-01 22:30:38.774  1965  1965 I AndroidIME: com.google.android.apps.inputmethod.libs.framework.core.LauncherIconVisibilityInitializerBase: android.intent.action.BOOT_COMPLETED
01-01 22:30:38.785  1111  1111 I SystemBroadcastReceiver: Boot has been completed
01-01 22:30:38.785  1111  1111 I SystemBroadcastReceiver: toggleAppIcon() : FLAG_SYSTEM = true
01-01 22:30:38.793  1195  1195 D RKUpdateReceiver: action = android.intent.action.BOOT_COMPLETED
01-01 22:30:38.793  1195  1195 D RKUpdateReceiver: RKUpdateReceiver recv ACTION_BOOT_COMPLETED.
01-01 22:30:38.803  1195  1195 I android_rockchip_update_UpdateService.cpp: JNI_OnLoad
01-01 22:30:38.806   569   885 I ActivityManager: Start proc 2003:com.google.android.youtube/u0a43 for broadcast com.google.android.youtube/com.google.android.libraries.youtube.mdx.background.MdxBackgroundScanBootReceiver
01-01 22:30:38.809  1195  1195 D RKUpdateService: starting RKUpdateService, version is 1.8.0
01-01 22:30:38.811  1195  1195 D RKUpdateService: remote uri is http://ro.product.ota.host=120.76.73.32:2305/OtaUpdater/android?product=rk3288&version=1.0.1&sn=SZJHWJZQZ0&country=US&language=en
01-01 22:30:38.811  1195  1195 D RKUpdateService: remote uri backup is http://192.168.1.143:2300/OtaUpdater/android?product=rk3288&version=1.0.1&sn=SZJHWJZQZ0&country=US&language=en
01-01 22:30:38.813  1195  1195 D RKUpdateService: first startup!!!
01-01 22:30:38.815  1195  1195 D RKUpdateService: onStartCommand.......
01-01 22:30:38.816  1195  1195 D RKUpdateService: command = 1 delaytime = 20000
01-01 22:30:38.816  1195  1195 D RKUpdateService: onStartCommand.......
01-01 22:30:38.816  1195  1195 D RKUpdateService: command = 2 delaytime = 25000
01-01 22:30:38.861  1740  1750 I chatty  : uid=10006(com.google.android.gms) HeapTaskDaemon expire 1 line
01-01 22:30:38.947  1740  2028 I chatty  : uid=10006(com.google.android.gms) expire 1 line
01-01 22:30:39.088  1852  1905 D bt_hci  : start_up starting async portion
01-01 22:30:39.088  1852  1918 I bt_hci  : event_finish_startup
01-01 22:30:39.088  1852  1918 I bt_hci_h4: hal_open
01-01 22:30:39.088  1852  1918 I bt_userial_vendor: userial vendor open: opening /dev/ttyS0
01-01 22:30:39.089  1852  1918 I bt_userial_vendor: device fd = 52 open
01-01 22:30:39.098  1852  1918 I bt_hwcfg: bt vendor lib: set UART baud 1500000
01-01 22:30:39.166   569  1227 W art     : Long monitor contention event with owner method=java.util.List com.android.server.am.ActivityManagerService.getServices(int, int) from ActivityManagerService.java:16080 waiters=0 for 219ms
01-01 22:30:39.186  1740  2036 I chatty  : uid=10006(com.google.android.gms) expire 3 lines
01-01 22:30:39.301  1852  1918 D bt_hwcfg: Chipset BCM4354A2
01-01 22:30:39.301  1852  1918 D bt_hwcfg: Target name = [BCM4354A2]
01-01 22:30:39.301  1852  1918 D WifiHW  : check_wifi_chip_type_string: AP6335
01-01 22:30:39.301  1852  1918 I bt_hwcfg: BT module name is: AP6335, p_chip_id_str = BCM4354A2
01-01 22:30:39.301  1852  1918 I bt_hwcfg: Target HCD file name is: BCM4356A2.hcd
01-01 22:30:39.386  1852  1918 I bt_hwcfg: Found patchfile: /vendor/firmware//BCM4356A2.hcd
01-01 22:30:39.648  1144  2050 I chatty  : uid=10006(com.google.android.gms) AsyncTask #1 expire 1 line
01-01 22:30:39.653  2003  2003 W FileProviderCompat: isPatchingNecessary returned true and in == null: false
01-01 22:30:39.705  2003  2003 W PatchedPackageManager: patching ProviderInfo. Metadata was not null
01-01 22:30:39.706  2003  2003 W PatchedPackageManager: resolveContentProvider flags: 128 ret: ContentProviderInfo{name=com.google.android.youtube.fileprovider className=com.google.android.apps.youtube.app.common.util.FileProviderCompat}
01-01 22:30:39.737  1144  1759 I chatty  : uid=10006 com.google.android.gms.persistent expire 1 line
01-01 22:30:39.749  1740  2054 I chatty  : uid=10006(com.google.android.gms) expire 2 lines
01-01 22:30:39.756  2003  2003 W YT      : Last known version:13.35.51
01-01 22:30:39.817  1144  2067 I chatty  : uid=10006 com.google.android.gms.persistent expire 1 line
01-01 22:30:39.850  1740  2066 I chatty  : uid=10006(com.google.android.gms) lowpool[1] expire 1 line
01-01 22:30:39.868  1740  2076 I chatty  : uid=10006(com.google.android.gms) AsyncTask #1 expire 1 line
01-01 22:30:40.091  2003  2090 W YouTube : Fetching the Gservices key 'failsafe_clear_cache_release_13_02' before the end of the bulk initialization
01-01 22:30:40.130  1852  1918 I bt_hwcfg: bt vendor lib: set UART baud 115200
01-01 22:30:40.247  2003  2086 W art     : Long monitor contention event with owner method=void wpy.<clinit>() from SourceFile:141 waiters=2 for 159ms
01-01 22:30:40.330  1852  1918 D bt_hwcfg: Settlement delay -- 200 ms
01-01 22:30:40.330  1852  1918 I bt_hwcfg: Setting fw settlement delay to 200 
01-01 22:30:40.362  1740  2101 I chatty  : uid=10006(com.google.android.gms) expire 3 lines
01-01 22:30:40.446  2003  2086 W YouTube : Fetching the Gservices key 'disable_binder_callback_flush' before the end of the bulk initialization
01-01 22:30:40.462   228   264 D alsa_route: route_set_controls() set route 24
01-01 22:30:40.462   228   264 D AudioHardwareTiny: close device
01-01 22:30:40.467  2003  2088 W GooglePlayServicesUtil: Google Play services out of date.  Requires 11910000 but found 9083436
01-01 22:30:40.532  1740  2062 I chatty  : uid=10006(com.google.android.gms) expire 1 line
01-01 22:30:40.540  1852  1918 I bt_hwcfg: bt vendor lib: set UART baud 1500000
01-01 22:30:40.601   569   589 E BluetoothManagerService: waitForOnOff time out
01-01 22:30:40.608  1852  1904 D BluetoothAdapterState: Current state: PENDING_COMMAND, message: 23
01-01 22:30:40.608  1852  1904 I BluetoothAdapterState: Deferring BLE_TURN_OFF request...
01-01 22:30:40.691  2003  2088 W GooglePlayServicesUtil: Google Play services out of date.  Requires 11910000 but found 9083436
01-01 22:30:40.700  2003  2112 W GooglePlayServicesUtil: Google Play services out of date.  Requires 11910000 but found 9083436
01-01 22:30:40.740  1852  1918 I bt_hwcfg: Setting local bd addr to CC:4B:73:82:30:51
01-01 22:30:40.741  1852  1918 I bt_hwcfg: vendor lib fwcfg completed
01-01 22:30:40.741  1852  1918 I bt_vendor: firmware callback
01-01 22:30:40.741  1852  1918 I bt_hci  : firmware_config_callback
01-01 22:30:40.743  1852  2119 I bt_btu  : btu_task pending for preload complete event
01-01 22:30:40.743  1852  2119 I bt_btu_task: Bluetooth chip preload is complete
01-01 22:30:40.743  1852  2119 I bt_btu  : btu_task received preload complete event
01-01 22:30:40.745  1852  2119 I         : BTE_InitTraceLevels -- TRC_HCI
01-01 22:30:40.745  1852  2119 I         : BTE_InitTraceLevels -- TRC_L2CAP
01-01 22:30:40.745  1852  2119 I         : BTE_InitTraceLevels -- TRC_RFCOMM
01-01 22:30:40.745  1852  2119 I         : BTE_InitTraceLevels -- TRC_AVDT
01-01 22:30:40.745  1852  2119 I         : BTE_InitTraceLevels -- TRC_AVRC
01-01 22:30:40.745  1852  2119 I         : BTE_InitTraceLevels -- TRC_A2D
01-01 22:30:40.745  1852  2119 I         : BTE_InitTraceLevels -- TRC_BNEP
01-01 22:30:40.745  1852  2119 I         : BTE_InitTraceLevels -- TRC_BTM
01-01 22:30:40.745  1852  2119 I         : BTE_InitTraceLevels -- TRC_GAP
01-01 22:30:40.745  1852  2119 I         : BTE_InitTraceLevels -- TRC_PAN
01-01 22:30:40.745  1852  2119 I         : BTE_InitTraceLevels -- TRC_SDP
01-01 22:30:40.745  1852  2119 I         : BTE_InitTraceLevels -- TRC_GATT
01-01 22:30:40.745  1852  2119 I         : BTE_InitTraceLevels -- TRC_SMP
01-01 22:30:40.745  1852  2119 I         : BTE_InitTraceLevels -- TRC_BTAPP
01-01 22:30:40.745  1852  2119 I         : BTE_InitTraceLevels -- TRC_BTIF
01-01 22:30:40.857  1852  2119 I bt_btm_sec: BTM_SecRegister p_cb_info->p_le_callback == 0x0xa1e01599
01-01 22:30:40.857  1852  2119 I bt_btm_sec: BTM_SecRegister btm_cb.api.p_le_callback = 0x0xa1e01599 
01-01 22:30:40.882  1852  1910 I bt_btif_storage: btif_storage_get_adapter_property service_mask:0x20000000
01-01 22:30:40.883  1852  1910 D BluetoothAdapterProperties: Address is:CC:4B:73:82:30:51
01-01 22:30:40.884  1852  1910 D BluetoothAdapterProperties: Name is: Brandon's temi
01-01 22:30:40.884  1852  1910 D BluetoothAdapterProperties: Scan Mode:20
01-01 22:30:40.884  1852  1910 D BluetoothAdapterProperties: Discoverable Timeout:120
01-01 22:30:40.884  1852  1910 D bt_hci  : do_postload posting postload work item
01-01 22:30:40.884  1852  1918 I bt_hci  : event_postload
01-01 22:30:40.884  1852  1918 D bt_vendor: SCO config
01-01 22:30:40.884  1852  1918 I bt_vendor: sco_config_cb
01-01 22:30:40.884  1852  1918 I bt_hci  : sco_config_callback postload finished.
01-01 22:30:40.958  2003  2013 W art     : Suspending all threads took: 182.437ms
01-01 22:30:40.989  1852  1910 D bt_bte_conf: Device ID record 1 : primary
01-01 22:30:40.989  1852  1910 D bt_bte_conf:   vendorId            = 000f
01-01 22:30:40.989  1852  1910 D bt_bte_conf:   vendorIdSource      = 0001
01-01 22:30:40.989  1852  1910 D bt_bte_conf:   product             = 1200
01-01 22:30:40.989  1852  1910 D bt_bte_conf:   version             = 1436
01-01 22:30:40.989  1852  1910 D bt_bte_conf:   clientExecutableURL = 
01-01 22:30:40.989  1852  1910 D bt_bte_conf:   serviceDescription  = 
01-01 22:30:40.989  1852  1910 D bt_bte_conf:   documentationURL    = 
01-01 22:30:40.989  1852  1910 D bt_bte_conf: bte_load_did_conf no section named DID2.
01-01 22:30:40.989  1852  1905 D bt_stack_manager: event_start_up_stack finished
01-01 22:30:40.990  1852  1904 D BluetoothAdapterState: Current state: PENDING_COMMAND, message: 3
01-01 22:30:40.990  1852  1904 D BluetoothAdapterProperties: Setting state to 15
01-01 22:30:40.990  1852  1904 I BluetoothAdapterState: Bluetooth adapter state changed: 14-> 15
01-01 22:30:40.991  1852  1904 I BluetoothAdapterState: Entering BleOnState
01-01 22:30:40.991  1852  1904 D BluetoothAdapterState: Current state: BLE ON, message: 23
01-01 22:30:40.995  1852  1904 D BluetoothAdapterState: Current state: BLE ON, message: 1
01-01 22:30:40.995  1852  1904 D BluetoothAdapterProperties: Setting state to 11
01-01 22:30:40.995  1852  1904 I BluetoothAdapterState: Bluetooth adapter state changed: 15-> 11
01-01 22:30:41.002  1852  1852 D BluetoothAdapterService: getAdapterService() - returning com.android.bluetooth.btservice.AdapterService@d7f3250
01-01 22:30:41.003  1852  1852 D A2dpSinkService: Received start request. Starting profile...
01-01 22:30:41.004  1852  1852 I BluetoothA2dpSinkServiceJni: classInitNative: succeeds
01-01 22:30:41.004  1852  1852 D A2dpSinkStateMachine: make
01-01 22:30:41.009  1852  1852 I bt_bluedroid: get_profile_interface a2dp_sink
01-01 22:30:41.009  1852  1852 E bt_btif : ## A2DP START MEDIA THREAD ##
01-01 22:30:41.011  1852  1910 I bt_btif_storage: btif_storage_get_adapter_property service_mask:0x20000008
01-01 22:30:41.013  1852  2129 E bt_btif : SETUP CHANNEL SERVER 0
01-01 22:30:41.016  1852  1910 I bt_btif_storage: btif_storage_get_adapter_property service_mask:0x20040008
01-01 22:30:41.018  1852  1904 I BluetoothAdapterState: Entering PendingCommandState
01-01 22:30:41.029  1852  2128 D A2dpSinkStateMachine: Enter Disconnected: -2
01-01 22:30:41.029  1852  2128 D A2dpSinkStateMachine: stopPcmRead false
01-01 22:30:41.029  1852  2128 D A2dpSinkStateMachine: audioPause false
01-01 22:30:41.029  1852  1852 I BluetoothHidServiceJni: classInitNative: succeeds
01-01 22:30:41.030  1852  1852 D BluetoothAdapterService: getAdapterService() - returning com.android.bluetooth.btservice.AdapterService@d7f3250
01-01 22:30:41.033  1852  1852 D HidService: Received start request. Starting profile...
01-01 22:30:41.033  1852  1852 I bt_bluedroid: get_profile_interface hidhost
01-01 22:30:41.033  1852  1910 I bt_bta_hh: BTA_HhEnable sec_mask:0x36 p_cback:0xa1de2409
01-01 22:30:41.033  1852  1910 I bt_btif_storage: btif_storage_get_adapter_property service_mask:0x20140008
01-01 22:30:41.034  1852  1852 D HidService: setHidService(): set to: null
01-01 22:30:41.034  1852  1852 I BluetoothHealthServiceJni: classInitNative: succeeds
01-01 22:30:41.035  1852  1852 D BluetoothAdapterService: getAdapterService() - returning com.android.bluetooth.btservice.AdapterService@d7f3250
01-01 22:30:41.036  1852  1852 D HealthService: Received start request. Starting profile...
01-01 22:30:41.038  1852  1852 I bt_bluedroid: get_profile_interface health
01-01 22:30:41.043   870   870 D BluetoothInputDevice: Proxy object connected
01-01 22:30:41.044  1852  1852 I BluetoothPanServiceJni: classInitNative(L105): succeeds
01-01 22:30:41.044   870   870 D HidProfile: Bluetooth service connected
01-01 22:30:41.045  1852  1852 D BluetoothAdapterService: getAdapterService() - returning com.android.bluetooth.btservice.AdapterService@d7f3250
01-01 22:30:41.047   870   870 D BluetoothPan: BluetoothPAN Proxy object connected
01-01 22:30:41.047   870   870 D PanProfile: Bluetooth service connected
01-01 22:30:41.048  1852  1852 D PanService: Received start request. Starting profile...
01-01 22:30:41.048  1852  1852 D BluetoothPanServiceJni: initializeNative(L110): pan
01-01 22:30:41.048  1852  1852 I bt_bluedroid: get_profile_interface pan
01-01 22:30:41.049  1852  1910 D BluetoothPanServiceJni: control_state_callback(L61): state:0, local_role:3, ifname:bt-pan
01-01 22:30:41.054  1852  1852 D BluetoothAdapterService: getAdapterService() - returning com.android.bluetooth.btservice.AdapterService@d7f3250
01-01 22:30:41.054  1852  1852 D HeadsetClientService: Received start request. Starting profile...
01-01 22:30:41.055  1852  1852 I BluetoothHeadsetClientServiceJni: classInitNative succeeds
01-01 22:30:41.055  1852  1852 D HeadsetClientStateMachine: make
01-01 22:30:41.087   228   814 E MediaPlayerFactory: 2019 03 30 -------- getPlayerType()---------------- 234 !!!! 
01-01 22:30:41.087   228   814 E MediaPlayerFactory: filePath = /system/media/audio/alarms/Alarm_Classic.ogg 
01-01 22:30:41.087   228   814 E MediaPlayerFactory: 2019 03 30 -------- getPlayerType()---------------- return STAGEFRIGHT_PLAYER !!!! 
01-01 22:30:41.087   228   814 I AwesomePlayer: AwesomePlayer::AwesomePlayer()in
01-01 22:30:41.088   228   814 I AwesomePlayer: AwesomePlayer::AwesomePlayer()aftermClient.connect()
01-01 22:30:41.112   228   814 D AwesomePlayer: the format is mimeTypeapplication/ogg,confidence:0.200000
01-01 22:30:41.129   228  2173 I OMXCodec: --->InstantiateSoftwareCodec create OMX.google.vorbis.decoder codec
01-01 22:30:41.132  1852  1852 D MediaPlayer: setSubtitleAnchor in MediaPlayer
01-01 22:30:41.136  1852  1852 D Ringtone: Successfully created local player
01-01 22:30:41.136  1852  1852 I bt_bluedroid: get_profile_interface handsfree_client
01-01 22:30:41.137  1852  1910 I bt_btif_storage: btif_storage_get_adapter_property service_mask:0x21140008
01-01 22:30:41.138  1852  2135 D HeadsetClientStateMachine: Enter Disconnected: -2
01-01 22:30:41.143  1852  1852 I BluetoothAvrcpControllerJni: classInitNative: succeeds
01-01 22:30:41.143  1852  1852 I bt_bluedroid: get_profile_interface avrcp_ctrl
01-01 22:30:41.143  1852  1852 D BluetoothAdapterService: getAdapterService() - returning com.android.bluetooth.btservice.AdapterService@d7f3250
01-01 22:30:41.144   887   887 D BluetoothAvrcpController: Proxy object connected
01-01 22:30:41.144  1852  1852 D AvrcpControllerService: Received start request. Starting profile...
01-01 22:30:41.145  1852  1852 V BluetoothAdapterState: isTurningOff()=false
01-01 22:30:41.145  1852  1852 V BluetoothAdapterState: isTurningOn()=true
01-01 22:30:41.145  1852  1852 V BluetoothAdapterState: isBleTurningOn()=false
01-01 22:30:41.145  1852  1852 V BluetoothAdapterState: isBleTurningOff()=false
01-01 22:30:41.146  1852  1852 V BluetoothAdapterState: isTurningOff()=false
01-01 22:30:41.146  1852  1852 V BluetoothAdapterState: isTurningOn()=true
01-01 22:30:41.146  1852  1852 V BluetoothAdapterState: isBleTurningOn()=false
01-01 22:30:41.146  1852  1852 V BluetoothAdapterState: isBleTurningOff()=false
01-01 22:30:41.146  1852  1852 V BluetoothAdapterState: isTurningOff()=false
01-01 22:30:41.146  1852  1852 V BluetoothAdapterState: isTurningOn()=true
01-01 22:30:41.146  1852  1852 V BluetoothAdapterState: isBleTurningOn()=false
01-01 22:30:41.146  1852  1852 V BluetoothAdapterState: isBleTurningOff()=false
01-01 22:30:41.147  1852  1852 V BluetoothAdapterState: isTurningOff()=false
01-01 22:30:41.147  1852  1852 V BluetoothAdapterState: isTurningOn()=true
01-01 22:30:41.147  1852  1852 V BluetoothAdapterState: isBleTurningOn()=false
01-01 22:30:41.147  1852  1852 V BluetoothAdapterState: isBleTurningOff()=false
01-01 22:30:41.148  1852  1852 V BluetoothAdapterState: isTurningOff()=false
01-01 22:30:41.148  1852  1852 V BluetoothAdapterState: isTurningOn()=true
01-01 22:30:41.148  1852  1852 V BluetoothAdapterState: isBleTurningOn()=false
01-01 22:30:41.148  1852  1852 V BluetoothAdapterState: isBleTurningOff()=false
01-01 22:30:41.149  1852  1852 V BluetoothAdapterState: isTurningOff()=false
01-01 22:30:41.149  1852  1852 V BluetoothAdapterState: isTurningOn()=true
01-01 22:30:41.149  1852  1852 V BluetoothAdapterState: isBleTurningOn()=false
01-01 22:30:41.149  1852  1852 V BluetoothAdapterState: isBleTurningOff()=false
01-01 22:30:41.149  1852  1904 D BluetoothAdapterState: Current state: PENDING_COMMAND, message: 2
01-01 22:30:41.149  1852  1904 D BluetoothAdapterProperties: ScanMode =  20
01-01 22:30:41.149  1852  1904 D BluetoothAdapterProperties: State =  11
01-01 22:30:41.149  1852  1904 D BluetoothAdapterProperties: Setting state to 12
01-01 22:30:41.149  1852  1904 I BluetoothAdapterState: Bluetooth adapter state changed: 11-> 12
01-01 22:30:41.150   870   883 D BluetoothInputDevice: onBluetoothStateChange: up=true
01-01 22:30:41.150   569   589 D BluetoothHeadset: onBluetoothStateChange: up=true
01-01 22:30:41.150  1852  1910 D BluetoothAdapterProperties: Scan Mode:21
01-01 22:30:41.150   870   884 D BluetoothMap: onBluetoothStateChange: up=true
01-01 22:30:41.150  1852  1910 D BluetoothAdapterProperties: Discoverable Timeout:120
01-01 22:30:41.150  1852  1904 I BluetoothAdapterState: Entering OnState
01-01 22:30:41.150   870   884 E BluetoothMap: Could not bind to Bluetooth MAP Service with Intent { act=android.bluetooth.IBluetoothMap }
01-01 22:30:41.151   569   589 D BluetoothA2dp: onBluetoothStateChange: up=true
01-01 22:30:41.151   569   589 E BluetoothA2dp: Could not bind to Bluetooth A2DP Service with Intent { act=android.bluetooth.IBluetoothA2dp }
01-01 22:30:41.151   569   589 D BluetoothHeadset: onBluetoothStateChange: up=true
01-01 22:30:41.151   887   899 D BluetoothAvrcpController: onBluetoothStateChange: up=true
01-01 22:30:41.152   870  1472 D BluetoothPbap: onBluetoothStateChange: up=true
01-01 22:30:41.152  1852  1904 D BluetoothAdapterService: BBBBBBBBBBBBBB Enter autoConnectA2dpSink() ...
01-01 22:30:41.153   569   589 D BluetoothHeadset: onBluetoothStateChange: up=true
01-01 22:30:41.153   870   883 D BluetoothPan: onBluetoothStateChange on: true
01-01 22:30:41.153   859   876 D BluetoothHeadset: onBluetoothStateChange: up=true
01-01 22:30:41.155   569   569 I Telecom : BluetoothPhoneService: queryPhoneState
01-01 22:30:41.159   870  1433 D LocalBluetoothProfileManager: Adding local A2DP profile
01-01 22:30:41.174   870  1433 E BluetoothA2dp: Could not bind to Bluetooth A2DP Service with Intent { act=android.bluetooth.IBluetoothA2dp }
01-01 22:30:41.190  1852  1910 D BluetoothAdapterProperties: Name is: Brandon's temi
01-01 22:30:41.267  2003  2166 W art     : Long monitor contention event with owner method=int libcore.io.Memory.peekInt(long, boolean) from Memory.java:160 waiters=2 for 140ms
01-01 22:30:41.267  2003  2158 W art     : Long monitor contention event with owner method=int libcore.io.Memory.peekInt(long, boolean) from Memory.java:160 waiters=3 for 140ms
01-01 22:30:41.268  2003  2170 W art     : Long monitor contention event with owner method=int libcore.io.Memory.peekInt(long, boolean) from Memory.java:160 waiters=5 for 104ms
01-01 22:30:41.439  1144  1658 I chatty  : uid=10006(com.google.android.gms) lowpool[1] expire 3 lines
01-01 22:30:41.488  1144  2055 I chatty  : uid=10006 com.google.android.gms.persistent expire 2 lines
01-01 22:30:41.501  1144  1165 D StrictMode: Wrote violation #0 of 1: 10288 bytes
01-01 22:30:41.502  1144  1165 D StrictMode: Wrote violation #0 of 1: 11772 bytes
01-01 22:30:41.502  1144  1165 D StrictMode: Wrote violation #0 of 1: 13256 bytes
01-01 22:30:41.503  1144  1165 D StrictMode: Wrote violation #0 of 1: 14740 bytes
01-01 22:30:41.504  1144  1165 D StrictMode: Wrote violation #0 of 1: 16224 bytes
01-01 22:30:41.505  1144  1165 D StrictMode: Wrote violation #0 of 1: 17708 bytes
01-01 22:30:41.505  1144  1599 I chatty  : uid=10006(com.google.android.gms) FlpThread expire 3 lines
01-01 22:30:41.506  1144  1165 D StrictMode: Wrote violation #0 of 1: 19192 bytes
01-01 22:30:41.507  1144  1165 D Error   : ERR: exClass=android.os.StrictMode$StrictModeDiskReadViolation
01-01 22:30:41.507  1144  1165 D Error   : ERR: exMsg=policy=6815751 violation=2
01-01 22:30:41.507  1144  1165 D Error   : ERR: file=StrictMode.java
01-01 22:30:41.507  1144  1165 D Error   : ERR: class=android.os.StrictMode$AndroidBlockGuardPolicy
01-01 22:30:41.507  1144  1165 D Error   : ERR: method=onReadFromDisk line=1263
01-01 22:30:41.508  1144  1165 D Error   : ERR: stack=android.os.StrictMode$StrictModeDiskReadViolation: policy=6815751 violation=2
01-01 22:30:41.508  1144  1165 D Error   : 	at android.os.StrictMode$AndroidBlockGuardPolicy.onReadFromDisk(StrictMode.java:1263)
01-01 22:30:41.508  1144  1165 D Error   : 	at android.app.SharedPreferencesImpl.awaitLoadedLocked(SharedPreferencesImpl.java:203)
01-01 22:30:41.508  1144  1165 D Error   : 	at android.app.SharedPreferencesImpl.getString(SharedPreferencesImpl.java:224)
01-01 22:30:41.508  1144  1165 D Error   : 	at rah.a(SourceFile:60)
01-01 22:30:41.508  1144  1165 D Error   : 	at rai.a(SourceFile:2052)
01-01 22:30:41.508  1144  1165 D Error   : 	at rap.c(SourceFile:205)
01-01 22:30:41.508  1144  1165 D Error   : 	at qzo.onTransact(SourceFile:150)
01-01 22:30:41.508  1144  1165 D Error   : 	at android.os.Binder.execTransact(Binder.java:453)
01-01 22:30:41.508  1144  1165 D Error   : # via Binder call with stack:
01-01 22:30:41.508  1144  1165 D Error   : android.os.StrictMode$LogStackTrace
01-01 22:30:41.508  1144  1165 D Error   : 	at android.os.StrictMode.readAndHandleBinderCallViolations(StrictMode.java:1911)
01-01 22:30:41.508  1144  1165 D Error   : 	at android.os.Parcel.readExceptionCode(Parcel.java:1601)
01-01 22:30:41.508  1144  1165 D Error   : 	at android.os.Parcel.readException(Parcel.java:1570)
01-01 22:30:41.508  1144  1165 D Error   : 	at joh.c(SourceFile:111)
01-01 22:30:41.508  1144  1165 D Error   : 	at ihg.equals(SourceFile:78)
01-01 22:30:41.508  1144  1165 D Error   : 	at izd.b(SourceFile:245)
01-01 22:30:41.508  1144  1165 D Error   : 	at izd.a(SourceFile:152)
01-01 22:30:41.508  1144  1165 D Error   : 	at izd.b(SourceFile:137)
01-01 22:30:41.508  1144  1165 D Error   : 	at izd.b(SourceFile:99)
01-01 22:30:41.508  1144  1165 D Error   : 	at aefd.c(SourceFile:571)
01-01 22:30:41.508  1144  1165 D Error   : 	at aefd.a(SourceFile:181)
01-01 22:30:41.508  1144  1165 D Error   : 	at aefe.b(SourceFile:93)
01-01 22:30:41.508  1144  1165 D Error   : 	at qmd.a(SourceFile:74)
01-01 22:30:41.508  1144  1165 D Error   : 	at qjf.a(SourceFile:1278)
01-01 22:30:41.508  1144  1165 D Error   : 	at rah.b(SourceFile:104)
01-01 22:30:41.508  1144  1165 D Error   : 	at rah.a(SourceFile:72)
01-01 22:30:41.508  1144  1165 D Error   : 	at rai.a(SourceFile:2052)
01-01 22:30:41.508  1144  1165 D Error   : 	at rap.c(SourceFile:205)
01-01 22:30:41.508  1144  1165 D Error   : 	at qzo.onTransact(SourceFile:150)
01-01 22:30:41.508  1144  1165 D Error   : 	at android.os.Binder.execTransact(Binder.java:453)
01-01 22:30:41.508  1144  1165 D Error   : # via Binder call with stack:
01-01 22:30:41.508  1144  1165 D Error   : android.os.StrictMode$LogStackTrace
01-01 22:30:41.508  1144  1165 D Error   : 	at android.os.StrictMode.readAndHandleBinderCallViolations(StrictMode.java:1911)
01-01 22:30:41.508  1144  1165 D Error   : 	at android.os.Parcel.readExceptionCode(Parcel.java:1601)
01-01 22:30:41.508  1144  1165 D Error   : 	at android.os.Parcel.readException(Parcel.java:1570)
01-01 22:30:41.508  1144  1165 D Error   : 	at joh.c(SourceFile:111)
01-01 22:30:41.508  1144  1165 D Error   : 	at ihg.equals(SourceFile:78)
01-01 22:30:41.508  1144  1165 D Error   : 	at izd.b(SourceFile:245)
01-01 22:30:41.508  1144  1165 D Error   : 	at izd.a(SourceFile:152)
01-01 22:30:41.508  1144  1165 D Error   : 	at izd.b(SourceFile:137)
01-01 22:30:41.508  1144  1165 D Error   : 	at izd.b(SourceFile:99)
01-01 22:30:41.508  1144  1165 D Error   : 	at aefd.c(SourceFile:571)
01-01 22:30:41.508  1144  1165 D Error   : 	at aefd.a(SourceFile:181)
01-01 22:30:41.508  1144  1165 D Error   : 	at aefe.b(SourceFile:93)
01-01 22:30:41.508  1144  1165 D Error   : 	at qmd.a(SourceFile:74)
01-01 22:30:41.508  1144  1165 D Error   : 	at qjf.a(SourceFile:1278)
01-01 22:30:41.508  1144  1165 D Error   : 	at rah.b(SourceFile:104)
01-01 22:30:41.508  1144  1165 D Error   : 	at rah.a(SourceFile:72)
01-01 22:30:41.508  1144  1165 D Error   : 	at rai.a(SourceFile:2052)
01-01 22:30:41.508  1144  1165 D Error   : 	at rap.c(SourceFile:205)
01-01 22:30:41.508  1144  1165 D Error   : 	at qzo.onTransact(SourceFile:150)
01-01 22:30:41.508  1144  1165 D Error   : 	at android.os.Binder.execTransact(Binder.java:453)
01-01 22:30:41.508  1144  1165 D Error   : # via Binder call with stack:
01-01 22:30:41.508  1144  1165 D Error   : android.os.StrictMode$LogStackTrace
01-01 22:30:41.508  1144  1165 D Error   : 	at android.os.StrictMode.readAndHandleBinderCallViolations(StrictMode.java:1911)
01-01 22:30:41.508  1144  1165 D Error   : 	at android.os.Parcel.readExceptionCode(Parcel.java:1601)
01-01 22:30:41.508  1144  1165 D Error   : 	at android.os.Parcel.readException(Parcel.java:1570)
01-01 22:30:41.508  1144  1165 D Error   : 	at joh.c(SourceFile:111)
01-01 22:30:41.508  1144  1165 D Error   : 	at ihg.equals(SourceFile:78)
01-01 22:30:41.508  1144  1165 D Error   : 	at izd.b(SourceFile:245)
01-01 22:30:41.508  1144  1165 D Error   : 	at izd.a(SourceFile:152)
01-01 22:30:41.508  1144  1165 D Error   : 	at izd.b(SourceFile:137)
01-01 22:30:41.508  1144  1165 D Error   : 	at izd.b(SourceFile:99)
01-01 22:30:41.508  1144  1165 D Error   : 	at aefd.c(SourceFile:571)
01-01 22:30:41.508  1144  1165 D Error   : 	at aefd.a(SourceFile:181)
01-01 22:30:41.508  1144  1165 D Error   : 	at aefe.b(SourceFile:93)
01-01 22:30:41.508  1144  1165 D Error   : 	at qmd.a(SourceFile:74)
01-01 22:30:41.508  1144  1165 D Error   : 	at qjf.a(SourceFile:1278)
01-01 22:30:41.508  1144  1165 D Error   : 	at rah.b(SourceFile:104)
01-01 22:30:41.508  1144  1165 D Error   : 	at rah.a(SourceFile:72)
01-01 22:30:41.508  1144  1165 D Error   : 	at rai.a(SourceFile:2052)
01-01 22:30:41.508  1144  1165 D Error   : 	at rap.c(SourceFile:205)
01-01 22:30:41.508  1144  1165 D Error   : 	at qzo.onTransact(SourceFile:150)
01-01 22:30:41.508  1144  1165 D Error   : 	at android.os.Binder.execTransact(Binder.java:453)
01-01 22:30:41.508  1144  1165 D Error   : # via Binder call with stack:
01-01 22:30:41.508  1144  1165 D Error   : android.os.StrictMode$LogStackTrace
01-01 22:30:41.508  1144  1165 D Error   : 	at android.os.StrictMode.readAndHandleBinderCallViolations(StrictMode.java:1911)
01-01 22:30:41.508  1144  1165 D Error   : 	at android.os.Parcel.readExceptionCode(Parcel.java:1601)
01-01 22:30:41.508  1144  1165 D Error   : 	at android.os.Parcel.readException(Parcel.java:1570)
01-01 22:30:41.508  1144  1165 D Error   : 	at joh.c(SourceFile:111)
01-01 22:30:41.508  1144  1165 D Error   : 	at ihg.equals(SourceFile:78)
01-01 22:30:41.508  1144  1165 D Error   : 	at izd.b(SourceFile:245)
01-01 22:30:41.508  1144  1165 D Error   : 	at izd.a(SourceFile:152)
01-01 22:30:41.508  1144  1165 D Error   : 	at izd.b(SourceFile:137)
01-01 22:30:41.508  1144  1165 D Error   : 	at izd.b(SourceFile:99)
01-01 22:30:41.508  1144  1165 D Error   : 	at aefd.c(SourceFile:571)
01-01 22:30:41.508  1144  1165 D Error   : 	at aefd.a(SourceFile:181)
01-01 22:30:41.508  1144  1165 D Error   : 	at aefe.b(SourceFile:93)
01-01 22:30:41.508  1144  1165 D Error   : 	at qmd.a(SourceFile:74)
01-01 22:30:41.508  1144  1165 D Error   : 	at qjf.a(SourceFile:1278)
01-01 22:30:41.508  1144  1165 D Error   : 	at rah.b(SourceFile:104)
01-01 22:30:41.508  1144  1165 D Error   : 	at rah.a(SourceFile:72)
01-01 22:30:41.508  1144  1165 D Error   : 	at rai.a(SourceFile:2052)
01-01 22:30:41.508  1144  1165 D Error   : 	at rap.c(SourceFile:205)
01-01 22:30:41.508  1144  1165 D Error   : 	at qzo.onTransact(SourceFile:150)
01-01 22:30:41.508  1144  1165 D Error   : 	at android.os.Binder.execTransact(Binder.java:453)
01-01 22:30:41.508  1144  1165 D Error   : # via Binder call with stack:
01-01 22:30:41.508  1144  1165 D Error   : android.os.StrictMode$LogStackTrace
01-01 22:30:41.508  1144  1165 D Error   : 	at android.os.StrictMode.readAndHandleBinderCallViolations(StrictMode.java:1911)
01-01 22:30:41.508  1144  1165 D Error   : 	at android.os.Parcel.readExceptionCode(Parcel.java:1601)
01-01 22:30:41.508  1144  1165 D Error   : 	at android.os.Parcel.readException(Parcel.java:1570)
01-01 22:30:41.508  1144  1165 D Error   : 	at joh.c(SourceFile:111)
01-01 22:30:41.508  1144  1165 D Error   : 	at ihg.equals(SourceFile:78)
01-01 22:30:41.508  1144  1165 D Error   : 	at izd.b(SourceFile:245)
01-01 22:30:41.508  1144  1165 D Error   : 	at izd.a(SourceFile:152)
01-01 22:30:41.508  1144  1165 D Error   : 	at izd.b(SourceFile:137)
01-01 22:30:41.508  1144  1165 D Error   : 	at izd.b(SourceFile:99)
01-01 22:30:41.508  1144  1165 D Error   : 	at aefd.c(SourceFile:571)
01-01 22:30:41.508  1144  1165 D Error   : 	at aefd.a(SourceFile:181)
01-01 22:30:41.508  1144  1165 D Error   : 	at aefe.b(SourceFile:93)
01-01 22:30:41.508  1144  1165 D Error   : 	at qmd.a(SourceFile:74)
01-01 22:30:41.508  1144  1165 D Error   : 	at qjf.a(SourceFile:1278)
01-01 22:30:41.508  1144  1165 D Error   : 	at rah.b(SourceFile:104)
01-01 22:30:41.508  1144  1165 D Error   : 	at rah.a(Sour
01-01 22:30:41.508  1144  1165 D Error   : ERR: TOTAL BYTES WRITTEN: 20632
01-01 22:30:41.508  1144  1165 D StrictMode: Wrote violation #0 of 1: 20676 bytes
01-01 22:30:41.509  1144  1165 D Error   : ERR: exClass=android.os.StrictMode$StrictModeDiskReadViolation
01-01 22:30:41.509  1144  1165 D Error   : ERR: exMsg=policy=6815751 violation=2
01-01 22:30:41.509  1144  1165 D Error   : ERR: file=StrictMode.java
01-01 22:30:41.509  1144  1165 D Error   : ERR: class=android.os.StrictMode$AndroidBlockGuardPolicy
01-01 22:30:41.509  1144  1165 D Error   : ERR: method=onReadFromDisk line=1263
01-01 22:30:41.509  1144  1165 D Error   : ERR: stack=android.os.StrictMode$StrictModeDiskReadViolation: policy=6815751 violation=2
01-01 22:30:41.509  1144  1165 D Error   : 	at android.os.StrictMode$AndroidBlockGuardPolicy.onReadFromDisk(StrictMode.java:1263)
01-01 22:30:41.509  1144  1165 D Error   : 	at android.app.SharedPreferencesImpl.awaitLoadedLocked(SharedPreferencesImpl.java:203)
01-01 22:30:41.509  1144  1165 D Error   : 	at android.app.SharedPreferencesImpl.getString(SharedPreferencesImpl.java:224)
01-01 22:30:41.509  1144  1165 D Error   : 	at rah.a(SourceFile:60)
01-01 22:30:41.509  1144  1165 D Error   : 	at rai.a(SourceFile:2052)
01-01 22:30:41.509  1144  1165 D Error   : 	at rap.c(SourceFile:205)
01-01 22:30:41.509  1144  1165 D Error   : 	at qzo.onTransact(SourceFile:150)
01-01 22:30:41.509  1144  1165 D Error   : 	at android.os.Binder.execTransact(Binder.java:453)
01-01 22:30:41.509  1144  1165 D Error   : # via Binder call with stack:
01-01 22:30:41.509  1144  1165 D Error   : android.os.StrictMode$LogStackTrace
01-01 22:30:41.509  1144  1165 D Error   : 	at android.os.StrictMode.readAndHandleBinderCallViolations(StrictMode.java:1911)
01-01 22:30:41.509  1144  1165 D Error   : 	at android.os.Parcel.readExceptionCode(Parcel.java:1601)
01-01 22:30:41.509  1144  1165 D Error   : 	at android.os.Parcel.readException(Parcel.java:1570)
01-01 22:30:41.509  1144  1165 D Error   : 	at joh.c(SourceFile:111)
01-01 22:30:41.509  1144  1165 D Error   : 	at ihg.equals(SourceFile:78)
01-01 22:30:41.509  1144  1165 D Error   : 	at izd.b(SourceFile:245)
01-01 22:30:41.509  1144  1165 D Error   : 	at izd.a(SourceFile:152)
01-01 22:30:41.509  1144  1165 D Error   : 	at izd.b(SourceFile:137)
01-01 22:30:41.509  1144  1165 D Error   : 	at izd.b(SourceFile:99)
01-01 22:30:41.509  1144  1165 D Error   : 	at aefd.c(SourceFile:571)
01-01 22:30:41.509  1144  1165 D Error   : 	at aefd.a(SourceFile:181)
01-01 22:30:41.509  1144  1165 D Error   : 	at aefe.b(SourceFile:93)
01-01 22:30:41.509  1144  1165 D Error   : 	at qmd.a(SourceFile:74)
01-01 22:30:41.509  1144  1165 D Error   : 	at qjf.a(SourceFile:1278)
01-01 22:30:41.509  1144  1165 D Error   : 	at rah.b(SourceFile:104)
01-01 22:30:41.509  1144  1165 D Error   : 	at rah.a(SourceFile:72)
01-01 22:30:41.509  1144  1165 D Error   : 	at rai.a(SourceFile:2052)
01-01 22:30:41.509  1144  1165 D Error   : 	at rap.c(SourceFile:205)
01-01 22:30:41.509  1144  1165 D Error   : 	at qzo.onTransact(SourceFile:150)
01-01 22:30:41.509  1144  1165 D Error   : 	at android.os.Binder.execTransact(Binder.java:453)
01-01 22:30:41.509  1144  1165 D Error   : # via Binder call with stack:
01-01 22:30:41.509  1144  1165 D Error   : android.os.StrictMode$LogStackTrace
01-01 22:30:41.509  1144  1165 D Error   : 	at android.os.StrictMode.readAndHandleBinderCallViolations(StrictMode.java:1911)
01-01 22:30:41.509  1144  1165 D Error   : 	at android.os.Parcel.readExceptionCode(Parcel.java:1601)
01-01 22:30:41.509  1144  1165 D Error   : 	at android.os.Parcel.readException(Parcel.java:1570)
01-01 22:30:41.509  1144  1165 D Error   : 	at joh.c(SourceFile:111)
01-01 22:30:41.509  1144  1165 D Error   : 	at ihg.equals(SourceFile:78)
01-01 22:30:41.509  1144  1165 D Error   : 	at izd.b(SourceFile:245)
01-01 22:30:41.509  1144  1165 D Error   : 	at izd.a(SourceFile:152)
01-01 22:30:41.509  1144  1165 D Error   : 	at izd.b(SourceFile:137)
01-01 22:30:41.509  1144  1165 D Error   : 	at izd.b(SourceFile:99)
01-01 22:30:41.509  1144  1165 D Error   : 	at aefd.c(SourceFile:571)
01-01 22:30:41.509  1144  1165 D Error   : 	at aefd.a(SourceFile:181)
01-01 22:30:41.509  1144  1165 D Error   : 	at aefe.b(SourceFile:93)
01-01 22:30:41.509  1144  1165 D Error   : 	at qmd.a(SourceFile:74)
01-01 22:30:41.509  1144  1165 D Error   : 	at qjf.a(SourceFile:1278)
01-01 22:30:41.509  1144  1165 D Error   : 	at rah.b(SourceFile:104)
01-01 22:30:41.509  1144  1165 D Error   : 	at rah.a(SourceFile:72)
01-01 22:30:41.509  1144  1165 D Error   : 	at rai.a(SourceFile:2052)
01-01 22:30:41.509  1144  1165 D Error   : 	at rap.c(SourceFile:205)
01-01 22:30:41.509  1144  1165 D Error   : 	at qzo.onTransact(SourceFile:150)
01-01 22:30:41.509  1144  1165 D Error   : 	at android.os.Binder.execTransact(Binder.java:453)
01-01 22:30:41.509  1144  1165 D Error   : # via Binder call with stack:
01-01 22:30:41.509  1144  1165 D Error   : android.os.StrictMode$LogStackTrace
01-01 22:30:41.509  1144  1165 D Error   : 	at android.os.StrictMode.readAndHandleBinderCallViolations(StrictMode.java:1911)
01-01 22:30:41.509  1144  1165 D Error   : 	at android.os.Parcel.readExceptionCode(Parcel.java:1601)
01-01 22:30:41.509  1144  1165 D Error   : 	at android.os.Parcel.readException(Parcel.java:1570)
01-01 22:30:41.509  1144  1165 D Error   : 	at joh.c(SourceFile:111)
01-01 22:30:41.509  1144  1165 D Error   : 	at ihg.equals(SourceFile:78)
01-01 22:30:41.509  1144  1165 D Error   : 	at izd.b(SourceFile:245)
01-01 22:30:41.509  1144  1165 D Error   : 	at izd.a(SourceFile:152)
01-01 22:30:41.509  1144  1165 D Error   : 	at izd.b(SourceFile:137)
01-01 22:30:41.509  1144  1165 D Error   : 	at izd.b(SourceFile:99)
01-01 22:30:41.509  1144  1165 D Error   : 	at aefd.c(SourceFile:571)
01-01 22:30:41.509  1144  1165 D Error   : 	at aefd.a(SourceFile:181)
01-01 22:30:41.509  1144  1165 D Error   : 	at aefe.b(SourceFile:93)
01-01 22:30:41.509  1144  1165 D Error   : 	at qmd.a(SourceFile:74)
01-01 22:30:41.509  1144  1165 D Error   : 	at qjf.a(SourceFile:1278)
01-01 22:30:41.509  1144  1165 D Error   : 	at rah.b(SourceFile:104)
01-01 22:30:41.509  1144  1165 D Error   : 	at rah.a(SourceFile:72)
01-01 22:30:41.509  1144  1165 D Error   : 	at rai.a(SourceFile:2052)
01-01 22:30:41.509  1144  1165 D Error   : 	at rap.c(SourceFile:205)
01-01 22:30:41.509  1144  1165 D Error   : 	at qzo.onTransact(SourceFile:150)
01-01 22:30:41.509  1144  1165 D Error   : 	at android.os.Binder.execTransact(Binder.java:453)
01-01 22:30:41.509  1144  1165 D Error   : # via Binder call with stack:
01-01 22:30:41.509  1144  1165 D Error   : android.os.StrictMode$LogStackTrace
01-01 22:30:41.509  1144  1165 D Error   : 	at android.os.StrictMode.readAndHandleBinderCallViolations(StrictMode.java:1911)
01-01 22:30:41.509  1144  1165 D Error   : 	at android.os.Parcel.readExceptionCode(Parcel.java:1601)
