01-01 22:30:33.132   222   222 D RockFFPlayerBase: ~FFMPlayerBase(():mDequeueThread down
01-01 22:30:33.132   222   222 D RockFFPlayerBase: ~RkMessageHandler
01-01 22:30:33.132   222   450 D CameraHal: camera_get_camera_info(1312): camera_get_camera_info(1312): camera_0 facing(0), orientation(90)
01-01 22:30:33.133   222   222 D CameraHal: camera_get_camera_info(1312): camera_get_camera_info(1312): camera_0 facing(0), orientation(90)
01-01 22:30:33.142   222   450 D CameraHal: camera_get_camera_info(1312): camera_get_camera_info(1312): camera_1 facing(1), orientation(270)
01-01 22:30:33.143   222   222 D CameraHal: camera_get_camera_info(1312): camera_get_camera_info(1312): camera_1 facing(1), orientation(270)
01-01 22:30:33.180   974   974 D ChimeraFileApk: Primary ABI of requesting process is armeabi-v7a
01-01 22:30:33.181   974   974 D ChimeraFileApk: Classloading successful. Optimized code found.
01-01 22:30:33.182   974   974 D GoogleCertificates: com.google.android.gms.googlecertificates module is loaded
01-01 22:30:33.300   700   700 W ContextImpl: Calling a method in the system process without a qualified user: android.app.ContextImpl.startActivity:658 android.content.ContextWrapper.startActivity:331 com.roboteam.teamy.shared.activitylauncher.ActivityLauncher.startActivity:16 com.roboteam.teamy.boot.activitylauncher.BootActivityLauncher.launch:54 com.roboteam.teamy.home.HomeActivity.onCreate:93 
01-01 22:30:33.301   700   700 W ContextImpl: Calling a method in the system process without a qualified user: android.app.ContextImpl.startActivity:670 android.app.ContextImpl.startActivity:659 android.content.ContextWrapper.startActivity:331 com.roboteam.teamy.shared.activitylauncher.ActivityLauncher.startActivity:16 com.roboteam.teamy.boot.activitylauncher.BootActivityLauncher.launch:54 
01-01 22:30:33.301   535  1154 I ActivityManager: START u0 {flg=0x10008000 cmp=com.roboteam.teamy.usa/com.roboteam.teamy.boot.BootActivity} from uid 1000 on display 0
01-01 22:30:33.303   535  1154 V WindowState: Reporting new frame to Window{9b099a0 u0 KeyguardScrim}: Rect(0, 0 - 1920, 1200)
01-01 22:30:33.310   974   974 D GoogleCertificatesImpl: Fetched 300 Google certificates
01-01 22:30:33.321   683  1382 D OpenGLRenderer: Use EGL_SWAP_BEHAVIOR_PRESERVED: true
01-01 22:30:33.321   683  1382 D OpenGLRenderer: profile bars disabled
01-01 22:30:33.321   683  1382 D OpenGLRenderer: ambientRatio = 1.50
01-01 22:30:33.332   535   699 V WindowManager: Window{9b099a0 u0 KeyguardScrim} forcing orientation to 5
01-01 22:30:33.335   683   683 D PhoneStatusBar: disable: < EXPAND* icons alerts system_info BACK* HOME* RECENT* clock SEARCH* quick_settings >
01-01 22:30:33.349   683   683 D PhoneStatusBar: heads up is enabled
01-01 22:30:33.493   974   974 W System  : ClassLoader referenced unknown path: /system/priv-app/GMSCore/lib/arm
01-01 22:30:33.494   974   974 W System  : ClassLoader referenced unknown path: /system/priv-app/GMSCore/lib/arm
01-01 22:30:33.502   700  1392 D OpenGLRenderer: Use EGL_SWAP_BEHAVIOR_PRESERVED: true
01-01 22:30:33.516   974   974 W linker  : /system/priv-app/GMSCore/GMSCore.apk: unused DT entry: type 0x7ffffffd arg 0xc2e
01-01 22:30:33.522   535  1062 E WindowManager: Unknown window type: 2999
01-01 22:30:33.522   535  1062 V WindowManager: Window{9b099a0 u0 KeyguardScrim} forcing orientation to 5
01-01 22:30:33.661   535   588 D Tethering: interfaceLinkStateChanged wlan0, true
01-01 22:30:33.661   535   588 D Tethering: interfaceStatusChanged wlan0, true
01-01 22:30:33.667   535   623 D WIFI    : Registering NetworkFactory
01-01 22:30:33.667   535   623 D WIFI_UT : Registering NetworkFactory
01-01 22:30:33.667   535   625 D ConnectivityService: Got NetworkFactory Messenger for WIFI
01-01 22:30:33.668   535   625 D ConnectivityService: Got NetworkFactory Messenger for WIFI_UT
01-01 22:30:33.680   535   584 V WindowManager: Clear freezing of Token{bea77ad ActivityRecord{dd9acc4 u0 com.roboteam.teamy.usa/com.roboteam.teamy.home.HomeActivity t1668}}: hidden=false freezing=false
01-01 22:30:33.680   535   584 I WindowManager: Set freezing of Token{c07dee6 ActivityRecord{d65b941 u0 com.roboteam.teamy.usa/com.roboteam.teamy.boot.BootActivity t1669}}: hidden=true freezing=false
01-01 22:30:33.681   535   584 V WindowManager: setAppVisibility(Token{c07dee6 ActivityRecord{d65b941 u0 com.roboteam.teamy.usa/com.roboteam.teamy.boot.BootActivity t1669}}, visible=true): mNextAppTransition=TRANSIT_TASK_OPEN hidden=true hiddenRequested=true Callers=com.android.server.am.ActivityStackSupervisor.realStartActivityLocked:1185 com.android.server.am.ActivityStackSupervisor.startSpecificActivityLocked:1384 com.android.server.am.ActivityStack.resumeTopActivityInnerLocked:2077 com.android.server.am.ActivityStack.resumeTopActivityLocked:1587 com.android.server.am.ActivityStackSupervisor.resumeTopActivitiesLocked:2735 com.android.server.am.ActivityStack.completePauseLocked:1080 
01-01 22:30:33.681   535   584 V WindowManager: Window{9b099a0 u0 KeyguardScrim} forcing orientation to 5
01-01 22:30:33.681   535   584 V WindowManager: setAppVisibility(Token{bea77ad ActivityRecord{dd9acc4 u0 com.roboteam.teamy.usa/com.roboteam.teamy.home.HomeActivity t1668}}, visible=false): mNextAppTransition=TRANSIT_TASK_OPEN hidden=false hiddenRequested=false Callers=com.android.server.am.ActivityStack.setVisible:1170 com.android.server.am.ActivityStack.ensureActivitiesVisibleLocked:1431 com.android.server.am.ActivityStackSupervisor.ensureActivitiesVisibleLocked:3305 com.android.server.am.ActivityManagerService.updateConfigurationLocked:17838 com.android.server.am.ActivityStackSupervisor.realStartActivityLocked:1201 com.android.server.am.ActivityStackSupervisor.startSpecificActivityLocked:1384 
01-01 22:30:33.682   535   584 V WindowManager: Eval win Window{333295d u0 com.roboteam.teamy.usa/com.roboteam.teamy.home.HomeActivity}: isDrawn=false, isAnimating=false
01-01 22:30:33.683   535   584 V WindowManager: Not displayed: s=null pv=true mDrawState=NO_SURFACE ah=false th=true a=false
01-01 22:30:33.684   535   584 V WindowManager: Window{9b099a0 u0 KeyguardScrim} forcing orientation to 5
01-01 22:30:33.684   535   584 V WindowManager: Eval win Window{333295d u0 com.roboteam.teamy.usa/com.roboteam.teamy.home.HomeActivity}: isDrawn=false, isAnimating=false
01-01 22:30:33.684   535   584 V WindowManager: Not displayed: s=null pv=true mDrawState=NO_SURFACE ah=false th=true a=false
01-01 22:30:33.693   535   591 E WindowManager: Unknown window type: 2999
01-01 22:30:33.694   535   623 D WIFI    : got request NetworkRequest [ id=1, legacyType=-1, [ Capabilities: INTERNET&NOT_RESTRICTED&TRUSTED&NOT_VPN] ] with score 0
01-01 22:30:33.694   535   623 D WIFI_UT : got request NetworkRequest [ id=1, legacyType=-1, [ Capabilities: INTERNET&NOT_RESTRICTED&TRUSTED&NOT_VPN] ] with score 0
01-01 22:30:33.716  1344  1344 W Finsky  : [1] com.google.android.finsky.FinskyApp.i(1465): No account configured on this device.
01-01 22:30:33.725  1344  1344 W Finsky  : [1] com.google.android.finsky.FinskyApp.i(1465): No account configured on this device.
01-01 22:30:33.726   535   699 V WindowManager: Window{9b099a0 u0 KeyguardScrim} forcing orientation to 5
01-01 22:30:33.726   535   699 V WindowManager: Eval win Window{333295d u0 com.roboteam.teamy.usa/com.roboteam.teamy.home.HomeActivity}: isDrawn=false, isAnimating=false
01-01 22:30:33.726   535   699 V WindowManager: Not displayed: s=null pv=false mDrawState=NO_SURFACE ah=false th=true a=false
01-01 22:30:33.728   535   591 E WindowManager: Unknown window type: 2999
01-01 22:30:33.731   535  1062 I WindowStateAnimator: createSurface WindowStateAnimator{ac88cfc }: mDrawState=DRAW_PENDING
01-01 22:30:33.731   535  1062 V WindowManager: Changing surface while display frozen: Window{193ffa3 u0 com.roboteam.teamy.usa}
01-01 22:30:33.732   535  1062 V WindowManager: Window{9b099a0 u0 KeyguardScrim} forcing orientation to 5
01-01 22:30:33.733   535  1062 V WindowManager: Resize reasons for w=Window{193ffa3 u0 com.roboteam.teamy.usa}:  contentInsetsChanged=false [0,0][0,0] visibleInsetsChanged=false [0,0][0,0] stableInsetsChanged=false [0,0][0,0] outsetsChanged=false [0,0][0,0] surfaceResized=false configChanged=true
01-01 22:30:33.733   535  1062 V WindowManager: Changing surface while display frozen: Window{193ffa3 u0 com.roboteam.teamy.usa}
01-01 22:30:33.733   535  1062 V WindowManager: Orientation start waiting for draw mDrawState=DRAW_PENDING in Window{193ffa3 u0 com.roboteam.teamy.usa}, surface Surface(name=)
01-01 22:30:33.733   535  1062 V WindowManager: Resizing window Window{193ffa3 u0 com.roboteam.teamy.usa} to 1.0x1.0
01-01 22:30:33.733   535  1062 V WindowManager: Eval win Window{333295d u0 com.roboteam.teamy.usa/com.roboteam.teamy.home.HomeActivity}: isDrawn=false, isAnimating=false
01-01 22:30:33.733   535  1062 V WindowManager: Not displayed: s=null pv=false mDrawState=NO_SURFACE ah=false th=true a=false
01-01 22:30:33.733   535  1062 V WindowState: Reporting new frame to Window{193ffa3 u0 com.roboteam.teamy.usa}: Rect(960, 600 - 960, 600)
01-01 22:30:33.733   535  1062 I WindowState: Sending new config to window Window{193ffa3 u0 com.roboteam.teamy.usa}: 1.0x1.0 / config={1.0 ?mcc?mnc en_US ldltr sw800dp w1280dp h800dp 240dpi xlrg land finger -keyb/v/h -nav/h s.4} overrideConfig={1.0 ?mcc?mnc ?locale ?layoutDir ?swdp ?wdp ?hdp ?density ?lsize ?long ?orien ?uimode ?night ?touch ?keyb/?/? ?nav/?}
01-01 22:30:33.733   535  1062 I WindowState: Resizing Window{193ffa3 u0 com.roboteam.teamy.usa} WITH DRAW PENDING
01-01 22:30:33.736   700  1392 I mali_so : [File] : hardware/arm/maliT760/driver/product/base/src/mali_base_kbase.c; [Line] : 928; [Func] : base_context_deal_with_version_affairs_rk_ext;
01-01 22:30:33.736   700  1392 I mali_so : arm_release_ver of this mali_so is 'r12p0-04rel0', rk_so_ver is '12@0', built at '17:00:15', on 'Aug 16 2016'.
01-01 22:30:33.736   700  1392 I mali_so : [File] : hardware/arm/maliT760/driver/product/base/src/mali_base_kbase.c; [Line] : 955; [Func] : base_context_deal_with_version_affairs_rk_ext;
01-01 22:30:33.736   700  1392 I mali_so : mali_ver_property has been set to 'r12p0-04rel0-13-12@0', to return.
01-01 22:30:33.738   700  1392 I OpenGLRenderer: Initialized EGL, version 1.4
01-01 22:30:33.746   535   591 E WindowManager: Unknown window type: 2999
01-01 22:30:33.746   535   591 V WindowStateAnimator: Orientation change skips hidden Window{193ffa3 u0 com.roboteam.teamy.usa}
01-01 22:30:33.747   535   591 V WindowManager: Eval win Window{333295d u0 com.roboteam.teamy.usa/com.roboteam.teamy.home.HomeActivity}: isDrawn=false, isAnimating=false
01-01 22:30:33.747   535   591 V WindowManager: Not displayed: s=null pv=false mDrawState=NO_SURFACE ah=false th=true a=false
01-01 22:30:33.748   700  1392 D Surface : Surface::final mReqUsage=a00
01-01 22:30:33.748   700  1392 D mali_winsys: EGLint new_window_surface(egl_winsys_display*, void*, EGLSurface, EGLConfig, egl_winsys_surface**, egl_color_buffer_format*, EGLBoolean) returns 0x3000
01-01 22:30:33.750   191   207 D gralloc : Isfb=0, [1,1,16,64], fmt=1, byte_stride=64
01-01 22:30:33.750   191   207 D gralloc : Isfb=0, [1,1,16,64], fmt=1, byte_stride=64
01-01 22:30:33.751   191   207 D gralloc : Isfb=0, [1,1,16,64], fmt=1, byte_stride=64
01-01 22:30:33.757   535   572 V WindowManager: Window{9b099a0 u0 KeyguardScrim} forcing orientation to 5
01-01 22:30:33.757   535   572 V WindowManager: Eval win Window{333295d u0 com.roboteam.teamy.usa/com.roboteam.teamy.home.HomeActivity}: isDrawn=false, isAnimating=false
01-01 22:30:33.757   535   572 V WindowManager: Not displayed: s=null pv=false mDrawState=NO_SURFACE ah=false th=true a=false
01-01 22:30:33.763   535   698 V WindowManager: Window{9b099a0 u0 KeyguardScrim} forcing orientation to 5
01-01 22:30:33.763   535   698 V WindowManager: Eval win Window{333295d u0 com.roboteam.teamy.usa/com.roboteam.teamy.home.HomeActivity}: isDrawn=false, isAnimating=false
01-01 22:30:33.763   535   698 V WindowManager: Not displayed: s=null pv=false mDrawState=NO_SURFACE ah=false th=true a=false
01-01 22:30:33.764   535   591 E WindowManager: Unknown window type: 2999
01-01 22:30:33.769   535   725 V WindowManager: Window{9b099a0 u0 KeyguardScrim} forcing orientation to 5
01-01 22:30:33.769   535   725 V WindowManager: Eval win Window{333295d u0 com.roboteam.teamy.usa/com.roboteam.teamy.home.HomeActivity}: isDrawn=false, isAnimating=false
01-01 22:30:33.769   700  1410 W ExifInterface: Stop reading file since a wrong offset may cause an infinite loop: 0
01-01 22:30:33.769   535   725 V WindowManager: Not displayed: s=null pv=false mDrawState=NO_SURFACE ah=false th=true a=false
01-01 22:30:33.769   700  1410 W ExifInterface: Stop reading file since a wrong offset may cause an infinite loop: 0
01-01 22:30:33.770   700  1409 W ExifInterface: Stop reading file since a wrong offset may cause an infinite loop: 0
01-01 22:30:33.770   700  1409 W ExifInterface: Stop reading file since a wrong offset may cause an infinite loop: 0
01-01 22:30:33.773   700  1411 W ExifInterface: Stop reading file since a wrong offset may cause an infinite loop: 0
01-01 22:30:33.773   700  1411 W ExifInterface: Stop reading file since a wrong offset may cause an infinite loop: 0
01-01 22:30:33.781   535   591 E WindowManager: Unknown window type: 2999
01-01 22:30:33.784  1344  1344 W Finsky  : [1] com.google.android.finsky.FinskyApp.i(1465): No account configured on this device.
01-01 22:30:33.789  1344  1344 W Finsky  : [1] com.google.android.finsky.FinskyApp.i(1465): No account configured on this device.
01-01 22:30:33.826  1344  1344 I Finsky  : [1] com.google.android.finsky.FinskyApp.onCreate(428): Initializing network with DFE https://android.clients.google.com/fdfe/
01-01 22:30:33.827  1344  1344 W Finsky  : [1] com.google.android.finsky.FinskyApp.i(1465): No account configured on this device.
01-01 22:30:33.846   535  1062 V WindowManager: Window{9b099a0 u0 KeyguardScrim} forcing orientation to 5
01-01 22:30:33.847   535  1360 I WindowStateAnimator: createSurface WindowStateAnimator{564e60b com.android.systemui.ImageWallpaper}: mDrawState=DRAW_PENDING
01-01 22:30:33.847   535  1360 V WindowManager: Changing surface while display frozen: Window{46581da u0 com.android.systemui.ImageWallpaper}
01-01 22:30:33.847   535  1360 D WindowStateAnimator: rk_debug2 com.android.systemui.ImageWallpaper_Force_To_Dual
01-01 22:30:33.850   535  1360 V WindowManager: Window{9b099a0 u0 KeyguardScrim} forcing orientation to 5
01-01 22:30:33.850   535  1360 V WindowManager: Eval win Window{333295d u0 com.roboteam.teamy.usa/com.roboteam.teamy.home.HomeActivity}: isDrawn=false, isAnimating=false
01-01 22:30:33.851   535  1360 V WindowManager: Not displayed: s=null pv=false mDrawState=NO_SURFACE ah=false th=true a=false
01-01 22:30:33.851   535  1360 V WindowManager: Resize reasons for w=Window{46581da u0 com.android.systemui.ImageWallpaper}:  contentInsetsChanged=true [0,0][1293,1484] visibleInsetsChanged=true [0,0][1293,1484] stableInsetsChanged=true [0,0][1293,1484] outsetsChanged=false [0,0][0,0] surfaceResized=true configChanged=true
01-01 22:30:33.851   535  1360 V WindowManager: Changing surface while display frozen: Window{46581da u0 com.android.systemui.ImageWallpaper}
01-01 22:30:33.851   535  1360 V WindowManager: Orientation start waiting for draw mDrawState=DRAW_PENDING in Window{46581da u0 com.android.systemui.ImageWallpaper}, surface Surface(name=com.android.systemui.ImageWallpaper_Force_To_Dual)
01-01 22:30:33.851   535  1360 V WindowManager: Resizing window Window{46581da u0 com.android.systemui.ImageWallpaper} to 3213.0x2684.0
01-01 22:30:33.854   535  1360 V WindowState: Reporting new frame to Window{46581da u0 com.android.systemui.ImageWallpaper}: Rect(0, 0 - 3213, 2684)
01-01 22:30:33.854   535  1360 I WindowState: Sending new config to window Window{46581da u0 com.android.systemui.ImageWallpaper}: 3213.0x2684.0 / config={1.0 ?mcc?mnc en_US ldltr sw800dp w1280dp h800dp 240dpi xlrg land finger -keyb/v/h -nav/h s.4} overrideConfig={1.0 ?mcc?mnc ?locale ?layoutDir ?swdp ?wdp ?hdp ?density ?lsize ?long ?orien ?uimode ?night ?touch ?keyb/?/? ?nav/?}
01-01 22:30:33.854   535  1360 I WindowState: Resizing Window{46581da u0 com.android.systemui.ImageWallpaper} WITH DRAW PENDING
01-01 22:30:33.855   535  1360 V WindowManager: Eval win Window{333295d u0 com.roboteam.teamy.usa/com.roboteam.teamy.home.HomeActivity}: isDrawn=false, isAnimating=false
01-01 22:30:33.855   535  1360 V WindowManager: Not displayed: s=null pv=false mDrawState=NO_SURFACE ah=false th=true a=false
01-01 22:30:33.869   535   591 E WindowManager: Unknown window type: 2999
01-01 22:30:33.870   535   591 V WindowStateAnimator: Orientation continue waiting for draw in Window{46581da u0 com.android.systemui.ImageWallpaper}
01-01 22:30:33.928  1344  1344 W Finsky  : [1] com.google.android.finsky.FinskyApp.i(1465): No account configured on this device.
01-01 22:30:33.930  1344  1344 W Finsky  : [1] com.google.android.finsky.FinskyApp.i(1465): No account configured on this device.
01-01 22:30:33.941  1344  1344 W Finsky  : [1] com.google.android.finsky.FinskyApp.i(1465): No account configured on this device.
01-01 22:30:33.942  1344  1344 W Finsky  : [1] com.google.android.finsky.FinskyApp.i(1465): No account configured on this device.
01-01 22:30:33.948   700   710 I art     : Background sticky concurrent mark sweep GC freed 1714(244KB) AllocSpace objects, 3(60KB) LOS objects, 0% free, 39MB/39MB, paused 5.829ms total 41.643ms
01-01 22:30:33.951  1344  1344 W Finsky  : [1] com.google.android.finsky.FinskyApp.i(1465): No account configured on this device.
01-01 22:30:33.952  1344  1344 W Finsky  : [1] com.google.android.finsky.FinskyApp.i(1465): No account configured on this device.
01-01 22:30:33.992   974  1391 I GCoreUlr: WorldUpdater received intent Intent { act=com.google.android.location.reporting.ACTION_UPDATE_WORLD cmp=com.google.android.gms/com.google.android.location.reporting.service.DispatchingService (has extras) } with receiverAction android.location.PROVIDERS_CHANGED
01-01 22:30:34.002  1344  1344 W Finsky  : [1] com.google.android.finsky.FinskyApp.i(1465): No account configured on this device.
01-01 22:30:34.003  1344  1344 W Finsky  : [1] com.google.android.finsky.FinskyApp.i(1465): No account configured on this device.
01-01 22:30:34.004  1344  1344 I Finsky  : [1] com.google.android.finsky.services.DailyHygiene.a(171): No need to run daily hygiene.
01-01 22:30:34.005  1344  1344 W Finsky  : [1] com.google.android.finsky.FinskyApp.i(1465): No account configured on this device.
01-01 22:30:34.021  1344  1344 W Settings: Setting download_manager_max_bytes_over_mobile has moved from android.provider.Settings.Secure to android.provider.Settings.Global.
01-01 22:30:34.021  1344  1344 W Settings: Setting download_manager_recommended_max_bytes_over_mobile has moved from android.provider.Settings.Secure to android.provider.Settings.Global.
01-01 22:30:34.042  1344  1344 W Finsky  : [1] com.google.android.finsky.FinskyApp.i(1465): No account configured on this device.
01-01 22:30:34.049  1344  1344 W Finsky  : [1] com.google.android.finsky.FinskyApp.i(1465): No account configured on this device.
01-01 22:30:34.052  1344  1344 W Finsky  : [1] com.google.android.finsky.FinskyApp.i(1465): No account configured on this device.
01-01 22:30:34.053  1344  1344 W Finsky  : [1] com.google.android.finsky.FinskyApp.i(1465): No account configured on this device.
01-01 22:30:34.057  1344  1344 W Finsky  : [1] com.google.android.finsky.FinskyApp.i(1465): No account configured on this device.
01-01 22:30:34.058  1344  1344 W Finsky  : [1] com.google.android.finsky.FinskyApp.b(1147): No account configured on this device.
01-01 22:30:34.062   700   710 I art     : Background sticky concurrent mark sweep GC freed 162(83KB) AllocSpace objects, 6(120KB) LOS objects, 0% free, 47MB/47MB, paused 5.562ms total 25.397ms
01-01 22:30:34.062  1344  1344 W Finsky  : [1] com.google.android.finsky.FinskyApp.i(1465): No account configured on this device.
01-01 22:30:34.065  1344  1344 W Finsky  : [1] com.google.android.finsky.FinskyApp.i(1465): No account configured on this device.
01-01 22:30:34.072  1344  1344 W Finsky  : [1] com.google.android.finsky.FinskyApp.i(1465): No account configured on this device.
01-01 22:30:34.080  1344  1344 W Finsky  : [1] com.google.android.finsky.FinskyApp.i(1465): No account configured on this device.
01-01 22:30:34.084  1344  1452 W Finsky  : [112] com.google.android.finsky.FinskyApp.i(1465): No account configured on this device.
01-01 22:30:34.087  1344  1344 E Finsky  : [1] com.google.android.finsky.utils.aa.a(57): No permission to get location. java.lang.SecurityException: "gps" location provider requires ACCESS_FINE_LOCATION permission.
01-01 22:30:34.094  1344  1344 E Finsky  : [1] com.google.android.finsky.utils.aa.a(106): No permission to get location. java.lang.SecurityException: "fused" location provider requires ACCESS_COARSE_LOCATION or ACCESS_FINE_LOCATION permission.
01-01 22:30:34.155  1344  1344 I Finsky  : [1] com.google.android.finsky.c.l.a(270): result=false type=4
01-01 22:30:34.185   683   683 I mali_so : [File] : hardware/arm/maliT760/driver/product/base/src/mali_base_kbase.c; [Line] : 928; [Func] : base_context_deal_with_version_affairs_rk_ext;
01-01 22:30:34.185   683   683 I mali_so : arm_release_ver of this mali_so is 'r12p0-04rel0', rk_so_ver is '12@0', built at '17:00:15', on 'Aug 16 2016'.
01-01 22:30:34.185   683   683 I mali_so : [File] : hardware/arm/maliT760/driver/product/base/src/mali_base_kbase.c; [Line] : 955; [Func] : base_context_deal_with_version_affairs_rk_ext;
01-01 22:30:34.185   683   683 I mali_so : mali_ver_property has been set to 'r12p0-04rel0-13-12@0', to return.
01-01 22:30:34.190  1344  1344 I Finsky  : [1] com.google.android.finsky.services.bc.a(1050): Restore complete with 0 success and 0 failed.
01-01 22:30:34.194   683   683 D Surface : Surface::final mReqUsage=a00
01-01 22:30:34.194   683   683 D mali_winsys: EGLint new_window_surface(egl_winsys_display*, void*, EGLSurface, EGLConfig, egl_winsys_surface**, egl_color_buffer_format*, EGLBoolean) returns 0x3000
01-01 22:30:34.216   974  1391 I GCoreUlr: WorldUpdater:android.location.PROVIDERS_CHANGED: Ensuring that reporting is stopped because of reasons: (no Google accounts)
01-01 22:30:34.233   535  1154 I ActivityManager: Start proc 1468:com.google.android.gms/u0a6 for service com.google.android.gms/.ads.identifier.service.AdvertisingIdService
01-01 22:30:34.354   974  1391 I GCoreUlr: Unbound from all location providers
01-01 22:30:34.384  1468  1468 W System  : ClassLoader referenced unknown path: /system/priv-app/GMSCore/lib/arm
01-01 22:30:34.412  1468  1468 I MultiDex: VM with version 2.1.0 has multidex support
01-01 22:30:34.412  1468  1468 I MultiDex: install
01-01 22:30:34.412  1468  1468 I MultiDex: VM has multidex support, MultiDex support library is disabled.
01-01 22:30:34.488   191   207 D gralloc : Isfb=0, [2684,3213,2688,10752], fmt=2, byte_stride=10752
01-01 22:30:34.519   535   623 E wifi    : wifi_get_supported_feature_set returned error = 0xffffffa1
01-01 22:30:34.524   535   725 V WindowStateAnimator: finishDrawingLocked: mDrawState=COMMIT_DRAW_PENDING WindowStateAnimator{564e60b com.android.systemui.ImageWallpaper} in Surface(name=com.android.systemui.ImageWallpaper_Force_To_Dual)
01-01 22:30:34.525   535   591 V WindowManager: Eval win Window{333295d u0 com.roboteam.teamy.usa/com.roboteam.teamy.home.HomeActivity}: isDrawn=false, isAnimating=false
01-01 22:30:34.525   535   591 V WindowManager: Not displayed: s=null pv=false mDrawState=NO_SURFACE ah=false th=true a=false
01-01 22:30:34.525   535   591 I WindowManager:   SURFACE SHOW (performShowLocked): Window{46581da u0 com.android.systemui.ImageWallpaper}
01-01 22:30:34.525   535   591 V WindowManager: Orientation not waiting for draw in Window{46581da u0 com.android.systemui.ImageWallpaper}, surface Surface(name=com.android.systemui.ImageWallpaper_Force_To_Dual)
01-01 22:30:34.534  1468  1468 W System  : ClassLoader referenced unknown path: /system/priv-app/GMSCore/lib/arm
01-01 22:30:34.535  1468  1468 W System  : ClassLoader referenced unknown path: /system/priv-app/GMSCore/lib/arm
01-01 22:30:34.542   535   591 E WindowManager: Unknown window type: 2999
01-01 22:30:34.543   535   591 V WindowManager: Eval win Window{333295d u0 com.roboteam.teamy.usa/com.roboteam.teamy.home.HomeActivity}: isDrawn=false, isAnimating=false
01-01 22:30:34.543   535   591 V WindowManager: Not displayed: s=null pv=false mDrawState=NO_SURFACE ah=false th=true a=false
01-01 22:30:34.546   683   683 I Choreographer: Skipped 171 frames!  The application may be doing too much work on its main thread.
01-01 22:30:34.547   535   624 D WifiService: New client listening to asynchronous messages
01-01 22:30:34.550   683   683 D ViewRootImpl: changeCanvasOpacity: opaque=true
01-01 22:30:34.559   535   591 E WindowManager: Unknown window type: 2999
01-01 22:30:34.572  1468  1468 W linker  : /system/priv-app/GMSCore/GMSCore.apk: unused DT entry: type 0x7ffffffd arg 0x4ed
01-01 22:30:34.646  1468  1468 W System  : ClassLoader referenced unknown path: /system/priv-app/GMSCore/lib/arm
01-01 22:30:34.647  1468  1468 W System  : ClassLoader referenced unknown path: /system/priv-app/GMSCore/lib/arm
01-01 22:30:34.684  1468  1468 W linker  : /system/priv-app/GMSCore/GMSCore.apk: unused DT entry: type 0x1d arg 0xef
01-01 22:30:34.684  1468  1468 W linker  : /system/priv-app/GMSCore/GMSCore.apk: unused DT entry: type 0x7ffffffd arg 0x1d8
01-01 22:30:34.689  1468  1468 V JNIHelp : Registering com/google/android/gms/org/conscrypt/NativeCrypto's 254 native methods...
01-01 22:30:34.709   535   572 I WindowStateAnimator: createSurface WindowStateAnimator{9ce57f4 StatusBar}: mDrawState=DRAW_PENDING
01-01 22:30:34.709   535   572 V WindowManager: Changing surface while display frozen: Window{3132b58 u0 StatusBar}
01-01 22:30:34.709   535   572 D WindowStateAnimator: rk_debug2 StatusBar_Force_To_Dual
01-01 22:30:34.710   535   572 V WindowManager: Window{9b099a0 u0 KeyguardScrim} forcing orientation to 5
01-01 22:30:34.711   535   572 V WindowManager: Resize reasons for w=Window{3132b58 u0 StatusBar}:  contentInsetsChanged=false [0,0][0,0] visibleInsetsChanged=false [0,0][0,0] stableInsetsChanged=false [0,0][0,0] outsetsChanged=false [0,0][0,0] surfaceResized=false configChanged=true
01-01 22:30:34.711   535   572 V WindowManager: Changing surface while display frozen: Window{3132b58 u0 StatusBar}
01-01 22:30:34.711   535   572 V WindowManager: Orientation start waiting for draw mDrawState=DRAW_PENDING in Window{3132b58 u0 StatusBar}, surface Surface(name=StatusBar_Force_To_Dual)
01-01 22:30:34.711   535   572 V WindowManager: Resizing window Window{3132b58 u0 StatusBar} to 1920.0x1.0
01-01 22:30:34.711   535   572 V WindowManager: Eval win Window{333295d u0 com.roboteam.teamy.usa/com.roboteam.teamy.home.HomeActivity}: isDrawn=false, isAnimating=false
01-01 22:30:34.711   535   572 V WindowManager: Not displayed: s=null pv=false mDrawState=NO_SURFACE ah=false th=true a=false
01-01 22:30:34.711   535   572 V WindowState: Reporting new frame to Window{3132b58 u0 StatusBar}: Rect(0, 0 - 1920, 0)
01-01 22:30:34.712   535   572 I WindowState: Sending new config to window Window{3132b58 u0 StatusBar}: 1920.0x1.0 / config={1.0 ?mcc?mnc en_US ldltr sw800dp w1280dp h800dp 240dpi xlrg land finger -keyb/v/h -nav/h s.4} overrideConfig={1.0 ?mcc?mnc ?locale ?layoutDir ?swdp ?wdp ?hdp ?density ?lsize ?long ?orien ?uimode ?night ?touch ?keyb/?/? ?nav/?}
01-01 22:30:34.712   535   572 I WindowState: Resizing Window{3132b58 u0 StatusBar} WITH DRAW PENDING
01-01 22:30:34.713  1468  1468 I ProviderInstaller: Installed default security provider GmsCore_OpenSSL
01-01 22:30:34.713   683  1382 I OpenGLRenderer: Initialized EGL, version 1.4
01-01 22:30:34.717   683  1382 D Surface : Surface::final mReqUsage=a00
01-01 22:30:34.717   683  1382 D mali_winsys: EGLint new_window_surface(egl_winsys_display*, void*, EGLSurface, EGLConfig, egl_winsys_surface**, egl_color_buffer_format*, EGLBoolean) returns 0x3000
01-01 22:30:34.718   535   591 E WindowManager: Unknown window type: 2999
01-01 22:30:34.718   535   591 V WindowStateAnimator: Orientation continue waiting for draw in Window{3132b58 u0 StatusBar}
01-01 22:30:34.719   191  1421 D gralloc : Isfb=0, [1920,1,1920,7680], fmt=1, byte_stride=7680
01-01 22:30:34.728   191  1421 D gralloc : Isfb=0, [1920,1,1920,7680], fmt=1, byte_stride=7680
01-01 22:30:34.740   191  1421 D gralloc : Isfb=0, [1920,1,1920,7680], fmt=1, byte_stride=7680
01-01 22:30:34.742  1468  1468 D ChimeraCfgMgr: Reading stored module config
01-01 22:30:34.763  1468  1494 D NativeLibraryUtils: Install completed successfully. count=12 extracted=0
01-01 22:30:34.802   974   974 W InstanceID/Rpc: Found 10006
01-01 22:30:34.810   974   974 I GCoreUlr: DispatchingService.onDestroy()
01-01 22:30:34.810   974   974 I GCoreUlr: Stopping handler for UlrDispSvcFast
01-01 22:30:34.814   974   974 I GCoreUlr: Unbound from all location providers
01-01 22:30:34.825   974   974 D GCM     : COMPAT: Multi user ser=0 current=0
01-01 22:30:34.838  1344  1452 W Finsky  : [112] com.google.android.finsky.FinskyApp.i(1465): No account configured on this device.
01-01 22:30:34.894   535  1360 V WindowManager: Window{9b099a0 u0 KeyguardScrim} forcing orientation to 5
01-01 22:30:34.894   535  1360 V WindowManager: Eval win Window{333295d u0 com.roboteam.teamy.usa/com.roboteam.teamy.home.HomeActivity}: isDrawn=false, isAnimating=false
01-01 22:30:34.894   535  1360 V WindowManager: Not displayed: s=null pv=false mDrawState=NO_SURFACE ah=false th=true a=false
01-01 22:30:34.895   535   591 E WindowManager: Unknown window type: 2999
01-01 22:30:34.895   535   591 V WindowStateAnimator: Orientation continue waiting for draw in Window{3132b58 u0 StatusBar}
01-01 22:30:34.896   535   584 V WindowManager: Window{9b099a0 u0 KeyguardScrim} forcing orientation to 5
01-01 22:30:34.896   535   584 V WindowManager: Eval win Window{333295d u0 com.roboteam.teamy.usa/com.roboteam.teamy.home.HomeActivity}: isDrawn=false, isAnimating=false
01-01 22:30:34.896   535   584 V WindowManager: Not displayed: s=null pv=false mDrawState=NO_SURFACE ah=false th=true a=false
01-01 22:30:34.910   535   699 V WindowStateAnimator: finishDrawingLocked: mDrawState=COMMIT_DRAW_PENDING WindowStateAnimator{9ce57f4 StatusBar} in Surface(name=StatusBar_Force_To_Dual)
01-01 22:30:34.910   535   591 I WindowManager:   SURFACE SHOW (performShowLocked): Window{3132b58 u0 StatusBar}
01-01 22:30:34.910   535   591 V WindowManager: Orientation not waiting for draw in Window{3132b58 u0 StatusBar}, surface Surface(name=StatusBar_Force_To_Dual)
01-01 22:30:34.910   535   591 V WindowManager: Eval win Window{333295d u0 com.roboteam.teamy.usa/com.roboteam.teamy.home.HomeActivity}: isDrawn=false, isAnimating=false
01-01 22:30:34.910   535   591 V WindowManager: Not displayed: s=null pv=false mDrawState=NO_SURFACE ah=false th=true a=false
01-01 22:30:34.913   535   591 E WindowManager: Unknown window type: 2999
01-01 22:30:34.913   535   591 V WindowManager: Eval win Window{333295d u0 com.roboteam.teamy.usa/com.roboteam.teamy.home.HomeActivity}: isDrawn=false, isAnimating=false
01-01 22:30:34.913   535   591 V WindowManager: Not displayed: s=null pv=false mDrawState=NO_SURFACE ah=false th=true a=false
01-01 22:30:34.916   683   683 D skia    : --- SkImageDecoder::Factory returned null
01-01 22:30:34.931   535   591 E WindowManager: Unknown window type: 2999
01-01 22:30:34.958   974  1295 W GeofencerStateMachine: Ignoring removeGeofence because network location is disabled.
01-01 22:30:34.959   974  1295 W GeofencerStateMachine: Ignoring removeGeofence because network location is disabled.
01-01 22:30:35.037   700   700 I Choreographer: Skipped 72 frames!  The application may be doing too much work on its main thread.
01-01 22:30:35.038   535   699 V WindowStateAnimator: finishDrawingLocked: mDrawState=COMMIT_DRAW_PENDING WindowStateAnimator{ac88cfc } in Surface(name=)
01-01 22:30:35.038   535   591 V WindowManager: Eval win Window{45d4d89 u0 com.roboteam.teamy.usa/com.roboteam.teamy.boot.BootActivity}: isDrawn=false, isAnimating=false
01-01 22:30:35.038   535   591 V WindowManager: Not displayed: s=null pv=true mDrawState=NO_SURFACE ah=false th=false a=false
01-01 22:30:35.038   535   591 V WindowManager: Eval win Window{333295d u0 com.roboteam.teamy.usa/com.roboteam.teamy.home.HomeActivity}: isDrawn=false, isAnimating=false
01-01 22:30:35.038   535   591 V WindowManager: Not displayed: s=null pv=false mDrawState=NO_SURFACE ah=false th=true a=false
01-01 22:30:35.039   535  1062 V WindowManager: Window{9b099a0 u0 KeyguardScrim} forcing orientation to 5
01-01 22:30:35.039   535  1062 V WindowManager: Eval win Window{45d4d89 u0 com.roboteam.teamy.usa/com.roboteam.teamy.boot.BootActivity}: isDrawn=false, isAnimating=false
01-01 22:30:35.039   535  1062 V WindowManager: Not displayed: s=null pv=true mDrawState=NO_SURFACE ah=false th=false a=false
01-01 22:30:35.039   535  1062 V WindowManager: Eval win Window{333295d u0 com.roboteam.teamy.usa/com.roboteam.teamy.home.HomeActivity}: isDrawn=false, isAnimating=false
01-01 22:30:35.039   535  1062 V WindowManager: Not displayed: s=null pv=false mDrawState=NO_SURFACE ah=false th=true a=false
01-01 22:30:35.046   535   584 I WindowStateAnimator: createSurface WindowStateAnimator{a4ff18e com.roboteam.teamy.usa/com.roboteam.teamy.boot.BootActivity}: mDrawState=DRAW_PENDING
01-01 22:30:35.046   535   584 V WindowManager: Changing surface while display frozen: Window{45d4d89 u0 com.roboteam.teamy.usa/com.roboteam.teamy.boot.BootActivity}
01-01 22:30:35.047   535   584 V WindowManager: Window{9b099a0 u0 KeyguardScrim} forcing orientation to 5
01-01 22:30:35.047   535   584 V WindowManager: Eval win Window{45d4d89 u0 com.roboteam.teamy.usa/com.roboteam.teamy.boot.BootActivity}: isDrawn=false, isAnimating=false
01-01 22:30:35.047   535   584 V WindowManager: Not displayed: s=Surface(name=com.roboteam.teamy.usa/com.roboteam.teamy.boot.BootActivity) pv=true mDrawState=DRAW_PENDING ah=false th=false a=false
01-01 22:30:35.047   535   584 V WindowManager: Resize reasons for w=Window{45d4d89 u0 com.roboteam.teamy.usa/com.roboteam.teamy.boot.BootActivity}:  contentInsetsChanged=false [0,0][0,0] visibleInsetsChanged=false [0,0][0,0] stableInsetsChanged=false [0,0][0,0] outsetsChanged=false [0,0][0,0] surfaceResized=false configChanged=true
01-01 22:30:35.047   535   584 V WindowManager: Changing surface while display frozen: Window{45d4d89 u0 com.roboteam.teamy.usa/com.roboteam.teamy.boot.BootActivity}
01-01 22:30:35.047   535   584 V WindowManager: Orientation start waiting for draw mDrawState=DRAW_PENDING in Window{45d4d89 u0 com.roboteam.teamy.usa/com.roboteam.teamy.boot.BootActivity}, surface Surface(name=com.roboteam.teamy.usa/com.roboteam.teamy.boot.BootActivity)
01-01 22:30:35.047   535   584 V WindowManager: Resizing window Window{45d4d89 u0 com.roboteam.teamy.usa/com.roboteam.teamy.boot.BootActivity} to 1920.0x1200.0
01-01 22:30:35.047   535   584 V WindowManager: Eval win Window{333295d u0 com.roboteam.teamy.usa/com.roboteam.teamy.home.HomeActivity}: isDrawn=false, isAnimating=false
01-01 22:30:35.048   535   584 V WindowManager: Not displayed: s=null pv=false mDrawState=NO_SURFACE ah=false th=true a=false
01-01 22:30:35.048   535   584 V WindowState: Reporting new frame to Window{45d4d89 u0 com.roboteam.teamy.usa/com.roboteam.teamy.boot.BootActivity}: Rect(0, 0 - 1920, 1200)
01-01 22:30:35.048   535   584 I WindowState: Sending new config to window Window{45d4d89 u0 com.roboteam.teamy.usa/com.roboteam.teamy.boot.BootActivity}: 1920.0x1200.0 / config={1.0 ?mcc?mnc en_US ldltr sw800dp w1280dp h800dp 240dpi xlrg land finger -keyb/v/h -nav/h s.4} overrideConfig={1.0 ?mcc?mnc ?locale ?layoutDir ?swdp ?wdp ?hdp ?density ?lsize ?long ?orien ?uimode ?night ?touch ?keyb/?/? ?nav/?}
01-01 22:30:35.048   535   584 I WindowState: Resizing Window{45d4d89 u0 com.roboteam.teamy.usa/com.roboteam.teamy.boot.BootActivity} WITH DRAW PENDING
01-01 22:30:35.049   700  1392 D Surface : Surface::final mReqUsage=a00
01-01 22:30:35.050   700  1392 D mali_winsys: EGLint new_window_surface(egl_winsys_display*, void*, EGLSurface, EGLConfig, egl_winsys_surface**, egl_color_buffer_format*, EGLBoolean) returns 0x3000
01-01 22:30:35.055   535   591 E WindowManager: Unknown window type: 2999
01-01 22:30:35.055   535   591 V WindowStateAnimator: Orientation change skips hidden Window{45d4d89 u0 com.roboteam.teamy.usa/com.roboteam.teamy.boot.BootActivity}
01-01 22:30:35.055   535   591 V WindowManager: Eval win Window{45d4d89 u0 com.roboteam.teamy.usa/com.roboteam.teamy.boot.BootActivity}: isDrawn=false, isAnimating=false
01-01 22:30:35.055   535   591 V WindowManager: Not displayed: s=Surface(name=com.roboteam.teamy.usa/com.roboteam.teamy.boot.BootActivity) pv=false mDrawState=DRAW_PENDING ah=false th=false a=false
01-01 22:30:35.055   535   591 V WindowManager: Eval win Window{333295d u0 com.roboteam.teamy.usa/com.roboteam.teamy.home.HomeActivity}: isDrawn=false, isAnimating=false
01-01 22:30:35.055   535   591 V WindowManager: Not displayed: s=null pv=false mDrawState=NO_SURFACE ah=false th=true a=false
01-01 22:30:35.062   191   205 D gralloc : Isfb=0, [1920,1200,1920,7680], fmt=1, byte_stride=7680
01-01 22:30:35.072   535   591 E WindowManager: Unknown window type: 2999
01-01 22:30:35.073   191   205 D gralloc : Isfb=0, [1920,1200,1920,7680], fmt=1, byte_stride=7680
01-01 22:30:35.084   191   205 D gralloc : Isfb=0, [1920,1200,1920,7680], fmt=1, byte_stride=7680
01-01 22:30:35.359   191   207 D gralloc : Isfb=0, [1200,1920,1200,4800], fmt=1, byte_stride=4800
01-01 22:30:35.408   191   207 D gralloc : Isfb=0, [1200,1920,1200,4800], fmt=1, byte_stride=4800
01-01 22:30:35.410   535  1154 V WindowStateAnimator: finishDrawingLocked: mDrawState=COMMIT_DRAW_PENDING WindowStateAnimator{a4ff18e com.roboteam.teamy.usa/com.roboteam.teamy.boot.BootActivity} in Surface(name=com.roboteam.teamy.usa/com.roboteam.teamy.boot.BootActivity)
01-01 22:30:35.410   535   591 V WindowManager: Eval win Window{45d4d89 u0 com.roboteam.teamy.usa/com.roboteam.teamy.boot.BootActivity}: isDrawn=true, isAnimating=false
01-01 22:30:35.410   535   591 V WindowManager: tokenMayBeDrawn: AppWindowToken{1282c27 token=Token{c07dee6 ActivityRecord{d65b941 u0 com.roboteam.teamy.usa/com.roboteam.teamy.boot.BootActivity t1669}}} freezingScreen=false mAppFreezing=false
01-01 22:30:35.410   535   591 V WindowManager: Eval win Window{333295d u0 com.roboteam.teamy.usa/com.roboteam.teamy.home.HomeActivity}: isDrawn=false, isAnimating=false
01-01 22:30:35.410   535   591 V WindowManager: Not displayed: s=null pv=false mDrawState=NO_SURFACE ah=false th=true a=false
01-01 22:30:35.411   535   591 I WindowManager:   SURFACE SHOW (performShowLocked): Window{45d4d89 u0 com.roboteam.teamy.usa/com.roboteam.teamy.boot.BootActivity}
01-01 22:30:35.412   535   591 V WindowManager: Eval win Window{333295d u0 com.roboteam.teamy.usa/com.roboteam.teamy.home.HomeActivity}: isDrawn=false, isAnimating=false
01-01 22:30:35.412   535   591 V WindowManager: Not displayed: s=null pv=false mDrawState=NO_SURFACE ah=false th=true a=false
01-01 22:30:35.413   535   591 I ActivityManager: Displayed com.roboteam.teamy.usa/com.roboteam.teamy.boot.BootActivity: +1s732ms
01-01 22:30:35.426   535   591 E WindowManager: Unknown window type: 2999
01-01 22:30:35.426   535   591 V WindowManager: Eval win Window{333295d u0 com.roboteam.teamy.usa/com.roboteam.teamy.home.HomeActivity}: isDrawn=false, isAnimating=false
01-01 22:30:35.426   535   591 V WindowManager: Not displayed: s=null pv=false mDrawState=NO_SURFACE ah=false th=true a=false
01-01 22:30:35.436   535  1360 V WindowManager: setAppVisibility(Token{bea77ad ActivityRecord{dd9acc4 u0 com.roboteam.teamy.usa/com.roboteam.teamy.home.HomeActivity t1668}}, visible=false): mNextAppTransition=TRANSIT_UNSET hidden=true hiddenRequested=true Callers=com.android.server.am.ActivityStack.stopActivityLocked:2764 com.android.server.am.ActivityStackSupervisor.activityIdleInternalLocked:2602 com.android.server.am.ActivityManagerService.activityIdle:6579 android.app.ActivityManagerNative.onTransact:522 com.android.server.am.ActivityManagerService.onTransact:2687 android.os.Binder.execTransact:453 
01-01 22:30:35.444   535   591 E WindowManager: Unknown window type: 2999
01-01 22:30:35.445   191   207 D gralloc : Isfb=0, [1200,1920,1200,4800], fmt=1, byte_stride=4800
01-01 22:30:35.447   535   586 V KeyguardServiceDelegate: *** Keyguard started
01-01 22:30:35.447   535   586 W KeyguardServiceDelegate: onScreenTurningOn(): no keyguard service!
01-01 22:30:35.582   535   535 V KeyguardServiceDelegate: *** Keyguard connected (yay!)
01-01 22:30:35.614   535  1154 V KeyguardServiceDelegate: **** SHOWN CALLED ****
01-01 22:30:35.614   535   591 V WindowManager: Resize reasons for w=Window{9b099a0 u0 KeyguardScrim}:  contentInsetsChanged=true [0,0][0,0] visibleInsetsChanged=false [0,0][0,0] stableInsetsChanged=false [0,0][0,0] outsetsChanged=false [0,0][0,0] surfaceResized=false configChanged=false
01-01 22:30:35.614   535   591 V WindowManager: Changing surface while display frozen: Window{9b099a0 u0 KeyguardScrim}
01-01 22:30:35.614   535   591 V WindowManager: Orientation start waiting for draw mDrawState=DRAW_PENDING in Window{9b099a0 u0 KeyguardScrim}, surface Surface(name=KeyguardScrim_Force_To_Dual)
01-01 22:30:35.614   535   591 V WindowManager: Resizing window Window{9b099a0 u0 KeyguardScrim} to 1920.0x1200.0
01-01 22:30:35.614   535   591 V WindowManager: Eval win Window{333295d u0 com.roboteam.teamy.usa/com.roboteam.teamy.home.HomeActivity}: isDrawn=false, isAnimating=false
01-01 22:30:35.614   535   591 V WindowManager: Not displayed: s=null pv=false mDrawState=NO_SURFACE ah=false th=true a=false
01-01 22:30:35.615   535   591 V WindowState: Reporting new frame to Window{9b099a0 u0 KeyguardScrim}: Rect(0, 0 - 1920, 1200)
01-01 22:30:35.615   535   591 I WindowState: Resizing Window{9b099a0 u0 KeyguardScrim} WITH DRAW PENDING
01-01 22:30:35.620   535   591 E WindowManager: Unknown window type: 2999
01-01 22:30:35.621   535   591 I WindowManager:   SURFACE SHOW (performShowLocked): Window{193ffa3 u0 com.roboteam.teamy.usa}
01-01 22:30:35.621   535   591 V WindowStateAnimator: Orientation continue waiting for draw in Window{9b099a0 u0 KeyguardScrim}
01-01 22:30:35.621   535   591 V WindowManager: Eval win Window{333295d u0 com.roboteam.teamy.usa/com.roboteam.teamy.home.HomeActivity}: isDrawn=false, isAnimating=false
01-01 22:30:35.621   535   591 V WindowManager: Not displayed: s=null pv=true mDrawState=NO_SURFACE ah=false th=true a=false
01-01 22:30:35.638   535   591 E WindowManager: Unknown window type: 2999
01-01 22:30:35.638   535   591 V WindowStateAnimator: Orientation continue waiting for draw in Window{9b099a0 u0 KeyguardScrim}
01-01 22:30:35.639   535   535 V WindowManager: Done at AppWindowToken{1282c27 token=Token{c07dee6 ActivityRecord{d65b941 u0 com.roboteam.teamy.usa/com.roboteam.teamy.boot.BootActivity t1669}}} -- full screen, return 0
01-01 22:30:35.639   535   535 V WindowManager: Deferring rotation, display is not enabled.
01-01 22:30:35.639   683   683 D PhoneStatusBar: disable: < expand* icons alerts system_info back* home* recent* clock search* quick_settings >
01-01 22:30:35.640   535   535 V WindowManager: Eval win Window{333295d u0 com.roboteam.teamy.usa/com.roboteam.teamy.home.HomeActivity}: isDrawn=false, isAnimating=false
01-01 22:30:35.640   535   535 V WindowManager: Not displayed: s=null pv=true mDrawState=NO_SURFACE ah=false th=true a=false
01-01 22:30:35.656   535   591 E WindowManager: Unknown window type: 2999
01-01 22:30:35.656   535   591 V WindowStateAnimator: Orientation change skips hidden Window{9b099a0 u0 KeyguardScrim}
01-01 22:30:35.657   535   591 V WindowManager: Eval win Window{333295d u0 com.roboteam.teamy.usa/com.roboteam.teamy.home.HomeActivity}: isDrawn=false, isAnimating=false
01-01 22:30:35.657   535   591 V WindowManager: Not displayed: s=null pv=true mDrawState=NO_SURFACE ah=false th=true a=false
01-01 22:30:35.659   535   591 I WindowManager: ******* TELLING SURFACE FLINGER WE ARE BOOTED!
01-01 22:30:35.659   191   207 I SurfaceFlinger: Boot is finished (33369 ms)
01-01 22:30:35.674   535   591 E WindowManager: Unknown window type: 2999
01-01 22:30:35.717   535  1360 V WindowManager: Done at AppWindowToken{1282c27 token=Token{c07dee6 ActivityRecord{d65b941 u0 com.roboteam.teamy.usa/com.roboteam.teamy.boot.BootActivity t1669}}} -- full screen, return 0
01-01 22:30:35.718   535  1360 V WindowManager: Eval win Window{333295d u0 com.roboteam.teamy.usa/com.roboteam.teamy.home.HomeActivity}: isDrawn=false, isAnimating=false
01-01 22:30:35.718   535  1360 V WindowManager: Not displayed: s=null pv=true mDrawState=NO_SURFACE ah=false th=true a=false
01-01 22:30:35.727   535   591 E WindowManager: Unknown window type: 2999
01-01 22:30:35.882   974   974 V UserPresentBroadcastReceiver: Received Intent { act=android.intent.action.USER_PRESENT flg=0x24000010 cmp=com.google.android.gms/.trustagent.UserPresentBroadcastReceiver }.
01-01 22:30:36.183   974  1391 I Scheduler: Use legacy PeriodicScheduler
01-01 22:30:36.191   974  1391 I Scheduler: Cleaning up unwanted schedulers, if there are any.
01-01 22:30:36.324   535   591 I SystemServiceManager: Starting phase 1000
01-01 22:30:36.339   535   591 I ActivityManager: Start proc 1537:com.android.bluetooth/1002 for on-hold
01-01 22:30:36.342   535   591 V WindowManager: updateRotationUnchecked(alwaysSendConfiguration=true)
01-01 22:30:36.342   535   591 V WindowManager: Application requested orientation 0, got rotation 1 which has compatible metrics
01-01 22:30:36.342   535   591 V WindowManager: Eval win Window{333295d u0 com.roboteam.teamy.usa/com.roboteam.teamy.home.HomeActivity}: isDrawn=false, isAnimating=false
01-01 22:30:36.342   535   591 V WindowManager: Not displayed: s=null pv=true mDrawState=NO_SURFACE ah=false th=true a=false
01-01 22:30:36.346   535   591 V WindowManager: Eval win Window{333295d u0 com.roboteam.teamy.usa/com.roboteam.teamy.home.HomeActivity}: isDrawn=false, isAnimating=false
01-01 22:30:36.346   535   591 V WindowManager: Not displayed: s=null pv=true mDrawState=NO_SURFACE ah=false th=true a=false
01-01 22:30:36.347   535   591 V WindowManager: updateRotationUnchecked(alwaysSendConfiguration=false)
01-01 22:30:36.347   535   591 V WindowManager: Application requested orientation 0, got rotation 1 which has compatible metrics
01-01 22:30:36.348   535   591 V WindowManager: Eval win Window{333295d u0 com.roboteam.teamy.usa/com.roboteam.teamy.home.HomeActivity}: isDrawn=false, isAnimating=false
01-01 22:30:36.348   535   591 V WindowManager: Not displayed: s=null pv=true mDrawState=NO_SURFACE ah=false th=true a=false
01-01 22:30:36.349   535   591 E WindowManager: Unknown window type: 2999
01-01 22:30:36.356   535   535 D ZenLog  : intercepted: -1|android|17040349|null|1000,alarmsOnly
01-01 22:30:36.356   535   535 V NotificationService: pkg=android canInterrupt=false intercept=true
01-01 22:30:36.356   535   535 D Tethering: ACTION_USB_STATE received, usbConnected=true, mRndisEnabled=false
01-01 22:30:36.370   683   683 I ndroid.systemui: type=1400 audit(0.0:16): avc: denied { write } for name="property_service" dev="tmpfs" ino=8488 scontext=u:r:platform_app:s0:c512,c768 tcontext=u:object_r:property_socket:s0 tclass=sock_file permissive=1
01-01 22:30:36.380   683  1171 D KeyboardUI: kkkkkkkkk   Enter onBootCompletedInternal() call playSound() ----
01-01 22:30:36.380   683  1171 D KeyboardUI: kkkkkkkkk   keyboardUI.cpp -- Enter playSound ()----
01-01 22:30:36.380   683  1171 D KeyboardUI: kkkkkkkkk   playSound ()----mLockSounds.play()
01-01 22:30:36.387   683   683 V KeyguardUpdateMonitor: kkkkkk stop service.copyfile == 0 
01-01 22:30:36.387   683  1171 W AudioTrack: AUDIO_OUTPUT_FLAG_FAST denied by client; transfer 4, track 44100 Hz, output 48000 Hz
01-01 22:30:36.407  1016  1016 D RKUpdateReceiver: action = android.hardware.usb.action.USB_STATE
01-01 22:30:36.443   222   268 D AudioHardwareTiny: start_output_stream
01-01 22:30:36.444   222   268 D alsa_route: route_info->sound_card 0, route_info->devices 0  
01-01 22:30:36.444   222   268 D alsa_route: route_set_controls() set route 0
01-01 22:30:36.463   535  1558 I RecoverySystem: No recovery log file
01-01 22:30:36.464   535  1558 I BootReceiver: Copying /proc/last_kmsg to DropBox (SYSTEM_LAST_KMSG)
01-01 22:30:36.499   535  1558 I BootReceiver: Copying audit failures to DropBox
01-01 22:30:36.506   535  1558 I BootReceiver: Copied 0 worth of audits to DropBox
01-01 22:30:36.506   535  1558 I BootReceiver: Checking for fsck errors
01-01 22:30:36.513  1252  1252 E DisplayOutputManager: Error listing main interfaces :java.lang.NullPointerException: Attempt to get length of null array
01-01 22:30:36.514  1252  1252 E DisplayOutputManager: Error listing aux interfaces :java.lang.NullPointerException: Attempt to get length of null array
01-01 22:30:36.514  1252  1252 E DisplayOutputManager: There is no display interface.
