--------- beginning of system
01-01 22:30:01.536   186   186 I vold    : Vold 3.0 (the awakening) firing up
01-01 22:30:01.536   186   186 V vold    : Detected support for: ext4 vfat
01-01 22:30:02.568   239   239 E DrmService: ----------------running drmservice---------------
01-01 22:30:02.568   239   239 E DrmService: get prop_board_platform,prop_board_platform = rk3288 , diff=-1
01-01 22:30:02.628   239   239 E DrmService: ----------serianno =SZJHWJZQZ0
01-01 22:30:02.628   239   239 E DrmService: auto generate serialno,serialno = SZJHWJZQZ0
01-01 22:30:02.628   239   239 E DrmService: rknand_sys_storage open fail
01-01 22:30:02.629   239   239 E DrmService: detect keybox disabled
01-01 22:30:06.629   569   569 I InstallerConnection: connecting...
01-01 22:30:06.942   569   569 I InstallerConnection: disconnecting...
01-01 22:30:07.381   569   569 I SystemServer: Entered the Android system server!
01-01 22:30:07.632   569   569 I SystemServer: ---before clearGrowthLimit---
01-01 22:30:07.634   569   569 I SystemServer: ---before loadLibrary---
01-01 22:30:08.030   569   569 I SystemServer: ---before performPendingShutdown---
01-01 22:30:08.031   569   569 I SystemServer: ---before createSystemContext---
01-01 22:30:08.439   569   569 I SystemServer: ---before new SystemServiceManager---
01-01 22:30:08.440   569   569 I SystemServer: ---before startBootstrapServices---
01-01 22:30:08.440   569   569 I SystemServer: ------------enter startBootstrapServices-----------
01-01 22:30:08.440   569   569 I SystemServiceManager: Starting com.android.server.pm.Installer
01-01 22:30:08.494   569   569 I Installer: Waiting for installd to be ready.
01-01 22:30:08.494   569   569 I InstallerConnection: connecting...
01-01 22:30:08.495   569   569 I SystemServer: ------------start installer-----------
01-01 22:30:08.495   569   569 I SystemServiceManager: Starting com.android.server.am.ActivityManagerService$Lifecycle
01-01 22:30:08.566   569   569 I ActivityManager: Memory class: 192
01-01 22:30:08.567   569   585 I ServiceThread: Enabled StrictMode logging for ActivityManager looper.
01-01 22:30:08.568   569   586 I ServiceThread: Enabled StrictMode logging for android.ui looper.
01-01 22:30:08.664   569   569 D BatteryStatsImpl: Reading daily items from /data/system/batterystats-daily.xml
01-01 22:30:08.897   569   569 I IntentFirewall: Read new rules (A:0 B:0 S:0)
01-01 22:30:08.902   569   590 I ServiceThread: Enabled StrictMode logging for android.display looper.
01-01 22:30:08.924   569   569 D AppOps  : AppOpsService published
01-01 22:30:08.924   569   569 I SystemServer: ------------start ams-----------
01-01 22:30:08.924   569   569 I SystemServiceManager: Starting com.android.server.power.PowerManagerService
01-01 22:30:08.973   569   592 I ServiceThread: Enabled StrictMode logging for PowerManagerService looper.
01-01 22:30:08.979   569   569 I SystemServer: ------------start pms-----------
01-01 22:30:08.979   569   569 I SystemServiceManager: Starting com.android.server.lights.LightsService
01-01 22:30:08.990   569   569 I SystemServer: ------------start lightservice----------
01-01 22:30:08.991   569   569 I SystemServiceManager: Starting com.android.server.display.DisplayManagerService
01-01 22:30:08.993   569   569 I SystemServer: ------------start displaymanager-----------
01-01 22:30:08.993   569   569 I SystemServiceManager: Starting phase 100
01-01 22:30:08.996   569   590 I DisplayManagerService: Display device added: DisplayDeviceInfo{"Built-in Screen": uniqueId="local:0", 1200 x 1920, modeId 1, defaultModeId 1, supportedModes [{id=1, width=1200, height=1920, fps=56.535004}], colorTransformId 1, defaultColorTransformId 1, supportedColorTransforms [{id=1, colorTransform=0}], density 240, 159.58115 x 159.89508 dpi, appVsyncOff 0, presDeadline 18688157, touch INTERNAL, rotation 0, type BUILT_IN, state UNKNOWN, FLAG_DEFAULT_DISPLAY, FLAG_ROTATES_WITH_CONTENT, FLAG_SECURE, FLAG_SUPPORTS_PROTECTED_BUFFERS}
01-01 22:30:08.998   569   590 I DisplayManagerService: Display device changed state: "Built-in Screen", ON
01-01 22:30:08.998   569   569 I SystemServer: ----------- startBootPhase-----------
01-01 22:30:08.998   569   569 I SystemServer: Package Manager
01-01 22:30:09.029   569   569 W SystemConfig: No directory /system/etc/sysconfig, skipping
01-01 22:30:09.070   569   569 D SELinuxMMAC: Using policy file /system/etc/security/mac_permissions.xml
01-01 22:30:09.243   569   569 W PackageManager: Library not found: /system/framework/org.apache.http.legacy.jar
01-01 22:30:09.779   569   569 W PackageParser: Ignoring duplicate uses-permissions/uses-permissions-sdk-m: android.permission.ACCESS_FINE_LOCATION in package: com.DeviceTest at: Binary XML file line #22
01-01 22:30:09.779   569   569 W PackageParser: Ignoring duplicate uses-permissions/uses-permissions-sdk-m: android.permission.WRITE_SETTINGS in package: com.DeviceTest at: Binary XML file line #31
01-01 22:30:09.779   569   569 W PackageParser: Ignoring duplicate uses-permissions/uses-permissions-sdk-m: android.permission.INTERNET in package: com.DeviceTest at: Binary XML file line #39
01-01 22:30:09.779   569   569 W PackageParser: Ignoring duplicate uses-permissions/uses-permissions-sdk-m: android.permission.DEVICE_POWER in package: com.DeviceTest at: Binary XML file line #43
01-01 22:30:09.879   569   569 W PackageManager: Permission android.permission.DOWNLOAD_WITHOUT_NOTIFICATION from package com.android.providers.downloads in an unknown group android.permission-group.NETWORK
01-01 22:30:10.761   569   569 W PackageManager: Permission com.google.android.gms.permission.ACTIVITY_RECOGNITION from package com.google.android.gms in an unknown group android.permission-group.PERSONAL_INFO
01-01 22:30:10.935   569   569 W PackageManager: Failed to parse /system/priv-app/GoogleLoginService: Signature mismatch for shared user : SharedUserSetting{9bf4554 com.google.uid.shared/10006}
01-01 22:30:11.353   569   569 W PackageManager: Permission com.android.vending.CHECK_LICENSE from package com.android.vending in an unknown group android.permission-group.NETWORK
01-01 22:30:11.353   569   569 W PackageManager: Permission com.android.vending.BILLING from package com.android.vending in an unknown group android.permission-group.NETWORK
01-01 22:30:12.417   569   569 W PackageManager: Failed to parse /system/priv-app/GooglePlayservices: Application package com.google.android.gms already installed.  Skipping duplicate.
01-01 22:30:12.613   569   569 W PackageManager: Permission com.google.android.googleapps.permission.GOOGLE_AUTH from package com.google.android.gsf in an unknown group android.permission-group.ACCOUNTS
01-01 22:30:12.613   569   569 W PackageManager: Permission com.google.android.googleapps.permission.GOOGLE_AUTH.ALL_SERVICES from package com.google.android.gsf in an unknown group android.permission-group.ACCOUNTS
01-01 22:30:12.613   569   569 W PackageManager: Permission com.google.android.googleapps.permission.GOOGLE_AUTH.OTHER_SERVICES from package com.google.android.gsf in an unknown group android.permission-group.ACCOUNTS
01-01 22:30:12.613   569   569 W PackageManager: Permission com.google.android.googleapps.permission.GOOGLE_AUTH.mail from package com.google.android.gsf in an unknown group android.permission-group.ACCOUNTS
01-01 22:30:12.613   569   569 W PackageManager: Permission com.google.android.googleapps.permission.GOOGLE_AUTH.cl from package com.google.android.gsf in an unknown group android.permission-group.ACCOUNTS
01-01 22:30:12.613   569   569 W PackageManager: Permission com.google.android.googleapps.permission.GOOGLE_AUTH.android from package com.google.android.gsf in an unknown group android.permission-group.ACCOUNTS
01-01 22:30:12.613   569   569 W PackageManager: Permission com.google.android.googleapps.permission.GOOGLE_AUTH.androidsecure from package com.google.android.gsf in an unknown group android.permission-group.ACCOUNTS
01-01 22:30:12.613   569   569 W PackageManager: Permission com.google.android.googleapps.permission.GOOGLE_AUTH.sierra from package com.google.android.gsf in an unknown group android.permission-group.ACCOUNTS
01-01 22:30:12.613   569   569 W PackageManager: Permission com.google.android.googleapps.permission.GOOGLE_AUTH.sierraqa from package com.google.android.gsf in an unknown group android.permission-group.ACCOUNTS
01-01 22:30:12.613   569   569 W PackageManager: Permission com.google.android.googleapps.permission.GOOGLE_AUTH.sierrasandbox from package com.google.android.gsf in an unknown group android.permission-group.ACCOUNTS
01-01 22:30:12.613   569   569 W PackageManager: Permission com.google.android.googleapps.permission.GOOGLE_AUTH.youtube from package com.google.android.gsf in an unknown group android.permission-group.ACCOUNTS
01-01 22:30:12.613   569   569 W PackageManager: Permission com.google.android.googleapps.permission.GOOGLE_AUTH.YouTubeUser from package com.google.android.gsf in an unknown group android.permission-group.ACCOUNTS
01-01 22:30:12.613   569   569 W PackageManager: Permission com.google.android.googleapps.permission.GOOGLE_AUTH.talk from package com.google.android.gsf in an unknown group android.permission-group.ACCOUNTS
01-01 22:30:12.613   569   569 W PackageManager: Permission com.google.android.googleapps.permission.GOOGLE_AUTH.ig from package com.google.android.gsf in an unknown group android.permission-group.ACCOUNTS
01-01 22:30:12.613   569   569 W PackageManager: Permission com.google.android.googleapps.permission.GOOGLE_AUTH.lh2 from package com.google.android.gsf in an unknown group android.permission-group.ACCOUNTS
01-01 22:30:12.613   569   569 W PackageManager: Permission com.google.android.googleapps.permission.GOOGLE_AUTH.mobile from package com.google.android.gsf in an unknown group android.permission-group.ACCOUNTS
01-01 22:30:12.613   569   569 W PackageManager: Permission com.google.android.googleapps.permission.GOOGLE_AUTH.cp from package com.google.android.gsf in an unknown group android.permission-group.ACCOUNTS
01-01 22:30:12.613   569   569 W PackageManager: Permission com.google.android.googleapps.permission.GOOGLE_AUTH.adsense from package com.google.android.gsf in an unknown group android.permission-group.ACCOUNTS
01-01 22:30:12.613   569   569 W PackageManager: Permission com.google.android.googleapps.permission.GOOGLE_AUTH.adwords from package com.google.android.gsf in an unknown group android.permission-group.ACCOUNTS
01-01 22:30:12.613   569   569 W PackageManager: Permission com.google.android.googleapps.permission.GOOGLE_AUTH.blogger from package com.google.android.gsf in an unknown group android.permission-group.ACCOUNTS
01-01 22:30:12.613   569   569 W PackageManager: Permission com.google.android.googleapps.permission.GOOGLE_AUTH.dodgeball from package com.google.android.gsf in an unknown group android.permission-group.ACCOUNTS
01-01 22:30:12.614   569   569 W PackageManager: Permission com.google.android.googleapps.permission.GOOGLE_AUTH.gbase from package com.google.android.gsf in an unknown group android.permission-group.ACCOUNTS
01-01 22:30:12.614   569   569 W PackageManager: Permission com.google.android.googleapps.permission.GOOGLE_AUTH.groups2 from package com.google.android.gsf in an unknown group android.permission-group.ACCOUNTS
01-01 22:30:12.614   569   569 W PackageManager: Permission com.google.android.googleapps.permission.GOOGLE_AUTH.health from package com.google.android.gsf in an unknown group android.permission-group.ACCOUNTS
01-01 22:30:12.614   569   569 W PackageManager: Permission com.google.android.googleapps.permission.GOOGLE_AUTH.jotspot from package com.google.android.gsf in an unknown group android.permission-group.ACCOUNTS
01-01 22:30:12.614   569   569 W PackageManager: Permission com.google.android.googleapps.permission.GOOGLE_AUTH.knol from package com.google.android.gsf in an unknown group android.permission-group.ACCOUNTS
01-01 22:30:12.614   569   569 W PackageManager: Permission com.google.android.googleapps.permission.GOOGLE_AUTH.news from package com.google.android.gsf in an unknown group android.permission-group.ACCOUNTS
01-01 22:30:12.614   569   569 W PackageManager: Permission com.google.android.googleapps.permission.GOOGLE_AUTH.orkut from package com.google.android.gsf in an unknown group android.permission-group.ACCOUNTS
01-01 22:30:12.614   569   569 W PackageManager: Permission com.google.android.googleapps.permission.GOOGLE_AUTH.print from package com.google.android.gsf in an unknown group android.permission-group.ACCOUNTS
01-01 22:30:12.614   569   569 W PackageManager: Permission com.google.android.googleapps.permission.GOOGLE_AUTH.sitemaps from package com.google.android.gsf in an unknown group android.permission-group.ACCOUNTS
01-01 22:30:12.614   569   569 W PackageManager: Permission com.google.android.googleapps.permission.GOOGLE_AUTH.wifi from package com.google.android.gsf in an unknown group android.permission-group.ACCOUNTS
01-01 22:30:12.614   569   569 W PackageManager: Permission com.google.android.googleapps.permission.GOOGLE_AUTH.finance from package com.google.android.gsf in an unknown group android.permission-group.ACCOUNTS
01-01 22:30:12.614   569   569 W PackageManager: Permission com.google.android.googleapps.permission.GOOGLE_AUTH.local from package com.google.android.gsf in an unknown group android.permission-group.ACCOUNTS
01-01 22:30:12.614   569   569 W PackageManager: Permission com.google.android.googleapps.permission.GOOGLE_AUTH.ah from package com.google.android.gsf in an unknown group android.permission-group.ACCOUNTS
01-01 22:30:12.614   569   569 W PackageManager: Permission com.google.android.googleapps.permission.GOOGLE_AUTH.notebook from package com.google.android.gsf in an unknown group android.permission-group.ACCOUNTS
01-01 22:30:12.614   569   569 W PackageManager: Permission com.google.android.googleapps.permission.GOOGLE_AUTH.writely from package com.google.android.gsf in an unknown group android.permission-group.ACCOUNTS
01-01 22:30:12.614   569   569 W PackageManager: Permission com.google.android.googleapps.permission.GOOGLE_AUTH.wise from package com.google.android.gsf in an unknown group android.permission-group.ACCOUNTS
01-01 22:30:12.614   569   569 W PackageManager: Permission com.google.android.googleapps.permission.GOOGLE_AUTH.grandcentral from package com.google.android.gsf in an unknown group android.permission-group.ACCOUNTS
01-01 22:30:12.614   569   569 W PackageManager: Permission com.google.android.googleapps.permission.GOOGLE_AUTH.speechpersonalization from package com.google.android.gsf in an unknown group android.permission-group.ACCOUNTS
01-01 22:30:12.614   569   569 W PackageManager: Permission com.google.android.googleapps.permission.GOOGLE_AUTH.speech from package com.google.android.gsf in an unknown group android.permission-group.ACCOUNTS
01-01 22:30:12.614   569   569 W PackageManager: Permission com.google.android.providers.talk.permission.READ_ONLY from package com.google.android.gsf in an unknown group android.permission-group.MESSAGES
01-01 22:30:12.614   569   569 W PackageManager: Permission com.google.android.providers.talk.permission.WRITE_ONLY from package com.google.android.gsf in an unknown group android.permission-group.MESSAGES
01-01 22:30:12.614   569   569 W PackageManager: Permission com.google.android.gtalkservice.permission.GTALK_SERVICE from package com.google.android.gsf in an unknown group android.permission-group.MESSAGES
01-01 22:30:12.614   569   569 W PackageManager: Permission com.google.android.gtalkservice.permission.SEND_HEARTBEAT from package com.google.android.gsf in an unknown group android.permission-group.NETWORK
01-01 22:30:12.614   569   569 W PackageManager: Permission com.google.android.permission.BROADCAST_DATA_MESSAGE from package com.google.android.gsf in an unknown group android.permission-group.NETWORK
01-01 22:30:12.614   569   569 W PackageManager: Permission com.google.android.c2dm.permission.SEND from package com.google.android.gsf in an unknown group android.permission-group.NETWORK
01-01 22:30:12.614   569   569 W PackageManager: Permission com.google.android.c2dm.permission.RECEIVE from package com.google.android.gsf in an unknown group android.permission-group.NETWORK
01-01 22:30:12.614   569   569 W PackageManager: Permission com.google.android.xmpp.permission.BROADCAST from package com.google.android.gsf in an unknown group android.permission-group.NETWORK
01-01 22:30:12.614   569   569 W PackageManager: Permission com.google.android.xmpp.permission.SEND_RECEIVE from package com.google.android.gsf in an unknown group android.permission-group.NETWORK
01-01 22:30:12.614   569   569 W PackageManager: Permission com.google.android.xmpp.permission.XMPP_ENDPOINT_BROADCAST from package com.google.android.gsf in an unknown group android.permission-group.NETWORK
01-01 22:30:12.614   569   569 W PackageManager: Permission com.google.android.xmpp.permission.USE_XMPP_ENDPOINT from package com.google.android.gsf in an unknown group android.permission-group.NETWORK
01-01 22:30:12.614   569   569 W PackageManager: Permission com.google.android.providers.gsf.permission.READ_GSERVICES from package com.google.android.gsf in an unknown group android.permission-group.ACCOUNTS
01-01 22:30:13.263   569   569 W PackageParser: Ignoring duplicate uses-permissions/uses-permissions-sdk-m: android.permission.USE_CREDENTIALS in package: com.android.settings at: Binary XML file line #55
01-01 22:30:13.263   569   569 W PackageParser: Ignoring duplicate uses-permissions/uses-permissions-sdk-m: android.permission.READ_SYNC_SETTINGS in package: com.android.settings at: Binary XML file line #60
01-01 22:30:13.263   569   569 W PackageParser: Ignoring duplicate uses-permissions/uses-permissions-sdk-m: android.permission.WRITE_SYNC_SETTINGS in package: com.android.settings at: Binary XML file line #61
01-01 22:30:13.537   569   569 W PackageParser: Ignoring duplicate uses-permissions/uses-permissions-sdk-m: android.permission.INSTALL_GRANT_RUNTIME_PERMISSIONS in package: com.android.shell at: Binary XML file line #101
01-01 22:30:13.739   569   569 W PackageParser: Ignoring duplicate uses-permissions/uses-permissions-sdk-m: android.permission.CONFIGURE_WIFI_DISPLAY in package: com.android.systemui at: Binary XML file line #120
01-01 22:30:14.251   569   569 W PackageParser: Ignoring duplicate uses-permissions/uses-permissions-sdk-m: android.permission.READ_CONTACTS in package: com.android.bluetooth at: Binary XML file line #59
01-01 22:30:14.253   569   569 W PackageParser: No actions in intent filter at /system/app/Bluetooth/Bluetooth.apk Binary XML file line #217
01-01 22:30:16.006   569   569 W PackageManager: Failed to parse /system/app/TemiBtob: Package com.robotemi.btob.usa at /system/app/TemiBtob ignored: updated version 52 better than this 45
01-01 22:30:16.053   569   569 W PackageManager: Failed to parse /system/app/TemiCamera: Package com.roboteam.teamy.camera.usa at /system/app/TemiCamera ignored: updated version 683 better than this 563
01-01 22:30:16.180   569   569 W PackageManager: Failed to parse /system/app/TemiFind: Package com.roboteam.temi.find.usa at /system/app/TemiFind ignored: updated version 323 better than this 255
01-01 22:30:16.313   569   569 W PackageManager: Failed to parse /system/app/TemiIheart: Package com.roboteam.teamy.iheart.usa at /system/app/TemiIheart ignored: updated version 458 better than this 367
01-01 22:30:16.616   569   569 W PackageManager: Failed to parse /system/app/TemiKnowledge: Package com.roboteam.teamy.knowledgeskill.usa at /system/app/TemiKnowledge ignored: updated version 409 better than this 343
01-01 22:30:16.795   569   569 W PackageManager: Failed to parse /system/app/TemiLauncher: Package com.roboteam.teamy.usa at /system/app/TemiLauncher ignored: updated version 14048 better than this 8537
01-01 22:30:16.898   569   569 W PackageManager: Failed to parse /system/app/TemiLocalMedia: Package com.roboteam.teamy.videodemo.usa at /system/app/TemiLocalMedia ignored: updated version 279 better than this 147
01-01 22:30:16.969   569   569 W PackageParser: Ignoring duplicate uses-permissions/uses-permissions-sdk-m: android.permission.READ_EXTERNAL_STORAGE in package: com.roboteam.teamy.newsskill.usa at: Binary XML file line #17
01-01 22:30:16.971   569   569 W PackageManager: Failed to parse /system/app/TemiNews: Package com.roboteam.teamy.newsskill.usa at /system/app/TemiNews ignored: updated version 746 better than this 685
01-01 22:30:17.097   569   569 W PackageManager: Failed to parse /system/app/TemiWeather: Package com.roboteam.teamy.weatherskill.usa at /system/app/TemiWeather ignored: updated version 674 better than this 577
01-01 22:30:17.264   569   569 W PackageManager: Failed to parse /system/app/TemiYouTube: Package com.roboteam.teamy.youtubeskill.usa at /system/app/TemiYouTube ignored: updated version 597 better than this 469
01-01 22:30:24.392   569   569 W PackageParser: Ignoring duplicate uses-permissions/uses-permissions-sdk-m: android.permission.READ_EXTERNAL_STORAGE in package: com.roboteam.teamy.newsskill.usa at: Binary XML file line #15
01-01 22:30:24.906   569   569 W PackageManager: Package com.google.android.gms desires unavailable shared library com.google.android.ble; ignoring!
01-01 22:30:24.906   569   569 I PackageManager: Adjusting ABI for : com.google.android.gsf to armeabi-v7a
01-01 22:30:24.906   569   569 I PackageManager: Adjusting ABI for : com.android.winstart to armeabi-v7a
01-01 22:30:24.907   569   569 I PackageManager: Adjusting ABI for : com.android.soundrecorder to armeabi-v7a
01-01 22:30:24.907   569   569 I PackageManager: Adjusting ABI for : com.android.keychain to armeabi-v7a
01-01 22:30:24.907   569   569 I PackageManager: Adjusting ABI for : com.android.rk.mediafloat to armeabi-v7a
01-01 22:30:24.907   569   569 I PackageManager: Adjusting ABI for : com.cghs.stresstest to armeabi-v7a
01-01 22:30:24.907   569   569 I PackageManager: Adjusting ABI for : com.android.inputdevices to armeabi-v7a
01-01 22:30:24.907   569   569 I PackageManager: Adjusting ABI for : com.android.location.fused to armeabi-v7a
01-01 22:30:24.907   569   569 I PackageManager: Adjusting ABI for : com.roboteam.teamy.videodemo.usa to armeabi-v7a
01-01 22:30:24.907   569   569 I PackageManager: Adjusting ABI for : com.roboteam.teamy.knowledgeskill.usa to armeabi-v7a
01-01 22:30:24.908   569   569 I PackageManager: Adjusting ABI for : com.DeviceTest to armeabi-v7a
01-01 22:30:24.908   569   569 I PackageManager: Adjusting ABI for : com.luckystar.luckstarautoinstall to armeabi-v7a
01-01 22:30:24.908   569   569 I PackageManager: Adjusting ABI for : com.android.server.telecom to armeabi-v7a
01-01 22:30:24.908   569   569 I PackageManager: Adjusting ABI for : com.roboteam.teamy.youtubeskill.usa to armeabi-v7a
01-01 22:30:24.908   569   569 I PackageManager: Adjusting ABI for : com.robotemi.btob.usa to armeabi-v7a
01-01 22:30:24.908   569   569 I PackageManager: Adjusting ABI for : com.android.settings to armeabi-v7a
01-01 22:30:24.908   569   569 I PackageManager: Adjusting ABI for : com.android.providers.settings to armeabi-v7a
01-01 22:30:24.910   569   569 I PackageManager: Time to scan packages: 15.699 seconds
01-01 22:30:24.911   569   569 W PackageManager: Unknown permission android.permission.SET_TIME  in package com.roboteam.teamy.usa
01-01 22:30:24.911   569   569 W PackageManager: Unknown permission android.permission.FOREGROUND_SERVICE in package com.roboteam.teamy.usa
01-01 22:30:24.911   569   569 W PackageManager: Not granting permission android.permission.WRITE_EXTERNAL_STORAGE to package com.google.android.youtube because it was previously installed without
01-01 22:30:24.911   569   569 W PackageManager: Not granting permission android.permission.MANAGE_DOCUMENTS to package com.google.android.youtube (protectionLevel=2 flags=0x385bbe44)
01-01 22:30:24.911   569   569 W PackageManager: Not granting permission android.permission.GET_ACCOUNTS to package com.google.android.youtube because it was previously installed without
01-01 22:30:24.911   569   569 W PackageManager: Not granting permission android.permission.CAMERA to package com.google.android.youtube because it was previously installed without
01-01 22:30:24.912   569   569 W PackageManager: Unknown permission android.permission.FOREGROUND_SERVICE in package com.google.android.youtube
01-01 22:30:24.912   569   569 W PackageManager: Not granting permission android.permission.READ_EXTERNAL_STORAGE to package com.google.android.youtube because it was previously installed without
01-01 22:30:24.912   569   569 W PackageManager: Not granting permission com.google.android.googleapps.permission.GOOGLE_AUTH to package com.android.providers.calendar (protectionLevel=2 flags=0x30083e45)
01-01 22:30:24.912   569   569 W PackageManager: Not granting permission com.google.android.googleapps.permission.GOOGLE_AUTH.cl to package com.android.providers.calendar (protectionLevel=2 flags=0x30083e45)
01-01 22:30:24.912   569   569 W PackageManager: Unknown permission com.android.launcher.permission.READ_SETTINGS in package com.android.winstart
01-01 22:30:24.912   569   569 W PackageManager: Unknown permission android.permission.ACCESS_ALL_EXTERNAL_STORAGE in package com.android.winstart
01-01 22:30:24.912   569   569 W PackageManager: Not granting permission android.permission.SEND_DOWNLOAD_COMPLETED_INTENTS to package com.android.vending (protectionLevel=2 flags=0x384abe45)
01-01 22:30:24.912   569   569 W PackageManager: Unknown permission android.permission.SEND_SMS_NO_CONFIRMATION in package com.android.vending
01-01 22:30:24.912   569   569 I PackageManager: Un-granting permission android.permission.INSTALL_GRANT_RUNTIME_PERMISSIONS from package com.android.vending (protectionLevel=770 flags=0x384abe45)
01-01 22:30:24.912   569   569 I PackageManager: Un-granting permission android.permission.GRANT_RUNTIME_PERMISSIONS from package com.android.vending (protectionLevel=770 flags=0x384abe45)
01-01 22:30:24.912   569   569 I PackageManager: Un-granting permission android.permission.REVOKE_RUNTIME_PERMISSIONS from package com.android.vending (protectionLevel=770 flags=0x384abe45)
01-01 22:30:24.912   569   569 W PackageManager: Unknown permission com.google.android.partnersetup.permission.WRITE_APP_PROVIDER in package com.android.vending
01-01 22:30:24.913   569   569 W PackageManager: Not granting permission android.permission.BIND_WALLPAPER to package com.android.camera2 (protectionLevel=18 flags=0x3058bc45)
01-01 22:30:24.913   569   569 W PackageManager: Unknown permission com.android.launcher.permission.READ_SETTINGS in package com.android.onetimeinitializer
01-01 22:30:24.913   569   569 W PackageManager: Unknown permission com.android.launcher.permission.WRITE_SETTINGS in package com.android.onetimeinitializer
01-01 22:30:24.913   569   569 W PackageManager: Unknown permission android.permission.MANAGE_SOUND_TRIGGER in package com.google.android.gms
01-01 22:30:24.913   569   569 W PackageManager: Unknown permission com.google.android.apps.enterprise.dmagent.permission.AutoSyncPermission in package com.google.android.gms
01-01 22:30:24.913   569   569 W PackageManager: Unknown permission com.google.android.googlequicksearchbox.permission.PAUSE_HOTWORD in package com.google.android.gms
01-01 22:30:24.913   569   569 W PackageManager: Unknown permission android.permission.TETHER_PRIVILEGED in package com.google.android.gms
01-01 22:30:24.913   569   569 W PackageManager: Unknown permission com.google.android.hangouts.START_HANGOUT in package com.google.android.gms
01-01 22:30:24.913   569   569 W PackageManager: Unknown permission com.google.android.wearable.READ_SETTINGS in package com.google.android.gms
01-01 22:30:24.913   569   569 W PackageManager: Unknown permission com.google.android.wh.supervisor.permission.ACCESS_METADATA_SERVICE in package com.google.android.gms
01-01 22:30:24.913   569   569 W PackageManager: Unknown permission android.permission.SUBSTITUTE_NOTIFICATION_APP_NAME in package com.google.android.gms
01-01 22:30:24.913   569   569 W PackageManager: Unknown permission com.google.android.launcher.permission.RECEIVE_LAUNCH_BROADCASTS in package com.google.android.gms
01-01 22:30:24.914   569   569 W PackageManager: Unknown permission android.permission.SEND_SMS_NO_CONFIRMATION in package com.google.android.gms
01-01 22:30:24.914   569   569 W PackageManager: Unknown permission com.google.android.gm.permission.READ_GMAIL in package com.google.android.gms
01-01 22:30:24.914   569   569 W PackageManager: Unknown permission com.google.android.googleapps.permission.ACCESS_GOOGLE_PASSWORD in package com.google.android.gsf
01-01 22:30:24.914   569   569 W PackageManager: Unknown permission com.google.android.googleapps.permission.GOOGLE_MAIL_SWITCH in package com.google.android.gsf
01-01 22:30:24.914   569   569 W PackageManager: Not granting permission android.permission.DELETE_PACKAGES to package com.svox.pico (protectionLevel=18 flags=0x3808be45)
01-01 22:30:24.914   569   569 W PackageManager: Unknown permission com.google.android.gallery3d.permission.PICASA_STORE in package com.android.dreams.phototable
01-01 22:30:24.914   569   569 W PackageManager: Unknown permission com.android.launcher.permission.READ_SETTINGS in package com.android.settings
01-01 22:30:24.914   569   569 W PackageManager: Unknown permission com.android.launcher.permission.WRITE_SETTINGS in package com.android.settings
01-01 22:30:24.915   569   569 W PackageManager: Not granting permission android.permission.WRITE_EXTERNAL_STORAGE to package com.robotemi.launcher.captiveportal because it was previously installed without
01-01 22:30:24.915   569   569 W PackageManager: Not granting permission android.permission.READ_EXTERNAL_STORAGE to package com.robotemi.launcher.captiveportal because it was previously installed without
01-01 22:30:24.916   569   569 W PackageManager: Unknown permission com.android.email.permission.READ_ATTACHMENT in package com.android.exchange
01-01 22:30:24.916   569   569 W PackageManager: Unknown permission com.android.email.permission.ACCESS_PROVIDER in package com.android.exchange
01-01 22:30:24.916   569   569 W PackageManager: Not granting permission android.permission.WRITE_EXTERNAL_STORAGE to package com.robotemi.welcomingbtob because it was previously installed without
01-01 22:30:24.916   569   569 W PackageManager: Not granting permission android.permission.READ_EXTERNAL_STORAGE to package com.robotemi.welcomingbtob because it was previously installed without
01-01 22:30:24.916   569   569 W PackageManager: Unknown permission com.android.launcher.permission.READ_SETTINGS in package com.DeviceTest
01-01 22:30:24.916   569   569 W PackageManager: Unknown permission com.google.android.gallery3d.permission.GALLERY_PROVIDER in package com.android.bluetooth
01-01 22:30:24.916   569   569 W PackageManager: Unknown permission com.android.gallery3d.permission.GALLERY_PROVIDER in package com.android.bluetooth
01-01 22:30:25.012   569   569 W SystemServer: kkkkkkkkk no first don't copyfile.sh  
01-01 22:30:25.012   569   569 I SystemServer: User Service
01-01 22:30:25.012   569   569 I SystemServer: AttributeCache.init
01-01 22:30:25.012   569   569 I SystemServer: mActivityManagerService.setSystemProcess
01-01 22:30:25.132   569   569 I SystemServer: after mActivityManagerService.setSystemProcess
01-01 22:30:25.141   569   569 I SystemServer: after startSensorService
01-01 22:30:25.141   569   569 I SystemServiceManager: Starting com.android.server.BatteryService
01-01 22:30:25.144   569   569 I SystemServer: after BatteryService
01-01 22:30:25.145   569   569 I SystemServiceManager: Starting com.android.server.usage.UsageStatsService
01-01 22:30:25.154   569   569 I SystemServer: after UsageStatsService
01-01 22:30:25.154   569   569 I SystemServiceManager: Starting com.android.server.webkit.WebViewUpdateService
01-01 22:30:25.155   569   569 I SystemServer: after WebViewUpdateService
01-01 22:30:25.155   569   569 I SystemServer: Reading configuration...
01-01 22:30:25.155   569   569 I SystemServer: Scheduling Policy
01-01 22:30:25.156   569   569 I SystemServiceManager: Starting com.android.server.telecom.TelecomLoaderService
01-01 22:30:25.156   569   569 I SystemServer: Telephony Registry
01-01 22:30:25.159   569   569 I SystemServer: Camera Service
01-01 22:30:25.160   569   569 I SystemServiceManager: Starting com.android.server.camera.CameraService
01-01 22:30:25.161   569   784 I ServiceThread: Enabled StrictMode logging for CameraService_proxy looper.
01-01 22:30:25.161   569   569 I SystemServer: Account Manager
01-01 22:30:25.164   569   569 I SystemServer: Content Manager
01-01 22:30:25.165   569   569 I SystemServer: System Content Providers
01-01 22:30:25.188   569   569 I SystemServer: Vibrator Service
01-01 22:30:25.190   569   569 I SystemServer: Consumer IR Service
01-01 22:30:25.191   569   569 I SystemServiceManager: Starting com.android.server.AlarmManagerService
01-01 22:30:25.193   569   569 W AlarmAlignmentManager: updating App alarm config:
01-01 22:30:25.193   569   569 W AlarmAlignmentManager: old config:strategy:SCREEN_OFF_ALARM_STRATEGY_NONE, repeat alignment:0, fixed alignment:0, skip short interval:0, strict:true, ignore top:false, skip nonwakeup:true, align nonwakeup:false, align system alarm:false, whitelist size:0, blacklist size:0
01-01 22:30:25.193   569   569 W AlarmAlignmentManager: new config:strategy:SCREEN_OFF_ALARM_STRATEGY_NONE, repeat alignment:0, fixed alignment:0, skip short interval:0, strict:true, ignore top:false, skip nonwakeup:true, align nonwakeup:false, align system alarm:false, whitelist size:0, blacklist size:0
01-01 22:30:25.213   569   569 I SystemServer: Init Watchdog
01-01 22:30:25.213   569   569 I SystemServer: Input Manager
01-01 22:30:25.213   569   569 I InputManager: Initializing input manager, mUseDevInputEventForAudioJack=false
01-01 22:30:25.214   569   569 I SystemServer: Window Manager
01-01 22:30:25.223   569   590 I WindowManager: No existing display settings /data/system/display_settings.xml; starting empty
01-01 22:30:25.233   569   586 V WindowManager: updateRotationUnchecked(alwaysSendConfiguration=true)
01-01 22:30:25.233   569   586 V WindowManager: Deferring rotation, display is not enabled.
01-01 22:30:25.241   569   586 V WindowManager: updateRotationUnchecked(alwaysSendConfiguration=true)
01-01 22:30:25.241   569   586 V WindowManager: Deferring rotation, display is not enabled.
01-01 22:30:25.252   569   569 I InputManager: Starting input manager
01-01 22:30:25.253   569   569 I SystemServer: Bluetooth Service
01-01 22:30:25.253   569   569 I SystemServiceManager: Starting com.android.server.BluetoothService
01-01 22:30:25.256   569   569 I SystemServer: Input Method Service
01-01 22:30:25.275   569   569 I SystemServer: Accessibility Manager
01-01 22:30:25.279   569   569 I ActivityManager: Config changes=1df8 {1.0 ?mcc?mnc en_US ldltr sw800dp w1280dp h800dp 240dpi xlrg land ?uimode ?night -touch -keyb/v/h -nav/h s.2}
01-01 22:30:25.291   569   569 I SystemServiceManager: Starting com.android.server.MountService$Lifecycle
01-01 22:30:25.293   569   584 I UsageStatsService: User[0] Rollover scheduled @ 2011-01-02 10:30:00(1293926400000)
01-01 22:30:25.296   569   799 D MountService: Thinking about reset, mSystemReady=false, mDaemonConnected=true
01-01 22:30:25.296   569   799 D MountService: Thinking about reset, mSystemReady=false, mDaemonConnected=true
01-01 22:30:25.297   569   799 D CryptdConnector: SND -> {1 cryptfs getfield SystemLocale}
01-01 22:30:25.297   186   207 I Ext4Crypt: ext4 crypto complete called on /data
01-01 22:30:25.297   186   207 I Ext4Crypt: No master key, so not ext4enc
01-01 22:30:25.298   569   569 I SystemServiceManager: Starting com.android.server.UiModeManagerService
01-01 22:30:25.298   569   801 D CryptdConnector: RCV <- {200 1 -1}
01-01 22:30:25.299   569   799 W MountService: No primary storage mounted!
01-01 22:30:25.299   569   799 D VoldConnector: SND -> {1 asec list}
01-01 22:30:25.299   569   569 I ActivityManager: Config changes=200 {1.0 ?mcc?mnc en_US ldltr sw800dp w1280dp h800dp 240dpi xlrg land -touch -keyb/v/h -nav/h s.3}
01-01 22:30:25.300   569   800 D VoldConnector: RCV <- {200 1 asec operation succeeded}
01-01 22:30:25.300   569   799 W PackageManager: Unknown permission android.permission.SET_TIME  in package com.roboteam.teamy.usa
01-01 22:30:25.300   569   799 W PackageManager: Unknown permission android.permission.FOREGROUND_SERVICE in package com.roboteam.teamy.usa
01-01 22:30:25.301   569   799 W PackageManager: Not granting permission android.permission.WRITE_EXTERNAL_STORAGE to package com.google.android.youtube because it was previously installed without
01-01 22:30:25.301   569   799 W PackageManager: Not granting permission android.permission.MANAGE_DOCUMENTS to package com.google.android.youtube (protectionLevel=2 flags=0x385bbe44)
01-01 22:30:25.301   569   799 W PackageManager: Not granting permission android.permission.GET_ACCOUNTS to package com.google.android.youtube because it was previously installed without
01-01 22:30:25.301   569   799 W PackageManager: Not granting permission android.permission.CAMERA to package com.google.android.youtube because it was previously installed without
01-01 22:30:25.301   569   799 W PackageManager: Unknown permission android.permission.FOREGROUND_SERVICE in package com.google.android.youtube
01-01 22:30:25.301   569   799 W PackageManager: Not granting permission android.permission.READ_EXTERNAL_STORAGE to package com.google.android.youtube because it was previously installed without
01-01 22:30:25.301   569   799 W PackageManager: Not granting permission com.google.android.googleapps.permission.GOOGLE_AUTH to package com.android.providers.calendar (protectionLevel=2 flags=0x30083e45)
01-01 22:30:25.301   569   799 W PackageManager: Not granting permission com.google.android.googleapps.permission.GOOGLE_AUTH.cl to package com.android.providers.calendar (protectionLevel=2 flags=0x30083e45)
01-01 22:30:25.304   569   799 W PackageManager: Unknown permission com.android.launcher.permission.READ_SETTINGS in package com.android.winstart
01-01 22:30:25.304   569   799 W PackageManager: Unknown permission android.permission.ACCESS_ALL_EXTERNAL_STORAGE in package com.android.winstart
01-01 22:30:25.304   569   799 W PackageManager: Not granting permission android.permission.SEND_DOWNLOAD_COMPLETED_INTENTS to package com.android.vending (protectionLevel=2 flags=0x384abe45)
01-01 22:30:25.305   569   799 W PackageManager: Unknown permission android.permission.SEND_SMS_NO_CONFIRMATION in package com.android.vending
01-01 22:30:25.305   569   799 W PackageManager: Unknown permission com.google.android.partnersetup.permission.WRITE_APP_PROVIDER in package com.android.vending
01-01 22:30:25.305   569   799 W PackageManager: Not granting permission android.permission.BIND_WALLPAPER to package com.android.camera2 (protectionLevel=18 flags=0x3058bc45)
01-01 22:30:25.306   569   799 W PackageManager: Unknown permission com.android.launcher.permission.READ_SETTINGS in package com.android.onetimeinitializer
01-01 22:30:25.306   569   799 W PackageManager: Unknown permission com.android.launcher.permission.WRITE_SETTINGS in package com.android.onetimeinitializer
01-01 22:30:25.306   569   799 W PackageManager: Unknown permission android.permission.MANAGE_SOUND_TRIGGER in package com.google.android.gms
01-01 22:30:25.307   569   799 W PackageManager: Unknown permission com.google.android.apps.enterprise.dmagent.permission.AutoSyncPermission in package com.google.android.gms
01-01 22:30:25.308   569   799 W PackageManager: Unknown permission com.google.android.googlequicksearchbox.permission.PAUSE_HOTWORD in package com.google.android.gms
01-01 22:30:25.308   569   799 W PackageManager: Unknown permission android.permission.TETHER_PRIVILEGED in package com.google.android.gms
01-01 22:30:25.308   569   799 W PackageManager: Unknown permission com.google.android.hangouts.START_HANGOUT in package com.google.android.gms
01-01 22:30:25.308   569   799 W PackageManager: Unknown permission com.google.android.wearable.READ_SETTINGS in package com.google.android.gms
01-01 22:30:25.308   569   799 W PackageManager: Unknown permission com.google.android.wh.supervisor.permission.ACCESS_METADATA_SERVICE in package com.google.android.gms
01-01 22:30:25.308   569   799 W PackageManager: Unknown permission android.permission.SUBSTITUTE_NOTIFICATION_APP_NAME in package com.google.android.gms
01-01 22:30:25.308   569   799 W PackageManager: Unknown permission com.google.android.launcher.permission.RECEIVE_LAUNCH_BROADCASTS in package com.google.android.gms
01-01 22:30:25.308   569   799 W PackageManager: Unknown permission android.permission.SEND_SMS_NO_CONFIRMATION in package com.google.android.gms
01-01 22:30:25.309   569   799 W PackageManager: Unknown permission com.google.android.gm.permission.READ_GMAIL in package com.google.android.gms
01-01 22:30:25.309   569   795 I ActivityManager: Config changes=8 {1.0 ?mcc?mnc en_US ldltr sw800dp w1280dp h800dp 240dpi xlrg land finger -keyb/v/h -nav/h s.4}
01-01 22:30:25.309   569   799 W PackageManager: Unknown permission com.google.android.googleapps.permission.ACCESS_GOOGLE_PASSWORD in package com.google.android.gsf
01-01 22:30:25.309   569   799 W PackageManager: Unknown permission com.google.android.googleapps.permission.GOOGLE_MAIL_SWITCH in package com.google.android.gsf
01-01 22:30:25.310   569   799 W PackageManager: Not granting permission android.permission.DELETE_PACKAGES to package com.svox.pico (protectionLevel=18 flags=0x3808be45)
01-01 22:30:25.310   569   799 W PackageManager: Unknown permission com.google.android.gallery3d.permission.PICASA_STORE in package com.android.dreams.phototable
01-01 22:30:25.311   569   799 W PackageManager: Unknown permission com.android.launcher.permission.READ_SETTINGS in package com.android.settings
01-01 22:30:25.311   569   799 W PackageManager: Unknown permission com.android.launcher.permission.WRITE_SETTINGS in package com.android.settings
01-01 22:30:25.312   569   799 W PackageManager: Not granting permission android.permission.WRITE_EXTERNAL_STORAGE to package com.robotemi.launcher.captiveportal because it was previously installed without
01-01 22:30:25.312   569   799 W PackageManager: Not granting permission android.permission.READ_EXTERNAL_STORAGE to package com.robotemi.launcher.captiveportal because it was previously installed without
01-01 22:30:25.314   569   799 W PackageManager: Unknown permission com.android.email.permission.READ_ATTACHMENT in package com.android.exchange
01-01 22:30:25.315   569   799 W PackageManager: Unknown permission com.android.email.permission.ACCESS_PROVIDER in package com.android.exchange
01-01 22:30:25.315   569   799 W PackageManager: Not granting permission android.permission.WRITE_EXTERNAL_STORAGE to package com.robotemi.welcomingbtob because it was previously installed without
01-01 22:30:25.315   569   799 W PackageManager: Not granting permission android.permission.READ_EXTERNAL_STORAGE to package com.robotemi.welcomingbtob because it was previously installed without
01-01 22:30:25.315   569   799 W PackageManager: Unknown permission com.android.launcher.permission.READ_SETTINGS in package com.DeviceTest
01-01 22:30:25.315   569   799 W PackageManager: Unknown permission com.google.android.gallery3d.permission.GALLERY_PROVIDER in package com.android.bluetooth
01-01 22:30:25.315   569   799 W PackageManager: Unknown permission com.android.gallery3d.permission.GALLERY_PROVIDER in package com.android.bluetooth
01-01 22:30:25.409   569   569 I SystemServer: LockSettingsService
01-01 22:30:25.410   569   799 W MountService: No primary storage mounted!
01-01 22:30:25.410   569   799 D VoldConnector: SND -> {2 asec list}
01-01 22:30:25.410   569   800 D VoldConnector: RCV <- {200 2 asec operation succeeded}
01-01 22:30:25.411   569   569 I SystemServiceManager: Starting com.android.server.DeviceIdleController
01-01 22:30:25.413   569   569 I SystemServiceManager: Starting com.android.server.devicepolicy.DevicePolicyManagerService$Lifecycle
01-01 22:30:25.416   569   569 I SystemServer: Status Bar
01-01 22:30:25.418   569   569 I SystemServer: Clipboard Service
01-01 22:30:25.420   569   569 I SystemServer: NetworkManagement Service
01-01 22:30:25.423   569   569 I SystemServer: Text Service Manager Service
01-01 22:30:25.427   569   569 I SystemServer: Network Score Service
01-01 22:30:25.428   569   569 I SystemServer: NetworkStats Service
01-01 22:30:25.432   569   569 I SystemServer: NetworkPolicy Service
01-01 22:30:25.437   569   569 I SystemServiceManager: Starting com.android.server.wifi.p2p.WifiP2pService
01-01 22:30:25.502   569   569 I SystemServiceManager: Starting com.android.server.wifi.WifiService
01-01 22:30:25.585   569   569 I SystemServiceManager: Starting com.android.server.wifi.WifiScanningService
01-01 22:30:25.586   569   569 I SystemServiceManager: Starting com.android.server.wifi.RttService
01-01 22:30:25.587   569   569 I SystemServiceManager: Starting com.android.server.ethernet.EthernetService
01-01 22:30:25.593   569   569 I SystemServer: Connectivity Service
01-01 22:30:25.595   569   569 D ConnectivityService: ConnectivityService starting up
01-01 22:30:25.598   569   569 D ConnectivityService: wifiOnly=false
01-01 22:30:25.598   569   569 E ConnectivityService: Ignoring protectedNetwork 14
01-01 22:30:25.603   569   569 I SystemServer: Network Service Discovery Service
01-01 22:30:25.605   569   569 D NsdService: Network service discovery enabled true
01-01 22:30:25.606   569   569 I SystemServer: UpdateLock Service
01-01 22:30:25.607   569   569 I SystemServiceManager: Starting com.android.server.notification.NotificationManagerService
01-01 22:30:25.622   569   569 D ZenLog  : config: readXml,ZenModeConfig[user=0,allowCalls=true,allowRepeatCallers=false,allowMessages=false,allowCallsFrom=contacts,allowMessagesFrom=contacts,allowReminders=true,allowEvents=true,automaticRules={363de66995ed47569d6840773783475f=ZenRule[enabled=false,snoozing=false,name=Weeknight,zenMode=ZEN_MODE_ALARMS,conditionId=condition://android/schedule?days=1.2.3.4.5&start=22.0&end=7.0,condition=Condition[id=condition://android/schedule?days=1.2.3.4.5&start=22.0&end=7.0,summary=...,line1=...,line2=...,icon=0,state=STATE_FALSE,flags=2],component=ComponentInfo{android/com.android.server.notification.ScheduleConditionProvider}], cc4f6775defb48c68192d58ffdd16c32=ZenRule[enabled=false,snoozing=false,name=Event,zenMode=ZEN_MODE_ALARMS,conditionId=condition://android/event?userId=-10000&calendar=&reply=1,condition=Condition[id=condition://android/event?userId=-10000&calendar=&reply=1,summary=...,line1=...,line2=...,icon=0,state=STATE_FALSE,flags=2],component=ComponentInfo{android/com.android.server.notification.EventConditionProvider}], dc7e0b14579b4630bf749c5f1a51893f=ZenRule[enabled=false,snoozing=false,name=Weekend,zenMode=ZEN_MODE_ALARMS,conditionId=condition://android/schedule?days=6.7&start=23.30&end=10.0,condition=Condition[id=condition://android/schedule?days=6.7&start=23.30&end=10.0,summary=...,line1=...,line2=...,icon=0,state=STATE_FALSE,flags=2],component=ComponentInfo{android/com.android.server.notification.ScheduleConditionProvider}]},manualRule=ZenRule[enabled=true,snoozing=false,name=null,zenMode=ZEN_MODE_ALARMS,conditionId=null,condition=null,component=null]],Diff[automaticRule[363de66995ed47569d6840773783475f]:insert,automaticRule[a255349fd5d346949aeaaaa4dfb20b16]:delete,automaticRule[b195d9750dab4a6e82de1a059a95b878]:delete,automaticRule[cc4f6775defb48c68192d58ffdd16c32]:insert,automaticRule[dc7e0b14579b4630bf749c5f1a51893f]:insert,automaticRule[7bcde8b0f2d34086bbe4d4fe38544265]:delete,manualRule:insert]
01-01 22:30:25.622   569   569 D ZenLog  : set_zen_mode: alarms,readXml
01-01 22:30:25.623   569   569 D ConditionProviders: Subscribing to condition://android/schedule?days=1.2.3.4.5&start=22.0&end=7.0 with ComponentInfo{android/com.android.server.notification.ScheduleConditionProvider}
01-01 22:30:25.623   569   569 D ZenLog  : subscribe: condition://android/schedule?days=1.2.3.4.5&start=22.0&end=7.0,ok
01-01 22:30:25.623   569   569 D ConditionProviders: Subscribing to condition://android/event?userId=-10000&calendar=&reply=1 with ComponentInfo{android/com.android.server.notification.EventConditionProvider}
01-01 22:30:25.623   569   569 D ZenLog  : subscribe: condition://android/event?userId=-10000&calendar=&reply=1,ok
01-01 22:30:25.623   569   569 D ConditionProviders: Subscribing to condition://android/schedule?days=6.7&start=23.30&end=10.0 with ComponentInfo{android/com.android.server.notification.ScheduleConditionProvider}
01-01 22:30:25.623   569   569 D ZenLog  : subscribe: condition://android/schedule?days=6.7&start=23.30&end=10.0,ok
01-01 22:30:25.626   569   569 I SystemServiceManager: Starting com.android.server.storage.DeviceStorageMonitorService
01-01 22:30:25.631   569   569 I SystemServer: Location Manager
01-01 22:30:25.633   569   569 I SystemServer: Country Detector
01-01 22:30:25.634   569   569 I SystemServer: Search Service
01-01 22:30:25.635   569   569 I SystemServer: DropBox Service
01-01 22:30:25.636   569   569 I SystemServer: Wallpaper Service
01-01 22:30:25.639   569   569 I SystemServer: Audio Service
