12-11 13:00:49.461  1453  1943 V GoogleSignatureVerifier: XOS/B16gwm6tBfh1dL86LL/7w09oM9LZv8WwtQyFNjM97vvQvkaOGW/ubhrKOk3+8HTHkEx4n7H6
12-11 13:00:49.461  1453  1943 V GoogleSignatureVerifier: tYGOLdpmWepDfBSEFuLwq6yqG6wZFdd7IKO+sPlCxqUpqg40YAb4WOwzDbiuJnswDftP3wIaaJPh
12-11 13:00:49.461  1453  1943 V GoogleSignatureVerifier: li6OIjRKyd3Sgw1MtffHOy+WSwqHLkGNgH6GAgvZlvhPA/yim+rjnE9oKV5G6PygQK7kJJjS/Lde
12-11 13:00:49.461  1453  1943 V GoogleSignatureVerifier: qxE7M7pNRYPhcLT7qhE7MiuBuyqwAMTTBoU8u3lTdOZwNErbRT5tSXkgVMffkfN7wBNqpSSY
12-11 13:00:49.491  1453  1943 V GoogleSignatureVerifier: com.android.providers.settings signature not valid.  Found: 
12-11 13:00:49.491  1453  1943 V GoogleSignatureVerifier: MIID+zCCAuOgAwIBAgIJAP8GQTI8+VUSMA0GCSqGSIb3DQEBCwUAMIGUMQswCQYDVQQGEwJVUzET
12-11 13:00:49.491  1453  1943 V GoogleSignatureVerifier: MBEGA1UECAwKQ2FsaWZvcm5pYTEWMBQGA1UEBwwNTW91bnRhaW4gVmlldzEQMA4GA1UECgwHQW5k
12-11 13:00:49.491  1453  1943 V GoogleSignatureVerifier: cm9pZDEQMA4GA1UECwwHQW5kcm9pZDEQMA4GA1UEAwwHQW5kcm9pZDEiMCAGCSqGSIb3DQEJARYT
12-11 13:00:49.491  1453  1943 V GoogleSignatureVerifier: YW5kcm9pZEBhbmRyb2lkLmNvbTAeFw0xNDEyMjMwNjQzNDFaFw00MjA1MTAwNjQzNDFaMIGUMQsw
12-11 13:00:49.491  1453  1943 V GoogleSignatureVerifier: CQYDVQQGEwJVUzETMBEGA1UECAwKQ2FsaWZvcm5pYTEWMBQGA1UEBwwNTW91bnRhaW4gVmlldzEQ
12-11 13:00:49.491  1453  1943 V GoogleSignatureVerifier: MA4GA1UECgwHQW5kcm9pZDEQMA4GA1UECwwHQW5kcm9pZDEQMA4GA1UEAwwHQW5kcm9pZDEiMCAG
12-11 13:00:49.491  1453  1943 V GoogleSignatureVerifier: CSqGSIb3DQEJARYTYW5kcm9pZEBhbmRyb2lkLmNvbTCCASAwDQYJKoZIhvcNAQEBBQADggENADCC
12-11 13:00:49.491  1453  1943 V GoogleSignatureVerifier: AQgCggEBAKHY8Fl4XZzpJvgHoezYjhmKPvdq9DGYVc/X9NQO5oUlYIA/Ci5rzvljz13KbNve/Kxu
12-11 13:00:49.491  1453  1943 V GoogleSignatureVerifier: Eu9HN8SzsLg9EBhghOko8JxEg7I8W6uPVOoRngNCMvXzjf6av77vxPqphlgq++Y4MIC+fiOxLd+g
12-11 13:00:49.491  1453  1943 V GoogleSignatureVerifier: pYq0p6W7RWxEgrzLHnWiCX0dRmWDs+ey2t4f1WKzGoRQQS0Tn21CViThrVEe+zNwANnhErUcvoQB
12-11 13:00:49.491  1453  1943 V GoogleSignatureVerifier: 2m4/PQotuij7LZNccHJvUOUf5/4wIZd8JOgO3VLwzFO/HhrqUjafCvkpKTjW8oQmHLUz5m40ljET
12-11 13:00:49.491  1453  1943 V GoogleSignatureVerifier: GEjqQ6AuAwmaeFT+Bwj1DUaYg+m7AzalJ2aAtHVX0FftRUkCAQOjUDBOMB0GA1UdDgQWBBQi+Lgb
12-11 13:00:49.491  1453  1943 V GoogleSignatureVerifier: yFfWSoWCbQ+NVDF4ZKTPCjAfBgNVHSMEGDAWgBQi+LgbyFfWSoWCbQ+NVDF4ZKTPCjAMBgNVHRME
12-11 13:00:49.491  1453  1943 V GoogleSignatureVerifier: BTADAQH/MA0GCSqGSIb3DQEBCwUAA4IBAQBH1kIQlSBjXRMuQdaDLytr8ZaJXIN1HApg2QA8azYQ
12-11 13:00:49.491  1453  1943 V GoogleSignatureVerifier: XOS/B16gwm6tBfh1dL86LL/7w09oM9LZv8WwtQyFNjM97vvQvkaOGW/ubhrKOk3+8HTHkEx4n7H6
12-11 13:00:49.491  1453  1943 V GoogleSignatureVerifier: tYGOLdpmWepDfBSEFuLwq6yqG6wZFdd7IKO+sPlCxqUpqg40YAb4WOwzDbiuJnswDftP3wIaaJPh
12-11 13:00:49.491  1453  1943 V GoogleSignatureVerifier: li6OIjRKyd3Sgw1MtffHOy+WSwqHLkGNgH6GAgvZlvhPA/yim+rjnE9oKV5G6PygQK7kJJjS/Lde
12-11 13:00:49.491  1453  1943 V GoogleSignatureVerifier: qxE7M7pNRYPhcLT7qhE7MiuBuyqwAMTTBoU8u3lTdOZwNErbRT5tSXkgVMffkfN7wBNqpSSY
12-11 13:00:49.495  1453  1943 V GoogleSignatureVerifier: com.android.providers.settings signature not valid.  Found: 
12-11 13:00:49.495  1453  1943 V GoogleSignatureVerifier: MIID+zCCAuOgAwIBAgIJAP8GQTI8+VUSMA0GCSqGSIb3DQEBCwUAMIGUMQswCQYDVQQGEwJVUzET
12-11 13:00:49.495  1453  1943 V GoogleSignatureVerifier: MBEGA1UECAwKQ2FsaWZvcm5pYTEWMBQGA1UEBwwNTW91bnRhaW4gVmlldzEQMA4GA1UECgwHQW5k
12-11 13:00:49.495  1453  1943 V GoogleSignatureVerifier: cm9pZDEQMA4GA1UECwwHQW5kcm9pZDEQMA4GA1UEAwwHQW5kcm9pZDEiMCAGCSqGSIb3DQEJARYT
12-11 13:00:49.495  1453  1943 V GoogleSignatureVerifier: YW5kcm9pZEBhbmRyb2lkLmNvbTAeFw0xNDEyMjMwNjQzNDFaFw00MjA1MTAwNjQzNDFaMIGUMQsw
12-11 13:00:49.495  1453  1943 V GoogleSignatureVerifier: CQYDVQQGEwJVUzETMBEGA1UECAwKQ2FsaWZvcm5pYTEWMBQGA1UEBwwNTW91bnRhaW4gVmlldzEQ
12-11 13:00:49.495  1453  1943 V GoogleSignatureVerifier: MA4GA1UECgwHQW5kcm9pZDEQMA4GA1UECwwHQW5kcm9pZDEQMA4GA1UEAwwHQW5kcm9pZDEiMCAG
12-11 13:00:49.495  1453  1943 V GoogleSignatureVerifier: CSqGSIb3DQEJARYTYW5kcm9pZEBhbmRyb2lkLmNvbTCCASAwDQYJKoZIhvcNAQEBBQADggENADCC
12-11 13:00:49.495  1453  1943 V GoogleSignatureVerifier: AQgCggEBAKHY8Fl4XZzpJvgHoezYjhmKPvdq9DGYVc/X9NQO5oUlYIA/Ci5rzvljz13KbNve/Kxu
12-11 13:00:49.495  1453  1943 V GoogleSignatureVerifier: Eu9HN8SzsLg9EBhghOko8JxEg7I8W6uPVOoRngNCMvXzjf6av77vxPqphlgq++Y4MIC+fiOxLd+g
12-11 13:00:49.495  1453  1943 V GoogleSignatureVerifier: pYq0p6W7RWxEgrzLHnWiCX0dRmWDs+ey2t4f1WKzGoRQQS0Tn21CViThrVEe+zNwANnhErUcvoQB
12-11 13:00:49.495  1453  1943 V GoogleSignatureVerifier: 2m4/PQotuij7LZNccHJvUOUf5/4wIZd8JOgO3VLwzFO/HhrqUjafCvkpKTjW8oQmHLUz5m40ljET
12-11 13:00:49.495  1453  1943 V GoogleSignatureVerifier: GEjqQ6AuAwmaeFT+Bwj1DUaYg+m7AzalJ2aAtHVX0FftRUkCAQOjUDBOMB0GA1UdDgQWBBQi+Lgb
12-11 13:00:49.495  1453  1943 V GoogleSignatureVerifier: yFfWSoWCbQ+NVDF4ZKTPCjAfBgNVHSMEGDAWgBQi+LgbyFfWSoWCbQ+NVDF4ZKTPCjAMBgNVHRME
12-11 13:00:49.495  1453  1943 V GoogleSignatureVerifier: BTADAQH/MA0GCSqGSIb3DQEBCwUAA4IBAQBH1kIQlSBjXRMuQdaDLytr8ZaJXIN1HApg2QA8azYQ
12-11 13:00:49.495  1453  1943 V GoogleSignatureVerifier: XOS/B16gwm6tBfh1dL86LL/7w09oM9LZv8WwtQyFNjM97vvQvkaOGW/ubhrKOk3+8HTHkEx4n7H6
12-11 13:00:49.495  1453  1943 V GoogleSignatureVerifier: tYGOLdpmWepDfBSEFuLwq6yqG6wZFdd7IKO+sPlCxqUpqg40YAb4WOwzDbiuJnswDftP3wIaaJPh
12-11 13:00:49.495  1453  1943 V GoogleSignatureVerifier: li6OIjRKyd3Sgw1MtffHOy+WSwqHLkGNgH6GAgvZlvhPA/yim+rjnE9oKV5G6PygQK7kJJjS/Lde
12-11 13:00:49.495  1453  1943 V GoogleSignatureVerifier: qxE7M7pNRYPhcLT7qhE7MiuBuyqwAMTTBoU8u3lTdOZwNErbRT5tSXkgVMffkfN7wBNqpSSY
12-11 13:00:49.510  1453  1943 V GoogleSignatureVerifier: com.robotemi.welcomingbtob signature not valid.  Found: 
12-11 13:00:49.510  1453  1943 V GoogleSignatureVerifier: MIIDMTCCAhmgAwIBAgIEEgkXPjANBgkqhkiG9w0BAQsFADBJMQswCQYDVQQGEwJJTDERMA8GA1UE
12-11 13:00:49.510  1453  1943 V GoogleSignatureVerifier: BxMIVGVsIEF2aXYxDTALBgNVBAoTBHRlbWkxGDAWBgNVBAMTD01hY2llaiBNaWFyZWNraTAeFw0x
12-11 13:00:49.510  1453  1943 V GoogleSignatureVerifier: OTExMDcxMzE0MzVaFw00NDEwMzExMzE0MzVaMEkxCzAJBgNVBAYTAklMMREwDwYDVQQHEwhUZWwg
12-11 13:00:49.510  1453  1943 V GoogleSignatureVerifier: QXZpdjENMAsGA1UEChMEdGVtaTEYMBYGA1UEAxMPTWFjaWVqIE1pYXJlY2tpMIIBIjANBgkqhkiG
12-11 13:00:49.510  1453  1943 V GoogleSignatureVerifier: 9w0BAQEFAAOCAQ8AMIIBCgKCAQEAh+p9J7NwEDRr4Z2wUoSFOZlnOFGvLIWQKcZ9kWv3Tm1nPvaB
12-11 13:00:49.510  1453  1943 V GoogleSignatureVerifier: CCISeBVA/7bTsxFQCWWfFsT3UTMIYz/PlrFl0bVvBUb4qSBvkajBbUYPd3lAFFbKFn+8nIH+sXNC
12-11 13:00:49.510  1453  1943 V GoogleSignatureVerifier: GYEo3JzYD5BEHqHpCukcnuKGI2QGKqm11reBPTTlsIv62uPia+uANLsFW/66PyinyEfNDDHes7S2
12-11 13:00:49.510  1453  1943 V GoogleSignatureVerifier: dBDlXwRL2k76oVvtrQ8mUD8vWt/hxzQMmh3ne8Bu8RQRnG0M7wo+xgh6a9c7ybfPyo6OetyIr0wZ
12-11 13:00:49.510  1453  1943 V GoogleSignatureVerifier: xiQsm7hN9IS4Oa3vAKmjsVik5FRblZY9RHEiHFq4EdFB0cG0PfHoGxGc9OQxEjrPMQIDAQABoyEw
12-11 13:00:49.510  1453  1943 V GoogleSignatureVerifier: HzAdBgNVHQ4EFgQUw+ZAPxEMJgMdtIsQt3hDrm6913QwDQYJKoZIhvcNAQELBQADggEBACRKXDx6
12-11 13:00:49.510  1453  1943 V GoogleSignatureVerifier: OUyZhubJXriggAjoKEN7RbNz/t/3/jfIT3cgJZTiXNXYc9cwMRhI2AXAE2ylIc3BBaPFc8/yOFDg
12-11 13:00:49.510  1453  1943 V GoogleSignatureVerifier: 6lJRAukseqipZLvEkSGJAIsYVQEg1tIDwbKpTH1ebuwhUlUxqEHo6lBzXFNjv9D7b5p+SaofaRlv
12-11 13:00:49.510  1453  1943 V GoogleSignatureVerifier: n7xkhuTt9PX8rgOVjQTVZD4hoRFUTKsMxVhYCu+ni3kOuaAeIbA11LS2lqJIwLlAXOdccFWRbK3J
12-11 13:00:49.510  1453  1943 V GoogleSignatureVerifier: 5sxSF8R+QXu8GfSX4pnrzJYxujJJ1LJzO9Fv8byogyVIxHqcoAWWWqI8hKAtkqywdBbvGVSBk1Lg
12-11 13:00:49.510  1453  1943 V GoogleSignatureVerifier: Yy/LMdwmGk8rHBFxx4gi1bCgJhmsOME=
12-11 13:00:49.513  1453  1943 V GoogleSignatureVerifier: com.robotemi.welcomingbtob signature not valid.  Found: 
12-11 13:00:49.513  1453  1943 V GoogleSignatureVerifier: MIIDMTCCAhmgAwIBAgIEEgkXPjANBgkqhkiG9w0BAQsFADBJMQswCQYDVQQGEwJJTDERMA8GA1UE
12-11 13:00:49.513  1453  1943 V GoogleSignatureVerifier: BxMIVGVsIEF2aXYxDTALBgNVBAoTBHRlbWkxGDAWBgNVBAMTD01hY2llaiBNaWFyZWNraTAeFw0x
12-11 13:00:49.513  1453  1943 V GoogleSignatureVerifier: OTExMDcxMzE0MzVaFw00NDEwMzExMzE0MzVaMEkxCzAJBgNVBAYTAklMMREwDwYDVQQHEwhUZWwg
12-11 13:00:49.513  1453  1943 V GoogleSignatureVerifier: QXZpdjENMAsGA1UEChMEdGVtaTEYMBYGA1UEAxMPTWFjaWVqIE1pYXJlY2tpMIIBIjANBgkqhkiG
12-11 13:00:49.513  1453  1943 V GoogleSignatureVerifier: 9w0BAQEFAAOCAQ8AMIIBCgKCAQEAh+p9J7NwEDRr4Z2wUoSFOZlnOFGvLIWQKcZ9kWv3Tm1nPvaB
12-11 13:00:49.513  1453  1943 V GoogleSignatureVerifier: CCISeBVA/7bTsxFQCWWfFsT3UTMIYz/PlrFl0bVvBUb4qSBvkajBbUYPd3lAFFbKFn+8nIH+sXNC
12-11 13:00:49.513  1453  1943 V GoogleSignatureVerifier: GYEo3JzYD5BEHqHpCukcnuKGI2QGKqm11reBPTTlsIv62uPia+uANLsFW/66PyinyEfNDDHes7S2
12-11 13:00:49.513  1453  1943 V GoogleSignatureVerifier: dBDlXwRL2k76oVvtrQ8mUD8vWt/hxzQMmh3ne8Bu8RQRnG0M7wo+xgh6a9c7ybfPyo6OetyIr0wZ
12-11 13:00:49.513  1453  1943 V GoogleSignatureVerifier: xiQsm7hN9IS4Oa3vAKmjsVik5FRblZY9RHEiHFq4EdFB0cG0PfHoGxGc9OQxEjrPMQIDAQABoyEw
12-11 13:00:49.513  1453  1943 V GoogleSignatureVerifier: HzAdBgNVHQ4EFgQUw+ZAPxEMJgMdtIsQt3hDrm6913QwDQYJKoZIhvcNAQELBQADggEBACRKXDx6
12-11 13:00:49.513  1453  1943 V GoogleSignatureVerifier: OUyZhubJXriggAjoKEN7RbNz/t/3/jfIT3cgJZTiXNXYc9cwMRhI2AXAE2ylIc3BBaPFc8/yOFDg
12-11 13:00:49.513  1453  1943 V GoogleSignatureVerifier: 6lJRAukseqipZLvEkSGJAIsYVQEg1tIDwbKpTH1ebuwhUlUxqEHo6lBzXFNjv9D7b5p+SaofaRlv
12-11 13:00:49.513  1453  1943 V GoogleSignatureVerifier: n7xkhuTt9PX8rgOVjQTVZD4hoRFUTKsMxVhYCu+ni3kOuaAeIbA11LS2lqJIwLlAXOdccFWRbK3J
12-11 13:00:49.513  1453  1943 V GoogleSignatureVerifier: 5sxSF8R+QXu8GfSX4pnrzJYxujJJ1LJzO9Fv8byogyVIxHqcoAWWWqI8hKAtkqywdBbvGVSBk1Lg
12-11 13:00:49.513  1453  1943 V GoogleSignatureVerifier: Yy/LMdwmGk8rHBFxx4gi1bCgJhmsOME=
12-11 13:00:49.525  1453  2119 I EventLogChimeraService: Aggregate from 1607653642986 (log), 1607653642932 (data)
12-11 13:00:49.527  1453  1943 I Icing   : updateResources: need to parse pru{com.google.android.gms}
12-11 13:00:49.695   560   560 D AlarmManagerService: Kernel timezone updated to -630 minutes west of GMT
12-11 13:00:49.712  1453  1943 V GoogleSignatureVerifier: com.android.location.fused signature not valid.  Found: 
12-11 13:00:49.712  1453  1943 V GoogleSignatureVerifier: MIID+zCCAuOgAwIBAgIJAP8GQTI8+VUSMA0GCSqGSIb3DQEBCwUAMIGUMQswCQYDVQQGEwJVUzET
12-11 13:00:49.712  1453  1943 V GoogleSignatureVerifier: MBEGA1UECAwKQ2FsaWZvcm5pYTEWMBQGA1UEBwwNTW91bnRhaW4gVmlldzEQMA4GA1UECgwHQW5k
12-11 13:00:49.712  1453  1943 V GoogleSignatureVerifier: cm9pZDEQMA4GA1UECwwHQW5kcm9pZDEQMA4GA1UEAwwHQW5kcm9pZDEiMCAGCSqGSIb3DQEJARYT
12-11 13:00:49.712  1453  1943 V GoogleSignatureVerifier: YW5kcm9pZEBhbmRyb2lkLmNvbTAeFw0xNDEyMjMwNjQzNDFaFw00MjA1MTAwNjQzNDFaMIGUMQsw
12-11 13:00:49.712  1453  1943 V GoogleSignatureVerifier: CQYDVQQGEwJVUzETMBEGA1UECAwKQ2FsaWZvcm5pYTEWMBQGA1UEBwwNTW91bnRhaW4gVmlldzEQ
12-11 13:00:49.712  1453  1943 V GoogleSignatureVerifier: MA4GA1UECgwHQW5kcm9pZDEQMA4GA1UECwwHQW5kcm9pZDEQMA4GA1UEAwwHQW5kcm9pZDEiMCAG
12-11 13:00:49.712  1453  1943 V GoogleSignatureVerifier: CSqGSIb3DQEJARYTYW5kcm9pZEBhbmRyb2lkLmNvbTCCASAwDQYJKoZIhvcNAQEBBQADggENADCC
12-11 13:00:49.712  1453  1943 V GoogleSignatureVerifier: AQgCggEBAKHY8Fl4XZzpJvgHoezYjhmKPvdq9DGYVc/X9NQO5oUlYIA/Ci5rzvljz13KbNve/Kxu
12-11 13:00:49.712  1453  1943 V GoogleSignatureVerifier: Eu9HN8SzsLg9EBhghOko8JxEg7I8W6uPVOoRngNCMvXzjf6av77vxPqphlgq++Y4MIC+fiOxLd+g
12-11 13:00:49.712  1453  1943 V GoogleSignatureVerifier: pYq0p6W7RWxEgrzLHnWiCX0dRmWDs+ey2t4f1WKzGoRQQS0Tn21CViThrVEe+zNwANnhErUcvoQB
12-11 13:00:49.712  1453  1943 V GoogleSignatureVerifier: 2m4/PQotuij7LZNccHJvUOUf5/4wIZd8JOgO3VLwzFO/HhrqUjafCvkpKTjW8oQmHLUz5m40ljET
12-11 13:00:49.712  1453  1943 V GoogleSignatureVerifier: GEjqQ6AuAwmaeFT+Bwj1DUaYg+m7AzalJ2aAtHVX0FftRUkCAQOjUDBOMB0GA1UdDgQWBBQi+Lgb
12-11 13:00:49.712  1453  1943 V GoogleSignatureVerifier: yFfWSoWCbQ+NVDF4ZKTPCjAfBgNVHSMEGDAWgBQi+LgbyFfWSoWCbQ+NVDF4ZKTPCjAMBgNVHRME
12-11 13:00:49.712  1453  1943 V GoogleSignatureVerifier: BTADAQH/MA0GCSqGSIb3DQEBCwUAA4IBAQBH1kIQlSBjXRMuQdaDLytr8ZaJXIN1HApg2QA8azYQ
12-11 13:00:49.712  1453  1943 V GoogleSignatureVerifier: XOS/B16gwm6tBfh1dL86LL/7w09oM9LZv8WwtQyFNjM97vvQvkaOGW/ubhrKOk3+8HTHkEx4n7H6
12-11 13:00:49.712  1453  1943 V GoogleSignatureVerifier: tYGOLdpmWepDfBSEFuLwq6yqG6wZFdd7IKO+sPlCxqUpqg40YAb4WOwzDbiuJnswDftP3wIaaJPh
12-11 13:00:49.712  1453  1943 V GoogleSignatureVerifier: li6OIjRKyd3Sgw1MtffHOy+WSwqHLkGNgH6GAgvZlvhPA/yim+rjnE9oKV5G6PygQK7kJJjS/Lde
12-11 13:00:49.712  1453  1943 V GoogleSignatureVerifier: qxE7M7pNRYPhcLT7qhE7MiuBuyqwAMTTBoU8u3lTdOZwNErbRT5tSXkgVMffkfN7wBNqpSSY
12-11 13:00:49.717  1453  1943 V GoogleSignatureVerifier: com.android.location.fused signature not valid.  Found: 
12-11 13:00:49.717  1453  1943 V GoogleSignatureVerifier: MIID+zCCAuOgAwIBAgIJAP8GQTI8+VUSMA0GCSqGSIb3DQEBCwUAMIGUMQswCQYDVQQGEwJVUzET
12-11 13:00:49.717  1453  1943 V GoogleSignatureVerifier: MBEGA1UECAwKQ2FsaWZvcm5pYTEWMBQGA1UEBwwNTW91bnRhaW4gVmlldzEQMA4GA1UECgwHQW5k
12-11 13:00:49.717  1453  1943 V GoogleSignatureVerifier: cm9pZDEQMA4GA1UECwwHQW5kcm9pZDEQMA4GA1UEAwwHQW5kcm9pZDEiMCAGCSqGSIb3DQEJARYT
12-11 13:00:49.717  1453  1943 V GoogleSignatureVerifier: YW5kcm9pZEBhbmRyb2lkLmNvbTAeFw0xNDEyMjMwNjQzNDFaFw00MjA1MTAwNjQzNDFaMIGUMQsw
12-11 13:00:49.717  1453  1943 V GoogleSignatureVerifier: CQYDVQQGEwJVUzETMBEGA1UECAwKQ2FsaWZvcm5pYTEWMBQGA1UEBwwNTW91bnRhaW4gVmlldzEQ
12-11 13:00:49.717  1453  1943 V GoogleSignatureVerifier: MA4GA1UECgwHQW5kcm9pZDEQMA4GA1UECwwHQW5kcm9pZDEQMA4GA1UEAwwHQW5kcm9pZDEiMCAG
12-11 13:00:49.717  1453  1943 V GoogleSignatureVerifier: CSqGSIb3DQEJARYTYW5kcm9pZEBhbmRyb2lkLmNvbTCCASAwDQYJKoZIhvcNAQEBBQADggENADCC
12-11 13:00:49.717  1453  1943 V GoogleSignatureVerifier: AQgCggEBAKHY8Fl4XZzpJvgHoezYjhmKPvdq9DGYVc/X9NQO5oUlYIA/Ci5rzvljz13KbNve/Kxu
12-11 13:00:49.717  1453  1943 V GoogleSignatureVerifier: Eu9HN8SzsLg9EBhghOko8JxEg7I8W6uPVOoRngNCMvXzjf6av77vxPqphlgq++Y4MIC+fiOxLd+g
12-11 13:00:49.717  1453  1943 V GoogleSignatureVerifier: pYq0p6W7RWxEgrzLHnWiCX0dRmWDs+ey2t4f1WKzGoRQQS0Tn21CViThrVEe+zNwANnhErUcvoQB
12-11 13:00:49.717  1453  1943 V GoogleSignatureVerifier: 2m4/PQotuij7LZNccHJvUOUf5/4wIZd8JOgO3VLwzFO/HhrqUjafCvkpKTjW8oQmHLUz5m40ljET
12-11 13:00:49.717  1453  1943 V GoogleSignatureVerifier: GEjqQ6AuAwmaeFT+Bwj1DUaYg+m7AzalJ2aAtHVX0FftRUkCAQOjUDBOMB0GA1UdDgQWBBQi+Lgb
12-11 13:00:49.717  1453  1943 V GoogleSignatureVerifier: yFfWSoWCbQ+NVDF4ZKTPCjAfBgNVHSMEGDAWgBQi+LgbyFfWSoWCbQ+NVDF4ZKTPCjAMBgNVHRME
12-11 13:00:49.717  1453  1943 V GoogleSignatureVerifier: BTADAQH/MA0GCSqGSIb3DQEBCwUAA4IBAQBH1kIQlSBjXRMuQdaDLytr8ZaJXIN1HApg2QA8azYQ
12-11 13:00:49.717  1453  1943 V GoogleSignatureVerifier: XOS/B16gwm6tBfh1dL86LL/7w09oM9LZv8WwtQyFNjM97vvQvkaOGW/ubhrKOk3+8HTHkEx4n7H6
12-11 13:00:49.717  1453  1943 V GoogleSignatureVerifier: tYGOLdpmWepDfBSEFuLwq6yqG6wZFdd7IKO+sPlCxqUpqg40YAb4WOwzDbiuJnswDftP3wIaaJPh
12-11 13:00:49.717  1453  1943 V GoogleSignatureVerifier: li6OIjRKyd3Sgw1MtffHOy+WSwqHLkGNgH6GAgvZlvhPA/yim+rjnE9oKV5G6PygQK7kJJjS/Lde
12-11 13:00:49.717  1453  1943 V GoogleSignatureVerifier: qxE7M7pNRYPhcLT7qhE7MiuBuyqwAMTTBoU8u3lTdOZwNErbRT5tSXkgVMffkfN7wBNqpSSY
12-11 13:00:49.718  1453  2128 V CheckinChimeraService: No Subscriptions found on the device
12-11 13:00:49.718  1453  2128 I CheckinChimeraService: Checking schedule, now: 1607653849718 next: 1294448974923
12-11 13:00:49.718  1453  2128 I CheckinChimeraService: active receiver: enabled
12-11 13:00:49.719  1453  2128 I CheckinChimeraService: Preparing to send checkin request
12-11 13:00:49.719  1453  2128 I EventLogChimeraService: Accumulating logs since 1607653849570
12-11 13:00:49.735  1453  1943 V GoogleSignatureVerifier: com.roboteam.temi.find.usa signature not valid.  Found: 
12-11 13:00:49.735  1453  1943 V GoogleSignatureVerifier: MIID+zCCAuOgAwIBAgIJAP8GQTI8+VUSMA0GCSqGSIb3DQEBCwUAMIGUMQswCQYDVQQGEwJVUzET
12-11 13:00:49.735  1453  1943 V GoogleSignatureVerifier: MBEGA1UECAwKQ2FsaWZvcm5pYTEWMBQGA1UEBwwNTW91bnRhaW4gVmlldzEQMA4GA1UECgwHQW5k
12-11 13:00:49.735  1453  1943 V GoogleSignatureVerifier: cm9pZDEQMA4GA1UECwwHQW5kcm9pZDEQMA4GA1UEAwwHQW5kcm9pZDEiMCAGCSqGSIb3DQEJARYT
12-11 13:00:49.735  1453  1943 V GoogleSignatureVerifier: YW5kcm9pZEBhbmRyb2lkLmNvbTAeFw0xNDEyMjMwNjQzNDFaFw00MjA1MTAwNjQzNDFaMIGUMQsw
12-11 13:00:49.735  1453  1943 V GoogleSignatureVerifier: CQYDVQQGEwJVUzETMBEGA1UECAwKQ2FsaWZvcm5pYTEWMBQGA1UEBwwNTW91bnRhaW4gVmlldzEQ
12-11 13:00:49.735  1453  1943 V GoogleSignatureVerifier: MA4GA1UECgwHQW5kcm9pZDEQMA4GA1UECwwHQW5kcm9pZDEQMA4GA1UEAwwHQW5kcm9pZDEiMCAG
12-11 13:00:49.735  1453  1943 V GoogleSignatureVerifier: CSqGSIb3DQEJARYTYW5kcm9pZEBhbmRyb2lkLmNvbTCCASAwDQYJKoZIhvcNAQEBBQADggENADCC
12-11 13:00:49.735  1453  1943 V GoogleSignatureVerifier: AQgCggEBAKHY8Fl4XZzpJvgHoezYjhmKPvdq9DGYVc/X9NQO5oUlYIA/Ci5rzvljz13KbNve/Kxu
12-11 13:00:49.735  1453  1943 V GoogleSignatureVerifier: Eu9HN8SzsLg9EBhghOko8JxEg7I8W6uPVOoRngNCMvXzjf6av77vxPqphlgq++Y4MIC+fiOxLd+g
12-11 13:00:49.735  1453  1943 V GoogleSignatureVerifier: pYq0p6W7RWxEgrzLHnWiCX0dRmWDs+ey2t4f1WKzGoRQQS0Tn21CViThrVEe+zNwANnhErUcvoQB
12-11 13:00:49.735  1453  1943 V GoogleSignatureVerifier: 2m4/PQotuij7LZNccHJvUOUf5/4wIZd8JOgO3VLwzFO/HhrqUjafCvkpKTjW8oQmHLUz5m40ljET
12-11 13:00:49.735  1453  1943 V GoogleSignatureVerifier: GEjqQ6AuAwmaeFT+Bwj1DUaYg+m7AzalJ2aAtHVX0FftRUkCAQOjUDBOMB0GA1UdDgQWBBQi+Lgb
12-11 13:00:49.735  1453  1943 V GoogleSignatureVerifier: yFfWSoWCbQ+NVDF4ZKTPCjAfBgNVHSMEGDAWgBQi+LgbyFfWSoWCbQ+NVDF4ZKTPCjAMBgNVHRME
12-11 13:00:49.735  1453  1943 V GoogleSignatureVerifier: BTADAQH/MA0GCSqGSIb3DQEBCwUAA4IBAQBH1kIQlSBjXRMuQdaDLytr8ZaJXIN1HApg2QA8azYQ
12-11 13:00:49.735  1453  1943 V GoogleSignatureVerifier: XOS/B16gwm6tBfh1dL86LL/7w09oM9LZv8WwtQyFNjM97vvQvkaOGW/ubhrKOk3+8HTHkEx4n7H6
12-11 13:00:49.735  1453  1943 V GoogleSignatureVerifier: tYGOLdpmWepDfBSEFuLwq6yqG6wZFdd7IKO+sPlCxqUpqg40YAb4WOwzDbiuJnswDftP3wIaaJPh
12-11 13:00:49.735  1453  1943 V GoogleSignatureVerifier: li6OIjRKyd3Sgw1MtffHOy+WSwqHLkGNgH6GAgvZlvhPA/yim+rjnE9oKV5G6PygQK7kJJjS/Lde
12-11 13:00:49.735  1453  1943 V GoogleSignatureVerifier: qxE7M7pNRYPhcLT7qhE7MiuBuyqwAMTTBoU8u3lTdOZwNErbRT5tSXkgVMffkfN7wBNqpSSY
12-11 13:00:49.735  1453  2128 I CheckinRequestBuilder: Checkin reason type: 1 attempt count: 1
12-11 13:00:49.737   560   626 D WifiService: New client listening to asynchronous messages
12-11 13:00:49.737  1453  2128 E ActivityThread: Failed to find provider info for com.google.android.wearable.settings
12-11 13:00:49.739  1453  1943 V GoogleSignatureVerifier: com.roboteam.temi.find.usa signature not valid.  Found: 
12-11 13:00:49.739  1453  1943 V GoogleSignatureVerifier: MIID+zCCAuOgAwIBAgIJAP8GQTI8+VUSMA0GCSqGSIb3DQEBCwUAMIGUMQswCQYDVQQGEwJVUzET
12-11 13:00:49.739  1453  1943 V GoogleSignatureVerifier: MBEGA1UECAwKQ2FsaWZvcm5pYTEWMBQGA1UEBwwNTW91bnRhaW4gVmlldzEQMA4GA1UECgwHQW5k
12-11 13:00:49.739  1453  1943 V GoogleSignatureVerifier: cm9pZDEQMA4GA1UECwwHQW5kcm9pZDEQMA4GA1UEAwwHQW5kcm9pZDEiMCAGCSqGSIb3DQEJARYT
12-11 13:00:49.739  1453  1943 V GoogleSignatureVerifier: YW5kcm9pZEBhbmRyb2lkLmNvbTAeFw0xNDEyMjMwNjQzNDFaFw00MjA1MTAwNjQzNDFaMIGUMQsw
12-11 13:00:49.739  1453  1943 V GoogleSignatureVerifier: CQYDVQQGEwJVUzETMBEGA1UECAwKQ2FsaWZvcm5pYTEWMBQGA1UEBwwNTW91bnRhaW4gVmlldzEQ
12-11 13:00:49.739  1453  1943 V GoogleSignatureVerifier: MA4GA1UECgwHQW5kcm9pZDEQMA4GA1UECwwHQW5kcm9pZDEQMA4GA1UEAwwHQW5kcm9pZDEiMCAG
12-11 13:00:49.739  1453  1943 V GoogleSignatureVerifier: CSqGSIb3DQEJARYTYW5kcm9pZEBhbmRyb2lkLmNvbTCCASAwDQYJKoZIhvcNAQEBBQADggENADCC
12-11 13:00:49.739  1453  1943 V GoogleSignatureVerifier: AQgCggEBAKHY8Fl4XZzpJvgHoezYjhmKPvdq9DGYVc/X9NQO5oUlYIA/Ci5rzvljz13KbNve/Kxu
12-11 13:00:49.739  1453  1943 V GoogleSignatureVerifier: Eu9HN8SzsLg9EBhghOko8JxEg7I8W6uPVOoRngNCMvXzjf6av77vxPqphlgq++Y4MIC+fiOxLd+g
12-11 13:00:49.739  1453  1943 V GoogleSignatureVerifier: pYq0p6W7RWxEgrzLHnWiCX0dRmWDs+ey2t4f1WKzGoRQQS0Tn21CViThrVEe+zNwANnhErUcvoQB
12-11 13:00:49.739  1453  1943 V GoogleSignatureVerifier: 2m4/PQotuij7LZNccHJvUOUf5/4wIZd8JOgO3VLwzFO/HhrqUjafCvkpKTjW8oQmHLUz5m40ljET
12-11 13:00:49.739  1453  1943 V GoogleSignatureVerifier: GEjqQ6AuAwmaeFT+Bwj1DUaYg+m7AzalJ2aAtHVX0FftRUkCAQOjUDBOMB0GA1UdDgQWBBQi+Lgb
12-11 13:00:49.739  1453  1943 V GoogleSignatureVerifier: yFfWSoWCbQ+NVDF4ZKTPCjAfBgNVHSMEGDAWgBQi+LgbyFfWSoWCbQ+NVDF4ZKTPCjAMBgNVHRME
12-11 13:00:49.739  1453  1943 V GoogleSignatureVerifier: BTADAQH/MA0GCSqGSIb3DQEBCwUAA4IBAQBH1kIQlSBjXRMuQdaDLytr8ZaJXIN1HApg2QA8azYQ
12-11 13:00:49.739  1453  1943 V GoogleSignatureVerifier: XOS/B16gwm6tBfh1dL86LL/7w09oM9LZv8WwtQyFNjM97vvQvkaOGW/ubhrKOk3+8HTHkEx4n7H6
12-11 13:00:49.739  1453  1943 V GoogleSignatureVerifier: tYGOLdpmWepDfBSEFuLwq6yqG6wZFdd7IKO+sPlCxqUpqg40YAb4WOwzDbiuJnswDftP3wIaaJPh
12-11 13:00:49.739  1453  1943 V GoogleSignatureVerifier: li6OIjRKyd3Sgw1MtffHOy+WSwqHLkGNgH6GAgvZlvhPA/yim+rjnE9oKV5G6PygQK7kJJjS/Lde
12-11 13:00:49.739  1453  1943 V GoogleSignatureVerifier: qxE7M7pNRYPhcLT7qhE7MiuBuyqwAMTTBoU8u3lTdOZwNErbRT5tSXkgVMffkfN7wBNqpSSY
12-11 13:00:49.759  1453  1943 V GoogleSignatureVerifier: com.roboteam.teamy.videodemo.usa signature not valid.  Found: 
12-11 13:00:49.759  1453  1943 V GoogleSignatureVerifier: MIID+zCCAuOgAwIBAgIJAP8GQTI8+VUSMA0GCSqGSIb3DQEBCwUAMIGUMQswCQYDVQQGEwJVUzET
12-11 13:00:49.759  1453  1943 V GoogleSignatureVerifier: MBEGA1UECAwKQ2FsaWZvcm5pYTEWMBQGA1UEBwwNTW91bnRhaW4gVmlldzEQMA4GA1UECgwHQW5k
12-11 13:00:49.759  1453  1943 V GoogleSignatureVerifier: cm9pZDEQMA4GA1UECwwHQW5kcm9pZDEQMA4GA1UEAwwHQW5kcm9pZDEiMCAGCSqGSIb3DQEJARYT
12-11 13:00:49.759  1453  1943 V GoogleSignatureVerifier: YW5kcm9pZEBhbmRyb2lkLmNvbTAeFw0xNDEyMjMwNjQzNDFaFw00MjA1MTAwNjQzNDFaMIGUMQsw
12-11 13:00:49.759  1453  1943 V GoogleSignatureVerifier: CQYDVQQGEwJVUzETMBEGA1UECAwKQ2FsaWZvcm5pYTEWMBQGA1UEBwwNTW91bnRhaW4gVmlldzEQ
12-11 13:00:49.759  1453  1943 V GoogleSignatureVerifier: MA4GA1UECgwHQW5kcm9pZDEQMA4GA1UECwwHQW5kcm9pZDEQMA4GA1UEAwwHQW5kcm9pZDEiMCAG
12-11 13:00:49.759  1453  1943 V GoogleSignatureVerifier: CSqGSIb3DQEJARYTYW5kcm9pZEBhbmRyb2lkLmNvbTCCASAwDQYJKoZIhvcNAQEBBQADggENADCC
12-11 13:00:49.759  1453  1943 V GoogleSignatureVerifier: AQgCggEBAKHY8Fl4XZzpJvgHoezYjhmKPvdq9DGYVc/X9NQO5oUlYIA/Ci5rzvljz13KbNve/Kxu
12-11 13:00:49.759  1453  1943 V GoogleSignatureVerifier: Eu9HN8SzsLg9EBhghOko8JxEg7I8W6uPVOoRngNCMvXzjf6av77vxPqphlgq++Y4MIC+fiOxLd+g
12-11 13:00:49.759  1453  1943 V GoogleSignatureVerifier: pYq0p6W7RWxEgrzLHnWiCX0dRmWDs+ey2t4f1WKzGoRQQS0Tn21CViThrVEe+zNwANnhErUcvoQB
12-11 13:00:49.759  1453  1943 V GoogleSignatureVerifier: 2m4/PQotuij7LZNccHJvUOUf5/4wIZd8JOgO3VLwzFO/HhrqUjafCvkpKTjW8oQmHLUz5m40ljET
12-11 13:00:49.759  1453  1943 V GoogleSignatureVerifier: GEjqQ6AuAwmaeFT+Bwj1DUaYg+m7AzalJ2aAtHVX0FftRUkCAQOjUDBOMB0GA1UdDgQWBBQi+Lgb
12-11 13:00:49.759  1453  1943 V GoogleSignatureVerifier: yFfWSoWCbQ+NVDF4ZKTPCjAfBgNVHSMEGDAWgBQi+LgbyFfWSoWCbQ+NVDF4ZKTPCjAMBgNVHRME
12-11 13:00:49.759  1453  1943 V GoogleSignatureVerifier: BTADAQH/MA0GCSqGSIb3DQEBCwUAA4IBAQBH1kIQlSBjXRMuQdaDLytr8ZaJXIN1HApg2QA8azYQ
12-11 13:00:49.759  1453  1943 V GoogleSignatureVerifier: XOS/B16gwm6tBfh1dL86LL/7w09oM9LZv8WwtQyFNjM97vvQvkaOGW/ubhrKOk3+8HTHkEx4n7H6
12-11 13:00:49.759  1453  1943 V GoogleSignatureVerifier: tYGOLdpmWepDfBSEFuLwq6yqG6wZFdd7IKO+sPlCxqUpqg40YAb4WOwzDbiuJnswDftP3wIaaJPh
12-11 13:00:49.759  1453  1943 V GoogleSignatureVerifier: li6OIjRKyd3Sgw1MtffHOy+WSwqHLkGNgH6GAgvZlvhPA/yim+rjnE9oKV5G6PygQK7kJJjS/Lde
12-11 13:00:49.759  1453  1943 V GoogleSignatureVerifier: qxE7M7pNRYPhcLT7qhE7MiuBuyqwAMTTBoU8u3lTdOZwNErbRT5tSXkgVMffkfN7wBNqpSSY
12-11 13:00:49.763  1453  1943 V GoogleSignatureVerifier: com.roboteam.teamy.videodemo.usa signature not valid.  Found: 
12-11 13:00:49.763  1453  1943 V GoogleSignatureVerifier: MIID+zCCAuOgAwIBAgIJAP8GQTI8+VUSMA0GCSqGSIb3DQEBCwUAMIGUMQswCQYDVQQGEwJVUzET
12-11 13:00:49.763  1453  1943 V GoogleSignatureVerifier: MBEGA1UECAwKQ2FsaWZvcm5pYTEWMBQGA1UEBwwNTW91bnRhaW4gVmlldzEQMA4GA1UECgwHQW5k
12-11 13:00:49.763  1453  1943 V GoogleSignatureVerifier: cm9pZDEQMA4GA1UECwwHQW5kcm9pZDEQMA4GA1UEAwwHQW5kcm9pZDEiMCAGCSqGSIb3DQEJARYT
12-11 13:00:49.763  1453  1943 V GoogleSignatureVerifier: YW5kcm9pZEBhbmRyb2lkLmNvbTAeFw0xNDEyMjMwNjQzNDFaFw00MjA1MTAwNjQzNDFaMIGUMQsw
12-11 13:00:49.763  1453  1943 V GoogleSignatureVerifier: CQYDVQQGEwJVUzETMBEGA1UECAwKQ2FsaWZvcm5pYTEWMBQGA1UEBwwNTW91bnRhaW4gVmlldzEQ
12-11 13:00:49.763  1453  1943 V GoogleSignatureVerifier: MA4GA1UECgwHQW5kcm9pZDEQMA4GA1UECwwHQW5kcm9pZDEQMA4GA1UEAwwHQW5kcm9pZDEiMCAG
12-11 13:00:49.763  1453  1943 V GoogleSignatureVerifier: CSqGSIb3DQEJARYTYW5kcm9pZEBhbmRyb2lkLmNvbTCCASAwDQYJKoZIhvcNAQEBBQADggENADCC
12-11 13:00:49.763  1453  1943 V GoogleSignatureVerifier: AQgCggEBAKHY8Fl4XZzpJvgHoezYjhmKPvdq9DGYVc/X9NQO5oUlYIA/Ci5rzvljz13KbNve/Kxu
12-11 13:00:49.763  1453  1943 V GoogleSignatureVerifier: Eu9HN8SzsLg9EBhghOko8JxEg7I8W6uPVOoRngNCMvXzjf6av77vxPqphlgq++Y4MIC+fiOxLd+g
12-11 13:00:49.763  1453  1943 V GoogleSignatureVerifier: pYq0p6W7RWxEgrzLHnWiCX0dRmWDs+ey2t4f1WKzGoRQQS0Tn21CViThrVEe+zNwANnhErUcvoQB
12-11 13:00:49.763  1453  1943 V GoogleSignatureVerifier: 2m4/PQotuij7LZNccHJvUOUf5/4wIZd8JOgO3VLwzFO/HhrqUjafCvkpKTjW8oQmHLUz5m40ljET
12-11 13:00:49.763  1453  1943 V GoogleSignatureVerifier: GEjqQ6AuAwmaeFT+Bwj1DUaYg+m7AzalJ2aAtHVX0FftRUkCAQOjUDBOMB0GA1UdDgQWBBQi+Lgb
12-11 13:00:49.763  1453  1943 V GoogleSignatureVerifier: yFfWSoWCbQ+NVDF4ZKTPCjAfBgNVHSMEGDAWgBQi+LgbyFfWSoWCbQ+NVDF4ZKTPCjAMBgNVHRME
12-11 13:00:49.763  1453  1943 V GoogleSignatureVerifier: BTADAQH/MA0GCSqGSIb3DQEBCwUAA4IBAQBH1kIQlSBjXRMuQdaDLytr8ZaJXIN1HApg2QA8azYQ
12-11 13:00:49.763  1453  1943 V GoogleSignatureVerifier: XOS/B16gwm6tBfh1dL86LL/7w09oM9LZv8WwtQyFNjM97vvQvkaOGW/ubhrKOk3+8HTHkEx4n7H6
12-11 13:00:49.763  1453  1943 V GoogleSignatureVerifier: tYGOLdpmWepDfBSEFuLwq6yqG6wZFdd7IKO+sPlCxqUpqg40YAb4WOwzDbiuJnswDftP3wIaaJPh
12-11 13:00:49.763  1453  1943 V GoogleSignatureVerifier: li6OIjRKyd3Sgw1MtffHOy+WSwqHLkGNgH6GAgvZlvhPA/yim+rjnE9oKV5G6PygQK7kJJjS/Lde
12-11 13:00:49.763  1453  1943 V GoogleSignatureVerifier: qxE7M7pNRYPhcLT7qhE7MiuBuyqwAMTTBoU8u3lTdOZwNErbRT5tSXkgVMffkfN7wBNqpSSY
12-11 13:00:49.779  1453  1943 V GoogleSignatureVerifier: com.cghs.stresstest signature not valid.  Found: 
12-11 13:00:49.779  1453  1943 V GoogleSignatureVerifier: MIID+zCCAuOgAwIBAgIJAP8GQTI8+VUSMA0GCSqGSIb3DQEBCwUAMIGUMQswCQYDVQQGEwJVUzET
12-11 13:00:49.779  1453  1943 V GoogleSignatureVerifier: MBEGA1UECAwKQ2FsaWZvcm5pYTEWMBQGA1UEBwwNTW91bnRhaW4gVmlldzEQMA4GA1UECgwHQW5k
12-11 13:00:49.779  1453  1943 V GoogleSignatureVerifier: cm9pZDEQMA4GA1UECwwHQW5kcm9pZDEQMA4GA1UEAwwHQW5kcm9pZDEiMCAGCSqGSIb3DQEJARYT
12-11 13:00:49.779  1453  1943 V GoogleSignatureVerifier: YW5kcm9pZEBhbmRyb2lkLmNvbTAeFw0xNDEyMjMwNjQzNDFaFw00MjA1MTAwNjQzNDFaMIGUMQsw
12-11 13:00:49.779  1453  1943 V GoogleSignatureVerifier: CQYDVQQGEwJVUzETMBEGA1UECAwKQ2FsaWZvcm5pYTEWMBQGA1UEBwwNTW91bnRhaW4gVmlldzEQ
12-11 13:00:49.779  1453  1943 V GoogleSignatureVerifier: MA4GA1UECgwHQW5kcm9pZDEQMA4GA1UECwwHQW5kcm9pZDEQMA4GA1UEAwwHQW5kcm9pZDEiMCAG
12-11 13:00:49.779  1453  1943 V GoogleSignatureVerifier: CSqGSIb3DQEJARYTYW5kcm9pZEBhbmRyb2lkLmNvbTCCASAwDQYJKoZIhvcNAQEBBQADggENADCC
12-11 13:00:49.779  1453  1943 V GoogleSignatureVerifier: AQgCggEBAKHY8Fl4XZzpJvgHoezYjhmKPvdq9DGYVc/X9NQO5oUlYIA/Ci5rzvljz13KbNve/Kxu
12-11 13:00:49.779  1453  1943 V GoogleSignatureVerifier: Eu9HN8SzsLg9EBhghOko8JxEg7I8W6uPVOoRngNCMvXzjf6av77vxPqphlgq++Y4MIC+fiOxLd+g
12-11 13:00:49.779  1453  1943 V GoogleSignatureVerifier: pYq0p6W7RWxEgrzLHnWiCX0dRmWDs+ey2t4f1WKzGoRQQS0Tn21CViThrVEe+zNwANnhErUcvoQB
12-11 13:00:49.779  1453  1943 V GoogleSignatureVerifier: 2m4/PQotuij7LZNccHJvUOUf5/4wIZd8JOgO3VLwzFO/HhrqUjafCvkpKTjW8oQmHLUz5m40ljET
12-11 13:00:49.779  1453  1943 V GoogleSignatureVerifier: GEjqQ6AuAwmaeFT+Bwj1DUaYg+m7AzalJ2aAtHVX0FftRUkCAQOjUDBOMB0GA1UdDgQWBBQi+Lgb
12-11 13:00:49.779  1453  1943 V GoogleSignatureVerifier: yFfWSoWCbQ+NVDF4ZKTPCjAfBgNVHSMEGDAWgBQi+LgbyFfWSoWCbQ+NVDF4ZKTPCjAMBgNVHRME
12-11 13:00:49.779  1453  1943 V GoogleSignatureVerifier: BTADAQH/MA0GCSqGSIb3DQEBCwUAA4IBAQBH1kIQlSBjXRMuQdaDLytr8ZaJXIN1HApg2QA8azYQ
12-11 13:00:49.779  1453  1943 V GoogleSignatureVerifier: XOS/B16gwm6tBfh1dL86LL/7w09oM9LZv8WwtQyFNjM97vvQvkaOGW/ubhrKOk3+8HTHkEx4n7H6
12-11 13:00:49.779  1453  1943 V GoogleSignatureVerifier: tYGOLdpmWepDfBSEFuLwq6yqG6wZFdd7IKO+sPlCxqUpqg40YAb4WOwzDbiuJnswDftP3wIaaJPh
12-11 13:00:49.779  1453  1943 V GoogleSignatureVerifier: li6OIjRKyd3Sgw1MtffHOy+WSwqHLkGNgH6GAgvZlvhPA/yim+rjnE9oKV5G6PygQK7kJJjS/Lde
12-11 13:00:49.779  1453  1943 V GoogleSignatureVerifier: qxE7M7pNRYPhcLT7qhE7MiuBuyqwAMTTBoU8u3lTdOZwNErbRT5tSXkgVMffkfN7wBNqpSSY
12-11 13:00:49.784  1453  1943 V GoogleSignatureVerifier: com.cghs.stresstest signature not valid.  Found: 
12-11 13:00:49.784  1453  1943 V GoogleSignatureVerifier: MIID+zCCAuOgAwIBAgIJAP8GQTI8+VUSMA0GCSqGSIb3DQEBCwUAMIGUMQswCQYDVQQGEwJVUzET
12-11 13:00:49.784  1453  1943 V GoogleSignatureVerifier: MBEGA1UECAwKQ2FsaWZvcm5pYTEWMBQGA1UEBwwNTW91bnRhaW4gVmlldzEQMA4GA1UECgwHQW5k
12-11 13:00:49.784  1453  1943 V GoogleSignatureVerifier: cm9pZDEQMA4GA1UECwwHQW5kcm9pZDEQMA4GA1UEAwwHQW5kcm9pZDEiMCAGCSqGSIb3DQEJARYT
12-11 13:00:49.784  1453  1943 V GoogleSignatureVerifier: YW5kcm9pZEBhbmRyb2lkLmNvbTAeFw0xNDEyMjMwNjQzNDFaFw00MjA1MTAwNjQzNDFaMIGUMQsw
12-11 13:00:49.784  1453  1943 V GoogleSignatureVerifier: CQYDVQQGEwJVUzETMBEGA1UECAwKQ2FsaWZvcm5pYTEWMBQGA1UEBwwNTW91bnRhaW4gVmlldzEQ
12-11 13:00:49.784  1453  1943 V GoogleSignatureVerifier: MA4GA1UECgwHQW5kcm9pZDEQMA4GA1UECwwHQW5kcm9pZDEQMA4GA1UEAwwHQW5kcm9pZDEiMCAG
12-11 13:00:49.784  1453  1943 V GoogleSignatureVerifier: CSqGSIb3DQEJARYTYW5kcm9pZEBhbmRyb2lkLmNvbTCCASAwDQYJKoZIhvcNAQEBBQADggENADCC
12-11 13:00:49.784  1453  1943 V GoogleSignatureVerifier: AQgCggEBAKHY8Fl4XZzpJvgHoezYjhmKPvdq9DGYVc/X9NQO5oUlYIA/Ci5rzvljz13KbNve/Kxu
12-11 13:00:49.784  1453  1943 V GoogleSignatureVerifier: Eu9HN8SzsLg9EBhghOko8JxEg7I8W6uPVOoRngNCMvXzjf6av77vxPqphlgq++Y4MIC+fiOxLd+g
12-11 13:00:49.784  1453  1943 V GoogleSignatureVerifier: pYq0p6W7RWxEgrzLHnWiCX0dRmWDs+ey2t4f1WKzGoRQQS0Tn21CViThrVEe+zNwANnhErUcvoQB
12-11 13:00:49.784  1453  1943 V GoogleSignatureVerifier: 2m4/PQotuij7LZNccHJvUOUf5/4wIZd8JOgO3VLwzFO/HhrqUjafCvkpKTjW8oQmHLUz5m40ljET
12-11 13:00:49.784  1453  1943 V GoogleSignatureVerifier: GEjqQ6AuAwmaeFT+Bwj1DUaYg+m7AzalJ2aAtHVX0FftRUkCAQOjUDBOMB0GA1UdDgQWBBQi+Lgb
12-11 13:00:49.784  1453  1943 V GoogleSignatureVerifier: yFfWSoWCbQ+NVDF4ZKTPCjAfBgNVHSMEGDAWgBQi+LgbyFfWSoWCbQ+NVDF4ZKTPCjAMBgNVHRME
12-11 13:00:49.784  1453  1943 V GoogleSignatureVerifier: BTADAQH/MA0GCSqGSIb3DQEBCwUAA4IBAQBH1kIQlSBjXRMuQdaDLytr8ZaJXIN1HApg2QA8azYQ
12-11 13:00:49.784  1453  1943 V GoogleSignatureVerifier: XOS/B16gwm6tBfh1dL86LL/7w09oM9LZv8WwtQyFNjM97vvQvkaOGW/ubhrKOk3+8HTHkEx4n7H6
12-11 13:00:49.784  1453  1943 V GoogleSignatureVerifier: tYGOLdpmWepDfBSEFuLwq6yqG6wZFdd7IKO+sPlCxqUpqg40YAb4WOwzDbiuJnswDftP3wIaaJPh
12-11 13:00:49.784  1453  1943 V GoogleSignatureVerifier: li6OIjRKyd3Sgw1MtffHOy+WSwqHLkGNgH6GAgvZlvhPA/yim+rjnE9oKV5G6PygQK7kJJjS/Lde
12-11 13:00:49.784  1453  1943 V GoogleSignatureVerifier: qxE7M7pNRYPhcLT7qhE7MiuBuyqwAMTTBoU8u3lTdOZwNErbRT5tSXkgVMffkfN7wBNqpSSY
12-11 13:00:49.792  1453  2128 V CheckinRequestBuilder: No Subscriptions found on the device
12-11 13:00:49.799  1453  1943 V GoogleSignatureVerifier: com.roboteam.teamy.iheart.usa signature not valid.  Found: 
12-11 13:00:49.799  1453  1943 V GoogleSignatureVerifier: MIID+zCCAuOgAwIBAgIJAP8GQTI8+VUSMA0GCSqGSIb3DQEBCwUAMIGUMQswCQYDVQQGEwJVUzET
12-11 13:00:49.799  1453  1943 V GoogleSignatureVerifier: MBEGA1UECAwKQ2FsaWZvcm5pYTEWMBQGA1UEBwwNTW91bnRhaW4gVmlldzEQMA4GA1UECgwHQW5k
12-11 13:00:49.799  1453  1943 V GoogleSignatureVerifier: cm9pZDEQMA4GA1UECwwHQW5kcm9pZDEQMA4GA1UEAwwHQW5kcm9pZDEiMCAGCSqGSIb3DQEJARYT
12-11 13:00:49.799  1453  1943 V GoogleSignatureVerifier: YW5kcm9pZEBhbmRyb2lkLmNvbTAeFw0xNDEyMjMwNjQzNDFaFw00MjA1MTAwNjQzNDFaMIGUMQsw
12-11 13:00:49.799  1453  1943 V GoogleSignatureVerifier: CQYDVQQGEwJVUzETMBEGA1UECAwKQ2FsaWZvcm5pYTEWMBQGA1UEBwwNTW91bnRhaW4gVmlldzEQ
12-11 13:00:49.799  1453  1943 V GoogleSignatureVerifier: MA4GA1UECgwHQW5kcm9pZDEQMA4GA1UECwwHQW5kcm9pZDEQMA4GA1UEAwwHQW5kcm9pZDEiMCAG
12-11 13:00:49.799  1453  1943 V GoogleSignatureVerifier: CSqGSIb3DQEJARYTYW5kcm9pZEBhbmRyb2lkLmNvbTCCASAwDQYJKoZIhvcNAQEBBQADggENADCC
12-11 13:00:49.799  1453  1943 V GoogleSignatureVerifier: AQgCggEBAKHY8Fl4XZzpJvgHoezYjhmKPvdq9DGYVc/X9NQO5oUlYIA/Ci5rzvljz13KbNve/Kxu
12-11 13:00:49.799  1453  1943 V GoogleSignatureVerifier: Eu9HN8SzsLg9EBhghOko8JxEg7I8W6uPVOoRngNCMvXzjf6av77vxPqphlgq++Y4MIC+fiOxLd+g
12-11 13:00:49.799  1453  1943 V GoogleSignatureVerifier: pYq0p6W7RWxEgrzLHnWiCX0dRmWDs+ey2t4f1WKzGoRQQS0Tn21CViThrVEe+zNwANnhErUcvoQB
12-11 13:00:49.799  1453  1943 V GoogleSignatureVerifier: 2m4/PQotuij7LZNccHJvUOUf5/4wIZd8JOgO3VLwzFO/HhrqUjafCvkpKTjW8oQmHLUz5m40ljET
12-11 13:00:49.799  1453  1943 V GoogleSignatureVerifier: GEjqQ6AuAwmaeFT+Bwj1DUaYg+m7AzalJ2aAtHVX0FftRUkCAQOjUDBOMB0GA1UdDgQWBBQi+Lgb
12-11 13:00:49.799  1453  1943 V GoogleSignatureVerifier: yFfWSoWCbQ+NVDF4ZKTPCjAfBgNVHSMEGDAWgBQi+LgbyFfWSoWCbQ+NVDF4ZKTPCjAMBgNVHRME
12-11 13:00:49.799  1453  1943 V GoogleSignatureVerifier: BTADAQH/MA0GCSqGSIb3DQEBCwUAA4IBAQBH1kIQlSBjXRMuQdaDLytr8ZaJXIN1HApg2QA8azYQ
12-11 13:00:49.799  1453  1943 V GoogleSignatureVerifier: XOS/B16gwm6tBfh1dL86LL/7w09oM9LZv8WwtQyFNjM97vvQvkaOGW/ubhrKOk3+8HTHkEx4n7H6
12-11 13:00:49.799  1453  1943 V GoogleSignatureVerifier: tYGOLdpmWepDfBSEFuLwq6yqG6wZFdd7IKO+sPlCxqUpqg40YAb4WOwzDbiuJnswDftP3wIaaJPh
12-11 13:00:49.799  1453  1943 V GoogleSignatureVerifier: li6OIjRKyd3Sgw1MtffHOy+WSwqHLkGNgH6GAgvZlvhPA/yim+rjnE9oKV5G6PygQK7kJJjS/Lde
12-11 13:00:49.799  1453  1943 V GoogleSignatureVerifier: qxE7M7pNRYPhcLT7qhE7MiuBuyqwAMTTBoU8u3lTdOZwNErbRT5tSXkgVMffkfN7wBNqpSSY
12-11 13:00:49.805  1453  1943 V GoogleSignatureVerifier: com.roboteam.teamy.iheart.usa signature not valid.  Found: 
12-11 13:00:49.805  1453  1943 V GoogleSignatureVerifier: MIID+zCCAuOgAwIBAgIJAP8GQTI8+VUSMA0GCSqGSIb3DQEBCwUAMIGUMQswCQYDVQQGEwJVUzET
12-11 13:00:49.805  1453  1943 V GoogleSignatureVerifier: MBEGA1UECAwKQ2FsaWZvcm5pYTEWMBQGA1UEBwwNTW91bnRhaW4gVmlldzEQMA4GA1UECgwHQW5k
12-11 13:00:49.805  1453  1943 V GoogleSignatureVerifier: cm9pZDEQMA4GA1UECwwHQW5kcm9pZDEQMA4GA1UEAwwHQW5kcm9pZDEiMCAGCSqGSIb3DQEJARYT
12-11 13:00:49.805  1453  1943 V GoogleSignatureVerifier: YW5kcm9pZEBhbmRyb2lkLmNvbTAeFw0xNDEyMjMwNjQzNDFaFw00MjA1MTAwNjQzNDFaMIGUMQsw
12-11 13:00:49.805  1453  1943 V GoogleSignatureVerifier: CQYDVQQGEwJVUzETMBEGA1UECAwKQ2FsaWZvcm5pYTEWMBQGA1UEBwwNTW91bnRhaW4gVmlldzEQ
12-11 13:00:49.805  1453  1943 V GoogleSignatureVerifier: MA4GA1UECgwHQW5kcm9pZDEQMA4GA1UECwwHQW5kcm9pZDEQMA4GA1UEAwwHQW5kcm9pZDEiMCAG
12-11 13:00:49.805  1453  1943 V GoogleSignatureVerifier: CSqGSIb3DQEJARYTYW5kcm9pZEBhbmRyb2lkLmNvbTCCASAwDQYJKoZIhvcNAQEBBQADggENADCC
12-11 13:00:49.805  1453  1943 V GoogleSignatureVerifier: AQgCggEBAKHY8Fl4XZzpJvgHoezYjhmKPvdq9DGYVc/X9NQO5oUlYIA/Ci5rzvljz13KbNve/Kxu
12-11 13:00:49.805  1453  1943 V GoogleSignatureVerifier: Eu9HN8SzsLg9EBhghOko8JxEg7I8W6uPVOoRngNCMvXzjf6av77vxPqphlgq++Y4MIC+fiOxLd+g
12-11 13:00:49.805  1453  1943 V GoogleSignatureVerifier: pYq0p6W7RWxEgrzLHnWiCX0dRmWDs+ey2t4f1WKzGoRQQS0Tn21CViThrVEe+zNwANnhErUcvoQB
12-11 13:00:49.805  1453  1943 V GoogleSignatureVerifier: 2m4/PQotuij7LZNccHJvUOUf5/4wIZd8JOgO3VLwzFO/HhrqUjafCvkpKTjW8oQmHLUz5m40ljET
12-11 13:00:49.805  1453  1943 V GoogleSignatureVerifier: GEjqQ6AuAwmaeFT+Bwj1DUaYg+m7AzalJ2aAtHVX0FftRUkCAQOjUDBOMB0GA1UdDgQWBBQi+Lgb
12-11 13:00:49.805  1453  1943 V GoogleSignatureVerifier: yFfWSoWCbQ+NVDF4ZKTPCjAfBgNVHSMEGDAWgBQi+LgbyFfWSoWCbQ+NVDF4ZKTPCjAMBgNVHRME
12-11 13:00:49.805  1453  1943 V GoogleSignatureVerifier: BTADAQH/MA0GCSqGSIb3DQEBCwUAA4IBAQBH1kIQlSBjXRMuQdaDLytr8ZaJXIN1HApg2QA8azYQ
12-11 13:00:49.805  1453  1943 V GoogleSignatureVerifier: XOS/B16gwm6tBfh1dL86LL/7w09oM9LZv8WwtQyFNjM97vvQvkaOGW/ubhrKOk3+8HTHkEx4n7H6
12-11 13:00:49.805  1453  1943 V GoogleSignatureVerifier: tYGOLdpmWepDfBSEFuLwq6yqG6wZFdd7IKO+sPlCxqUpqg40YAb4WOwzDbiuJnswDftP3wIaaJPh
12-11 13:00:49.805  1453  1943 V GoogleSignatureVerifier: li6OIjRKyd3Sgw1MtffHOy+WSwqHLkGNgH6GAgvZlvhPA/yim+rjnE9oKV5G6PygQK7kJJjS/Lde
12-11 13:00:49.805  1453  1943 V GoogleSignatureVerifier: qxE7M7pNRYPhcLT7qhE7MiuBuyqwAMTTBoU8u3lTdOZwNErbRT5tSXkgVMffkfN7wBNqpSSY
12-11 13:00:49.846   560   714 I ActivityManager: Start proc 2134:com.google.android.gms.unstable/u0a6 for service com.google.android.gms/.droidguard.DroidGuardService
12-11 13:00:49.848  1453  1943 V GoogleSignatureVerifier: com.android.server.telecom signature not valid.  Found: 
12-11 13:00:49.848  1453  1943 V GoogleSignatureVerifier: MIID+zCCAuOgAwIBAgIJAP8GQTI8+VUSMA0GCSqGSIb3DQEBCwUAMIGUMQswCQYDVQQGEwJVUzET
12-11 13:00:49.848  1453  1943 V GoogleSignatureVerifier: MBEGA1UECAwKQ2FsaWZvcm5pYTEWMBQGA1UEBwwNTW91bnRhaW4gVmlldzEQMA4GA1UECgwHQW5k
12-11 13:00:49.848  1453  1943 V GoogleSignatureVerifier: cm9pZDEQMA4GA1UECwwHQW5kcm9pZDEQMA4GA1UEAwwHQW5kcm9pZDEiMCAGCSqGSIb3DQEJARYT
12-11 13:00:49.848  1453  1943 V GoogleSignatureVerifier: YW5kcm9pZEBhbmRyb2lkLmNvbTAeFw0xNDEyMjMwNjQzNDFaFw00MjA1MTAwNjQzNDFaMIGUMQsw
12-11 13:00:49.848  1453  1943 V GoogleSignatureVerifier: CQYDVQQGEwJVUzETMBEGA1UECAwKQ2FsaWZvcm5pYTEWMBQGA1UEBwwNTW91bnRhaW4gVmlldzEQ
12-11 13:00:49.848  1453  1943 V GoogleSignatureVerifier: MA4GA1UECgwHQW5kcm9pZDEQMA4GA1UECwwHQW5kcm9pZDEQMA4GA1UEAwwHQW5kcm9pZDEiMCAG
12-11 13:00:49.848  1453  1943 V GoogleSignatureVerifier: CSqGSIb3DQEJARYTYW5kcm9pZEBhbmRyb2lkLmNvbTCCASAwDQYJKoZIhvcNAQEBBQADggENADCC
12-11 13:00:49.848  1453  1943 V GoogleSignatureVerifier: AQgCggEBAKHY8Fl4XZzpJvgHoezYjhmKPvdq9DGYVc/X9NQO5oUlYIA/Ci5rzvljz13KbNve/Kxu
12-11 13:00:49.848  1453  1943 V GoogleSignatureVerifier: Eu9HN8SzsLg9EBhghOko8JxEg7I8W6uPVOoRngNCMvXzjf6av77vxPqphlgq++Y4MIC+fiOxLd+g
12-11 13:00:49.848  1453  1943 V GoogleSignatureVerifier: pYq0p6W7RWxEgrzLHnWiCX0dRmWDs+ey2t4f1WKzGoRQQS0Tn21CViThrVEe+zNwANnhErUcvoQB
12-11 13:00:49.848  1453  1943 V GoogleSignatureVerifier: 2m4/PQotuij7LZNccHJvUOUf5/4wIZd8JOgO3VLwzFO/HhrqUjafCvkpKTjW8oQmHLUz5m40ljET
12-11 13:00:49.848  1453  1943 V GoogleSignatureVerifier: GEjqQ6AuAwmaeFT+Bwj1DUaYg+m7AzalJ2aAtHVX0FftRUkCAQOjUDBOMB0GA1UdDgQWBBQi+Lgb
12-11 13:00:49.848  1453  1943 V GoogleSignatureVerifier: yFfWSoWCbQ+NVDF4ZKTPCjAfBgNVHSMEGDAWgBQi+LgbyFfWSoWCbQ+NVDF4ZKTPCjAMBgNVHRME
12-11 13:00:49.848  1453  1943 V GoogleSignatureVerifier: BTADAQH/MA0GCSqGSIb3DQEBCwUAA4IBAQBH1kIQlSBjXRMuQdaDLytr8ZaJXIN1HApg2QA8azYQ
12-11 13:00:49.848  1453  1943 V GoogleSignatureVerifier: XOS/B16gwm6tBfh1dL86LL/7w09oM9LZv8WwtQyFNjM97vvQvkaOGW/ubhrKOk3+8HTHkEx4n7H6
12-11 13:00:49.848  1453  1943 V GoogleSignatureVerifier: tYGOLdpmWepDfBSEFuLwq6yqG6wZFdd7IKO+sPlCxqUpqg40YAb4WOwzDbiuJnswDftP3wIaaJPh
12-11 13:00:49.848  1453  1943 V GoogleSignatureVerifier: li6OIjRKyd3Sgw1MtffHOy+WSwqHLkGNgH6GAgvZlvhPA/yim+rjnE9oKV5G6PygQK7kJJjS/Lde
12-11 13:00:49.848  1453  1943 V GoogleSignatureVerifier: qxE7M7pNRYPhcLT7qhE7MiuBuyqwAMTTBoU8u3lTdOZwNErbRT5tSXkgVMffkfN7wBNqpSSY
12-11 13:00:49.854  1453  1943 V GoogleSignatureVerifier: com.android.server.telecom signature not valid.  Found: 
12-11 13:00:49.854  1453  1943 V GoogleSignatureVerifier: MIID+zCCAuOgAwIBAgIJAP8GQTI8+VUSMA0GCSqGSIb3DQEBCwUAMIGUMQswCQYDVQQGEwJVUzET
12-11 13:00:49.854  1453  1943 V GoogleSignatureVerifier: MBEGA1UECAwKQ2FsaWZvcm5pYTEWMBQGA1UEBwwNTW91bnRhaW4gVmlldzEQMA4GA1UECgwHQW5k
12-11 13:00:49.854  1453  1943 V GoogleSignatureVerifier: cm9pZDEQMA4GA1UECwwHQW5kcm9pZDEQMA4GA1UEAwwHQW5kcm9pZDEiMCAGCSqGSIb3DQEJARYT
12-11 13:00:49.854  1453  1943 V GoogleSignatureVerifier: YW5kcm9pZEBhbmRyb2lkLmNvbTAeFw0xNDEyMjMwNjQzNDFaFw00MjA1MTAwNjQzNDFaMIGUMQsw
12-11 13:00:49.854  1453  1943 V GoogleSignatureVerifier: CQYDVQQGEwJVUzETMBEGA1UECAwKQ2FsaWZvcm5pYTEWMBQGA1UEBwwNTW91bnRhaW4gVmlldzEQ
12-11 13:00:49.854  1453  1943 V GoogleSignatureVerifier: MA4GA1UECgwHQW5kcm9pZDEQMA4GA1UECwwHQW5kcm9pZDEQMA4GA1UEAwwHQW5kcm9pZDEiMCAG
12-11 13:00:49.854  1453  1943 V GoogleSignatureVerifier: CSqGSIb3DQEJARYTYW5kcm9pZEBhbmRyb2lkLmNvbTCCASAwDQYJKoZIhvcNAQEBBQADggENADCC
12-11 13:00:49.854  1453  1943 V GoogleSignatureVerifier: AQgCggEBAKHY8Fl4XZzpJvgHoezYjhmKPvdq9DGYVc/X9NQO5oUlYIA/Ci5rzvljz13KbNve/Kxu
12-11 13:00:49.854  1453  1943 V GoogleSignatureVerifier: Eu9HN8SzsLg9EBhghOko8JxEg7I8W6uPVOoRngNCMvXzjf6av77vxPqphlgq++Y4MIC+fiOxLd+g
12-11 13:00:49.854  1453  1943 V GoogleSignatureVerifier: pYq0p6W7RWxEgrzLHnWiCX0dRmWDs+ey2t4f1WKzGoRQQS0Tn21CViThrVEe+zNwANnhErUcvoQB
12-11 13:00:49.854  1453  1943 V GoogleSignatureVerifier: 2m4/PQotuij7LZNccHJvUOUf5/4wIZd8JOgO3VLwzFO/HhrqUjafCvkpKTjW8oQmHLUz5m40ljET
12-11 13:00:49.854  1453  1943 V GoogleSignatureVerifier: GEjqQ6AuAwmaeFT+Bwj1DUaYg+m7AzalJ2aAtHVX0FftRUkCAQOjUDBOMB0GA1UdDgQWBBQi+Lgb
12-11 13:00:49.854  1453  1943 V GoogleSignatureVerifier: yFfWSoWCbQ+NVDF4ZKTPCjAfBgNVHSMEGDAWgBQi+LgbyFfWSoWCbQ+NVDF4ZKTPCjAMBgNVHRME
12-11 13:00:49.854  1453  1943 V GoogleSignatureVerifier: BTADAQH/MA0GCSqGSIb3DQEBCwUAA4IBAQBH1kIQlSBjXRMuQdaDLytr8ZaJXIN1HApg2QA8azYQ
12-11 13:00:49.854  1453  1943 V GoogleSignatureVerifier: XOS/B16gwm6tBfh1dL86LL/7w09oM9LZv8WwtQyFNjM97vvQvkaOGW/ubhrKOk3+8HTHkEx4n7H6
12-11 13:00:49.854  1453  1943 V GoogleSignatureVerifier: tYGOLdpmWepDfBSEFuLwq6yqG6wZFdd7IKO+sPlCxqUpqg40YAb4WOwzDbiuJnswDftP3wIaaJPh
12-11 13:00:49.854  1453  1943 V GoogleSignatureVerifier: li6OIjRKyd3Sgw1MtffHOy+WSwqHLkGNgH6GAgvZlvhPA/yim+rjnE9oKV5G6PygQK7kJJjS/Lde
12-11 13:00:49.854  1453  1943 V GoogleSignatureVerifier: qxE7M7pNRYPhcLT7qhE7MiuBuyqwAMTTBoU8u3lTdOZwNErbRT5tSXkgVMffkfN7wBNqpSSY
12-11 13:00:49.912  1453  1943 V GoogleSignatureVerifier: com.DeviceTest signature not valid.  Found: 
12-11 13:00:49.912  1453  1943 V GoogleSignatureVerifier: MIID+zCCAuOgAwIBAgIJAP8GQTI8+VUSMA0GCSqGSIb3DQEBCwUAMIGUMQswCQYDVQQGEwJVUzET
12-11 13:00:49.912  1453  1943 V GoogleSignatureVerifier: MBEGA1UECAwKQ2FsaWZvcm5pYTEWMBQGA1UEBwwNTW91bnRhaW4gVmlldzEQMA4GA1UECgwHQW5k
12-11 13:00:49.912  1453  1943 V GoogleSignatureVerifier: cm9pZDEQMA4GA1UECwwHQW5kcm9pZDEQMA4GA1UEAwwHQW5kcm9pZDEiMCAGCSqGSIb3DQEJARYT
12-11 13:00:49.912  1453  1943 V GoogleSignatureVerifier: YW5kcm9pZEBhbmRyb2lkLmNvbTAeFw0xNDEyMjMwNjQzNDFaFw00MjA1MTAwNjQzNDFaMIGUMQsw
12-11 13:00:49.912  1453  1943 V GoogleSignatureVerifier: CQYDVQQGEwJVUzETMBEGA1UECAwKQ2FsaWZvcm5pYTEWMBQGA1UEBwwNTW91bnRhaW4gVmlldzEQ
12-11 13:00:49.912  1453  1943 V GoogleSignatureVerifier: MA4GA1UECgwHQW5kcm9pZDEQMA4GA1UECwwHQW5kcm9pZDEQMA4GA1UEAwwHQW5kcm9pZDEiMCAG
12-11 13:00:49.912  1453  1943 V GoogleSignatureVerifier: CSqGSIb3DQEJARYTYW5kcm9pZEBhbmRyb2lkLmNvbTCCASAwDQYJKoZIhvcNAQEBBQADggENADCC
12-11 13:00:49.912  1453  1943 V GoogleSignatureVerifier: AQgCggEBAKHY8Fl4XZzpJvgHoezYjhmKPvdq9DGYVc/X9NQO5oUlYIA/Ci5rzvljz13KbNve/Kxu
12-11 13:00:49.912  1453  1943 V GoogleSignatureVerifier: Eu9HN8SzsLg9EBhghOko8JxEg7I8W6uPVOoRngNCMvXzjf6av77vxPqphlgq++Y4MIC+fiOxLd+g
12-11 13:00:49.912  1453  1943 V GoogleSignatureVerifier: pYq0p6W7RWxEgrzLHnWiCX0dRmWDs+ey2t4f1WKzGoRQQS0Tn21CViThrVEe+zNwANnhErUcvoQB
12-11 13:00:49.912  1453  1943 V GoogleSignatureVerifier: 2m4/PQotuij7LZNccHJvUOUf5/4wIZd8JOgO3VLwzFO/HhrqUjafCvkpKTjW8oQmHLUz5m40ljET
12-11 13:00:49.912  1453  1943 V GoogleSignatureVerifier: GEjqQ6AuAwmaeFT+Bwj1DUaYg+m7AzalJ2aAtHVX0FftRUkCAQOjUDBOMB0GA1UdDgQWBBQi+Lgb
12-11 13:00:49.912  1453  1943 V GoogleSignatureVerifier: yFfWSoWCbQ+NVDF4ZKTPCjAfBgNVHSMEGDAWgBQi+LgbyFfWSoWCbQ+NVDF4ZKTPCjAMBgNVHRME
12-11 13:00:49.912  1453  1943 V GoogleSignatureVerifier: BTADAQH/MA0GCSqGSIb3DQEBCwUAA4IBAQBH1kIQlSBjXRMuQdaDLytr8ZaJXIN1HApg2QA8azYQ
12-11 13:00:49.912  1453  1943 V GoogleSignatureVerifier: XOS/B16gwm6tBfh1dL86LL/7w09oM9LZv8WwtQyFNjM97vvQvkaOGW/ubhrKOk3+8HTHkEx4n7H6
12-11 13:00:49.912  1453  1943 V GoogleSignatureVerifier: tYGOLdpmWepDfBSEFuLwq6yqG6wZFdd7IKO+sPlCxqUpqg40YAb4WOwzDbiuJnswDftP3wIaaJPh
12-11 13:00:49.912  1453  1943 V GoogleSignatureVerifier: li6OIjRKyd3Sgw1MtffHOy+WSwqHLkGNgH6GAgvZlvhPA/yim+rjnE9oKV5G6PygQK7kJJjS/Lde
12-11 13:00:49.912  1453  1943 V GoogleSignatureVerifier: qxE7M7pNRYPhcLT7qhE7MiuBuyqwAMTTBoU8u3lTdOZwNErbRT5tSXkgVMffkfN7wBNqpSSY
12-11 13:00:49.917  1453  1943 V GoogleSignatureVerifier: com.DeviceTest signature not valid.  Found: 
12-11 13:00:49.917  1453  1943 V GoogleSignatureVerifier: MIID+zCCAuOgAwIBAgIJAP8GQTI8+VUSMA0GCSqGSIb3DQEBCwUAMIGUMQswCQYDVQQGEwJVUzET
12-11 13:00:49.917  1453  1943 V GoogleSignatureVerifier: MBEGA1UECAwKQ2FsaWZvcm5pYTEWMBQGA1UEBwwNTW91bnRhaW4gVmlldzEQMA4GA1UECgwHQW5k
12-11 13:00:49.917  1453  1943 V GoogleSignatureVerifier: cm9pZDEQMA4GA1UECwwHQW5kcm9pZDEQMA4GA1UEAwwHQW5kcm9pZDEiMCAGCSqGSIb3DQEJARYT
12-11 13:00:49.917  1453  1943 V GoogleSignatureVerifier: YW5kcm9pZEBhbmRyb2lkLmNvbTAeFw0xNDEyMjMwNjQzNDFaFw00MjA1MTAwNjQzNDFaMIGUMQsw
12-11 13:00:49.917  1453  1943 V GoogleSignatureVerifier: CQYDVQQGEwJVUzETMBEGA1UECAwKQ2FsaWZvcm5pYTEWMBQGA1UEBwwNTW91bnRhaW4gVmlldzEQ
12-11 13:00:49.917  1453  1943 V GoogleSignatureVerifier: MA4GA1UECgwHQW5kcm9pZDEQMA4GA1UECwwHQW5kcm9pZDEQMA4GA1UEAwwHQW5kcm9pZDEiMCAG
12-11 13:00:49.917  1453  1943 V GoogleSignatureVerifier: CSqGSIb3DQEJARYTYW5kcm9pZEBhbmRyb2lkLmNvbTCCASAwDQYJKoZIhvcNAQEBBQADggENADCC
12-11 13:00:49.917  1453  1943 V GoogleSignatureVerifier: AQgCggEBAKHY8Fl4XZzpJvgHoezYjhmKPvdq9DGYVc/X9NQO5oUlYIA/Ci5rzvljz13KbNve/Kxu
12-11 13:00:49.917  1453  1943 V GoogleSignatureVerifier: Eu9HN8SzsLg9EBhghOko8JxEg7I8W6uPVOoRngNCMvXzjf6av77vxPqphlgq++Y4MIC+fiOxLd+g
12-11 13:00:49.917  1453  1943 V GoogleSignatureVerifier: pYq0p6W7RWxEgrzLHnWiCX0dRmWDs+ey2t4f1WKzGoRQQS0Tn21CViThrVEe+zNwANnhErUcvoQB
12-11 13:00:49.917  1453  1943 V GoogleSignatureVerifier: 2m4/PQotuij7LZNccHJvUOUf5/4wIZd8JOgO3VLwzFO/HhrqUjafCvkpKTjW8oQmHLUz5m40ljET
12-11 13:00:49.917  1453  1943 V GoogleSignatureVerifier: GEjqQ6AuAwmaeFT+Bwj1DUaYg+m7AzalJ2aAtHVX0FftRUkCAQOjUDBOMB0GA1UdDgQWBBQi+Lgb
12-11 13:00:49.917  1453  1943 V GoogleSignatureVerifier: yFfWSoWCbQ+NVDF4ZKTPCjAfBgNVHSMEGDAWgBQi+LgbyFfWSoWCbQ+NVDF4ZKTPCjAMBgNVHRME
12-11 13:00:49.917  1453  1943 V GoogleSignatureVerifier: BTADAQH/MA0GCSqGSIb3DQEBCwUAA4IBAQBH1kIQlSBjXRMuQdaDLytr8ZaJXIN1HApg2QA8azYQ
12-11 13:00:49.917  1453  1943 V GoogleSignatureVerifier: XOS/B16gwm6tBfh1dL86LL/7w09oM9LZv8WwtQyFNjM97vvQvkaOGW/ubhrKOk3+8HTHkEx4n7H6
12-11 13:00:49.917  1453  1943 V GoogleSignatureVerifier: tYGOLdpmWepDfBSEFuLwq6yqG6wZFdd7IKO+sPlCxqUpqg40YAb4WOwzDbiuJnswDftP3wIaaJPh
12-11 13:00:49.917  1453  1943 V GoogleSignatureVerifier: li6OIjRKyd3Sgw1MtffHOy+WSwqHLkGNgH6GAgvZlvhPA/yim+rjnE9oKV5G6PygQK7kJJjS/Lde
12-11 13:00:49.917  1453  1943 V GoogleSignatureVerifier: qxE7M7pNRYPhcLT7qhE7MiuBuyqwAMTTBoU8u3lTdOZwNErbRT5tSXkgVMffkfN7wBNqpSSY
12-11 13:00:49.918  2134  2134 W System  : ClassLoader referenced unknown path: /system/priv-app/GMSCore/lib/arm
12-11 13:00:49.937  2134  2134 I MultiDex: VM with version 2.1.0 has multidex support
12-11 13:00:49.937  2134  2134 I MultiDex: install
12-11 13:00:49.937  2134  2134 I MultiDex: VM has multidex support, MultiDex support library is disabled.
12-11 13:00:49.949  1453  1943 V GoogleSignatureVerifier: com.roboteam.teamy.weatherskill.usa signature not valid.  Found: 
12-11 13:00:49.949  1453  1943 V GoogleSignatureVerifier: MIID+zCCAuOgAwIBAgIJAP8GQTI8+VUSMA0GCSqGSIb3DQEBCwUAMIGUMQswCQYDVQQGEwJVUzET
12-11 13:00:49.949  1453  1943 V GoogleSignatureVerifier: MBEGA1UECAwKQ2FsaWZvcm5pYTEWMBQGA1UEBwwNTW91bnRhaW4gVmlldzEQMA4GA1UECgwHQW5k
12-11 13:00:49.949  1453  1943 V GoogleSignatureVerifier: cm9pZDEQMA4GA1UECwwHQW5kcm9pZDEQMA4GA1UEAwwHQW5kcm9pZDEiMCAGCSqGSIb3DQEJARYT
12-11 13:00:49.949  1453  1943 V GoogleSignatureVerifier: YW5kcm9pZEBhbmRyb2lkLmNvbTAeFw0xNDEyMjMwNjQzNDFaFw00MjA1MTAwNjQzNDFaMIGUMQsw
12-11 13:00:49.949  1453  1943 V GoogleSignatureVerifier: CQYDVQQGEwJVUzETMBEGA1UECAwKQ2FsaWZvcm5pYTEWMBQGA1UEBwwNTW91bnRhaW4gVmlldzEQ
12-11 13:00:49.949  1453  1943 V GoogleSignatureVerifier: MA4GA1UECgwHQW5kcm9pZDEQMA4GA1UECwwHQW5kcm9pZDEQMA4GA1UEAwwHQW5kcm9pZDEiMCAG
12-11 13:00:49.949  1453  1943 V GoogleSignatureVerifier: CSqGSIb3DQEJARYTYW5kcm9pZEBhbmRyb2lkLmNvbTCCASAwDQYJKoZIhvcNAQEBBQADggENADCC
12-11 13:00:49.949  1453  1943 V GoogleSignatureVerifier: AQgCggEBAKHY8Fl4XZzpJvgHoezYjhmKPvdq9DGYVc/X9NQO5oUlYIA/Ci5rzvljz13KbNve/Kxu
12-11 13:00:49.949  1453  1943 V GoogleSignatureVerifier: Eu9HN8SzsLg9EBhghOko8JxEg7I8W6uPVOoRngNCMvXzjf6av77vxPqphlgq++Y4MIC+fiOxLd+g
12-11 13:00:49.949  1453  1943 V GoogleSignatureVerifier: pYq0p6W7RWxEgrzLHnWiCX0dRmWDs+ey2t4f1WKzGoRQQS0Tn21CViThrVEe+zNwANnhErUcvoQB
12-11 13:00:49.949  1453  1943 V GoogleSignatureVerifier: 2m4/PQotuij7LZNccHJvUOUf5/4wIZd8JOgO3VLwzFO/HhrqUjafCvkpKTjW8oQmHLUz5m40ljET
12-11 13:00:49.949  1453  1943 V GoogleSignatureVerifier: GEjqQ6AuAwmaeFT+Bwj1DUaYg+m7AzalJ2aAtHVX0FftRUkCAQOjUDBOMB0GA1UdDgQWBBQi+Lgb
12-11 13:00:49.949  1453  1943 V GoogleSignatureVerifier: yFfWSoWCbQ+NVDF4ZKTPCjAfBgNVHSMEGDAWgBQi+LgbyFfWSoWCbQ+NVDF4ZKTPCjAMBgNVHRME
12-11 13:00:49.949  1453  1943 V GoogleSignatureVerifier: BTADAQH/MA0GCSqGSIb3DQEBCwUAA4IBAQBH1kIQlSBjXRMuQdaDLytr8ZaJXIN1HApg2QA8azYQ
12-11 13:00:49.949  1453  1943 V GoogleSignatureVerifier: XOS/B16gwm6tBfh1dL86LL/7w09oM9LZv8WwtQyFNjM97vvQvkaOGW/ubhrKOk3+8HTHkEx4n7H6
12-11 13:00:49.949  1453  1943 V GoogleSignatureVerifier: tYGOLdpmWepDfBSEFuLwq6yqG6wZFdd7IKO+sPlCxqUpqg40YAb4WOwzDbiuJnswDftP3wIaaJPh
12-11 13:00:49.949  1453  1943 V GoogleSignatureVerifier: li6OIjRKyd3Sgw1MtffHOy+WSwqHLkGNgH6GAgvZlvhPA/yim+rjnE9oKV5G6PygQK7kJJjS/Lde
