01-01 22:30:31.892   224   632 D RockFFPlayer: enter enqueueMessage
01-01 22:30:31.892   224   632 D RockFFPlayer: enqueueMessage:****1
01-01 22:30:31.892   224   632 D RockFFPlayer: enqueueMessage:****2
01-01 22:30:31.892   224   632 D RockFFPlayer: enqueueMessage:****3
01-01 22:30:31.892   224   632 D RockFFPlayer: enqueueMessage:Message 1,set signal
01-01 22:30:31.892   224   632 D RockFFPlayer: enqueueMessage:sync wait
01-01 22:30:31.892   224  1164 D RockFFPlayer: deliverMessage 
01-01 22:30:31.892   224  1164 D RockFFPlayer: run : dequeueMessage Message 11
01-01 22:30:31.892   224  1164 D RockFFPlayer: CMD_RESET
01-01 22:30:31.892   224  1164 D RockFFPlayerBase: dumpStatus(): Idle
01-01 22:30:31.892   224  1164 D RockFFPlayer: doReset ok
01-01 22:30:31.892   224  1164 D RockFFPlayer: run : dequeueMessage Message 11 OK
01-01 22:30:31.892   224  1164 D RockFFPlayer: Messagecomplete type [11]
01-01 22:30:31.892   224  1164 D RockFFPlayer: run : Message 11 complete
01-01 22:30:31.892   224   632 D RockFFPlayer: enqueueMessage:sync wait ok
01-01 22:30:31.892   224   632 D RockFFPlayer: reset: do reset ok
01-01 22:30:31.892   224  1241 D RockFFPlayer: processAsyncExit: wait message thread
01-01 22:30:31.892   224  1164 D RockFFPlayer: signal thread out
01-01 22:30:31.892   224  1164 D RockFFPlayer: sched_thread out
01-01 22:30:31.892   224   632 D RockFFPlayer: stop:wait is ok
01-01 22:30:31.892   224   632 D RockFFPlayer: stop:ok
01-01 22:30:31.892   224   632 D RockFFPlayer: ~RkMessageQueue
01-01 22:30:31.892   224   632 D RockFFPlayer: reset: reset ok
01-01 22:30:31.892   224   632 E FFPlayer: ~FFPlayer
01-01 22:30:31.892   224  1241 E RockFFPlayerBase: closeContext : in
01-01 22:30:31.892   224  1241 D RockFFPlayer: FFMediaSource context null. 
01-01 22:30:31.892   224  1241 E RockFFPlayerBase: closeContext : out
01-01 22:30:31.892   224   632 D RockFFPlayer: reset: in
01-01 22:30:31.892   224  1241 D RockFFPlayer: CancelThread: ok
01-01 22:30:31.892   224   632 D RockFFPlayerBase: dumpStatus(): Idle
01-01 22:30:31.892   224   632 D RockFFPlayer: reset: in idle status, already reset
01-01 22:30:31.892   224   632 D RockFFPlayer: ~FFMPlayer in
01-01 22:30:31.892   224   632 D RockFFPlayer: reset: in
01-01 22:30:31.892   224   632 D RockFFPlayerBase: dumpStatus(): Idle
01-01 22:30:31.893   224   632 D RockFFPlayer: reset: in idle status, already reset
01-01 22:30:31.893   224   632 D RockFFPlayer: ~FFMediaSource
01-01 22:30:31.893   224   632 D RockFFPlayer: FFMediaSource context null. 
01-01 22:30:31.893   224   632 E TraceThread:     VsyncReciver(tid = 2988763440)--> [UID=7ebda33b] pthread_join begin-->player = 0xb727f3b8
01-01 22:30:31.898   571  1205 I ActivityManager: Start proc 1242:android.process.media/u0a4 for broadcast com.android.providers.downloads/.DownloadReceiver
01-01 22:30:31.898   571   727 W art     : Long monitor contention event with owner method=void com.android.server.am.BroadcastQueue.processNextBroadcast(boolean) from BroadcastQueue.java:640 waiters=0 for 253ms
01-01 22:30:31.900  1211  1211 E ActivityThread: Failed to find provider info for com.android.email.provider
01-01 22:30:31.914   925   940 I ContactDirectoryManager: deleted 0 stale rows which don't have any relevant directory
01-01 22:30:31.914   224   632 E TraceThread:     VsyncReciver(tid = 2988763440)--> [UID=7ebda33b] pthread_join   end-->player = 0xb727f3b8
01-01 22:30:31.914   224   632 D VsyncReciver: stop_l:vsyncThread down
01-01 22:30:31.914   224   632 E TraceThread:     RockFFPlayer(tid = 3000346928)--> [UID=7ebda33b] ~FFMPlayer Destruction; object=0xb727f3b8
01-01 22:30:31.914   224   632 D RockFFPlayer: ~FFMPlayer ok
01-01 22:30:31.915   224   632 D RockFFPlayerBase: ~FFMPlayerBase(():mDequeueThread down
01-01 22:30:31.915   224   632 D RockFFPlayerBase: ~RkMessageHandler
01-01 22:30:31.915   224   531 I CameraService: getCameraCharacteristics: Switching to HAL1 shim implementation...
01-01 22:30:31.915   224   531 D CameraHal: camera_get_camera_info(1312): camera_get_camera_info(1312): camera_1 facing(1), orientation(270)
01-01 22:30:31.915   224   531 I CameraService: CameraService::connect call (PID 224 "media", camera ID 1) for HAL version default and Camera API version 1
01-01 22:30:31.916   224   531 E CameraService: getCameraPriorityFromProcState: Received invalid process state -1 from ActivityManagerService!
01-01 22:30:31.916   224   531 D CameraHal: camera_get_camera_info(1312): camera_get_camera_info(1312): camera_1 facing(1), orientation(270)
01-01 22:30:31.916   224   531 E MediaPlayerFactory: 2019 03 30 -------- getPlayerType()111111111111 return FF_PLAYER !!!! 
01-01 22:30:31.916   224   531 I MediaPlayerFactory:  createFFPlayer
01-01 22:30:31.916   224   531 E FFPlayerHelper: isBDDirectory() ,path = /system/media/audio/ui/camera_click.ogg
01-01 22:30:31.916   224   531 E FFPlayerHelper: isBDDirectory(): no BDMV
01-01 22:30:31.916   224   531 D RkMemConfig: RkMemConfig init
01-01 22:30:31.916   224   531 E RockFFPlayerBase: FFMPlayerBase:eDisplayIdMain
01-01 22:30:31.916   224   531 D FFPlayerHelper: MediaServer is SP_FOREGROUND, tid=531
01-01 22:30:31.916   224   531 D RkBitstreamManager: RkBitStreamHelper
01-01 22:30:31.916   224   531 D RkExtensionPlayer: RkExtensionPlayer in
01-01 22:30:31.916   224   531 E RkExtensionPlayer: createDirectory(), path = /tmp/rk_ext_subtitle/
01-01 22:30:31.916   224   531 E RkExtensionPlayer: createDirectory(), create directory = /tmp/rk_ext_subtitle/ fail,reason = No such file or directory
01-01 22:30:31.916   224   531 E RkExtensionPlayer: createDirectory(), path = /data/rk_ext_subtitle/
01-01 22:30:31.916   224   531 E RkExtensionPlayer: createDirectory(), create directory = /data/rk_ext_subtitle/ fail,reason = Permission denied
01-01 22:30:31.916   224   531 E RkExtensionPlayer: createDirectory(), path = /data/media/0/rk_ext_subtitle/
01-01 22:30:31.916   224   531 E RkExtensionPlayer: createDirectory(), create directory = /data/media/0/rk_ext_subtitle/ fail,reason = Permission denied
01-01 22:30:31.916   224   531 D RkExtensionPlayer: checkDirectoryAccess: Found no Temp Subtile Directory
01-01 22:30:31.986   224   531 E TraceThread: TraceThread::randomUID() --> [UID=7ebda33b]
01-01 22:30:31.986   224   531 E TraceThread:     RockFFPlayer(tid = 3001403696)--> [UID=7ebda33b] FFMPlayer Construction; object=0xb7282378
01-01 22:30:31.986   224   531 I RockFFPlayer: setDataSource in 0xb7282378
01-01 22:30:31.986   224   531 D RockFFPlayer: start:create thread
01-01 22:30:31.986   224  1259 E TraceThread:     VsyncReciver(tid = 2998147376)--> [UID=7ebda33b] VsyncReciver::startthread
01-01 22:30:31.987   224  1260 D RockFFPlayer: RkMessageQueue::run()
01-01 22:30:31.987   224   531 D RockFFPlayer: start:create thread ok,mThreadStatus=0
01-01 22:30:31.987   224   531 D RockFFPlayer: enter enqueueMessage
01-01 22:30:31.987   224   531 D RockFFPlayer: enqueueMessage:****1
01-01 22:30:31.987   224   531 D RockFFPlayer: enqueueMessage:****2
01-01 22:30:31.987   224   531 D RockFFPlayer: enqueueMessage:****3
01-01 22:30:31.987   224   531 D RockFFPlayer: enqueueMessage:Message 1,set signal
01-01 22:30:31.987   224   531 D RockFFPlayer: enqueueMessage:sync wait
01-01 22:30:31.987   224  1260 D RockFFPlayer: deliverMessage 
01-01 22:30:31.987   224  1260 D RockFFPlayer: run : dequeueMessage Message 20
01-01 22:30:31.987   224  1260 D RockFFPlayer: CMD_CURRENTSTATUS
01-01 22:30:31.987   224  1260 D RockFFPlayerBase: dumpStatus(): Initialized
01-01 22:30:31.987   224  1260 D RockFFPlayer: run : dequeueMessage Message 20 OK
01-01 22:30:31.987   224  1260 D RockFFPlayer: Messagecomplete type [20]
01-01 22:30:31.987   224  1260 D RockFFPlayer: run : Message 20 complete
01-01 22:30:31.987   224   531 D RockFFPlayer: enqueueMessage:sync wait ok
01-01 22:30:31.987   224   531 D RockFFPlayer: prepareAsync in
01-01 22:30:31.987   224   531 D RockFFPlayerBase: dumpStatus(): Initialized
01-01 22:30:31.987   224   531 D RockFFPlayerBase: dumpStatus(): Preparing
01-01 22:30:31.987   224  1262 I FFPlayer_Version: ******************************************
01-01 22:30:31.987   224  1262 I FFPlayer_Version: 
01-01 22:30:31.987   224  1262 I FFPlayer_Version: starting main player: v2.1 2019-03-14-11:37:59.9a7e7b0a.Zho
01-01 22:30:31.987   224  1262 I FFPlayer_Version: ffplayer running on: rk3288
01-01 22:30:31.987   224  1262 I FFPlayer_Version: 
01-01 22:30:31.987   224  1262 I FFPlayer_Version: ******************************************
01-01 22:30:31.987   224  1262 I RockFFPlayer: setDataSource(url =/system/media/audio/ui/camera_click.ogg)
01-01 22:30:31.987   224  1262 E RockFFPlayerBase: openContext : in
01-01 22:30:31.987   224  1262 E RockFFPlayer: ffmpeg version v2.1: git-2019-01-24-3629521
01-01 22:30:31.987   224   531 D RockFFPlayer: prepareAsync ok
01-01 22:30:31.987   224  1262 E RockFFPlayer: av_probe_input_buffer:avio_read
01-01 22:30:31.988   224  1262 I RockFFPlayer: flv_probe get probe score: 0
01-01 22:30:31.988   224  1262 E RockFFPlayer: Hery, probe size = 0
01-01 22:30:31.988   224  1262 E RockFFPlayer: avformat_open_input:read_header
01-01 22:30:31.988   224  1262 E RockFFPlayer: avformat_open_input:read_header ok
01-01 22:30:31.988   224  1262 D RkExtensionPlayer: openContext in
01-01 22:30:31.988   224  1262 D RkExtensionPlayer: ~RkExtensionPlayer in
01-01 22:30:31.988   224  1262 D RkExtensionPlayer: RkExtensionPlayer::closeExtendSubDecoder in
01-01 22:30:31.988   224  1262 E FFExtensionSource: ~FFExtensionSource in
01-01 22:30:31.988   224  1262 D RockFFPlayer: FFMediaSource context null. 
01-01 22:30:31.988   224  1262 E FFExtensionSource: ~FFExtensionSource out
01-01 22:30:31.988   224  1262 D RockFFPlayer: ~FFMediaSource
01-01 22:30:31.988   224  1262 D RockFFPlayer: FFMediaSource context null. 
01-01 22:30:31.988   224  1262 D RkExtensionPlayer: closeExtendSubDecoder out
01-01 22:30:31.988   224  1262 E RkExtensionPlayer: deleteAllFileInDirectory(), is not exist
01-01 22:30:31.988   224  1262 E RkExtensionPlayer: deleteAllFileInDirectory(),/tmp/rk_ext_subtitle/ is not exist
01-01 22:30:31.988   224  1262 E RkExtensionPlayer: deleteAllFileInDirectory(),/data/rk_ext_subtitle/ is not exist
01-01 22:30:31.988   224  1262 E RkExtensionPlayer: deleteAllFileInDirectory(),/data/media/0/rk_ext_subtitle/ is not exist
01-01 22:30:31.988   224  1262 E RockFFPlayerBase: Fail to open ExtendSubtitle Context
01-01 22:30:31.988   224  1262 E RockFFPlayerBase: openContext : out,ret = 0
01-01 22:30:31.988   224  1262 D RockFFPlayer: the source format name: ogg
01-01 22:30:31.988   224  1262 D RockFFPlayer: find av stream info in
01-01 22:30:31.989   571   625 D WifiService: New client listening to asynchronous messages
01-01 22:30:31.990   224  1262 E RockFFPlayer: All info may be found, format: ogg
01-01 22:30:31.990   224  1262 E RockFFPlayer: All info found, format: ogg
01-01 22:30:31.990   224  1262 E RockFFPlayer: read_size = 24
01-01 22:30:31.990   224  1262 E RockFFPlayer: update_stream_timings: st[-1222592344].duration = 20073
01-01 22:30:31.991   224  1262 E RockFFPlayer: update_stream_timings: st[-1222592344].duration = 20073
01-01 22:30:31.991   224  1262 E RockFFPlayer: estimate_timings:0: start_time: 0.000 duration: 0.020,base_time.den=48000,base_time.num=1
01-01 22:30:31.991   224  1262 E RockFFPlayer: stream: start_time: 0.000 duration: 0.418 bitrate=113 kb/s
01-01 22:30:31.991   224  1262 E RockFFPlayer: avformat_find_stream_info:find_stream_info_err:free info,ok
01-01 22:30:31.991   224  1262 D RockFFPlayer: find av stream info ok
01-01 22:30:31.991   224  1262 D RockFFPlayer: AudioStartTime=0,VideoStartTime=-1,tmpTime=-1
01-01 22:30:31.991   224  1262 E RockFFPlayer: Hery, s->duration = 418188.000000
01-01 22:30:31.991   224  1262 I RockFFPlayer: Input #0, ogg, from '/system/media/audio/ui/camera_click.ogg':
01-01 22:30:31.991   224  1262 I RockFFPlayer:   Duration: 
01-01 22:30:31.991   224  1262 I RockFFPlayer: 00:00:00.42
01-01 22:30:31.991   224  1262 I RockFFPlayer: , start: 
01-01 22:30:31.991   224  1262 I RockFFPlayer: 0.000000
01-01 22:30:31.991   224  1262 I RockFFPlayer: , bitrate: 
01-01 22:30:31.991   224  1262 I RockFFPlayer: 113 kb/s
01-01 22:30:31.991   224  1262 I RockFFPlayer: 
01-01 22:30:31.991   224  1262 I RockFFPlayer:     Stream #0:0
01-01 22:30:31.991   224  1262 I RockFFPlayer: : Audio: vorbis, 48000 Hz, mono, s16, 48 kb/s
01-01 22:30:31.991   224  1262 I RockFFPlayer: 
01-01 22:30:31.991   224  1262 I RockFFPlayer:     Metadata:
01-01 22:30:31.991   224  1262 I RockFFPlayer:       TITLE           : 
01-01 22:30:31.991   224  1262 I RockFFPlayer: Camera Shutter
01-01 22:30:31.991   224  1262 I RockFFPlayer: 
01-01 22:30:31.991   224  1262 I RockFFPlayer:       ARTIST          : 
01-01 22:30:31.991   224  1262 I RockFFPlayer: (c) 2012 Android Open Source Project
01-01 22:30:31.991   224  1262 I RockFFPlayer: 
01-01 22:30:31.991   224  1262 D RockFFPlayer: send do-prepare message in
01-01 22:30:31.991   224  1262 D RockFFPlayer: enter enqueueMessage
01-01 22:30:31.991   224  1262 D RockFFPlayer: enqueueMessage:****1
01-01 22:30:31.991   224  1262 D RockFFPlayer: enqueueMessage:****2
01-01 22:30:31.991   224  1262 D RockFFPlayer: enqueueMessage:****3
01-01 22:30:31.991   224  1262 D RockFFPlayer: enqueueMessage:Message 1,set signal
01-01 22:30:31.991   224  1262 D RockFFPlayer: enqueueMessage:sync wait
01-01 22:30:31.991   224  1260 D RockFFPlayer: deliverMessage 
01-01 22:30:31.991   224  1260 D RockFFPlayer: run : dequeueMessage Message 1
01-01 22:30:31.991   224  1260 D RockFFPlayer: CMD_PREPARE
01-01 22:30:31.991   224  1260 I RockFFPlayer: doPrepare in
01-01 22:30:31.991   224  1260 I RockFFPlayer: prepareVideo
01-01 22:30:31.991   224  1260 E RockFFPlayer: mVideoStreamIndex is -1
01-01 22:30:31.991   224  1260 I RockFFPlayer: prepareAudio
01-01 22:30:31.991   224  1260 E RockFFPlayer: audio stream codec_id = 86021
01-01 22:30:31.991   224  1260 D RockFFPlayerBase: open MediaDecoder.cfg failed,so can't config anything
01-01 22:30:31.991   224  1260 D RkBitstreamManager: isBypass: 
01-01 22:30:31.993   224  1260 D RockFFPlayer: initAudioPlayer
01-01 22:30:31.993   224  1260 D         : Audio Format: 
01-01 22:30:31.994   224  1260 D RkBitstreamManager: isBypass: 
01-01 22:30:31.994   224  1260 D RockFFPlayer: AudioPlayer getOutputMode : 0, SPDIF mode : -1
01-01 22:30:31.994   224  1260 D RockFFPlayerBase: setAudioOutputMode output_mode : 0
01-01 22:30:31.994   224  1260 D RockFFPlayerBase: set SPDIF output mode : -1
01-01 22:30:31.994   224  1260 D AudioPlayerApi: audio player mode in: 0
01-01 22:30:31.994   224  1260 D AudioPlayerApi: audio player mode out: 0
01-01 22:30:31.994   224  1260 D RkAudioPlayer: setPlaybackRate: mSpeed = 1.000000,mPitch = 1.000000
01-01 22:30:31.994   224  1260 D RockFFPlayer: initAudioPlayer out
01-01 22:30:31.994   224  1260 I RockFFPlayer: prepareSubtitle in
01-01 22:30:31.994   224  1260 E RockFFPlayer: hasSubtitle return fail
01-01 22:30:31.994   224  1260 D AudioDecoder: decodeaudio AudioOutputMode : 0, SPDIF_MODE : -1, PlayerMode : 0
01-01 22:30:31.994   224  1260 D AudioDecoder: mStream->codec->channels = 1  mStream->codec->sample_rate = 48000
01-01 22:30:31.994   224  1260 D AudioDecoder: mStream->codec->channels = 1  mStream->codec->sample_rate = 48000
01-01 22:30:31.994   224  1260 D RockFFPlayer: createAudioDecoder: create audio decoder ok
01-01 22:30:31.994   224  1260 E RockFFPlayer: createVideoDecoder: no video stream
01-01 22:30:31.994   224  1260 E RockFFPlayer: createSubtitleDecoder: no subtitle stream
01-01 22:30:31.995   224  1260 E TraceThread: TraceThread::dumpTrace() FileName:/mnt/sdcard/trace_thread.log
01-01 22:30:31.995   224  1260 D RockFFPlayerBase: dumpStatus(): Preapared
01-01 22:30:31.995   224  1260 D RockFFPlayer: Sync master clock type - 1
01-01 22:30:31.995   224  1260 I RockFFPlayer: doPrepareFinish ok
01-01 22:30:31.995   224  1260 D RockFFPlayer: run : dequeueMessage Message 1 OK
01-01 22:30:31.995   224  1260 D RockFFPlayer: Messagecomplete type [1]
01-01 22:30:31.995   224  1260 D RockFFPlayer: run : Message 1 complete
01-01 22:30:31.995   224  1262 D RockFFPlayer: enqueueMessage:sync wait ok
01-01 22:30:31.995   224  1262 D RockFFPlayer: send do-prepare message ok
01-01 22:30:31.995   224  1262 I RockFFPlayer: decodeMovie:getCurrentStatus() = 8
01-01 22:30:31.995   224   531 E MediaPlayerFactory: 2019 03 30 -------- getPlayerType()111111111111 return FF_PLAYER !!!! 
01-01 22:30:31.995   224   531 I MediaPlayerFactory:  createFFPlayer
01-01 22:30:31.995   224  1262 D FFPlayerHelper: MediaServer is SP_FOREGROUND, tid=1262
01-01 22:30:31.995   224   531 E FFPlayerHelper: isBDDirectory() ,path = /system/media/audio/ui/VideoRecord.ogg
01-01 22:30:31.995   224   531 E FFPlayerHelper: isBDDirectory(): no BDMV
01-01 22:30:31.995   224   531 D RkMemConfig: RkMemConfig init
01-01 22:30:31.995   224   531 E RockFFPlayerBase: FFMPlayerBase:eDisplayIdMain
01-01 22:30:31.995   224   531 D FFPlayerHelper: MediaServer is SP_FOREGROUND, tid=531
01-01 22:30:31.995   224   531 D RkBitstreamManager: RkBitStreamHelper
01-01 22:30:31.995   224   531 D RkExtensionPlayer: RkExtensionPlayer in
01-01 22:30:31.995   224   531 E RkExtensionPlayer: createDirectory(), path = /tmp/rk_ext_subtitle/
01-01 22:30:31.995   224   531 E RkExtensionPlayer: createDirectory(), create directory = /tmp/rk_ext_subtitle/ fail,reason = No such file or directory
01-01 22:30:31.995   224   531 E RkExtensionPlayer: createDirectory(), path = /data/rk_ext_subtitle/
01-01 22:30:31.995   224   531 E RkExtensionPlayer: createDirectory(), create directory = /data/rk_ext_subtitle/ fail,reason = Permission denied
01-01 22:30:31.995   224   531 E RkExtensionPlayer: createDirectory(), path = /data/media/0/rk_ext_subtitle/
01-01 22:30:31.995   224   531 E RkExtensionPlayer: createDirectory(), create directory = /data/media/0/rk_ext_subtitle/ fail,reason = Permission denied
01-01 22:30:31.995   224   531 D RkExtensionPlayer: checkDirectoryAccess: Found no Temp Subtile Directory
01-01 22:30:31.997   224   531 E TraceThread: TraceThread::randomUID() --> [UID=7ebda33b]
01-01 22:30:31.997   224  1264 E TraceThread:     VsyncReciver(tid = 2992941360)--> [UID=7ebda33b] VsyncReciver::startthread
01-01 22:30:31.997   224   531 E TraceThread:     RockFFPlayer(tid = 3001403696)--> [UID=7ebda33b] FFMPlayer Construction; object=0xb7236d28
01-01 22:30:31.997   224   531 I RockFFPlayer: setDataSource in 0xb7236d28
01-01 22:30:31.997   224   531 D RockFFPlayer: start:create thread
01-01 22:30:32.000   224  1265 D RockFFPlayer: RkMessageQueue::run()
01-01 22:30:32.000   224   531 D RockFFPlayer: start:create thread ok,mThreadStatus=0
01-01 22:30:32.000   224   531 D RockFFPlayer: enter enqueueMessage
01-01 22:30:32.000   224   531 D RockFFPlayer: enqueueMessage:****1
01-01 22:30:32.000   224   531 D RockFFPlayer: enqueueMessage:****2
01-01 22:30:32.000   224   531 D RockFFPlayer: enqueueMessage:****3
01-01 22:30:32.000   224   531 D RockFFPlayer: enqueueMessage:Message 1,set signal
01-01 22:30:32.000   224   531 D RockFFPlayer: enqueueMessage:sync wait
01-01 22:30:32.000   224  1265 D RockFFPlayer: deliverMessage 
01-01 22:30:32.000   224  1265 D RockFFPlayer: run : dequeueMessage Message 20
01-01 22:30:32.000   224  1265 D RockFFPlayer: CMD_CURRENTSTATUS
01-01 22:30:32.000   224  1265 D RockFFPlayerBase: dumpStatus(): Initialized
01-01 22:30:32.000   224  1265 D RockFFPlayer: run : dequeueMessage Message 20 OK
01-01 22:30:32.000   224  1265 D RockFFPlayer: Messagecomplete type [20]
01-01 22:30:32.000   224   531 D RockFFPlayer: enqueueMessage:sync wait ok
01-01 22:30:32.000   224   531 D RockFFPlayer: prepareAsync in
01-01 22:30:32.000   224   531 D RockFFPlayerBase: dumpStatus(): Initialized
01-01 22:30:32.000   224   531 D RockFFPlayerBase: dumpStatus(): Preparing
01-01 22:30:32.000   224  1265 D RockFFPlayer: run : Message 20 complete
01-01 22:30:32.000   224  1266 I FFPlayer_Version: ******************************************
01-01 22:30:32.000   224  1266 I FFPlayer_Version: 
01-01 22:30:32.000   224  1266 I FFPlayer_Version: starting main player: v2.1 2019-03-14-11:37:59.9a7e7b0a.Zho
01-01 22:30:32.000   224  1266 I FFPlayer_Version: ffplayer running on: rk3288
01-01 22:30:32.000   224  1266 I FFPlayer_Version: 
01-01 22:30:32.000   224  1266 I FFPlayer_Version: ******************************************
01-01 22:30:32.000   224  1266 I RockFFPlayer: setDataSource(url =/system/media/audio/ui/VideoRecord.ogg)
01-01 22:30:32.000   224   531 D RockFFPlayer: prepareAsync ok
01-01 22:30:32.000   224  1266 E RockFFPlayerBase: openContext : in
01-01 22:30:32.000   224  1266 E RockFFPlayer: ffmpeg version v2.1: git-2019-01-24-3629521
01-01 22:30:32.000   224  1266 E RockFFPlayer: av_probe_input_buffer:avio_read
01-01 22:30:32.001   224  1266 I RockFFPlayer: flv_probe get probe score: 0
01-01 22:30:32.001   224  1266 E RockFFPlayer: Hery, probe size = 0
01-01 22:30:32.001   224  1266 E RockFFPlayer: avformat_open_input:read_header
01-01 22:30:32.001   224  1266 E RockFFPlayer: avformat_open_input:read_header ok
01-01 22:30:32.001   224  1266 D RkExtensionPlayer: openContext in
01-01 22:30:32.001   224  1266 D RkExtensionPlayer: ~RkExtensionPlayer in
01-01 22:30:32.001   224  1266 D RkExtensionPlayer: RkExtensionPlayer::closeExtendSubDecoder in
01-01 22:30:32.001   224  1266 E FFExtensionSource: ~FFExtensionSource in
01-01 22:30:32.001   224  1266 D RockFFPlayer: FFMediaSource context null. 
01-01 22:30:32.001   224  1266 E FFExtensionSource: ~FFExtensionSource out
01-01 22:30:32.001   224  1266 D RockFFPlayer: ~FFMediaSource
01-01 22:30:32.001   224  1266 D RockFFPlayer: FFMediaSource context null. 
01-01 22:30:32.001   224  1266 D RkExtensionPlayer: closeExtendSubDecoder out
01-01 22:30:32.001   224  1266 E RkExtensionPlayer: deleteAllFileInDirectory(), is not exist
01-01 22:30:32.001   224  1266 E RkExtensionPlayer: deleteAllFileInDirectory(),/tmp/rk_ext_subtitle/ is not exist
01-01 22:30:32.001   224  1266 E RkExtensionPlayer: deleteAllFileInDirectory(),/data/rk_ext_subtitle/ is not exist
01-01 22:30:32.001   224  1266 E RkExtensionPlayer: deleteAllFileInDirectory(),/data/media/0/rk_ext_subtitle/ is not exist
01-01 22:30:32.001   224  1266 E RockFFPlayerBase: Fail to open ExtendSubtitle Context
01-01 22:30:32.001   224  1266 E RockFFPlayerBase: openContext : out,ret = 0
01-01 22:30:32.001   224  1266 D RockFFPlayer: the source format name: ogg
01-01 22:30:32.001   224  1266 D RockFFPlayer: find av stream info in
01-01 22:30:32.004   224  1266 E RockFFPlayer: All info may be found, format: ogg
01-01 22:30:32.004   224  1266 E RockFFPlayer: All info found, format: ogg
01-01 22:30:32.004   224  1266 E RockFFPlayer: read_size = 23
01-01 22:30:32.004   224  1266 E RockFFPlayer: update_stream_timings: st[-1222935056].duration = 26080
01-01 22:30:32.004   224  1266 E RockFFPlayer: update_stream_timings: st[-1222935056].duration = 26080
01-01 22:30:32.004   224  1266 E RockFFPlayer: estimate_timings:0: start_time: 0.000 duration: 0.026,base_time.den=48000,base_time.num=1
01-01 22:30:32.004   224  1266 E RockFFPlayer: stream: start_time: 0.000 duration: 0.543 bitrate=95 kb/s
01-01 22:30:32.004   224  1266 E RockFFPlayer: avformat_find_stream_info:find_stream_info_err:free info,ok
01-01 22:30:32.004   224  1266 D RockFFPlayer: find av stream info ok
01-01 22:30:32.004   224  1266 D RockFFPlayer: AudioStartTime=0,VideoStartTime=-1,tmpTime=-1
01-01 22:30:32.004   224  1266 E RockFFPlayer: Hery, s->duration = 543333.000000
01-01 22:30:32.004   224  1266 I RockFFPlayer: Input #0, ogg, from '/system/media/audio/ui/VideoRecord.ogg':
01-01 22:30:32.004   224  1266 I RockFFPlayer:   Duration: 
01-01 22:30:32.004   224  1266 I RockFFPlayer: 00:00:00.54
01-01 22:30:32.004   224  1266 I RockFFPlayer: , start: 
01-01 22:30:32.004   224  1266 I RockFFPlayer: 0.000000
01-01 22:30:32.004   224  1266 I RockFFPlayer: , bitrate: 
01-01 22:30:32.004   224  1266 I RockFFPlayer: 95 kb/s
01-01 22:30:32.004   224  1266 I RockFFPlayer: 
01-01 22:30:32.004   224  1266 I RockFFPlayer:     Stream #0:0
01-01 22:30:32.004   224  1266 I RockFFPlayer: : Audio: vorbis, 48000 Hz, mono, s16, 48 kb/s
01-01 22:30:32.004   224  1266 I RockFFPlayer: 
01-01 22:30:32.004   224  1266 I RockFFPlayer:     Metadata:
01-01 22:30:32.004   224  1266 I RockFFPlayer:       TITLE           : 
01-01 22:30:32.004   224  1266 I RockFFPlayer: Video Record
01-01 22:30:32.004   224  1266 I RockFFPlayer: 
01-01 22:30:32.004   224  1266 I RockFFPlayer:       ARTIST          : 
01-01 22:30:32.004   224  1266 I RockFFPlayer: (c) 2012 Android Open Source Project
01-01 22:30:32.004   224  1266 I RockFFPlayer: 
01-01 22:30:32.004   224  1266 D RockFFPlayer: send do-prepare message in
01-01 22:30:32.004   224  1266 D RockFFPlayer: enter enqueueMessage
01-01 22:30:32.004   224  1266 D RockFFPlayer: enqueueMessage:****1
01-01 22:30:32.004   224  1266 D RockFFPlayer: enqueueMessage:****2
01-01 22:30:32.004   224  1266 D RockFFPlayer: enqueueMessage:****3
01-01 22:30:32.004   224  1266 D RockFFPlayer: enqueueMessage:Message 1,set signal
01-01 22:30:32.004   224  1266 D RockFFPlayer: enqueueMessage:sync wait
01-01 22:30:32.004   224  1265 D RockFFPlayer: deliverMessage 
01-01 22:30:32.004   224  1265 D RockFFPlayer: run : dequeueMessage Message 1
01-01 22:30:32.004   224  1265 D RockFFPlayer: CMD_PREPARE
01-01 22:30:32.004   224  1265 I RockFFPlayer: doPrepare in
01-01 22:30:32.004   224  1265 I RockFFPlayer: prepareVideo
01-01 22:30:32.004   224  1265 E RockFFPlayer: mVideoStreamIndex is -1
01-01 22:30:32.004   224  1265 I RockFFPlayer: prepareAudio
01-01 22:30:32.004   224  1265 E RockFFPlayer: audio stream codec_id = 86021
01-01 22:30:32.004   224  1265 D RockFFPlayerBase: open MediaDecoder.cfg failed,so can't config anything
01-01 22:30:32.004   224  1265 D RkBitstreamManager: isBypass: 
01-01 22:30:32.006   224  1265 D RockFFPlayer: initAudioPlayer
01-01 22:30:32.007   224  1265 D         : Audio Format: 
01-01 22:30:32.007   224  1265 D RkBitstreamManager: isBypass: 
01-01 22:30:32.007   224  1265 D RockFFPlayer: AudioPlayer getOutputMode : 0, SPDIF mode : -1
01-01 22:30:32.007   224  1265 D RockFFPlayerBase: setAudioOutputMode output_mode : 0
01-01 22:30:32.007   224  1265 D RockFFPlayerBase: set SPDIF output mode : -1
01-01 22:30:32.007   224  1265 D AudioPlayerApi: audio player mode in: 0
01-01 22:30:32.007   224  1265 D AudioPlayerApi: audio player mode out: 0
01-01 22:30:32.007   224  1265 D RkAudioPlayer: setPlaybackRate: mSpeed = 1.000000,mPitch = 1.000000
01-01 22:30:32.007   224  1265 D RockFFPlayer: initAudioPlayer out
01-01 22:30:32.007   224  1265 I RockFFPlayer: prepareSubtitle in
01-01 22:30:32.007   224  1265 E RockFFPlayer: hasSubtitle return fail
01-01 22:30:32.007   224  1265 D AudioDecoder: decodeaudio AudioOutputMode : 0, SPDIF_MODE : -1, PlayerMode : 0
01-01 22:30:32.007   224  1265 D AudioDecoder: mStream->codec->channels = 1  mStream->codec->sample_rate = 48000
01-01 22:30:32.007   224  1265 D AudioDecoder: mStream->codec->channels = 1  mStream->codec->sample_rate = 48000
01-01 22:30:32.007   224  1265 D RockFFPlayer: createAudioDecoder: create audio decoder ok
01-01 22:30:32.007   224  1265 E RockFFPlayer: createVideoDecoder: no video stream
01-01 22:30:32.007   224  1265 E RockFFPlayer: createSubtitleDecoder: no subtitle stream
01-01 22:30:32.008   224  1265 E TraceThread: TraceThread::dumpTrace() FileName:/mnt/sdcard/trace_thread.log
01-01 22:30:32.008   224  1265 D RockFFPlayerBase: dumpStatus(): Preapared
01-01 22:30:32.008   224  1265 D RockFFPlayer: Sync master clock type - 1
01-01 22:30:32.008   224  1265 I RockFFPlayer: doPrepareFinish ok
01-01 22:30:32.008   224  1265 D RockFFPlayer: run : dequeueMessage Message 1 OK
01-01 22:30:32.008   224  1265 D RockFFPlayer: Messagecomplete type [1]
01-01 22:30:32.008   224  1265 D RockFFPlayer: run : Message 1 complete
01-01 22:30:32.008   224   531 E MediaPlayerFactory: 2019 03 30 -------- getPlayerType()111111111111 return FF_PLAYER !!!! 
01-01 22:30:32.008   224   531 I MediaPlayerFactory:  createFFPlayer
01-01 22:30:32.008   224  1266 D RockFFPlayer: enqueueMessage:sync wait ok
01-01 22:30:32.008   224  1266 D RockFFPlayer: send do-prepare message ok
01-01 22:30:32.008   224  1266 I RockFFPlayer: decodeMovie:getCurrentStatus() = 8
01-01 22:30:32.008   224  1266 D FFPlayerHelper: MediaServer is SP_FOREGROUND, tid=1266
01-01 22:30:32.008   224   531 E FFPlayerHelper: isBDDirectory() ,path = /system/media/audio/ui/VideoStop.ogg
01-01 22:30:32.008   224   531 E FFPlayerHelper: isBDDirectory(): no BDMV
01-01 22:30:32.008   224   531 D RkMemConfig: RkMemConfig init
01-01 22:30:32.008   224   531 E RockFFPlayerBase: FFMPlayerBase:eDisplayIdMain
01-01 22:30:32.008   224   531 D FFPlayerHelper: MediaServer is SP_FOREGROUND, tid=531
01-01 22:30:32.008   224   531 D RkBitstreamManager: RkBitStreamHelper
01-01 22:30:32.008   224   531 D RkExtensionPlayer: RkExtensionPlayer in
01-01 22:30:32.008   224   531 E RkExtensionPlayer: createDirectory(), path = /tmp/rk_ext_subtitle/
01-01 22:30:32.008   224   531 E RkExtensionPlayer: createDirectory(), create directory = /tmp/rk_ext_subtitle/ fail,reason = No such file or directory
01-01 22:30:32.008   224   531 E RkExtensionPlayer: createDirectory(), path = /data/rk_ext_subtitle/
01-01 22:30:32.008   224   531 E RkExtensionPlayer: createDirectory(), create directory = /data/rk_ext_subtitle/ fail,reason = Permission denied
01-01 22:30:32.008   224   531 E RkExtensionPlayer: createDirectory(), path = /data/media/0/rk_ext_subtitle/
01-01 22:30:32.008   224   531 E RkExtensionPlayer: createDirectory(), create directory = /data/media/0/rk_ext_subtitle/ fail,reason = Permission denied
01-01 22:30:32.008   224   531 D RkExtensionPlayer: checkDirectoryAccess: Found no Temp Subtile Directory
01-01 22:30:32.010   224   531 E TraceThread: TraceThread::randomUID() --> [UID=36a40b87]
01-01 22:30:32.010   224   531 E TraceThread:     RockFFPlayer(tid = 3001403696)--> [UID=36a40b87] FFMPlayer Construction; object=0xb7253fa8
01-01 22:30:32.010   224   531 I RockFFPlayer: setDataSource in 0xb7253fa8
01-01 22:30:32.010   224   531 D RockFFPlayer: start:create thread
01-01 22:30:32.010   224  1269 D RockFFPlayer: RkMessageQueue::run()
01-01 22:30:32.010   224   531 D RockFFPlayer: start:create thread ok,mThreadStatus=0
01-01 22:30:32.010   224   531 D RockFFPlayer: enter enqueueMessage
01-01 22:30:32.010   224   531 D RockFFPlayer: enqueueMessage:****1
01-01 22:30:32.010   224   531 D RockFFPlayer: enqueueMessage:****2
01-01 22:30:32.010   224   531 D RockFFPlayer: enqueueMessage:****3
01-01 22:30:32.010   224   531 D RockFFPlayer: enqueueMessage:Message 1,set signal
01-01 22:30:32.010   224   531 D RockFFPlayer: enqueueMessage:sync wait
01-01 22:30:32.010   224  1269 D RockFFPlayer: deliverMessage 
01-01 22:30:32.010   224  1269 D RockFFPlayer: run : dequeueMessage Message 20
01-01 22:30:32.010   224  1269 D RockFFPlayer: CMD_CURRENTSTATUS
01-01 22:30:32.010   224  1269 D RockFFPlayerBase: dumpStatus(): Initialized
01-01 22:30:32.010   224  1269 D RockFFPlayer: run : dequeueMessage Message 20 OK
01-01 22:30:32.010   224  1269 D RockFFPlayer: Messagecomplete type [20]
01-01 22:30:32.010   224  1269 D RockFFPlayer: run : Message 20 complete
01-01 22:30:32.010   224   531 D RockFFPlayer: enqueueMessage:sync wait ok
01-01 22:30:32.010   224   531 D RockFFPlayer: prepareAsync in
01-01 22:30:32.010   224   531 D RockFFPlayerBase: dumpStatus(): Initialized
01-01 22:30:32.010   224   531 D RockFFPlayerBase: dumpStatus(): Preparing
01-01 22:30:32.010   224  1270 I FFPlayer_Version: ******************************************
01-01 22:30:32.010   224  1270 I FFPlayer_Version: 
01-01 22:30:32.010   224  1270 I FFPlayer_Version: starting main player: v2.1 2019-03-14-11:37:59.9a7e7b0a.Zho
01-01 22:30:32.010   224  1270 I FFPlayer_Version: ffplayer running on: rk3288
01-01 22:30:32.010   224  1270 I FFPlayer_Version: 
01-01 22:30:32.010   224  1270 I FFPlayer_Version: ******************************************
01-01 22:30:32.010   224  1270 I RockFFPlayer: setDataSource(url =/system/media/audio/ui/VideoStop.ogg)
01-01 22:30:32.010   224  1270 E RockFFPlayerBase: openContext : in
01-01 22:30:32.010   224   531 D RockFFPlayer: prepareAsync ok
01-01 22:30:32.011   224  1270 E RockFFPlayer: ffmpeg version v2.1: git-2019-01-24-3629521
01-01 22:30:32.011   224  1270 E RockFFPlayer: init_input:avio_open2 failed
01-01 22:30:32.011   224  1270 E RockFFPlayer: init_input failed
01-01 22:30:32.011   224  1270 I RockFFPlayer: avformat_open_input return fail
01-01 22:30:32.011   224  1270 D RkExtensionPlayer: openContext in
01-01 22:30:32.011   224  1270 D RkExtensionPlayer: ~RkExtensionPlayer in
01-01 22:30:32.011   224  1270 D RkExtensionPlayer: RkExtensionPlayer::closeExtendSubDecoder in
01-01 22:30:32.011   224  1270 E FFExtensionSource: ~FFExtensionSource in
01-01 22:30:32.011   224  1270 D RockFFPlayer: FFMediaSource context null. 
01-01 22:30:32.011   224  1270 E FFExtensionSource: ~FFExtensionSource out
01-01 22:30:32.011   224  1270 D RockFFPlayer: ~FFMediaSource
01-01 22:30:32.011   224  1270 D RockFFPlayer: FFMediaSource context null. 
01-01 22:30:32.011   224  1270 D RkExtensionPlayer: closeExtendSubDecoder out
01-01 22:30:32.011   224  1270 E RkExtensionPlayer: deleteAllFileInDirectory(), is not exist
01-01 22:30:32.011   224  1270 E RkExtensionPlayer: deleteAllFileInDirectory(),/tmp/rk_ext_subtitle/ is not exist
01-01 22:30:32.011   224  1270 E RkExtensionPlayer: deleteAllFileInDirectory(),/data/rk_ext_subtitle/ is not exist
01-01 22:30:32.011   224  1270 E RkExtensionPlayer: deleteAllFileInDirectory(),/data/media/0/rk_ext_subtitle/ is not exist
01-01 22:30:32.011   224  1270 E RockFFPlayerBase: Fail to open ExtendSubtitle Context
01-01 22:30:32.011   224  1270 E RockFFPlayerBase: openContext : out,ret = -2
01-01 22:30:32.011   224  1270 D RockFFPlayer: retry open context, 2 
01-01 22:30:32.011   224  1270 E RockFFPlayerBase: openContext : in
01-01 22:30:32.011   224  1270 E RockFFPlayer: ffmpeg version v2.1: git-2019-01-24-3629521
01-01 22:30:32.011   224  1270 E RockFFPlayer: init_input:avio_open2 failed
01-01 22:30:32.011   224  1270 E RockFFPlayer: init_input failed
01-01 22:30:32.011   224  1270 I RockFFPlayer: avformat_open_input return fail
01-01 22:30:32.011   224  1270 E RockFFPlayerBase: openContext : out,ret = -2
01-01 22:30:32.011   224  1270 D RockFFPlayer: retry open context, 5 
01-01 22:30:32.011   224  1270 E RockFFPlayerBase: openContext : in
01-01 22:30:32.011   224  1270 E RockFFPlayer: ffmpeg version v2.1: git-2019-01-24-3629521
01-01 22:30:32.011   224  1270 E RockFFPlayer: init_input:avio_open2 failed
01-01 22:30:32.011   224  1270 E RockFFPlayer: init_input failed
01-01 22:30:32.011   224  1270 I RockFFPlayer: avformat_open_input return fail
01-01 22:30:32.011   224  1270 E RockFFPlayerBase: openContext : out,ret = -2
01-01 22:30:32.011   224  1270 D RockFFPlayer: retry open context, 8 
01-01 22:30:32.011   224  1270 E RockFFPlayerBase: openContext : in
01-01 22:30:32.012   224  1270 E RockFFPlayer: ffmpeg version v2.1: git-2019-01-24-3629521
01-01 22:30:32.012   224  1270 E RockFFPlayer: init_input:avio_open2 failed
01-01 22:30:32.012   224  1270 E RockFFPlayer: init_input failed
01-01 22:30:32.012   224  1270 I RockFFPlayer: avformat_open_input return fail
01-01 22:30:32.012   224  1270 E RockFFPlayerBase: openContext : out,ret = -2
01-01 22:30:32.012   224  1270 D RockFFPlayer: retry open context, 11 
01-01 22:30:32.012   224  1270 E RockFFPlayerBase: openContext : in
01-01 22:30:32.012   224  1270 E RockFFPlayer: ffmpeg version v2.1: git-2019-01-24-3629521
01-01 22:30:32.012   224  1270 E RockFFPlayer: init_input:avio_open2 failed
01-01 22:30:32.012   224  1270 E RockFFPlayer: init_input failed
01-01 22:30:32.012   224  1270 I RockFFPlayer: avformat_open_input return fail
01-01 22:30:32.012   224  1270 E RockFFPlayerBase: openContext : out,ret = -2
01-01 22:30:32.012   224  1270 D RockFFPlayer: retry open context, 14 
01-01 22:30:32.012   224  1268 E TraceThread:     VsyncReciver(tid = 2988763440)--> [UID=36a40b87] VsyncReciver::startthread
01-01 22:30:32.012   224  1270 E MediaPlayer: error (1, -2147483648)
01-01 22:30:32.012   224  1270 D RockFFPlayer: startPlayer(): prepareDataSource error
01-01 22:30:32.012   224  1270 D RockFFPlayerBase: dumpStatus(): Error status
01-01 22:30:32.012   224  1270 E MediaPlayer: error (1, -2147483648)
01-01 22:30:32.013   224   531 I CameraClient: Opening camera 1
01-01 22:30:32.013   224   531 D CameraHal: camera_get_camera_info(1312): camera_get_camera_info(1312): camera_1 facing(1), orientation(270)
01-01 22:30:32.013   224   531 I CameraHal: camera_device_open(500): camera_device open
01-01 22:30:32.013   224   531 D CameraHal: gCameraHalLogLevel: 0
01-01 22:30:32.013   224   531 D CameraHal: CameraHal(133): it is a isp  camera
01-01 22:30:32.013   224   531 D CameraHal: Calling process is: /system/bin/mediaserver
01-01 22:30:32.013   224   531 I vpu_mem_pool: pid 224, open_vpu_memory_pool:473: success
01-01 22:30:32.014   224  1272 I vpu_mem_pool: pid 224, vpu_mem_allocator:717: vpu memory pool size (80000)
01-01 22:30:32.014   224  1272 I vpu_mem_pool: pid 224, vpu_mem_allocator:720: ion_alloc_fd success, memory fd 38
01-01 22:30:32.014   224  1272 I vpu_mem_pool: pid 224, vpu_mem_allocator:717: vpu memory pool size (160000)
01-01 22:30:32.014   224  1272 I vpu_mem_pool: pid 224, vpu_mem_allocator:720: ion_alloc_fd success, memory fd 39
01-01 22:30:32.014   224   531 E CameraHal_Marvin: HAL-MOCKUP: Open (/dev/camsys_marvin1) failed, error=(No such file or directory),try to open /dev/camsys_marvin 
01-01 22:30:32.014   224  1272 I vpu_mem_pool: pid 224, vpu_mem_allocator:717: vpu memory pool size (240000)
01-01 22:30:32.014   224  1272 I vpu_mem_pool: pid 224, vpu_mem_allocator:720: ion_alloc_fd success, memory fd 41
01-01 22:30:32.014   224  1272 I vpu_mem_pool: pid 224, vpu_mem_allocator:717: vpu memory pool size (320000)
01-01 22:30:32.014   224  1272 I vpu_mem_pool: pid 224, vpu_mem_allocator:720: ion_alloc_fd success, memory fd 43
01-01 22:30:32.014   224  1272 I vpu_mem_pool: pid 224, vpu_mem_allocator:717: vpu memory pool size (400000)
01-01 22:30:32.014   224  1272 I vpu_mem_pool: pid 224, vpu_mem_allocator:720: ion_alloc_fd success, memory fd 44
01-01 22:30:32.014   224  1272 I vpu_mem_pool: pid 224, vpu_mem_allocator:717: vpu memory pool size (480000)
01-01 22:30:32.014   224  1272 I vpu_mem_pool: pid 224, vpu_mem_allocator:720: ion_alloc_fd success, memory fd 45
01-01 22:30:32.014   224  1272 I vpu_mem_pool: pid 224, vpu_mem_allocator:717: vpu memory pool size (560000)
01-01 22:30:32.014   224  1272 I vpu_mem_pool: pid 224, vpu_mem_allocator:720: ion_alloc_fd success, memory fd 46
01-01 22:30:32.014   224  1272 I vpu_mem_pool: pid 224, vpu_mem_allocator:717: vpu memory pool size (640000)
01-01 22:30:32.014   224  1272 I vpu_mem_pool: pid 224, vpu_mem_allocator:720: ion_alloc_fd success, memory fd 47
01-01 22:30:32.014   224  1272 I vpu_mem_pool: pid 224, vpu_mem_allocator:717: vpu memory pool size (720000)
01-01 22:30:32.014   224  1272 I vpu_mem_pool: pid 224, vpu_mem_allocator:720: ion_alloc_fd success, memory fd 48
01-01 22:30:32.014   224  1272 I vpu_mem_pool: pid 224, vpu_mem_allocator:717: vpu memory pool size (800000)
01-01 22:30:32.015   224  1272 I vpu_mem_pool: pid 224, vpu_mem_allocator:720: ion_alloc_fd success, memory fd 49
01-01 22:30:32.017   224   531 E CameraHal_Marvin: CAMERIC_ISP_FLT_DRV: CamerIcIspFltSetFilterParameter: 444 (exit)
01-01 22:30:32.020   224   531 E CameraHal: disconnectCamera(1779): getFocusLimits failed!
01-01 22:30:32.024  1242  1242 W System  : ClassLoader referenced unknown path: /system/priv-app/DownloadProvider/lib/arm
01-01 22:30:32.028  1242  1242 W System  : ClassLoader referenced unknown path: /system/priv-app/MediaProvider/lib/arm
01-01 22:30:32.037  1002  1255 D NativeLibraryUtils: Install completed successfully. count=12 extracted=0
01-01 22:30:32.094   700   700 D SensorManager: aidl getSensorManager:android.hardware.ISensorManager$Stub$Proxy@58dcb2
01-01 22:30:32.107  1002  1002 D ChimeraCfgMgr: Reading stored module config
01-01 22:30:32.274   224   531 E CameraHal_Marvin: IMX214: Sensor_IsiCheckSensorConnectionIss RevId = 0x00000000, value = 0x00000000 
01-01 22:30:32.275   224   531 D CameraHal_Marvin: 
01-01 22:30:32.275   224   531 D CameraHal_Marvin: 
01-01 22:30:32.275   224   531 D CameraHal_Marvin: 
01-01 22:30:32.275   224   531 D CameraHal_Marvin: CameraHal Version Check:
01-01 22:30:32.275   224   531 D CameraHal_Marvin:     CamSys_Head.h version: 
01-01 22:30:32.275   224   531 D CameraHal_Marvin:        kernel: (0x) v0.b.0
01-01 22:30:32.275   224   531 D CameraHal_Marvin:        libisp_siliconimage_isp.so: (0x) v0.b.0
01-01 22:30:32.275   224   531 D CameraHal_Marvin:     LibIsp version: 
01-01 22:30:32.275   224   531 D CameraHal_Marvin:        local: (0x) v1.36.0
01-01 22:30:32.275   224   531 D CameraHal_Marvin:        camera.rk30board.so: (0x) v1.36.0
01-01 22:30:32.275   224   531 D CameraHal_Marvin:     Sensor ISI version: 
01-01 22:30:32.275   224   531 D CameraHal_Marvin:         libisp_isi_drv_XXX: (0x) v0.c.0
01-01 22:30:32.275   224   531 D CameraHal_Marvin:         libisp_siliconimage_isp.so: (0x) v0.c.0
01-01 22:30:32.275   224   531 D CameraHal_Marvin:     Tunning XML version:
01-01 22:30:32.275   224   531 D CameraHal_Marvin:         libisp_isi_drv_XXX: (09-Jun-2015_ZYL-OYYF_IMX214_50013A7_v0.1.0)
01-01 22:30:32.275   224   531 D CameraHal_Marvin:         Calibdb: (06-Jun-2018_OYYF_IMX214_guangjiao_v0.1.0)
01-01 22:30:32.275   224   531 D CameraHal_Marvin:     sensor name IMX214: 
01-01 22:30:32.275   224   531 D CameraHal_Marvin:        sensor drv version: (0x) v0.6.0
01-01 22:30:32.275   224   531 D CameraHal_Marvin: 
01-01 22:30:32.275   224   531 D CameraHal_Marvin: 
01-01 22:30:32.275   224   531 D CameraHal_Marvin: 
01-01 22:30:32.275   224   531 E CameraHal_Marvin: CAM_API_CAMENGINE: Request 640x480, Exp(>= 0.000000), Fps(>= 15fps) 
01-01 22:30:32.275   224   531 E CameraHal_Marvin: CAM_API_CAMENGINE: getPreferedSensorRes is 2104x1560@25fps
01-01 22:30:32.275   224   531 D CameraHal: setupPreview(260): isp out put format is YUV420SP.
01-01 22:30:32.275   224   531 D CameraHal: setupPreview(272): Sensor output: 2104x1560 --(0,0,2104,1560)--> User request: 640x480
01-01 22:30:32.276   224   531 E CameraHal_Marvin: IMX214: Sensor_IsiCheckSensorConnectionIss RevId = 0x00000000, value = 0x00000000 
01-01 22:30:32.276   224   531 E CameraHal_Marvin: IMX214: Sensor_IsiSetupSensorIss (enter)
01-01 22:30:32.346  1031  1031 D RKUpdateReceiver: action = android.intent.action.MEDIA_MOUNTED
01-01 22:30:32.357   571  1204 I ActivityManager: Start proc 1296:com.android.settings/1000 for broadcast com.android.settings/.sim.SimSelectNotification
01-01 22:30:32.421   925   940 I ContactDirectoryManager: Discovered 0 contact directories in 1170ms
01-01 22:30:32.512   224   531 E CameraHal_Marvin: IMX214: Sensor_IsiSetupSensorIss: (exit)
01-01 22:30:32.515   224   531 E CameraHal_Marvin: HAL-MOCKUP: PHY ADDR (0x10000000),iommu addr (0x10000000)
01-01 22:30:32.518   224   531 E CameraHal_Marvin: HAL-MOCKUP: PHY ADDR (0x112ca000),iommu addr (0x112ca000)
01-01 22:30:32.520   224   531 E CameraHal_Marvin: HAL-MOCKUP: PHY ADDR (0x12594000),iommu addr (0x12594000)
01-01 22:30:32.524   224   531 E CameraHal_Marvin: HAL-MOCKUP: PHY ADDR (0x1385e000),iommu addr (0x1385e000)
01-01 22:30:32.524   224   531 E CameraHal_Marvin: IMX214: Sensor_IsiGetAfpsInfoHelperIss: (-----------oyyf enter) pAfpsInfo->AecMaxIntTime(0.000000) pSensorCtx->AecMaxIntegrationTime(0.039981)
01-01 22:30:32.534   224   531 E CameraHal_Marvin: IMX214: Sensor_IsiGetAfpsInfoHelperIss: (-----------oyyf exit) pAfpsInfo->AecMaxIntTime(0.033303) pSensorCtx->AecMaxIntegrationTime(0.033303)
01-01 22:30:32.534   224   531 E CameraHal_Marvin: IMX214: Sensor_IsiGetAfpsInfoHelperIss: (-----------oyyf enter) pAfpsInfo->AecMaxIntTime(0.033303) pSensorCtx->AecMaxIntegrationTime(0.033303)
01-01 22:30:32.540  1296  1296 W System  : ClassLoader referenced unknown path: /system/priv-app/Settings/lib/arm
01-01 22:30:32.544   224   531 E CameraHal_Marvin: IMX214: Sensor_IsiGetAfpsInfoHelperIss: (-----------oyyf exit) pAfpsInfo->AecMaxIntTime(0.039981) pSensorCtx->AecMaxIntegrationTime(0.039981)
01-01 22:30:32.544   224   531 E CameraHal_Marvin: IMX214: Sensor_IsiGetAfpsInfoHelperIss: (-----------oyyf enter) pAfpsInfo->AecMaxIntTime(0.039981) pSensorCtx->AecMaxIntegrationTime(0.039981)
01-01 22:30:32.554   224   531 E CameraHal_Marvin: IMX214: Sensor_IsiGetAfpsInfoHelperIss: (-----------oyyf exit) pAfpsInfo->AecMaxIntTime(0.049997) pSensorCtx->AecMaxIntegrationTime(0.049997)
01-01 22:30:32.554   224   531 E CameraHal_Marvin: IMX214: Sensor_IsiGetAfpsInfoHelperIss: (-----------oyyf enter) pAfpsInfo->AecMaxIntTime(0.049997) pSensorCtx->AecMaxIntegrationTime(0.049997)
01-01 22:30:32.565   224   531 E CameraHal_Marvin: IMX214: Sensor_IsiGetAfpsInfoHelperIss: (-----------oyyf exit) pAfpsInfo->AecMaxIntTime(0.066690) pSensorCtx->AecMaxIntegrationTime(0.066690)
01-01 22:30:32.565   224   531 E CameraHal_Marvin: IMX214: Sensor_IsiGetAfpsInfoHelperIss: (-----------oyyf enter) pAfpsInfo->AecMaxIntTime(0.066690) pSensorCtx->AecMaxIntegrationTime(0.066690)
01-01 22:30:32.575   224   531 E CameraHal_Marvin: IMX214: Sensor_IsiGetAfpsInfoHelperIss: (-----------oyyf exit) pAfpsInfo->AecMaxIntTime(0.100077) pSensorCtx->AecMaxIntegrationTime(0.100077)
01-01 22:30:32.576   224   531 E CameraHal_Marvin: CAMERIC_ISP_FLT_DRV: CamerIcIspFltSetFilterParameterRegValue: 333 (exit) oyyf s=6 d=3 sh0=28 sh1=20 min=22
01-01 22:30:32.576   224   531 E CameraHal_Marvin: ADPF: AdpfApplyConfiguration:111 filterenable(1.000000) gain(1.000000) denoise 3, sharp 6 frame_cnt:0
01-01 22:30:32.577   224   531 E CameraHal_Marvin: IMX214: Sensor_IsiMdiFocusGet: dw9714 value = 0x00 0x00
01-01 22:30:32.577   224   531 E CameraHal_Marvin: CAMERIC_ISP_FLT_DRV: CamerIcIspFltSetFilterParameter: 444 (exit)
01-01 22:30:32.579   224   531 E CameraHal_Marvin: IMX214: Sensor_IsiCheckSensorConnectionIss RevId = 0x00000000, value = 0x00000000 
01-01 22:30:32.581   224   531 E CameraHal_Marvin: IMX214: Sensor_IsiMdiFocusGet: dw9714 value = 0x00 0x00
01-01 22:30:32.581   224   531 D CameraHal: initDefaultParameters(1224): Support Preview format: yuv420sp,yuv420p    yuv420sp(default)
01-01 22:30:32.581   224   531 D CameraHal: initDefaultParameters(1226): Support Preview sizes: 176x144,320x240,352x288,640x480,720x480,800x600,1600x1200,2048x1536,4208x3120,1280x720,1920x1080,2104x1560,2064x1548    2104x1560(default)    0x0(force)
01-01 22:30:32.581   224   531 D CameraHal: initDefaultParameters(1227): Support Preview FPS range: (3000,30000),(30000,30000)
01-01 22:30:32.581   224   531 D CameraHal: initDefaultParameters(1228): Support Preview framerate: 10,15,30
01-01 22:30:32.581   224   531 D CameraHal: initDefaultParameters(1229): Support Picture sizes: 4208x3120,4128x3096,3264x2448,2592x1944,1600x1200,640x480,352x288,320x240,176x144    4208x3120(default)
01-01 22:30:32.581   224   531 D CameraHal: initDefaultParameters(1230): Support Focus: fixed  Focus zone: 0
01-01 22:30:32.581   224   531 D CameraHal: initDefaultParameters(1233): Support AWB: auto,incandescent,fluorescent,daylight 
01-01 22:30:32.581   224   531 D CameraHal: initDefaultParameters(1234): Support FOV test h(60.000000) v(60.000000)
01-01 22:30:32.581   224   531 D CameraHal: Calling process is: /system/bin/mediaserver
01-01 22:30:32.582   224  1330 D CameraHal: commandThread(1011): commandThread(1011): receive CMD_PREVIEW_CAPTURE_CANCEL
01-01 22:30:32.582   224  1330 D CameraHal: commandThread(1019): commandThread(1019): CMD_PREVIEW_CAPTURE_CANCEL out
01-01 22:30:32.582   224   531 D CameraHal: cancelPicture(588): cancel picture OK.
01-01 22:30:32.582   224  1330 D CameraHal: commandThread(939): commandThread(939):receive CMD_PREVIEW_STOP
01-01 22:30:32.582   224  1330 D CameraHal: commandThread(960): commandThread(960): CMD_PREVIEW_STOP out
01-01 22:30:32.582   224   531 D CameraHal: stopPreview(389): stop preview OK.
01-01 22:30:32.582   224  1330 D CameraHal: commandThread(1011): commandThread(1011): receive CMD_PREVIEW_CAPTURE_CANCEL
01-01 22:30:32.582   224  1330 D CameraHal: commandThread(1019): commandThread(1019): CMD_PREVIEW_CAPTURE_CANCEL out
01-01 22:30:32.582   224   531 D CameraHal: cancelPicture(588): cancel picture OK.
01-01 22:30:32.582   224   531 I CameraFlashlight: Destroying camera 1
01-01 22:30:32.582   224   531 D CameraHal: camera_device_close(451): camera_device_close
01-01 22:30:32.582   224  1271 D CameraHal: displayThread(622): displayThread(622): receive CMD_DISPLAY_STOP
01-01 22:30:32.582   224  1271 D CameraHal: cameraDisplayBufferDestory(399): cameraDisplayBufferDestory(399): mANativeWindow is NULL, destory is ignore
01-01 22:30:32.582   224  1274 D CameraHal: encProcessThread(1658): encProcessThread(1658): receive CMD_ENCPROCESS_EXIT
01-01 22:30:32.583   224   531 I vpu_mem_pool: pid 224, close_vpu_memory_pool:501: vpu memory pool size (720000)
