--------- beginning of system
01-01 22:30:27.305   571   571 I SystemServiceManager: Starting com.android.server.GestureLauncherService
01-01 22:30:27.305   571   571 I SystemServer: DiskStats Service
01-01 22:30:27.306   571   571 I SystemServer: SamplingProfiler Service
01-01 22:30:27.320   571   571 I SystemServer: NetworkTimeUpdateService
01-01 22:30:27.321   571   571 I SystemServer: CommonTimeManagementService
01-01 22:30:27.322   571   571 I SystemServer: CertBlacklister
01-01 22:30:27.323   571   571 I SystemServiceManager: Starting com.android.server.dreams.DreamManagerService
01-01 22:30:27.324   571   571 I SystemServer: Assets Atlas Service
01-01 22:30:27.327   571   571 I SystemServiceManager: Starting com.android.server.print.PrintManagerService
01-01 22:30:27.329   571   571 I SystemServiceManager: Starting com.android.server.restrictions.RestrictionsManagerService
01-01 22:30:27.330   571   571 I SystemServiceManager: Starting com.android.server.media.MediaSessionService
01-01 22:30:27.333   571   571 I SystemServer: Media Router Service
01-01 22:30:27.335   571   571 I SystemServer: DisplayDeviceManagementService Service
01-01 22:30:27.336   571   571 D DisplayDeviceManagementService: DisplayDeviceManagementService start
01-01 22:30:27.336   571   571 I SystemServiceManager: Starting com.android.server.trust.TrustManagerService
01-01 22:30:27.338   571   571 I SystemServiceManager: Starting com.android.server.fingerprint.FingerprintService
01-01 22:30:27.343   571   571 W FingerprintService: fingerprint service not available
01-01 22:30:27.343   571   571 V FingerprintService: Fingerprint HAL id: 0
01-01 22:30:27.343   571   571 I SystemServer: BackgroundDexOptService
01-01 22:30:27.345   571   571 I SystemServiceManager: Starting com.android.server.pm.LauncherAppsService
01-01 22:30:27.348   571   571 I SystemServiceManager: Starting com.android.server.media.projection.MediaProjectionManagerService
01-01 22:30:27.353   571   571 I SystemServer: begin detectSafeMode
01-01 22:30:27.353   571   571 W WindowManager: safemode detected disabled by config
01-01 22:30:27.353   571   571 I SystemServer: end detectSafeMode
01-01 22:30:27.353   571   571 I SystemServiceManager: Starting com.android.server.MmsServiceBroker
01-01 22:30:27.356   571   571 I SystemServer: vibrator.systemReady
01-01 22:30:27.358   571   571 I SystemServer: lockSettings.systemReady
01-01 22:30:27.381   571   571 E LockSettingsStorage: Cannot read file java.io.FileNotFoundException: /data/system/gatekeeper.password.key: open failed: ENOENT (No such file or directory)
01-01 22:30:27.381   571   571 E LockSettingsStorage: Cannot read file java.io.FileNotFoundException: /data/system/password.key: open failed: ENOENT (No such file or directory)
01-01 22:30:27.381   571   571 E LockSettingsStorage: Cannot read file java.io.FileNotFoundException: /data/system/gatekeeper.pattern.key: open failed: ENOENT (No such file or directory)
01-01 22:30:27.381   571   571 E LockSettingsStorage: Cannot read file java.io.FileNotFoundException: /data/system/gatekeeper.gesture.key: open failed: ENOENT (No such file or directory)
01-01 22:30:27.382   571   571 E LockSettingsStorage: Cannot read file java.io.FileNotFoundException: /data/system/gesture.key: open failed: ENOENT (No such file or directory)
01-01 22:30:27.382   571   571 I SystemServer: PHASE_LOCK_SETTINGS_READY
01-01 22:30:27.382   571   571 I SystemServiceManager: Starting phase 480
01-01 22:30:27.385   571   571 I SystemServer: PHASE_SYSTEM_SERVICES_READY
01-01 22:30:27.385   571   571 I SystemServiceManager: Starting phase 500
01-01 22:30:27.389   571   571 I WifiService: WifiService starting up with Wi-Fi enabled
01-01 22:30:27.390   571   571 D WifiService: setWifiEnabled: true pid=571, uid=1000
01-01 22:30:27.390   571   571 E WifiService: Invoking mWifiStateMachine.setWifiEnabled
01-01 22:30:27.395   571   625 D WifiService: New client listening to asynchronous messages
01-01 22:30:27.404   571   626 D ConnectivityService: Got NetworkFactory Messenger for Ethernet
01-01 22:30:27.410   571   571 V BackupManagerService: No ancestral data
01-01 22:30:27.443   571   571 V KeyValueBackupJob: Scheduling k/v pass in 242 minutes
01-01 22:30:27.473   571   571 V BackupManagerService: Starting with transport android/com.android.internal.backup.LocalTransport
01-01 22:30:27.473   571   571 V BackupManagerService: Found transports: 2
01-01 22:30:27.474   571   571 W BackupManagerService: Proposed transport ComponentInfo{android/com.android.internal.backup.LocalTransportService} not whitelisted; ignoring
01-01 22:30:27.474   571   571 W BackupManagerService: Proposed transport ComponentInfo{com.google.android.gms/com.google.android.gms.backup.BackupTransportService} not whitelisted; ignoring
01-01 22:30:27.475   571   571 I BackupManagerService: Found stale backup journal, scheduling
01-01 22:30:27.483   571   571 I SystemServer: wm.systemReady
01-01 22:30:27.488   571   571 V WindowManager: No app is requesting an orientation, return -1
01-01 22:30:27.497   571   571 I SystemServer: mPowerManagerService.systemReady
01-01 22:30:27.502   571   571 I SystemServer: mPackageManagerService.systemReady
01-01 22:30:27.503   571   571 I SystemServer: mDisplayManagerService.systemReady
01-01 22:30:27.507   571   594 W KeyguardServiceDelegate: onScreenTurningOn(): no keyguard service!
01-01 22:30:27.519   571   571 D ActivityManager: OK, system ready!
01-01 22:30:27.519   571   571 I ActivityManager: System now ready
01-01 22:30:27.521   571   587 I SystemServer: Making services ready
01-01 22:30:27.522   571   587 I SystemServiceManager: Starting phase 550
01-01 22:30:27.523   571   571 D MountService: onStartUser 0
01-01 22:30:27.523   571   571 D VoldConnector: SND -> {2 volume user_started 0}
01-01 22:30:27.523   571   618 D VoldConnector: RCV <- {200 2 Command succeeded}
01-01 22:30:27.523   571   617 D MountService: Thinking about reset, mSystemReady=true, mDaemonConnected=true
01-01 22:30:27.524   571   571 W VoiceInteractionManagerService: no available voice interaction services found for user 0
01-01 22:30:27.524   571   571 W VoiceInteractionManagerService: no available voice interaction services found for user 0
01-01 22:30:27.524   571   571 W VoiceInteractionManagerService: no available voice recognition services found for user 0
01-01 22:30:27.524   571   617 D VoldConnector: SND -> {3 volume reset}
01-01 22:30:27.524   571   587 D UsbAlsaManager: Adding ALSA device AlsaDevice: [card: 0, device: 0, type: 1]
01-01 22:30:27.524   571   618 D VoldConnector: RCV <- {651 emulated 7}
01-01 22:30:27.524   571   587 D UsbAlsaManager: Adding ALSA device AlsaDevice: [card: 0, device: 0, type: 2]
01-01 22:30:27.524   571   618 D VoldConnector: RCV <- {659 emulated}
01-01 22:30:27.524   571   618 D VoldConnector: RCV <- {650 emulated 2 "" ""}
01-01 22:30:27.524   571   618 D VoldConnector: RCV <- {651 emulated 0}
01-01 22:30:27.524   571   618 D VoldConnector: RCV <- {200 3 Command succeeded}
01-01 22:30:27.525   571   617 D VoldConnector: SND -> {4 volume user_added 0 0}
01-01 22:30:27.525   571   618 D VoldConnector: RCV <- {200 4 Command succeeded}
01-01 22:30:27.526   571   617 D VoldConnector: SND -> {5 volume user_started 0}
01-01 22:30:27.526   571   618 D VoldConnector: RCV <- {200 5 Command succeeded}
01-01 22:30:27.527   571   589 V MountService: Found primary storage at VolumeInfo{emulated}:
01-01 22:30:27.527   571   589 V MountService:     type=EMULATED diskId=null partGuid=null mountFlags=0 mountUserId=-1 
01-01 22:30:27.527   571   589 V MountService:     state=UNMOUNTED 
01-01 22:30:27.527   571   589 V MountService:     fsType=null fsUuid=null fsLabel=null 
01-01 22:30:27.527   571   589 V MountService:     path=null internalPath=null 
01-01 22:30:27.527   571   617 D VoldConnector: SND -> {6 volume mount emulated 3 -1}
01-01 22:30:27.528   571   587 I SystemServer: WebViewFactory preparation
01-01 22:30:27.529   191   206 V vold    : Waiting for FUSE to spin up...
01-01 22:30:27.529   571   618 D VoldConnector: RCV <- {651 emulated 1}
01-01 22:30:27.530   571   618 D VoldConnector: RCV <- {656 emulated /data/media}
01-01 22:30:27.530   571   618 D VoldConnector: RCV <- {655 emulated /storage/emulated}
01-01 22:30:27.546   571   571 I ActivityManager: Start proc 659:com.cghs.stresstest/1000 for added application com.cghs.stresstest
01-01 22:30:27.557   571   571 I ActivityManager: Start proc 672:com.android.phone/1001 for added application com.android.phone
01-01 22:30:27.568   571   571 I ActivityManager: Start proc 688:com.android.systemui/u0a14 for added application com.android.systemui
01-01 22:30:27.569   571   571 I ActivityManager: START u0 {act=android.intent.action.MAIN cat=[android.intent.category.HOME] flg=0x10000000 cmp=com.roboteam.teamy.usa/com.roboteam.teamy.home.HomeActivity} from uid 0 on display 0
01-01 22:30:27.579   571   618 D VoldConnector: RCV <- {651 emulated 2}
01-01 22:30:27.579   191   206 D vold    : Linking /storage/emulated/0 to /mnt/user/0/primary
01-01 22:30:27.580   571   618 D VoldConnector: RCV <- {200 6 Command succeeded}
01-01 22:30:27.592   571   571 I ActivityManager: Start proc 703:com.roboteam.teamy.usa/1000 for activity com.roboteam.teamy.usa/com.roboteam.teamy.home.HomeActivity
01-01 22:30:27.595   571   571 I SystemServer: Enabled StrictMode for system server main thread.
01-01 22:30:27.637   571   586 I ActivityManager: Start proc 717:com.android.printspooler/u0a37 for service com.android.printspooler/.model.PrintSpoolerService
01-01 22:30:27.648   571   587 I ActivityManager: Start proc 732:WebViewLoader-armeabi-v7a/1037 [android.webkit.WebViewFactory$RelroFileCreator] for 
01-01 22:30:27.656   571   701 I WindowManager: Set freezing of Token{2850cc4 ActivityRecord{f519bd7 u0 com.roboteam.teamy.usa/com.roboteam.teamy.home.HomeActivity t211}}: hidden=true freezing=false
01-01 22:30:27.656   571   701 V WindowManager: setAppVisibility(Token{2850cc4 ActivityRecord{f519bd7 u0 com.roboteam.teamy.usa/com.roboteam.teamy.home.HomeActivity t211}}, visible=true): mNextAppTransition=TRANSIT_TASK_OPEN hidden=true hiddenRequested=true Callers=com.android.server.am.ActivityStackSupervisor.realStartActivityLocked:1185 com.android.server.am.ActivityStackSupervisor.attachApplicationLocked:625 com.android.server.am.ActivityManagerService.attachApplicationLocked:6504 com.android.server.am.ActivityManagerService.attachApplication:6567 android.app.ActivityManagerNative.onTransact:507 com.android.server.am.ActivityManagerService.onTransact:2687 
01-01 22:30:27.657   571   701 V WindowManager: No one is requesting an orientation when the screen is locked
01-01 22:30:27.657   571   701 V WindowManager: Deferring rotation, display is not enabled.
01-01 22:30:27.660   571   701 V WindowManager: No one is requesting an orientation when the screen is locked
01-01 22:30:27.664   571   587 D NetworkManagement: enabling bandwidth control
01-01 22:30:27.665   571   617 D MountService: Volume emulated broadcasting checking to UserHandle{0}
01-01 22:30:27.666   571   617 D MountService: Volume emulated broadcasting mounted to UserHandle{0}
01-01 22:30:28.227   571   571 I WindowStateAnimator: createSurface WindowStateAnimator{787db31 KeyguardScrim}: mDrawState=DRAW_PENDING
01-01 22:30:28.227   571   571 V WindowManager: Changing surface while display frozen: Window{869f9a0 u0 KeyguardScrim}
01-01 22:30:28.227   571   571 D WindowStateAnimator: rk_debug2 KeyguardScrim_Force_To_Dual
01-01 22:30:28.229   571   571 V WindowManager: Window{869f9a0 u0 KeyguardScrim} forcing orientation to 5
01-01 22:30:28.229   571   571 V WindowManager: Resize reasons for w=Window{869f9a0 u0 KeyguardScrim}:  contentInsetsChanged=false [0,0][0,0] visibleInsetsChanged=false [0,0][0,0] stableInsetsChanged=false [0,0][0,0] outsetsChanged=false [0,0][0,0] surfaceResized=false configChanged=true
01-01 22:30:28.229   571   571 V WindowManager: Changing surface while display frozen: Window{869f9a0 u0 KeyguardScrim}
01-01 22:30:28.229   571   571 V WindowManager: Orientation start waiting for draw mDrawState=DRAW_PENDING in Window{869f9a0 u0 KeyguardScrim}, surface Surface(name=KeyguardScrim_Force_To_Dual)
01-01 22:30:28.229   571   571 V WindowManager: Resizing window Window{869f9a0 u0 KeyguardScrim} to 1920.0x1200.0
01-01 22:30:28.230   571   571 V WindowState: Reporting new frame to Window{869f9a0 u0 KeyguardScrim}: Rect(0, 0 - 1920, 1200)
01-01 22:30:28.230   571   571 I WindowState: Sending new config to window Window{869f9a0 u0 KeyguardScrim}: 1920.0x1200.0 / config={1.0 ?mcc?mnc en_US ldltr sw800dp w1280dp h800dp 240dpi xlrg land finger -keyb/v/h -nav/h s.4} overrideConfig={1.0 ?mcc?mnc ?locale ?layoutDir ?swdp ?wdp ?hdp ?density ?lsize ?long ?orien ?uimode ?night ?touch ?keyb/?/? ?nav/?}
01-01 22:30:28.230   571   571 I WindowState: Resizing Window{869f9a0 u0 KeyguardScrim} WITH DRAW PENDING
01-01 22:30:28.236   571   592 V WindowStateAnimator: Orientation continue waiting for draw in Window{869f9a0 u0 KeyguardScrim}
01-01 22:30:28.377   571   571 I Telecom : Class: TelecomSystem.INSTANCE being set
01-01 22:30:28.378   571   571 W ContextImpl: Calling a method in the system process without a qualified user: android.app.ContextImpl.startService:1221 android.content.ContextWrapper.startService:581 com.android.server.telecom.components.TelecomService.initializeTelecomSystem:107 com.android.server.telecom.components.TelecomService.onBind:46 android.app.ActivityThread.handleBindService:2904 
01-01 22:30:28.384   571   899 I ActivityManager: Start proc 901:android.process.acore/u0a2 for content provider com.android.providers.contacts/.CallLogProvider
01-01 22:30:28.390   571   571 D ZenLog  : intercepted: -1|android|17040348|null|1000,alarmsOnly
01-01 22:30:28.390   571   571 V NotificationService: pkg=android canInterrupt=false intercept=true
01-01 22:30:28.390   571   571 D ZenLog  : intercepted: -1|android|17040354|null|1000,alarmsOnly
01-01 22:30:28.390   571   571 V NotificationService: pkg=android canInterrupt=false intercept=true
01-01 22:30:28.401   571   730 I ActivityManager: Start proc 915:com.android.smspush/u0a40 for service com.android.smspush/.WapPushManager
01-01 22:30:28.507   571   588 W WindowManager: Keyguard drawn timeout. Setting mKeyguardDrawComplete
01-01 22:30:28.507   571   592 V WindowManager: Resize reasons for w=Window{869f9a0 u0 KeyguardScrim}:  contentInsetsChanged=true [0,0][0,0] visibleInsetsChanged=false [0,0][0,0] stableInsetsChanged=false [0,0][0,0] outsetsChanged=false [0,0][0,0] surfaceResized=false configChanged=false
01-01 22:30:28.507   571   592 V WindowManager: Changing surface while display frozen: Window{869f9a0 u0 KeyguardScrim}
01-01 22:30:28.507   571   592 V WindowManager: Orientation start waiting for draw mDrawState=DRAW_PENDING in Window{869f9a0 u0 KeyguardScrim}, surface Surface(name=KeyguardScrim_Force_To_Dual)
01-01 22:30:28.507   571   592 V WindowManager: Resizing window Window{869f9a0 u0 KeyguardScrim} to 1920.0x1200.0
01-01 22:30:28.508   571   592 V WindowState: Reporting new frame to Window{869f9a0 u0 KeyguardScrim}: Rect(0, 0 - 1920, 1200)
01-01 22:30:28.508   571   592 I WindowState: Resizing Window{869f9a0 u0 KeyguardScrim} WITH DRAW PENDING
01-01 22:30:28.519   571   592 V WindowStateAnimator: Orientation continue waiting for draw in Window{869f9a0 u0 KeyguardScrim}
01-01 22:30:28.587   571   571 V WindowStateAnimator: finishDrawingLocked: mDrawState=COMMIT_DRAW_PENDING WindowStateAnimator{787db31 KeyguardScrim} in Surface(name=KeyguardScrim_Force_To_Dual)
01-01 22:30:28.588   571   592 I WindowManager:   SURFACE SHOW (performShowLocked): Window{869f9a0 u0 KeyguardScrim}
01-01 22:30:28.588   571   592 V WindowManager: Orientation not waiting for draw in Window{869f9a0 u0 KeyguardScrim}, surface Surface(name=KeyguardScrim_Force_To_Dual)
01-01 22:30:28.593   571   626 E ConnectivityService: Failed to find Messenger in unregisterNetworkFactory
01-01 22:30:28.594   571   626 D ConnectivityService: Got NetworkFactory Messenger for Telephony
01-01 22:30:28.846   571   587 I SystemServiceManager: Starting phase 600
01-01 22:30:28.861   571   571 I ActivityManager: Start proc 959:com.android.providers.calendar/u0a1 for content provider com.android.providers.calendar/.CalendarProvider2
01-01 22:30:28.862   571   587 I BackupManagerService: Backup enabled => false
01-01 22:30:28.867   571   587 E InputMethodManagerService: Ignoring updateSystemUiLocked due to an invalid token. uid:1000 token:null
01-01 22:30:29.095   571   582 W Telecom : : registerPhoneAccount not allowed on non-voice capable device.
01-01 22:30:29.102   571   702 W Telecom : : No account found for the calling user
01-01 22:30:29.184   571   587 I ActivityManager: Start proc 986:com.android.inputmethod.latin/u0a29 for service com.android.inputmethod.latin/.LatinIME
01-01 22:30:29.185   571   587 V InputMethodManagerService: Adding window token: android.os.Binder@5c3fb8e
01-01 22:30:29.375   571   587 I ActivityManager: Start proc 1004:com.google.android.gms.persistent/u0a6 for service com.google.android.gms/com.google.android.location.network.NetworkLocationService
01-01 22:30:29.393   571   587 E LocationManagerService: FLP HAL not supported
01-01 22:30:29.400   571   587 E LocationManagerService: Hardware Activity-Recognition not supported.
01-01 22:30:29.418   571   587 I MmsServiceBroker: Delay connecting to MmsService until an API is called
01-01 22:30:29.431   571   587 I ActivityManager: Force stopping com.android.providers.media appid=10004 user=-1: vold reset
01-01 22:30:29.477   571   587 I ActivityManager: Start proc 1035:android.rockchip.update.service/u0a39 for broadcast android.rockchip.update.service/.RKUpdateReceiver
01-01 22:30:29.523   571   571 V WiredAccessoryManager: init()
01-01 22:30:29.533   571   571 V WindowManager: updateRotationUnchecked(alwaysSendConfiguration=false)
01-01 22:30:29.533   571   571 V WindowManager: Deferring rotation, display is not enabled.
01-01 22:30:30.612   571   730 I StatusBarManagerService: registerStatusBar bar=com.android.internal.statusbar.IStatusBar$Stub$Proxy@ece43ff
01-01 22:30:30.715   571   625 D WifiService: New client listening to asynchronous messages
01-01 22:30:31.324   571   651 V KeyValueBackupJob: Scheduling k/v pass in 241 minutes
01-01 22:30:31.326   571   585 I ActivityManager: Start proc 1127:com.google.process.gapps/u0a6 for content provider com.google.android.gsf/.gservices.GservicesProvider
01-01 22:30:31.345   571   571 I ActivityManager: Start proc 1141:com.android.externalstorage/u0a5 for broadcast com.android.externalstorage/.MountReceiver
01-01 22:30:31.381   571   702 D ConnectivityService: listenForNetwork for Listen from uid/pid:1000/703 for NetworkRequest [ id=3, legacyType=-1, [ Capabilities: INTERNET&NOT_RESTRICTED&TRUSTED&NOT_VPN] ]
01-01 22:30:31.385   571   623 E WifiP2pService: Unable to change interface settings: java.lang.IllegalStateException: command '22 interface setcfg p2p0 0.0.0.0 0 up' failed with '400 22 Failed to set address (No such device)'
01-01 22:30:31.456   571   582 D ConnectivityService: listenForNetwork for Listen from uid/pid:10014/688 for NetworkRequest [ id=4, legacyType=-1, [] ]
01-01 22:30:31.520   571   702 I ActivityManager: Start proc 1193:com.android.exchange/u0a23 for content provider com.android.exchange/.provider.ExchangeDirectoryProvider
01-01 22:30:31.936  1193  1193 E ActivityThread: Failed to find provider info for com.android.email.provider
--------- beginning of main
01-01 22:30:32.101   235   632 I vpu_mem_pool: pid 235, close_vpu_memory_pool:501: vpu memory pool size (640000)
01-01 22:30:32.101   235   632 I vpu_mem_pool: pid 235, close_vpu_memory_pool:501: vpu memory pool size (560000)
01-01 22:30:32.101   235   632 I vpu_mem_pool: pid 235, close_vpu_memory_pool:501: vpu memory pool size (480000)
01-01 22:30:32.101   235   632 I vpu_mem_pool: pid 235, close_vpu_memory_pool:501: vpu memory pool size (400000)
01-01 22:30:32.101   235   632 I vpu_mem_pool: pid 235, close_vpu_memory_pool:501: vpu memory pool size (320000)
01-01 22:30:32.101   235   632 I vpu_mem_pool: pid 235, close_vpu_memory_pool:501: vpu memory pool size (240000)
01-01 22:30:32.101   235   632 I vpu_mem_pool: pid 235, close_vpu_memory_pool:501: vpu memory pool size (160000)
01-01 22:30:32.101   235   632 I vpu_mem_pool: pid 235, close_vpu_memory_pool:501: vpu memory pool size (80000)
01-01 22:30:32.101   235   632 I vpu_mem_pool: pid 235, close_vpu_memory_pool:501: vpu memory pool size (0)
01-01 22:30:32.101   235   632 I vpu_mem_pool: pid 235, close_vpu_memory_pool:552: 
01-01 22:30:32.160  1004  1226 D NativeLibraryUtils: Install completed successfully. count=12 extracted=0
01-01 22:30:32.172   703   703 E ThemeUtils: View class androidx.appcompat.widget.AppCompatImageView is an AppCompat widget that can only be used with a Theme.AppCompat theme (or descendant).
01-01 22:30:32.174  1004  1004 D ChimeraCfgMgr: Reading stored module config
01-01 22:30:32.175   703   703 E ThemeUtils: View class androidx.appcompat.widget.AppCompatImageView is an AppCompat widget that can only be used with a Theme.AppCompat theme (or descendant).
01-01 22:30:32.176   703   703 E ThemeUtils: View class androidx.appcompat.widget.AppCompatImageView is an AppCompat widget that can only be used with a Theme.AppCompat theme (or descendant).
01-01 22:30:32.183   901   956 I ContactDirectoryManager: Discovered 0 contact directories in 1359ms
01-01 22:30:32.185   703   703 E ThemeUtils: View class androidx.appcompat.widget.AppCompatImageView is an AppCompat widget that can only be used with a Theme.AppCompat theme (or descendant).
01-01 22:30:32.187   703   703 E ThemeUtils: View class androidx.appcompat.widget.AppCompatImageView is an AppCompat widget that can only be used with a Theme.AppCompat theme (or descendant).
01-01 22:30:32.208   235   632 E CameraHal_Marvin: IMX214:  STREAM OFF ++++++++++++++
01-01 22:30:32.220   235  1230 D CameraHal: commandThread(1124): commandThread(1124): receive CMD_EXIT
01-01 22:30:32.220   235   632 D CameraHal: ~CameraHal(302): CameraHal destory success
01-01 22:30:32.221   235   632 I CameraService: disconnect: Disconnected client for camera 0 for PID 235
01-01 22:30:32.221   235   632 D RockFFPlayer: reset: in
01-01 22:30:32.221   235   632 D RockFFPlayerBase: dumpStatus(): Preapared
01-01 22:30:32.222   235   632 D RockFFPlayer: reset: stop_l in
01-01 22:30:32.222   235   632 D RockFFPlayer: stop_l: in
01-01 22:30:32.222   235   632 D RockFFPlayer: enter enqueueMessage
01-01 22:30:32.222   235   632 D RockFFPlayer: enqueueMessage:****1
01-01 22:30:32.222   235   632 D RockFFPlayer: enqueueMessage:****2
01-01 22:30:32.222   235   632 D RockFFPlayer: enqueueMessage:****3
01-01 22:30:32.222   235   632 D RockFFPlayer: enqueueMessage:Message 1,set signal
01-01 22:30:32.222   235   632 D RockFFPlayer: enqueueMessage:sync wait
01-01 22:30:32.222   235  1184 D RockFFPlayer: deliverMessage 
01-01 22:30:32.222   235  1184 D RockFFPlayer: run : dequeueMessage Message 4
01-01 22:30:32.222   235  1184 D RockFFPlayer: CMD_STOP
01-01 22:30:32.222   235  1184 D RockFFPlayer: doStop: in
01-01 22:30:32.222   235  1184 D RockFFPlayerBase: dumpStatus(): Preapared
01-01 22:30:32.222   235  1184 D RockFFPlayerBase: dumpStatus(): Stopped
01-01 22:30:32.222   235  1184 D RockFFPlayer: doRelease: in
01-01 22:30:32.222   235  1184 I FFIDecoder: waiting on end of decoder thread
01-01 22:30:32.222   235  1184 E FFMpegThread: DecoderAudio,wait
01-01 22:30:32.222   235  1184 E RockFFPlayerBase: FFMPlayerBase::flushRenderQueue in
01-01 22:30:32.222   235  1184 E RockFFPlayerBase: FFMPlayerBase::flushRenderQueue out
01-01 22:30:32.222   235  1184 D RockFFPlayer: doRelease: ok
01-01 22:30:32.222   235  1184 D RockFFPlayer: doStop: ok
01-01 22:30:32.222   235  1184 D RockFFPlayer: run : dequeueMessage Message 4 OK
01-01 22:30:32.222   235  1184 D RockFFPlayer: Messagecomplete type [4]
01-01 22:30:32.222   235  1184 D RockFFPlayer: run : Message 4 complete
01-01 22:30:32.222   235   632 D RockFFPlayer: enqueueMessage:sync wait ok
01-01 22:30:32.222   235   632 D RockFFPlayer: stop_l: clear queue ok
01-01 22:30:32.222   235   632 D RockFFPlayer: stop_l: create cancel thread ok
01-01 22:30:32.222   235  1231 D RockFFPlayer: CancelThread: in
01-01 22:30:32.222   235   632 D RockFFPlayer: stop_l: ok
01-01 22:30:32.222   235   632 D RockFFPlayer: enter enqueueMessage
01-01 22:30:32.222   235   632 D RockFFPlayer: enqueueMessage:****1
01-01 22:30:32.222   235   632 D RockFFPlayer: enqueueMessage:****2
01-01 22:30:32.222   235   632 D RockFFPlayer: enqueueMessage:****3
01-01 22:30:32.222   235   632 D RockFFPlayer: enqueueMessage:Message 1,set signal
01-01 22:30:32.222   235   632 D RockFFPlayer: enqueueMessage:sync wait
01-01 22:30:32.222   235  1184 D RockFFPlayer: deliverMessage 
01-01 22:30:32.222   235  1184 D RockFFPlayer: run : dequeueMessage Message 11
01-01 22:30:32.222   235  1184 D RockFFPlayer: CMD_RESET
01-01 22:30:32.222   235  1184 D RockFFPlayerBase: dumpStatus(): Idle
01-01 22:30:32.222   235  1184 D RockFFPlayer: doReset ok
01-01 22:30:32.222   235  1184 D RockFFPlayer: run : dequeueMessage Message 11 OK
01-01 22:30:32.222   235  1184 D RockFFPlayer: Messagecomplete type [11]
01-01 22:30:32.222   235  1184 D RockFFPlayer: run : Message 11 complete
01-01 22:30:32.222   235   632 D RockFFPlayer: enqueueMessage:sync wait ok
01-01 22:30:32.222   235   632 D RockFFPlayer: reset: do reset ok
01-01 22:30:32.222   235  1184 D RockFFPlayer: signal thread out
01-01 22:30:32.222   235  1184 D RockFFPlayer: sched_thread out
01-01 22:30:32.222   235   632 D RockFFPlayer: stop:wait is ok
01-01 22:30:32.222   235   632 D RockFFPlayer: stop:ok
01-01 22:30:32.222   235   632 D RockFFPlayer: ~RkMessageQueue
01-01 22:30:32.222   235   632 D RockFFPlayer: reset: reset ok
01-01 22:30:32.222   235   632 E FFPlayer: ~FFPlayer
01-01 22:30:32.222   235   632 D RockFFPlayer: reset: in
01-01 22:30:32.222   235  1185 I RockFFPlayer: readthread end of playing
01-01 22:30:32.222   235   632 D RockFFPlayerBase: dumpStatus(): Idle
01-01 22:30:32.222   235   632 D RockFFPlayer: reset: in idle status, already reset
01-01 22:30:32.222   235   632 D RockFFPlayer: ~FFMPlayer in
01-01 22:30:32.222   235   632 D RockFFPlayer: reset: in
01-01 22:30:32.222   235   632 D RockFFPlayerBase: dumpStatus(): Idle
01-01 22:30:32.222   235   632 D RockFFPlayer: reset: in idle status, already reset
01-01 22:30:32.223   235  1231 D FFMpegThread: DecoderAudio:~PlayerThread enter mThreadStatus=-1
01-01 22:30:32.223   235  1231 E RockFFPlayerBase: closeContext : in
01-01 22:30:32.223   235  1231 E RockFFPlayerBase: closeContext : out
01-01 22:30:32.223   235  1231 D RockFFPlayer: CancelThread: ok
01-01 22:30:32.223   235   632 D RockFFPlayer: ~FFMediaSource
01-01 22:30:32.223   235   632 D RockFFPlayer: FFMediaSource context null. 
01-01 22:30:32.223   235   632 E TraceThread:     VsyncReciver(tid = 2998749488)--> [UID=7ebda33b] pthread_join begin-->player = 0xb78c60a0
01-01 22:30:32.239   235   632 E TraceThread:     VsyncReciver(tid = 2998749488)--> [UID=7ebda33b] pthread_join   end-->player = 0xb78c60a0
01-01 22:30:32.240   235   632 D VsyncReciver: stop_l:vsyncThread down
01-01 22:30:32.240   235   632 E TraceThread:     RockFFPlayer(tid = 3000949040)--> [UID=7ebda33b] ~FFMPlayer Destruction; object=0xb78c60a0
01-01 22:30:32.240   235   632 D RockFFPlayer: ~FFMPlayer ok
01-01 22:30:32.240   235   632 D RockFFPlayerBase: ~FFMPlayerBase(():mDequeueThread down
01-01 22:30:32.240   235   632 D RockFFPlayerBase: ~RkMessageHandler
01-01 22:30:32.240   235   632 D RockFFPlayer: reset: in
01-01 22:30:32.240   235   632 D RockFFPlayerBase: dumpStatus(): Preapared
01-01 22:30:32.240   235   632 D RockFFPlayer: reset: stop_l in
01-01 22:30:32.240   235   632 D RockFFPlayer: stop_l: in
01-01 22:30:32.240   235   632 D RockFFPlayer: enter enqueueMessage
01-01 22:30:32.240   235   632 D RockFFPlayer: enqueueMessage:****1
01-01 22:30:32.240   235   632 D RockFFPlayer: enqueueMessage:****2
01-01 22:30:32.240   235   632 D RockFFPlayer: enqueueMessage:****3
01-01 22:30:32.240   235   632 D RockFFPlayer: enqueueMessage:Message 1,set signal
01-01 22:30:32.240   235   632 D RockFFPlayer: enqueueMessage:sync wait
01-01 22:30:32.240   235  1192 D RockFFPlayer: deliverMessage 
01-01 22:30:32.240   235  1192 D RockFFPlayer: run : dequeueMessage Message 4
01-01 22:30:32.240   235  1192 D RockFFPlayer: CMD_STOP
01-01 22:30:32.240   235  1192 D RockFFPlayer: doStop: in
01-01 22:30:32.240   235  1192 D RockFFPlayerBase: dumpStatus(): Preapared
01-01 22:30:32.240   235  1192 D RockFFPlayerBase: dumpStatus(): Stopped
01-01 22:30:32.240   235  1192 D RockFFPlayer: doRelease: in
01-01 22:30:32.240   235  1192 I FFIDecoder: waiting on end of decoder thread
01-01 22:30:32.240   235  1192 E FFMpegThread: DecoderAudio,wait
01-01 22:30:32.240   235  1192 E RockFFPlayerBase: FFMPlayerBase::flushRenderQueue in
01-01 22:30:32.240   235  1192 E RockFFPlayerBase: FFMPlayerBase::flushRenderQueue out
01-01 22:30:32.240   235  1192 D RockFFPlayer: doRelease: ok
01-01 22:30:32.240   235  1192 D RockFFPlayer: doStop: ok
01-01 22:30:32.240   235  1192 D RockFFPlayer: run : dequeueMessage Message 4 OK
01-01 22:30:32.240   235  1192 D RockFFPlayer: Messagecomplete type [4]
01-01 22:30:32.240   235  1192 D RockFFPlayer: run : Message 4 complete
01-01 22:30:32.240   235   632 D RockFFPlayer: enqueueMessage:sync wait ok
01-01 22:30:32.240   235   632 D RockFFPlayer: stop_l: clear queue ok
01-01 22:30:32.240   235  1232 D RockFFPlayer: CancelThread: in
01-01 22:30:32.240   235   632 D RockFFPlayer: stop_l: create cancel thread ok
01-01 22:30:32.240   235   632 D RockFFPlayer: stop_l: ok
01-01 22:30:32.240   235   632 D RockFFPlayer: enter enqueueMessage
01-01 22:30:32.240   235   632 D RockFFPlayer: enqueueMessage:****1
01-01 22:30:32.240   235   632 D RockFFPlayer: enqueueMessage:****2
01-01 22:30:32.240   235   632 D RockFFPlayer: enqueueMessage:****3
01-01 22:30:32.240   235   632 D RockFFPlayer: enqueueMessage:Message 1,set signal
01-01 22:30:32.240   235   632 D RockFFPlayer: enqueueMessage:sync wait
01-01 22:30:32.240   235  1192 D RockFFPlayer: deliverMessage 
01-01 22:30:32.240   235  1192 D RockFFPlayer: run : dequeueMessage Message 11
01-01 22:30:32.240   235  1192 D RockFFPlayer: CMD_RESET
01-01 22:30:32.241   235  1192 D RockFFPlayerBase: dumpStatus(): Idle
01-01 22:30:32.241   235  1192 D RockFFPlayer: doReset ok
01-01 22:30:32.241   235  1192 D RockFFPlayer: run : dequeueMessage Message 11 OK
01-01 22:30:32.241   235  1192 D RockFFPlayer: Messagecomplete type [11]
01-01 22:30:32.241   235  1192 D RockFFPlayer: run : Message 11 complete
01-01 22:30:32.241   235   632 D RockFFPlayer: enqueueMessage:sync wait ok
01-01 22:30:32.241   235   632 D RockFFPlayer: reset: do reset ok
01-01 22:30:32.241   235  1192 D RockFFPlayer: signal thread out
01-01 22:30:32.241   235  1192 D RockFFPlayer: sched_thread out
01-01 22:30:32.241   235   632 D RockFFPlayer: stop:wait is ok
01-01 22:30:32.241   235   632 D RockFFPlayer: stop:ok
01-01 22:30:32.241   235   632 D RockFFPlayer: ~RkMessageQueue
01-01 22:30:32.241   235   632 D RockFFPlayer: reset: reset ok
01-01 22:30:32.241   235   632 E FFPlayer: ~FFPlayer
01-01 22:30:32.241   235  1194 I RockFFPlayer: readthread end of playing
01-01 22:30:32.241   235   632 D RockFFPlayer: reset: in
01-01 22:30:32.241   235   632 D RockFFPlayerBase: dumpStatus(): Idle
01-01 22:30:32.241   235   632 D RockFFPlayer: reset: in idle status, already reset
01-01 22:30:32.241   235   632 D RockFFPlayer: ~FFMPlayer in
01-01 22:30:32.241   235   632 D RockFFPlayer: reset: in
01-01 22:30:32.241   235   632 D RockFFPlayerBase: dumpStatus(): Idle
01-01 22:30:32.241   235   632 D RockFFPlayer: reset: in idle status, already reset
01-01 22:30:32.241   235  1232 D FFMpegThread: DecoderAudio:~PlayerThread enter mThreadStatus=-1
01-01 22:30:32.241   235  1232 E RockFFPlayerBase: closeContext : in
01-01 22:30:32.241   235  1232 E RockFFPlayerBase: closeContext : out
01-01 22:30:32.241   235  1232 D RockFFPlayer: CancelThread: ok
01-01 22:30:32.242   235   632 D RockFFPlayer: ~FFMediaSource
01-01 22:30:32.242   235   632 D RockFFPlayer: FFMediaSource context null. 
01-01 22:30:32.242   235   632 E TraceThread:     VsyncReciver(tid = 2994252080)--> [UID=7ebda33b] pthread_join begin-->player = 0xb793b030
01-01 22:30:32.257   235   632 E TraceThread:     VsyncReciver(tid = 2994252080)--> [UID=7ebda33b] pthread_join   end-->player = 0xb793b030
01-01 22:30:32.257   235   632 D VsyncReciver: stop_l:vsyncThread down
01-01 22:30:32.257   235   632 E TraceThread:     RockFFPlayer(tid = 3000949040)--> [UID=7ebda33b] ~FFMPlayer Destruction; object=0xb793b030
01-01 22:30:32.257   235   632 D RockFFPlayer: ~FFMPlayer ok
01-01 22:30:32.257   235   632 D RockFFPlayerBase: ~FFMPlayerBase(():mDequeueThread down
01-01 22:30:32.257   235   632 D RockFFPlayerBase: ~RkMessageHandler
01-01 22:30:32.257   235   632 D RockFFPlayer: reset: in
01-01 22:30:32.257   235   632 D RockFFPlayerBase: dumpStatus(): Error status
01-01 22:30:32.257   235   632 D RockFFPlayer: reset: stop_l in
01-01 22:30:32.257   235   632 D RockFFPlayer: stop_l: in
01-01 22:30:32.257   235   632 D RockFFPlayer: enter enqueueMessage
01-01 22:30:32.257   235   632 D RockFFPlayer: enqueueMessage:****1
01-01 22:30:32.257   235   632 D RockFFPlayer: enqueueMessage:****2
01-01 22:30:32.257   235   632 D RockFFPlayer: enqueueMessage:****3
01-01 22:30:32.257   235   632 D RockFFPlayer: enqueueMessage:Message 1,set signal
01-01 22:30:32.257   235   632 D RockFFPlayer: enqueueMessage:sync wait
01-01 22:30:32.257   235  1207 D RockFFPlayer: deliverMessage 
01-01 22:30:32.257   235  1207 D RockFFPlayer: run : dequeueMessage Message 4
01-01 22:30:32.257   235  1207 D RockFFPlayer: CMD_STOP
01-01 22:30:32.257   235  1207 D RockFFPlayer: doStop: in
01-01 22:30:32.257   235  1207 D RockFFPlayerBase: dumpStatus(): Error status
01-01 22:30:32.257   235  1207 D RockFFPlayerBase: dumpStatus(): Stopped
01-01 22:30:32.257   235  1207 D RockFFPlayer: doRelease: in
01-01 22:30:32.257   235  1207 D RockFFPlayer: FFMediaSource setExit, but context null
01-01 22:30:32.257   235  1207 E RockFFPlayerBase: FFMPlayerBase::flushRenderQueue in
01-01 22:30:32.257   235  1207 E RockFFPlayerBase: FFMPlayerBase::flushRenderQueue out
01-01 22:30:32.257   235  1207 D RockFFPlayer: doRelease: ok
01-01 22:30:32.257   235  1207 D RockFFPlayer: doStop: ok
01-01 22:30:32.258   235  1207 D RockFFPlayer: run : dequeueMessage Message 4 OK
01-01 22:30:32.258   235  1207 D RockFFPlayer: Messagecomplete type [4]
01-01 22:30:32.258   235  1207 D RockFFPlayer: run : Message 4 complete
01-01 22:30:32.258   235   632 D RockFFPlayer: enqueueMessage:sync wait ok
01-01 22:30:32.258   235   632 D RockFFPlayer: stop_l: clear queue ok
01-01 22:30:32.258   235  1233 D RockFFPlayer: CancelThread: in
01-01 22:30:32.258   235   632 D RockFFPlayer: stop_l: create cancel thread ok
01-01 22:30:32.258   235   632 D RockFFPlayer: stop_l: ok
01-01 22:30:32.258   235   632 D RockFFPlayer: enter enqueueMessage
01-01 22:30:32.258   235   632 D RockFFPlayer: enqueueMessage:****1
01-01 22:30:32.258   235   632 D RockFFPlayer: enqueueMessage:****2
01-01 22:30:32.258   235   632 D RockFFPlayer: enqueueMessage:****3
01-01 22:30:32.258   235   632 D RockFFPlayer: enqueueMessage:Message 1,set signal
01-01 22:30:32.258   235   632 D RockFFPlayer: enqueueMessage:sync wait
01-01 22:30:32.258   235  1207 D RockFFPlayer: deliverMessage 
01-01 22:30:32.258   235  1207 D RockFFPlayer: run : dequeueMessage Message 11
01-01 22:30:32.258   235  1207 D RockFFPlayer: CMD_RESET
01-01 22:30:32.258   235  1207 D RockFFPlayerBase: dumpStatus(): Idle
01-01 22:30:32.258   235  1207 D RockFFPlayer: doReset ok
01-01 22:30:32.258   235  1207 D RockFFPlayer: run : dequeueMessage Message 11 OK
01-01 22:30:32.258   235  1207 D RockFFPlayer: Messagecomplete type [11]
01-01 22:30:32.258   235  1207 D RockFFPlayer: run : Message 11 complete
01-01 22:30:32.258   235   632 D RockFFPlayer: enqueueMessage:sync wait ok
01-01 22:30:32.258   235   632 D RockFFPlayer: reset: do reset ok
01-01 22:30:32.258   235  1207 D RockFFPlayer: signal thread out
01-01 22:30:32.258   235  1207 D RockFFPlayer: sched_thread out
01-01 22:30:32.258   235   632 D RockFFPlayer: stop:wait is ok
01-01 22:30:32.258   235   632 D RockFFPlayer: stop:ok
01-01 22:30:32.258   235   632 D RockFFPlayer: ~RkMessageQueue
01-01 22:30:32.258   235   632 D RockFFPlayer: reset: reset ok
01-01 22:30:32.258   235  1233 E RockFFPlayerBase: closeContext : in
01-01 22:30:32.258   235   632 E FFPlayer: ~FFPlayer
01-01 22:30:32.258   235  1233 D RockFFPlayer: FFMediaSource context null. 
01-01 22:30:32.258   235  1233 E RockFFPlayerBase: closeContext : out
01-01 22:30:32.258   235   632 D RockFFPlayer: reset: in
01-01 22:30:32.258   235  1233 D RockFFPlayer: CancelThread: ok
01-01 22:30:32.258   235   632 D RockFFPlayerBase: dumpStatus(): Idle
01-01 22:30:32.258   235   632 D RockFFPlayer: reset: in idle status, already reset
01-01 22:30:32.258   235   632 D RockFFPlayer: ~FFMPlayer in
01-01 22:30:32.258   235   632 D RockFFPlayer: reset: in
01-01 22:30:32.258   235   632 D RockFFPlayerBase: dumpStatus(): Idle
01-01 22:30:32.258   235   632 D RockFFPlayer: reset: in idle status, already reset
01-01 22:30:32.258   235   632 D RockFFPlayer: ~FFMediaSource
01-01 22:30:32.258   235   632 D RockFFPlayer: FFMediaSource context null. 
01-01 22:30:32.258   235   632 E TraceThread:     VsyncReciver(tid = 2990074160)--> [UID=7ebda33b] pthread_join begin-->player = 0xb798b600
01-01 22:30:32.275   235   632 E TraceThread:     VsyncReciver(tid = 2990074160)--> [UID=7ebda33b] pthread_join   end-->player = 0xb798b600
01-01 22:30:32.275   235   632 D VsyncReciver: stop_l:vsyncThread down
01-01 22:30:32.275   235   632 E TraceThread:     RockFFPlayer(tid = 3000949040)--> [UID=7ebda33b] ~FFMPlayer Destruction; object=0xb798b600
01-01 22:30:32.275   235   632 D RockFFPlayer: ~FFMPlayer ok
01-01 22:30:32.275   235   632 D RockFFPlayerBase: ~FFMPlayerBase(():mDequeueThread down
01-01 22:30:32.275   235   632 D RockFFPlayerBase: ~RkMessageHandler
01-01 22:30:32.275   235   521 I CameraService: getCameraCharacteristics: Switching to HAL1 shim implementation...
01-01 22:30:32.275   235   521 D CameraHal: camera_get_camera_info(1312): camera_get_camera_info(1312): camera_1 facing(1), orientation(270)
01-01 22:30:32.275   235   521 I CameraService: CameraService::connect call (PID 235 "media", camera ID 1) for HAL version default and Camera API version 1
01-01 22:30:32.276   235   521 E CameraService: getCameraPriorityFromProcState: Received invalid process state -1 from ActivityManagerService!
01-01 22:30:32.276   235   521 D CameraHal: camera_get_camera_info(1312): camera_get_camera_info(1312): camera_1 facing(1), orientation(270)
01-01 22:30:32.276   235   521 E MediaPlayerFactory: 2019 03 30 -------- getPlayerType()111111111111 return FF_PLAYER !!!! 
01-01 22:30:32.276   235   521 I MediaPlayerFactory:  createFFPlayer
01-01 22:30:32.276   235   521 E FFPlayerHelper: isBDDirectory() ,path = /system/media/audio/ui/camera_click.ogg
01-01 22:30:32.276   235   521 E FFPlayerHelper: isBDDirectory(): no BDMV
01-01 22:30:32.276   235   521 D RkMemConfig: RkMemConfig init
01-01 22:30:32.276   235   521 E RockFFPlayerBase: FFMPlayerBase:eDisplayIdMain
01-01 22:30:32.276   235   521 D FFPlayerHelper: MediaServer is SP_FOREGROUND, tid=521
01-01 22:30:32.276   235   521 D RkBitstreamManager: RkBitStreamHelper
01-01 22:30:32.276   235   521 D RkExtensionPlayer: RkExtensionPlayer in
01-01 22:30:32.276   235   521 E RkExtensionPlayer: createDirectory(), path = /tmp/rk_ext_subtitle/
01-01 22:30:32.276   235   521 E RkExtensionPlayer: createDirectory(), create directory = /tmp/rk_ext_subtitle/ fail,reason = No such file or directory
01-01 22:30:32.276   235   521 E RkExtensionPlayer: createDirectory(), path = /data/rk_ext_subtitle/
01-01 22:30:32.276   235   521 E RkExtensionPlayer: createDirectory(), create directory = /data/rk_ext_subtitle/ fail,reason = Permission denied
01-01 22:30:32.276   235   521 E RkExtensionPlayer: createDirectory(), path = /data/media/0/rk_ext_subtitle/
01-01 22:30:32.276   235   521 E RkExtensionPlayer: createDirectory(), create directory = /data/media/0/rk_ext_subtitle/ fail,reason = Permission denied
01-01 22:30:32.276   235   521 D RkExtensionPlayer: checkDirectoryAccess: Found no Temp Subtile Directory
01-01 22:30:32.277   235   521 E TraceThread: TraceThread::randomUID() --> [UID=36a40b87]
01-01 22:30:32.277   235  1235 E TraceThread:     VsyncReciver(tid = 2998749488)--> [UID=36a40b87] VsyncReciver::startthread
01-01 22:30:32.277   235   521 E TraceThread:     RockFFPlayer(tid = 3005155632)--> [UID=36a40b87] FFMPlayer Construction; object=0xb7999128
01-01 22:30:32.277   235   521 I RockFFPlayer: setDataSource in 0xb7999128
01-01 22:30:32.277   235   521 D RockFFPlayer: start:create thread
01-01 22:30:32.277   235  1236 D RockFFPlayer: RkMessageQueue::run()
01-01 22:30:32.277   235   521 D RockFFPlayer: start:create thread ok,mThreadStatus=0
01-01 22:30:32.277   235   521 D RockFFPlayer: enter enqueueMessage
01-01 22:30:32.277   235   521 D RockFFPlayer: enqueueMessage:****1
01-01 22:30:32.277   235   521 D RockFFPlayer: enqueueMessage:****2
01-01 22:30:32.277   235   521 D RockFFPlayer: enqueueMessage:****3
01-01 22:30:32.277   235   521 D RockFFPlayer: enqueueMessage:Message 1,set signal
01-01 22:30:32.277   235   521 D RockFFPlayer: enqueueMessage:sync wait
01-01 22:30:32.277   235  1236 D RockFFPlayer: deliverMessage 
01-01 22:30:32.277   235  1236 D RockFFPlayer: run : dequeueMessage Message 20
01-01 22:30:32.277   235  1236 D RockFFPlayer: CMD_CURRENTSTATUS
01-01 22:30:32.277   235  1236 D RockFFPlayerBase: dumpStatus(): Initialized
01-01 22:30:32.277   235  1236 D RockFFPlayer: run : dequeueMessage Message 20 OK
01-01 22:30:32.277   235  1236 D RockFFPlayer: Messagecomplete type [20]
01-01 22:30:32.277   235  1236 D RockFFPlayer: run : Message 20 complete
01-01 22:30:32.277   235   521 D RockFFPlayer: enqueueMessage:sync wait ok
01-01 22:30:32.277   235   521 D RockFFPlayer: prepareAsync in
01-01 22:30:32.277   235   521 D RockFFPlayerBase: dumpStatus(): Initialized
01-01 22:30:32.277   235   521 D RockFFPlayerBase: dumpStatus(): Preparing
01-01 22:30:32.277   235  1237 I FFPlayer_Version: ******************************************
01-01 22:30:32.277   235  1237 I FFPlayer_Version: 
01-01 22:30:32.277   235  1237 I FFPlayer_Version: starting main player: v2.1 2019-03-14-11:37:59.9a7e7b0a.Zho
01-01 22:30:32.277   235  1237 I FFPlayer_Version: ffplayer running on: rk3288
01-01 22:30:32.277   235  1237 I FFPlayer_Version: 
01-01 22:30:32.277   235  1237 I FFPlayer_Version: ******************************************
01-01 22:30:32.277   235  1237 I RockFFPlayer: setDataSource(url =/system/media/audio/ui/camera_click.ogg)
01-01 22:30:32.277   235   521 D RockFFPlayer: prepareAsync ok
01-01 22:30:32.277   235  1237 E RockFFPlayerBase: openContext : in
01-01 22:30:32.278   235  1237 E RockFFPlayer: ffmpeg version v2.1: git-2019-01-24-3629521
01-01 22:30:32.278   235  1237 E RockFFPlayer: av_probe_input_buffer:avio_read
01-01 22:30:32.278   235  1237 I RockFFPlayer: flv_probe get probe score: 0
01-01 22:30:32.278   235  1237 E RockFFPlayer: Hery, probe size = 0
01-01 22:30:32.278   235  1237 E RockFFPlayer: avformat_open_input:read_header
01-01 22:30:32.278   235  1237 E RockFFPlayer: avformat_open_input:read_header ok
01-01 22:30:32.278   235  1237 D RkExtensionPlayer: openContext in
01-01 22:30:32.278   235  1237 D RkExtensionPlayer: ~RkExtensionPlayer in
01-01 22:30:32.278   235  1237 D RkExtensionPlayer: RkExtensionPlayer::closeExtendSubDecoder in
01-01 22:30:32.278   235  1237 E FFExtensionSource: ~FFExtensionSource in
01-01 22:30:32.278   235  1237 D RockFFPlayer: FFMediaSource context null. 
01-01 22:30:32.278   235  1237 E FFExtensionSource: ~FFExtensionSource out
01-01 22:30:32.278   235  1237 D RockFFPlayer: ~FFMediaSource
01-01 22:30:32.278   235  1237 D RockFFPlayer: FFMediaSource context null. 
01-01 22:30:32.278   235  1237 D RkExtensionPlayer: closeExtendSubDecoder out
01-01 22:30:32.278   235  1237 E RkExtensionPlayer: deleteAllFileInDirectory(), is not exist
01-01 22:30:32.278   235  1237 E RkExtensionPlayer: deleteAllFileInDirectory(),/tmp/rk_ext_subtitle/ is not exist
01-01 22:30:32.278   235  1237 E RkExtensionPlayer: deleteAllFileInDirectory(),/data/rk_ext_subtitle/ is not exist
01-01 22:30:32.278   235  1237 E RkExtensionPlayer: deleteAllFileInDirectory(),/data/media/0/rk_ext_subtitle/ is not exist
01-01 22:30:32.278   235  1237 E RockFFPlayerBase: Fail to open ExtendSubtitle Context
01-01 22:30:32.278   235  1237 E RockFFPlayerBase: openContext : out,ret = 0
01-01 22:30:32.278   235  1237 D RockFFPlayer: the source format name: ogg
01-01 22:30:32.278   235  1237 D RockFFPlayer: find av stream info in
01-01 22:30:32.281   235  1237 E RockFFPlayer: All info may be found, format: ogg
01-01 22:30:32.281   235  1237 E RockFFPlayer: All info found, format: ogg
01-01 22:30:32.281   235  1237 E RockFFPlayer: read_size = 24
01-01 22:30:32.281   235  1237 E RockFFPlayer: update_stream_timings: st[-1215418064].duration = 20073
01-01 22:30:32.281   235  1237 E RockFFPlayer: update_stream_timings: st[-1215418064].duration = 20073
01-01 22:30:32.281   235  1237 E RockFFPlayer: estimate_timings:0: start_time: 0.000 duration: 0.020,base_time.den=48000,base_time.num=1
01-01 22:30:32.281   235  1237 E RockFFPlayer: stream: start_time: 0.000 duration: 0.418 bitrate=113 kb/s
01-01 22:30:32.281   235  1237 E RockFFPlayer: avformat_find_stream_info:find_stream_info_err:free info,ok
01-01 22:30:32.281   235  1237 D RockFFPlayer: find av stream info ok
01-01 22:30:32.281   235  1237 D RockFFPlayer: AudioStartTime=0,VideoStartTime=-1,tmpTime=-1
01-01 22:30:32.281   235  1237 E RockFFPlayer: Hery, s->duration = 418188.000000
01-01 22:30:32.281   235  1237 I RockFFPlayer: Input #0, ogg, from '/system/media/audio/ui/camera_click.ogg':
01-01 22:30:32.281   235  1237 I RockFFPlayer:   Duration: 
01-01 22:30:32.281   235  1237 I RockFFPlayer: 00:00:00.42
01-01 22:30:32.281   235  1237 I RockFFPlayer: , start: 
01-01 22:30:32.281   235  1237 I RockFFPlayer: 0.000000
01-01 22:30:32.281   235  1237 I RockFFPlayer: , bitrate: 
01-01 22:30:32.281   235  1237 I RockFFPlayer: 113 kb/s
01-01 22:30:32.281   235  1237 I RockFFPlayer: 
01-01 22:30:32.281   235  1237 I RockFFPlayer:     Stream #0:0
01-01 22:30:32.281   235  1237 I RockFFPlayer: : Audio: vorbis, 48000 Hz, mono, s16, 48 kb/s
01-01 22:30:32.281   235  1237 I RockFFPlayer: 
01-01 22:30:32.281   235  1237 I RockFFPlayer:     Metadata:
01-01 22:30:32.281   235  1237 I RockFFPlayer:       TITLE           : 
01-01 22:30:32.281   235  1237 I RockFFPlayer: Camera Shutter
01-01 22:30:32.281   235  1237 I RockFFPlayer: 
01-01 22:30:32.281   235  1237 I RockFFPlayer:       ARTIST          : 
01-01 22:30:32.281   235  1237 I RockFFPlayer: (c) 2012 Android Open Source Project
01-01 22:30:32.281   235  1237 I RockFFPlayer: 
01-01 22:30:32.281   235  1237 D RockFFPlayer: send do-prepare message in
01-01 22:30:32.281   235  1237 D RockFFPlayer: enter enqueueMessage
01-01 22:30:32.281   235  1237 D RockFFPlayer: enqueueMessage:****1
01-01 22:30:32.281   235  1237 D RockFFPlayer: enqueueMessage:****2
01-01 22:30:32.281   235  1237 D RockFFPlayer: enqueueMessage:****3
01-01 22:30:32.281   235  1237 D RockFFPlayer: enqueueMessage:Message 1,set signal
01-01 22:30:32.281   235  1237 D RockFFPlayer: enqueueMessage:sync wait
01-01 22:30:32.281   235  1236 D RockFFPlayer: deliverMessage 
01-01 22:30:32.281   235  1236 D RockFFPlayer: run : dequeueMessage Message 1
01-01 22:30:32.281   235  1236 D RockFFPlayer: CMD_PREPARE
01-01 22:30:32.281   235  1236 I RockFFPlayer: doPrepare in
01-01 22:30:32.281   235  1236 I RockFFPlayer: prepareVideo
01-01 22:30:32.281   235  1236 E RockFFPlayer: mVideoStreamIndex is -1
01-01 22:30:32.281   235  1236 I RockFFPlayer: prepareAudio
01-01 22:30:32.281   235  1236 E RockFFPlayer: audio stream codec_id = 86021
01-01 22:30:32.281   235  1236 D RockFFPlayerBase: open MediaDecoder.cfg failed,so can't config anything
01-01 22:30:32.281   235  1236 D RkBitstreamManager: isBypass: 
01-01 22:30:32.283   235  1236 D RockFFPlayer: initAudioPlayer
01-01 22:30:32.284   235  1236 D         : Audio Format: 
01-01 22:30:32.284   235  1236 D RkBitstreamManager: isBypass: 
01-01 22:30:32.284   235  1236 D RockFFPlayer: AudioPlayer getOutputMode : 0, SPDIF mode : -1
01-01 22:30:32.284   235  1236 D RockFFPlayerBase: setAudioOutputMode output_mode : 0
01-01 22:30:32.284   235  1236 D RockFFPlayerBase: set SPDIF output mode : -1
01-01 22:30:32.284   235  1236 D AudioPlayerApi: audio player mode in: 0
01-01 22:30:32.284   235  1236 D AudioPlayerApi: audio player mode out: 0
01-01 22:30:32.284   235  1236 D RkAudioPlayer: setPlaybackRate: mSpeed = 1.000000,mPitch = 1.000000
01-01 22:30:32.284   235  1236 D RockFFPlayer: initAudioPlayer out
01-01 22:30:32.284   235  1236 I RockFFPlayer: prepareSubtitle in
