01-01 22:30:42.111  1004  1016 D Error   : 	at rap.c(SourceFile:205)
01-01 22:30:42.111  1004  1016 D Error   : 	at qzo.onTransact(SourceFile:150)
01-01 22:30:42.111  1004  1016 D Error   : 	at android.os.Binder.execTransact(Binder.java:453)
01-01 22:30:42.111  1004  1016 D Error   : # via Binder call with stack:
01-01 22:30:42.111  1004  1016 D Error   : android.os.StrictMode$LogStackTrace
01-01 22:30:42.111  1004  1016 D Error   : 	at android.os.StrictMode.readAndHandleBinderCallViolations(StrictMode.java:1911)
01-01 22:30:42.111  1004  1016 D Error   : 	at android.os.Parcel.readExceptionCode(Parcel.java:1601)
01-01 22:30:42.111  1004  1016 D Error   : 	at android.os.Parcel.readException(Parcel.java:1570)
01-01 22:30:42.111  1004  1016 D Error   : 	at joh.c(SourceFile:111)
01-01 22:30:42.111  1004  1016 D Error   : 	at ihg.equals(SourceFile:78)
01-01 22:30:42.111  1004  1016 D Error   : 	at izd.b(SourceFile:245)
01-01 22:30:42.111  1004  1016 D Error   : 	at izd.a(SourceFile:152)
01-01 22:30:42.111  1004  1016 D Error   : 	at izd.b(SourceFile:137)
01-01 22:30:42.111  1004  1016 D Error   : 	at izd.b(SourceFile:99)
01-01 22:30:42.111  1004  1016 D Error   : 	at aefd.c(SourceFile:571)
01-01 22:30:42.111  1004  1016 D Error   : 	at aefd.a(SourceFile:181)
01-01 22:30:42.111  1004  1016 D Error   : 	at aefe.b(SourceFile:93)
01-01 22:30:42.111  1004  1016 D Error   : 	at qmd.a(SourceFile:74)
01-01 22:30:42.111  1004  1016 D Error   : 	at qjf.a(SourceFile:1278)
01-01 22:30:42.111  1004  1016 D Error   : 	at rah.b(SourceFile:104)
01-01 22:30:42.111  1004  1016 D Error   : 	at rah.a(SourceFile:72)
01-01 22:30:42.111  1004  1016 D Error   : 	at rai.a(SourceFile:2052)
01-01 22:30:42.111  1004  1016 D Error   : 	at rap.c(SourceFile:205)
01-01 22:30:42.111  1004  1016 D Error   : 	at qzo.onTransact(SourceFile:150)
01-01 22:30:42.111  1004  1016 D Error   : 	at android.os.Binder.execTransact(Binder.java:453)
01-01 22:30:42.111  1004  1016 D Error   : # via Binder call with stack:
01-01 22:30:42.111  1004  1016 D Error   : android.os.StrictMode$LogStackTrace
01-01 22:30:42.111  1004  1016 D Error   : 	at android.os.StrictMode.readAndHandleBinderCallViolations(StrictMode.java:1911)
01-01 22:30:42.111  1004  1016 D Error   : 	at android.os.Parcel.readExceptionCode(Parcel.java:1601)
01-01 22:30:42.111  1004  1016 D Error   : 	at android.os.Parcel.readException(Parcel.java:1570)
01-01 22:30:42.111  1004  1016 D Error   : 	at joh.c(SourceFile:111)
01-01 22:30:42.111  1004  1016 D Error   : 	at ihg.equals(SourceFile:78)
01-01 22:30:42.111  1004  1016 D Error   : 	at izd.b(SourceFile:245)
01-01 22:30:42.111  1004  1016 D Error   : 	at izd.a(SourceFile:152)
01-01 22:30:42.111  1004  1016 D Error   : 	at izd.b(SourceFile:137)
01-01 22:30:42.111  1004  1016 D Error   : 	at izd.b(SourceFile:99)
01-01 22:30:42.111  1004  1016 D Error   : 	at aefd.c(SourceFile:571)
01-01 22:30:42.111  1004  1016 D Error   : 	at aefd.a(SourceFile:181)
01-01 22:30:42.111  1004  1016 D Error   : 	at aefe.b(SourceFile:93)
01-01 22:30:42.111  1004  1016 D Error   : 	at qmd.a(SourceFile:74)
01-01 22:30:42.111  1004  1016 D Error   : 	at qjf.a(SourceFile:1278)
01-01 22:30:42.111  1004  1016 D Error   : 	at rah.b(SourceFile:104)
01-01 22:30:42.111  1004  1016 D Error   : 	at rah.a(SourceFile:72)
01-01 22:30:42.111  1004  1016 D Error   : 	at rai.a(SourceFile:2052)
01-01 22:30:42.111  1004  1016 D Error   : 	at rap.c(SourceFile:205)
01-01 22:30:42.111  1004  1016 D Error   : 	at qzo.onTransact(SourceFile:150)
01-01 22:30:42.111  1004  1016 D Error   : 	at android.os.Binder.execTransact(Binder.java:453)
01-01 22:30:42.111  1004  1016 D Error   : # via Binder call with stack:
01-01 22:30:42.111  1004  1016 D Error   : android.os.StrictMode$LogStackTrace
01-01 22:30:42.111  1004  1016 D Error   : 	at android.os.StrictMode.readAndHandleBinderCallViolations(StrictMode.java:1911)
01-01 22:30:42.111  1004  1016 D Error   : 	at android.os.Parcel.readExceptionCode(Parcel.java:1601)
01-01 22:30:42.111  1004  1016 D Error   : 	at android.os.Parcel.readException(Parcel.java:1570)
01-01 22:30:42.111  1004  1016 D Error   : 	at joh.c(SourceFile:111)
01-01 22:30:42.111  1004  1016 D Error   : 	at ihg.equals(SourceFile:78)
01-01 22:30:42.111  1004  1016 D Error   : 	at izd.b(SourceFile:245)
01-01 22:30:42.111  1004  1016 D Error   : 	at izd.a(SourceFile:152)
01-01 22:30:42.111  1004  1016 D Error   : 	at izd.b(SourceFile:137)
01-01 22:30:42.111  1004  1016 D Error   : 	at izd.b(SourceFile:99)
01-01 22:30:42.111  1004  1016 D Error   : 	at aefd.c(SourceFile:571)
01-01 22:30:42.111  1004  1016 D Error   : 	at aefd.a(SourceFile:181)
01-01 22:30:42.111  1004  1016 D Error   : 	at aefe.b(SourceFile:93)
01-01 22:30:42.111  1004  1016 D Error   : 	at qmd.a(SourceFile:74)
01-01 22:30:42.111  1004  1016 D Error   : 	at qjf.a(SourceFile:1278)
01-01 22:30:42.111  1004  1016 D Error   : 	at rah.b(SourceFile:104)
01-01 22:30:42.111  1004  1016 D Error   : 	at rah.a(Sour
01-01 22:30:42.111  1004  1016 D Error   : ERR: TOTAL BYTES WRITTEN: 60700
01-01 22:30:42.111  1004  1016 D StrictMode: Wrote violation #0 of 1: 60744 bytes
01-01 22:30:42.116  1004  1016 E StrictMode: Stack is too large: numViolations=1 policy=#680007 front= android.app.SharedPreferencesImpl.getString(SharedPreferencesImpl.java:224)
01-01 22:30:42.116  1004  1016 E StrictMode: 	at rah.a(SourceFile:60)
01-01 22:30:42.116  1004  1016 E StrictMode: 	at rai.a(SourceFile:2052)
01-01 22:30:42.116  1004  1016 E StrictMode: 	at rap.c(SourceFile:205)
01-01 22:30:42.116  1004  1016 E StrictMode: 	at qzo.onTransact(SourceFile:150)
01-01 22:30:42.116  1004  1016 E StrictMode: 	at android.os.Binder.execTransact(Binder.java:453)
01-01 22:30:42.116  1004  1016 E StrictMode: # via Binder call with stack:
01-01 22:30:42.116  1004  1016 E StrictMode: android.os.StrictMode$LogStackTrace
01-01 22:30:42.116  1004  1016 E StrictMode: 	at android.os.StrictMode.readAndHandleBinderCallViolations(StrictMode.java:1911)
01-01 22:30:42.116  1004  1016 E StrictMode: 	at android.os.Parcel.readExceptionCode(Parcel.java:1601)
01-01 22:30:42.116  1004  1016 E StrictMode: 	at android.os.Parcel.readException(Parcel.java:1570)
01-01 22:30:42.116  1004  1016 E StrictMode: 	at joh.c(SourceFile:111)
01-01 22:30:42.116  1004  1016 E StrictMode: 	at ihg.equals(SourceFile:78)
01-01 22:30:42.116  1004  1016 E StrictMode: 	at izd.b(SourceFile:245)
01-01 22:30:42.116  1004  1016 E StrictMode: 	at izd.a(SourceFile:152)
01-01 22:30:42.116  1004  1016 E StrictMode: 	at izd.b(SourceFile:137)
01-01 22:30:42.116  1004  1016 E StrictMode: 	at izd.b(SourceFile:99)
01-01 22:30:42.116  1004  1016 E StrictMode: 	at aefd.c(SourceFile:571)
01-01 22:30:42.116  1004  1016 E StrictMode: 	at aefd.a(SourceFile:181)
01-01 22:30:42.116  1004  1016 E StrictMode: 	at aefe.b(SourceFile:93)
01-01 22:30:42.116  1004  1016 E StrictMode: 	at qmd.a(SourceFile:74)
01-01 22:30:42.116  1004  1016 E StrictMode: 	at qjf.a(SourceFile:1278)
01-01 22:30:42.116  1004  1016 E StrictMode: 	at rah.b(SourceFile:104)
01-01 22:30:42.116  1004  1016 E StrictMode: 	at rah.a(SourceFile:72)
01-01 22:30:42.116  1004  1016 E StrictMode: 	at rai.a(SourceFile:2052)
01-01 22:30:42.116  1004  1016 E StrictMode: 	at rap.c(SourceFile:205)
01-01 22:30:42.116  1004  1016 E StrictMode: 	at qzo.onTransact(SourceFile:150)
01-01 22:30:42.116  1004  1016 E StrictMode: 	at android.os.Binder.execTransact(Binder.java:453)
01-01 22:30:42.116  1004  1016 E StrictMode: # via Binder call with stack:
01-01 22:30:42.116  1004  1016 E StrictMode: android.os.StrictMode$LogStackTrace
01-01 22:30:42.116  1004  1016 E StrictMode: 	at android.os.StrictMode.readAndHandleBinderCallViolations(StrictMode.java:1911)
01-01 22:30:42.116  1004  1016 E StrictMode: 	at android.os.Parcel.readExceptionCode(Parcel.java:1601)
01-01 22:30:42.116  1004  1016 E StrictMode: 	at android.os.Parcel.readException(Parcel.java:1570)
01-01 22:30:42.116  1004  1016 E StrictMode: 	at joh.c(SourceFile:111)
01-01 22:30:42.116  1004  1016 E StrictMode: 	at ihg.equals(SourceFile:78)
01-01 22:30:42.116  1004  1016 E StrictMode: 	at izd.b(SourceFile:245)
01-01 22:30:42.116  1004  1016 E StrictMode: 	at izd.a(SourceFile:152)
01-01 22:30:42.116  1004  1016 E StrictMode: 	at izd.b(SourceFile:137)
01-01 22:30:42.116  1004  1016 E StrictMode: 	at izd.b(SourceFile:99)
01-01 22:30:42.116  1004  1016 E StrictMode: 	at aefd.c(SourceFile:571)
01-01 22:30:42.116  1004  1016 E StrictMode: 	at aefd.a(SourceFile:181)
01-01 22:30:42.116  1004  1016 E StrictMode: 	at aefe.b(SourceFile:93)
01-01 22:30:42.116  1004  1016 E StrictMode: 	at qmd.a(SourceFile:74)
01-01 22:30:42.116  1004  1016 E StrictMode: 	at qjf.a(SourceFile:1278)
01-01 22:30:42.116  1004  1016 E StrictMode: 	at rah.b(SourceFile:104)
01-01 22:30:42.116  1004  1016 E StrictMode: 	at rah.a(SourceFile:72)
01-01 22:30:42.116  1004  1016 E StrictMode: 	at rai.a(SourceFile:2052)
01-01 22:30:42.116  1004  1016 E StrictMode: 	at rap.c(SourceFile:205)
01-01 22:30:42.116  1004  1016 E StrictMode: 	at qzo.onTransact(SourceFile:150)
01-01 22:30:42.116  1004  1016 E StrictMode: 	at android.os.Binder.execTransact(Binder.java:453)
01-01 22:30:42.116  1004  1016 E StrictMode: # via Binder call with stack:
01-01 22:30:42.116  1004  1016 E StrictMode: android.os.StrictMode$LogStackTrace
01-01 22:30:42.116  1004  1016 E StrictMode: 	at android.os.StrictMode.readAndHandleBinderCallViolations(StrictMode.java:1911)
01-01 22:30:42.116  1004  1016 E StrictMode: 	at android.os.Parcel.readExceptionCode(Parcel.java:1601)
01-01 22:30:42.116  1004  1016 E StrictMode: 	at android.os.Parcel.readException(Parcel.java:1570)
01-01 22:30:42.116  1004  1016 E StrictMode: 	at joh.c(SourceFile:111)
01-01 22:30:42.116  1004  1016 E StrictMode: 	at ihg.equals(SourceFile:78)
01-01 22:30:42.116  1004  1016 E StrictMode: 	at izd.b(SourceFile:245)
01-01 22:30:42.116  1004  1016 E StrictMode: 	at izd.a(SourceFile:152)
01-01 22:30:42.116  1004  1016 E StrictMode: 	at izd.b(SourceFile:137)
01-01 22:30:42.116  1004  1016 E StrictMode: 	at izd.b(SourceFile:99)
01-01 22:30:42.116  1004  1016 E StrictMode: 	at aefd.c(SourceFile:571)
01-01 22:30:42.116  1004  1016 E StrictMode: 	at aefd.a(SourceFile:181)
01-01 22:30:42.116  1004  1016 E StrictMode: 	at aefe.b(SourceFile:93)
01-01 22:30:42.116  1004  1016 E StrictMode: 	at qmd.a(SourceFile:74)
01-01 22:30:42.116  1004  1016 E StrictMode: 	at qjf.a(SourceFile:1278)
01-01 22:30:42.116  1004  1016 E StrictMode: 	at rah.b(SourceFile:104)
01-01 22:30:42.116  1004  1016 E StrictMode: 	at rah.a(SourceFile:72)
01-01 22:30:42.116  1004  1016 E StrictMode: 	at rai.a(SourceFile:2052)
01-01 22:30:42.116  1004  1016 E StrictMode: 	at rap.c(SourceFile:205)
01-01 22:30:42.116  1004  1016 E StrictMode: 	at qzo.onTransact(SourceFile:150)
01-01 22:30:42.116  1004  1016 E StrictMode: 	at android.os.Binder.execTransact(Binder.java:453)
01-01 22:30:42.116  1004  1016 E StrictMode: # via Binder call with stack:
01-01 22:30:42.116  1004  1016 E StrictMode: android.os.StrictMode$LogStackTrace
01-01 22:30:42.116  1004  1016 E StrictMode: 	at android.os.StrictMode.readAndHandleBinderCallViolations(StrictMode.java:1911)
01-01 22:30:42.116  1004  1016 E StrictMode: 	at android.os.Parcel.readExceptionCode(Parcel.java:1601)
01-01 22:30:42.116  1004  1016 E StrictMode: 	at android.os.Parcel.readException(Parcel.java:1570)
01-01 22:30:42.116  1004  1016 E StrictMode: 	at joh.c(SourceFile:111)
01-01 22:30:42.116  1004  1016 E StrictMode: 	at ihg.equals(SourceFile:78)
01-01 22:30:42.116  1004  1016 E StrictMode: 	at izd.b(SourceFile:245)
01-01 22:30:42.116  1004  1016 E StrictMode: 	at izd.a(SourceFile:152)
01-01 22:30:42.116  1004  1016 E StrictMode: 	at izd.b(SourceFile:137)
01-01 22:30:42.116  1004  1016 E StrictMode: 	at izd.b(SourceFile:99)
01-01 22:30:42.116  1004  1016 E StrictMode: 	at aefd.c(SourceFile:571)
01-01 22:30:42.116  1004  1016 E StrictMode: 	at aefd.a(SourceFile:181)
01-01 22:30:42.116  1004  1016 E StrictMode: 	at aefe.b(SourceFile:93)
01-01 22:30:42.116  1004  1016 E StrictMode: 	at qmd.a(SourceFile:74)
01-01 22:30:42.116  1004  1016 E StrictMode: 	at qjf.a(SourceFile:1278)
01-01 22:30:42.116  1004  1016 E StrictMode: 	at rah.b(SourceFile:104)
01-01 22:30:42.116  1004  1016 E StrictMode: 	at rah.a(SourceFile:72)
01-01 22:30:42.116  1004  1016 E StrictMode: 	at rai.a(SourceFile:2052)
01-01 22:30:42.116  1004  1016 E StrictMode: 	at rap.c(SourceFile:205)
01-01 22:30:42.116  1004  1016 E StrictMode: 	at qzo.onTransact(SourceFile:150)
01-01 22:30:42.116  1004  1016 E StrictMode: 	at android.os.Binder.execTransact(Binder.java:453)
01-01 22:30:42.116  1004  1016 E StrictMode: # via Binder call with stack:
01-01 22:30:42.116  1004  1016 E StrictMode: android.os.StrictMode$LogStackTrace
01-01 22:30:42.116  1004  1016 E StrictMode: 	at android.os.StrictMode.readAndHandleBinderCallViolations(StrictMode.java:1911)
01-01 22:30:42.116  1004  1016 E StrictMode: 	at android.os.Parcel.readExceptionCode(Parcel.java:1601)
01-01 22:30:42.116  1004  1016 E StrictMode: 	at android.os.Parcel.readException(Parcel.java:1570)
01-01 22:30:42.116  1004  1016 E StrictMode: 	at joh.c(SourceFile:111)
01-01 22:30:42.116  1004  1016 E StrictMode: 	at ihg.equals(SourceFile:78)
01-01 22:30:42.116  1004  1016 E StrictMode: 	at izd.b(SourceFile:245)
01-01 22:30:42.116  1004  1016 E StrictMode: 	at izd.a(SourceFile:152)
01-01 22:30:42.116  1004  1016 E StrictMode: 	at izd.b(SourceFile:137)
01-01 22:30:42.116  1004  1016 E StrictMode: 	at izd.b(SourceFile:99)
01-01 22:30:42.116  1004  1016 E StrictMode: 	at aefd.c(SourceFile:571)
01-01 22:30:42.116  1004  1016 E StrictMode: 	at aefd.a(SourceFile:181)
01-01 22:30:42.116  1004  1016 E StrictMode: 	at aefe.b(SourceFile:93)
01-01 22:30:42.116  1004  1016 E StrictMode: 	at qmd.a(SourceFile:74)
01-01 22:30:42.116  1004  1016 E StrictMode: 	at qjf.a(SourceFile:1278)
01-01 22:30:42.116  1004  1016 E StrictMode: 	at rah.b(SourceFile:104)
01-01 22:30:42.116  1004  1016 E StrictMode: 	at rah.a(SourceFile:72)
01-01 22:30:42.116  1004  1016 E StrictMode: 	at rai.a(SourceFile:2052)
01-01 22:30:42.116  1004  1016 E StrictMode: 	at rap.c(SourceFile:205)
01-01 22:30:42.116  1004  1016 E StrictMode: 	at qzo.onTransact(SourceFile:150)
01-01 22:30:42.116  1004  1016 E StrictMode: 	at android.os.Binder.execTransact(Binder.java:453)
01-01 22:30:42.116  1004  1016 E StrictMode: # via Binder call with stack:
01-01 22:30:42.116  1004  1016 E StrictMode: android.os.StrictMode$Lo
01-01 22:30:42.118  1004  1016 D Error   : ERR: exClass=android.util.Log$TerribleFailure
01-01 22:30:42.119  1004  1016 D Error   : ERR: exMsg=Stack is too large: numViolations=1 policy=#680007 front= android.app.SharedPreferencesImpl.getString(SharedPreferencesImpl.java:224)
01-01 22:30:42.119  1004  1016 D Error   : 	at rah.a(SourceFile:60)
01-01 22:30:42.119  1004  1016 D Error   : 	at rai.a(SourceFile:2052)
01-01 22:30:42.119  1004  1016 D Error   : 	at rap.c(SourceFile:205)
01-01 22:30:42.119  1004  1016 D Error   : 	at qzo.onTransact(SourceFile:150)
01-01 22:30:42.119  1004  1016 D Error   : 	at android.os.Binder.execTransact(Binder.java:453)
01-01 22:30:42.119  1004  1016 D Error   : # via Binder call with stack:
01-01 22:30:42.119  1004  1016 D Error   : android.os.StrictMode$LogStackTrace
01-01 22:30:42.119  1004  1016 D Error   : 	at android.os.StrictMode.readAndHandleBinderCallViolations(StrictMode.java:1911)
01-01 22:30:42.119  1004  1016 D Error   : 	at android.os.Parcel.readExceptionCode(Parcel.java:1601)
01-01 22:30:42.119  1004  1016 D Error   : 	at android.os.Parcel.readException(Parcel.java:1570)
01-01 22:30:42.119  1004  1016 D Error   : 	at joh.c(SourceFile:111)
01-01 22:30:42.119  1004  1016 D Error   : 	at ihg.equals(SourceFile:78)
01-01 22:30:42.119  1004  1016 D Error   : 	at izd.b(SourceFile:245)
01-01 22:30:42.119  1004  1016 D Error   : 	at izd.a(SourceFile:152)
01-01 22:30:42.119  1004  1016 D Error   : 	at izd.b(SourceFile:137)
01-01 22:30:42.119  1004  1016 D Error   : 	at izd.b(SourceFile:99)
01-01 22:30:42.119  1004  1016 D Error   : 	at aefd.c(SourceFile:571)
01-01 22:30:42.119  1004  1016 D Error   : 	at aefd.a(SourceFile:181)
01-01 22:30:42.119  1004  1016 D Error   : 	at aefe.b(SourceFile:93)
01-01 22:30:42.119  1004  1016 D Error   : 	at qmd.a(SourceFile:74)
01-01 22:30:42.119  1004  1016 D Error   : 	at qjf.a(SourceFile:1278)
01-01 22:30:42.119  1004  1016 D Error   : 	at rah.b(SourceFile:104)
01-01 22:30:42.119  1004  1016 D Error   : 	at rah.a(SourceFile:72)
01-01 22:30:42.119  1004  1016 D Error   : 	at rai.a(SourceFile:2052)
01-01 22:30:42.119  1004  1016 D Error   : 	at rap.c(SourceFile:205)
01-01 22:30:42.119  1004  1016 D Error   : 	at qzo.onTransact(SourceFile:150)
01-01 22:30:42.119  1004  1016 D Error   : 	at android.os.Binder.execTransact(Binder.java:453)
01-01 22:30:42.119  1004  1016 D Error   : # via Binder call with stack:
01-01 22:30:42.119  1004  1016 D Error   : android.os.StrictMode$LogStackTrace
01-01 22:30:42.119  1004  1016 D Error   : 	at android.os.StrictMode.readAndHandleBinderCallViolations(StrictMode.java:1911)
01-01 22:30:42.119  1004  1016 D Error   : 	at android.os.Parcel.readExceptionCode(Parcel.java:1601)
01-01 22:30:42.119  1004  1016 D Error   : 	at android.os.Parcel.readException(Parcel.java:1570)
01-01 22:30:42.119  1004  1016 D Error   : 	at joh.c(SourceFile:111)
01-01 22:30:42.119  1004  1016 D Error   : 	at ihg.equals(SourceFile:78)
01-01 22:30:42.119  1004  1016 D Error   : 	at izd.b(SourceFile:245)
01-01 22:30:42.119  1004  1016 D Error   : 	at izd.a(SourceFile:152)
01-01 22:30:42.119  1004  1016 D Error   : 	at izd.b(SourceFile:137)
01-01 22:30:42.119  1004  1016 D Error   : 	at izd.b(SourceFile:99)
01-01 22:30:42.119  1004  1016 D Error   : 	at aefd.c(SourceFile:571)
01-01 22:30:42.119  1004  1016 D Error   : 	at aefd.a(SourceFile:181)
01-01 22:30:42.119  1004  1016 D Error   : 	at aefe.b(SourceFile:93)
01-01 22:30:42.119  1004  1016 D Error   : 	at qmd.a(SourceFile:74)
01-01 22:30:42.119  1004  1016 D Error   : 	at qjf.a(SourceFile:1278)
01-01 22:30:42.119  1004  1016 D Error   : 	at rah.b(SourceFile:104)
01-01 22:30:42.119  1004  1016 D Error   : 	at rah.a(SourceFile:72)
01-01 22:30:42.119  1004  1016 D Error   : 	at rai.a(SourceFile:2052)
01-01 22:30:42.119  1004  1016 D Error   : 	at rap.c(SourceFile:205)
01-01 22:30:42.119  1004  1016 D Error   : 	at qzo.onTransact(SourceFile:150)
01-01 22:30:42.119  1004  1016 D Error   : 	at android.os.Binder.execTransact(Binder.java:453)
01-01 22:30:42.119  1004  1016 D Error   : # via Binder call with stack:
01-01 22:30:42.119  1004  1016 D Error   : android.os.StrictMode$LogStackTrace
01-01 22:30:42.119  1004  1016 D Error   : 	at android.os.StrictMode.readAndHandleBinderCallViolations(StrictMode.java:1911)
01-01 22:30:42.119  1004  1016 D Error   : 	at android.os.Parcel.readExceptionCode(Parcel.java:1601)
01-01 22:30:42.119  1004  1016 D Error   : 	at android.os.Parcel.readException(Parcel.java:1570)
01-01 22:30:42.119  1004  1016 D Error   : 	at joh.c(SourceFile:111)
01-01 22:30:42.119  1004  1016 D Error   : 	at ihg.equals(SourceFile:78)
01-01 22:30:42.119  1004  1016 D Error   : 	at izd.b(SourceFile:245)
01-01 22:30:42.119  1004  1016 D Error   : 	at izd.a(SourceFile:152)
01-01 22:30:42.119  1004  1016 D Error   : 	at izd.b(SourceFile:137)
01-01 22:30:42.119  1004  1016 D Error   : 	at izd.b(SourceFile:99)
01-01 22:30:42.119  1004  1016 D Error   : 	at aefd.c(SourceFile:571)
01-01 22:30:42.119  1004  1016 D Error   : 	at aefd.a(SourceFile:181)
01-01 22:30:42.119  1004  1016 D Error   : 	at aefe.b(SourceFile:93)
01-01 22:30:42.119  1004  1016 D Error   : 	at qmd.a(SourceFile:74)
01-01 22:30:42.119  1004  1016 D Error   : 	at qjf.a(SourceFile:1278)
01-01 22:30:42.119  1004  1016 D Error   : 	at rah.b(SourceFile:104)
01-01 22:30:42.119  1004  1016 D Error   : 	at rah.a(SourceFile:72)
01-01 22:30:42.119  1004  1016 D Error   : 	at rai.a(SourceFile:2052)
01-01 22:30:42.119  1004  1016 D Error   : 	at rap.c(SourceFile:205)
01-01 22:30:42.119  1004  1016 D Error   : 	at qzo.onTransact(SourceFile:150)
01-01 22:30:42.119  1004  1016 D Error   : 	at android.os.Binder.execTransact(Binder.java:453)
01-01 22:30:42.119  1004  1016 D Error   : # via Binder call with stack:
01-01 22:30:42.119  1004  1016 D Error   : android.os.StrictMode$LogStackTrace
01-01 22:30:42.119  1004  1016 D Error   : 	at android.os.StrictMode.readAndHandleBinderCallViolations(StrictMode.java:1911)
01-01 22:30:42.119  1004  1016 D Error   : 	at android.os.Parcel.readExceptionCode(Parcel.java:1601)
01-01 22:30:42.119  1004  1016 D Error   : 	at android.os.Parcel.readException(Parcel.java:1570)
01-01 22:30:42.119  1004  1016 D Error   : 	at joh.c(SourceFile:111)
01-01 22:30:42.119  1004  1016 D Error   : 	at ihg.equals(SourceFile:78)
01-01 22:30:42.119  1004  1016 D Error   : 	at izd.b(SourceFile:245)
01-01 22:30:42.119  1004  1016 D Error   : 	at izd.a(SourceFile:152)
01-01 22:30:42.119  1004  1016 D Error   : 	at izd.b(SourceFile:137)
01-01 22:30:42.119  1004  1016 D Error   : 	at izd.b(SourceFile:99)
01-01 22:30:42.119  1004  1016 D Error   : 	at aefd.c(SourceFile:571)
01-01 22:30:42.119  1004  1016 D Error   : 	at aefd.a(SourceFile:181)
01-01 22:30:42.119  1004  1016 D Error   : 	at aefe.b(SourceFile:93)
01-01 22:30:42.119  1004  1016 D Error   : 	at qmd.a(SourceFile:74)
01-01 22:30:42.119  1004  1016 D Error   : 	at qjf.a(SourceFile:1278)
01-01 22:30:42.119  1004  1016 D Error   : 	at rah.b(SourceFile:104)
01-01 22:30:42.119  1004  1016 D Error   : 	at rah.a(SourceFile:72)
01-01 22:30:42.119  1004  1016 D Error   : 	at rai.a(SourceFile:2052)
01-01 22:30:42.119  1004  1016 D Error   : 	at rap.c(SourceFile:205)
01-01 22:30:42.119  1004  1016 D Error   : 	at qzo.onTransact(SourceFile:150)
01-01 22:30:42.119  1004  1016 D Error   : 	at android.os.Binder.execTransact(Binder.java:453)
01-01 22:30:42.119  1004  1016 D Error   : # via Binder call with stack:
01-01 22:30:42.119  1004  1016 D Error   : android.os.StrictMode$LogStackTrace
01-01 22:30:42.119  1004  1016 D Error   : 	at android.os.StrictMode.readAndHandleBinderCallViolations(StrictMode.java:1911)
01-01 22:30:42.119  1004  1016 D Error   : 	at android.os.Parcel.readExceptionCode(Parcel.java:1601)
01-01 22:30:42.119  1004  1016 D Error   : 	at android.os.Parcel.readException(Parcel.java:1570)
01-01 22:30:42.119  1004  1016 D Error   : 	at joh.c(SourceFile:111)
01-01 22:30:42.119  1004  1016 D Error   : 	at ihg.equals(SourceFile:78)
01-01 22:30:42.119  1004  1016 D Error   : 	at izd.b(SourceFile:245)
01-01 22:30:42.119  1004  1016 D Error   : 	at izd.a(SourceFile:152)
01-01 22:30:42.119  1004  1016 D Error   : 	at izd.b(SourceFile:137)
01-01 22:30:42.119  1004  1016 D Error   : 	at izd.b(SourceFile:99)
01-01 22:30:42.119  1004  1016 D Error   : 	at aefd.c(SourceFile:571)
01-01 22:30:42.119  1004  1016 D Error   : 	at aefd.a(SourceFile:181)
01-01 22:30:42.119  1004  1016 D Error   : 	at aefe.b(SourceFile:93)
01-01 22:30:42.119  1004  1016 D Error   : 	at qmd.a(SourceFile:74)
01-01 22:30:42.119  1004  1016 D Error   : 	at qjf.a(SourceFile:1278)
01-01 22:30:42.119  1004  1016 D Error   : 	at rah.b(SourceFile:104)
01-01 22:30:42.119  1004  1016 D Error   : 	at rah.a(SourceFile:72)
01-01 22:30:42.119  1004  1016 D Error   : 	at rai.a(SourceFile:2052)
01-01 22:30:42.119  1004  1016 D Error   : 	at rap.c(SourceFile:205)
01-01 22:30:42.119  1004  1016 D Error   : 	at qzo.onTransact(SourceFile:150)
01-01 22:30:42.119  1004  1016 D Error   : 	at android.os.Binder.execTransact(Binder.java:453)
01-01 22:30:42.119  1004  1016 D Error   : # via Binder call with stack:
01-01 22:30:42.119  1004  1016 D Error   : android.os.StrictM
01-01 22:30:42.119  1004  1016 D Error   : ERR: file=Log.java
01-01 22:30:42.119  1004  1016 D Error   : ERR: class=android.util.Log
01-01 22:30:42.119  1004  1016 D Error   : ERR: method=wtf line=291
01-01 22:30:42.120  1004  1016 D Error   : ERR: stack=android.util.Log$TerribleFailure: Stack is too large: numViolations=1 policy=#680007 front= android.app.SharedPreferencesImpl.getString(SharedPreferencesImpl.java:224)
01-01 22:30:42.120  1004  1016 D Error   : 	at rah.a(SourceFile:60)
01-01 22:30:42.120  1004  1016 D Error   : 	at rai.a(SourceFile:2052)
01-01 22:30:42.120  1004  1016 D Error   : 	at rap.c(SourceFile:205)
01-01 22:30:42.120  1004  1016 D Error   : 	at qzo.onTransact(SourceFile:150)
01-01 22:30:42.120  1004  1016 D Error   : 	at android.os.Binder.execTransact(Binder.java:453)
01-01 22:30:42.120  1004  1016 D Error   : # via Binder call with stack:
01-01 22:30:42.120  1004  1016 D Error   : android.os.StrictMode$LogStackTrace
01-01 22:30:42.120  1004  1016 D Error   : 	at android.os.StrictMode.readAndHandleBinderCallViolations(StrictMode.java:1911)
01-01 22:30:42.120  1004  1016 D Error   : 	at android.os.Parcel.readExceptionCode(Parcel.java:1601)
01-01 22:30:42.120  1004  1016 D Error   : 	at android.os.Parcel.readException(Parcel.java:1570)
01-01 22:30:42.120  1004  1016 D Error   : 	at joh.c(SourceFile:111)
01-01 22:30:42.120  1004  1016 D Error   : 	at ihg.equals(SourceFile:78)
01-01 22:30:42.120  1004  1016 D Error   : 	at izd.b(SourceFile:245)
01-01 22:30:42.120  1004  1016 D Error   : 	at izd.a(SourceFile:152)
01-01 22:30:42.120  1004  1016 D Error   : 	at izd.b(SourceFile:137)
01-01 22:30:42.120  1004  1016 D Error   : 	at izd.b(SourceFile:99)
01-01 22:30:42.120  1004  1016 D Error   : 	at aefd.c(SourceFile:571)
01-01 22:30:42.120  1004  1016 D Error   : 	at aefd.a(SourceFile:181)
01-01 22:30:42.120  1004  1016 D Error   : 	at aefe.b(SourceFile:93)
01-01 22:30:42.120  1004  1016 D Error   : 	at qmd.a(SourceFile:74)
01-01 22:30:42.120  1004  1016 D Error   : 	at qjf.a(SourceFile:1278)
01-01 22:30:42.120  1004  1016 D Error   : 	at rah.b(SourceFile:104)
01-01 22:30:42.120  1004  1016 D Error   : 	at rah.a(SourceFile:72)
01-01 22:30:42.120  1004  1016 D Error   : 	at rai.a(SourceFile:2052)
01-01 22:30:42.120  1004  1016 D Error   : 	at rap.c(SourceFile:205)
01-01 22:30:42.120  1004  1016 D Error   : 	at qzo.onTransact(SourceFile:150)
01-01 22:30:42.120  1004  1016 D Error   : 	at android.os.Binder.execTransact(Binder.java:453)
01-01 22:30:42.120  1004  1016 D Error   : # via Binder call with stack:
01-01 22:30:42.120  1004  1016 D Error   : android.os.StrictMode$LogStackTrace
01-01 22:30:42.120  1004  1016 D Error   : 	at android.os.StrictMode.readAndHandleBinderCallViolations(StrictMode.java:1911)
01-01 22:30:42.120  1004  1016 D Error   : 	at android.os.Parcel.readExceptionCode(Parcel.java:1601)
01-01 22:30:42.120  1004  1016 D Error   : 	at android.os.Parcel.readException(Parcel.java:1570)
01-01 22:30:42.120  1004  1016 D Error   : 	at joh.c(SourceFile:111)
01-01 22:30:42.120  1004  1016 D Error   : 	at ihg.equals(SourceFile:78)
01-01 22:30:42.120  1004  1016 D Error   : 	at izd.b(SourceFile:245)
01-01 22:30:42.120  1004  1016 D Error   : 	at izd.a(SourceFile:152)
01-01 22:30:42.120  1004  1016 D Error   : 	at izd.b(SourceFile:137)
01-01 22:30:42.120  1004  1016 D Error   : 	at izd.b(SourceFile:99)
01-01 22:30:42.120  1004  1016 D Error   : 	at aefd.c(SourceFile:571)
01-01 22:30:42.120  1004  1016 D Error   : 	at aefd.a(SourceFile:181)
01-01 22:30:42.120  1004  1016 D Error   : 	at aefe.b(SourceFile:93)
01-01 22:30:42.120  1004  1016 D Error   : 	at qmd.a(SourceFile:74)
01-01 22:30:42.120  1004  1016 D Error   : 	at qjf.a(SourceFile:1278)
01-01 22:30:42.120  1004  1016 D Error   : 	at rah.b(SourceFile:104)
01-01 22:30:42.120  1004  1016 D Error   : 	at rah.a(SourceFile:72)
01-01 22:30:42.120  1004  1016 D Error   : 	at rai.a(SourceFile:2052)
01-01 22:30:42.120  1004  1016 D Error   : 	at rap.c(SourceFile:205)
01-01 22:30:42.120  1004  1016 D Error   : 	at qzo.onTransact(SourceFile:150)
01-01 22:30:42.120  1004  1016 D Error   : 	at android.os.Binder.execTransact(Binder.java:453)
01-01 22:30:42.120  1004  1016 D Error   : # via Binder call with stack:
01-01 22:30:42.120  1004  1016 D Error   : android.os.StrictMode$LogStackTrace
01-01 22:30:42.120  1004  1016 D Error   : 	at android.os.StrictMode.readAndHandleBinderCallViolations(StrictMode.java:1911)
01-01 22:30:42.120  1004  1016 D Error   : 	at android.os.Parcel.readExceptionCode(Parcel.java:1601)
01-01 22:30:42.120  1004  1016 D Error   : 	at android.os.Parcel.readException(Parcel.java:1570)
01-01 22:30:42.120  1004  1016 D Error   : 	at joh.c(SourceFile:111)
01-01 22:30:42.120  1004  1016 D Error   : 	at ihg.equals(SourceFile:78)
01-01 22:30:42.120  1004  1016 D Error   : 	at izd.b(SourceFile:245)
01-01 22:30:42.120  1004  1016 D Error   : 	at izd.a(SourceFile:152)
01-01 22:30:42.120  1004  1016 D Error   : 	at izd.b(SourceFile:137)
01-01 22:30:42.120  1004  1016 D Error   : 	at izd.b(SourceFile:99)
01-01 22:30:42.120  1004  1016 D Error   : 	at aefd.c(SourceFile:571)
01-01 22:30:42.120  1004  1016 D Error   : 	at aefd.a(SourceFile:181)
01-01 22:30:42.120  1004  1016 D Error   : 	at aefe.b(SourceFile:93)
01-01 22:30:42.120  1004  1016 D Error   : 	at qmd.a(SourceFile:74)
01-01 22:30:42.120  1004  1016 D Error   : 	at qjf.a(SourceFile:1278)
01-01 22:30:42.120  1004  1016 D Error   : 	at rah.b(SourceFile:104)
01-01 22:30:42.120  1004  1016 D Error   : 	at rah.a(SourceFile:72)
01-01 22:30:42.120  1004  1016 D Error   : 	at rai.a(SourceFile:2052)
01-01 22:30:42.120  1004  1016 D Error   : 	at rap.c(SourceFile:205)
01-01 22:30:42.120  1004  1016 D Error   : 	at qzo.onTransact(SourceFile:150)
01-01 22:30:42.120  1004  1016 D Error   : 	at android.os.Binder.execTransact(Binder.java:453)
01-01 22:30:42.120  1004  1016 D Error   : # via Binder call with stack:
01-01 22:30:42.120  1004  1016 D Error   : android.os.StrictMode$LogStackTrace
01-01 22:30:42.120  1004  1016 D Error   : 	at android.os.StrictMode.readAndHandleBinderCallViolations(StrictMode.java:1911)
01-01 22:30:42.120  1004  1016 D Error   : 	at android.os.Parcel.readExceptionCode(Parcel.java:1601)
01-01 22:30:42.120  1004  1016 D Error   : 	at android.os.Parcel.readException(Parcel.java:1570)
01-01 22:30:42.120  1004  1016 D Error   : 	at joh.c(SourceFile:111)
01-01 22:30:42.120  1004  1016 D Error   : 	at ihg.equals(SourceFile:78)
01-01 22:30:42.120  1004  1016 D Error   : 	at izd.b(SourceFile:245)
01-01 22:30:42.120  1004  1016 D Error   : 	at izd.a(SourceFile:152)
01-01 22:30:42.120  1004  1016 D Error   : 	at izd.b(SourceFile:137)
01-01 22:30:42.120  1004  1016 D Error   : 	at izd.b(SourceFile:99)
01-01 22:30:42.120  1004  1016 D Error   : 	at aefd.c(SourceFile:571)
01-01 22:30:42.120  1004  1016 D Error   : 	at aefd.a(SourceFile:181)
01-01 22:30:42.120  1004  1016 D Error   : 	at aefe.b(SourceFile:93)
01-01 22:30:42.120  1004  1016 D Error   : 	at qmd.a(SourceFile:74)
01-01 22:30:42.120  1004  1016 D Error   : 	at qjf.a(SourceFile:1278)
01-01 22:30:42.120  1004  1016 D Error   : 	at rah.b(SourceFile:104)
01-01 22:30:42.120  1004  1016 D Error   : 	at rah.a(SourceFile:72)
01-01 22:30:42.120  1004  1016 D Error   : 	at rai.a(SourceFile:2052)
01-01 22:30:42.120  1004  1016 D Error   : 	at rap.c(SourceFile:205)
01-01 22:30:42.120  1004  1016 D Error   : 	at qzo.onTransact(SourceFile:150)
01-01 22:30:42.120  1004  1016 D Error   : 	at android.os.Binder.execTransact(Binder.java:453)
01-01 22:30:42.120  1004  1016 D Error   : # via Binder call with stack:
01-01 22:30:42.120  1004  1016 D Error   : android.os.StrictMode$LogStackTrace
01-01 22:30:42.120  1004  1016 D Error   : 	at android.os.StrictMode.readAndHandleBinderCallViolations(StrictMode.java:1911)
01-01 22:30:42.120  1004  1016 D Error   : 	at android.os.Parcel.readExceptionCode(Parcel.java:1601)
01-01 22:30:42.120  1004  1016 D Error   : 	at android.os.Parcel.readException(Parcel.java:1570)
01-01 22:30:42.120  1004  1016 D Error   : 	at joh.c(SourceFile:111)
01-01 22:30:42.120  1004  1016 D Error   : 	at ihg.equals(SourceFile:78)
01-01 22:30:42.120  1004  1016 D Error   : 	at izd.b(SourceFile:245)
01-01 22:30:42.120  1004  1016 D Error   : 	at izd.a(SourceFile:152)
01-01 22:30:42.120  1004  1016 D Error   : 	at izd.b(SourceFile:137)
01-01 22:30:42.120  1004  1016 D Error   : 	at izd.b(SourceFile:99)
01-01 22:30:42.120  1004  1016 D Error   : 	at aefd.c(SourceFile:571)
01-01 22:30:42.120  1004  1016 D Error   : 	at aefd.a(SourceFile:181)
01-01 22:30:42.120  1004  1016 D Error   : 	at aefe.b(SourceFile:93)
01-01 22:30:42.120  1004  1016 D Error   : 	at qmd.a(SourceFile:74)
01-01 22:30:42.120  1004  1016 D Error   : 	at qjf.a(SourceFile:1278)
01-01 22:30:42.120  1004  1016 D Error   : 	at rah.b(SourceFile:104)
01-01 22:30:42.120  1004  1016 D Error   : 	at rah.a(SourceFile:72)
01-01 22:30:42.120  1004  1016 D Error   : 	at rai.a(SourceFile:2052)
01-01 22:30:42.120  1004  1016 D Error   : 	at rap.c(SourceFile:205)
01-01 22:30:42.120  1004  1016 D Error   : 	at qzo.onTransact(SourceFile:150)
01-01 22:30:42.120  1004  1016 D Error   : 	at android.os.Binder.execTransact(Binder.java:453)
01-01 22:30:42.120  1004  1016 D Error   : # via Binder c
01-01 22:30:42.120  1004  1016 D Error   : ERR: TOTAL BYTES WRITTEN: 121672
01-01 22:30:42.127  1004  1285 W GCoreFlp: No location to return for getLastLocation()
01-01 22:30:42.127  1004  1016 W FusedLocationProvider: location=null
01-01 22:30:42.134  1004  1285 W GCoreFlp: No location to return for getLastLocation()
01-01 22:30:42.135  1004  1288 W FusedLocationProvider: location=null
01-01 22:30:42.213  1558  1654 D bt_hwcfg: Settlement delay -- 200 ms
01-01 22:30:42.213  1558  1654 I bt_hwcfg: Setting fw settlement delay to 200 
01-01 22:30:42.268  1004  1750 I PhenotypeFlagCommitter: Experiment Configs successfully retrieved for com.google.android.gms.lockbox
01-01 22:30:42.294  1004  1285 W GCoreFlp: No location to return for getLastLocation()
01-01 22:30:42.294  1004  1750 W FusedLocationProvider: location=null
01-01 22:30:42.301  1721  1731 W art     : Suspending all threads took: 165.423ms
01-01 22:30:42.425  1558  1654 I bt_hwcfg: bt vendor lib: set UART baud 1500000
01-01 22:30:42.428  1004  1424 I GCoreUlr: WorldUpdater:android.intent.action.BOOT_COMPLETED: Ensuring that reporting is stopped because of reasons: (no Google accounts)
01-01 22:30:42.451  1004  1424 I GCoreUlr: Unbound from all location providers
01-01 22:30:42.475   571   624 E wifi    : wifi_get_supported_feature_set returned error = 0xffffffa1
01-01 22:30:42.514  1721  1808 W GooglePlayServicesUtil: Google Play services out of date.  Requires 11910000 but found 9083436
01-01 22:30:42.578  1004  1004 I GCoreUlr: DispatchingService.onDestroy()
01-01 22:30:42.578  1004  1004 I GCoreUlr: Stopping handler for UlrDispSvcFast
01-01 22:30:42.582  1004  1004 I GCoreUlr: Unbound from all location providers
01-01 22:30:42.606   571   591 E BluetoothManagerService: waitForOnOff time out
01-01 22:30:42.607  1558  1640 D BluetoothAdapterState: Current state: PENDING_COMMAND, message: 23
01-01 22:30:42.607  1558  1640 I BluetoothAdapterState: Deferring BLE_TURN_OFF request...
01-01 22:30:42.625  1558  1654 I bt_hwcfg: Setting local bd addr to CC:4B:73:82:30:51
01-01 22:30:42.626  1558  1654 I bt_hwcfg: vendor lib fwcfg completed
01-01 22:30:42.626  1558  1654 I bt_vendor: firmware callback
01-01 22:30:42.626  1558  1654 I bt_hci  : firmware_config_callback
01-01 22:30:42.628  1558  1830 I bt_btu  : btu_task pending for preload complete event
01-01 22:30:42.628  1558  1830 I bt_btu_task: Bluetooth chip preload is complete
01-01 22:30:42.628  1558  1830 I bt_btu  : btu_task received preload complete event
01-01 22:30:42.630  1558  1830 I         : BTE_InitTraceLevels -- TRC_HCI
01-01 22:30:42.630  1558  1830 I         : BTE_InitTraceLevels -- TRC_L2CAP
01-01 22:30:42.630  1558  1830 I         : BTE_InitTraceLevels -- TRC_RFCOMM
01-01 22:30:42.630  1558  1830 I         : BTE_InitTraceLevels -- TRC_AVDT
01-01 22:30:42.630  1558  1830 I         : BTE_InitTraceLevels -- TRC_AVRC
01-01 22:30:42.630  1558  1830 I         : BTE_InitTraceLevels -- TRC_A2D
01-01 22:30:42.630  1558  1830 I         : BTE_InitTraceLevels -- TRC_BNEP
01-01 22:30:42.630  1558  1830 I         : BTE_InitTraceLevels -- TRC_BTM
01-01 22:30:42.630  1558  1830 I         : BTE_InitTraceLevels -- TRC_GAP
01-01 22:30:42.630  1558  1830 I         : BTE_InitTraceLevels -- TRC_PAN
01-01 22:30:42.630  1558  1830 I         : BTE_InitTraceLevels -- TRC_SDP
01-01 22:30:42.630  1558  1830 I         : BTE_InitTraceLevels -- TRC_GATT
01-01 22:30:42.630  1558  1830 I         : BTE_InitTraceLevels -- TRC_SMP
01-01 22:30:42.630  1558  1830 I         : BTE_InitTraceLevels -- TRC_BTAPP
01-01 22:30:42.630  1558  1830 I         : BTE_InitTraceLevels -- TRC_BTIF
01-01 22:30:42.638  1721  1808 W GooglePlayServicesUtil: Google Play services out of date.  Requires 11910000 but found 9083436
01-01 22:30:42.641  1721  1834 W GooglePlayServicesUtil: Google Play services out of date.  Requires 11910000 but found 9083436
01-01 22:30:42.749  1558  1830 I bt_btm_sec: BTM_SecRegister p_cb_info->p_le_callback == 0x0xa1dbb599
01-01 22:30:42.750  1558  1830 I bt_btm_sec: BTM_SecRegister btm_cb.api.p_le_callback = 0x0xa1dbb599 
01-01 22:30:42.767  1558  1644 I bt_btif_storage: btif_storage_get_adapter_property service_mask:0x20000000
01-01 22:30:42.768  1558  1644 D BluetoothAdapterProperties: Address is:CC:4B:73:82:30:51
01-01 22:30:42.769  1558  1644 D BluetoothAdapterProperties: Name is: Brandon's temi
01-01 22:30:42.770  1558  1644 D BluetoothAdapterProperties: Scan Mode:20
01-01 22:30:42.770  1558  1644 D BluetoothAdapterProperties: Discoverable Timeout:120
01-01 22:30:42.770  1558  1644 D bt_hci  : do_postload posting postload work item
01-01 22:30:42.770  1558  1654 I bt_hci  : event_postload
01-01 22:30:42.770  1558  1654 D bt_vendor: SCO config
01-01 22:30:42.770  1558  1654 I bt_vendor: sco_config_cb
01-01 22:30:42.770  1558  1654 I bt_hci  : sco_config_callback postload finished.
01-01 22:30:42.770  1004  1303 W GeofencerStateMachine: Ignoring removeGeofence because network location is disabled.
01-01 22:30:42.770  1004  1303 W GeofencerStateMachine: Ignoring removeGeofence because network location is disabled.
01-01 22:30:42.774  1558  1644 D bt_bte_conf: Device ID record 1 : primary
01-01 22:30:42.774  1558  1644 D bt_bte_conf:   vendorId            = 000f
01-01 22:30:42.774  1558  1644 D bt_bte_conf:   vendorIdSource      = 0001
01-01 22:30:42.774  1558  1644 D bt_bte_conf:   product             = 1200
01-01 22:30:42.774  1558  1644 D bt_bte_conf:   version             = 1436
01-01 22:30:42.774  1558  1644 D bt_bte_conf:   clientExecutableURL = 
01-01 22:30:42.774  1558  1644 D bt_bte_conf:   serviceDescription  = 
01-01 22:30:42.774  1558  1644 D bt_bte_conf:   documentationURL    = 
01-01 22:30:42.774  1558  1644 D bt_bte_conf: bte_load_did_conf no section named DID2.
01-01 22:30:42.775  1558  1641 D bt_stack_manager: event_start_up_stack finished
01-01 22:30:42.775  1558  1640 D BluetoothAdapterState: Current state: PENDING_COMMAND, message: 3
01-01 22:30:42.775  1558  1640 D BluetoothAdapterProperties: Setting state to 15
01-01 22:30:42.775  1558  1640 I BluetoothAdapterState: Bluetooth adapter state changed: 14-> 15
01-01 22:30:42.776  1558  1640 I BluetoothAdapterState: Entering BleOnState
01-01 22:30:42.776  1558  1640 D BluetoothAdapterState: Current state: BLE ON, message: 23
01-01 22:30:42.781  1558  1640 D BluetoothAdapterState: Current state: BLE ON, message: 1
01-01 22:30:42.781  1558  1640 D BluetoothAdapterProperties: Setting state to 11
01-01 22:30:42.781  1558  1640 I BluetoothAdapterState: Bluetooth adapter state changed: 15-> 11
01-01 22:30:42.786  1558  1558 D BluetoothAdapterService: getAdapterService() - returning com.android.bluetooth.btservice.AdapterService@5a3dfa
01-01 22:30:42.786  1558  1558 D A2dpSinkService: Received start request. Starting profile...
01-01 22:30:42.787  1558  1558 I BluetoothA2dpSinkServiceJni: classInitNative: succeeds
01-01 22:30:42.787  1558  1558 D A2dpSinkStateMachine: make
01-01 22:30:42.789  1558  1558 I bt_bluedroid: get_profile_interface a2dp_sink
01-01 22:30:42.789  1558  1558 E bt_btif : ## A2DP START MEDIA THREAD ##
01-01 22:30:42.790  1558  1644 I bt_btif_storage: btif_storage_get_adapter_property service_mask:0x20040008
01-01 22:30:42.790  1558  1843 E bt_btif : SETUP CHANNEL SERVER 0
01-01 22:30:42.791  1558  1644 I bt_btif_storage: btif_storage_get_adapter_property service_mask:0x20040008
01-01 22:30:42.802  1558  1841 D A2dpSinkStateMachine: Enter Disconnected: -2
01-01 22:30:42.802  1558  1841 D A2dpSinkStateMachine: stopPcmRead false
01-01 22:30:42.802  1558  1841 D A2dpSinkStateMachine: audioPause false
01-01 22:30:42.802  1558  1558 I BluetoothHidServiceJni: classInitNative: succeeds
01-01 22:30:42.803  1558  1558 D BluetoothAdapterService: getAdapterService() - returning com.android.bluetooth.btservice.AdapterService@5a3dfa
01-01 22:30:42.804  1558  1640 I BluetoothAdapterState: Entering PendingCommandState
01-01 22:30:42.808  1558  1558 D HidService: Received start request. Starting profile...
01-01 22:30:42.808   688   688 D BluetoothInputDevice: Proxy object connected
01-01 22:30:42.809  1558  1558 I bt_bluedroid: get_profile_interface hidhost
01-01 22:30:42.809  1558  1558 D HidService: setHidService(): set to: null
01-01 22:30:42.809  1558  1644 I bt_bta_hh: BTA_HhEnable sec_mask:0x36 p_cback:0xa1d9c409
01-01 22:30:42.809  1558  1644 I bt_btif_storage: btif_storage_get_adapter_property service_mask:0x20140008
01-01 22:30:42.809   688   688 D HidProfile: Bluetooth service connected
01-01 22:30:42.809  1558  1558 I BluetoothHealthServiceJni: classInitNative: succeeds
01-01 22:30:42.812  1558  1558 D BluetoothAdapterService: getAdapterService() - returning com.android.bluetooth.btservice.AdapterService@5a3dfa
01-01 22:30:42.812  1558  1558 D HealthService: Received start request. Starting profile...
01-01 22:30:42.814  1558  1558 I bt_bluedroid: get_profile_interface health
01-01 22:30:42.814  1558  1558 I BluetoothPanServiceJni: classInitNative(L105): succeeds
01-01 22:30:42.815  1558  1558 D BluetoothAdapterService: getAdapterService() - returning com.android.bluetooth.btservice.AdapterService@5a3dfa
01-01 22:30:42.817   688   688 D BluetoothPan: BluetoothPAN Proxy object connected
01-01 22:30:42.817   688   688 D PanProfile: Bluetooth service connected
01-01 22:30:42.817  1558  1558 D PanService: Received start request. Starting profile...
01-01 22:30:42.818  1558  1558 D BluetoothPanServiceJni: initializeNative(L110): pan
01-01 22:30:42.818  1558  1558 I bt_bluedroid: get_profile_interface pan
01-01 22:30:42.819  1558  1644 D BluetoothPanServiceJni: control_state_callback(L61): state:0, local_role:3, ifname:bt-pan
01-01 22:30:42.821  1558  1558 D BluetoothAdapterService: getAdapterService() - returning com.android.bluetooth.btservice.AdapterService@5a3dfa
01-01 22:30:42.821  1558  1558 D HeadsetClientService: Received start request. Starting profile...
01-01 22:30:42.822  1558  1558 I BluetoothHeadsetClientServiceJni: classInitNative succeeds
01-01 22:30:42.822  1558  1558 D HeadsetClientStateMachine: make
01-01 22:30:42.854   235   235 E MediaPlayerFactory: 2019 03 30 -------- getPlayerType()---------------- 234 !!!! 
01-01 22:30:42.854   235   235 E MediaPlayerFactory: filePath = /system/media/audio/alarms/Alarm_Classic.ogg 
01-01 22:30:42.854   235   235 E MediaPlayerFactory: 2019 03 30 -------- getPlayerType()---------------- return STAGEFRIGHT_PLAYER !!!! 
01-01 22:30:42.855   235   235 I AwesomePlayer: AwesomePlayer::AwesomePlayer()in
01-01 22:30:42.855   235   235 I AwesomePlayer: AwesomePlayer::AwesomePlayer()aftermClient.connect()
01-01 22:30:42.887   235   235 D WVMExtractor: Failed to open libwvm.so
01-01 22:30:42.888   235   235 D AwesomePlayer: the format is mimeTypeapplication/ogg,confidence:0.200000
01-01 22:30:42.909   235  1876 I OMXCodec: --->InstantiateSoftwareCodec create OMX.google.vorbis.decoder codec
01-01 22:30:42.912  1558  1558 D MediaPlayer: setSubtitleAnchor in MediaPlayer
01-01 22:30:42.918  1558  1558 D Ringtone: Successfully created local player
01-01 22:30:42.918  1558  1558 I bt_bluedroid: get_profile_interface handsfree_client
01-01 22:30:42.919  1558  1644 I bt_btif_storage: btif_storage_get_adapter_property service