01-01 22:30:41.568  1144  1165 D Error   : 	at izd.b(SourceFile:245)
01-01 22:30:41.568  1144  1165 D Error   : 	at izd.a(SourceFile:152)
01-01 22:30:41.568  1144  1165 D Error   : 	at izd.b(SourceFile:137)
01-01 22:30:41.568  1144  1165 D Error   : 	at izd.b(SourceFile:99)
01-01 22:30:41.568  1144  1165 D Error   : 	at aefd.c(SourceFile:571)
01-01 22:30:41.568  1144  1165 D Error   : 	at aefd.a(SourceFile:181)
01-01 22:30:41.568  1144  1165 D Error   : 	at aefe.b(SourceFile:93)
01-01 22:30:41.568  1144  1165 D Error   : 	at qmd.a(SourceFile:74)
01-01 22:30:41.568  1144  1165 D Error   : 	at qjf.a(SourceFile:1278)
01-01 22:30:41.568  1144  1165 D Error   : 	at rah.b(SourceFile:104)
01-01 22:30:41.568  1144  1165 D Error   : 	at rah.a(SourceFile:72)
01-01 22:30:41.568  1144  1165 D Error   : 	at rai.a(SourceFile:2052)
01-01 22:30:41.568  1144  1165 D Error   : 	at rap.c(SourceFile:205)
01-01 22:30:41.568  1144  1165 D Error   : 	at qzo.onTransact(SourceFile:150)
01-01 22:30:41.568  1144  1165 D Error   : 	at android.os.Binder.execTransact(Binder.java:453)
01-01 22:30:41.568  1144  1165 D Error   : # via Binder call with stack:
01-01 22:30:41.568  1144  1165 D Error   : android.os.StrictMode$LogStackTrace
01-01 22:30:41.568  1144  1165 D Error   : 	at android.os.StrictMode.readAndHandleBinderCallViolations(StrictMode.java:1911)
01-01 22:30:41.568  1144  1165 D Error   : 	at android.os.Parcel.readExceptionCode(Parcel.java:1601)
01-01 22:30:41.568  1144  1165 D Error   : 	at android.os.Parcel.readException(Parcel.java:1570)
01-01 22:30:41.568  1144  1165 D Error   : 	at joh.c(SourceFile:111)
01-01 22:30:41.568  1144  1165 D Error   : 	at ihg.equals(SourceFile:78)
01-01 22:30:41.568  1144  1165 D Error   : 	at izd.b(SourceFile:245)
01-01 22:30:41.568  1144  1165 D Error   : 	at izd.a(SourceFile:152)
01-01 22:30:41.568  1144  1165 D Error   : 	at izd.b(SourceFile:137)
01-01 22:30:41.568  1144  1165 D Error   : 	at izd.b(SourceFile:99)
01-01 22:30:41.568  1144  1165 D Error   : 	at aefd.c(SourceFile:571)
01-01 22:30:41.568  1144  1165 D Error   : 	at aefd.a(SourceFile:181)
01-01 22:30:41.568  1144  1165 D Error   : 	at aefe.b(SourceFile:93)
01-01 22:30:41.568  1144  1165 D Error   : 	at qmd.a(SourceFile:74)
01-01 22:30:41.568  1144  1165 D Error   : 	at qjf.a(SourceFile:1278)
01-01 22:30:41.568  1144  1165 D Error   : 	at rah.b(SourceFile:104)
01-01 22:30:41.568  1144  1165 D Error   : 	at rah.a(SourceFile:72)
01-01 22:30:41.568  1144  1165 D Error   : 	at rai.a(SourceFile:2052)
01-01 22:30:41.568  1144  1165 D Error   : 	at rap.c(SourceFile:205)
01-01 22:30:41.568  1144  1165 D Error   : 	at qzo.onTransact(SourceFile:150)
01-01 22:30:41.568  1144  1165 D Error   : 	at android.os.Binder.execTransact(Binder.java:453)
01-01 22:30:41.568  1144  1165 D Error   : # via Binder call with stack:
01-01 22:30:41.568  1144  1165 D Error   : android.os.StrictMode$LogStackTrace
01-01 22:30:41.568  1144  1165 D Error   : 	at android.os.StrictMode.readAndHandleBinderCallViolations(StrictMode.java:1911)
01-01 22:30:41.568  1144  1165 D Error   : 	at android.os.Parcel.readExceptionCode(Parcel.java:1601)
01-01 22:30:41.568  1144  1165 D Error   : 	at android.os.Parcel.readException(Parcel.java:1570)
01-01 22:30:41.568  1144  1165 D Error   : 	at joh.c(SourceFile:111)
01-01 22:30:41.568  1144  1165 D Error   : 	at ihg.equals(SourceFile:78)
01-01 22:30:41.568  1144  1165 D Error   : 	at izd.b(SourceFile:245)
01-01 22:30:41.568  1144  1165 D Error   : 	at izd.a(SourceFile:152)
01-01 22:30:41.568  1144  1165 D Error   : 	at izd.b(SourceFile:137)
01-01 22:30:41.568  1144  1165 D Error   : 	at izd.b(SourceFile:99)
01-01 22:30:41.568  1144  1165 D Error   : 	at aefd.c(SourceFile:571)
01-01 22:30:41.568  1144  1165 D Error   : 	at aefd.a(SourceFile:181)
01-01 22:30:41.568  1144  1165 D Error   : 	at aefe.b(SourceFile:93)
01-01 22:30:41.568  1144  1165 D Error   : 	at qmd.a(SourceFile:74)
01-01 22:30:41.568  1144  1165 D Error   : 	at qjf.a(SourceFile:1278)
01-01 22:30:41.568  1144  1165 D Error   : 	at rah.b(SourceFile:104)
01-01 22:30:41.568  1144  1165 D Error   : 	at rah.a(SourceFile:72)
01-01 22:30:41.568  1144  1165 D Error   : 	at rai.a(SourceFile:2052)
01-01 22:30:41.568  1144  1165 D Error   : 	at rap.c(SourceFile:205)
01-01 22:30:41.568  1144  1165 D Error   : 	at qzo.onTransact(SourceFile:150)
01-01 22:30:41.568  1144  1165 D Error   : 	at android.os.Binder.execTransact(Binder.java:453)
01-01 22:30:41.568  1144  1165 D Error   : # via Binder call with stack:
01-01 22:30:41.568  1144  1165 D Error   : android.os.StrictMode$LogStackTrace
01-01 22:30:41.568  1144  1165 D Error   : 	at android.os.StrictMode.readAndHandleBinderCallViolations(StrictMode.java:1911)
01-01 22:30:41.568  1144  1165 D Error   : 	at android.os.Parcel.readExceptionCode(Parcel.java:1601)
01-01 22:30:41.568  1144  1165 D Error   : 	at android.os.Parcel.readException(Parcel.java:1570)
01-01 22:30:41.568  1144  1165 D Error   : 	at joh.c(SourceFile:111)
01-01 22:30:41.568  1144  1165 D Error   : 	at ihg.equals(SourceFile:78)
01-01 22:30:41.568  1144  1165 D Error   : 	at izd.b(SourceFile:245)
01-01 22:30:41.568  1144  1165 D Error   : 	at izd.a(SourceFile:152)
01-01 22:30:41.568  1144  1165 D Error   : 	at izd.b(SourceFile:137)
01-01 22:30:41.568  1144  1165 D Error   : 	at izd.b(SourceFile:99)
01-01 22:30:41.568  1144  1165 D Error   : 	at aefd.c(SourceFile:571)
01-01 22:30:41.568  1144  1165 D Error   : 	at aefd.a(SourceFile:181)
01-01 22:30:41.568  1144  1165 D Error   : 	at aefe.b(SourceFile:93)
01-01 22:30:41.568  1144  1165 D Error   : 	at qmd.a(SourceFile:74)
01-01 22:30:41.568  1144  1165 D Error   : 	at qjf.a(SourceFile:1278)
01-01 22:30:41.568  1144  1165 D Error   : 	at rah.b(SourceFile:104)
01-01 22:30:41.568  1144  1165 D Error   : 	at rah.a(Sour
01-01 22:30:41.569  1144  1165 D Error   : ERR: TOTAL BYTES WRITTEN: 60700
01-01 22:30:41.569  1144  1165 D StrictMode: Wrote violation #0 of 1: 60744 bytes
01-01 22:30:41.573   569   580 D ConnectivityService: listenForNetwork for Listen from uid/pid:10043/2003 for NetworkRequest [ id=5, legacyType=-1, [ Capabilities: INTERNET&NOT_RESTRICTED&TRUSTED] ]
01-01 22:30:41.575  1144  1165 E StrictMode: Stack is too large: numViolations=1 policy=#680007 front= android.app.SharedPreferencesImpl.getString(SharedPreferencesImpl.java:224)
01-01 22:30:41.575  1144  1165 E StrictMode: 	at rah.a(SourceFile:60)
01-01 22:30:41.575  1144  1165 E StrictMode: 	at rai.a(SourceFile:2052)
01-01 22:30:41.575  1144  1165 E StrictMode: 	at rap.c(SourceFile:205)
01-01 22:30:41.575  1144  1165 E StrictMode: 	at qzo.onTransact(SourceFile:150)
01-01 22:30:41.575  1144  1165 E StrictMode: 	at android.os.Binder.execTransact(Binder.java:453)
01-01 22:30:41.575  1144  1165 E StrictMode: # via Binder call with stack:
01-01 22:30:41.575  1144  1165 E StrictMode: android.os.StrictMode$LogStackTrace
01-01 22:30:41.575  1144  1165 E StrictMode: 	at android.os.StrictMode.readAndHandleBinderCallViolations(StrictMode.java:1911)
01-01 22:30:41.575  1144  1165 E StrictMode: 	at android.os.Parcel.readExceptionCode(Parcel.java:1601)
01-01 22:30:41.575  1144  1165 E StrictMode: 	at android.os.Parcel.readException(Parcel.java:1570)
01-01 22:30:41.575  1144  1165 E StrictMode: 	at joh.c(SourceFile:111)
01-01 22:30:41.575  1144  1165 E StrictMode: 	at ihg.equals(SourceFile:78)
01-01 22:30:41.575  1144  1165 E StrictMode: 	at izd.b(SourceFile:245)
01-01 22:30:41.575  1144  1165 E StrictMode: 	at izd.a(SourceFile:152)
01-01 22:30:41.575  1144  1165 E StrictMode: 	at izd.b(SourceFile:137)
01-01 22:30:41.575  1144  1165 E StrictMode: 	at izd.b(SourceFile:99)
01-01 22:30:41.575  1144  1165 E StrictMode: 	at aefd.c(SourceFile:571)
01-01 22:30:41.575  1144  1165 E StrictMode: 	at aefd.a(SourceFile:181)
01-01 22:30:41.575  1144  1165 E StrictMode: 	at aefe.b(SourceFile:93)
01-01 22:30:41.575  1144  1165 E StrictMode: 	at qmd.a(SourceFile:74)
01-01 22:30:41.575  1144  1165 E StrictMode: 	at qjf.a(SourceFile:1278)
01-01 22:30:41.575  1144  1165 E StrictMode: 	at rah.b(SourceFile:104)
01-01 22:30:41.575  1144  1165 E StrictMode: 	at rah.a(SourceFile:72)
01-01 22:30:41.575  1144  1165 E StrictMode: 	at rai.a(SourceFile:2052)
01-01 22:30:41.575  1144  1165 E StrictMode: 	at rap.c(SourceFile:205)
01-01 22:30:41.575  1144  1165 E StrictMode: 	at qzo.onTransact(SourceFile:150)
01-01 22:30:41.575  1144  1165 E StrictMode: 	at android.os.Binder.execTransact(Binder.java:453)
01-01 22:30:41.575  1144  1165 E StrictMode: # via Binder call with stack:
01-01 22:30:41.575  1144  1165 E StrictMode: android.os.StrictMode$LogStackTrace
01-01 22:30:41.575  1144  1165 E StrictMode: 	at android.os.StrictMode.readAndHandleBinderCallViolations(StrictMode.java:1911)
01-01 22:30:41.575  1144  1165 E StrictMode: 	at android.os.Parcel.readExceptionCode(Parcel.java:1601)
01-01 22:30:41.575  1144  1165 E StrictMode: 	at android.os.Parcel.readException(Parcel.java:1570)
01-01 22:30:41.575  1144  1165 E StrictMode: 	at joh.c(SourceFile:111)
01-01 22:30:41.575  1144  1165 E StrictMode: 	at ihg.equals(SourceFile:78)
01-01 22:30:41.575  1144  1165 E StrictMode: 	at izd.b(SourceFile:245)
01-01 22:30:41.575  1144  1165 E StrictMode: 	at izd.a(SourceFile:152)
01-01 22:30:41.575  1144  1165 E StrictMode: 	at izd.b(SourceFile:137)
01-01 22:30:41.575  1144  1165 E StrictMode: 	at izd.b(SourceFile:99)
01-01 22:30:41.575  1144  1165 E StrictMode: 	at aefd.c(SourceFile:571)
01-01 22:30:41.575  1144  1165 E StrictMode: 	at aefd.a(SourceFile:181)
01-01 22:30:41.575  1144  1165 E StrictMode: 	at aefe.b(SourceFile:93)
01-01 22:30:41.575  1144  1165 E StrictMode: 	at qmd.a(SourceFile:74)
01-01 22:30:41.575  1144  1165 E StrictMode: 	at qjf.a(SourceFile:1278)
01-01 22:30:41.575  1144  1165 E StrictMode: 	at rah.b(SourceFile:104)
01-01 22:30:41.575  1144  1165 E StrictMode: 	at rah.a(SourceFile:72)
01-01 22:30:41.575  1144  1165 E StrictMode: 	at rai.a(SourceFile:2052)
01-01 22:30:41.575  1144  1165 E StrictMode: 	at rap.c(SourceFile:205)
01-01 22:30:41.575  1144  1165 E StrictMode: 	at qzo.onTransact(SourceFile:150)
01-01 22:30:41.575  1144  1165 E StrictMode: 	at android.os.Binder.execTransact(Binder.java:453)
01-01 22:30:41.575  1144  1165 E StrictMode: # via Binder call with stack:
01-01 22:30:41.575  1144  1165 E StrictMode: android.os.StrictMode$LogStackTrace
01-01 22:30:41.575  1144  1165 E StrictMode: 	at android.os.StrictMode.readAndHandleBinderCallViolations(StrictMode.java:1911)
01-01 22:30:41.575  1144  1165 E StrictMode: 	at android.os.Parcel.readExceptionCode(Parcel.java:1601)
01-01 22:30:41.575  1144  1165 E StrictMode: 	at android.os.Parcel.readException(Parcel.java:1570)
01-01 22:30:41.575  1144  1165 E StrictMode: 	at joh.c(SourceFile:111)
01-01 22:30:41.575  1144  1165 E StrictMode: 	at ihg.equals(SourceFile:78)
01-01 22:30:41.575  1144  1165 E StrictMode: 	at izd.b(SourceFile:245)
01-01 22:30:41.575  1144  1165 E StrictMode: 	at izd.a(SourceFile:152)
01-01 22:30:41.575  1144  1165 E StrictMode: 	at izd.b(SourceFile:137)
01-01 22:30:41.575  1144  1165 E StrictMode: 	at izd.b(SourceFile:99)
01-01 22:30:41.575  1144  1165 E StrictMode: 	at aefd.c(SourceFile:571)
01-01 22:30:41.575  1144  1165 E StrictMode: 	at aefd.a(SourceFile:181)
01-01 22:30:41.575  1144  1165 E StrictMode: 	at aefe.b(SourceFile:93)
01-01 22:30:41.575  1144  1165 E StrictMode: 	at qmd.a(SourceFile:74)
01-01 22:30:41.575  1144  1165 E StrictMode: 	at qjf.a(SourceFile:1278)
01-01 22:30:41.575  1144  1165 E StrictMode: 	at rah.b(SourceFile:104)
01-01 22:30:41.575  1144  1165 E StrictMode: 	at rah.a(SourceFile:72)
01-01 22:30:41.575  1144  1165 E StrictMode: 	at rai.a(SourceFile:2052)
01-01 22:30:41.575  1144  1165 E StrictMode: 	at rap.c(SourceFile:205)
01-01 22:30:41.575  1144  1165 E StrictMode: 	at qzo.onTransact(SourceFile:150)
01-01 22:30:41.575  1144  1165 E StrictMode: 	at android.os.Binder.execTransact(Binder.java:453)
01-01 22:30:41.575  1144  1165 E StrictMode: # via Binder call with stack:
01-01 22:30:41.575  1144  1165 E StrictMode: android.os.StrictMode$LogStackTrace
01-01 22:30:41.575  1144  1165 E StrictMode: 	at android.os.StrictMode.readAndHandleBinderCallViolations(StrictMode.java:1911)
01-01 22:30:41.575  1144  1165 E StrictMode: 	at android.os.Parcel.readExceptionCode(Parcel.java:1601)
01-01 22:30:41.575  1144  1165 E StrictMode: 	at android.os.Parcel.readException(Parcel.java:1570)
01-01 22:30:41.575  1144  1165 E StrictMode: 	at joh.c(SourceFile:111)
01-01 22:30:41.575  1144  1165 E StrictMode: 	at ihg.equals(SourceFile:78)
01-01 22:30:41.575  1144  1165 E StrictMode: 	at izd.b(SourceFile:245)
01-01 22:30:41.575  1144  1165 E StrictMode: 	at izd.a(SourceFile:152)
01-01 22:30:41.575  1144  1165 E StrictMode: 	at izd.b(SourceFile:137)
01-01 22:30:41.575  1144  1165 E StrictMode: 	at izd.b(SourceFile:99)
01-01 22:30:41.575  1144  1165 E StrictMode: 	at aefd.c(SourceFile:571)
01-01 22:30:41.575  1144  1165 E StrictMode: 	at aefd.a(SourceFile:181)
01-01 22:30:41.575  1144  1165 E StrictMode: 	at aefe.b(SourceFile:93)
01-01 22:30:41.575  1144  1165 E StrictMode: 	at qmd.a(SourceFile:74)
01-01 22:30:41.575  1144  1165 E StrictMode: 	at qjf.a(SourceFile:1278)
01-01 22:30:41.575  1144  1165 E StrictMode: 	at rah.b(SourceFile:104)
01-01 22:30:41.575  1144  1165 E StrictMode: 	at rah.a(SourceFile:72)
01-01 22:30:41.575  1144  1165 E StrictMode: 	at rai.a(SourceFile:2052)
01-01 22:30:41.575  1144  1165 E StrictMode: 	at rap.c(SourceFile:205)
01-01 22:30:41.575  1144  1165 E StrictMode: 	at qzo.onTransact(SourceFile:150)
01-01 22:30:41.575  1144  1165 E StrictMode: 	at android.os.Binder.execTransact(Binder.java:453)
01-01 22:30:41.575  1144  1165 E StrictMode: # via Binder call with stack:
01-01 22:30:41.575  1144  1165 E StrictMode: android.os.StrictMode$LogStackTrace
01-01 22:30:41.575  1144  1165 E StrictMode: 	at android.os.StrictMode.readAndHandleBinderCallViolations(StrictMode.java:1911)
01-01 22:30:41.575  1144  1165 E StrictMode: 	at android.os.Parcel.readExceptionCode(Parcel.java:1601)
01-01 22:30:41.575  1144  1165 E StrictMode: 	at android.os.Parcel.readException(Parcel.java:1570)
01-01 22:30:41.575  1144  1165 E StrictMode: 	at joh.c(SourceFile:111)
01-01 22:30:41.575  1144  1165 E StrictMode: 	at ihg.equals(SourceFile:78)
01-01 22:30:41.575  1144  1165 E StrictMode: 	at izd.b(SourceFile:245)
01-01 22:30:41.575  1144  1165 E StrictMode: 	at izd.a(SourceFile:152)
01-01 22:30:41.575  1144  1165 E StrictMode: 	at izd.b(SourceFile:137)
01-01 22:30:41.575  1144  1165 E StrictMode: 	at izd.b(SourceFile:99)
01-01 22:30:41.575  1144  1165 E StrictMode: 	at aefd.c(SourceFile:571)
01-01 22:30:41.575  1144  1165 E StrictMode: 	at aefd.a(SourceFile:181)
01-01 22:30:41.575  1144  1165 E StrictMode: 	at aefe.b(SourceFile:93)
01-01 22:30:41.575  1144  1165 E StrictMode: 	at qmd.a(SourceFile:74)
01-01 22:30:41.575  1144  1165 E StrictMode: 	at qjf.a(SourceFile:1278)
01-01 22:30:41.575  1144  1165 E StrictMode: 	at rah.b(SourceFile:104)
01-01 22:30:41.575  1144  1165 E StrictMode: 	at rah.a(SourceFile:72)
01-01 22:30:41.575  1144  1165 E StrictMode: 	at rai.a(SourceFile:2052)
01-01 22:30:41.575  1144  1165 E StrictMode: 	at rap.c(SourceFile:205)
01-01 22:30:41.575  1144  1165 E StrictMode: 	at qzo.onTransact(SourceFile:150)
01-01 22:30:41.575  1144  1165 E StrictMode: 	at android.os.Binder.execTransact(Binder.java:453)
01-01 22:30:41.575  1144  1165 E StrictMode: # via Binder call with stack:
01-01 22:30:41.575  1144  1165 E StrictMode: android.os.StrictMode$Lo
01-01 22:30:41.577  1144  1165 D Error   : ERR: exClass=android.util.Log$TerribleFailure
01-01 22:30:41.578  1144  1165 D Error   : ERR: exMsg=Stack is too large: numViolations=1 policy=#680007 front= android.app.SharedPreferencesImpl.getString(SharedPreferencesImpl.java:224)
01-01 22:30:41.578  1144  1165 D Error   : 	at rah.a(SourceFile:60)
01-01 22:30:41.578  1144  1165 D Error   : 	at rai.a(SourceFile:2052)
01-01 22:30:41.578  1144  1165 D Error   : 	at rap.c(SourceFile:205)
01-01 22:30:41.578  1144  1165 D Error   : 	at qzo.onTransact(SourceFile:150)
01-01 22:30:41.578  1144  1165 D Error   : 	at android.os.Binder.execTransact(Binder.java:453)
01-01 22:30:41.578  1144  1165 D Error   : # via Binder call with stack:
01-01 22:30:41.578  1144  1165 D Error   : android.os.StrictMode$LogStackTrace
01-01 22:30:41.578  1144  1165 D Error   : 	at android.os.StrictMode.readAndHandleBinderCallViolations(StrictMode.java:1911)
01-01 22:30:41.578  1144  1165 D Error   : 	at android.os.Parcel.readExceptionCode(Parcel.java:1601)
01-01 22:30:41.578  1144  1165 D Error   : 	at android.os.Parcel.readException(Parcel.java:1570)
01-01 22:30:41.578  1144  1165 D Error   : 	at joh.c(SourceFile:111)
01-01 22:30:41.578  1144  1165 D Error   : 	at ihg.equals(SourceFile:78)
01-01 22:30:41.578  1144  1165 D Error   : 	at izd.b(SourceFile:245)
01-01 22:30:41.578  1144  1165 D Error   : 	at izd.a(SourceFile:152)
01-01 22:30:41.578  1144  1165 D Error   : 	at izd.b(SourceFile:137)
01-01 22:30:41.578  1144  1165 D Error   : 	at izd.b(SourceFile:99)
01-01 22:30:41.578  1144  1165 D Error   : 	at aefd.c(SourceFile:571)
01-01 22:30:41.578  1144  1165 D Error   : 	at aefd.a(SourceFile:181)
01-01 22:30:41.578  1144  1165 D Error   : 	at aefe.b(SourceFile:93)
01-01 22:30:41.578  1144  1165 D Error   : 	at qmd.a(SourceFile:74)
01-01 22:30:41.578  1144  1165 D Error   : 	at qjf.a(SourceFile:1278)
01-01 22:30:41.578  1144  1165 D Error   : 	at rah.b(SourceFile:104)
01-01 22:30:41.578  1144  1165 D Error   : 	at rah.a(SourceFile:72)
01-01 22:30:41.578  1144  1165 D Error   : 	at rai.a(SourceFile:2052)
01-01 22:30:41.578  1144  1165 D Error   : 	at rap.c(SourceFile:205)
01-01 22:30:41.578  1144  1165 D Error   : 	at qzo.onTransact(SourceFile:150)
01-01 22:30:41.578  1144  1165 D Error   : 	at android.os.Binder.execTransact(Binder.java:453)
01-01 22:30:41.578  1144  1165 D Error   : # via Binder call with stack:
01-01 22:30:41.578  1144  1165 D Error   : android.os.StrictMode$LogStackTrace
01-01 22:30:41.578  1144  1165 D Error   : 	at android.os.StrictMode.readAndHandleBinderCallViolations(StrictMode.java:1911)
01-01 22:30:41.578  1144  1165 D Error   : 	at android.os.Parcel.readExceptionCode(Parcel.java:1601)
01-01 22:30:41.578  1144  1165 D Error   : 	at android.os.Parcel.readException(Parcel.java:1570)
01-01 22:30:41.578  1144  1165 D Error   : 	at joh.c(SourceFile:111)
01-01 22:30:41.578  1144  1165 D Error   : 	at ihg.equals(SourceFile:78)
01-01 22:30:41.578  1144  1165 D Error   : 	at izd.b(SourceFile:245)
01-01 22:30:41.578  1144  1165 D Error   : 	at izd.a(SourceFile:152)
01-01 22:30:41.578  1144  1165 D Error   : 	at izd.b(SourceFile:137)
01-01 22:30:41.578  1144  1165 D Error   : 	at izd.b(SourceFile:99)
01-01 22:30:41.578  1144  1165 D Error   : 	at aefd.c(SourceFile:571)
01-01 22:30:41.578  1144  1165 D Error   : 	at aefd.a(SourceFile:181)
01-01 22:30:41.578  1144  1165 D Error   : 	at aefe.b(SourceFile:93)
01-01 22:30:41.578  1144  1165 D Error   : 	at qmd.a(SourceFile:74)
01-01 22:30:41.578  1144  1165 D Error   : 	at qjf.a(SourceFile:1278)
01-01 22:30:41.578  1144  1165 D Error   : 	at rah.b(SourceFile:104)
01-01 22:30:41.578  1144  1165 D Error   : 	at rah.a(SourceFile:72)
01-01 22:30:41.578  1144  1165 D Error   : 	at rai.a(SourceFile:2052)
01-01 22:30:41.578  1144  1165 D Error   : 	at rap.c(SourceFile:205)
01-01 22:30:41.578  1144  1165 D Error   : 	at qzo.onTransact(SourceFile:150)
01-01 22:30:41.578  1144  1165 D Error   : 	at android.os.Binder.execTransact(Binder.java:453)
01-01 22:30:41.578  1144  1165 D Error   : # via Binder call with stack:
01-01 22:30:41.578  1144  1165 D Error   : android.os.StrictMode$LogStackTrace
01-01 22:30:41.578  1144  1165 D Error   : 	at android.os.StrictMode.readAndHandleBinderCallViolations(StrictMode.java:1911)
01-01 22:30:41.578  1144  1165 D Error   : 	at android.os.Parcel.readExceptionCode(Parcel.java:1601)
01-01 22:30:41.578  1144  1165 D Error   : 	at android.os.Parcel.readException(Parcel.java:1570)
01-01 22:30:41.578  1144  1165 D Error   : 	at joh.c(SourceFile:111)
01-01 22:30:41.578  1144  1165 D Error   : 	at ihg.equals(SourceFile:78)
01-01 22:30:41.578  1144  1165 D Error   : 	at izd.b(SourceFile:245)
01-01 22:30:41.578  1144  1165 D Error   : 	at izd.a(SourceFile:152)
01-01 22:30:41.578  1144  1165 D Error   : 	at izd.b(SourceFile:137)
01-01 22:30:41.578  1144  1165 D Error   : 	at izd.b(SourceFile:99)
01-01 22:30:41.578  1144  1165 D Error   : 	at aefd.c(SourceFile:571)
01-01 22:30:41.578  1144  1165 D Error   : 	at aefd.a(SourceFile:181)
01-01 22:30:41.578  1144  1165 D Error   : 	at aefe.b(SourceFile:93)
01-01 22:30:41.578  1144  1165 D Error   : 	at qmd.a(SourceFile:74)
01-01 22:30:41.578  1144  1165 D Error   : 	at qjf.a(SourceFile:1278)
01-01 22:30:41.578  1144  1165 D Error   : 	at rah.b(SourceFile:104)
01-01 22:30:41.578  1144  1165 D Error   : 	at rah.a(SourceFile:72)
01-01 22:30:41.578  1144  1165 D Error   : 	at rai.a(SourceFile:2052)
01-01 22:30:41.578  1144  1165 D Error   : 	at rap.c(SourceFile:205)
01-01 22:30:41.578  1144  1165 D Error   : 	at qzo.onTransact(SourceFile:150)
01-01 22:30:41.578  1144  1165 D Error   : 	at android.os.Binder.execTransact(Binder.java:453)
01-01 22:30:41.578  1144  1165 D Error   : # via Binder call with stack:
01-01 22:30:41.578  1144  1165 D Error   : android.os.StrictMode$LogStackTrace
01-01 22:30:41.578  1144  1165 D Error   : 	at android.os.StrictMode.readAndHandleBinderCallViolations(StrictMode.java:1911)
01-01 22:30:41.578  1144  1165 D Error   : 	at android.os.Parcel.readExceptionCode(Parcel.java:1601)
01-01 22:30:41.578  1144  1165 D Error   : 	at android.os.Parcel.readException(Parcel.java:1570)
01-01 22:30:41.578  1144  1165 D Error   : 	at joh.c(SourceFile:111)
01-01 22:30:41.578  1144  1165 D Error   : 	at ihg.equals(SourceFile:78)
01-01 22:30:41.578  1144  1165 D Error   : 	at izd.b(SourceFile:245)
01-01 22:30:41.578  1144  1165 D Error   : 	at izd.a(SourceFile:152)
01-01 22:30:41.578  1144  1165 D Error   : 	at izd.b(SourceFile:137)
01-01 22:30:41.578  1144  1165 D Error   : 	at izd.b(SourceFile:99)
01-01 22:30:41.578  1144  1165 D Error   : 	at aefd.c(SourceFile:571)
01-01 22:30:41.578  1144  1165 D Error   : 	at aefd.a(SourceFile:181)
01-01 22:30:41.578  1144  1165 D Error   : 	at aefe.b(SourceFile:93)
01-01 22:30:41.578  1144  1165 D Error   : 	at qmd.a(SourceFile:74)
01-01 22:30:41.578  1144  1165 D Error   : 	at qjf.a(SourceFile:1278)
01-01 22:30:41.578  1144  1165 D Error   : 	at rah.b(SourceFile:104)
01-01 22:30:41.578  1144  1165 D Error   : 	at rah.a(SourceFile:72)
01-01 22:30:41.578  1144  1165 D Error   : 	at rai.a(SourceFile:2052)
01-01 22:30:41.578  1144  1165 D Error   : 	at rap.c(SourceFile:205)
01-01 22:30:41.578  1144  1165 D Error   : 	at qzo.onTransact(SourceFile:150)
01-01 22:30:41.578  1144  1165 D Error   : 	at android.os.Binder.execTransact(Binder.java:453)
01-01 22:30:41.578  1144  1165 D Error   : # via Binder call with stack:
01-01 22:30:41.578  1144  1165 D Error   : android.os.StrictMode$LogStackTrace
01-01 22:30:41.578  1144  1165 D Error   : 	at android.os.StrictMode.readAndHandleBinderCallViolations(StrictMode.java:1911)
01-01 22:30:41.578  1144  1165 D Error   : 	at android.os.Parcel.readExceptionCode(Parcel.java:1601)
01-01 22:30:41.578  1144  1165 D Error   : 	at android.os.Parcel.readException(Parcel.java:1570)
01-01 22:30:41.578  1144  1165 D Error   : 	at joh.c(SourceFile:111)
01-01 22:30:41.578  1144  1165 D Error   : 	at ihg.equals(SourceFile:78)
01-01 22:30:41.578  1144  1165 D Error   : 	at izd.b(SourceFile:245)
01-01 22:30:41.578  1144  1165 D Error   : 	at izd.a(SourceFile:152)
01-01 22:30:41.578  1144  1165 D Error   : 	at izd.b(SourceFile:137)
01-01 22:30:41.578  1144  1165 D Error   : 	at izd.b(SourceFile:99)
01-01 22:30:41.578  1144  1165 D Error   : 	at aefd.c(SourceFile:571)
01-01 22:30:41.578  1144  1165 D Error   : 	at aefd.a(SourceFile:181)
01-01 22:30:41.578  1144  1165 D Error   : 	at aefe.b(SourceFile:93)
01-01 22:30:41.578  1144  1165 D Error   : 	at qmd.a(SourceFile:74)
01-01 22:30:41.578  1144  1165 D Error   : 	at qjf.a(SourceFile:1278)
01-01 22:30:41.578  1144  1165 D Error   : 	at rah.b(SourceFile:104)
01-01 22:30:41.578  1144  1165 D Error   : 	at rah.a(SourceFile:72)
01-01 22:30:41.578  1144  1165 D Error   : 	at rai.a(SourceFile:2052)
01-01 22:30:41.578  1144  1165 D Error   : 	at rap.c(SourceFile:205)
01-01 22:30:41.578  1144  1165 D Error   : 	at qzo.onTransact(SourceFile:150)
01-01 22:30:41.578  1144  1165 D Error   : 	at android.os.Binder.execTransact(Binder.java:453)
01-01 22:30:41.578  1144  1165 D Error   : # via Binder call with stack:
01-01 22:30:41.578  1144  1165 D Error   : android.os.StrictM
01-01 22:30:41.578  1144  1165 D Error   : ERR: file=Log.java
01-01 22:30:41.578  1144  1165 D Error   : ERR: class=android.util.Log
01-01 22:30:41.578  1144  1165 D Error   : ERR: method=wtf line=291
01-01 22:30:41.579  1144  1165 D Error   : ERR: stack=android.util.Log$TerribleFailure: Stack is too large: numViolations=1 policy=#680007 front= android.app.SharedPreferencesImpl.getString(SharedPreferencesImpl.java:224)
01-01 22:30:41.579  1144  1165 D Error   : 	at rah.a(SourceFile:60)
01-01 22:30:41.579  1144  1165 D Error   : 	at rai.a(SourceFile:2052)
01-01 22:30:41.579  1144  1165 D Error   : 	at rap.c(SourceFile:205)
01-01 22:30:41.579  1144  1165 D Error   : 	at qzo.onTransact(SourceFile:150)
01-01 22:30:41.579  1144  1165 D Error   : 	at android.os.Binder.execTransact(Binder.java:453)
01-01 22:30:41.579  1144  1165 D Error   : # via Binder call with stack:
01-01 22:30:41.579  1144  1165 D Error   : android.os.StrictMode$LogStackTrace
01-01 22:30:41.579  1144  1165 D Error   : 	at android.os.StrictMode.readAndHandleBinderCallViolations(StrictMode.java:1911)
01-01 22:30:41.579  1144  1165 D Error   : 	at android.os.Parcel.readExceptionCode(Parcel.java:1601)
01-01 22:30:41.579  1144  1165 D Error   : 	at android.os.Parcel.readException(Parcel.java:1570)
01-01 22:30:41.579  1144  1165 D Error   : 	at joh.c(SourceFile:111)
01-01 22:30:41.579  1144  1165 D Error   : 	at ihg.equals(SourceFile:78)
01-01 22:30:41.579  1144  1165 D Error   : 	at izd.b(SourceFile:245)
01-01 22:30:41.579  1144  1165 D Error   : 	at izd.a(SourceFile:152)
01-01 22:30:41.579  1144  1165 D Error   : 	at izd.b(SourceFile:137)
01-01 22:30:41.579  1144  1165 D Error   : 	at izd.b(SourceFile:99)
01-01 22:30:41.579  1144  1165 D Error   : 	at aefd.c(SourceFile:571)
01-01 22:30:41.579  1144  1165 D Error   : 	at aefd.a(SourceFile:181)
01-01 22:30:41.579  1144  1165 D Error   : 	at aefe.b(SourceFile:93)
01-01 22:30:41.579  1144  1165 D Error   : 	at qmd.a(SourceFile:74)
01-01 22:30:41.579  1144  1165 D Error   : 	at qjf.a(SourceFile:1278)
01-01 22:30:41.579  1144  1165 D Error   : 	at rah.b(SourceFile:104)
01-01 22:30:41.579  1144  1165 D Error   : 	at rah.a(SourceFile:72)
01-01 22:30:41.579  1144  1165 D Error   : 	at rai.a(SourceFile:2052)
01-01 22:30:41.579  1144  1165 D Error   : 	at rap.c(SourceFile:205)
01-01 22:30:41.579  1144  1165 D Error   : 	at qzo.onTransact(SourceFile:150)
01-01 22:30:41.579  1144  1165 D Error   : 	at android.os.Binder.execTransact(Binder.java:453)
01-01 22:30:41.579  1144  1165 D Error   : # via Binder call with stack:
01-01 22:30:41.579  1144  1165 D Error   : android.os.StrictMode$LogStackTrace
01-01 22:30:41.579  1144  1165 D Error   : 	at android.os.StrictMode.readAndHandleBinderCallViolations(StrictMode.java:1911)
01-01 22:30:41.579  1144  1165 D Error   : 	at android.os.Parcel.readExceptionCode(Parcel.java:1601)
01-01 22:30:41.579  1144  1165 D Error   : 	at android.os.Parcel.readException(Parcel.java:1570)
01-01 22:30:41.579  1144  1165 D Error   : 	at joh.c(SourceFile:111)
01-01 22:30:41.579  1144  1165 D Error   : 	at ihg.equals(SourceFile:78)
01-01 22:30:41.579  1144  1165 D Error   : 	at izd.b(SourceFile:245)
01-01 22:30:41.579  1144  1165 D Error   : 	at izd.a(SourceFile:152)
01-01 22:30:41.579  1144  1165 D Error   : 	at izd.b(SourceFile:137)
01-01 22:30:41.579  1144  1165 D Error   : 	at izd.b(SourceFile:99)
01-01 22:30:41.579  1144  1165 D Error   : 	at aefd.c(SourceFile:571)
01-01 22:30:41.579  1144  1165 D Error   : 	at aefd.a(SourceFile:181)
01-01 22:30:41.579  1144  1165 D Error   : 	at aefe.b(SourceFile:93)
01-01 22:30:41.579  1144  1165 D Error   : 	at qmd.a(SourceFile:74)
01-01 22:30:41.579  1144  1165 D Error   : 	at qjf.a(SourceFile:1278)
01-01 22:30:41.579  1144  1165 D Error   : 	at rah.b(SourceFile:104)
01-01 22:30:41.579  1144  1165 D Error   : 	at rah.a(SourceFile:72)
01-01 22:30:41.579  1144  1165 D Error   : 	at rai.a(SourceFile:2052)
01-01 22:30:41.579  1144  1165 D Error   : 	at rap.c(SourceFile:205)
01-01 22:30:41.579  1144  1165 D Error   : 	at qzo.onTransact(SourceFile:150)
01-01 22:30:41.579  1144  1165 D Error   : 	at android.os.Binder.execTransact(Binder.java:453)
01-01 22:30:41.579  1144  1165 D Error   : # via Binder call with stack:
01-01 22:30:41.579  1144  1165 D Error   : android.os.StrictMode$LogStackTrace
01-01 22:30:41.579  1144  1165 D Error   : 	at android.os.StrictMode.readAndHandleBinderCallViolations(StrictMode.java:1911)
01-01 22:30:41.579  1144  1165 D Error   : 	at android.os.Parcel.readExceptionCode(Parcel.java:1601)
01-01 22:30:41.579  1144  1165 D Error   : 	at android.os.Parcel.readException(Parcel.java:1570)
01-01 22:30:41.579  1144  1165 D Error   : 	at joh.c(SourceFile:111)
01-01 22:30:41.579  1144  1165 D Error   : 	at ihg.equals(SourceFile:78)
01-01 22:30:41.579  1144  1165 D Error   : 	at izd.b(SourceFile:245)
01-01 22:30:41.579  1144  1165 D Error   : 	at izd.a(SourceFile:152)
01-01 22:30:41.579  1144  1165 D Error   : 	at izd.b(SourceFile:137)
01-01 22:30:41.579  1144  1165 D Error   : 	at izd.b(SourceFile:99)
01-01 22:30:41.579  1144  1165 D Error   : 	at aefd.c(SourceFile:571)
01-01 22:30:41.579  1144  1165 D Error   : 	at aefd.a(SourceFile:181)
01-01 22:30:41.579  1144  1165 D Error   : 	at aefe.b(SourceFile:93)
01-01 22:30:41.579  1144  1165 D Error   : 	at qmd.a(SourceFile:74)
01-01 22:30:41.579  1144  1165 D Error   : 	at qjf.a(SourceFile:1278)
01-01 22:30:41.579  1144  1165 D Error   : 	at rah.b(SourceFile:104)
01-01 22:30:41.579  1144  1165 D Error   : 	at rah.a(SourceFile:72)
01-01 22:30:41.579  1144  1165 D Error   : 	at rai.a(SourceFile:2052)
01-01 22:30:41.579  1144  1165 D Error   : 	at rap.c(SourceFile:205)
01-01 22:30:41.579  1144  1165 D Error   : 	at qzo.onTransact(SourceFile:150)
01-01 22:30:41.579  1144  1165 D Error   : 	at android.os.Binder.execTransact(Binder.java:453)
01-01 22:30:41.579  1144  1165 D Error   : # via Binder call with stack:
01-01 22:30:41.579  1144  1165 D Error   : android.os.StrictMode$LogStackTrace
01-01 22:30:41.579  1144  1165 D Error   : 	at android.os.StrictMode.readAndHandleBinderCallViolations(StrictMode.java:1911)
01-01 22:30:41.579  1144  1165 D Error   : 	at android.os.Parcel.readExceptionCode(Parcel.java:1601)
01-01 22:30:41.579  1144  1165 D Error   : 	at android.os.Parcel.readException(Parcel.java:1570)
01-01 22:30:41.579  1144  1165 D Error   : 	at joh.c(SourceFile:111)
01-01 22:30:41.579  1144  1165 D Error   : 	at ihg.equals(SourceFile:78)
01-01 22:30:41.579  1144  1165 D Error   : 	at izd.b(SourceFile:245)
01-01 22:30:41.579  1144  1165 D Error   : 	at izd.a(SourceFile:152)
01-01 22:30:41.579  1144  1165 D Error   : 	at izd.b(SourceFile:137)
01-01 22:30:41.579  1144  1165 D Error   : 	at izd.b(SourceFile:99)
01-01 22:30:41.579  1144  1165 D Error   : 	at aefd.c(SourceFile:571)
01-01 22:30:41.579  1144  1165 D Error   : 	at aefd.a(SourceFile:181)
01-01 22:30:41.579  1144  1165 D Error   : 	at aefe.b(SourceFile:93)
01-01 22:30:41.579  1144  1165 D Error   : 	at qmd.a(SourceFile:74)
01-01 22:30:41.579  1144  1165 D Error   : 	at qjf.a(SourceFile:1278)
01-01 22:30:41.579  1144  1165 D Error   : 	at rah.b(SourceFile:104)
01-01 22:30:41.579  1144  1165 D Error   : 	at rah.a(SourceFile:72)
01-01 22:30:41.579  1144  1165 D Error   : 	at rai.a(SourceFile:2052)
01-01 22:30:41.579  1144  1165 D Error   : 	at rap.c(SourceFile:205)
01-01 22:30:41.579  1144  1165 D Error   : 	at qzo.onTransact(SourceFile:150)
01-01 22:30:41.579  1144  1165 D Error   : 	at android.os.Binder.execTransact(Binder.java:453)
01-01 22:30:41.579  1144  1165 D Error   : # via Binder call with stack:
01-01 22:30:41.579  1144  1165 D Error   : android.os.StrictMode$LogStackTrace
01-01 22:30:41.579  1144  1165 D Error   : 	at android.os.StrictMode.readAndHandleBinderCallViolations(StrictMode.java:1911)
01-01 22:30:41.579  1144  1165 D Error   : 	at android.os.Parcel.readExceptionCode(Parcel.java:1601)
01-01 22:30:41.579  1144  1165 D Error   : 	at android.os.Parcel.readException(Parcel.java:1570)
01-01 22:30:41.579  1144  1165 D Error   : 	at joh.c(SourceFile:111)
01-01 22:30:41.579  1144  1165 D Error   : 	at ihg.equals(SourceFile:78)
01-01 22:30:41.579  1144  1165 D Error   : 	at izd.b(SourceFile:245)
01-01 22:30:41.579  1144  1165 D Error   : 	at izd.a(SourceFile:152)
01-01 22:30:41.579  1144  1165 D Error   : 	at izd.b(SourceFile:137)
01-01 22:30:41.579  1144  1165 D Error   : 	at izd.b(SourceFile:99)
01-01 22:30:41.579  1144  1165 D Error   : 	at aefd.c(SourceFile:571)
01-01 22:30:41.579  1144  1165 D Error   : 	at aefd.a(SourceFile:181)
01-01 22:30:41.579  1144  1165 D Error   : 	at aefe.b(SourceFile:93)
01-01 22:30:41.579  1144  1165 D Error   : 	at qmd.a(SourceFile:74)
01-01 22:30:41.579  1144  1165 D Error   : 	at qjf.a(SourceFile:1278)
01-01 22:30:41.579  1144  1165 D Error   : 	at rah.b(SourceFile:104)
01-01 22:30:41.579  1144  1165 D Error   : 	at rah.a(SourceFile:72)
01-01 22:30:41.579  1144  1165 D Error   : 	at rai.a(SourceFile:2052)
01-01 22:30:41.579  1144  1165 D Error   : 	at rap.c(SourceFile:205)
01-01 22:30:41.579  1144  1165 D Error   : 	at qzo.onTransact(SourceFile:150)
01-01 22:30:41.579  1144  1165 D Error   : 	at android.os.Binder.execTransact(Binder.java:453)
01-01 22:30:41.579  1144  1165 D Error   : # via Binder c
01-01 22:30:41.579  1144  1165 D Error   : ERR: TOTAL BYTES WRITTEN: 121672
01-01 22:30:41.582  1144  1165 I chatty  : uid=10006(com.google.android.gms) Binder_1 expire 1 line
01-01 22:30:41.590  1144  1601 I chatty  : uid=10006(com.google.android.gms) Binder_3 expire 1 line
01-01 22:30:41.752  2003  2087 E YouTube : Failed delayed event dispatch, no dispatchers.
01-01 22:30:42.021  2003  2013 W art     : Suspending all threads took: 102.187ms
01-01 22:30:42.084   228   814 D CameraHal: camera_get_camera_info(1312): camera_get_camera_info(1312): camera_0 facing(0), orientation(90)
01-01 22:30:42.089   228   463 D CameraHal: camera_get_camera_info(1312): camera_get_camera_info(1312): camera_1 facing(1), orientation(270)
01-01 22:30:42.140   569   806 E wifi    : wifi_get_supported_feature_set returned error = 0xffffffa1
01-01 22:30:42.216  2003  2253 I PrimesTesting: GserviceFlagsSupplier.get()
01-01 22:30:42.247  2003  2253 I CrashMetricService: Startup metric for 'PRIMES_CRASH_MONITORING_INITIALIZED' dropped.
01-01 22:30:42.324  2003  2003 W YT.MDX.zds: CastAppId for type 0 not found. Defaulting to mainCastAppId.
01-01 22:30:42.519   569   783 V AlarmManager: triggered: act=com.android.providers.calendar.intent.CalendarProvider2 cmp=com.android.providers.calendar/.CalendarProviderBroadcastReceiver Pkg: com.android.providers.calendar
01-01 22:30:42.633  2003  2225 D SensorManager: aidl getSensorManager:android.hardware.ISensorManager$Stub$Proxy@94f2b6b
01-01 22:30:42.653  2003  2003 W YT.MDX.zds: CastAppId for type 0 not found. Defaulting to mainCastAppId.
01-01 22:30:43.057  1144  2283 I chatty  : uid=10006(com.google.android.gms) AsyncTask #2 expire 1 line
01-01 22:30:43.181  1144  2289 I chatty  : uid=10006(com.google.android.gms) AsyncTask #3 expire 1 line
01-01 22:30:43.185  1740  2288 I chatty  : uid=10006(com.google.android.gms) expire 2 lines
01-01 22:30:43.258  1740  2292 I chatty  : uid=10006(com.google.android.gms) expire 1 line
01-01 22:30:43.539  1530  1530 W ContextImpl: Calling a method in the system process without a qualified user: android.app.ContextImpl.startService:1221 android.content.ContextWrapper.startService:581 android.content.ContextWrapper.startService:581 com.android.settings.bluetooth.DockEventReceiver.beginStartingService:134 com.android.settings.bluetooth.DockEventReceiver.onReceive:115 
01-01 22:30:43.545   569   589 D BluetoothManagerService: Added callback: android.bluetooth.IBluetoothManagerCallback$Stub$Proxy@495942:true
01-01 22:30:43.557   870   870 D BluetoothPbap: Proxy object connected
01-01 22:30:43.557   870   870 D PbapServerProfile: Bluetooth service connected
01-01 22:30:43.561  1530  1530 D LocalBluetoothProfileManager: Adding local A2DP profile
01-01 22:30:43.562  1144  2299 I chatty  : uid=10006 com.google.android.gms.persistent expire 2 lines
01-01 22:30:43.565  1852  2298 W BluetoothAdapter: getBluetoothService() called with no BluetoothManagerCallback
01-01 22:30:43.568  1530  1530 E BluetoothA2dp: Could not bind to Bluetooth A2DP Service with Intent { act=android.bluetooth.IBluetoothA2dp }
01-01 22:30:43.578  1530  1530 D LocalBluetoothProfileManager: Adding local MAP profile
01-01 22:30:43.579  1530  1530 D BluetoothMap: Create BluetoothMap proxy object
01-01 22:30:43.585  1530  1530 E BluetoothMap: Could not bind to Bluetooth MAP Service with Intent { act=android.bluetooth.IBluetoothMap }
01-01 22:30:43.589  1530  1530 D LocalBluetoothProfileManager: LocalBluetoothProfileManager construction complete
01-01 22:30:43.593  1530  1530 D DockEventReceiver: finishStartingService: stopping service
01-01 22:30:43.598  1530  1530 D BluetoothInputDevice: Proxy object connected
01-01 22:30:43.598  1530  1530 D HidProfile: Bluetooth service connected
01-01 22:30:43.603  1530  1530 D BluetoothPan: BluetoothPAN Proxy object connected
01-01 22:30:43.603  1530  1530 D PanProfile: Bluetooth service connected
01-01 22:30:43.607  1852  2308 W BluetoothAdapter: getBluetoothService() called with no BluetoothManagerCallback
01-01 22:30:43.609  1530  1530 D BluetoothPbap: Proxy object connected
01-01 22:30:43.609  1852  2308 I BtOppRfcommListener: Accept thread started.
01-01 22:30:43.609  1530  1530 D PbapServerProfile: Bluetooth service connected
01-01 22:30:44.510   569   806 D WifiConfigStore: Retrieve network priorities after PNO.
01-01 22:30:44.974   569   783 V AlarmManager: triggered: act=com.google.android.intent.action.GCM_RECONNECT Pkg: com.google.android.gms
01-01 22:30:47.590  1144  2244 I chatty  : uid=10006 com.google.android.gms.persistent expire 1 line
01-01 22:30:47.656  1740  1740 E ActivityThread: Service com.google.android.gms.chimera.GmsIntentOperationService has leaked IntentReceiver fvn@8a50d04 that was originally registered here. Are you missing a call to unregisterReceiver()?
01-01 22:30:47.656  1740  1740 E ActivityThread: android.app.IntentReceiverLeaked: Service com.google.android.gms.chimera.GmsIntentOperationService has leaked IntentReceiver fvn@8a50d04 that was originally registered here. Are you missing a call to unregisterReceiver()?
01-01 22:30:47.656  1740  1740 E ActivityThread: 	at android.app.LoadedApk$ReceiverDispatcher.<init>(LoadedApk.java:918)
01-01 22:30:47.656  1740  1740 E ActivityThread: 	at android.app.LoadedApk.getReceiverDispatcher(LoadedApk.java:719)
01-01 22:30:47.656  1740  1740 E ActivityThread: 	at android.app.ContextImpl.registerReceiverInternal(ContextImpl.java:1172)
01-01 22:30:47.656  1740  1740 E ActivityThread: 	at android.app.ContextImpl.registerReceiver(ContextImpl.java:1152)
01-01 22:30:47.656  1740  1740 E ActivityThread: 	at android.app.ContextImpl.registerReceiver(ContextImpl.java:1146)
01-01 22:30:47.656  1740  1740 E ActivityThread: 	at android.content.ContextWrapper.registerReceiver(ContextWrapper.java:554)
01-01 22:30:47.656  1740  1740 E ActivityThread: 	at android.content.ContextWrapper.registerReceiver(ContextWrapper.java:554)
01-01 22:30:47.656  1740  1740 E ActivityThread: 	at android.content.ContextWrapper.registerReceiver(ContextWrapper.java:554)
01-01 22:30:47.656  1740  1740 E ActivityThread: 	at com.google.android.gms.auth.setup.devicesignals.LockScreenChimeraReceiver.a(SourceFile:52)
01-01 22:30:47.656  1740  1740 E ActivityThread: 	at fvo.b(SourceFile:2036)
01-01 22:30:47.656  1740  1740 E ActivityThread: 	at com.google.android.gms.auth.account.AuthInitIntentOperation.a(SourceFile:62)
01-01 22:30:47.656  1740  1740 E ActivityThread: 	at hwg.onHandleIntent(SourceFile:60)
01-01 22:30:47.656  1740  1740 E ActivityThread: 	at com.google.android.chimera.IntentOperation.onHandleIntent(SourceFile:82)
01-01 22:30:47.656  1740  1740 E ActivityThread: 	at bfm.run(SourceFile:1885)
01-01 22:30:47.656  1740  1740 E ActivityThread: 	at java.util.concurrent.ThreadPoolExecutor.runWorker(ThreadPoolExecutor.java:1113)
01-01 22:30:47.656  1740  1740 E ActivityThread: 	at java.util.concurrent.ThreadPoolExecutor$Worker.run(ThreadPoolExecutor.java:588)
01-01 22:30:47.656  1740  1740 E ActivityThread: 	at java.lang.Thread.run(Thread.java:818)
01-01 22:30:48.020   569   587 D Tethering: interfaceLinkStateChanged wlan0, true
01-01 22:30:48.020   569   587 D Tethering: interfaceStatusChanged wlan0, true
01-01 22:30:48.145   569   806 D WifiStateMachine: shouldSwitchNetwork  txSuccessRate=0.00 rxSuccessRate=0.00 delta 1000 -> 1000
01-01 22:30:48.146   569   806 D WifiStateMachine: CMD_AUTO_CONNECT sup state ScanState my state DisconnectedState nid=0 roam=3
01-01 22:30:48.146   569   806 E WifiConfigStore: saveWifiConfigBSSID Setting BSSID for "Flinders Devices"WPA_PSK to any
01-01 22:30:48.180   569   806 D WifiStateMachine: CMD_AUTO_CONNECT will save config -> "Flinders Devices" nid=0
01-01 22:30:48.278   569   806 D WifiStateMachine: CMD_AUTO_CONNECT did save config ->  nid=0
01-01 22:30:48.279  1275  1275 I wpa_supplicant: wlan0: Trying to associate with 58:f3:9c:96:3a:4c (SSID='Flinders Devices' freq=5745 MHz)
01-01 22:30:48.389   569   587 D Tethering: interfaceLinkStateChanged wlan0, true
01-01 22:30:48.389   569   587 D Tethering: interfaceStatusChanged wlan0, true
01-01 22:30:48.427   569   587 D Tethering: interfaceLinkStateChanged wlan0, true
01-01 22:30:48.427   569   587 D Tethering: interfaceStatusChanged wlan0, true
01-01 22:30:48.427   569   587 D Tethering: interfaceLinkStateChanged wlan0, true
01-01 22:30:48.427   569   587 D Tethering: interfaceStatusChanged wlan0, true
01-01 22:30:48.432   569   587 D Tethering: interfaceLinkStateChanged wlan0, true
01-01 22:30:48.432  1275  1275 I wpa_supplicant: wlan0: Associated with 58:f3:9c:96:3a:4c
01-01 22:30:48.432   569   587 D Tethering: interfaceStatusChanged wlan0, true
01-01 22:30:48.432   569   587 D Tethering: interfaceLinkStateChanged wlan0, true
01-01 22:30:48.432   569   587 D Tethering: interfaceStatusChanged wlan0, true
01-01 22:30:48.432   569   587 D Tethering: interfaceLinkStateChanged wlan0, true
01-01 22:30:48.432   569   587 D Tethering: interfaceStatusChanged wlan0, true
01-01 22:30:48.452  1275  1275 I wpa_supplicant: wlan0: WPA: Key negotiation completed with 58:f3:9c:96:3a:4c [PTK=CCMP GTK=CCMP]
01-01 22:30:48.453  1275  1275 I wpa_supplicant: wlan0: CTRL-EVENT-CONNECTED - Connection to 58:f3:9c:96:3a:4c completed [id=0 id_str=]
01-01 22:30:48.455   569   806 D WifiConfigStore: Retrieve network priorities after PNO.
01-01 22:30:48.455   569   587 D Tethering: interfaceLinkStateChanged wlan0, true
01-01 22:30:48.455   569   587 D Tethering: interfaceStatusChanged wlan0, true
01-01 22:30:48.472   569   806 D ConnectivityService: registerNetworkAgent NetworkAgentInfo{ ni{[type: WIFI[], state: CONNECTING/CONNECTING, reason: (unspecified), extra: "Flinders Devices", roaming: false, failover: false, isAvailable: true]}  network{100}  lp{{LinkAddresses: []  Routes: [] DnsAddresses: [] Domains: null MTU: 0 TcpBufferSizes: 524288,1048576,2097152,262144,524288,1048576}}  nc{[ Transports: WIFI Capabilities: INTERNET&NOT_RESTRICTED&TRUSTED&NOT_VPN LinkUpBandwidth>=1048576Kbps LinkDnBandwidth>=1048576Kbps]}  Score{20}  everValidated{false}  lastValidated{false}  created{false} lingering{false} explicitlySelected{false} acceptUnvalidated{false} everCaptivePortalDetected{false} lastCaptivePortalDetected{false} }
01-01 22:30:48.472   569   806 E WifiConfigStore: saveWifiConfigBSSID Setting BSSID for "Flinders Devices"WPA_PSK to any
01-01 22:30:48.472   569   808 D ConnectivityService: NetworkAgentInfo [WIFI () - 100] EVENT_NETWORK_INFO_CHANGED, going from null to CONNECTING
01-01 22:30:48.481   569   806 E WifiConfigStore: saveWifiConfigBSSID Setting BSSID for "Flinders Devices"WPA_PSK to any
01-01 22:30:48.501   225   568 D CommandListener: Setting iface cfg
01-01 22:30:48.509   569   806 D WifiStateMachine: Start Dhcp Watchdog 1
01-01 22:30:48.513   569  2365 D DhcpClient: Receive thread started
01-01 22:30:48.516   569   808 D ConnectivityService: notifyType CAP_CHANGED for NetworkAgentInfo [WIFI () - 100]
01-01 22:30:48.516   569   808 D ConnectivityService: updateNetworkScore for NetworkAgentInfo [WIFI () - 100] to 60
01-01 22:30:48.598   569   806 E native  : do suspend false
01-01 22:30:48.598   569   587 D Tethering: interfaceLinkStateChanged wlan0, true
01-01 22:30:48.598   569   587 D Tethering: interfaceStatusChanged wlan0, true
01-01 22:30:48.598   569   587 D Tethering: interfaceLinkStateChanged wlan0, true
01-01 22:30:48.598   569   587 D Tethering: interfaceStatusChanged wlan0, true
01-01 22:30:48.605   569  2364 D DhcpClient: Broadcasting DHCPDISCOVER
01-01 22:30:49.908   569   794 I InputReader: Reconfiguring input devices.  changes=0x00000010
01-01 22:30:49.922   569   584 W Searchables: No global search activity found
01-01 22:30:49.932  1740  2378 I chatty  : uid=10006(com.google.android.gms) expire 3 lines
01-01 22:30:49.945   569   569 W BackupManagerService: Proposed transport ComponentInfo{com.google.android.gms/com.google.android.gms.backup.BackupTransportService} not whitelisted; ignoring
01-01 22:30:49.953  1144  1144 I chatty  : uid=10006 com.google.android.gms.persistent expire 1 line
01-01 22:30:49.983  1740  2382 I chatty  : uid=10006(com.google.android.gms) expire 1 line
01-01 22:30:50.011  1740  2301 I chatty  : uid=10006(com.google.android.gms) lowpool[3] expire 13 lines
01-01 22:30:50.040  1740  2387 I chatty  : uid=10006(com.google.android.gms) expire 1 line
01-01 22:30:50.535  1740  2301 I chatty  : uid=10006(com.google.android.gms) lowpool[3] expire 2 lines
01-01 22:30:50.555  1740  2301 V GoogleSignatureVerifier: com.android.providers.settings signature not valid.  Found: 
01-01 22:30:50.555  1740  2301 V GoogleSignatureVerifier: MIID+zCCAuOgAwIBAgIJAP8GQTI8+VUSMA0GCSqGSIb3DQEBCwUAMIGUMQswCQYDVQQGEwJVUzET
01-01 22:30:50.555  1740  2301 V GoogleSignatureVerifier: MBEGA1UECAwKQ2FsaWZvcm5pYTEWMBQGA1UEBwwNTW91bnRhaW4gVmlldzEQMA4GA1UECgwHQW5k
01-01 22:30:50.555  1740  2301 V GoogleSignatureVerifier: cm9pZDEQMA4GA1UECwwHQW5kcm9pZDEQMA4GA1UEAwwHQW5kcm9pZDEiMCAGCSqGSIb3DQEJARYT
01-01 22:30:50.555  1740  2301 V GoogleSignatureVerifier: YW5kcm9pZEBhbmRyb2lkLmNvbTAeFw0xNDEyMjMwNjQzNDFaFw00MjA1MTAwNjQzNDFaMIGUMQsw
01-01 22:30:50.555  1740  2301 V GoogleSignatureVerifier: CQYDVQQGEwJVUzETMBEGA1UECAwKQ2FsaWZvcm5pYTEWMBQGA1UEBwwNTW91bnRhaW4gVmlldzEQ
01-01 22:30:50.555  1740  2301 V GoogleSignatureVerifier: MA4GA1UECgwHQW5kcm9pZDEQMA4GA1UECwwHQW5kcm9pZDEQMA4GA1UEAwwHQW5kcm9pZDEiMCAG
01-01 22:30:50.555  1740  2301 V GoogleSignatureVerifier: CSqGSIb3DQEJARYTYW5kcm9pZEBhbmRyb2lkLmNvbTCCASAwDQYJKoZIhvcNAQEBBQADggENADCC
01-01 22:30:50.555  1740  2301 V GoogleSignatureVerifier: AQgCggEBAKHY8Fl4XZzpJvgHoezYjhmKPvdq9DGYVc/X9NQO5oUlYIA/Ci5rzvljz13KbNve/Kxu
01-01 22:30:50.555  1740  2301 V GoogleSignatureVerifier: Eu9HN8SzsLg9EBhghOko8JxEg7I8W6uPVOoRngNCMvXzjf6av77vxPqphlgq++Y4MIC+fiOxLd+g
01-01 22:30:50.555  1740  2301 V GoogleSignatureVerifier: pYq0p6W7RWxEgrzLHnWiCX0dRmWDs+ey2t4f1WKzGoRQQS0Tn21CViThrVEe+zNwANnhErUcvoQB
01-01 22:30:50.555  1740  2301 V GoogleSignatureVerifier: 2m4/PQotuij7LZNccHJvUOUf5/4wIZd8JOgO3VLwzFO/HhrqUjafCvkpKTjW8oQmHLUz5m40ljET
01-01 22:30:50.555  1740  2301 V GoogleSignatureVerifier: GEjqQ6AuAwmaeFT+Bwj1DUaYg+m7AzalJ2aAtHVX0FftRUkCAQOjUDBOMB0GA1UdDgQWBBQi+Lgb
01-01 22:30:50.555  1740  2301 V GoogleSignatureVerifier: yFfWSoWCbQ+NVDF4ZKTPCjAfBgNVHSMEGDAWgBQi+LgbyFfWSoWCbQ+NVDF4ZKTPCjAMBgNVHRME
01-01 22:30:50.555  1740  2301 V GoogleSignatureVerifier: BTADAQH/MA0GCSqGSIb3DQEBCwUAA4IBAQBH1kIQlSBjXRMuQdaDLytr8ZaJXIN1HApg2QA8azYQ
01-01 22:30:50.555  1740  2301 V GoogleSignatureVerifier: XOS/B16gwm6tBfh1dL86LL/7w09oM9LZv8WwtQyFNjM97vvQvkaOGW/ubhrKOk3+8HTHkEx4n7H6
01-01 22:30:50.555  1740  2301 V GoogleSignatureVerifier: tYGOLdpmWepDfBSEFuLwq6yqG6wZFdd7IKO+sPlCxqUpqg40YAb4WOwzDbiuJnswDftP3wIaaJPh
01-01 22:30:50.555  1740  2301 V GoogleSignatureVerifier: li6OIjRKyd3Sgw1MtffHOy+WSwqHLkGNgH6GAgvZlvhPA/yim+rjnE9oKV5G6PygQK7kJJjS/Lde
01-01 22:30:50.555  1740  2301 V GoogleSignatureVerifier: qxE7M7pNRYPhcLT7qhE7MiuBuyqwAMTTBoU8u3lTdOZwNErbRT5tSXkgVMffkfN7wBNqpSSY
01-01 22:30:50.560  1740  2301 V GoogleSignatureVerifier: com.android.providers.settings signature not valid.  Found: 
01-01 22:30:50.560  1740  2301 V GoogleSignatureVerifier: MIID+zCCAuOgAwIBAgIJAP8GQTI8+VUSMA0GCSqGSIb3DQEBCwUAMIGUMQswCQYDVQQGEwJVUzET
