01-01 22:30:31.310   228  1559 I vpu_mem_pool: pid 228, vpu_mem_allocator:717: vpu memory pool size (720000)
01-01 22:30:31.310   228  1559 I vpu_mem_pool: pid 228, vpu_mem_allocator:720: ion_alloc_fd success, memory fd 47
01-01 22:30:31.310   228  1559 I vpu_mem_pool: pid 228, vpu_mem_allocator:717: vpu memory pool size (800000)
01-01 22:30:31.310   228  1559 I vpu_mem_pool: pid 228, vpu_mem_allocator:720: ion_alloc_fd success, memory fd 48
01-01 22:30:31.311   228   814 E CameraHal_Marvin: HAL-MOCKUP: Open (/dev/camsys_marvin1) failed, error=(No such file or directory),try to open /dev/camsys_marvin 
01-01 22:30:31.314   228   814 E CameraHal_Marvin: CAMERIC_ISP_FLT_DRV: CamerIcIspFltSetFilterParameter: 444 (exit)
01-01 22:30:31.314   228   814 E CameraHal: disconnectCamera(1779): getFocusLimits failed!
01-01 22:30:31.470  1530  1530 W System  : ClassLoader referenced unknown path: /system/priv-app/Settings/lib/arm
01-01 22:30:31.567   228   814 E CameraHal_Marvin: IMX214: Sensor_IsiCheckSensorConnectionIss RevId = 0x00000000, value = 0x00000000 
01-01 22:30:31.568   228   814 D CameraHal_Marvin: 
01-01 22:30:31.568   228   814 D CameraHal_Marvin: 
01-01 22:30:31.568   228   814 D CameraHal_Marvin: 
01-01 22:30:31.568   228   814 D CameraHal_Marvin: CameraHal Version Check:
01-01 22:30:31.568   228   814 D CameraHal_Marvin:     CamSys_Head.h version: 
01-01 22:30:31.568   228   814 D CameraHal_Marvin:        kernel: (0x) v0.b.0
01-01 22:30:31.568   228   814 D CameraHal_Marvin:        libisp_siliconimage_isp.so: (0x) v0.b.0
01-01 22:30:31.568   228   814 D CameraHal_Marvin:     LibIsp version: 
01-01 22:30:31.568   228   814 D CameraHal_Marvin:        local: (0x) v1.36.0
01-01 22:30:31.568   228   814 D CameraHal_Marvin:        camera.rk30board.so: (0x) v1.36.0
01-01 22:30:31.568   228   814 D CameraHal_Marvin:     Sensor ISI version: 
01-01 22:30:31.568   228   814 D CameraHal_Marvin:         libisp_isi_drv_XXX: (0x) v0.c.0
01-01 22:30:31.568   228   814 D CameraHal_Marvin:         libisp_siliconimage_isp.so: (0x) v0.c.0
01-01 22:30:31.568   228   814 D CameraHal_Marvin:     Tunning XML version:
01-01 22:30:31.568   228   814 D CameraHal_Marvin:         libisp_isi_drv_XXX: (09-Jun-2015_ZYL-OYYF_IMX214_50013A7_v0.1.0)
01-01 22:30:31.568   228   814 D CameraHal_Marvin:         Calibdb: (06-Jun-2018_OYYF_IMX214_guangjiao_v0.1.0)
01-01 22:30:31.568   228   814 D CameraHal_Marvin:     sensor name IMX214: 
01-01 22:30:31.568   228   814 D CameraHal_Marvin:        sensor drv version: (0x) v0.6.0
01-01 22:30:31.568   228   814 D CameraHal_Marvin: 
01-01 22:30:31.568   228   814 D CameraHal_Marvin: 
01-01 22:30:31.568   228   814 D CameraHal_Marvin: 
01-01 22:30:31.568   228   814 E CameraHal_Marvin: CAM_API_CAMENGINE: Request 640x480, Exp(>= 0.000000), Fps(>= 15fps) 
01-01 22:30:31.568   228   814 E CameraHal_Marvin: CAM_API_CAMENGINE: getPreferedSensorRes is 2104x1560@25fps
01-01 22:30:31.568   228   814 D CameraHal: setupPreview(260): isp out put format is YUV420SP.
01-01 22:30:31.568   228   814 D CameraHal: setupPreview(272): Sensor output: 2104x1560 --(0,0,2104,1560)--> User request: 640x480
01-01 22:30:31.569   228   814 E CameraHal_Marvin: IMX214: Sensor_IsiCheckSensorConnectionIss RevId = 0x00000000, value = 0x00000000 
01-01 22:30:31.569   228   814 E CameraHal_Marvin: IMX214: Sensor_IsiSetupSensorIss (enter)
01-01 22:30:31.802   228   814 E CameraHal_Marvin: IMX214: Sensor_IsiSetupSensorIss: (exit)
01-01 22:30:31.804   228   814 E CameraHal_Marvin: HAL-MOCKUP: PHY ADDR (0x10000000),iommu addr (0x10000000)
01-01 22:30:31.807   228   814 E CameraHal_Marvin: HAL-MOCKUP: PHY ADDR (0x112ca000),iommu addr (0x112ca000)
01-01 22:30:31.810   228   814 E CameraHal_Marvin: HAL-MOCKUP: PHY ADDR (0x12594000),iommu addr (0x12594000)
01-01 22:30:31.812   228   814 E CameraHal_Marvin: HAL-MOCKUP: PHY ADDR (0x1385e000),iommu addr (0x1385e000)
01-01 22:30:31.812   228   814 E CameraHal_Marvin: IMX214: Sensor_IsiGetAfpsInfoHelperIss: (-----------oyyf enter) pAfpsInfo->AecMaxIntTime(0.000000) pSensorCtx->AecMaxIntegrationTime(0.039981)
01-01 22:30:31.823   228   814 E CameraHal_Marvin: IMX214: Sensor_IsiGetAfpsInfoHelperIss: (-----------oyyf exit) pAfpsInfo->AecMaxIntTime(0.033303) pSensorCtx->AecMaxIntegrationTime(0.033303)
01-01 22:30:31.823   228   814 E CameraHal_Marvin: IMX214: Sensor_IsiGetAfpsInfoHelperIss: (-----------oyyf enter) pAfpsInfo->AecMaxIntTime(0.033303) pSensorCtx->AecMaxIntegrationTime(0.033303)
01-01 22:30:31.833   228   814 E CameraHal_Marvin: IMX214: Sensor_IsiGetAfpsInfoHelperIss: (-----------oyyf exit) pAfpsInfo->AecMaxIntTime(0.039981) pSensorCtx->AecMaxIntegrationTime(0.039981)
01-01 22:30:31.833   228   814 E CameraHal_Marvin: IMX214: Sensor_IsiGetAfpsInfoHelperIss: (-----------oyyf enter) pAfpsInfo->AecMaxIntTime(0.039981) pSensorCtx->AecMaxIntegrationTime(0.039981)
01-01 22:30:31.843   228   814 E CameraHal_Marvin: IMX214: Sensor_IsiGetAfpsInfoHelperIss: (-----------oyyf exit) pAfpsInfo->AecMaxIntTime(0.049997) pSensorCtx->AecMaxIntegrationTime(0.049997)
01-01 22:30:31.843   228   814 E CameraHal_Marvin: IMX214: Sensor_IsiGetAfpsInfoHelperIss: (-----------oyyf enter) pAfpsInfo->AecMaxIntTime(0.049997) pSensorCtx->AecMaxIntegrationTime(0.049997)
01-01 22:30:31.848  1144  1605 I chatty  : uid=10006(com.google.android.gms) GeofencerStateM expire 8 lines
01-01 22:30:31.853   228   814 E CameraHal_Marvin: IMX214: Sensor_IsiGetAfpsInfoHelperIss: (-----------oyyf exit) pAfpsInfo->AecMaxIntTime(0.066690) pSensorCtx->AecMaxIntegrationTime(0.066690)
01-01 22:30:31.853   228   814 E CameraHal_Marvin: IMX214: Sensor_IsiGetAfpsInfoHelperIss: (-----------oyyf enter) pAfpsInfo->AecMaxIntTime(0.066690) pSensorCtx->AecMaxIntegrationTime(0.066690)
01-01 22:30:31.863   228   814 E CameraHal_Marvin: IMX214: Sensor_IsiGetAfpsInfoHelperIss: (-----------oyyf exit) pAfpsInfo->AecMaxIntTime(0.100077) pSensorCtx->AecMaxIntegrationTime(0.100077)
01-01 22:30:31.865   228   814 E CameraHal_Marvin: CAMERIC_ISP_FLT_DRV: CamerIcIspFltSetFilterParameterRegValue: 333 (exit) oyyf s=6 d=3 sh0=28 sh1=20 min=22
01-01 22:30:31.865   228   814 E CameraHal_Marvin: ADPF: AdpfApplyConfiguration:111 filterenable(1.000000) gain(1.000000) denoise 3, sharp 6 frame_cnt:0
01-01 22:30:31.866   228   814 E CameraHal_Marvin: IMX214: Sensor_IsiMdiFocusGet: dw9714 value = 0x00 0x00
01-01 22:30:31.866   228   814 E CameraHal_Marvin: CAMERIC_ISP_FLT_DRV: CamerIcIspFltSetFilterParameter: 444 (exit)
01-01 22:30:31.868   228   814 E CameraHal_Marvin: IMX214: Sensor_IsiCheckSensorConnectionIss RevId = 0x00000000, value = 0x00000000 
01-01 22:30:31.870   228   814 E CameraHal_Marvin: IMX214: Sensor_IsiMdiFocusGet: dw9714 value = 0x00 0x00
01-01 22:30:31.871   228   814 D CameraHal: initDefaultParameters(1224): Support Preview format: yuv420sp,yuv420p    yuv420sp(default)
01-01 22:30:31.871   228   814 D CameraHal: initDefaultParameters(1226): Support Preview sizes: 176x144,320x240,352x288,640x480,720x480,800x600,1600x1200,2048x1536,4208x3120,1280x720,1920x1080,2104x1560,2064x1548    2104x1560(default)    0x0(force)
01-01 22:30:31.871   228   814 D CameraHal: initDefaultParameters(1227): Support Preview FPS range: (3000,30000),(30000,30000)
01-01 22:30:31.871   228   814 D CameraHal: initDefaultParameters(1228): Support Preview framerate: 10,15,30
01-01 22:30:31.871   228   814 D CameraHal: initDefaultParameters(1229): Support Picture sizes: 4208x3120,4128x3096,3264x2448,2592x1944,1600x1200,640x480,352x288,320x240,176x144    4208x3120(default)
01-01 22:30:31.871   228   814 D CameraHal: initDefaultParameters(1230): Support Focus: fixed  Focus zone: 0
01-01 22:30:31.871   228   814 D CameraHal: initDefaultParameters(1233): Support AWB: auto,incandescent,fluorescent,daylight 
01-01 22:30:31.871   228   814 D CameraHal: initDefaultParameters(1234): Support FOV test h(60.000000) v(60.000000)
01-01 22:30:31.871   228   814 D CameraHal: Calling process is: /system/bin/mediaserver
01-01 22:30:31.878   228  1611 D CameraHal: commandThread(1011): commandThread(1011): receive CMD_PREVIEW_CAPTURE_CANCEL
01-01 22:30:31.879   228  1611 D CameraHal: commandThread(1019): commandThread(1019): CMD_PREVIEW_CAPTURE_CANCEL out
01-01 22:30:31.879   228   814 D CameraHal: cancelPicture(588): cancel picture OK.
01-01 22:30:31.879   228  1611 D CameraHal: commandThread(939): commandThread(939):receive CMD_PREVIEW_STOP
01-01 22:30:31.879   228  1611 D CameraHal: commandThread(960): commandThread(960): CMD_PREVIEW_STOP out
01-01 22:30:31.879   228   814 D CameraHal: stopPreview(389): stop preview OK.
01-01 22:30:31.880   228  1611 D CameraHal: commandThread(1011): commandThread(1011): receive CMD_PREVIEW_CAPTURE_CANCEL
01-01 22:30:31.880   228  1611 D CameraHal: commandThread(1019): commandThread(1019): CMD_PREVIEW_CAPTURE_CANCEL out
01-01 22:30:31.880   228   814 D CameraHal: cancelPicture(588): cancel picture OK.
01-01 22:30:31.880   228   814 I CameraFlashlight: Destroying camera 1
01-01 22:30:31.880   228   814 D CameraHal: camera_device_close(451): camera_device_close
01-01 22:30:31.880   228  1558 D CameraHal: displayThread(622): displayThread(622): receive CMD_DISPLAY_STOP
01-01 22:30:31.880   228  1558 D CameraHal: cameraDisplayBufferDestory(399): cameraDisplayBufferDestory(399): mANativeWindow is NULL, destory is ignore
01-01 22:30:31.880   228  1561 D CameraHal: encProcessThread(1658): encProcessThread(1658): receive CMD_ENCPROCESS_EXIT
01-01 22:30:31.880   228   814 I vpu_mem_pool: pid 228, close_vpu_memory_pool:501: vpu memory pool size (720000)
01-01 22:30:31.880   228   814 I vpu_mem_pool: pid 228, close_vpu_memory_pool:501: vpu memory pool size (640000)
01-01 22:30:31.880   228   814 I vpu_mem_pool: pid 228, close_vpu_memory_pool:501: vpu memory pool size (560000)
01-01 22:30:31.880   228   814 I vpu_mem_pool: pid 228, close_vpu_memory_pool:501: vpu memory pool size (480000)
01-01 22:30:31.881   228   814 I vpu_mem_pool: pid 228, close_vpu_memory_pool:501: vpu memory pool size (400000)
01-01 22:30:31.881   228   814 I vpu_mem_pool: pid 228, close_vpu_memory_pool:501: vpu memory pool size (320000)
01-01 22:30:31.881   228   814 I vpu_mem_pool: pid 228, close_vpu_memory_pool:501: vpu memory pool size (240000)
01-01 22:30:31.881   228   814 I vpu_mem_pool: pid 228, close_vpu_memory_pool:501: vpu memory pool size (160000)
01-01 22:30:31.881   228   814 I vpu_mem_pool: pid 228, close_vpu_memory_pool:501: vpu memory pool size (80000)
01-01 22:30:31.881   228   814 I vpu_mem_pool: pid 228, close_vpu_memory_pool:501: vpu memory pool size (0)
01-01 22:30:31.881   228   814 I vpu_mem_pool: pid 228, close_vpu_memory_pool:552: 
01-01 22:30:31.886   569   589 D BluetoothManagerService: Added callback: android.bluetooth.IBluetoothManagerCallback$Stub$Proxy@fb6070e:true
01-01 22:30:31.938  1144  1609 I chatty  : uid=10006(com.google.android.gms) GoogleLocationS expire 2 lines
01-01 22:30:31.986   228   814 E CameraHal_Marvin: IMX214:  STREAM OFF ++++++++++++++
01-01 22:30:32.003   228  1611 D CameraHal: commandThread(1124): commandThread(1124): receive CMD_EXIT
01-01 22:30:32.003   228   814 D CameraHal: ~CameraHal(302): CameraHal destory success
01-01 22:30:32.004   228   814 I CameraService: disconnect: Disconnected client for camera 1 for PID 228
01-01 22:30:32.004   228   814 D RockFFPlayer: reset: in
01-01 22:30:32.004   228   814 D RockFFPlayerBase: dumpStatus(): Preapared
01-01 22:30:32.004   228   814 D RockFFPlayer: reset: stop_l in
01-01 22:30:32.004   228   814 D RockFFPlayer: stop_l: in
01-01 22:30:32.004   228   814 D RockFFPlayer: enter enqueueMessage
01-01 22:30:32.004   228   814 D RockFFPlayer: enqueueMessage:****1
01-01 22:30:32.004   228   814 D RockFFPlayer: enqueueMessage:****2
01-01 22:30:32.004   228   814 D RockFFPlayer: enqueueMessage:****3
01-01 22:30:32.004   228   814 D RockFFPlayer: enqueueMessage:Message 1,set signal
01-01 22:30:32.004   228   814 D RockFFPlayer: enqueueMessage:sync wait
01-01 22:30:32.004   228  1547 D RockFFPlayer: deliverMessage 
01-01 22:30:32.004   228  1547 D RockFFPlayer: run : dequeueMessage Message 4
01-01 22:30:32.004   228  1547 D RockFFPlayer: CMD_STOP
01-01 22:30:32.004   228  1547 D RockFFPlayer: doStop: in
01-01 22:30:32.004   228  1547 D RockFFPlayerBase: dumpStatus(): Preapared
01-01 22:30:32.004   228  1547 D RockFFPlayerBase: dumpStatus(): Stopped
01-01 22:30:32.004   228  1547 D RockFFPlayer: doRelease: in
01-01 22:30:32.004   228  1547 I FFIDecoder: waiting on end of decoder thread
01-01 22:30:32.004   228  1547 E FFMpegThread: DecoderAudio,wait
01-01 22:30:32.004   228  1547 E RockFFPlayerBase: FFMPlayerBase::flushRenderQueue in
01-01 22:30:32.004   228  1547 E RockFFPlayerBase: FFMPlayerBase::flushRenderQueue out
01-01 22:30:32.004   228  1547 D RockFFPlayer: doRelease: ok
01-01 22:30:32.004   228  1547 D RockFFPlayer: doStop: ok
01-01 22:30:32.004   228  1547 D RockFFPlayer: run : dequeueMessage Message 4 OK
01-01 22:30:32.004   228  1547 D RockFFPlayer: Messagecomplete type [4]
01-01 22:30:32.004   228  1547 D RockFFPlayer: run : Message 4 complete
01-01 22:30:32.004   228   814 D RockFFPlayer: enqueueMessage:sync wait ok
01-01 22:30:32.004   228   814 D RockFFPlayer: stop_l: clear queue ok
01-01 22:30:32.005   228  1548 I RockFFPlayer: readthread end of playing
01-01 22:30:32.005   228   814 D RockFFPlayer: stop_l: create cancel thread ok
01-01 22:30:32.005   228   814 D RockFFPlayer: stop_l: ok
01-01 22:30:32.005   228   814 D RockFFPlayer: enter enqueueMessage
01-01 22:30:32.005   228   814 D RockFFPlayer: enqueueMessage:****1
01-01 22:30:32.005   228   814 D RockFFPlayer: enqueueMessage:****2
01-01 22:30:32.005   228   814 D RockFFPlayer: enqueueMessage:****3
01-01 22:30:32.005   228   814 D RockFFPlayer: enqueueMessage:Message 1,set signal
01-01 22:30:32.005   228   814 D RockFFPlayer: enqueueMessage:sync wait
01-01 22:30:32.005   228  1547 D RockFFPlayer: deliverMessage 
01-01 22:30:32.005   228  1629 D RockFFPlayer: CancelThread: in
01-01 22:30:32.005   228  1547 D RockFFPlayer: run : dequeueMessage Message 11
01-01 22:30:32.005   228  1547 D RockFFPlayer: CMD_RESET
01-01 22:30:32.005   228  1547 D RockFFPlayerBase: dumpStatus(): Idle
01-01 22:30:32.005   228  1547 D RockFFPlayer: doReset ok
01-01 22:30:32.005   228  1547 D RockFFPlayer: run : dequeueMessage Message 11 OK
01-01 22:30:32.005   228  1547 D RockFFPlayer: Messagecomplete type [11]
01-01 22:30:32.005   228  1547 D RockFFPlayer: run : Message 11 complete
01-01 22:30:32.005   228   814 D RockFFPlayer: enqueueMessage:sync wait ok
01-01 22:30:32.005   228   814 D RockFFPlayer: reset: do reset ok
01-01 22:30:32.005   228  1547 D RockFFPlayer: signal thread out
01-01 22:30:32.005   228  1547 D RockFFPlayer: sched_thread out
01-01 22:30:32.006   228   814 D RockFFPlayer: stop:wait is ok
01-01 22:30:32.006   228   814 D RockFFPlayer: stop:ok
01-01 22:30:32.006   228   814 D RockFFPlayer: ~RkMessageQueue
01-01 22:30:32.006   228   814 D RockFFPlayer: reset: reset ok
01-01 22:30:32.006   228   814 E FFPlayer: ~FFPlayer
01-01 22:30:32.006   228   814 D RockFFPlayer: reset: in
01-01 22:30:32.006   228   814 D RockFFPlayerBase: dumpStatus(): Idle
01-01 22:30:32.006   228   814 D RockFFPlayer: reset: in idle status, already reset
01-01 22:30:32.006   228   814 D RockFFPlayer: ~FFMPlayer in
01-01 22:30:32.006   228   814 D RockFFPlayer: reset: in
01-01 22:30:32.006   228   814 D RockFFPlayerBase: dumpStatus(): Idle
01-01 22:30:32.006   228   814 D RockFFPlayer: reset: in idle status, already reset
01-01 22:30:32.006   228  1629 D FFMpegThread: DecoderAudio:~PlayerThread enter mThreadStatus=-1
01-01 22:30:32.006   228  1629 E RockFFPlayerBase: closeContext : in
01-01 22:30:32.006   228  1629 E RockFFPlayerBase: closeContext : out
01-01 22:30:32.006   228  1629 D RockFFPlayer: CancelThread: ok
01-01 22:30:32.006   228   814 D RockFFPlayer: ~FFMediaSource
01-01 22:30:32.006   228   814 D RockFFPlayer: FFMediaSource context null. 
01-01 22:30:32.007   228   814 E TraceThread:     VsyncReciver(tid = 2998802736)--> [UID=7ebda33b] pthread_join begin-->player = 0xb71290d0
01-01 22:30:32.007   569   806 E wifi    : wifi_get_supported_feature_set returned error = 0xffffffa1
01-01 22:30:32.019   228   814 E TraceThread:     VsyncReciver(tid = 2998802736)--> [UID=7ebda33b] pthread_join   end-->player = 0xb71290d0
01-01 22:30:32.019   228   814 D VsyncReciver: stop_l:vsyncThread down
01-01 22:30:32.019   228   814 E TraceThread:     RockFFPlayer(tid = 3000990000)--> [UID=7ebda33b] ~FFMPlayer Destruction; object=0xb71290d0
01-01 22:30:32.019   228   814 D RockFFPlayer: ~FFMPlayer ok
01-01 22:30:32.019   228   814 D RockFFPlayerBase: ~FFMPlayerBase(():mDequeueThread down
01-01 22:30:32.019   228   814 D RockFFPlayerBase: ~RkMessageHandler
01-01 22:30:32.019   228   814 D RockFFPlayer: reset: in
01-01 22:30:32.019   228   814 D RockFFPlayerBase: dumpStatus(): Preapared
01-01 22:30:32.019   228   814 D RockFFPlayer: reset: stop_l in
01-01 22:30:32.019   228   814 D RockFFPlayer: stop_l: in
01-01 22:30:32.019   228   814 D RockFFPlayer: enter enqueueMessage
01-01 22:30:32.019   228   814 D RockFFPlayer: enqueueMessage:****1
01-01 22:30:32.019   228   814 D RockFFPlayer: enqueueMessage:****2
01-01 22:30:32.019   228   814 D RockFFPlayer: enqueueMessage:****3
01-01 22:30:32.019   228   814 D RockFFPlayer: enqueueMessage:Message 1,set signal
01-01 22:30:32.019   228   814 D RockFFPlayer: enqueueMessage:sync wait
01-01 22:30:32.019   228  1551 D RockFFPlayer: deliverMessage 
01-01 22:30:32.019   228  1551 D RockFFPlayer: run : dequeueMessage Message 4
01-01 22:30:32.019   228  1551 D RockFFPlayer: CMD_STOP
01-01 22:30:32.019   228  1551 D RockFFPlayer: doStop: in
01-01 22:30:32.019   228  1551 D RockFFPlayerBase: dumpStatus(): Preapared
01-01 22:30:32.019   228  1551 D RockFFPlayerBase: dumpStatus(): Stopped
01-01 22:30:32.019   228  1551 D RockFFPlayer: doRelease: in
01-01 22:30:32.019   228  1551 I FFIDecoder: waiting on end of decoder thread
01-01 22:30:32.019   228  1551 E FFMpegThread: DecoderAudio,wait
01-01 22:30:32.019   228  1551 E RockFFPlayerBase: FFMPlayerBase::flushRenderQueue in
01-01 22:30:32.019   228  1551 E RockFFPlayerBase: FFMPlayerBase::flushRenderQueue out
01-01 22:30:32.019   228  1551 D RockFFPlayer: doRelease: ok
01-01 22:30:32.019   228  1551 D RockFFPlayer: doStop: ok
01-01 22:30:32.019   228  1551 D RockFFPlayer: run : dequeueMessage Message 4 OK
01-01 22:30:32.019   228  1551 D RockFFPlayer: Messagecomplete type [4]
01-01 22:30:32.019   228  1551 D RockFFPlayer: run : Message 4 complete
01-01 22:30:32.019   228   814 D RockFFPlayer: enqueueMessage:sync wait ok
01-01 22:30:32.019   228   814 D RockFFPlayer: stop_l: clear queue ok
01-01 22:30:32.019   228   814 D RockFFPlayer: stop_l: create cancel thread ok
01-01 22:30:32.019   228  1633 D RockFFPlayer: CancelThread: in
01-01 22:30:32.019   228   814 D RockFFPlayer: stop_l: ok
01-01 22:30:32.019   228   814 D RockFFPlayer: enter enqueueMessage
01-01 22:30:32.019   228   814 D RockFFPlayer: enqueueMessage:****1
01-01 22:30:32.019   228   814 D RockFFPlayer: enqueueMessage:****2
01-01 22:30:32.019   228   814 D RockFFPlayer: enqueueMessage:****3
01-01 22:30:32.019   228   814 D RockFFPlayer: enqueueMessage:Message 1,set signal
01-01 22:30:32.019   228   814 D RockFFPlayer: enqueueMessage:sync wait
01-01 22:30:32.019   228  1551 D RockFFPlayer: deliverMessage 
01-01 22:30:32.019   228  1551 D RockFFPlayer: run : dequeueMessage Message 11
01-01 22:30:32.020   228  1551 D RockFFPlayer: CMD_RESET
01-01 22:30:32.020   228  1551 D RockFFPlayerBase: dumpStatus(): Idle
01-01 22:30:32.020   228  1551 D RockFFPlayer: doReset ok
01-01 22:30:32.020   228  1551 D RockFFPlayer: run : dequeueMessage Message 11 OK
01-01 22:30:32.020   228  1551 D RockFFPlayer: Messagecomplete type [11]
01-01 22:30:32.020   228  1551 D RockFFPlayer: run : Message 11 complete
01-01 22:30:32.020   228   814 D RockFFPlayer: enqueueMessage:sync wait ok
01-01 22:30:32.020   228   814 D RockFFPlayer: reset: do reset ok
01-01 22:30:32.020   228  1552 I RockFFPlayer: readthread end of playing
01-01 22:30:32.020   228  1551 D RockFFPlayer: signal thread out
01-01 22:30:32.020   228  1551 D RockFFPlayer: sched_thread out
01-01 22:30:32.020   228   814 D RockFFPlayer: stop:wait is ok
01-01 22:30:32.020   228   814 D RockFFPlayer: stop:ok
01-01 22:30:32.020   228   814 D RockFFPlayer: ~RkMessageQueue
01-01 22:30:32.020   228   814 D RockFFPlayer: reset: reset ok
01-01 22:30:32.020   228   814 E FFPlayer: ~FFPlayer
01-01 22:30:32.020   228  1633 D FFMpegThread: DecoderAudio:~PlayerThread enter mThreadStatus=-1
01-01 22:30:32.020   228   814 D RockFFPlayer: reset: in
01-01 22:30:32.020   228   814 D RockFFPlayerBase: dumpStatus(): Idle
01-01 22:30:32.020   228   814 D RockFFPlayer: reset: in idle status, already reset
01-01 22:30:32.020   228   814 D RockFFPlayer: ~FFMPlayer in
01-01 22:30:32.020   228   814 D RockFFPlayer: reset: in
01-01 22:30:32.020   228   814 D RockFFPlayerBase: dumpStatus(): Idle
01-01 22:30:32.020   228   814 D RockFFPlayer: reset: in idle status, already reset
01-01 22:30:32.020   228  1633 E RockFFPlayerBase: closeContext : in
01-01 22:30:32.021   228  1633 E RockFFPlayerBase: closeContext : out
01-01 22:30:32.021   228  1633 D RockFFPlayer: CancelThread: ok
01-01 22:30:32.021   228   814 D RockFFPlayer: ~FFMediaSource
01-01 22:30:32.021   228   814 D RockFFPlayer: FFMediaSource context null. 
01-01 22:30:32.021   228   814 E TraceThread:     VsyncReciver(tid = 2989406512)--> [UID=7ebda33b] pthread_join begin-->player = 0xb7235590
01-01 22:30:32.036   228   814 E TraceThread:     VsyncReciver(tid = 2989406512)--> [UID=7ebda33b] pthread_join   end-->player = 0xb7235590
01-01 22:30:32.036   228   814 D VsyncReciver: stop_l:vsyncThread down
01-01 22:30:32.036   228   814 E TraceThread:     RockFFPlayer(tid = 3000990000)--> [UID=7ebda33b] ~FFMPlayer Destruction; object=0xb7235590
01-01 22:30:32.036   228   814 D RockFFPlayer: ~FFMPlayer ok
01-01 22:30:32.036   228   814 D RockFFPlayerBase: ~FFMPlayerBase(():mDequeueThread down
01-01 22:30:32.036   228   814 D RockFFPlayerBase: ~RkMessageHandler
01-01 22:30:32.036   228   814 D RockFFPlayer: reset: in
01-01 22:30:32.036   228   814 D RockFFPlayerBase: dumpStatus(): Error status
01-01 22:30:32.036   228   814 D RockFFPlayer: reset: stop_l in
01-01 22:30:32.036   228   814 D RockFFPlayer: stop_l: in
01-01 22:30:32.036   228   814 D RockFFPlayer: enter enqueueMessage
01-01 22:30:32.036   228   814 D RockFFPlayer: enqueueMessage:****1
01-01 22:30:32.036   228   814 D RockFFPlayer: enqueueMessage:****2
01-01 22:30:32.036   228   814 D RockFFPlayer: enqueueMessage:****3
01-01 22:30:32.036   228   814 D RockFFPlayer: enqueueMessage:Message 1,set signal
01-01 22:30:32.036   228   814 D RockFFPlayer: enqueueMessage:sync wait
01-01 22:30:32.036   228  1556 D RockFFPlayer: deliverMessage 
01-01 22:30:32.036   228  1556 D RockFFPlayer: run : dequeueMessage Message 4
01-01 22:30:32.036   228  1556 D RockFFPlayer: CMD_STOP
01-01 22:30:32.036   228  1556 D RockFFPlayer: doStop: in
01-01 22:30:32.036   228  1556 D RockFFPlayerBase: dumpStatus(): Error status
01-01 22:30:32.036   228  1556 D RockFFPlayerBase: dumpStatus(): Stopped
01-01 22:30:32.036   228  1556 D RockFFPlayer: doRelease: in
01-01 22:30:32.036   228  1556 D RockFFPlayer: FFMediaSource setExit, but context null
01-01 22:30:32.036   228  1556 E RockFFPlayerBase: FFMPlayerBase::flushRenderQueue in
01-01 22:30:32.036   228  1556 E RockFFPlayerBase: FFMPlayerBase::flushRenderQueue out
01-01 22:30:32.036   228  1556 D RockFFPlayer: doRelease: ok
01-01 22:30:32.036   228  1556 D RockFFPlayer: doStop: ok
01-01 22:30:32.036   228  1556 D RockFFPlayer: run : dequeueMessage Message 4 OK
01-01 22:30:32.036   228  1556 D RockFFPlayer: Messagecomplete type [4]
01-01 22:30:32.036   228  1556 D RockFFPlayer: run : Message 4 complete
01-01 22:30:32.036   228   814 D RockFFPlayer: enqueueMessage:sync wait ok
01-01 22:30:32.036   228   814 D RockFFPlayer: stop_l: clear queue ok
01-01 22:30:32.038   228  1634 D RockFFPlayer: CancelThread: in
01-01 22:30:32.038   228   814 D RockFFPlayer: stop_l: create cancel thread ok
01-01 22:30:32.038   228   814 D RockFFPlayer: stop_l: ok
01-01 22:30:32.038   228   814 D RockFFPlayer: enter enqueueMessage
01-01 22:30:32.038   228   814 D RockFFPlayer: enqueueMessage:****1
01-01 22:30:32.038   228   814 D RockFFPlayer: enqueueMessage:****2
01-01 22:30:32.038   228   814 D RockFFPlayer: enqueueMessage:****3
01-01 22:30:32.038   228   814 D RockFFPlayer: enqueueMessage:Message 1,set signal
01-01 22:30:32.038   228   814 D RockFFPlayer: enqueueMessage:sync wait
01-01 22:30:32.038   228  1556 D RockFFPlayer: deliverMessage 
01-01 22:30:32.038   228  1556 D RockFFPlayer: run : dequeueMessage Message 11
01-01 22:30:32.038   228  1556 D RockFFPlayer: CMD_RESET
01-01 22:30:32.038   228  1556 D RockFFPlayerBase: dumpStatus(): Idle
01-01 22:30:32.038   228  1556 D RockFFPlayer: doReset ok
01-01 22:30:32.038   228  1556 D RockFFPlayer: run : dequeueMessage Message 11 OK
01-01 22:30:32.038   228  1556 D RockFFPlayer: Messagecomplete type [11]
01-01 22:30:32.038   228  1556 D RockFFPlayer: run : Message 11 complete
01-01 22:30:32.038   228   814 D RockFFPlayer: enqueueMessage:sync wait ok
01-01 22:30:32.038   228   814 D RockFFPlayer: reset: do reset ok
01-01 22:30:32.038   228  1634 D RockFFPlayer: processAsyncExit: wait message thread
01-01 22:30:32.038   228  1556 D RockFFPlayer: signal thread out
01-01 22:30:32.038   228  1556 D RockFFPlayer: sched_thread out
01-01 22:30:32.038   228   814 D RockFFPlayer: stop:wait is ok
01-01 22:30:32.038   228   814 D RockFFPlayer: stop:ok
01-01 22:30:32.038   228   814 D RockFFPlayer: ~RkMessageQueue
01-01 22:30:32.038   228   814 D RockFFPlayer: reset: reset ok
01-01 22:30:32.038   228  1634 E RockFFPlayerBase: closeContext : in
01-01 22:30:32.038   228   814 E FFPlayer: ~FFPlayer
01-01 22:30:32.038   228  1634 D RockFFPlayer: FFMediaSource context null. 
01-01 22:30:32.038   228  1634 E RockFFPlayerBase: closeContext : out
01-01 22:30:32.038   228  1634 D RockFFPlayer: CancelThread: ok
01-01 22:30:32.038   228   814 D RockFFPlayer: reset: in
01-01 22:30:32.038   228   814 D RockFFPlayerBase: dumpStatus(): Idle
01-01 22:30:32.038   228   814 D RockFFPlayer: reset: in idle status, already reset
01-01 22:30:32.038   228   814 D RockFFPlayer: ~FFMPlayer in
01-01 22:30:32.038   228   814 D RockFFPlayer: reset: in
01-01 22:30:32.038   228   814 D RockFFPlayerBase: dumpStatus(): Idle
01-01 22:30:32.038   228   814 D RockFFPlayer: reset: in idle status, already reset
01-01 22:30:32.038   228   814 D RockFFPlayer: ~FFMediaSource
01-01 22:30:32.038   228   814 D RockFFPlayer: FFMediaSource context null. 
01-01 22:30:32.038   228   814 E TraceThread:     VsyncReciver(tid = 2985228592)--> [UID=7ebda33b] pthread_join begin-->player = 0xb71d60e8
01-01 22:30:32.040  1616  1616 W System  : ClassLoader referenced unknown path: /system/priv-app/GooglePlay/lib/arm
01-01 22:30:32.054   228   814 E TraceThread:     VsyncReciver(tid = 2985228592)--> [UID=7ebda33b] pthread_join   end-->player = 0xb71d60e8
01-01 22:30:32.054   228   814 D VsyncReciver: stop_l:vsyncThread down
01-01 22:30:32.054   228   814 E TraceThread:     RockFFPlayer(tid = 3000990000)--> [UID=7ebda33b] ~FFMPlayer Destruction; object=0xb71d60e8
01-01 22:30:32.054   228   814 D RockFFPlayer: ~FFMPlayer ok
01-01 22:30:32.054   228   814 D RockFFPlayerBase: ~FFMPlayerBase(():mDequeueThread down
01-01 22:30:32.054   228   814 D RockFFPlayerBase: ~RkMessageHandler
01-01 22:30:32.054   228   463 D CameraHal: camera_get_camera_info(1312): camera_get_camera_info(1312): camera_0 facing(0), orientation(90)
01-01 22:30:32.055   228   814 D CameraHal: camera_get_camera_info(1312): camera_get_camera_info(1312): camera_0 facing(0), orientation(90)
01-01 22:30:32.065   228   463 D CameraHal: camera_get_camera_info(1312): camera_get_camera_info(1312): camera_1 facing(1), orientation(270)
01-01 22:30:32.067   228   814 D CameraHal: camera_get_camera_info(1312): camera_get_camera_info(1312): camera_1 facing(1), orientation(270)
01-01 22:30:32.147   870  1640 D OpenGLRenderer: Use EGL_SWAP_BEHAVIOR_PRESERVED: true
01-01 22:30:32.147   870  1640 D OpenGLRenderer: profile bars disabled
01-01 22:30:32.147   870  1640 D OpenGLRenderer: ambientRatio = 1.50
01-01 22:30:32.174   870   870 D PhoneStatusBar: disable: < EXPAND* icons alerts system_info BACK* HOME* RECENT* clock SEARCH* quick_settings >
01-01 22:30:32.194   870   870 D PhoneStatusBar: heads up is enabled
01-01 22:30:32.719   887  1655 D OpenGLRenderer: Use EGL_SWAP_BEHAVIOR_PRESERVED: true
01-01 22:30:32.746   569   886 E WindowManager: Unknown window type: 2999
01-01 22:30:32.844   569   590 E WindowManager: Unknown window type: 2999
01-01 22:30:32.876   887  1655 I mali_so : [File] : hardware/arm/maliT760/driver/product/base/src/mali_base_kbase.c; [Line] : 928; [Func] : base_context_deal_with_version_affairs_rk_ext;
01-01 22:30:32.876   887  1655 I mali_so : arm_release_ver of this mali_so is 'r12p0-04rel0', rk_so_ver is '12@0', built at '17:00:15', on 'Aug 16 2016'.
01-01 22:30:32.876   887  1655 I mali_so : [File] : hardware/arm/maliT760/driver/product/base/src/mali_base_kbase.c; [Line] : 955; [Func] : base_context_deal_with_version_affairs_rk_ext;
01-01 22:30:32.876   887  1655 I mali_so : mali_ver_property has been set to 'r12p0-04rel0-13-12@0', to return.
01-01 22:30:32.878   887  1655 I OpenGLRenderer: Initialized EGL, version 1.4
01-01 22:30:32.880   569   590 E WindowManager: Unknown window type: 2999
01-01 22:30:32.885   887  1655 D Surface : Surface::final mReqUsage=a00
01-01 22:30:32.885   887  1655 D mali_winsys: EGLint new_window_surface(egl_winsys_display*, void*, EGLSurface, EGLConfig, egl_winsys_surface**, egl_color_buffer_format*, EGLBoolean) returns 0x3000
01-01 22:30:32.886   188   202 D gralloc : Isfb=0, [1,1,16,64], fmt=1, byte_stride=64
01-01 22:30:32.886   188   202 D gralloc : Isfb=0, [1,1,16,64], fmt=1, byte_stride=64
01-01 22:30:32.886   188   202 D gralloc : Isfb=0, [1,1,16,64], fmt=1, byte_stride=64
01-01 22:30:32.898   569   590 E WindowManager: Unknown window type: 2999
01-01 22:30:32.923   887  1673 W ExifInterface: Stop reading file since a wrong offset may cause an infinite loop: 0
01-01 22:30:32.923   887  1673 W ExifInterface: Stop reading file since a wrong offset may cause an infinite loop: 0
01-01 22:30:32.924   887  1671 W ExifInterface: Stop reading file since a wrong offset may cause an infinite loop: 0
01-01 22:30:32.924   887  1671 W ExifInterface: Stop reading file since a wrong offset may cause an infinite loop: 0
01-01 22:30:32.927   569   587 D Tethering: interfaceLinkStateChanged wlan0, true
01-01 22:30:32.927   569   587 D Tethering: interfaceStatusChanged wlan0, true
01-01 22:30:32.933   569   806 D WIFI    : Registering NetworkFactory
01-01 22:30:32.933   569   806 D WIFI_UT : Registering NetworkFactory
01-01 22:30:32.941   887  1672 W ExifInterface: Stop reading file since a wrong offset may cause an infinite loop: 0
01-01 22:30:32.941   887  1672 W ExifInterface: Stop reading file since a wrong offset may cause an infinite loop: 0
01-01 22:30:32.964   569   806 D WIFI    : got request NetworkRequest [ id=1, legacyType=-1, [ Capabilities: INTERNET&NOT_RESTRICTED&TRUSTED&NOT_VPN] ] with score 0
01-01 22:30:32.964   569   806 D WIFI_UT : got request NetworkRequest [ id=1, legacyType=-1, [ Capabilities: INTERNET&NOT_RESTRICTED&TRUSTED&NOT_VPN] ] with score 0
01-01 22:30:33.028   870   870 I mali_so : [File] : hardware/arm/maliT760/driver/product/base/src/mali_base_kbase.c; [Line] : 928; [Func] : base_context_deal_with_version_affairs_rk_ext;
01-01 22:30:33.028   870   870 I mali_so : arm_release_ver of this mali_so is 'r12p0-04rel0', rk_so_ver is '12@0', built at '17:00:15', on 'Aug 16 2016'.
01-01 22:30:33.028   870   870 I mali_so : [File] : hardware/arm/maliT760/driver/product/base/src/mali_base_kbase.c; [Line] : 955; [Func] : base_context_deal_with_version_affairs_rk_ext;
01-01 22:30:33.028   870   870 I mali_so : mali_ver_property has been set to 'r12p0-04rel0-13-12@0', to return.
01-01 22:30:33.036   870   870 D Surface : Surface::final mReqUsage=a00
01-01 22:30:33.036   870   870 D mali_winsys: EGLint new_window_surface(egl_winsys_display*, void*, EGLSurface, EGLConfig, egl_winsys_surface**, egl_color_buffer_format*, EGLBoolean) returns 0x3000
01-01 22:30:33.240  1616  1616 W Finsky  : [1] com.google.android.finsky.FinskyApp.i(1465): No account configured on this device.
01-01 22:30:33.243   188   200 D gralloc : Isfb=0, [2684,3213,2688,10752], fmt=2, byte_stride=10752
01-01 22:30:33.287   870   870 I Choreographer: Skipped 164 frames!  The application may be doing too much work on its main thread.
01-01 22:30:33.288   569   590 E WindowManager: Unknown window type: 2999
01-01 22:30:33.296  1616  1616 W Finsky  : [1] com.google.android.finsky.FinskyApp.i(1465): No account configured on this device.
01-01 22:30:33.304   569   590 E WindowManager: Unknown window type: 2999
01-01 22:30:33.307   870   870 D ViewRootImpl: changeCanvasOpacity: opaque=true
01-01 22:30:33.319  1616  1616 W Finsky  : [1] com.google.android.finsky.FinskyApp.i(1465): No account configured on this device.
01-01 22:30:33.321  1616  1616 W Finsky  : [1] com.google.android.finsky.FinskyApp.i(1465): No account configured on this device.
01-01 22:30:33.353  1616  1616 I Finsky  : [1] com.google.android.finsky.FinskyApp.onCreate(428): Initializing network with DFE https://android.clients.google.com/fdfe/
01-01 22:30:33.355  1616  1616 W Finsky  : [1] com.google.android.finsky.FinskyApp.i(1465): No account configured on this device.
01-01 22:30:33.415  1616  1616 W Finsky  : [1] com.google.android.finsky.FinskyApp.i(1465): No account configured on this device.
01-01 22:30:33.416  1616  1616 W Finsky  : [1] com.google.android.finsky.FinskyApp.i(1465): No account configured on this device.
01-01 22:30:33.422   870  1640 I OpenGLRenderer: Initialized EGL, version 1.4
01-01 22:30:33.426   870  1640 D Surface : Surface::final mReqUsage=a00
01-01 22:30:33.426   870  1640 D mali_winsys: EGLint new_window_surface(egl_winsys_display*, void*, EGLSurface, EGLConfig, egl_winsys_surface**, egl_color_buffer_format*, EGLBoolean) returns 0x3000
01-01 22:30:33.427   188   202 D gralloc : Isfb=0, [1920,1,1920,7680], fmt=1, byte_stride=7680
01-01 22:30:33.427   188   202 D gralloc : Isfb=0, [1920,1,1920,7680], fmt=1, byte_stride=7680
01-01 22:30:33.428   188   202 D gralloc : Isfb=0, [1920,1,1920,7680], fmt=1, byte_stride=7680
01-01 22:30:33.429  1616  1616 W Finsky  : [1] com.google.android.finsky.FinskyApp.i(1465): No account configured on this device.
01-01 22:30:33.430  1616  1616 W Finsky  : [1] com.google.android.finsky.FinskyApp.i(1465): No account configured on this device.
01-01 22:30:33.434   569   590 E WindowManager: Unknown window type: 2999
01-01 22:30:33.435  1616  1616 W Finsky  : [1] com.google.android.finsky.FinskyApp.i(1465): No account configured on this device.
01-01 22:30:33.438  1616  1616 W Finsky  : [1] com.google.android.finsky.FinskyApp.i(1465): No account configured on this device.
01-01 22:30:33.480  1616  1616 W Finsky  : [1] com.google.android.finsky.FinskyApp.i(1465): No account configured on this device.
01-01 22:30:33.481  1616  1616 W Finsky  : [1] com.google.android.finsky.FinskyApp.i(1465): No account configured on this device.
01-01 22:30:33.483  1616  1616 I Finsky  : [1] com.google.android.finsky.services.DailyHygiene.a(171): No need to run daily hygiene.
01-01 22:30:33.483  1616  1616 W Finsky  : [1] com.google.android.finsky.FinskyApp.i(1465): No account configured on this device.
01-01 22:30:33.494  1616  1616 W Settings: Setting download_manager_max_bytes_over_mobile has moved from android.provider.Settings.Secure to android.provider.Settings.Global.
01-01 22:30:33.495  1616  1616 W Settings: Setting download_manager_recommended_max_bytes_over_mobile has moved from android.provider.Settings.Secure to android.provider.Settings.Global.
01-01 22:30:33.537  1616  1616 W Finsky  : [1] com.google.android.finsky.FinskyApp.i(1465): No account configured on this device.
01-01 22:30:33.538  1616  1616 W Finsky  : [1] com.google.android.finsky.FinskyApp.i(1465): No account configured on this device.
01-01 22:30:33.541  1616  1616 W Finsky  : [1] com.google.android.finsky.FinskyApp.i(1465): No account configured on this device.
01-01 22:30:33.542  1616  1616 W Finsky  : [1] com.google.android.finsky.FinskyApp.i(1465): No account configured on this device.
01-01 22:30:33.544  1616  1616 W Finsky  : [1] com.google.android.finsky.FinskyApp.i(1465): No account configured on this device.
01-01 22:30:33.544  1616  1616 W Finsky  : [1] com.google.android.finsky.FinskyApp.b(1147): No account configured on this device.
01-01 22:30:33.552  1616  1616 W Finsky  : [1] com.google.android.finsky.FinskyApp.i(1465): No account configured on this device.
01-01 22:30:33.553  1616  1616 W Finsky  : [1] com.google.android.finsky.FinskyApp.i(1465): No account configured on this device.
01-01 22:30:33.564  1616  1616 W Finsky  : [1] com.google.android.finsky.FinskyApp.i(1465): No account configured on this device.
01-01 22:30:33.572  1616  1616 W Finsky  : [1] com.google.android.finsky.FinskyApp.i(1465): No account configured on this device.
01-01 22:30:33.575  1616  1616 E Finsky  : [1] com.google.android.finsky.utils.aa.a(57): No permission to get location. java.lang.SecurityException: "gps" location provider requires ACCESS_FINE_LOCATION permission.
01-01 22:30:33.578  1616  1616 E Finsky  : [1] com.google.android.finsky.utils.aa.a(106): No permission to get location. java.lang.SecurityException: "fused" location provider requires ACCESS_COARSE_LOCATION or ACCESS_FINE_LOCATION permission.
01-01 22:30:33.591  1144  1667 I chatty  : uid=10006(com.google.android.gms) lowpool[3] expire 5 lines
01-01 22:30:33.595  1616  1738 W Finsky  : [112] com.google.android.finsky.FinskyApp.i(1465): No account configured on this device.
01-01 22:30:33.605   569   590 E WindowManager: Unknown window type: 2999
01-01 22:30:33.623   569   590 E WindowManager: Unknown window type: 2999
01-01 22:30:33.640   569   590 E WindowManager: Unknown window type: 2999
01-01 22:30:33.658  1616  1616 I Finsky  : [1] com.google.android.finsky.c.l.a(270): result=false type=4
01-01 22:30:33.768  1616  1616 I Finsky  : [1] com.google.android.finsky.services.bc.a(1050): Restore complete with 0 success and 0 failed.
01-01 22:30:33.893  1740  1740 I chatty  : uid=10006(com.google.android.gms) expire 16 lines
01-01 22:30:33.910   569   806 E wifi    : wifi_get_supported_feature_set returned error = 0xffffffa1
01-01 22:30:34.037  1740  1764 I chatty  : uid=10006(com.google.android.gms) expire 1 line
01-01 22:30:34.144  1616  1738 W Finsky  : [112] com.google.android.finsky.FinskyApp.i(1465): No account configured on this device.
01-01 22:30:34.326   887   887 I Choreographer: Skipped 82 frames!  The application may be doing too much work on its main thread.
01-01 22:30:34.331   569   590 E WindowManager: Unknown window type: 2999
01-01 22:30:34.342   887  1655 D Surface : Surface::final mReqUsage=a00
01-01 22:30:34.342   887  1655 D mali_winsys: EGLint new_window_surface(egl_winsys_display*, void*, EGLSurface, EGLConfig, egl_winsys_surface**, egl_color_buffer_format*, EGLBoolean) returns 0x3000
01-01 22:30:34.348   569   590 E WindowManager: Unknown window type: 2999
01-01 22:30:34.355   188  1286 D gralloc : Isfb=0, [1920,1200,1920,7680], fmt=1, byte_stride=7680
01-01 22:30:34.366   569   590 E WindowManager: Unknown window type: 2999
01-01 22:30:34.367   188  1286 D gralloc : Isfb=0, [1920,1200,1920,7680], fmt=1, byte_stride=7680
01-01 22:30:34.379   188  1286 D gralloc : Isfb=0, [1920,1200,1920,7680], fmt=1, byte_stride=7680
01-01 22:30:35.706   887   887 I Choreographer: Skipped 77 frames!  The application may be doing too much work on its main thread.
01-01 22:30:35.845   188  1286 D gralloc : Isfb=0, [1200,1920,1200,4800], fmt=1, byte_stride=4800
01-01 22:30:35.896   188   200 D gralloc : Isfb=0, [1200,1920,1200,4800], fmt=1, byte_stride=4800
--------- beginning of system
01-01 22:30:35.898   569   590 V WindowManager: tokenMayBeDrawn: AppWindowToken{317f693 token=Token{e7fdf82 ActivityRecord{8092acd u0 com.roboteam.teamy.usa/com.roboteam.teamy.boot.BootActivity t269}}} freezingScreen=false mAppFreezing=false
01-01 22:30:35.898   569   590 V WindowManager: Eval win Window{85dcda u0 com.roboteam.teamy.usa/com.roboteam.teamy.home.HomeActivity}: isDrawn=false, isAnimating=false
01-01 22:30:35.898   569   590 V WindowManager: Not displayed: s=null pv=false mDrawState=NO_SURFACE ah=false th=true a=false
01-01 22:30:35.899   569   590 I WindowManager:   SURFACE SHOW (performShowLocked): Window{51f2a7 u0 com.roboteam.teamy.usa/com.roboteam.teamy.boot.BootActivity}
01-01 22:30:35.899   569   590 V WindowManager: Eval win Window{85dcda u0 com.roboteam.teamy.usa/com.roboteam.teamy.home.HomeActivity}: isDrawn=false, isAnimating=false
01-01 22:30:35.899   569   590 V WindowManager: Not displayed: s=null pv=false mDrawState=NO_SURFACE ah=false th=true a=false
01-01 22:30:35.900   569   590 I ActivityManager: Displayed com.roboteam.teamy.usa/com.roboteam.teamy.boot.BootActivity: +3s67ms
01-01 22:30:35.905   569   590 E WindowManager: Unknown window type: 2999
01-01 22:30:35.905   569   590 V WindowManager: Eval win Window{85dcda u0 com.roboteam.teamy.usa/com.roboteam.teamy.home.HomeActivity}: isDrawn=false, isAnimating=false
01-01 22:30:35.905   569   590 V WindowManager: Not displayed: s=null pv=false mDrawState=NO_SURFACE ah=false th=true a=false
01-01 22:30:35.922   569   590 E WindowManager: Unknown window type: 2999
01-01 22:30:35.957   569   585 V WindowManager: setAppVisibility(Token{c94a2d5 ActivityRecord{6826b8c u0 com.roboteam.teamy.usa/com.roboteam.teamy.home.HomeActivity t268}}, visible=false): mNextAppTransition=TRANSIT_UNSET hidden=true hiddenRequested=true Callers=com.android.server.am.ActivityStack.stopActivityLocked:2764 com.android.server.am.ActivityStackSupervisor.activityIdleInternalLocked:2602 com.android.server.am.ActivityStackSupervisor$ActivityStackSupervisorHandler.activityIdleInternal:4017 com.android.server.am.ActivityStackSupervisor$ActivityStackSupervisorHandler.handleMessage:4036 android.os.Handler.dispatchMessage:102 android.os.Looper.loop:148 
01-01 22:30:35.958   569   585 V KeyguardServiceDelegate: *** Keyguard started
01-01 22:30:35.959   569   585 W KeyguardServiceDelegate: onScreenTurningOn(): no keyguard service!
01-01 22:30:36.012   569   569 V KeyguardServiceDelegate: *** Keyguard connected (yay!)
01-01 22:30:36.075   188   202 D gralloc : Isfb=0, [1200,1920,1200,4800], fmt=1, byte_stride=4800
01-01 22:30:36.211   569   885 V KeyguardServiceDelegate: **** SHOWN CALLED ****
01-01 22:30:36.212   569   590 V WindowManager: Resize reasons for w=Window{c8ee101 u0 KeyguardScrim}:  contentInsetsChanged=true [0,0][0,0] visibleInsetsChanged=false [0,0][0,0] stableInsetsChanged=false [0,0][0,0] outsetsChanged=false [0,0][0,0] surfaceResized=false configChanged=false
01-01 22:30:36.212   569   590 V WindowManager: Changing surface while display frozen: Window{c8ee101 u0 KeyguardScrim}
01-01 22:30:36.212   569   590 V WindowManager: Orientation start waiting for draw mDrawState=DRAW_PENDING in Window{c8ee101 u0 KeyguardScrim}, surface Surface(name=KeyguardScrim_Force_To_Dual)
01-01 22:30:36.212   569   590 V WindowManager: Resizing window Window{c8ee101 u0 KeyguardScrim} to 1920.0x1200.0
01-01 22:30:36.212   569   590 V WindowManager: Eval win Window{85dcda u0 com.roboteam.teamy.usa/com.roboteam.teamy.home.HomeActivity}: isDrawn=false, isAnimating=false
01-01 22:30:36.212   569   590 V WindowManager: Not displayed: s=null pv=false mDrawState=NO_SURFACE ah=false th=true a=false
01-01 22:30:36.213   569   590 V WindowState: Reporting new frame to Window{c8ee101 u0 KeyguardScrim}: Rect(0, 0 - 1920, 1200)
01-01 22:30:36.213   569   590 I WindowState: Resizing Window{c8ee101 u0 KeyguardScrim} WITH DRAW PENDING
01-01 22:30:36.223   569   590 E WindowManager: Unknown window type: 2999
01-01 22:30:36.223   569   590 I WindowManager:   SURFACE SHOW (performShowLocked): Window{792cfe8 u0 com.roboteam.teamy.usa}
01-01 22:30:36.223   569   590 V WindowStateAnimator: Orientation continue waiting for draw in Window{c8ee101 u0 KeyguardScrim}
01-01 22:30:36.224   569   569 V WindowManager: Done at AppWindowToken{317f693 token=Token{e7fdf82 ActivityRecord{8092acd u0 com.roboteam.teamy.usa/com.roboteam.teamy.boot.BootActivity t269}}} -- full screen, return 0
01-01 22:30:36.224   569   569 V WindowManager: Deferring rotation, display is not enabled.
01-01 22:30:36.224   870   870 D PhoneStatusBar: disable: < expand* icons alerts system_info back* home* recent* clock search* quick_settings >
01-01 22:30:36.225   569   569 V WindowManager: Eval win Window{85dcda u0 com.roboteam.teamy.usa/com.roboteam.teamy.home.HomeActivity}: isDrawn=false, isAnimating=false
01-01 22:30:36.225   569   569 V WindowManager: Not displayed: s=null pv=true mDrawState=NO_SURFACE ah=false th=true a=false
01-01 22:30:36.241   569   590 E WindowManager: Unknown window type: 2999
01-01 22:30:36.241   569   590 V WindowStateAnimator: Orientation change skips hidden Window{c8ee101 u0 KeyguardScrim}
01-01 22:30:36.242   569   590 V WindowManager: Eval win Window{85dcda u0 com.roboteam.teamy.usa/com.roboteam.teamy.home.HomeActivity}: isDrawn=false, isAnimating=false
01-01 22:30:36.242   569   590 V WindowManager: Not displayed: s=null pv=true mDrawState=NO_SURFACE ah=false th=true a=false
01-01 22:30:36.244   569   590 I WindowManager: ******* TELLING SURFACE FLINGER WE ARE BOOTED!
01-01 22:30:36.244   188   200 I SurfaceFlinger: Boot is finished (34955 ms)
01-01 22:30:36.303   569   590 E WindowManager: Unknown window type: 2999
01-01 22:30:36.346   569   915 V WindowManager: Done at AppWindowToken{317f693 token=Token{e7fdf82 ActivityRecord{8092acd u0 com.roboteam.teamy.usa/com.roboteam.teamy.boot.BootActivity t269}}} -- full screen, return 0
01-01 22:30:36.346   569   915 V WindowManager: Eval win Window{85dcda u0 com.roboteam.teamy.usa/com.roboteam.teamy.home.HomeActivity}: isDrawn=false, isAnimating=false
01-01 22:30:36.346   569   915 V WindowManager: Not displayed: s=null pv=true mDrawState=NO_SURFACE ah=false th=true a=false
01-01 22:30:36.365   569   590 E WindowManager: Unknown window type: 2999
01-01 22:30:36.481   228   463 E MediaPlayerFactory: 2019 03 30 -------- getPlayerType()---------------- 234 !!!! 
01-01 22:30:36.481   228   463 E MediaPlayerFactory: filePath = /data/app/com.roboteam.teamy.usa-1/base.apk 
01-01 22:30:36.481   228   463 E MediaPlayerFactory: 2019 03 30 -------- getPlayerType()---------------- return STAGEFRIGHT_PLAYER !!!! 
01-01 22:30:36.495   228   463 I AwesomePlayer: AwesomePlayer::AwesomePlayer()in
01-01 22:30:36.495   228   463 I AwesomePlayer: AwesomePlayer::AwesomePlayer()aftermClient.connect()
01-01 22:30:36.506   228   463 D WVMExtractor: Failed to open libwvm.so
01-01 22:30:36.507   228   463 D AwesomePlayer: the format is mimeTypeaudio/x-wav,confidence:0.400000
01-01 22:30:36.516   887  1519 D MediaPlayer: setSubtitleAnchor in MediaPlayer
01-01 22:30:36.527   569   885 D WifiService: setWifiEnabled: true pid=887, uid=1000
01-01 22:30:36.527   569   885 E WifiService: Invoking mWifiStateMachine.setWifiEnabled
01-01 22:30:36.627   228   264 D AudioHardwareTiny: start_output_stream
01-01 22:30:36.628   228   264 D alsa_route: route_info->sound_card 0, route_info->devices 0  
01-01 22:30:36.628   228   264 D alsa_route: route_set_controls() set route 0
01-01 22:30:36.953   569   590 I SystemServiceManager: Starting phase 1000
01-01 22:30:36.965   569   590 I ActivityManager: Start proc 1852:com.android.bluetooth/1002 for on-hold
01-01 22:30:36.968   569   590 V WindowManager: updateRotationUnchecked(alwaysSendConfiguration=true)
01-01 22:30:36.968   569   590 V WindowManager: Application requested orientation 0, got rotation 1 which has compatible metrics
01-01 22:30:36.969   569   590 V WindowManager: Eval win Window{85dcda u0 com.roboteam.teamy.usa/com.roboteam.teamy.home.HomeActivity}: isDrawn=false, isAnimating=false
01-01 22:30:36.969   569   590 V WindowManager: Not displayed: s=null pv=true mDrawState=NO_SURFACE ah=false th=true a=false
01-01 22:30:36.970   569   569 D ZenLog  : intercepted: -1|android|17040349|null|1000,alarmsOnly
01-01 22:30:36.971   569   569 V NotificationService: pkg=android canInterrupt=false intercept=true
01-01 22:30:36.974   569   590 V WindowManager: Eval win Window{85dcda u0 com.roboteam.teamy.usa/com.roboteam.teamy.home.HomeActivity}: isDrawn=false, isAnimating=false
01-01 22:30:36.974   569   590 V WindowManager: Not displayed: s=null pv=true mDrawState=NO_SURFACE ah=false th=true a=false
01-01 22:30:36.975   569   590 V WindowManager: updateRotationUnchecked(alwaysSendConfiguration=false)
01-01 22:30:36.975   569   590 V WindowManager: Application requested orientation 0, got rotation 1 which has compatible metrics
01-01 22:30:36.975   569   590 V WindowManager: Eval win Window{85dcda u0 com.roboteam.teamy.usa/com.roboteam.teamy.home.HomeActivity}: isDrawn=false, isAnimating=false
