01-01 22:30:33.009   235   521 E TraceThread:     VsyncReciver(tid = 2994252080)--> [UID=36a40b87] pthread_join begin-->player = 0xb7962200
01-01 22:30:33.019   235   521 E TraceThread:     VsyncReciver(tid = 2994252080)--> [UID=36a40b87] pthread_join   end-->player = 0xb7962200
01-01 22:30:33.019   235   521 D VsyncReciver: stop_l:vsyncThread down
01-01 22:30:33.019   235   521 E TraceThread:     RockFFPlayer(tid = 3005155632)--> [UID=36a40b87] ~FFMPlayer Destruction; object=0xb7962200
01-01 22:30:33.019   235   521 D RockFFPlayer: ~FFMPlayer ok
01-01 22:30:33.019   235   521 D RockFFPlayerBase: ~FFMPlayerBase(():mDequeueThread down
01-01 22:30:33.019   235   521 D RockFFPlayerBase: ~RkMessageHandler
01-01 22:30:33.020   235   521 D RockFFPlayer: reset: in
01-01 22:30:33.020   235   521 D RockFFPlayerBase: dumpStatus(): Error status
01-01 22:30:33.020   235   521 D RockFFPlayer: reset: stop_l in
01-01 22:30:33.020   235   521 D RockFFPlayer: stop_l: in
01-01 22:30:33.020   235   521 D RockFFPlayer: enter enqueueMessage
01-01 22:30:33.020   235   521 D RockFFPlayer: enqueueMessage:****1
01-01 22:30:33.020   235   521 D RockFFPlayer: enqueueMessage:****2
01-01 22:30:33.020   235   521 D RockFFPlayer: enqueueMessage:****3
01-01 22:30:33.020   235   521 D RockFFPlayer: enqueueMessage:Message 1,set signal
01-01 22:30:33.020   235   521 D RockFFPlayer: enqueueMessage:sync wait
01-01 22:30:33.020   235  1244 D RockFFPlayer: deliverMessage 
01-01 22:30:33.020   235  1244 D RockFFPlayer: run : dequeueMessage Message 4
01-01 22:30:33.020   235  1244 D RockFFPlayer: CMD_STOP
01-01 22:30:33.020   235  1244 D RockFFPlayer: doStop: in
01-01 22:30:33.020   235  1244 D RockFFPlayerBase: dumpStatus(): Error status
01-01 22:30:33.020   235  1244 D RockFFPlayerBase: dumpStatus(): Stopped
01-01 22:30:33.020   235  1244 D RockFFPlayer: doRelease: in
01-01 22:30:33.020   235  1244 D RockFFPlayer: FFMediaSource setExit, but context null
01-01 22:30:33.020   235  1244 E RockFFPlayerBase: FFMPlayerBase::flushRenderQueue in
01-01 22:30:33.020   235  1244 E RockFFPlayerBase: FFMPlayerBase::flushRenderQueue out
01-01 22:30:33.020   235  1244 D RockFFPlayer: doRelease: ok
01-01 22:30:33.020   235  1244 D RockFFPlayer: doStop: ok
01-01 22:30:33.020   235  1244 D RockFFPlayer: run : dequeueMessage Message 4 OK
01-01 22:30:33.020   235  1244 D RockFFPlayer: Messagecomplete type [4]
01-01 22:30:33.020   235  1244 D RockFFPlayer: run : Message 4 complete
01-01 22:30:33.020   235   521 D RockFFPlayer: enqueueMessage:sync wait ok
01-01 22:30:33.020   235   521 D RockFFPlayer: stop_l: clear queue ok
01-01 22:30:33.022  1004  1004 D GeofencerStateMachine: Creating GeofencerStateMachine
01-01 22:30:33.025   235   521 D RockFFPlayer: stop_l: create cancel thread ok
01-01 22:30:33.025   235   521 D RockFFPlayer: stop_l: ok
01-01 22:30:33.025   235   521 D RockFFPlayer: enter enqueueMessage
01-01 22:30:33.025   235   521 D RockFFPlayer: enqueueMessage:****1
01-01 22:30:33.025   235   521 D RockFFPlayer: enqueueMessage:****2
01-01 22:30:33.025   235   521 D RockFFPlayer: enqueueMessage:****3
01-01 22:30:33.025   235   521 D RockFFPlayer: enqueueMessage:Message 1,set signal
01-01 22:30:33.025   235   521 D RockFFPlayer: enqueueMessage:sync wait
01-01 22:30:33.025   235  1244 D RockFFPlayer: deliverMessage 
01-01 22:30:33.025   235  1244 D RockFFPlayer: run : dequeueMessage Message 11
01-01 22:30:33.025   235  1244 D RockFFPlayer: CMD_RESET
01-01 22:30:33.025   235  1244 D RockFFPlayerBase: dumpStatus(): Idle
01-01 22:30:33.025   235  1244 D RockFFPlayer: doReset ok
01-01 22:30:33.025   235  1244 D RockFFPlayer: run : dequeueMessage Message 11 OK
01-01 22:30:33.025   235  1244 D RockFFPlayer: Messagecomplete type [11]
01-01 22:30:33.025   235  1244 D RockFFPlayer: run : Message 11 complete
01-01 22:30:33.025   235   521 D RockFFPlayer: enqueueMessage:sync wait ok
01-01 22:30:33.025   235   521 D RockFFPlayer: reset: do reset ok
01-01 22:30:33.025   235  1244 D RockFFPlayer: signal thread out
01-01 22:30:33.025   235  1244 D RockFFPlayer: sched_thread out
01-01 22:30:33.025   235   521 D RockFFPlayer: stop:wait is ok
01-01 22:30:33.025   235   521 D RockFFPlayer: stop:ok
01-01 22:30:33.025   235   521 D RockFFPlayer: ~RkMessageQueue
01-01 22:30:33.026   235   521 D RockFFPlayer: reset: reset ok
01-01 22:30:33.026   235   521 E FFPlayer: ~FFPlayer
01-01 22:30:33.026   235   521 D RockFFPlayer: reset: in
01-01 22:30:33.026   235   521 D RockFFPlayerBase: dumpStatus(): Idle
01-01 22:30:33.026   235   521 D RockFFPlayer: reset: in idle status, already reset
01-01 22:30:33.026   235   521 D RockFFPlayer: ~FFMPlayer in
01-01 22:30:33.026   235   521 D RockFFPlayer: reset: in
01-01 22:30:33.026   235   521 D RockFFPlayerBase: dumpStatus(): Idle
01-01 22:30:33.026   235   521 D RockFFPlayer: reset: in idle status, already reset
01-01 22:30:33.026   235  1301 D RockFFPlayer: CancelThread: in
01-01 22:30:33.026   235  1301 E RockFFPlayerBase: closeContext : in
01-01 22:30:33.026   235  1301 D RockFFPlayer: FFMediaSource context null. 
01-01 22:30:33.026   235  1301 E RockFFPlayerBase: closeContext : out
01-01 22:30:33.026   235  1301 D RockFFPlayer: CancelThread: ok
01-01 22:30:33.026   235   521 D RockFFPlayer: ~FFMediaSource
01-01 22:30:33.026   235   521 D RockFFPlayer: FFMediaSource context null. 
01-01 22:30:33.026   235   521 E TraceThread:     VsyncReciver(tid = 2990074160)--> [UID=36a40b87] pthread_join begin-->player = 0xb791b0f0
01-01 22:30:33.027  1004  1004 D SensorManager: aidl getSensorManager:android.hardware.ISensorManager$Stub$Proxy@5698199
01-01 22:30:33.034   659   659 D RecoveryReceiver: RECOVERY_STATE_FILE_TF:/mnt/external_sd/Recovery_state
01-01 22:30:33.036   235   521 E TraceThread:     VsyncReciver(tid = 2990074160)--> [UID=36a40b87] pthread_join   end-->player = 0xb791b0f0
01-01 22:30:33.036   235   521 D VsyncReciver: stop_l:vsyncThread down
01-01 22:30:33.036   235   521 E TraceThread:     RockFFPlayer(tid = 3005155632)--> [UID=36a40b87] ~FFMPlayer Destruction; object=0xb791b0f0
01-01 22:30:33.036   235   521 D RockFFPlayer: ~FFMPlayer ok
01-01 22:30:33.036   571   625 D WifiService: New client listening to asynchronous messages
01-01 22:30:33.037   235   521 D RockFFPlayerBase: ~FFMPlayerBase(():mDequeueThread down
01-01 22:30:33.037   235   521 D RockFFPlayerBase: ~RkMessageHandler
01-01 22:30:33.037   235   235 D CameraHal: camera_get_camera_info(1312): camera_get_camera_info(1312): camera_0 facing(0), orientation(90)
01-01 22:30:33.039   235   521 D CameraHal: camera_get_camera_info(1312): camera_get_camera_info(1312): camera_0 facing(0), orientation(90)
01-01 22:30:33.050   571   730 I ActivityManager: Start proc 1304:android.process.media/u0a4 for broadcast com.android.providers.downloads/.DownloadReceiver
01-01 22:30:33.057   235   235 D CameraHal: camera_get_camera_info(1312): camera_get_camera_info(1312): camera_1 facing(1), orientation(270)
01-01 22:30:33.058   235   521 D CameraHal: camera_get_camera_info(1312): camera_get_camera_info(1312): camera_1 facing(1), orientation(270)
01-01 22:30:33.181  1304  1304 W System  : ClassLoader referenced unknown path: /system/priv-app/DownloadProvider/lib/arm
01-01 22:30:33.203  1304  1304 W System  : ClassLoader referenced unknown path: /system/priv-app/MediaProvider/lib/arm
01-01 22:30:33.228   688  1337 D OpenGLRenderer: Use EGL_SWAP_BEHAVIOR_PRESERVED: true
01-01 22:30:33.228   688  1337 D OpenGLRenderer: profile bars disabled
01-01 22:30:33.228   688  1337 D OpenGLRenderer: ambientRatio = 1.50
01-01 22:30:33.246   571   731 V WindowManager: Window{869f9a0 u0 KeyguardScrim} forcing orientation to 5
01-01 22:30:33.247  1004  1004 V GeofencerHelper: Initializing geofence's system cache.
01-01 22:30:33.250   688   688 D PhoneStatusBar: disable: < EXPAND* icons alerts system_info BACK* HOME* RECENT* clock SEARCH* quick_settings >
01-01 22:30:33.266  1004  1303 D GeofenceStateCache: Recovered 0 geofences.
01-01 22:30:33.301  1004  1303 I GeofencerStateMachine: Network location disabled.
01-01 22:30:33.303   571   591 D BluetoothManagerService: Added callback: android.bluetooth.IBluetoothManagerCallback$Stub$Proxy@5f52f79:true
01-01 22:30:33.314   688   688 D PhoneStatusBar: heads up is enabled
01-01 22:30:33.585  1004  1340 D SensorManager: aidl getSensorManager:android.hardware.ISensorManager$Stub$Proxy@e9eba22
01-01 22:30:33.606   571   624 E wifi    : wifi_get_supported_feature_set returned error = 0xffffffa1
01-01 22:30:33.617  1035  1035 D RKUpdateReceiver: action = android.intent.action.MEDIA_MOUNTED
01-01 22:30:33.620   571  1180 V WindowManager: Window{869f9a0 u0 KeyguardScrim} forcing orientation to 5
01-01 22:30:33.621   571  1174 I WindowStateAnimator: createSurface WindowStateAnimator{bb4d17 com.android.systemui.ImageWallpaper}: mDrawState=DRAW_PENDING
01-01 22:30:33.621   571  1174 V WindowManager: Changing surface while display frozen: Window{dc02d96 u0 com.android.systemui.ImageWallpaper}
01-01 22:30:33.621   571  1174 D WindowStateAnimator: rk_debug2 com.android.systemui.ImageWallpaper_Force_To_Dual
01-01 22:30:33.622   571  1174 V WindowManager: Window{869f9a0 u0 KeyguardScrim} forcing orientation to 5
01-01 22:30:33.623   571  1174 V WindowManager: Resize reasons for w=Window{dc02d96 u0 com.android.systemui.ImageWallpaper}:  contentInsetsChanged=true [0,0][1293,1484] visibleInsetsChanged=true [0,0][1293,1484] stableInsetsChanged=true [0,0][1293,1484] outsetsChanged=false [0,0][0,0] surfaceResized=true configChanged=true
01-01 22:30:33.623   571  1174 V WindowManager: Changing surface while display frozen: Window{dc02d96 u0 com.android.systemui.ImageWallpaper}
01-01 22:30:33.623   571  1174 V WindowManager: Orientation start waiting for draw mDrawState=DRAW_PENDING in Window{dc02d96 u0 com.android.systemui.ImageWallpaper}, surface Surface(name=com.android.systemui.ImageWallpaper_Force_To_Dual)
01-01 22:30:33.623   571  1174 V WindowManager: Resizing window Window{dc02d96 u0 com.android.systemui.ImageWallpaper} to 3213.0x2684.0
01-01 22:30:33.628   571   701 I ActivityManager: Start proc 1355:com.android.settings/1000 for broadcast com.android.settings/.sim.SimSelectNotification
01-01 22:30:33.632   571  1174 V WindowState: Reporting new frame to Window{dc02d96 u0 com.android.systemui.ImageWallpaper}: Rect(0, 0 - 3213, 2684)
01-01 22:30:33.632   571  1174 I WindowState: Sending new config to window Window{dc02d96 u0 com.android.systemui.ImageWallpaper}: 3213.0x2684.0 / config={1.0 ?mcc?mnc en_US ldltr sw800dp w1280dp h800dp 240dpi xlrg land finger -keyb/v/h -nav/h s.4} overrideConfig={1.0 ?mcc?mnc ?locale ?layoutDir ?swdp ?wdp ?hdp ?density ?lsize ?long ?orien ?uimode ?night ?touch ?keyb/?/? ?nav/?}
01-01 22:30:33.632   571  1174 I WindowState: Resizing Window{dc02d96 u0 com.android.systemui.ImageWallpaper} WITH DRAW PENDING
01-01 22:30:33.650   571   592 V WindowStateAnimator: Orientation continue waiting for draw in Window{dc02d96 u0 com.android.systemui.ImageWallpaper}
01-01 22:30:33.741  1355  1355 W System  : ClassLoader referenced unknown path: /system/priv-app/Settings/lib/arm
01-01 22:30:33.823  1004  1340 W Settings: Setting airplane_mode_on has moved from android.provider.Settings.System to android.provider.Settings.Global, returning read-only value.
01-01 22:30:33.893  1004  1004 I GCoreNlp: shouldConfirmNlp, NLP off. Ensuring opt-in disabled
01-01 22:30:33.924   688   688 I mali_so : [File] : hardware/arm/maliT760/driver/product/base/src/mali_base_kbase.c; [Line] : 928; [Func] : base_context_deal_with_version_affairs_rk_ext;
01-01 22:30:33.924   688   688 I mali_so : arm_release_ver of this mali_so is 'r12p0-04rel0', rk_so_ver is '12@0', built at '17:00:15', on 'Aug 16 2016'.
01-01 22:30:33.924   688   688 I mali_so : [File] : hardware/arm/maliT760/driver/product/base/src/mali_base_kbase.c; [Line] : 955; [Func] : base_context_deal_with_version_affairs_rk_ext;
01-01 22:30:33.924   688   688 I mali_so : mali_ver_property has been set to 'r12p0-04rel0-13-12@0', to return.
01-01 22:30:33.933   688   688 D Surface : Surface::final mReqUsage=a00
01-01 22:30:33.933   688   688 D mali_winsys: EGLint new_window_surface(egl_winsys_display*, void*, EGLSurface, EGLConfig, egl_winsys_surface**, egl_color_buffer_format*, EGLBoolean) returns 0x3000
01-01 22:30:33.946  1004  1004 I GCoreUlr: Starting service, intent=Intent { act=com.google.android.location.reporting.ACTION_UPDATE_WORLD cmp=com.google.android.gms/com.google.android.location.reporting.service.DispatchingService (has extras) }, extras=Bundle[{receiverAction=android.location.PROVIDERS_CHANGED}]
01-01 22:30:33.961   571  1346 I ActivityManager: Start proc 1385:com.android.vending/u0a7 for broadcast com.android.vending/com.google.android.finsky.receivers.LocationProviderChangedReceiver
01-01 22:30:34.161   192   204 D gralloc : Isfb=0, [2684,3213,2688,10752], fmt=2, byte_stride=10752
01-01 22:30:34.163  1004  1004 V GoogleSignatureVerifier: com.google.android.gms signature not valid.  Found: 
01-01 22:30:34.163  1004  1004 V GoogleSignatureVerifier: MIIEQzCCAyugAwIBAgIJAMLgh0ZkSjCNMA0GCSqGSIb3DQEBBAUAMHQxCzAJBgNVBAYTAlVTMRMw
01-01 22:30:34.163  1004  1004 V GoogleSignatureVerifier: EQYDVQQIEwpDYWxpZm9ybmlhMRYwFAYDVQQHEw1Nb3VudGFpbiBWaWV3MRQwEgYDVQQKEwtHb29n
01-01 22:30:34.163  1004  1004 V GoogleSignatureVerifier: bGUgSW5jLjEQMA4GA1UECxMHQW5kcm9pZDEQMA4GA1UEAxMHQW5kcm9pZDAeFw0wODA4MjEyMzEz
01-01 22:30:34.163  1004  1004 V GoogleSignatureVerifier: MzRaFw0zNjAxMDcyMzEzMzRaMHQxCzAJBgNVBAYTAlVTMRMwEQYDVQQIEwpDYWxpZm9ybmlhMRYw
01-01 22:30:34.163  1004  1004 V GoogleSignatureVerifier: FAYDVQQHEw1Nb3VudGFpbiBWaWV3MRQwEgYDVQQKEwtHb29nbGUgSW5jLjEQMA4GA1UECxMHQW5k
01-01 22:30:34.163  1004  1004 V GoogleSignatureVerifier: cm9pZDEQMA4GA1UEAxMHQW5kcm9pZDCCASAwDQYJKoZIhvcNAQEBBQADggENADCCAQgCggEBAKtW
01-01 22:30:34.163  1004  1004 V GoogleSignatureVerifier: LgDYO6IIrgqWbxJOKdoR8qtW0I9Y4sypEwPpt1TTcvZApxsdyxMJZ2JORland2qSGT2y5b+3JKke
01-01 22:30:34.163  1004  1004 V GoogleSignatureVerifier: dxiLDmpHpDsz2WCbdxgxRczfey5YZnTJ4VZbH0xqWVW/8lGmPav5xVwnIiJS6HXk+BVKZF+JcWjA
01-01 22:30:34.163  1004  1004 V GoogleSignatureVerifier: sb/GEuq/eFdpuzSqeYTcfi6idkyugwfYwXFU1+5fZKUaRKYCwkkFQVfcAs1fXA5V+++FGfvjJ/Cx
01-01 22:30:34.163  1004  1004 V GoogleSignatureVerifier: URaSxaBvGdGDhfXE28LWuT9ozCl5xw4Yq5OGazvV24mZVSoOO0yZ31j7kYvtwYK6NeADwbSxDdJE
01-01 22:30:34.163  1004  1004 V GoogleSignatureVerifier: qO4k//0zOHKrUiGYXtqw/A0LFFtqoZKFjnkCAQOjgdkwgdYwHQYDVR0OBBYEFMd9jMIhF1Ylmn/T
01-01 22:30:34.163  1004  1004 V GoogleSignatureVerifier: gt9r45jk14alMIGmBgNVHSMEgZ4wgZuAFMd9jMIhF1Ylmn/Tgt9r45jk14aloXikdjB0MQswCQYD
01-01 22:30:34.163  1004  1004 V GoogleSignatureVerifier: VQQGEwJVUzETMBEGA1UECBMKQ2FsaWZvcm5pYTEWMBQGA1UEBxMNTW91bnRhaW4gVmlldzEUMBIG
01-01 22:30:34.163  1004  1004 V GoogleSignatureVerifier: A1UEChMLR29vZ2xlIEluYy4xEDAOBgNVBAsTB0FuZHJvaWQxEDAOBgNVBAMTB0FuZHJvaWSCCQDC
01-01 22:30:34.163  1004  1004 V GoogleSignatureVerifier: 4IdGZEowjTAMBgNVHRMEBTADAQH/MA0GCSqGSIb3DQEBBAUAA4IBAQBt0lLO74UwLDYKqs6Tm8/y
01-01 22:30:34.163  1004  1004 V GoogleSignatureVerifier: zKkEu116FmH4rkaymUIE0P9KaMftGlMexFlaYjzmB2OxZyl6euNXEsQH8gjwyxCUKRJNexBiGcCE
01-01 22:30:34.163  1004  1004 V GoogleSignatureVerifier: yj6z+a1fuHHvkiaai+KL8W1EyNmgjmyy8AW7P+LLlkR+ho5zEHatRbM/YAnqGcFh5iZBqpknHf1S
01-01 22:30:34.163  1004  1004 V GoogleSignatureVerifier: KMXFh4dd239FJ1jWYfbMDMy3NS5CTMQ2XFI1MvcyUTdZPErjQfTbQe3aDQsQcafEQPD+nqActifK
01-01 22:30:34.163  1004  1004 V GoogleSignatureVerifier: Z0Np0IS9L9kR/wbNvyz6ENwPiTrjV2KRkEjH78ZMcUQXg0L3BYHJ3lc69Vs5Ddf9uUGGMYldX3Wf
01-01 22:30:34.163  1004  1004 V GoogleSignatureVerifier: MBEmh/9iFBDAaTCK
01-01 22:30:34.184  1004  1004 I DynamiteModule: Considering local module com.google.android.gms.googlecertificates:1 and remote module com.google.android.gms.googlecertificates:1
01-01 22:30:34.184  1004  1004 I DynamiteModule: Selected remote version of com.google.android.gms.googlecertificates, version >= 1
01-01 22:30:34.186  1385  1385 W System  : ClassLoader referenced unknown path: /system/priv-app/GooglePlay/lib/arm
01-01 22:30:34.189   571   702 V WindowStateAnimator: finishDrawingLocked: mDrawState=COMMIT_DRAW_PENDING WindowStateAnimator{bb4d17 com.android.systemui.ImageWallpaper} in Surface(name=com.android.systemui.ImageWallpaper_Force_To_Dual)
01-01 22:30:34.193   571   592 I WindowManager:   SURFACE SHOW (performShowLocked): Window{dc02d96 u0 com.android.systemui.ImageWallpaper}
01-01 22:30:34.193   571   592 V WindowManager: Orientation not waiting for draw in Window{dc02d96 u0 com.android.systemui.ImageWallpaper}, surface Surface(name=com.android.systemui.ImageWallpaper_Force_To_Dual)
01-01 22:30:34.199   688   688 I Choreographer: Skipped 161 frames!  The application may be doing too much work on its main thread.
01-01 22:30:34.318   688   688 D ViewRootImpl: changeCanvasOpacity: opaque=true
01-01 22:30:34.573  1004  1004 W System  : ClassLoader referenced unknown path: /data/user/0/com.google.android.gms/app_chimera/m/00000000/n/armeabi
01-01 22:30:34.587   571   731 I WindowStateAnimator: createSurface WindowStateAnimator{bb522f7 StatusBar}: mDrawState=DRAW_PENDING
01-01 22:30:34.587   571   731 V WindowManager: Changing surface while display frozen: Window{8a9e737 u0 StatusBar}
01-01 22:30:34.588   571   731 D WindowStateAnimator: rk_debug2 StatusBar_Force_To_Dual
01-01 22:30:34.588   571   731 V WindowManager: Window{869f9a0 u0 KeyguardScrim} forcing orientation to 5
01-01 22:30:34.589   571   731 V WindowManager: Resize reasons for w=Window{8a9e737 u0 StatusBar}:  contentInsetsChanged=false [0,0][0,0] visibleInsetsChanged=false [0,0][0,0] stableInsetsChanged=false [0,0][0,0] outsetsChanged=false [0,0][0,0] surfaceResized=false configChanged=true
01-01 22:30:34.589   571   731 V WindowManager: Changing surface while display frozen: Window{8a9e737 u0 StatusBar}
01-01 22:30:34.589   571   731 V WindowManager: Orientation start waiting for draw mDrawState=DRAW_PENDING in Window{8a9e737 u0 StatusBar}, surface Surface(name=StatusBar_Force_To_Dual)
01-01 22:30:34.589   571   731 V WindowManager: Resizing window Window{8a9e737 u0 StatusBar} to 1920.0x1.0
01-01 22:30:34.589   571   731 V WindowState: Reporting new frame to Window{8a9e737 u0 StatusBar}: Rect(0, 0 - 1920, 0)
01-01 22:30:34.589   571   731 I WindowState: Sending new config to window Window{8a9e737 u0 StatusBar}: 1920.0x1.0 / config={1.0 ?mcc?mnc en_US ldltr sw800dp w1280dp h800dp 240dpi xlrg land finger -keyb/v/h -nav/h s.4} overrideConfig={1.0 ?mcc?mnc ?locale ?layoutDir ?swdp ?wdp ?hdp ?density ?lsize ?long ?orien ?uimode ?night ?touch ?keyb/?/? ?nav/?}
01-01 22:30:34.589   571   731 I WindowState: Resizing Window{8a9e737 u0 StatusBar} WITH DRAW PENDING
01-01 22:30:34.590   688  1337 I OpenGLRenderer: Initialized EGL, version 1.4
01-01 22:30:34.593   688  1337 D Surface : Surface::final mReqUsage=a00
01-01 22:30:34.593   688  1337 D mali_winsys: EGLint new_window_surface(egl_winsys_display*, void*, EGLSurface, EGLConfig, egl_winsys_surface**, egl_color_buffer_format*, EGLBoolean) returns 0x3000
01-01 22:30:34.594   192   715 D gralloc : Isfb=0, [1920,1,1920,7680], fmt=1, byte_stride=7680
01-01 22:30:34.594   192   715 D gralloc : Isfb=0, [1920,1,1920,7680], fmt=1, byte_stride=7680
01-01 22:30:34.595   192   715 D gralloc : Isfb=0, [1920,1,1920,7680], fmt=1, byte_stride=7680
01-01 22:30:34.599   571   625 D WifiService: New client listening to asynchronous messages
01-01 22:30:34.605   571   592 V WindowStateAnimator: Orientation continue waiting for draw in Window{8a9e737 u0 StatusBar}
01-01 22:30:34.671  1004  1004 D ChimeraFileApk: Primary ABI of requesting process is armeabi-v7a
01-01 22:30:34.673  1004  1004 D ChimeraFileApk: Classloading successful. Optimized code found.
01-01 22:30:34.674  1004  1004 D GoogleCertificates: com.google.android.gms.googlecertificates module is loaded
01-01 22:30:34.701   571   731 V WindowManager: Window{869f9a0 u0 KeyguardScrim} forcing orientation to 5
01-01 22:30:34.702   571   583 V WindowManager: Window{869f9a0 u0 KeyguardScrim} forcing orientation to 5
01-01 22:30:34.711   571   592 V WindowStateAnimator: Orientation continue waiting for draw in Window{8a9e737 u0 StatusBar}
01-01 22:30:34.715   571   582 V WindowStateAnimator: finishDrawingLocked: mDrawState=COMMIT_DRAW_PENDING WindowStateAnimator{bb522f7 StatusBar} in Surface(name=StatusBar_Force_To_Dual)
01-01 22:30:34.715   571   592 I WindowManager:   SURFACE SHOW (performShowLocked): Window{8a9e737 u0 StatusBar}
01-01 22:30:34.715   571   592 V WindowManager: Orientation not waiting for draw in Window{8a9e737 u0 StatusBar}, surface Surface(name=StatusBar_Force_To_Dual)
01-01 22:30:34.756   703   703 W ContextImpl: Calling a method in the system process without a qualified user: android.app.ContextImpl.startActivity:658 android.content.ContextWrapper.startActivity:331 com.roboteam.teamy.shared.activitylauncher.ActivityLauncher.startActivity:16 com.roboteam.teamy.boot.activitylauncher.BootActivityLauncher.launch:54 com.roboteam.teamy.home.HomeActivity.onCreate:93 
01-01 22:30:34.756   703   703 W ContextImpl: Calling a method in the system process without a qualified user: android.app.ContextImpl.startActivity:670 android.app.ContextImpl.startActivity:659 android.content.ContextWrapper.startActivity:331 com.roboteam.teamy.shared.activitylauncher.ActivityLauncher.startActivity:16 com.roboteam.teamy.boot.activitylauncher.BootActivityLauncher.launch:54 
01-01 22:30:34.757   571   582 I ActivityManager: START u0 {flg=0x10008000 cmp=com.roboteam.teamy.usa/com.roboteam.teamy.boot.BootActivity} from uid 1000 on display 0
01-01 22:30:34.760   571   582 V WindowState: Reporting new frame to Window{8a9e737 u0 StatusBar}: Rect(0, 0 - 1920, 0)
01-01 22:30:34.761   571   582 V WindowState: Reporting new frame to Window{869f9a0 u0 KeyguardScrim}: Rect(0, 0 - 1920, 1200)
01-01 22:30:34.761   571   582 V WindowState: Reporting new frame to Window{dc02d96 u0 com.android.systemui.ImageWallpaper}: Rect(0, 0 - 3213, 2684)
01-01 22:30:34.761   571   731 V WindowManager: Window{869f9a0 u0 KeyguardScrim} forcing orientation to 5
01-01 22:30:34.795  1004  1004 D GoogleCertificatesImpl: Fetched 300 Google certificates
01-01 22:30:34.803   703  1416 D OpenGLRenderer: Use EGL_SWAP_BEHAVIOR_PRESERVED: true
01-01 22:30:34.830   571   589 D Tethering: interfaceLinkStateChanged wlan0, true
01-01 22:30:34.830   571   589 D Tethering: interfaceStatusChanged wlan0, true
01-01 22:30:34.834   571   624 D WIFI    : Registering NetworkFactory
01-01 22:30:34.834   571   624 D WIFI_UT : Registering NetworkFactory
01-01 22:30:34.834   571   626 D ConnectivityService: Got NetworkFactory Messenger for WIFI
01-01 22:30:34.834   571   626 D ConnectivityService: Got NetworkFactory Messenger for WIFI_UT
01-01 22:30:34.862   571   582 E WindowManager: Unknown window type: 2999
01-01 22:30:34.863   571   582 V WindowManager: Window{869f9a0 u0 KeyguardScrim} forcing orientation to 5
01-01 22:30:34.867   571   624 D WIFI    : got request NetworkRequest [ id=1, legacyType=-1, [ Capabilities: INTERNET&NOT_RESTRICTED&TRUSTED&NOT_VPN] ] with score 0
01-01 22:30:34.867   571   624 D WIFI_UT : got request NetworkRequest [ id=1, legacyType=-1, [ Capabilities: INTERNET&NOT_RESTRICTED&TRUSTED&NOT_VPN] ] with score 0
01-01 22:30:34.986   571   730 V WindowManager: Clear freezing of Token{2850cc4 ActivityRecord{f519bd7 u0 com.roboteam.teamy.usa/com.roboteam.teamy.home.HomeActivity t211}}: hidden=false freezing=false
01-01 22:30:34.987   571   730 I WindowManager: Set freezing of Token{40063d0 ActivityRecord{d8ef793 u0 com.roboteam.teamy.usa/com.roboteam.teamy.boot.BootActivity t212}}: hidden=true freezing=false
01-01 22:30:34.987   571   730 V WindowManager: setAppVisibility(Token{40063d0 ActivityRecord{d8ef793 u0 com.roboteam.teamy.usa/com.roboteam.teamy.boot.BootActivity t212}}, visible=true): mNextAppTransition=TRANSIT_TASK_OPEN hidden=true hiddenRequested=true Callers=com.android.server.am.ActivityStackSupervisor.realStartActivityLocked:1185 com.android.server.am.ActivityStackSupervisor.startSpecificActivityLocked:1384 com.android.server.am.ActivityStack.resumeTopActivityInnerLocked:2077 com.android.server.am.ActivityStack.resumeTopActivityLocked:1587 com.android.server.am.ActivityStackSupervisor.resumeTopActivitiesLocked:2735 com.android.server.am.ActivityStack.completePauseLocked:1080 
01-01 22:30:34.987   571   730 V WindowManager: Window{869f9a0 u0 KeyguardScrim} forcing orientation to 5
01-01 22:30:34.987   571   730 V WindowManager: setAppVisibility(Token{2850cc4 ActivityRecord{f519bd7 u0 com.roboteam.teamy.usa/com.roboteam.teamy.home.HomeActivity t211}}, visible=false): mNextAppTransition=TRANSIT_TASK_OPEN hidden=false hiddenRequested=false Callers=com.android.server.am.ActivityStack.setVisible:1170 com.android.server.am.ActivityStack.ensureActivitiesVisibleLocked:1431 com.android.server.am.ActivityStackSupervisor.ensureActivitiesVisibleLocked:3305 com.android.server.am.ActivityManagerService.updateConfigurationLocked:17838 com.android.server.am.ActivityStackSupervisor.realStartActivityLocked:1201 com.android.server.am.ActivityStackSupervisor.startSpecificActivityLocked:1384 
01-01 22:30:34.988   571   730 V WindowManager: Eval win Window{47641a6 u0 com.roboteam.teamy.usa/com.roboteam.teamy.home.HomeActivity}: isDrawn=false, isAnimating=false
01-01 22:30:34.989   571   730 V WindowManager: Not displayed: s=null pv=true mDrawState=NO_SURFACE ah=false th=true a=false
01-01 22:30:34.989   571   730 V WindowManager: Window{869f9a0 u0 KeyguardScrim} forcing orientation to 5
01-01 22:30:34.990   571   730 V WindowManager: Eval win Window{47641a6 u0 com.roboteam.teamy.usa/com.roboteam.teamy.home.HomeActivity}: isDrawn=false, isAnimating=false
01-01 22:30:34.990   571   730 V WindowManager: Not displayed: s=null pv=true mDrawState=NO_SURFACE ah=false th=true a=false
01-01 22:30:34.994   571   592 E WindowManager: Unknown window type: 2999
01-01 22:30:35.145  1004  1004 W linker  : /system/priv-app/GMSCore/GMSCore.apk: unused DT entry: type 0x7ffffffd arg 0xc2e
01-01 22:30:35.181   571  1346 V WindowManager: Window{869f9a0 u0 KeyguardScrim} forcing orientation to 5
01-01 22:30:35.182   571  1346 V WindowManager: Eval win Window{47641a6 u0 com.roboteam.teamy.usa/com.roboteam.teamy.home.HomeActivity}: isDrawn=false, isAnimating=false
01-01 22:30:35.182   571  1346 V WindowManager: Not displayed: s=null pv=false mDrawState=NO_SURFACE ah=false th=true a=false
01-01 22:30:35.187   571   731 I WindowStateAnimator: createSurface WindowStateAnimator{1f7bb73 }: mDrawState=DRAW_PENDING
01-01 22:30:35.187   571   731 V WindowManager: Changing surface while display frozen: Window{2e6df94 u0 com.roboteam.teamy.usa}
01-01 22:30:35.187   571   731 V WindowManager: Window{869f9a0 u0 KeyguardScrim} forcing orientation to 5
01-01 22:30:35.188   571   731 V WindowManager: Resize reasons for w=Window{2e6df94 u0 com.roboteam.teamy.usa}:  contentInsetsChanged=false [0,0][0,0] visibleInsetsChanged=false [0,0][0,0] stableInsetsChanged=false [0,0][0,0] outsetsChanged=false [0,0][0,0] surfaceResized=false configChanged=true
01-01 22:30:35.188   571   731 V WindowManager: Changing surface while display frozen: Window{2e6df94 u0 com.roboteam.teamy.usa}
01-01 22:30:35.188   571   731 V WindowManager: Orientation start waiting for draw mDrawState=DRAW_PENDING in Window{2e6df94 u0 com.roboteam.teamy.usa}, surface Surface(name=)
01-01 22:30:35.188   571   731 V WindowManager: Resizing window Window{2e6df94 u0 com.roboteam.teamy.usa} to 1.0x1.0
01-01 22:30:35.188   571   731 V WindowManager: Eval win Window{47641a6 u0 com.roboteam.teamy.usa/com.roboteam.teamy.home.HomeActivity}: isDrawn=false, isAnimating=false
01-01 22:30:35.188   571   731 V WindowManager: Not displayed: s=null pv=false mDrawState=NO_SURFACE ah=false th=true a=false
01-01 22:30:35.188   571   731 V WindowState: Reporting new frame to Window{2e6df94 u0 com.roboteam.teamy.usa}: Rect(960, 600 - 960, 600)
01-01 22:30:35.188   571   731 I WindowState: Sending new config to window Window{2e6df94 u0 com.roboteam.teamy.usa}: 1.0x1.0 / config={1.0 ?mcc?mnc en_US ldltr sw800dp w1280dp h800dp 240dpi xlrg land finger -keyb/v/h -nav/h s.4} overrideConfig={1.0 ?mcc?mnc ?locale ?layoutDir ?swdp ?wdp ?hdp ?density ?lsize ?long ?orien ?uimode ?night ?touch ?keyb/?/? ?nav/?}
01-01 22:30:35.188   571   731 I WindowState: Resizing Window{2e6df94 u0 com.roboteam.teamy.usa} WITH DRAW PENDING
01-01 22:30:35.189   571   592 E WindowManager: Unknown window type: 2999
01-01 22:30:35.189   571   592 V WindowStateAnimator: Orientation change skips hidden Window{2e6df94 u0 com.roboteam.teamy.usa}
01-01 22:30:35.189   571   592 V WindowManager: Eval win Window{47641a6 u0 com.roboteam.teamy.usa/com.roboteam.teamy.home.HomeActivity}: isDrawn=false, isAnimating=false
01-01 22:30:35.190   571   592 V WindowManager: Not displayed: s=null pv=false mDrawState=NO_SURFACE ah=false th=true a=false
01-01 22:30:35.191   703  1416 I mali_so : [File] : hardware/arm/maliT760/driver/product/base/src/mali_base_kbase.c; [Line] : 928; [Func] : base_context_deal_with_version_affairs_rk_ext;
01-01 22:30:35.191   703  1416 I mali_so : arm_release_ver of this mali_so is 'r12p0-04rel0', rk_so_ver is '12@0', built at '17:00:15', on 'Aug 16 2016'.
01-01 22:30:35.191   703  1416 I mali_so : [File] : hardware/arm/maliT760/driver/product/base/src/mali_base_kbase.c; [Line] : 955; [Func] : base_context_deal_with_version_affairs_rk_ext;
01-01 22:30:35.191   703  1416 I mali_so : mali_ver_property has been set to 'r12p0-04rel0-13-12@0', to return.
01-01 22:30:35.193   703  1416 I OpenGLRenderer: Initialized EGL, version 1.4
01-01 22:30:35.199   703  1416 D Surface : Surface::final mReqUsage=a00
01-01 22:30:35.199   703  1416 D mali_winsys: EGLint new_window_surface(egl_winsys_display*, void*, EGLSurface, EGLConfig, egl_winsys_surface**, egl_color_buffer_format*, EGLBoolean) returns 0x3000
01-01 22:30:35.200   192   715 D gralloc : Isfb=0, [1,1,16,64], fmt=1, byte_stride=64
01-01 22:30:35.200   192   715 D gralloc : Isfb=0, [1,1,16,64], fmt=1, byte_stride=64
01-01 22:30:35.200   192   715 D gralloc : Isfb=0, [1,1,16,64], fmt=1, byte_stride=64
01-01 22:30:35.205   571  1180 V WindowManager: Window{869f9a0 u0 KeyguardScrim} forcing orientation to 5
01-01 22:30:35.205   571  1180 V WindowManager: Eval win Window{47641a6 u0 com.roboteam.teamy.usa/com.roboteam.teamy.home.HomeActivity}: isDrawn=false, isAnimating=false
01-01 22:30:35.205   571  1180 V WindowManager: Not displayed: s=null pv=false mDrawState=NO_SURFACE ah=false th=true a=false
01-01 22:30:35.206   571   592 E WindowManager: Unknown window type: 2999
01-01 22:30:35.209   571   702 V WindowManager: Window{869f9a0 u0 KeyguardScrim} forcing orientation to 5
01-01 22:30:35.209   571   702 V WindowManager: Eval win Window{47641a6 u0 com.roboteam.teamy.usa/com.roboteam.teamy.home.HomeActivity}: isDrawn=false, isAnimating=false
01-01 22:30:35.209   571   702 V WindowManager: Not displayed: s=null pv=false mDrawState=NO_SURFACE ah=false th=true a=false
01-01 22:30:35.213   571   582 V WindowManager: Window{869f9a0 u0 KeyguardScrim} forcing orientation to 5
01-01 22:30:35.213   571   582 V WindowManager: Eval win Window{47641a6 u0 com.roboteam.teamy.usa/com.roboteam.teamy.home.HomeActivity}: isDrawn=false, isAnimating=false
01-01 22:30:35.213   571   582 V WindowManager: Not displayed: s=null pv=false mDrawState=NO_SURFACE ah=false th=true a=false
01-01 22:30:35.224   571   592 E WindowManager: Unknown window type: 2999
01-01 22:30:35.275   703  1430 W ExifInterface: Stop reading file since a wrong offset may cause an infinite loop: 0
01-01 22:30:35.275   703  1430 W ExifInterface: Stop reading file since a wrong offset may cause an infinite loop: 0
01-01 22:30:35.275   703  1432 W ExifInterface: Stop reading file since a wrong offset may cause an infinite loop: 0
01-01 22:30:35.275   703  1432 W ExifInterface: Stop reading file since a wrong offset may cause an infinite loop: 0
01-01 22:30:35.290  1385  1385 W Finsky  : [1] com.google.android.finsky.FinskyApp.i(1465): No account configured on this device.
01-01 22:30:35.301   703  1431 W ExifInterface: Stop reading file since a wrong offset may cause an infinite loop: 0
01-01 22:30:35.302   703  1431 W ExifInterface: Stop reading file since a wrong offset may cause an infinite loop: 0
01-01 22:30:35.303  1385  1385 W Finsky  : [1] com.google.android.finsky.FinskyApp.i(1465): No account configured on this device.
01-01 22:30:35.317  1385  1385 W Finsky  : [1] com.google.android.finsky.FinskyApp.i(1465): No account configured on this device.
01-01 22:30:35.321  1385  1385 W Finsky  : [1] com.google.android.finsky.FinskyApp.i(1465): No account configured on this device.
01-01 22:30:35.347  1385  1385 I Finsky  : [1] com.google.android.finsky.FinskyApp.onCreate(428): Initializing network with DFE https://android.clients.google.com/fdfe/
01-01 22:30:35.349  1385  1385 W Finsky  : [1] com.google.android.finsky.FinskyApp.i(1465): No account configured on this device.
01-01 22:30:35.397  1004  1415 I GCoreUlr: WorldUpdater received intent Intent { act=com.google.android.location.reporting.ACTION_UPDATE_WORLD cmp=com.google.android.gms/com.google.android.location.reporting.service.DispatchingService (has extras) } with receiverAction android.location.PROVIDERS_CHANGED
01-01 22:30:35.413  1385  1385 W Finsky  : [1] com.google.android.finsky.FinskyApp.i(1465): No account configured on this device.
01-01 22:30:35.414  1385  1385 W Finsky  : [1] com.google.android.finsky.FinskyApp.i(1465): No account configured on this device.
01-01 22:30:35.423  1385  1385 W Finsky  : [1] com.google.android.finsky.FinskyApp.i(1465): No account configured on this device.
01-01 22:30:35.429  1385  1385 W Finsky  : [1] com.google.android.finsky.FinskyApp.i(1465): No account configured on this device.
01-01 22:30:35.437  1385  1385 W Finsky  : [1] com.google.android.finsky.FinskyApp.i(1465): No account configured on this device.
01-01 22:30:35.440  1385  1385 W Finsky  : [1] com.google.android.finsky.FinskyApp.i(1465): No account configured on this device.
01-01 22:30:35.470  1385  1385 W Finsky  : [1] com.google.android.finsky.FinskyApp.i(1465): No account configured on this device.
01-01 22:30:35.479  1385  1385 W Finsky  : [1] com.google.android.finsky.FinskyApp.i(1465): No account configured on this device.
01-01 22:30:35.480  1385  1385 I Finsky  : [1] com.google.android.finsky.services.DailyHygiene.a(171): No need to run daily hygiene.
01-01 22:30:35.485  1385  1385 W Finsky  : [1] com.google.android.finsky.FinskyApp.i(1465): No account configured on this device.
01-01 22:30:35.504  1385  1385 W Settings: Setting download_manager_max_bytes_over_mobile has moved from android.provider.Settings.Secure to android.provider.Settings.Global.
01-01 22:30:35.505  1385  1385 W Settings: Setting download_manager_recommended_max_bytes_over_mobile has moved from android.provider.Settings.Secure to android.provider.Settings.Global.
01-01 22:30:35.522  1385  1385 W Finsky  : [1] com.google.android.finsky.FinskyApp.i(1465): No account configured on this device.
01-01 22:30:35.522  1385  1385 W Finsky  : [1] com.google.android.finsky.FinskyApp.i(1465): No account configured on this device.
01-01 22:30:35.539  1385  1385 W Finsky  : [1] com.google.android.finsky.FinskyApp.i(1465): No account configured on this device.
01-01 22:30:35.541  1385  1385 W Finsky  : [1] com.google.android.finsky.FinskyApp.i(1465): No account configured on this device.
01-01 22:30:35.545  1385  1385 W Finsky  : [1] com.google.android.finsky.FinskyApp.i(1465): No account configured on this device.
01-01 22:30:35.546  1385  1385 W Finsky  : [1] com.google.android.finsky.FinskyApp.b(1147): No account configured on this device.
01-01 22:30:35.551  1385  1385 W Finsky  : [1] com.google.android.finsky.FinskyApp.i(1465): No account configured on this device.
01-01 22:30:35.555  1385  1385 W Finsky  : [1] com.google.android.finsky.FinskyApp.i(1465): No account configured on this device.
01-01 22:30:35.572  1385  1475 W Finsky  : [112] com.google.android.finsky.FinskyApp.i(1465): No account configured on this device.
01-01 22:30:35.575  1385  1385 W Finsky  : [1] com.google.android.finsky.FinskyApp.i(1465): No account configured on this device.
01-01 22:30:35.583  1385  1385 W Finsky  : [1] com.google.android.finsky.FinskyApp.i(1465): No account configured on this device.
01-01 22:30:35.588  1385  1385 E Finsky  : [1] com.google.android.finsky.utils.aa.a(57): No permission to get location. java.lang.SecurityException: "gps" location provider requires ACCESS_FINE_LOCATION permission.
01-01 22:30:35.590  1004  1415 I GCoreUlr: WorldUpdater:android.location.PROVIDERS_CHANGED: Ensuring that reporting is stopped because of reasons: (no Google accounts)
01-01 22:30:35.602   571  1174 I ActivityManager: Start proc 1478:com.google.android.gms/u0a6 for service com.google.android.gms/.ads.identifier.service.AdvertisingIdService
01-01 22:30:35.618  1385  1385 E Finsky  : [1] com.google.android.finsky.utils.aa.a(106): No permission to get location. java.lang.SecurityException: "fused" location provider requires ACCESS_COARSE_LOCATION or ACCESS_FINE_LOCATION permission.
01-01 22:30:35.675  1385  1385 I Finsky  : [1] com.google.android.finsky.c.l.a(270): result=false type=4
01-01 22:30:35.688  1004  1415 I GCoreUlr: Unbound from all location providers
01-01 22:30:35.723  1385  1385 I Finsky  : [1] com.google.android.finsky.services.bc.a(1050): Restore complete with 0 success and 0 failed.
01-01 22:30:35.733  1478  1478 W System  : ClassLoader referenced unknown path: /system/priv-app/GMSCore/lib/arm
01-01 22:30:35.751  1478  1478 I MultiDex: VM with version 2.1.0 has multidex support
01-01 22:30:35.751  1478  1478 I MultiDex: install
01-01 22:30:35.751  1478  1478 I MultiDex: VM has multidex support, MultiDex support library is disabled.
01-01 22:30:35.775   571   624 E wifi    : wifi_get_supported_feature_set returned error = 0xffffffa1
01-01 22:30:35.877  1478  1478 W linker  : /system/priv-app/GMSCore/GMSCore.apk: unused DT entry: type 0x7ffffffd arg 0x4ed
01-01 22:30:35.890  1478  1478 W linker  : /system/priv-app/GMSCore/GMSCore.apk: unused DT entry: type 0x1d arg 0xef
01-01 22:30:35.890  1478  1478 W linker  : /system/priv-app/GMSCore/GMSCore.apk: unused DT entry: type 0x7ffffffd arg 0x1d8
01-01 22:30:35.895  1478  1478 V JNIHelp : Registering com/google/android/gms/org/conscrypt/NativeCrypto's 254 native methods...
01-01 22:30:35.925  1478  1478 I ProviderInstaller: Installed default security provider GmsCore_OpenSSL
01-01 22:30:35.945  1004  1004 W InstanceID/Rpc: Found 10006
01-01 22:30:35.953  1478  1478 D ChimeraCfgMgr: Reading stored module config
01-01 22:30:35.961  1004  1004 I GCoreUlr: DispatchingService.onDestroy()
01-01 22:30:35.961  1004  1004 I GCoreUlr: Stopping handler for UlrDispSvcFast
01-01 22:30:35.965  1004  1004 I GCoreUlr: Unbound from all location providers
01-01 22:30:35.989  1004  1004 D GCM     : COMPAT: Multi user ser=0 current=0
01-01 22:30:35.992  1478  1499 D NativeLibraryUtils: Install completed successfully. count=12 extracted=0
01-01 22:30:36.037  1385  1475 W Finsky  : [112] com.google.android.finsky.FinskyApp.i(1465): No account configured on this device.
01-01 22:30:36.062  1004  1303 W GeofencerStateMachine: Ignoring removeGeofence because network location is disabled.
01-01 22:30:36.064  1004  1303 W GeofencerStateMachine: Ignoring removeGeofence because network location is disabled.
01-01 22:30:36.280   703   703 I Choreographer: Skipped 60 frames!  The application may be doing too much work on its main thread.
01-01 22:30:36.281   571   731 V WindowStateAnimator: finishDrawingLocked: mDrawState=COMMIT_DRAW_PENDING WindowStateAnimator{1f7bb73 } in Surface(name=)
01-01 22:30:36.281   571   592 V WindowManager: Eval win Window{e0c5f60 u0 com.roboteam.teamy.usa/com.roboteam.teamy.boot.BootActivity}: isDrawn=false, isAnimating=false
01-01 22:30:36.281   571   592 V WindowManager: Not displayed: s=null pv=true mDrawState=NO_SURFACE ah=false th=false a=false
01-01 22:30:36.281   571   592 V WindowManager: Eval win Window{47641a6 u0 com.roboteam.teamy.usa/com.roboteam.teamy.home.HomeActivity}: isDrawn=false, isAnimating=false
01-01 22:30:36.281   571   592 V WindowManager: Not displayed: s=null pv=false mDrawState=NO_SURFACE ah=false th=true a=false
01-01 22:30:36.282   571   585 V WindowManager: Window{869f9a0 u0 KeyguardScrim} forcing orientation to 5
01-01 22:30:36.282   571   585 V WindowManager: Eval win Window{e0c5f60 u0 com.roboteam.teamy.usa/com.roboteam.teamy.boot.BootActivity}: isDrawn=false, isAnimating=false
01-01 22:30:36.282   571   585 V WindowManager: Not displayed: s=null pv=true mDrawState=NO_SURFACE ah=false th=false a=false
01-01 22:30:36.282   571   585 V WindowManager: Eval win Window{47641a6 u0 com.roboteam.teamy.usa/com.roboteam.teamy.home.HomeActivity}: isDrawn=false, isAnimating=false
01-01 22:30:36.282   571   585 V WindowManager: Not displayed: s=null pv=false mDrawState=NO_SURFACE ah=false th=true a=false
01-01 22:30:36.285   571   592 E WindowManager: Unknown window type: 2999
01-01 22:30:36.290   571   701 I WindowStateAnimator: createSurface WindowStateAnimator{5ad4342 com.roboteam.teamy.usa/com.roboteam.teamy.boot.BootActivity}: mDrawState=DRAW_PENDING
01-01 22:30:36.290   571   701 V WindowManager: Changing surface while display frozen: Window{e0c5f60 u0 com.roboteam.teamy.usa/com.roboteam.teamy.boot.BootActivity}
01-01 22:30:36.290   571   701 V WindowManager: Window{869f9a0 u0 KeyguardScrim} forcing orientation to 5
01-01 22:30:36.291   571   701 V WindowManager: Eval win Window{e0c5f60 u0 com.roboteam.teamy.usa/com.roboteam.teamy.boot.BootActivity}: isDrawn=false, isAnimating=false
01-01 22:30:36.291   571   701 V WindowManager: Not displayed: s=Surface(name=com.roboteam.teamy.usa/com.roboteam.teamy.boot.BootActivity) pv=false mDrawState=DRAW_PENDING ah=false th=false a=false
01-01 22:30:36.291   571   701 V WindowManager: Resize reasons for w=Window{e0c5f60 u0 com.roboteam.teamy.usa/com.roboteam.teamy.boot.BootActivity}:  contentInsetsChanged=false [0,0][0,0] visibleInsetsChanged=false [0,0][0,0] stableInsetsChanged=false [0,0][0,0] outsetsChanged=false [0,0][0,0] surfaceResized=false configChanged=true
01-01 22:30:36.291   571   701 V WindowManager: Changing surface while display frozen: Window{e0c5f60 u0 com.roboteam.teamy.usa/com.roboteam.teamy.boot.BootActivity}
01-01 22:30:36.291   571   701 V WindowManager: Orientation start waiting for draw mDrawState=DRAW_PENDING in Window{e0c5f60 u0 com.roboteam.teamy.usa/com.roboteam.teamy.boot.BootActivity}, surface Surface(name=com.roboteam.teamy.usa/com.roboteam.teamy.boot.BootActivity)
01-01 22:30:36.291   571   701 V WindowManager: Resizing window Window{e0c5f60 u0 com.roboteam.teamy.usa/com.roboteam.teamy.boot.BootActivity} to 1920.0x1200.0
01-01 22:30:36.291   571   701 V WindowManager: Eval win Window{47641a6 u0 com.roboteam.teamy.usa/com.roboteam.teamy.home.HomeActivity}: isDrawn=false, isAnimating=false
01-01 22:30:36.291   571   701 V WindowManager: Not displayed: s=null pv=false mDrawState=NO_SURFACE ah=false th=true a=false
01-01 22:30:36.291   571   701 V WindowState: Reporting new frame to Window{e0c5f60 u0 com.roboteam.teamy.usa/com.roboteam.teamy.boot.BootActivity}: Rect(0, 0 - 1920, 1200)
01-01 22:30:36.291   571   701 I WindowState: Sending new config to window Window{e0c5f60 u0 com.roboteam.teamy.usa/com.roboteam.teamy.boot.BootActivity}: 1920.0x1200.0 / config={1.0 ?mcc?mnc en_US ldltr sw800dp w1280dp h800dp 240dpi xlrg land finger -keyb/v/h -nav/h s.4} overrideConfig={1.0 ?mcc?mnc ?locale ?layoutDir ?swdp ?wdp ?hdp ?density ?lsize ?long ?orien ?uimode ?night ?touch ?keyb/?/? ?nav/?}
01-01 22:30:36.291   571   701 I WindowState: Resizing Window{e0c5f60 u0 com.roboteam.teamy.usa/com.roboteam.teamy.boot.BootActivity} WITH DRAW PENDING
01-01 22:30:36.293   703  1416 D Surface : Surface::final mReqUsage=a00
01-01 22:30:36.293   703  1416 D mali_winsys: EGLint new_window_surface(egl_winsys_display*, void*, EGLSurface, EGLConfig, egl_winsys_surface**, egl_color_buffer_format*, EGLBoolean) returns 0x3000
01-01 22:30:36.303   571   592 E WindowManager: Unknown window type: 2999
01-01 22:30:36.303   571   592 V WindowStateAnimator: Orientation change skips hidden Window{e0c5f60 u0 com.roboteam.teamy.usa/com.roboteam.teamy.boot.BootActivity}
01-01 22:30:36.304   571   592 V WindowManager: Eval win Window{e0c5f60 u0 com.roboteam.teamy.usa/com.roboteam.teamy.boot.BootActivity}: isDrawn=false, isAnimating=false
01-01 22:30:36.304   571   592 V WindowManager: Not displayed: s=Surface(name=com.roboteam.teamy.usa/com.roboteam.teamy.boot.BootActivity) pv=false mDrawState=DRAW_PENDING ah=false th=false a=false
01-01 22:30:36.304   571   592 V WindowManager: Eval win Window{47641a6 u0 com.roboteam.teamy.usa/com.roboteam.teamy.home.HomeActivity}: isDrawn=false, isAnimating=false
01-01 22:30:36.304   571   592 V WindowManager: Not displayed: s=null pv=false mDrawState=NO_SURFACE ah=false th=true a=false
01-01 22:30:36.306   192   715 D gralloc : Isfb=0, [1920,1200,1920,7680], fmt=1, byte_stride=7680
01-01 22:30:36.318   192   715 D gralloc : Isfb=0, [1920,1200,1920,7680], fmt=1, byte_stride=7680
01-01 22:30:36.321   571   592 E WindowManager: Unknown window type: 2999
01-01 22:30:36.329   192   715 D gralloc : Isfb=0, [1920,1200,1920,7680], fmt=1, byte_stride=7680
01-01 22:30:36.655   192   202 D gralloc : Isfb=0, [1200,1920,1200,4800], fmt=1, byte_stride=4800
01-01 22:30:36.708   192   204 D gralloc : Isfb=0, [1200,1920,1200,4800], fmt=1, byte_stride=4800
01-01 22:30:36.709   571   583 V WindowStateAnimator: finishDrawingLocked: mDrawState=COMMIT_DRAW_PENDING WindowStateAnimator{5ad4342 com.roboteam.teamy.usa/com.roboteam.teamy.boot.BootActivity} in Surface(name=com.roboteam.teamy.usa/com.roboteam.teamy.boot.BootActivity)
01-01 22:30:36.729   571   592 V WindowManager: Eval win Window{e0c5f60 u0 com.roboteam.teamy.usa/com.roboteam.teamy.boot.BootActivity}: isDrawn=true, isAnimating=false
01-01 22:30:36.729   571   592 V WindowManager: tokenMayBeDrawn: AppWindowToken{5740fc9 token=Token{40063d0 ActivityRecord{d8ef793 u0 com.roboteam.teamy.usa/com.roboteam.teamy.boot.BootActivity t212}}} freezingScreen=false mAppFreezing=false
01-01 22:30:36.729   571   592 V WindowManager: Eval win Window{47641a6 u0 com.roboteam.teamy.usa/com.roboteam.teamy.home.HomeActivity}: isDrawn=false, isAnimating=false
01-01 22:30:36.729   571   592 V WindowManager: Not displayed: s=null pv=false mDrawState=NO_SURFACE ah=false th=true a=false
01-01 22:30:36.730   571   592 I WindowManager:   SURFACE SHOW (performShowLocked): Window{e0c5f60 u0 com.roboteam.teamy.usa/com.roboteam.teamy.boot.BootActivity}
01-01 22:30:36.730   571   592 V WindowManager: Eval win Window{47641a6 u0 com.roboteam.teamy.usa/com.roboteam.teamy.home.HomeActivity}: isDrawn=false, isAnimating=false
01-01 22:30:36.730   571   592 V WindowManager: Not displayed: s=null pv=false mDrawState=NO_SURFACE ah=false th=true a=false
01-01 22:30:36.732   571   592 I ActivityManager: Displayed com.roboteam.teamy.usa/com.roboteam.teamy.boot.BootActivity: +1s745ms
01-01 22:30:36.745   571   592 E WindowManager: Unknown window type: 2999
01-01 22:30:36.746   571   592 V WindowManager: Eval win Window{47641a6 u0 com.roboteam.teamy.usa/com.roboteam.teamy.home.HomeActivity}: isDrawn=false, isAnimating=false
01-01 22:30:36.746   571   592 V WindowManager: Not displayed: s=null pv=false mDrawState=NO_SURFACE ah=false th=true a=false
01-01 22:30:36.763   571   592 E WindowManager: Unknown window type: 2999
01-01 22:30:37.064   192   715 D gralloc : Isfb=0, [1200,1920,1200,4800], fmt=1, byte_stride=4800
01-01 22:30:37.496   571   730 V WindowManager: Window{869f9a0 u0 KeyguardScrim} forcing orientation to 5
01-01 22:30:37.497   571   730 V WindowManager: Eval win Window{47641a6 u0 com.roboteam.teamy.usa/com.roboteam.teamy.home.HomeActivity}: isDrawn=false, isAnimating=false
01-01 22:30:37.497   571   730 V WindowManager: Not displayed: s=null pv=false mDrawState=NO_SURFACE ah=false th=true a=false
01-01 22:30:37.506   571   592 E WindowManager: Unknown window type: 2999
01-01 22:30:37.548   571   585 V WindowManager: setAppVisibility(Token{2850cc4 ActivityRecord{f519bd7 u0 com.roboteam.teamy.usa/com.roboteam.teamy.home.HomeActivity t211}}, visible=false): mNextAppTransition=TRANSIT_UNSET hidden=true hiddenRequested=true Callers=com.android.server.am.ActivityStack.stopActivityLocked:2764 com.android.server.am.ActivityStackSupervisor.activityIdleInternalLocked:2602 com.android.server.am.ActivityManagerService.activityIdle:6579 android.app.ActivityManagerNative.onTransact:522 com.android.server.am.ActivityManagerService.onTransact:2687 android.os.Binder.execTransact:453 
01-01 22:30:37.633   571   581 W art     : Suspending all threads took: 56.594ms
01-01 22:30:37.636   571   587 V KeyguardServiceDelegate: *** Keyguard started
01-01 22:30:37.636   571   587 W KeyguardServiceDelegate: onScreenTurningOn(): no keyguard service!
01-01 22:30:37.641   571   581 I art     : Background sticky concurrent mark sweep GC freed 12178(1834KB) AllocSpace objects, 12(852KB) LOS objects, 25% free, 7MB/10MB, paused 58.209ms total 123.577ms
01-01 22:30:37.650   571  1174 D WifiService: setWifiEnabled: true pid=703, uid=1000
