01-01 22:30:32.640   227  1255 E RockFFPlayerBase: openContext : out,ret = -2
01-01 22:30:32.640   227  1255 D RockFFPlayer: retry open context, 11 
01-01 22:30:32.640   227  1255 E RockFFPlayerBase: openContext : in
01-01 22:30:32.640   227  1255 E RockFFPlayer: ffmpeg version v2.1: git-2019-01-24-3629521
01-01 22:30:32.640   227  1255 E RockFFPlayer: init_input:avio_open2 failed
01-01 22:30:32.640   227  1255 E RockFFPlayer: init_input failed
01-01 22:30:32.640   227  1255 I RockFFPlayer: avformat_open_input return fail
01-01 22:30:32.640   227  1255 E RockFFPlayerBase: openContext : out,ret = -2
01-01 22:30:32.640   227  1255 D RockFFPlayer: retry open context, 14 
01-01 22:30:32.640   227  1255 E MediaPlayer: error (1, -2147483648)
01-01 22:30:32.640   227  1255 D RockFFPlayer: startPlayer(): prepareDataSource error
01-01 22:30:32.640   227  1255 D RockFFPlayerBase: dumpStatus(): Error status
01-01 22:30:32.640   227  1255 E MediaPlayer: error (1, -2147483648)
01-01 22:30:32.641   227   550 I CameraClient: Opening camera 1
01-01 22:30:32.641   227   550 D CameraHal: camera_get_camera_info(1312): camera_get_camera_info(1312): camera_1 facing(1), orientation(270)
01-01 22:30:32.641   227   550 I CameraHal: camera_device_open(500): camera_device open
01-01 22:30:32.641   227   550 D CameraHal: gCameraHalLogLevel: 0
01-01 22:30:32.641   227   550 D CameraHal: CameraHal(133): it is a isp  camera
01-01 22:30:32.641   227   550 D CameraHal: Calling process is: /system/bin/mediaserver
01-01 22:30:32.642   227   550 I vpu_mem_pool: pid 227, open_vpu_memory_pool:473: success
01-01 22:30:32.642   227   550 E CameraHal_Marvin: HAL-MOCKUP: Open (/dev/camsys_marvin1) failed, error=(No such file or directory),try to open /dev/camsys_marvin 
01-01 22:30:32.644   227  1257 I vpu_mem_pool: pid 227, vpu_mem_allocator:717: vpu memory pool size (80000)
01-01 22:30:32.644   227  1257 I vpu_mem_pool: pid 227, vpu_mem_allocator:720: ion_alloc_fd success, memory fd 40
01-01 22:30:32.644   227  1257 I vpu_mem_pool: pid 227, vpu_mem_allocator:717: vpu memory pool size (160000)
01-01 22:30:32.644   227  1257 I vpu_mem_pool: pid 227, vpu_mem_allocator:720: ion_alloc_fd success, memory fd 41
01-01 22:30:32.644   227  1257 I vpu_mem_pool: pid 227, vpu_mem_allocator:717: vpu memory pool size (240000)
01-01 22:30:32.644   227  1257 I vpu_mem_pool: pid 227, vpu_mem_allocator:720: ion_alloc_fd success, memory fd 42
01-01 22:30:32.644   227  1257 I vpu_mem_pool: pid 227, vpu_mem_allocator:717: vpu memory pool size (320000)
01-01 22:30:32.644   227  1257 I vpu_mem_pool: pid 227, vpu_mem_allocator:720: ion_alloc_fd success, memory fd 43
01-01 22:30:32.644   227  1257 I vpu_mem_pool: pid 227, vpu_mem_allocator:717: vpu memory pool size (400000)
01-01 22:30:32.644   227  1257 I vpu_mem_pool: pid 227, vpu_mem_allocator:720: ion_alloc_fd success, memory fd 44
01-01 22:30:32.644   227  1257 I vpu_mem_pool: pid 227, vpu_mem_allocator:717: vpu memory pool size (480000)
01-01 22:30:32.644   227  1257 I vpu_mem_pool: pid 227, vpu_mem_allocator:720: ion_alloc_fd success, memory fd 45
01-01 22:30:32.644   227  1257 I vpu_mem_pool: pid 227, vpu_mem_allocator:717: vpu memory pool size (560000)
01-01 22:30:32.644   227  1257 I vpu_mem_pool: pid 227, vpu_mem_allocator:720: ion_alloc_fd success, memory fd 46
01-01 22:30:32.644   227  1257 I vpu_mem_pool: pid 227, vpu_mem_allocator:717: vpu memory pool size (640000)
01-01 22:30:32.644   227  1257 I vpu_mem_pool: pid 227, vpu_mem_allocator:720: ion_alloc_fd success, memory fd 47
01-01 22:30:32.644   227  1257 I vpu_mem_pool: pid 227, vpu_mem_allocator:717: vpu memory pool size (720000)
01-01 22:30:32.644   227  1257 I vpu_mem_pool: pid 227, vpu_mem_allocator:720: ion_alloc_fd success, memory fd 48
01-01 22:30:32.644   227  1257 I vpu_mem_pool: pid 227, vpu_mem_allocator:717: vpu memory pool size (800000)
01-01 22:30:32.644   227  1257 I vpu_mem_pool: pid 227, vpu_mem_allocator:720: ion_alloc_fd success, memory fd 49
01-01 22:30:32.646   227   550 E CameraHal_Marvin: CAMERIC_ISP_FLT_DRV: CamerIcIspFltSetFilterParameter: 444 (exit)
01-01 22:30:32.646   227   550 E CameraHal: disconnectCamera(1779): getFocusLimits failed!
01-01 22:30:32.686   702   702 D SensorManager: aidl getSensorManager:android.hardware.ISensorManager$Stub$Proxy@58dcb2
01-01 22:30:32.872   979   979 D GeofencerStateMachine: Creating GeofencerStateMachine
01-01 22:30:32.875   979   979 D SensorManager: aidl getSensorManager:android.hardware.ISensorManager$Stub$Proxy@5698199
01-01 22:30:32.879   570   626 D WifiService: New client listening to asynchronous messages
01-01 22:30:32.899   227   550 E CameraHal_Marvin: IMX214: Sensor_IsiCheckSensorConnectionIss RevId = 0x00000000, value = 0x00000000 
01-01 22:30:32.899   227   550 D CameraHal_Marvin: 
01-01 22:30:32.899   227   550 D CameraHal_Marvin: 
01-01 22:30:32.899   227   550 D CameraHal_Marvin: 
01-01 22:30:32.899   227   550 D CameraHal_Marvin: CameraHal Version Check:
01-01 22:30:32.900   227   550 D CameraHal_Marvin:     CamSys_Head.h version: 
01-01 22:30:32.900   227   550 D CameraHal_Marvin:        kernel: (0x) v0.b.0
01-01 22:30:32.900   227   550 D CameraHal_Marvin:        libisp_siliconimage_isp.so: (0x) v0.b.0
01-01 22:30:32.900   227   550 D CameraHal_Marvin:     LibIsp version: 
01-01 22:30:32.900   227   550 D CameraHal_Marvin:        local: (0x) v1.36.0
01-01 22:30:32.900   227   550 D CameraHal_Marvin:        camera.rk30board.so: (0x) v1.36.0
01-01 22:30:32.900   227   550 D CameraHal_Marvin:     Sensor ISI version: 
01-01 22:30:32.900   227   550 D CameraHal_Marvin:         libisp_isi_drv_XXX: (0x) v0.c.0
01-01 22:30:32.900   227   550 D CameraHal_Marvin:         libisp_siliconimage_isp.so: (0x) v0.c.0
01-01 22:30:32.900   227   550 D CameraHal_Marvin:     Tunning XML version:
01-01 22:30:32.900   227   550 D CameraHal_Marvin:         libisp_isi_drv_XXX: (09-Jun-2015_ZYL-OYYF_IMX214_50013A7_v0.1.0)
01-01 22:30:32.900   227   550 D CameraHal_Marvin:         Calibdb: (06-Jun-2018_OYYF_IMX214_guangjiao_v0.1.0)
01-01 22:30:32.900   227   550 D CameraHal_Marvin:     sensor name IMX214: 
01-01 22:30:32.900   227   550 D CameraHal_Marvin:        sensor drv version: (0x) v0.6.0
01-01 22:30:32.900   227   550 D CameraHal_Marvin: 
01-01 22:30:32.900   227   550 D CameraHal_Marvin: 
01-01 22:30:32.900   227   550 D CameraHal_Marvin: 
01-01 22:30:32.900   227   550 E CameraHal_Marvin: CAM_API_CAMENGINE: Request 640x480, Exp(>= 0.000000), Fps(>= 15fps) 
01-01 22:30:32.900   227   550 E CameraHal_Marvin: CAM_API_CAMENGINE: getPreferedSensorRes is 2104x1560@25fps
01-01 22:30:32.900   227   550 D CameraHal: setupPreview(260): isp out put format is YUV420SP.
01-01 22:30:32.900   227   550 D CameraHal: setupPreview(272): Sensor output: 2104x1560 --(0,0,2104,1560)--> User request: 640x480
01-01 22:30:32.901   227   550 E CameraHal_Marvin: IMX214: Sensor_IsiCheckSensorConnectionIss RevId = 0x00000000, value = 0x00000000 
01-01 22:30:32.901   227   550 E CameraHal_Marvin: IMX214: Sensor_IsiSetupSensorIss (enter)
01-01 22:30:32.949   979   979 V GeofencerHelper: Initializing geofence's system cache.
01-01 22:30:32.971   979  1297 D GeofenceStateCache: Recovered 0 geofences.
01-01 22:30:32.986   570   590 D BluetoothManagerService: Added callback: android.bluetooth.IBluetoothManagerCallback$Stub$Proxy@f78466b:true
01-01 22:30:32.992   979  1297 I GeofencerStateMachine: Network location disabled.
01-01 22:30:33.004   658   658 D RecoveryReceiver: RECOVERY_STATE_FILE_TF:/mnt/external_sd/Recovery_state
01-01 22:30:33.016   570  1150 I ActivityManager: Start proc 1303:android.process.media/u0a4 for broadcast com.android.providers.downloads/.DownloadReceiver
01-01 22:30:33.139   227   550 E CameraHal_Marvin: IMX214: Sensor_IsiSetupSensorIss: (exit)
01-01 22:30:33.141   227   550 E CameraHal_Marvin: HAL-MOCKUP: PHY ADDR (0x10000000),iommu addr (0x10000000)
01-01 22:30:33.143   227   550 E CameraHal_Marvin: HAL-MOCKUP: PHY ADDR (0x112ca000),iommu addr (0x112ca000)
01-01 22:30:33.146   227   550 E CameraHal_Marvin: HAL-MOCKUP: PHY ADDR (0x12594000),iommu addr (0x12594000)
01-01 22:30:33.148   227   550 E CameraHal_Marvin: HAL-MOCKUP: PHY ADDR (0x1385e000),iommu addr (0x1385e000)
01-01 22:30:33.148   227   550 E CameraHal_Marvin: IMX214: Sensor_IsiGetAfpsInfoHelperIss: (-----------oyyf enter) pAfpsInfo->AecMaxIntTime(0.000000) pSensorCtx->AecMaxIntegrationTime(0.039981)
01-01 22:30:33.158   227   550 E CameraHal_Marvin: IMX214: Sensor_IsiGetAfpsInfoHelperIss: (-----------oyyf exit) pAfpsInfo->AecMaxIntTime(0.033303) pSensorCtx->AecMaxIntegrationTime(0.033303)
01-01 22:30:33.158   227   550 E CameraHal_Marvin: IMX214: Sensor_IsiGetAfpsInfoHelperIss: (-----------oyyf enter) pAfpsInfo->AecMaxIntTime(0.033303) pSensorCtx->AecMaxIntegrationTime(0.033303)
01-01 22:30:33.168   227   550 E CameraHal_Marvin: IMX214: Sensor_IsiGetAfpsInfoHelperIss: (-----------oyyf exit) pAfpsInfo->AecMaxIntTime(0.039981) pSensorCtx->AecMaxIntegrationTime(0.039981)
01-01 22:30:33.168   227   550 E CameraHal_Marvin: IMX214: Sensor_IsiGetAfpsInfoHelperIss: (-----------oyyf enter) pAfpsInfo->AecMaxIntTime(0.039981) pSensorCtx->AecMaxIntegrationTime(0.039981)
01-01 22:30:33.179   227   550 E CameraHal_Marvin: IMX214: Sensor_IsiGetAfpsInfoHelperIss: (-----------oyyf exit) pAfpsInfo->AecMaxIntTime(0.049997) pSensorCtx->AecMaxIntegrationTime(0.049997)
01-01 22:30:33.179   227   550 E CameraHal_Marvin: IMX214: Sensor_IsiGetAfpsInfoHelperIss: (-----------oyyf enter) pAfpsInfo->AecMaxIntTime(0.049997) pSensorCtx->AecMaxIntegrationTime(0.049997)
01-01 22:30:33.189   227   550 E CameraHal_Marvin: IMX214: Sensor_IsiGetAfpsInfoHelperIss: (-----------oyyf exit) pAfpsInfo->AecMaxIntTime(0.066690) pSensorCtx->AecMaxIntegrationTime(0.066690)
01-01 22:30:33.189   227   550 E CameraHal_Marvin: IMX214: Sensor_IsiGetAfpsInfoHelperIss: (-----------oyyf enter) pAfpsInfo->AecMaxIntTime(0.066690) pSensorCtx->AecMaxIntegrationTime(0.066690)
01-01 22:30:33.199   227   550 E CameraHal_Marvin: IMX214: Sensor_IsiGetAfpsInfoHelperIss: (-----------oyyf exit) pAfpsInfo->AecMaxIntTime(0.100077) pSensorCtx->AecMaxIntegrationTime(0.100077)
01-01 22:30:33.200   227   550 E CameraHal_Marvin: CAMERIC_ISP_FLT_DRV: CamerIcIspFltSetFilterParameterRegValue: 333 (exit) oyyf s=6 d=3 sh0=28 sh1=20 min=22
01-01 22:30:33.200   227   550 E CameraHal_Marvin: ADPF: AdpfApplyConfiguration:111 filterenable(1.000000) gain(1.000000) denoise 3, sharp 6 frame_cnt:0
01-01 22:30:33.201   227   550 E CameraHal_Marvin: IMX214: Sensor_IsiMdiFocusGet: dw9714 value = 0x00 0x00
01-01 22:30:33.201   227   550 E CameraHal_Marvin: CAMERIC_ISP_FLT_DRV: CamerIcIspFltSetFilterParameter: 444 (exit)
01-01 22:30:33.203   227   550 E CameraHal_Marvin: IMX214: Sensor_IsiCheckSensorConnectionIss RevId = 0x00000000, value = 0x00000000 
01-01 22:30:33.205   227   550 E CameraHal_Marvin: IMX214: Sensor_IsiMdiFocusGet: dw9714 value = 0x00 0x00
01-01 22:30:33.206   227   550 D CameraHal: initDefaultParameters(1224): Support Preview format: yuv420sp,yuv420p    yuv420sp(default)
01-01 22:30:33.206   227   550 D CameraHal: initDefaultParameters(1226): Support Preview sizes: 176x144,320x240,352x288,640x480,720x480,800x600,1600x1200,2048x1536,4208x3120,1280x720,1920x1080,2104x1560,2064x1548    2104x1560(default)    0x0(force)
01-01 22:30:33.206   227   550 D CameraHal: initDefaultParameters(1227): Support Preview FPS range: (3000,30000),(30000,30000)
01-01 22:30:33.206   227   550 D CameraHal: initDefaultParameters(1228): Support Preview framerate: 10,15,30
01-01 22:30:33.206   227   550 D CameraHal: initDefaultParameters(1229): Support Picture sizes: 4208x3120,4128x3096,3264x2448,2592x1944,1600x1200,640x480,352x288,320x240,176x144    4208x3120(default)
01-01 22:30:33.206   227   550 D CameraHal: initDefaultParameters(1230): Support Focus: fixed  Focus zone: 0
01-01 22:30:33.206   227   550 D CameraHal: initDefaultParameters(1233): Support AWB: auto,incandescent,fluorescent,daylight 
01-01 22:30:33.206   227   550 D CameraHal: initDefaultParameters(1234): Support FOV test h(60.000000) v(60.000000)
01-01 22:30:33.206   227   550 D CameraHal: Calling process is: /system/bin/mediaserver
01-01 22:30:33.314   227  1321 D CameraHal: commandThread(1011): commandThread(1011): receive CMD_PREVIEW_CAPTURE_CANCEL
01-01 22:30:33.315   227  1321 D CameraHal: commandThread(1019): commandThread(1019): CMD_PREVIEW_CAPTURE_CANCEL out
01-01 22:30:33.315   227   550 D CameraHal: cancelPicture(588): cancel picture OK.
01-01 22:30:33.315   227  1321 D CameraHal: commandThread(939): commandThread(939):receive CMD_PREVIEW_STOP
01-01 22:30:33.315   227  1321 D CameraHal: commandThread(960): commandThread(960): CMD_PREVIEW_STOP out
01-01 22:30:33.315   227   550 D CameraHal: stopPreview(389): stop preview OK.
01-01 22:30:33.316   227  1321 D CameraHal: commandThread(1011): commandThread(1011): receive CMD_PREVIEW_CAPTURE_CANCEL
01-01 22:30:33.316   227  1321 D CameraHal: commandThread(1019): commandThread(1019): CMD_PREVIEW_CAPTURE_CANCEL out
01-01 22:30:33.316   227   550 D CameraHal: cancelPicture(588): cancel picture OK.
01-01 22:30:33.316   227   550 I CameraFlashlight: Destroying camera 1
01-01 22:30:33.316   227   550 D CameraHal: camera_device_close(451): camera_device_close
01-01 22:30:33.317   227  1256 D CameraHal: displayThread(622): displayThread(622): receive CMD_DISPLAY_STOP
01-01 22:30:33.317   227  1256 D CameraHal: cameraDisplayBufferDestory(399): cameraDisplayBufferDestory(399): mANativeWindow is NULL, destory is ignore
01-01 22:30:33.317   227  1259 D CameraHal: encProcessThread(1658): encProcessThread(1658): receive CMD_ENCPROCESS_EXIT
01-01 22:30:33.317   227   550 I vpu_mem_pool: pid 227, close_vpu_memory_pool:501: vpu memory pool size (720000)
01-01 22:30:33.317   227   550 I vpu_mem_pool: pid 227, close_vpu_memory_pool:501: vpu memory pool size (640000)
01-01 22:30:33.317   227   550 I vpu_mem_pool: pid 227, close_vpu_memory_pool:501: vpu memory pool size (560000)
01-01 22:30:33.318   227   550 I vpu_mem_pool: pid 227, close_vpu_memory_pool:501: vpu memory pool size (480000)
01-01 22:30:33.318   227   550 I vpu_mem_pool: pid 227, close_vpu_memory_pool:501: vpu memory pool size (400000)
01-01 22:30:33.318   227   550 I vpu_mem_pool: pid 227, close_vpu_memory_pool:501: vpu memory pool size (320000)
01-01 22:30:33.318   227   550 I vpu_mem_pool: pid 227, close_vpu_memory_pool:501: vpu memory pool size (240000)
01-01 22:30:33.318   227   550 I vpu_mem_pool: pid 227, close_vpu_memory_pool:501: vpu memory pool size (160000)
01-01 22:30:33.318   227   550 I vpu_mem_pool: pid 227, close_vpu_memory_pool:501: vpu memory pool size (80000)
01-01 22:30:33.318   227   550 I vpu_mem_pool: pid 227, close_vpu_memory_pool:501: vpu memory pool size (0)
01-01 22:30:33.318   227   550 I vpu_mem_pool: pid 227, close_vpu_memory_pool:552: 
01-01 22:30:33.333  1303  1303 W System  : ClassLoader referenced unknown path: /system/priv-app/DownloadProvider/lib/arm
01-01 22:30:33.337  1303  1303 W System  : ClassLoader referenced unknown path: /system/priv-app/MediaProvider/lib/arm
01-01 22:30:33.346   979  1300 D SensorManager: aidl getSensorManager:android.hardware.ISensorManager$Stub$Proxy@e97ccb3
01-01 22:30:33.358   570   625 E wifi    : wifi_get_supported_feature_set returned error = 0xffffffa1
01-01 22:30:33.424   227   550 E CameraHal_Marvin: IMX214:  STREAM OFF ++++++++++++++
01-01 22:30:33.438   227  1321 D CameraHal: commandThread(1124): commandThread(1124): receive CMD_EXIT
01-01 22:30:33.438   227   550 D CameraHal: ~CameraHal(302): CameraHal destory success
01-01 22:30:33.445   227   550 I CameraService: disconnect: Disconnected client for camera 1 for PID 227
01-01 22:30:33.445   227   550 D RockFFPlayer: reset: in
01-01 22:30:33.445   227   550 D RockFFPlayerBase: dumpStatus(): Preapared
01-01 22:30:33.445   227   550 D RockFFPlayer: reset: stop_l in
01-01 22:30:33.445   227   550 D RockFFPlayer: stop_l: in
01-01 22:30:33.445   227   550 D RockFFPlayer: enter enqueueMessage
01-01 22:30:33.445   227   550 D RockFFPlayer: enqueueMessage:****1
01-01 22:30:33.445   227   550 D RockFFPlayer: enqueueMessage:****2
01-01 22:30:33.445   227   550 D RockFFPlayer: enqueueMessage:****3
01-01 22:30:33.445   227   550 D RockFFPlayer: enqueueMessage:Message 1,set signal
01-01 22:30:33.445   227   550 D RockFFPlayer: enqueueMessage:sync wait
01-01 22:30:33.445   227  1246 D RockFFPlayer: deliverMessage 
01-01 22:30:33.445   227  1246 D RockFFPlayer: run : dequeueMessage Message 4
01-01 22:30:33.445   227  1246 D RockFFPlayer: CMD_STOP
01-01 22:30:33.445   227  1246 D RockFFPlayer: doStop: in
01-01 22:30:33.445   227  1246 D RockFFPlayerBase: dumpStatus(): Preapared
01-01 22:30:33.445   227  1246 D RockFFPlayerBase: dumpStatus(): Stopped
01-01 22:30:33.445   227  1246 D RockFFPlayer: doRelease: in
01-01 22:30:33.445   227  1246 I FFIDecoder: waiting on end of decoder thread
01-01 22:30:33.445   227  1246 E FFMpegThread: DecoderAudio,wait
01-01 22:30:33.445   227  1246 E RockFFPlayerBase: FFMPlayerBase::flushRenderQueue in
01-01 22:30:33.445   227  1246 E RockFFPlayerBase: FFMPlayerBase::flushRenderQueue out
01-01 22:30:33.445   227  1246 D RockFFPlayer: doRelease: ok
01-01 22:30:33.445   227  1246 D RockFFPlayer: doStop: ok
01-01 22:30:33.445   227  1246 D RockFFPlayer: run : dequeueMessage Message 4 OK
01-01 22:30:33.445   227  1246 D RockFFPlayer: Messagecomplete type [4]
01-01 22:30:33.445   227  1246 D RockFFPlayer: run : Message 4 complete
01-01 22:30:33.445   227   550 D RockFFPlayer: enqueueMessage:sync wait ok
01-01 22:30:33.445   227   550 D RockFFPlayer: stop_l: clear queue ok
01-01 22:30:33.445   227  1333 D RockFFPlayer: CancelThread: in
01-01 22:30:33.445   227   550 D RockFFPlayer: stop_l: create cancel thread ok
01-01 22:30:33.445   227   550 D RockFFPlayer: stop_l: ok
01-01 22:30:33.445   227   550 D RockFFPlayer: enter enqueueMessage
01-01 22:30:33.445   227   550 D RockFFPlayer: enqueueMessage:****1
01-01 22:30:33.445   227   550 D RockFFPlayer: enqueueMessage:****2
01-01 22:30:33.445   227   550 D RockFFPlayer: enqueueMessage:****3
01-01 22:30:33.445   227   550 D RockFFPlayer: enqueueMessage:Message 1,set signal
01-01 22:30:33.445   227   550 D RockFFPlayer: enqueueMessage:sync wait
01-01 22:30:33.445   227  1246 D RockFFPlayer: deliverMessage 
01-01 22:30:33.445   227  1246 D RockFFPlayer: run : dequeueMessage Message 11
01-01 22:30:33.445   227  1246 D RockFFPlayer: CMD_RESET
01-01 22:30:33.445   227  1246 D RockFFPlayerBase: dumpStatus(): Idle
01-01 22:30:33.445   227  1246 D RockFFPlayer: doReset ok
01-01 22:30:33.445   227  1246 D RockFFPlayer: run : dequeueMessage Message 11 OK
01-01 22:30:33.445   227  1246 D RockFFPlayer: Messagecomplete type [11]
01-01 22:30:33.445   227  1246 D RockFFPlayer: run : Message 11 complete
01-01 22:30:33.445   227   550 D RockFFPlayer: enqueueMessage:sync wait ok
01-01 22:30:33.445   227   550 D RockFFPlayer: reset: do reset ok
01-01 22:30:33.446   227  1246 D RockFFPlayer: signal thread out
01-01 22:30:33.446   227  1246 D RockFFPlayer: sched_thread out
01-01 22:30:33.446   227   550 D RockFFPlayer: stop:wait is ok
01-01 22:30:33.446   227   550 D RockFFPlayer: stop:ok
01-01 22:30:33.446   227   550 D RockFFPlayer: ~RkMessageQueue
01-01 22:30:33.446   227   550 D RockFFPlayer: reset: reset ok
01-01 22:30:33.446   227   550 E FFPlayer: ~FFPlayer
01-01 22:30:33.446   227   550 D RockFFPlayer: reset: in
01-01 22:30:33.446   227   550 D RockFFPlayerBase: dumpStatus(): Idle
01-01 22:30:33.446   227   550 D RockFFPlayer: reset: in idle status, already reset
01-01 22:30:33.446   227   550 D RockFFPlayer: ~FFMPlayer in
01-01 22:30:33.446   227   550 D RockFFPlayer: reset: in
01-01 22:30:33.446   227   550 D RockFFPlayerBase: dumpStatus(): Idle
01-01 22:30:33.446   227   550 D RockFFPlayer: reset: in idle status, already reset
01-01 22:30:33.446   227  1247 I RockFFPlayer: readthread end of playing
01-01 22:30:33.446   227  1333 D FFMpegThread: DecoderAudio:~PlayerThread enter mThreadStatus=-1
01-01 22:30:33.447   227  1333 E RockFFPlayerBase: closeContext : in
01-01 22:30:33.447   227  1333 E RockFFPlayerBase: closeContext : out
01-01 22:30:33.447   227  1333 D RockFFPlayer: CancelThread: ok
01-01 22:30:33.447   227   550 D RockFFPlayer: ~FFMediaSource
01-01 22:30:33.447   227   550 D RockFFPlayer: FFMediaSource context null. 
01-01 22:30:33.447   227   550 E TraceThread:     VsyncReciver(tid = 2999019824)--> [UID=36a40b87] pthread_join begin-->player = 0xb7bdacd0
01-01 22:30:33.460   227   550 E TraceThread:     VsyncReciver(tid = 2999019824)--> [UID=36a40b87] pthread_join   end-->player = 0xb7bdacd0
01-01 22:30:33.460   227   550 D VsyncReciver: stop_l:vsyncThread down
01-01 22:30:33.460   227   550 E TraceThread:     RockFFPlayer(tid = 3005413680)--> [UID=36a40b87] ~FFMPlayer Destruction; object=0xb7bdacd0
01-01 22:30:33.461   227   550 D RockFFPlayer: ~FFMPlayer ok
01-01 22:30:33.461   227   550 D RockFFPlayerBase: ~FFMPlayerBase(():mDequeueThread down
01-01 22:30:33.461   227   550 D RockFFPlayerBase: ~RkMessageHandler
01-01 22:30:33.461   227   550 D RockFFPlayer: reset: in
01-01 22:30:33.461   227   550 D RockFFPlayerBase: dumpStatus(): Preapared
01-01 22:30:33.461   227   550 D RockFFPlayer: reset: stop_l in
01-01 22:30:33.461   227   550 D RockFFPlayer: stop_l: in
01-01 22:30:33.461   227   550 D RockFFPlayer: enter enqueueMessage
01-01 22:30:33.461   227   550 D RockFFPlayer: enqueueMessage:****1
01-01 22:30:33.461   227   550 D RockFFPlayer: enqueueMessage:****2
01-01 22:30:33.461   227   550 D RockFFPlayer: enqueueMessage:****3
01-01 22:30:33.461   227   550 D RockFFPlayer: enqueueMessage:Message 1,set signal
01-01 22:30:33.461   227   550 D RockFFPlayer: enqueueMessage:sync wait
01-01 22:30:33.461   227  1250 D RockFFPlayer: deliverMessage 
01-01 22:30:33.461   227  1250 D RockFFPlayer: run : dequeueMessage Message 4
01-01 22:30:33.461   227  1250 D RockFFPlayer: CMD_STOP
01-01 22:30:33.461   227  1250 D RockFFPlayer: doStop: in
01-01 22:30:33.461   227  1250 D RockFFPlayerBase: dumpStatus(): Preapared
01-01 22:30:33.461   227  1250 D RockFFPlayerBase: dumpStatus(): Stopped
01-01 22:30:33.461   227  1250 D RockFFPlayer: doRelease: in
01-01 22:30:33.461   227  1250 I FFIDecoder: waiting on end of decoder thread
01-01 22:30:33.461   227  1250 E FFMpegThread: DecoderAudio,wait
01-01 22:30:33.461   227  1250 E RockFFPlayerBase: FFMPlayerBase::flushRenderQueue in
01-01 22:30:33.461   227  1250 E RockFFPlayerBase: FFMPlayerBase::flushRenderQueue out
01-01 22:30:33.461   227  1250 D RockFFPlayer: doRelease: ok
01-01 22:30:33.461   227  1250 D RockFFPlayer: doStop: ok
01-01 22:30:33.461   227  1250 D RockFFPlayer: run : dequeueMessage Message 4 OK
01-01 22:30:33.461   227  1250 D RockFFPlayer: Messagecomplete type [4]
01-01 22:30:33.461   227  1250 D RockFFPlayer: run : Message 4 complete
01-01 22:30:33.461   227   550 D RockFFPlayer: enqueueMessage:sync wait ok
01-01 22:30:33.461   227   550 D RockFFPlayer: stop_l: clear queue ok
01-01 22:30:33.461   227   550 D RockFFPlayer: stop_l: create cancel thread ok
01-01 22:30:33.461   227  1335 D RockFFPlayer: CancelThread: in
01-01 22:30:33.461   227   550 D RockFFPlayer: stop_l: ok
01-01 22:30:33.461   227   550 D RockFFPlayer: enter enqueueMessage
01-01 22:30:33.461   227   550 D RockFFPlayer: enqueueMessage:****1
01-01 22:30:33.461   227   550 D RockFFPlayer: enqueueMessage:****2
01-01 22:30:33.461   227   550 D RockFFPlayer: enqueueMessage:****3
01-01 22:30:33.461   227   550 D RockFFPlayer: enqueueMessage:Message 1,set signal
01-01 22:30:33.461   227   550 D RockFFPlayer: enqueueMessage:sync wait
01-01 22:30:33.461   227  1250 D RockFFPlayer: deliverMessage 
01-01 22:30:33.462   227  1250 D RockFFPlayer: run : dequeueMessage Message 11
01-01 22:30:33.462   227  1250 D RockFFPlayer: CMD_RESET
01-01 22:30:33.462   227  1250 D RockFFPlayerBase: dumpStatus(): Idle
01-01 22:30:33.462   227  1250 D RockFFPlayer: doReset ok
01-01 22:30:33.462   227  1250 D RockFFPlayer: run : dequeueMessage Message 11 OK
01-01 22:30:33.462   227  1250 D RockFFPlayer: Messagecomplete type [11]
01-01 22:30:33.462   227  1250 D RockFFPlayer: run : Message 11 complete
01-01 22:30:33.462   227   550 D RockFFPlayer: enqueueMessage:sync wait ok
01-01 22:30:33.462   227   550 D RockFFPlayer: reset: do reset ok
01-01 22:30:33.462   227  1251 I RockFFPlayer: readthread end of playing
01-01 22:30:33.462   227  1250 D RockFFPlayer: signal thread out
01-01 22:30:33.462   227  1250 D RockFFPlayer: sched_thread out
01-01 22:30:33.462   227   550 D RockFFPlayer: stop:wait is ok
01-01 22:30:33.462   227   550 D RockFFPlayer: stop:ok
01-01 22:30:33.462   227   550 D RockFFPlayer: ~RkMessageQueue
01-01 22:30:33.462   227   550 D RockFFPlayer: reset: reset ok
01-01 22:30:33.462   227  1335 D FFMpegThread: DecoderAudio:~PlayerThread enter mThreadStatus=-1
01-01 22:30:33.462   227   550 E FFPlayer: ~FFPlayer
01-01 22:30:33.462   227   550 D RockFFPlayer: reset: in
01-01 22:30:33.462   227   550 D RockFFPlayerBase: dumpStatus(): Idle
01-01 22:30:33.462   227   550 D RockFFPlayer: reset: in idle status, already reset
01-01 22:30:33.462   227   550 D RockFFPlayer: ~FFMPlayer in
01-01 22:30:33.462   227   550 D RockFFPlayer: reset: in
01-01 22:30:33.462   227   550 D RockFFPlayerBase: dumpStatus(): Idle
01-01 22:30:33.462   227   550 D RockFFPlayer: reset: in idle status, already reset
01-01 22:30:33.463   227  1335 E RockFFPlayerBase: closeContext : in
01-01 22:30:33.463   227  1335 E RockFFPlayerBase: closeContext : out
01-01 22:30:33.463   227  1335 D RockFFPlayer: CancelThread: ok
01-01 22:30:33.463   227   550 D RockFFPlayer: ~FFMediaSource
01-01 22:30:33.463   227   550 D RockFFPlayer: FFMediaSource context null. 
01-01 22:30:33.463   227   550 E TraceThread:     VsyncReciver(tid = 2994293040)--> [UID=36a40b87] pthread_join begin-->player = 0xb7c955d8
01-01 22:30:33.478   227   550 E TraceThread:     VsyncReciver(tid = 2994293040)--> [UID=36a40b87] pthread_join   end-->player = 0xb7c955d8
01-01 22:30:33.478   227   550 D VsyncReciver: stop_l:vsyncThread down
01-01 22:30:33.478   227   550 E TraceThread:     RockFFPlayer(tid = 3005413680)--> [UID=36a40b87] ~FFMPlayer Destruction; object=0xb7c955d8
01-01 22:30:33.478   227   550 D RockFFPlayer: ~FFMPlayer ok
01-01 22:30:33.478   227   550 D RockFFPlayerBase: ~FFMPlayerBase(():mDequeueThread down
01-01 22:30:33.478   227   550 D RockFFPlayerBase: ~RkMessageHandler
01-01 22:30:33.478   227   550 D RockFFPlayer: reset: in
01-01 22:30:33.478   227   550 D RockFFPlayerBase: dumpStatus(): Error status
01-01 22:30:33.478   227   550 D RockFFPlayer: reset: stop_l in
01-01 22:30:33.478   227   550 D RockFFPlayer: stop_l: in
01-01 22:30:33.478   227   550 D RockFFPlayer: enter enqueueMessage
01-01 22:30:33.478   227   550 D RockFFPlayer: enqueueMessage:****1
01-01 22:30:33.478   227   550 D RockFFPlayer: enqueueMessage:****2
01-01 22:30:33.478   227   550 D RockFFPlayer: enqueueMessage:****3
01-01 22:30:33.478   227   550 D RockFFPlayer: enqueueMessage:Message 1,set signal
01-01 22:30:33.478   227   550 D RockFFPlayer: enqueueMessage:sync wait
01-01 22:30:33.478   227  1254 D RockFFPlayer: deliverMessage 
01-01 22:30:33.478   227  1254 D RockFFPlayer: run : dequeueMessage Message 4
01-01 22:30:33.478   227  1254 D RockFFPlayer: CMD_STOP
01-01 22:30:33.478   227  1254 D RockFFPlayer: doStop: in
01-01 22:30:33.478   227  1254 D RockFFPlayerBase: dumpStatus(): Error status
01-01 22:30:33.478   227  1254 D RockFFPlayerBase: dumpStatus(): Stopped
01-01 22:30:33.478   227  1254 D RockFFPlayer: doRelease: in
01-01 22:30:33.478   227  1254 D RockFFPlayer: FFMediaSource setExit, but context null
01-01 22:30:33.478   227  1254 E RockFFPlayerBase: FFMPlayerBase::flushRenderQueue in
01-01 22:30:33.478   227  1254 E RockFFPlayerBase: FFMPlayerBase::flushRenderQueue out
01-01 22:30:33.478   227  1254 D RockFFPlayer: doRelease: ok
01-01 22:30:33.478   227  1254 D RockFFPlayer: doStop: ok
01-01 22:30:33.478   227  1254 D RockFFPlayer: run : dequeueMessage Message 4 OK
01-01 22:30:33.478   227  1254 D RockFFPlayer: Messagecomplete type [4]
01-01 22:30:33.478   227  1254 D RockFFPlayer: run : Message 4 complete
01-01 22:30:33.478   227   550 D RockFFPlayer: enqueueMessage:sync wait ok
01-01 22:30:33.478   227   550 D RockFFPlayer: stop_l: clear queue ok
01-01 22:30:33.479   227   550 D RockFFPlayer: stop_l: create cancel thread ok
01-01 22:30:33.479   227  1336 D RockFFPlayer: CancelThread: in
01-01 22:30:33.479   227   550 D RockFFPlayer: stop_l: ok
01-01 22:30:33.479   227   550 D RockFFPlayer: enter enqueueMessage
01-01 22:30:33.479   227   550 D RockFFPlayer: enqueueMessage:****1
01-01 22:30:33.479   227   550 D RockFFPlayer: enqueueMessage:****2
01-01 22:30:33.479   227   550 D RockFFPlayer: enqueueMessage:****3
01-01 22:30:33.479   227   550 D RockFFPlayer: enqueueMessage:Message 1,set signal
01-01 22:30:33.479   227   550 D RockFFPlayer: enqueueMessage:sync wait
01-01 22:30:33.479   227  1254 D RockFFPlayer: deliverMessage 
01-01 22:30:33.479   227  1254 D RockFFPlayer: run : dequeueMessage Message 11
01-01 22:30:33.479   227  1254 D RockFFPlayer: CMD_RESET
01-01 22:30:33.479   227  1254 D RockFFPlayerBase: dumpStatus(): Idle
01-01 22:30:33.479   227  1254 D RockFFPlayer: doReset ok
01-01 22:30:33.479   227  1254 D RockFFPlayer: run : dequeueMessage Message 11 OK
01-01 22:30:33.479   227  1254 D RockFFPlayer: Messagecomplete type [11]
01-01 22:30:33.479   227  1254 D RockFFPlayer: run : Message 11 complete
01-01 22:30:33.479   227   550 D RockFFPlayer: enqueueMessage:sync wait ok
01-01 22:30:33.479   227   550 D RockFFPlayer: reset: do reset ok
01-01 22:30:33.479   227  1336 D RockFFPlayer: processAsyncExit: wait message thread
01-01 22:30:33.479   227  1254 D RockFFPlayer: signal thread out
01-01 22:30:33.479   227  1254 D RockFFPlayer: sched_thread out
01-01 22:30:33.479   227   550 D RockFFPlayer: stop:wait is ok
01-01 22:30:33.479   227   550 D RockFFPlayer: stop:ok
01-01 22:30:33.479   227   550 D RockFFPlayer: ~RkMessageQueue
01-01 22:30:33.479   227   550 D RockFFPlayer: reset: reset ok
01-01 22:30:33.479   227  1336 E RockFFPlayerBase: closeContext : in
01-01 22:30:33.479   227   550 E FFPlayer: ~FFPlayer
01-01 22:30:33.479   227  1336 D RockFFPlayer: FFMediaSource context null. 
01-01 22:30:33.479   227  1336 E RockFFPlayerBase: closeContext : out
01-01 22:30:33.479   227   550 D RockFFPlayer: reset: in
01-01 22:30:33.479   227  1336 D RockFFPlayer: CancelThread: ok
01-01 22:30:33.479   227   550 D RockFFPlayerBase: dumpStatus(): Idle
01-01 22:30:33.479   227   550 D RockFFPlayer: reset: in idle status, already reset
01-01 22:30:33.479   227   550 D RockFFPlayer: ~FFMPlayer in
01-01 22:30:33.479   227   550 D RockFFPlayer: reset: in
01-01 22:30:33.479   227   550 D RockFFPlayerBase: dumpStatus(): Idle
01-01 22:30:33.479   227   550 D RockFFPlayer: reset: in idle status, already reset
01-01 22:30:33.479   227   550 D RockFFPlayer: ~FFMediaSource
01-01 22:30:33.479   227   550 D RockFFPlayer: FFMediaSource context null. 
01-01 22:30:33.479   227   550 E TraceThread:     VsyncReciver(tid = 2989730096)--> [UID=36a40b87] pthread_join begin-->player = 0xb7c74d60
01-01 22:30:33.491  1022  1022 D RKUpdateReceiver: action = android.intent.action.MEDIA_MOUNTED
01-01 22:30:33.495   227   550 E TraceThread:     VsyncReciver(tid = 2989730096)--> [UID=36a40b87] pthread_join   end-->player = 0xb7c74d60
01-01 22:30:33.495   227   550 D VsyncReciver: stop_l:vsyncThread down
01-01 22:30:33.496   227   550 E TraceThread:     RockFFPlayer(tid = 3005413680)--> [UID=36a40b87] ~FFMPlayer Destruction; object=0xb7c74d60
01-01 22:30:33.496   227   550 D RockFFPlayer: ~FFMPlayer ok
01-01 22:30:33.496   227   550 D RockFFPlayerBase: ~FFMPlayerBase(():mDequeueThread down
01-01 22:30:33.496   227   550 D RockFFPlayerBase: ~RkMessageHandler
01-01 22:30:33.496   227   227 D CameraHal: camera_get_camera_info(1312): camera_get_camera_info(1312): camera_0 facing(0), orientation(90)
01-01 22:30:33.497   227   550 D CameraHal: camera_get_camera_info(1312): camera_get_camera_info(1312): camera_0 facing(0), orientation(90)
01-01 22:30:33.503   570   701 I ActivityManager: Start proc 1340:com.android.settings/1000 for broadcast com.android.settings/.sim.SimSelectNotification
01-01 22:30:33.507   227   227 D CameraHal: camera_get_camera_info(1312): camera_get_camera_info(1312): camera_1 facing(1), orientation(270)
01-01 22:30:33.507   227   550 D CameraHal: camera_get_camera_info(1312): camera_get_camera_info(1312): camera_1 facing(1), orientation(270)
01-01 22:30:33.629   687  1359 D OpenGLRenderer: Use EGL_SWAP_BEHAVIOR_PRESERVED: true
01-01 22:30:33.629   687  1359 D OpenGLRenderer: profile bars disabled
01-01 22:30:33.630   687  1359 D OpenGLRenderer: ambientRatio = 1.50
01-01 22:30:33.642  1340  1340 W System  : ClassLoader referenced unknown path: /system/priv-app/Settings/lib/arm
01-01 22:30:33.649   979  1300 W Settings: Setting airplane_mode_on has moved from android.provider.Settings.System to android.provider.Settings.Global, returning read-only value.
01-01 22:30:33.656   570  1150 V WindowManager: Window{ee3959 u0 KeyguardScrim} forcing orientation to 5
01-01 22:30:33.659   687   687 D PhoneStatusBar: disable: < EXPAND* icons alerts system_info BACK* HOME* RECENT* clock SEARCH* quick_settings >
01-01 22:30:33.674   702   702 W ContextImpl: Calling a method in the system process without a qualified user: android.app.ContextImpl.startActivity:658 android.content.ContextWrapper.startActivity:331 com.roboteam.teamy.shared.activitylauncher.ActivityLauncher.startActivity:16 com.roboteam.teamy.boot.activitylauncher.BootActivityLauncher.launch:54 com.roboteam.teamy.home.HomeActivity.onCreate:93 
01-01 22:30:33.674   702   702 W ContextImpl: Calling a method in the system process without a qualified user: android.app.ContextImpl.startActivity:670 android.app.ContextImpl.startActivity:659 android.content.ContextWrapper.startActivity:331 com.roboteam.teamy.shared.activitylauncher.ActivityLauncher.startActivity:16 com.roboteam.teamy.boot.activitylauncher.BootActivityLauncher.launch:54 
01-01 22:30:33.675   570   729 I ActivityManager: START u0 {flg=0x10008000 cmp=com.roboteam.teamy.usa/com.roboteam.teamy.boot.BootActivity} from uid 1000 on display 0
01-01 22:30:33.677   687   687 D PhoneStatusBar: heads up is enabled
01-01 22:30:33.678   570   729 V WindowState: Reporting new frame to Window{e7244be u0 StatusBar}: Rect(0, 0 - 1920, 0)
01-01 22:30:33.678   570   729 I WindowState: Sending new config to window Window{e7244be u0 StatusBar}: 0.0x0.0 / config={1.0 ?mcc?mnc en_US ldltr sw800dp w1280dp h800dp 240dpi xlrg land finger -keyb/v/h -nav/h s.4} overrideConfig={1.0 ?mcc?mnc ?locale ?layoutDir ?swdp ?wdp ?hdp ?density ?lsize ?long ?orien ?uimode ?night ?touch ?keyb/?/? ?nav/?}
01-01 22:30:33.678   570   729 V WindowState: Reporting new frame to Window{ee3959 u0 KeyguardScrim}: Rect(0, 0 - 1920, 1200)
01-01 22:30:33.721   702  1360 D OpenGLRenderer: Use EGL_SWAP_BEHAVIOR_PRESERVED: true
01-01 22:30:33.745   570   700 E WindowManager: Unknown window type: 2999
01-01 22:30:33.746   570   700 V WindowManager: Window{ee3959 u0 KeyguardScrim} forcing orientation to 5
01-01 22:30:33.769   979   979 I GCoreNlp: shouldConfirmNlp, NLP off. Ensuring opt-in disabled
01-01 22:30:33.800   979   979 I GCoreUlr: Starting service, intent=Intent { act=com.google.android.location.reporting.ACTION_UPDATE_WORLD cmp=com.google.android.gms/com.google.android.location.reporting.service.DispatchingService (has extras) }, extras=Bundle[{receiverAction=android.location.PROVIDERS_CHANGED}]
01-01 22:30:33.813   570   701 I ActivityManager: Start proc 1363:com.android.vending/u0a7 for broadcast com.android.vending/com.google.android.finsky.receivers.LocationProviderChangedReceiver
01-01 22:30:33.832   570   728 I WindowManager: Set freezing of Token{443e8e9 ActivityRecord{716d70 u0 com.roboteam.teamy.usa/com.roboteam.teamy.boot.BootActivity t1708}}: hidden=true freezing=false
01-01 22:30:33.832   570   728 V WindowManager: setAppVisibility(Token{443e8e9 ActivityRecord{716d70 u0 com.roboteam.teamy.usa/com.roboteam.teamy.boot.BootActivity t1708}}, visible=true): mNextAppTransition=TRANSIT_TASK_OPEN hidden=true hiddenRequested=true Callers=com.android.server.am.ActivityStackSupervisor.realStartActivityLocked:1185 com.android.server.am.ActivityStackSupervisor.startSpecificActivityLocked:1384 com.android.server.am.ActivityStack.ensureActivitiesVisibleLocked:1357 com.android.server.am.ActivityStackSupervisor.ensureActivitiesVisibleLocked:3305 com.android.server.am.ActivityStackSupervisor.attachApplicationLocked:638 com.android.server.am.ActivityManagerService.attachApplicationLocked:6504 
01-01 22:30:33.875   570   728 V WindowManager: setAppVisibility(Token{2243ae2 ActivityRecord{2257ad u0 com.roboteam.teamy.usa/com.roboteam.teamy.home.HomeActivity t1707}}, visible=false): mNextAppTransition=TRANSIT_TASK_OPEN hidden=false hiddenRequested=false Callers=com.android.server.am.ActivityStack.setVisible:1170 com.android.server.am.ActivityStack.ensureActivitiesVisibleLocked:1431 com.android.server.am.ActivityStackSupervisor.ensureActivitiesVisibleLocked:3305 com.android.server.am.ActivityStackSupervisor.reportResumedActivityLocked:3212 com.android.server.am.ActivityStack.completeResumeLocked:1146 com.android.server.am.ActivityStack.minimalResumeActivityLocked:677 
01-01 22:30:33.875   570   728 V WindowManager: Eval win Window{933aa07 u0 com.roboteam.teamy.usa/com.roboteam.teamy.home.HomeActivity}: isDrawn=false, isAnimating=false
01-01 22:30:33.876   570   728 V WindowManager: Not displayed: s=null pv=true mDrawState=NO_SURFACE ah=false th=true a=false
01-01 22:30:33.877   570   728 V WindowManager: Window{ee3959 u0 KeyguardScrim} forcing orientation to 5
01-01 22:30:33.878   570   728 V WindowManager: Eval win Window{933aa07 u0 com.roboteam.teamy.usa/com.roboteam.teamy.home.HomeActivity}: isDrawn=false, isAnimating=false
01-01 22:30:33.878   570   728 V WindowManager: Not displayed: s=null pv=true mDrawState=NO_SURFACE ah=false th=true a=false
01-01 22:30:33.879   570   591 E WindowManager: Unknown window type: 2999
01-01 22:30:33.882   979   979 V GoogleSignatureVerifier: com.google.android.gms signature not valid.  Found: 
01-01 22:30:33.882   979   979 V GoogleSignatureVerifier: MIIEQzCCAyugAwIBAgIJAMLgh0ZkSjCNMA0GCSqGSIb3DQEBBAUAMHQxCzAJBgNVBAYTAlVTMRMw
01-01 22:30:33.882   979   979 V GoogleSignatureVerifier: EQYDVQQIEwpDYWxpZm9ybmlhMRYwFAYDVQQHEw1Nb3VudGFpbiBWaWV3MRQwEgYDVQQKEwtHb29n
01-01 22:30:33.882   979   979 V GoogleSignatureVerifier: bGUgSW5jLjEQMA4GA1UECxMHQW5kcm9pZDEQMA4GA1UEAxMHQW5kcm9pZDAeFw0wODA4MjEyMzEz
01-01 22:30:33.882   979   979 V GoogleSignatureVerifier: MzRaFw0zNjAxMDcyMzEzMzRaMHQxCzAJBgNVBAYTAlVTMRMwEQYDVQQIEwpDYWxpZm9ybmlhMRYw
01-01 22:30:33.882   979   979 V GoogleSignatureVerifier: FAYDVQQHEw1Nb3VudGFpbiBWaWV3MRQwEgYDVQQKEwtHb29nbGUgSW5jLjEQMA4GA1UECxMHQW5k
01-01 22:30:33.882   979   979 V GoogleSignatureVerifier: cm9pZDEQMA4GA1UEAxMHQW5kcm9pZDCCASAwDQYJKoZIhvcNAQEBBQADggENADCCAQgCggEBAKtW
01-01 22:30:33.882   979   979 V GoogleSignatureVerifier: LgDYO6IIrgqWbxJOKdoR8qtW0I9Y4sypEwPpt1TTcvZApxsdyxMJZ2JORland2qSGT2y5b+3JKke
01-01 22:30:33.882   979   979 V GoogleSignatureVerifier: dxiLDmpHpDsz2WCbdxgxRczfey5YZnTJ4VZbH0xqWVW/8lGmPav5xVwnIiJS6HXk+BVKZF+JcWjA
01-01 22:30:33.882   979   979 V GoogleSignatureVerifier: sb/GEuq/eFdpuzSqeYTcfi6idkyugwfYwXFU1+5fZKUaRKYCwkkFQVfcAs1fXA5V+++FGfvjJ/Cx
01-01 22:30:33.882   979   979 V GoogleSignatureVerifier: URaSxaBvGdGDhfXE28LWuT9ozCl5xw4Yq5OGazvV24mZVSoOO0yZ31j7kYvtwYK6NeADwbSxDdJE
01-01 22:30:33.882   979   979 V GoogleSignatureVerifier: qO4k//0zOHKrUiGYXtqw/A0LFFtqoZKFjnkCAQOjgdkwgdYwHQYDVR0OBBYEFMd9jMIhF1Ylmn/T
01-01 22:30:33.882   979   979 V GoogleSignatureVerifier: gt9r45jk14alMIGmBgNVHSMEgZ4wgZuAFMd9jMIhF1Ylmn/Tgt9r45jk14aloXikdjB0MQswCQYD
01-01 22:30:33.882   979   979 V GoogleSignatureVerifier: VQQGEwJVUzETMBEGA1UECBMKQ2FsaWZvcm5pYTEWMBQGA1UEBxMNTW91bnRhaW4gVmlldzEUMBIG
01-01 22:30:33.882   979   979 V GoogleSignatureVerifier: A1UEChMLR29vZ2xlIEluYy4xEDAOBgNVBAsTB0FuZHJvaWQxEDAOBgNVBAMTB0FuZHJvaWSCCQDC
01-01 22:30:33.882   979   979 V GoogleSignatureVerifier: 4IdGZEowjTAMBgNVHRMEBTADAQH/MA0GCSqGSIb3DQEBBAUAA4IBAQBt0lLO74UwLDYKqs6Tm8/y
01-01 22:30:33.882   979   979 V GoogleSignatureVerifier: zKkEu116FmH4rkaymUIE0P9KaMftGlMexFlaYjzmB2OxZyl6euNXEsQH8gjwyxCUKRJNexBiGcCE
01-01 22:30:33.882   979   979 V GoogleSignatureVerifier: yj6z+a1fuHHvkiaai+KL8W1EyNmgjmyy8AW7P+LLlkR+ho5zEHatRbM/YAnqGcFh5iZBqpknHf1S
01-01 22:30:33.882   979   979 V GoogleSignatureVerifier: KMXFh4dd239FJ1jWYfbMDMy3NS5CTMQ2XFI1MvcyUTdZPErjQfTbQe3aDQsQcafEQPD+nqActifK
01-01 22:30:33.882   979   979 V GoogleSignatureVerifier: Z0Np0IS9L9kR/wbNvyz6ENwPiTrjV2KRkEjH78ZMcUQXg0L3BYHJ3lc69Vs5Ddf9uUGGMYldX3Wf
01-01 22:30:33.882   979   979 V GoogleSignatureVerifier: MBEmh/9iFBDAaTCK
01-01 22:30:33.885   570   586 V WindowManager: setAppVisibility(Token{2243ae2 ActivityRecord{2257ad u0 com.roboteam.teamy.usa/com.roboteam.teamy.home.HomeActivity t1707}}, visible=false): mNextAppTransition=TRANSIT_UNSET hidden=true hiddenRequested=true Callers=com.android.server.am.ActivityStack.stopActivityLocked:2764 com.android.server.am.ActivityStackSupervisor.activityIdleInternalLocked:2602 com.android.server.am.ActivityStackSupervisor$ActivityStackSupervisorHandler.activityIdleInternal:4017 com.android.server.am.ActivityStackSupervisor$ActivityStackSupervisorHandler.handleMessage:4040 android.os.Handler.dispatchMessage:102 android.os.Looper.loop:148 
01-01 22:30:33.892   979   979 I DynamiteModule: Considering local module com.google.android.gms.googlecertificates:1 and remote module com.google.android.gms.googlecertificates:1
01-01 22:30:33.892   979   979 I DynamiteModule: Selected remote version of com.google.android.gms.googlecertificates, version >= 1
01-01 22:30:33.923  1363  1363 W System  : ClassLoader referenced unknown path: /system/priv-app/GooglePlay/lib/arm
01-01 22:30:33.964   570   581 V WindowManager: Clear freezing of Token{2243ae2 ActivityRecord{2257ad u0 com.roboteam.teamy.usa/com.roboteam.teamy.home.HomeActivity t1707}}: hidden=true freezing=false
01-01 22:30:33.964   570   586 V WindowManager: setAppVisibility(Token{2243ae2 ActivityRecord{2257ad u0 com.roboteam.teamy.usa/com.roboteam.teamy.home.HomeActivity t1707}}, visible=false): mNextAppTransition=TRANSIT_UNSET hidden=true hiddenRequested=true Callers=com.android.server.am.ActivityStack.stopActivityLocked:2764 com.android.server.am.ActivityStackSupervisor.activityIdleInternalLocked:2602 com.android.server.am.ActivityStackSupervisor$ActivityStackSupervisorHandler.activityIdleInternal:4017 com.android.server.am.ActivityStackSupervisor$ActivityStackSupervisorHandler.handleMessage:4040 android.os.Handler.dispatchMessage:102 android.os.Looper.loop:148 
01-01 22:30:34.006   570   729 V WindowManager: Window{ee3959 u0 KeyguardScrim} forcing orientation to 5
01-01 22:30:34.008   570  1150 I WindowStateAnimator: createSurface WindowStateAnimator{40063d0 com.android.systemui.ImageWallpaper}: mDrawState=DRAW_PENDING
01-01 22:30:34.008   570  1150 V WindowManager: Changing surface while display frozen: Window{d8ef793 u0 com.android.systemui.ImageWallpaper}
01-01 22:30:34.008   570  1150 D WindowStateAnimator: rk_debug2 com.android.systemui.ImageWallpaper_Force_To_Dual
01-01 22:30:34.009   570  1150 V WindowManager: Window{ee3959 u0 KeyguardScrim} forcing orientation to 5
01-01 22:30:34.009   570  1150 V WindowManager: Eval win Window{933aa07 u0 com.roboteam.teamy.usa/com.roboteam.teamy.home.HomeActivity}: isDrawn=false, isAnimating=false
01-01 22:30:34.009   570  1150 V WindowManager: Not displayed: s=null pv=false mDrawState=NO_SURFACE ah=false th=true a=false
01-01 22:30:34.009   570  1150 V WindowManager: Resize reasons for w=Window{d8ef793 u0 com.android.systemui.ImageWallpaper}:  contentInsetsChanged=true [0,0][1293,1484] visibleInsetsChanged=true [0,0][1293,1484] stableInsetsChanged=true [0,0][1293,1484] outsetsChanged=false [0,0][0,0] surfaceResized=true configChanged=true
01-01 22:30:34.009   570  1150 V WindowManager: Changing surface while display frozen: Window{d8ef793 u0 com.android.systemui.ImageWallpaper}
01-01 22:30:34.009   570  1150 V WindowManager: Orientation start waiting for draw mDrawState=DRAW_PENDING in Window{d8ef793 u0 com.android.systemui.ImageWallpaper}, surface Surface(name=com.android.systemui.ImageWallpaper_Force_To_Dual)
01-01 22:30:34.009   570  1150 V WindowManager: Resizing window Window{d8ef793 u0 com.android.systemui.ImageWallpaper} to 3213.0x2684.0
01-01 22:30:34.021   570  1150 V WindowState: Reporting new frame to Window{d8ef793 u0 com.android.systemui.ImageWallpaper}: Rect(0, 0 - 3213, 2684)
01-01 22:30:34.021   570  1150 I WindowState: Sending new config to window Window{d8ef793 u0 com.android.systemui.ImageWallpaper}: 3213.0x2684.0 / config={1.0 ?mcc?mnc en_US ldltr sw800dp w1280dp h800dp 240dpi xlrg land finger -keyb/v/h -nav/h s.4} overrideConfig={1.0 ?mcc?mnc ?locale ?layoutDir ?swdp ?wdp ?hdp ?density ?lsize ?long ?orien ?uimode ?night ?touch ?keyb/?/? ?nav/?}
01-01 22:30:34.021   570  1150 I WindowState: Resizing Window{d8ef793 u0 com.android.systemui.ImageWallpaper} WITH DRAW PENDING
01-01 22:30:34.022   570  1150 V WindowManager: Eval win Window{933aa07 u0 com.roboteam.teamy.usa/com.roboteam.teamy.home.HomeActivity}: isDrawn=false, isAnimating=false
01-01 22:30:34.022   570  1150 V WindowManager: Not displayed: s=null pv=false mDrawState=NO_SURFACE ah=false th=true a=false
01-01 22:30:34.032   570   701 V WindowManager: Window{ee3959 u0 KeyguardScrim} forcing orientation to 5
01-01 22:30:34.033   570   701 V WindowManager: Eval win Window{933aa07 u0 com.roboteam.teamy.usa/com.roboteam.teamy.home.HomeActivity}: isDrawn=false, isAnimating=false
01-01 22:30:34.033   570   701 V WindowManager: Not displayed: s=null pv=false mDrawState=NO_SURFACE ah=false th=true a=false
01-01 22:30:34.115   570   591 E WindowManager: Unknown window type: 2999
01-01 22:30:34.115   570   591 V WindowStateAnimator: Orientation continue waiting for draw in Window{d8ef793 u0 com.android.systemui.ImageWallpaper}
01-01 22:30:34.122   570  1150 I WindowStateAnimator: createSurface WindowStateAnimator{2cfecfc }: mDrawState=DRAW_PENDING
01-01 22:30:34.122   570  1150 V WindowManager: Changing surface while display frozen: Window{4c3095d u0 com.roboteam.teamy.usa}
01-01 22:30:34.123   570  1150 V WindowManager: Window{ee3959 u0 KeyguardScrim} forcing orientation to 5
01-01 22:30:34.124   570  1150 V WindowManager: Resize reasons for w=Window{4c3095d u0 com.roboteam.teamy.usa}:  contentInsetsChanged=false [0,0][0,0] visibleInsetsChanged=false [0,0][0,0] stableInsetsChanged=false [0,0][0,0] outsetsChanged=false [0,0][0,0] surfaceResized=false configChanged=true
01-01 22:30:34.124   570  1150 V WindowManager: Changing surface while display frozen: Window{4c3095d u0 com.roboteam.teamy.usa}
01-01 22:30:34.124   570  1150 V WindowManager: Orientation start waiting for draw mDrawState=DRAW_PENDING in Window{4c3095d u0 com.roboteam.teamy.usa}, surface Surface(name=)
01-01 22:30:34.124   570  1150 V WindowManager: Resizing window Window{4c3095d u0 com.roboteam.teamy.usa} to 1.0x1.0
01-01 22:30:34.124   570  1150 V WindowManager: Eval win Window{933aa07 u0 com.roboteam.teamy.usa/com.roboteam.teamy.home.HomeActivity}: isDrawn=false, isAnimating=false
01-01 22:30:34.124   570  1150 V WindowManager: Not displayed: s=null pv=false mDrawState=NO_SURFACE ah=false th=true a=false
01-01 22:30:34.124   570  1150 V WindowState: Reporting new frame to Window{4c3095d u0 com.roboteam.teamy.usa}: Rect(960, 600 - 960, 600)
01-01 22:30:34.124   570  1150 I WindowState: Sending new config to window Window{4c3095d u0 com.roboteam.teamy.usa}: 1.0x1.0 / config={1.0 ?mcc?mnc en_US ldltr sw800dp w1280dp h800dp 240dpi xlrg land finger -keyb/v/h -nav/h s.4} overrideConfig={1.0 ?mcc?mnc ?locale ?layoutDir ?swdp ?wdp ?hdp ?density ?lsize ?long ?orien ?uimode ?night ?touch ?keyb/?/? ?nav/?}
01-01 22:30:34.124   570  1150 I WindowState: Resizing Window{4c3095d u0 com.roboteam.teamy.usa} WITH DRAW PENDING
01-01 22:30:34.127   570   591 E WindowManager: Unknown window type: 2999
01-01 22:30:34.127   570   591 V WindowStateAnimator: Orientation continue waiting for draw in Window{d8ef793 u0 com.android.systemui.ImageWallpaper}
01-01 22:30:34.127   570   591 V WindowStateAnimator: Orientation change skips hidden Window{4c3095d u0 com.roboteam.teamy.usa}
01-01 22:30:34.128   702  1360 I mali_so : [File] : hardware/arm/maliT760/driver/product/base/src/mali_base_kbase.c; [Line] : 928; [Func] : base_context_deal_with_version_affairs_rk_ext;
01-01 22:30:34.128   702  1360 I mali_so : arm_release_ver of this mali_so is 'r12p0-04rel0', rk_so_ver is '12@0', built at '17:00:15', on 'Aug 16 2016'.
01-01 22:30:34.128   702  1360 I mali_so : [File] : hardware/arm/maliT760/driver/product/base/src/mali_base_kbase.c; [Line] : 955; [Func] : base_context_deal_with_version_affairs_rk_ext;
01-01 22:30:34.128   702  1360 I mali_so : mali_ver_property has been set to 'r12p0-04rel0-13-12@0', to return.
01-01 22:30:34.132   702  1360 I OpenGLRenderer: Initialized EGL, version 1.4
