01-01 22:30:26.216   535   535 I SystemServer: DockObserver
01-01 22:30:26.217   535   535 I SystemServiceManager: Starting com.android.server.DockObserver
01-01 22:30:26.217   535   535 W DockObserver: This kernel does not have dock station support
01-01 22:30:26.218   535   535 I SystemServer: Wired Accessory Manager
01-01 22:30:26.219   535   535 W WiredAccessoryManager: This kernel does not have wired headset support
01-01 22:30:26.220   535   535 I SystemServiceManager: Starting com.android.server.usb.UsbService$Lifecycle
01-01 22:30:26.228   535   535 I SystemServer: Serial Service
01-01 22:30:26.228   535   535 I SystemServiceManager: Starting com.android.server.twilight.TwilightService
01-01 22:30:26.231   535   535 I SystemServiceManager: Starting com.android.server.job.JobSchedulerService
01-01 22:30:26.236   535   535 D JobStore: job-info
01-01 22:30:26.238   535   535 W JobStore: Periodic job for uid='10004' persisted run-time is too big [87183:17:41, 87207:17:41]. Clamping to [24:00:28,48:00:28]
01-01 22:30:26.238   535   535 I SystemServiceManager: Starting com.android.server.backup.BackupManagerService$Lifecycle
01-01 22:30:26.240   535   535 I SystemServiceManager: Starting com.android.server.appwidget.AppWidgetService
01-01 22:30:26.241   535   535 I SystemServiceManager: Starting com.android.server.voiceinteraction.VoiceInteractionManagerService
01-01 22:30:26.242   535   535 W SoundTriggerHelper: listModules status=0, # of modules=0
01-01 22:30:26.244   535   535 I SystemServer: Gesture Launcher Service
01-01 22:30:26.244   535   535 I SystemServiceManager: Starting com.android.server.GestureLauncherService
01-01 22:30:26.244   535   535 I SystemServer: DiskStats Service
01-01 22:30:26.244   535   535 I SystemServer: SamplingProfiler Service
01-01 22:30:26.260   535   535 I SystemServer: NetworkTimeUpdateService
01-01 22:30:26.260   535   535 I SystemServer: CommonTimeManagementService
01-01 22:30:26.261   535   535 I SystemServer: CertBlacklister
01-01 22:30:26.262   535   535 I SystemServiceManager: Starting com.android.server.dreams.DreamManagerService
01-01 22:30:26.265   535   535 I SystemServer: Assets Atlas Service
01-01 22:30:26.267   535   535 I SystemServiceManager: Starting com.android.server.print.PrintManagerService
01-01 22:30:26.270   535   535 I SystemServiceManager: Starting com.android.server.restrictions.RestrictionsManagerService
01-01 22:30:26.274   535   535 I SystemServiceManager: Starting com.android.server.media.MediaSessionService
01-01 22:30:26.277   535   535 I SystemServer: Media Router Service
01-01 22:30:26.278   535   535 I SystemServer: DisplayDeviceManagementService Service
01-01 22:30:26.279   535   535 D DisplayDeviceManagementService: DisplayDeviceManagementService start
01-01 22:30:26.280   535   535 I SystemServiceManager: Starting com.android.server.trust.TrustManagerService
01-01 22:30:26.283   535   535 I SystemServiceManager: Starting com.android.server.fingerprint.FingerprintService
01-01 22:30:26.289   535   535 W FingerprintService: fingerprint service not available
01-01 22:30:26.289   535   535 V FingerprintService: Fingerprint HAL id: 0
01-01 22:30:26.290   535   535 I SystemServer: BackgroundDexOptService
01-01 22:30:26.291   535   535 I SystemServiceManager: Starting com.android.server.pm.LauncherAppsService
01-01 22:30:26.293   535   535 I SystemServiceManager: Starting com.android.server.media.projection.MediaProjectionManagerService
01-01 22:30:26.298   535   535 I SystemServer: begin detectSafeMode
01-01 22:30:26.298   535   535 W WindowManager: safemode detected disabled by config
01-01 22:30:26.298   535   535 I SystemServer: end detectSafeMode
01-01 22:30:26.298   535   535 I SystemServiceManager: Starting com.android.server.MmsServiceBroker
01-01 22:30:26.300   535   535 I SystemServer: vibrator.systemReady
01-01 22:30:26.302   535   535 I SystemServer: lockSettings.systemReady
01-01 22:30:26.320   535   535 E LockSettingsStorage: Cannot read file java.io.FileNotFoundException: /data/system/gatekeeper.password.key: open failed: ENOENT (No such file or directory)
01-01 22:30:26.320   535   535 E LockSettingsStorage: Cannot read file java.io.FileNotFoundException: /data/system/password.key: open failed: ENOENT (No such file or directory)
01-01 22:30:26.321   535   535 E LockSettingsStorage: Cannot read file java.io.FileNotFoundException: /data/system/gatekeeper.pattern.key: open failed: ENOENT (No such file or directory)
01-01 22:30:26.321   535   535 E LockSettingsStorage: Cannot read file java.io.FileNotFoundException: /data/system/gatekeeper.gesture.key: open failed: ENOENT (No such file or directory)
01-01 22:30:26.321   535   535 E LockSettingsStorage: Cannot read file java.io.FileNotFoundException: /data/system/gesture.key: open failed: ENOENT (No such file or directory)
01-01 22:30:26.321   535   535 I SystemServer: PHASE_LOCK_SETTINGS_READY
01-01 22:30:26.321   535   535 I SystemServiceManager: Starting phase 480
01-01 22:30:26.325   535   535 I SystemServer: PHASE_SYSTEM_SERVICES_READY
01-01 22:30:26.325   535   535 I SystemServiceManager: Starting phase 500
01-01 22:30:26.330   535   535 I WifiService: WifiService starting up with Wi-Fi enabled
01-01 22:30:26.332   535   535 D WifiService: setWifiEnabled: true pid=535, uid=1000
01-01 22:30:26.332   535   535 E WifiService: Invoking mWifiStateMachine.setWifiEnabled
01-01 22:30:26.337   535   624 D WifiService: New client listening to asynchronous messages
01-01 22:30:26.345   535   625 D ConnectivityService: Got NetworkFactory Messenger for Ethernet
01-01 22:30:26.349   535   535 V BackupManagerService: No ancestral data
01-01 22:30:26.382   535   535 V KeyValueBackupJob: Scheduling k/v pass in 244 minutes
01-01 22:30:26.404   535   535 V BackupManagerService: Starting with transport android/com.android.internal.backup.LocalTransport
01-01 22:30:26.404   535   535 V BackupManagerService: Found transports: 2
01-01 22:30:26.405   535   535 W BackupManagerService: Proposed transport ComponentInfo{android/com.android.internal.backup.LocalTransportService} not whitelisted; ignoring
01-01 22:30:26.405   535   535 W BackupManagerService: Proposed transport ComponentInfo{com.google.android.gms/com.google.android.gms.backup.BackupTransportService} not whitelisted; ignoring
01-01 22:30:26.406   535   535 I BackupManagerService: Found stale backup journal, scheduling
01-01 22:30:26.414   535   535 I SystemServer: wm.systemReady
01-01 22:30:26.419   535   535 V WindowManager: No app is requesting an orientation, return -1
01-01 22:30:26.427   535   535 I SystemServer: mPowerManagerService.systemReady
01-01 22:30:26.432   535   535 I SystemServer: mPackageManagerService.systemReady
01-01 22:30:26.433   535   535 I SystemServer: mDisplayManagerService.systemReady
01-01 22:30:26.437   535   593 W KeyguardServiceDelegate: onScreenTurningOn(): no keyguard service!
01-01 22:30:26.453   535   535 D ActivityManager: OK, system ready!
01-01 22:30:26.453   535   535 I ActivityManager: System now ready
01-01 22:30:26.455   535   586 I SystemServer: Making services ready
01-01 22:30:26.455   535   586 I SystemServiceManager: Starting phase 550
01-01 22:30:26.456   535   535 D MountService: onStartUser 0
01-01 22:30:26.456   535   535 D VoldConnector: SND -> {3 volume user_started 0}
01-01 22:30:26.456   535   617 D VoldConnector: RCV <- {200 3 Command succeeded}
01-01 22:30:26.457   535   616 D MountService: Thinking about reset, mSystemReady=true, mDaemonConnected=true
01-01 22:30:26.457   535   535 W VoiceInteractionManagerService: no available voice interaction services found for user 0
01-01 22:30:26.457   535   535 W VoiceInteractionManagerService: no available voice interaction services found for user 0
01-01 22:30:26.457   535   535 W VoiceInteractionManagerService: no available voice recognition services found for user 0
01-01 22:30:26.457   535   616 D VoldConnector: SND -> {4 volume reset}
01-01 22:30:26.457   535   617 D VoldConnector: RCV <- {651 emulated 7}
01-01 22:30:26.457   535   586 D UsbAlsaManager: Adding ALSA device AlsaDevice: [card: 0, device: 0, type: 1]
01-01 22:30:26.458   535   586 D UsbAlsaManager: Adding ALSA device AlsaDevice: [card: 0, device: 0, type: 2]
01-01 22:30:26.458   535   617 D VoldConnector: RCV <- {659 emulated}
01-01 22:30:26.458   535   617 D VoldConnector: RCV <- {650 emulated 2 "" ""}
01-01 22:30:26.458   535   617 D VoldConnector: RCV <- {651 emulated 0}
01-01 22:30:26.458   535   617 D VoldConnector: RCV <- {200 4 Command succeeded}
01-01 22:30:26.458   535   616 D VoldConnector: SND -> {5 volume user_added 0 0}
01-01 22:30:26.459   535   617 D VoldConnector: RCV <- {200 5 Command succeeded}
01-01 22:30:26.459   535   616 D VoldConnector: SND -> {6 volume user_started 0}
01-01 22:30:26.459   535   617 D VoldConnector: RCV <- {200 6 Command succeeded}
01-01 22:30:26.461   535   586 I SystemServer: WebViewFactory preparation
01-01 22:30:26.461   535   588 V MountService: Found primary storage at VolumeInfo{emulated}:
01-01 22:30:26.461   535   588 V MountService:     type=EMULATED diskId=null partGuid=null mountFlags=0 mountUserId=-1 
01-01 22:30:26.461   535   588 V MountService:     state=UNMOUNTED 
01-01 22:30:26.461   535   588 V MountService:     fsType=null fsUuid=null fsLabel=null 
01-01 22:30:26.461   535   588 V MountService:     path=null internalPath=null 
01-01 22:30:26.465   535   616 D VoldConnector: SND -> {7 volume mount emulated 3 -1}
01-01 22:30:26.467   190   202 V vold    : Waiting for FUSE to spin up...
01-01 22:30:26.467   535   617 D VoldConnector: RCV <- {651 emulated 1}
01-01 22:30:26.467   535   617 D VoldConnector: RCV <- {656 emulated /data/media}
01-01 22:30:26.467   535   617 D VoldConnector: RCV <- {655 emulated /storage/emulated}
01-01 22:30:26.468   535   535 I ActivityManager: Start proc 655:com.cghs.stresstest/1000 for added application com.cghs.stresstest
01-01 22:30:26.479   535   535 I ActivityManager: Start proc 668:com.android.phone/1001 for added application com.android.phone
01-01 22:30:26.490   535   535 I ActivityManager: Start proc 683:com.android.systemui/u0a14 for added application com.android.systemui
01-01 22:30:26.491   535   535 I ActivityManager: START u0 {act=android.intent.action.MAIN cat=[android.intent.category.HOME] flg=0x10000000 cmp=com.roboteam.teamy.usa/com.roboteam.teamy.home.HomeActivity} from uid 0 on display 0
01-01 22:30:26.513   535   535 I ActivityManager: Start proc 700:com.roboteam.teamy.usa/1000 for activity com.roboteam.teamy.usa/com.roboteam.teamy.home.HomeActivity
01-01 22:30:26.516   535   535 I SystemServer: Enabled StrictMode for system server main thread.
01-01 22:30:26.518   535   617 D VoldConnector: RCV <- {651 emulated 2}
01-01 22:30:26.519   190   202 D vold    : Linking /storage/emulated/0 to /mnt/user/0/primary
01-01 22:30:26.519   535   617 D VoldConnector: RCV <- {200 7 Command succeeded}
01-01 22:30:26.526   535   586 I ActivityManager: Start proc 713:WebViewLoader-armeabi-v7a/1037 [android.webkit.WebViewFactory$RelroFileCreator] for 
01-01 22:30:26.536   535   698 I WindowManager: Set freezing of Token{bea77ad ActivityRecord{dd9acc4 u0 com.roboteam.teamy.usa/com.roboteam.teamy.home.HomeActivity t1668}}: hidden=true freezing=false
01-01 22:30:26.536   535   698 V WindowManager: setAppVisibility(Token{bea77ad ActivityRecord{dd9acc4 u0 com.roboteam.teamy.usa/com.roboteam.teamy.home.HomeActivity t1668}}, visible=true): mNextAppTransition=TRANSIT_TASK_OPEN hidden=true hiddenRequested=true Callers=com.android.server.am.ActivityStackSupervisor.realStartActivityLocked:1185 com.android.server.am.ActivityStackSupervisor.attachApplicationLocked:625 com.android.server.am.ActivityManagerService.attachApplicationLocked:6504 com.android.server.am.ActivityManagerService.attachApplication:6567 android.app.ActivityManagerNative.onTransact:507 com.android.server.am.ActivityManagerService.onTransact:2687 
01-01 22:30:26.536   535   698 V WindowManager: No one is requesting an orientation when the screen is locked
01-01 22:30:26.536   535   698 V WindowManager: Deferring rotation, display is not enabled.
01-01 22:30:26.541   535   698 V WindowManager: No one is requesting an orientation when the screen is locked
01-01 22:30:26.543   535   586 D NetworkManagement: enabling bandwidth control
01-01 22:30:26.545   535   616 D MountService: Volume emulated broadcasting checking to UserHandle{0}
01-01 22:30:26.545   535   616 D MountService: Volume emulated broadcasting mounted to UserHandle{0}
01-01 22:30:26.598   535   585 I ActivityManager: Start proc 728:com.android.printspooler/u0a37 for service com.android.printspooler/.model.PrintSpoolerService
01-01 22:30:26.979   535   725 I ActivityManager: Start proc 803:com.android.smspush/u0a40 for service com.android.smspush/.WapPushManager
01-01 22:30:27.007   535   625 E ConnectivityService: Failed to find Messenger in unregisterNetworkFactory
01-01 22:30:27.008   535   625 D ConnectivityService: Got NetworkFactory Messenger for Telephony
01-01 22:30:27.098   535   535 I WindowStateAnimator: createSurface WindowStateAnimator{80f814 KeyguardScrim}: mDrawState=DRAW_PENDING
01-01 22:30:27.098   535   535 V WindowManager: Changing surface while display frozen: Window{9b099a0 u0 KeyguardScrim}
01-01 22:30:27.098   535   535 D WindowStateAnimator: rk_debug2 KeyguardScrim_Force_To_Dual
01-01 22:30:27.099   535   535 V WindowManager: Window{9b099a0 u0 KeyguardScrim} forcing orientation to 5
01-01 22:30:27.100   535   535 V WindowManager: Resize reasons for w=Window{9b099a0 u0 KeyguardScrim}:  contentInsetsChanged=false [0,0][0,0] visibleInsetsChanged=false [0,0][0,0] stableInsetsChanged=false [0,0][0,0] outsetsChanged=false [0,0][0,0] surfaceResized=false configChanged=true
01-01 22:30:27.100   535   535 V WindowManager: Changing surface while display frozen: Window{9b099a0 u0 KeyguardScrim}
01-01 22:30:27.100   535   535 V WindowManager: Orientation start waiting for draw mDrawState=DRAW_PENDING in Window{9b099a0 u0 KeyguardScrim}, surface Surface(name=KeyguardScrim_Force_To_Dual)
01-01 22:30:27.100   535   535 V WindowManager: Resizing window Window{9b099a0 u0 KeyguardScrim} to 1920.0x1200.0
01-01 22:30:27.101   535   535 V WindowState: Reporting new frame to Window{9b099a0 u0 KeyguardScrim}: Rect(0, 0 - 1920, 1200)
01-01 22:30:27.101   535   535 I WindowState: Sending new config to window Window{9b099a0 u0 KeyguardScrim}: 1920.0x1200.0 / config={1.0 ?mcc?mnc en_US ldltr sw800dp w1280dp h800dp 240dpi xlrg land finger -keyb/v/h -nav/h s.4} overrideConfig={1.0 ?mcc?mnc ?locale ?layoutDir ?swdp ?wdp ?hdp ?density ?lsize ?long ?orien ?uimode ?night ?touch ?keyb/?/? ?nav/?}
01-01 22:30:27.101   535   535 I WindowState: Resizing Window{9b099a0 u0 KeyguardScrim} WITH DRAW PENDING
01-01 22:30:27.112   535   591 V WindowStateAnimator: Orientation continue waiting for draw in Window{9b099a0 u0 KeyguardScrim}
01-01 22:30:27.438   535   587 W WindowManager: Keyguard drawn timeout. Setting mKeyguardDrawComplete
01-01 22:30:27.438   535   591 V WindowManager: Resize reasons for w=Window{9b099a0 u0 KeyguardScrim}:  contentInsetsChanged=true [0,0][0,0] visibleInsetsChanged=false [0,0][0,0] stableInsetsChanged=false [0,0][0,0] outsetsChanged=false [0,0][0,0] surfaceResized=false configChanged=false
01-01 22:30:27.438   535   591 V WindowManager: Changing surface while display frozen: Window{9b099a0 u0 KeyguardScrim}
01-01 22:30:27.438   535   591 V WindowManager: Orientation start waiting for draw mDrawState=DRAW_PENDING in Window{9b099a0 u0 KeyguardScrim}, surface Surface(name=KeyguardScrim_Force_To_Dual)
01-01 22:30:27.438   535   591 V WindowManager: Resizing window Window{9b099a0 u0 KeyguardScrim} to 1920.0x1200.0
01-01 22:30:27.439   535   591 V WindowState: Reporting new frame to Window{9b099a0 u0 KeyguardScrim}: Rect(0, 0 - 1920, 1200)
01-01 22:30:27.439   535   591 I WindowState: Resizing Window{9b099a0 u0 KeyguardScrim} WITH DRAW PENDING
01-01 22:30:27.448   535   591 V WindowStateAnimator: Orientation continue waiting for draw in Window{9b099a0 u0 KeyguardScrim}
01-01 22:30:27.460   535   586 I SystemServiceManager: Starting phase 600
01-01 22:30:27.469   535   573 I ActivityManager: Start proc 932:android.process.acore/u0a2 for content provider com.android.providers.contacts/.ContactsProvider2
01-01 22:30:27.472   535   586 I BackupManagerService: Backup enabled => false
01-01 22:30:27.478   535   586 E InputMethodManagerService: Ignoring updateSystemUiLocked due to an invalid token. uid:1000 token:null
01-01 22:30:27.707   535   586 I ActivityManager: Start proc 956:com.android.inputmethod.latin/u0a29 for service com.android.inputmethod.latin/.LatinIME
01-01 22:30:27.708   535   586 V InputMethodManagerService: Adding window token: android.os.Binder@5d9a97e
01-01 22:30:27.948   535   535 I Telecom : Class: TelecomSystem.INSTANCE being set
01-01 22:30:27.948   535   535 W ContextImpl: Calling a method in the system process without a qualified user: android.app.ContextImpl.startService:1221 android.content.ContextWrapper.startService:581 com.android.server.telecom.components.TelecomService.initializeTelecomSystem:107 com.android.server.telecom.components.TelecomService.onBind:46 android.app.ActivityThread.handleBindService:2904 
01-01 22:30:27.960   535   586 I ActivityManager: Start proc 974:com.google.android.gms.persistent/u0a6 for service com.google.android.gms/com.google.android.location.network.NetworkLocationService
01-01 22:30:27.966   535   535 D ZenLog  : intercepted: -1|android|17040348|null|1000,alarmsOnly
01-01 22:30:27.966   535   535 V NotificationService: pkg=android canInterrupt=false intercept=true
01-01 22:30:27.967   535   535 D ZenLog  : intercepted: -1|android|17040354|null|1000,alarmsOnly
01-01 22:30:27.967   535   535 V NotificationService: pkg=android canInterrupt=false intercept=true
01-01 22:30:27.983   535   535 I ActivityManager: Start proc 992:com.android.providers.calendar/u0a1 for content provider com.android.providers.calendar/.CalendarProvider2
01-01 22:30:27.986   535   586 E LocationManagerService: FLP HAL not supported
01-01 22:30:27.992   535   586 E LocationManagerService: Hardware Activity-Recognition not supported.
01-01 22:30:28.002   535   586 I MmsServiceBroker: Delay connecting to MmsService until an API is called
01-01 22:30:28.007   535   586 I ActivityManager: Force stopping com.android.providers.media appid=10004 user=-1: vold reset
01-01 22:30:28.019   535   586 I ActivityManager: Start proc 1016:android.rockchip.update.service/u0a39 for broadcast android.rockchip.update.service/.RKUpdateReceiver
01-01 22:30:28.032   535   591 V WindowStateAnimator: Orientation continue waiting for draw in Window{9b099a0 u0 KeyguardScrim}
01-01 22:30:28.439   535   591 W WindowManager: Timeout waiting for drawn: undrawn=[Window{9b099a0 u0 KeyguardScrim}]
01-01 22:30:28.455   535   535 V WindowStateAnimator: finishDrawingLocked: mDrawState=COMMIT_DRAW_PENDING WindowStateAnimator{80f814 KeyguardScrim} in Surface(name=KeyguardScrim_Force_To_Dual)
01-01 22:30:28.455   535   591 I WindowManager:   SURFACE SHOW (performShowLocked): Window{9b099a0 u0 KeyguardScrim}
01-01 22:30:28.455   535   591 V WindowManager: Orientation not waiting for draw in Window{9b099a0 u0 KeyguardScrim}, surface Surface(name=KeyguardScrim_Force_To_Dual)
01-01 22:30:28.477   535   535 V WiredAccessoryManager: init()
01-01 22:30:28.492   535   535 V WindowManager: updateRotationUnchecked(alwaysSendConfiguration=false)
01-01 22:30:28.493   535   535 V WindowManager: Deferring rotation, display is not enabled.
01-01 22:30:29.511   535   535 I ActivityManager: Start proc 1079:com.android.externalstorage/u0a5 for broadcast com.android.externalstorage/.MountReceiver
01-01 22:30:30.101   535   572 I ActivityManager: Start proc 1109:com.google.process.gapps/u0a6 for content provider com.google.android.gsf/.gservices.GservicesProvider
01-01 22:30:30.131   535   584 D ConnectivityService: listenForNetwork for Listen from uid/pid:1000/700 for NetworkRequest [ id=3, legacyType=-1, [ Capabilities: INTERNET&NOT_RESTRICTED&TRUSTED&NOT_VPN] ]
01-01 22:30:30.220   535   622 E WifiP2pService: Unable to change interface settings: java.lang.IllegalStateException: command '22 interface setcfg p2p0 0.0.0.0 0 up' failed with '400 22 Failed to set address (No such device)'
01-01 22:30:30.430   535   572 I ActivityManager: Start proc 1158:com.android.exchange/u0a23 for content provider com.android.exchange/.provider.ExchangeDirectoryProvider
01-01 22:30:30.540   535  1154 I StatusBarManagerService: registerStatusBar bar=com.android.internal.statusbar.IStatusBar$Stub$Proxy@311a6c7
01-01 22:30:30.775   535   648 V KeyValueBackupJob: Scheduling k/v pass in 243 minutes
01-01 22:30:30.822  1158  1158 E ActivityThread: Failed to find provider info for com.android.email.provider
01-01 22:30:31.189   535  1062 I ActivityManager: Start proc 1196:android.process.media/u0a4 for broadcast com.android.providers.downloads/.DownloadReceiver
01-01 22:30:31.282   535   624 D WifiService: New client listening to asynchronous messages
01-01 22:30:31.533   535   698 D ConnectivityService: listenForNetwork for Listen from uid/pid:10014/683 for NetworkRequest [ id=4, legacyType=-1, [] ]
01-01 22:30:31.582   700  1220 W ActivityThread: ClassLoader.getResources: The class loader returned by Thread.getContextClassLoader() may fail for processes that host multiple applications. You should explicitly specify a context class loader. For example: Thread.setContextClassLoader(getClass().getClassLoader());
01-01 22:30:31.657   535  1154 I ActivityManager: Start proc 1252:com.android.settings/1000 for broadcast com.android.settings/.sim.SimSelectNotification
01-01 22:30:31.893   535   624 D WifiService: New client listening to asynchronous messages
--------- beginning of main
01-01 22:30:32.177   222   631 D CameraHal: cancelPicture(588): cancel picture OK.
01-01 22:30:32.177   222   631 I CameraFlashlight: Destroying camera 0
01-01 22:30:32.177   222   631 D CameraHal: camera_device_close(451): camera_device_close
01-01 22:30:32.177   222  1237 D CameraHal: displayThread(622): displayThread(622): receive CMD_DISPLAY_STOP
01-01 22:30:32.177   222  1237 D CameraHal: cameraDisplayBufferDestory(399): cameraDisplayBufferDestory(399): mANativeWindow is NULL, destory is ignore
01-01 22:30:32.177   222  1240 D CameraHal: encProcessThread(1658): encProcessThread(1658): receive CMD_ENCPROCESS_EXIT
01-01 22:30:32.177   222   631 I vpu_mem_pool: pid 222, close_vpu_memory_pool:501: vpu memory pool size (720000)
01-01 22:30:32.177   222   631 I vpu_mem_pool: pid 222, close_vpu_memory_pool:501: vpu memory pool size (640000)
01-01 22:30:32.177   222   631 I vpu_mem_pool: pid 222, close_vpu_memory_pool:501: vpu memory pool size (560000)
01-01 22:30:32.178   222   631 I vpu_mem_pool: pid 222, close_vpu_memory_pool:501: vpu memory pool size (480000)
01-01 22:30:32.178   222   631 I vpu_mem_pool: pid 222, close_vpu_memory_pool:501: vpu memory pool size (400000)
01-01 22:30:32.178   222   631 I vpu_mem_pool: pid 222, close_vpu_memory_pool:501: vpu memory pool size (320000)
01-01 22:30:32.178   222   631 I vpu_mem_pool: pid 222, close_vpu_memory_pool:501: vpu memory pool size (240000)
01-01 22:30:32.178   222   631 I vpu_mem_pool: pid 222, close_vpu_memory_pool:501: vpu memory pool size (160000)
01-01 22:30:32.178   222   631 I vpu_mem_pool: pid 222, close_vpu_memory_pool:501: vpu memory pool size (80000)
01-01 22:30:32.178   222   631 I vpu_mem_pool: pid 222, close_vpu_memory_pool:501: vpu memory pool size (0)
01-01 22:30:32.178   222   631 I vpu_mem_pool: pid 222, close_vpu_memory_pool:552: 
01-01 22:30:32.210   974   974 D GeofencerStateMachine: Creating GeofencerStateMachine
01-01 22:30:32.212   974   974 D SensorManager: aidl getSensorManager:android.hardware.ISensorManager$Stub$Proxy@146dae0
01-01 22:30:32.214   535   624 D WifiService: New client listening to asynchronous messages
01-01 22:30:32.295   222   631 E CameraHal_Marvin: IMX214:  STREAM OFF ++++++++++++++
01-01 22:30:32.311   222  1286 D CameraHal: commandThread(1124): commandThread(1124): receive CMD_EXIT
01-01 22:30:32.311   222   631 D CameraHal: ~CameraHal(302): CameraHal destory success
01-01 22:30:32.313   222   631 I CameraService: disconnect: Disconnected client for camera 0 for PID 222
01-01 22:30:32.313   222   631 D RockFFPlayer: reset: in
01-01 22:30:32.313   222   631 D RockFFPlayerBase: dumpStatus(): Preapared
01-01 22:30:32.313   222   631 D RockFFPlayer: reset: stop_l in
01-01 22:30:32.313   222   631 D RockFFPlayer: stop_l: in
01-01 22:30:32.313   222   631 D RockFFPlayer: enter enqueueMessage
01-01 22:30:32.313   222   631 D RockFFPlayer: enqueueMessage:****1
01-01 22:30:32.313   222   631 D RockFFPlayer: enqueueMessage:****2
01-01 22:30:32.313   222   631 D RockFFPlayer: enqueueMessage:****3
01-01 22:30:32.313   222   631 D RockFFPlayer: enqueueMessage:Message 1,set signal
01-01 22:30:32.314   222   631 D RockFFPlayer: enqueueMessage:sync wait
01-01 22:30:32.314   222  1217 D RockFFPlayer: deliverMessage 
01-01 22:30:32.314   222  1217 D RockFFPlayer: run : dequeueMessage Message 4
01-01 22:30:32.314   222  1217 D RockFFPlayer: CMD_STOP
01-01 22:30:32.314   222  1217 D RockFFPlayer: doStop: in
01-01 22:30:32.314   222  1217 D RockFFPlayerBase: dumpStatus(): Preapared
01-01 22:30:32.314   222  1217 D RockFFPlayerBase: dumpStatus(): Stopped
01-01 22:30:32.314   222  1217 D RockFFPlayer: doRelease: in
01-01 22:30:32.314   222  1217 I FFIDecoder: waiting on end of decoder thread
01-01 22:30:32.314   222  1217 E FFMpegThread: DecoderAudio,wait
01-01 22:30:32.314   222  1217 E RockFFPlayerBase: FFMPlayerBase::flushRenderQueue in
01-01 22:30:32.314   222  1217 E RockFFPlayerBase: FFMPlayerBase::flushRenderQueue out
01-01 22:30:32.314   222  1217 D RockFFPlayer: doRelease: ok
01-01 22:30:32.314   222  1217 D RockFFPlayer: doStop: ok
01-01 22:30:32.314   222  1217 D RockFFPlayer: run : dequeueMessage Message 4 OK
01-01 22:30:32.314   222  1217 D RockFFPlayer: Messagecomplete type [4]
01-01 22:30:32.314   222  1217 D RockFFPlayer: run : Message 4 complete
01-01 22:30:32.314   222   631 D RockFFPlayer: enqueueMessage:sync wait ok
01-01 22:30:32.314   222   631 D RockFFPlayer: stop_l: clear queue ok
01-01 22:30:32.314   222   631 D RockFFPlayer: stop_l: create cancel thread ok
01-01 22:30:32.314   222  1313 D RockFFPlayer: CancelThread: in
01-01 22:30:32.314   222   631 D RockFFPlayer: stop_l: ok
01-01 22:30:32.314   222   631 D RockFFPlayer: enter enqueueMessage
01-01 22:30:32.314   222   631 D RockFFPlayer: enqueueMessage:****1
01-01 22:30:32.314   222   631 D RockFFPlayer: enqueueMessage:****2
01-01 22:30:32.314   222   631 D RockFFPlayer: enqueueMessage:****3
01-01 22:30:32.314   222   631 D RockFFPlayer: enqueueMessage:Message 1,set signal
01-01 22:30:32.314   222   631 D RockFFPlayer: enqueueMessage:sync wait
01-01 22:30:32.314   222  1217 D RockFFPlayer: deliverMessage 
01-01 22:30:32.314   222  1217 D RockFFPlayer: run : dequeueMessage Message 11
01-01 22:30:32.314   222  1217 D RockFFPlayer: CMD_RESET
01-01 22:30:32.314   222  1217 D RockFFPlayerBase: dumpStatus(): Idle
01-01 22:30:32.314   222  1217 D RockFFPlayer: doReset ok
01-01 22:30:32.314   222  1217 D RockFFPlayer: run : dequeueMessage Message 11 OK
01-01 22:30:32.314   222  1217 D RockFFPlayer: Messagecomplete type [11]
01-01 22:30:32.314   222  1217 D RockFFPlayer: run : Message 11 complete
01-01 22:30:32.314   222   631 D RockFFPlayer: enqueueMessage:sync wait ok
01-01 22:30:32.314   222   631 D RockFFPlayer: reset: do reset ok
01-01 22:30:32.314   222  1217 D RockFFPlayer: signal thread out
01-01 22:30:32.314   222  1217 D RockFFPlayer: sched_thread out
01-01 22:30:32.314   222   631 D RockFFPlayer: stop:wait is ok
01-01 22:30:32.314   222   631 D RockFFPlayer: stop:ok
01-01 22:30:32.314   222   631 D RockFFPlayer: ~RkMessageQueue
01-01 22:30:32.314   222   631 D RockFFPlayer: reset: reset ok
01-01 22:30:32.314   222  1218 I RockFFPlayer: readthread end of playing
01-01 22:30:32.314   222   631 E FFPlayer: ~FFPlayer
01-01 22:30:32.314   222   631 D RockFFPlayer: reset: in
01-01 22:30:32.314   222   631 D RockFFPlayerBase: dumpStatus(): Idle
01-01 22:30:32.314   222   631 D RockFFPlayer: reset: in idle status, already reset
01-01 22:30:32.314   222   631 D RockFFPlayer: ~FFMPlayer in
01-01 22:30:32.314   222   631 D RockFFPlayer: reset: in
01-01 22:30:32.314   222   631 D RockFFPlayerBase: dumpStatus(): Idle
01-01 22:30:32.314   222  1313 D FFMpegThread: DecoderAudio:~PlayerThread enter mThreadStatus=-1
01-01 22:30:32.314   222   631 D RockFFPlayer: reset: in idle status, already reset
01-01 22:30:32.316   222  1313 E RockFFPlayerBase: closeContext : in
01-01 22:30:32.316   222  1313 E RockFFPlayerBase: closeContext : out
01-01 22:30:32.316   222  1313 D RockFFPlayer: CancelThread: ok
01-01 22:30:32.316   222   631 D RockFFPlayer: ~FFMediaSource
01-01 22:30:32.316   222   631 D RockFFPlayer: FFMediaSource context null. 
01-01 22:30:32.316   222   631 E TraceThread:     VsyncReciver(tid = 2997594416)--> [UID=7ebda33b] pthread_join begin-->player = 0xb7a570c0
01-01 22:30:32.318   222   631 E TraceThread:     VsyncReciver(tid = 2997594416)--> [UID=7ebda33b] pthread_join   end-->player = 0xb7a570c0
01-01 22:30:32.318   222   631 D VsyncReciver: stop_l:vsyncThread down
01-01 22:30:32.318   222   631 E TraceThread:     RockFFPlayer(tid = 3000797488)--> [UID=7ebda33b] ~FFMPlayer Destruction; object=0xb7a570c0
01-01 22:30:32.318   222   631 D RockFFPlayer: ~FFMPlayer ok
01-01 22:30:32.318   222   631 D RockFFPlayerBase: ~FFMPlayerBase(():mDequeueThread down
01-01 22:30:32.318   222   631 D RockFFPlayerBase: ~RkMessageHandler
01-01 22:30:32.318   222   631 D RockFFPlayer: reset: in
01-01 22:30:32.318   222   631 D RockFFPlayerBase: dumpStatus(): Preapared
01-01 22:30:32.318   222   631 D RockFFPlayer: reset: stop_l in
01-01 22:30:32.318   222   631 D RockFFPlayer: stop_l: in
01-01 22:30:32.318   222   631 D RockFFPlayer: enter enqueueMessage
01-01 22:30:32.318   222   631 D RockFFPlayer: enqueueMessage:****1
01-01 22:30:32.318   222   631 D RockFFPlayer: enqueueMessage:****2
01-01 22:30:32.318   222   631 D RockFFPlayer: enqueueMessage:****3
01-01 22:30:32.318   222   631 D RockFFPlayer: enqueueMessage:Message 1,set signal
01-01 22:30:32.318   222   631 D RockFFPlayer: enqueueMessage:sync wait
01-01 22:30:32.318   222  1225 D RockFFPlayer: deliverMessage 
01-01 22:30:32.318   222  1225 D RockFFPlayer: run : dequeueMessage Message 4
01-01 22:30:32.319   222  1225 D RockFFPlayer: CMD_STOP
01-01 22:30:32.319   222  1225 D RockFFPlayer: doStop: in
01-01 22:30:32.319   222  1225 D RockFFPlayerBase: dumpStatus(): Preapared
01-01 22:30:32.319   222  1225 D RockFFPlayerBase: dumpStatus(): Stopped
01-01 22:30:32.319   222  1225 D RockFFPlayer: doRelease: in
01-01 22:30:32.319   222  1225 I FFIDecoder: waiting on end of decoder thread
01-01 22:30:32.319   222  1225 E FFMpegThread: DecoderAudio,wait
01-01 22:30:32.319   222  1225 E RockFFPlayerBase: FFMPlayerBase::flushRenderQueue in
01-01 22:30:32.319   222  1225 E RockFFPlayerBase: FFMPlayerBase::flushRenderQueue out
01-01 22:30:32.319   222  1225 D RockFFPlayer: doRelease: ok
01-01 22:30:32.319   222  1225 D RockFFPlayer: doStop: ok
01-01 22:30:32.319   222  1225 D RockFFPlayer: run : dequeueMessage Message 4 OK
01-01 22:30:32.319   222  1225 D RockFFPlayer: Messagecomplete type [4]
01-01 22:30:32.319   222  1225 D RockFFPlayer: run : Message 4 complete
01-01 22:30:32.319   222   631 D RockFFPlayer: enqueueMessage:sync wait ok
01-01 22:30:32.319   222   631 D RockFFPlayer: stop_l: clear queue ok
01-01 22:30:32.319   222   631 D RockFFPlayer: stop_l: create cancel thread ok
01-01 22:30:32.319   222  1314 D RockFFPlayer: CancelThread: in
01-01 22:30:32.319   222   631 D RockFFPlayer: stop_l: ok
01-01 22:30:32.319   222   631 D RockFFPlayer: enter enqueueMessage
01-01 22:30:32.319   222   631 D RockFFPlayer: enqueueMessage:****1
01-01 22:30:32.319   222   631 D RockFFPlayer: enqueueMessage:****2
01-01 22:30:32.319   222   631 D RockFFPlayer: enqueueMessage:****3
01-01 22:30:32.319   222   631 D RockFFPlayer: enqueueMessage:Message 1,set signal
01-01 22:30:32.319   222   631 D RockFFPlayer: enqueueMessage:sync wait
01-01 22:30:32.319   222  1225 D RockFFPlayer: deliverMessage 
01-01 22:30:32.319   222  1225 D RockFFPlayer: run : dequeueMessage Message 11
01-01 22:30:32.319   222  1225 D RockFFPlayer: CMD_RESET
01-01 22:30:32.319   222  1225 D RockFFPlayerBase: dumpStatus(): Idle
01-01 22:30:32.319   222  1225 D RockFFPlayer: doReset ok
01-01 22:30:32.319   222  1225 D RockFFPlayer: run : dequeueMessage Message 11 OK
01-01 22:30:32.319   222  1225 D RockFFPlayer: Messagecomplete type [11]
01-01 22:30:32.319   222  1225 D RockFFPlayer: run : Message 11 complete
01-01 22:30:32.319   222   631 D RockFFPlayer: enqueueMessage:sync wait ok
01-01 22:30:32.319   222   631 D RockFFPlayer: reset: do reset ok
01-01 22:30:32.319   222  1225 D RockFFPlayer: signal thread out
01-01 22:30:32.319   222  1225 D RockFFPlayer: sched_thread out
01-01 22:30:32.319   222   631 D RockFFPlayer: stop:wait is ok
01-01 22:30:32.319   222   631 D RockFFPlayer: stop:ok
01-01 22:30:32.319   222   631 D RockFFPlayer: ~RkMessageQueue
01-01 22:30:32.319   222   631 D RockFFPlayer: reset: reset ok
01-01 22:30:32.319   222   631 E FFPlayer: ~FFPlayer
01-01 22:30:32.319   222   631 D RockFFPlayer: reset: in
01-01 22:30:32.319   222   631 D RockFFPlayerBase: dumpStatus(): Idle
01-01 22:30:32.319   222   631 D RockFFPlayer: reset: in idle status, already reset
01-01 22:30:32.319   222   631 D RockFFPlayer: ~FFMPlayer in
01-01 22:30:32.319   222   631 D RockFFPlayer: reset: in
01-01 22:30:32.319   222   631 D RockFFPlayerBase: dumpStatus(): Idle
01-01 22:30:32.319   222   631 D RockFFPlayer: reset: in idle status, already reset
01-01 22:30:32.320   222  1226 I RockFFPlayer: readthread end of playing
01-01 22:30:32.320   222  1314 D FFMpegThread: DecoderAudio:~PlayerThread enter mThreadStatus=-1
01-01 22:30:32.320   222  1314 E RockFFPlayerBase: closeContext : in
01-01 22:30:32.320   222  1314 E RockFFPlayerBase: closeContext : out
01-01 22:30:32.320   222  1314 D RockFFPlayer: CancelThread: ok
01-01 22:30:32.320   222   631 D RockFFPlayer: ~FFMediaSource
01-01 22:30:32.320   222   631 D RockFFPlayer: FFMediaSource context null. 
01-01 22:30:32.321   222   631 E TraceThread:     VsyncReciver(tid = 2993416496)--> [UID=7ebda33b] pthread_join begin-->player = 0xb7acc098
01-01 22:30:32.336   222   631 E TraceThread:     VsyncReciver(tid = 2993416496)--> [UID=7ebda33b] pthread_join   end-->player = 0xb7acc098
01-01 22:30:32.336   222   631 D VsyncReciver: stop_l:vsyncThread down
01-01 22:30:32.336   222   631 E TraceThread:     RockFFPlayer(tid = 3000797488)--> [UID=7ebda33b] ~FFMPlayer Destruction; object=0xb7acc098
01-01 22:30:32.336   222   631 D RockFFPlayer: ~FFMPlayer ok
01-01 22:30:32.336   222   631 D RockFFPlayerBase: ~FFMPlayerBase(():mDequeueThread down
01-01 22:30:32.336   222   631 D RockFFPlayerBase: ~RkMessageHandler
01-01 22:30:32.336   222   631 D RockFFPlayer: reset: in
01-01 22:30:32.336   222   631 D RockFFPlayerBase: dumpStatus(): Error status
01-01 22:30:32.336   222   631 D RockFFPlayer: reset: stop_l in
01-01 22:30:32.336   222   631 D RockFFPlayer: stop_l: in
01-01 22:30:32.336   222   631 D RockFFPlayer: enter enqueueMessage
01-01 22:30:32.336   222   631 D RockFFPlayer: enqueueMessage:****1
01-01 22:30:32.336   222   631 D RockFFPlayer: enqueueMessage:****2
01-01 22:30:32.336   222   631 D RockFFPlayer: enqueueMessage:****3
01-01 22:30:32.336   222   631 D RockFFPlayer: enqueueMessage:Message 1,set signal
01-01 22:30:32.336   222   631 D RockFFPlayer: enqueueMessage:sync wait
01-01 22:30:32.336   222  1235 D RockFFPlayer: deliverMessage 
01-01 22:30:32.336   222  1235 D RockFFPlayer: run : dequeueMessage Message 4
01-01 22:30:32.336   222  1235 D RockFFPlayer: CMD_STOP
01-01 22:30:32.336   222  1235 D RockFFPlayer: doStop: in
01-01 22:30:32.336   222  1235 D RockFFPlayerBase: dumpStatus(): Error status
01-01 22:30:32.336   222  1235 D RockFFPlayerBase: dumpStatus(): Stopped
01-01 22:30:32.336   222  1235 D RockFFPlayer: doRelease: in
01-01 22:30:32.336   222  1235 D RockFFPlayer: FFMediaSource setExit, but context null
01-01 22:30:32.336   222  1235 E RockFFPlayerBase: FFMPlayerBase::flushRenderQueue in
01-01 22:30:32.336   222  1235 E RockFFPlayerBase: FFMPlayerBase::flushRenderQueue out
01-01 22:30:32.337   222  1235 D RockFFPlayer: doRelease: ok
01-01 22:30:32.337   222  1235 D RockFFPlayer: doStop: ok
01-01 22:30:32.337   222  1235 D RockFFPlayer: run : dequeueMessage Message 4 OK
01-01 22:30:32.337   222  1235 D RockFFPlayer: Messagecomplete type [4]
01-01 22:30:32.337   222  1235 D RockFFPlayer: run : Message 4 complete
01-01 22:30:32.337   222   631 D RockFFPlayer: enqueueMessage:sync wait ok
01-01 22:30:32.337   222   631 D RockFFPlayer: stop_l: clear queue ok
01-01 22:30:32.337   222   631 D RockFFPlayer: stop_l: create cancel thread ok
01-01 22:30:32.337   222  1315 D RockFFPlayer: CancelThread: in
01-01 22:30:32.337   222   631 D RockFFPlayer: stop_l: ok
01-01 22:30:32.337   222   631 D RockFFPlayer: enter enqueueMessage
01-01 22:30:32.337   222   631 D RockFFPlayer: enqueueMessage:****1
01-01 22:30:32.337   222   631 D RockFFPlayer: enqueueMessage:****2
01-01 22:30:32.337   222   631 D RockFFPlayer: enqueueMessage:****3
01-01 22:30:32.337   222   631 D RockFFPlayer: enqueueMessage:Message 1,set signal
01-01 22:30:32.337   222   631 D RockFFPlayer: enqueueMessage:sync wait
01-01 22:30:32.337   222  1235 D RockFFPlayer: deliverMessage 
01-01 22:30:32.337   222  1235 D RockFFPlayer: run : dequeueMessage Message 11
01-01 22:30:32.337   222  1235 D RockFFPlayer: CMD_RESET
01-01 22:30:32.337   222  1235 D RockFFPlayerBase: dumpStatus(): Idle
01-01 22:30:32.337   222  1235 D RockFFPlayer: doReset ok
01-01 22:30:32.337   222  1235 D RockFFPlayer: run : dequeueMessage Message 11 OK
01-01 22:30:32.337   222  1235 D RockFFPlayer: Messagecomplete type [11]
01-01 22:30:32.337   222  1235 D RockFFPlayer: run : Message 11 complete
01-01 22:30:32.337   222   631 D RockFFPlayer: enqueueMessage:sync wait ok
01-01 22:30:32.337   222   631 D RockFFPlayer: reset: do reset ok
01-01 22:30:32.337   222  1315 D RockFFPlayer: processAsyncExit: wait message thread
01-01 22:30:32.337   222  1235 D RockFFPlayer: signal thread out
01-01 22:30:32.337   222  1235 D RockFFPlayer: sched_thread out
01-01 22:30:32.337   222   631 D RockFFPlayer: stop:wait is ok
01-01 22:30:32.337   222   631 D RockFFPlayer: stop:ok
01-01 22:30:32.337   222   631 D RockFFPlayer: ~RkMessageQueue
01-01 22:30:32.337   222   631 D RockFFPlayer: reset: reset ok
01-01 22:30:32.337   222  1315 E RockFFPlayerBase: closeContext : in
01-01 22:30:32.337   222  1315 D RockFFPlayer: FFMediaSource context null. 
01-01 22:30:32.337   222   631 E FFPlayer: ~FFPlayer
01-01 22:30:32.337   222  1315 E RockFFPlayerBase: closeContext : out
01-01 22:30:32.337   222  1315 D RockFFPlayer: CancelThread: ok
01-01 22:30:32.337   222   631 D RockFFPlayer: reset: in
01-01 22:30:32.337   222   631 D RockFFPlayerBase: dumpStatus(): Idle
01-01 22:30:32.337   222   631 D RockFFPlayer: reset: in idle status, already reset
01-01 22:30:32.337   222   631 D RockFFPlayer: ~FFMPlayer in
01-01 22:30:32.337   222   631 D RockFFPlayer: reset: in
01-01 22:30:32.337   222   631 D RockFFPlayerBase: dumpStatus(): Idle
01-01 22:30:32.337   222   631 D RockFFPlayer: reset: in idle status, already reset
01-01 22:30:32.337   222   631 D RockFFPlayer: ~FFMediaSource
01-01 22:30:32.337   222   631 D RockFFPlayer: FFMediaSource context null. 
01-01 22:30:32.338   222   631 E TraceThread:     VsyncReciver(tid = 2989238576)--> [UID=7ebda33b] pthread_join begin-->player = 0xb7b17c58
01-01 22:30:32.339   974   974 V GeofencerHelper: Initializing geofence's system cache.
01-01 22:30:32.353   222   631 E TraceThread:     VsyncReciver(tid = 2989238576)--> [UID=7ebda33b] pthread_join   end-->player = 0xb7b17c58
01-01 22:30:32.353   222   631 D VsyncReciver: stop_l:vsyncThread down
01-01 22:30:32.353   222   631 E TraceThread:     RockFFPlayer(tid = 3000797488)--> [UID=7ebda33b] ~FFMPlayer Destruction; object=0xb7b17c58
01-01 22:30:32.353   222   631 D RockFFPlayer: ~FFMPlayer ok
01-01 22:30:32.353   222   631 D RockFFPlayerBase: ~FFMPlayerBase(():mDequeueThread down
01-01 22:30:32.354   222   631 D RockFFPlayerBase: ~RkMessageHandler
01-01 22:30:32.354   222   222 I CameraService: getCameraCharacteristics: Switching to HAL1 shim implementation...
01-01 22:30:32.354   222   222 D CameraHal: camera_get_camera_info(1312): camera_get_camera_info(1312): camera_1 facing(1), orientation(270)
01-01 22:30:32.354   222   222 I CameraService: CameraService::connect call (PID 222 "media", camera ID 1) for HAL version default and Camera API version 1
01-01 22:30:32.354   222   222 E CameraService: getCameraPriorityFromProcState: Received invalid process state -1 from ActivityManagerService!
01-01 22:30:32.354   222   222 D CameraHal: camera_get_camera_info(1312): camera_get_camera_info(1312): camera_1 facing(1), orientation(270)
01-01 22:30:32.354   222   222 E MediaPlayerFactory: 2019 03 30 -------- getPlayerType()111111111111 return FF_PLAYER !!!! 
01-01 22:30:32.354   222   222 I MediaPlayerFactory:  createFFPlayer
01-01 22:30:32.354   222   222 E FFPlayerHelper: isBDDirectory() ,path = /system/media/audio/ui/camera_click.ogg
01-01 22:30:32.355   222   222 E FFPlayerHelper: isBDDirectory(): no BDMV
01-01 22:30:32.355   222   222 D RkMemConfig: RkMemConfig init
01-01 22:30:32.355   222   222 E RockFFPlayerBase: FFMPlayerBase:eDisplayIdMain
01-01 22:30:32.355   222   222 D FFPlayerHelper: MediaServer is SP_FOREGROUND, tid=222
01-01 22:30:32.355   222   222 D RkBitstreamManager: RkBitStreamHelper
01-01 22:30:32.355   222   222 D RkExtensionPlayer: RkExtensionPlayer in
01-01 22:30:32.355   222   222 E RkExtensionPlayer: createDirectory(), path = /tmp/rk_ext_subtitle/
01-01 22:30:32.355   222   222 E RkExtensionPlayer: createDirectory(), create directory = /tmp/rk_ext_subtitle/ fail,reason = No such file or directory
01-01 22:30:32.355   222   222 E RkExtensionPlayer: createDirectory(), path = /data/rk_ext_subtitle/
01-01 22:30:32.355   222   222 E RkExtensionPlayer: createDirectory(), create directory = /data/rk_ext_subtitle/ fail,reason = Permission denied
01-01 22:30:32.355   222   222 E RkExtensionPlayer: createDirectory(), path = /data/media/0/rk_ext_subtitle/
01-01 22:30:32.355   222   222 E RkExtensionPlayer: createDirectory(), create directory = /data/media/0/rk_ext_subtitle/ fail,reason = Permission denied
01-01 22:30:32.355   222   222 D RkExtensionPlayer: checkDirectoryAccess: Found no Temp Subtile Directory
01-01 22:30:32.356   222   222 E TraceThread: TraceThread::randomUID() --> [UID=36a40b87]
01-01 22:30:32.356   222  1317 E TraceThread:     VsyncReciver(tid = 2997594416)--> [UID=36a40b87] VsyncReciver::startthread
01-01 22:30:32.356   222   222 E TraceThread:     RockFFPlayer(tid = 3069770548)--> [UID=36a40b87] FFMPlayer Construction; object=0xb7b1e150
01-01 22:30:32.356   222   222 I RockFFPlayer: setDataSource in 0xb7b1e150
01-01 22:30:32.356   222   222 D RockFFPlayer: start:create thread
01-01 22:30:32.365   222  1318 D RockFFPlayer: RkMessageQueue::run()
01-01 22:30:32.366   222   222 D RockFFPlayer: start:create thread ok,mThreadStatus=0
01-01 22:30:32.366   222   222 D RockFFPlayer: enter enqueueMessage
01-01 22:30:32.366   222   222 D RockFFPlayer: enqueueMessage:****1
01-01 22:30:32.366   222   222 D RockFFPlayer: enqueueMessage:****2
01-01 22:30:32.366   222   222 D RockFFPlayer: enqueueMessage:****3
01-01 22:30:32.366   222   222 D RockFFPlayer: enqueueMessage:Message 1,set signal
01-01 22:30:32.366   222   222 D RockFFPlayer: enqueueMessage:sync wait
01-01 22:30:32.366   222  1318 D RockFFPlayer: deliverMessage 
01-01 22:30:32.366   222  1318 D RockFFPlayer: run : dequeueMessage Message 20
01-01 22:30:32.366   222  1318 D RockFFPlayer: CMD_CURRENTSTATUS
01-01 22:30:32.366   222  1318 D RockFFPlayerBase: dumpStatus(): Initialized
01-01 22:30:32.366   222  1318 D RockFFPlayer: run : dequeueMessage Message 20 OK
01-01 22:30:32.366   222  1318 D RockFFPlayer: Messagecomplete type [20]
01-01 22:30:32.366   222  1318 D RockFFPlayer: run : Message 20 complete
01-01 22:30:32.366   222   222 D RockFFPlayer: enqueueMessage:sync wait ok
01-01 22:30:32.366   222   222 D RockFFPlayer: prepareAsync in
01-01 22:30:32.366   222   222 D RockFFPlayerBase: dumpStatus(): Initialized
01-01 22:30:32.366   222   222 D RockFFPlayerBase: dumpStatus(): Preparing
01-01 22:30:32.366   222  1320 I FFPlayer_Version: ******************************************
01-01 22:30:32.366   222  1320 I FFPlayer_Version: 
01-01 22:30:32.366   222  1320 I FFPlayer_Version: starting main player: v2.1 2019-03-14-11:37:59.9a7e7b0a.Zho
01-01 22:30:32.366   222  1320 I FFPlayer_Version: ffplayer running on: rk3288
01-01 22:30:32.366   222  1320 I FFPlayer_Version: 
01-01 22:30:32.366   222  1320 I FFPlayer_Version: ******************************************
01-01 22:30:32.366   222  1320 I RockFFPlayer: setDataSource(url =/system/media/audio/ui/camera_click.ogg)
01-01 22:30:32.366   222   222 D RockFFPlayer: prepareAsync ok
01-01 22:30:32.366   222  1320 E RockFFPlayerBase: openContext : in
01-01 22:30:32.366   222  1320 E RockFFPlayer: ffmpeg version v2.1: git-2019-01-24-3629521
01-01 22:30:32.366   222  1320 E RockFFPlayer: av_probe_input_buffer:avio_read
01-01 22:30:32.366   222  1320 I RockFFPlayer: flv_probe get probe score: 0
01-01 22:30:32.366   222  1320 E RockFFPlayer: Hery, probe size = 0
01-01 22:30:32.367   222  1320 E RockFFPlayer: avformat_open_input:read_header
01-01 22:30:32.367   222  1320 E RockFFPlayer: avformat_open_input:read_header ok
01-01 22:30:32.367   222  1320 D RkExtensionPlayer: openContext in
01-01 22:30:32.367   222  1320 D RkExtensionPlayer: ~RkExtensionPlayer in
01-01 22:30:32.367   222  1320 D RkExtensionPlayer: RkExtensionPlayer::closeExtendSubDecoder in
01-01 22:30:32.367   222  1320 E FFExtensionSource: ~FFExtensionSource in
01-01 22:30:32.367   222  1320 D RockFFPlayer: FFMediaSource context null. 
01-01 22:30:32.367   222  1320 E FFExtensionSource: ~FFExtensionSource out
01-01 22:30:32.367   222  1320 D RockFFPlayer: ~FFMediaSource
01-01 22:30:32.367   222  1320 D RockFFPlayer: FFMediaSource context null. 
01-01 22:30:32.367   222  1320 D RkExtensionPlayer: closeExtendSubDecoder out
01-01 22:30:32.367   222  1320 E RkExtensionPlayer: deleteAllFileInDirectory(), is not exist
01-01 22:30:32.367   222  1320 E RkExtensionPlayer: deleteAllFileInDirectory(),/tmp/rk_ext_subtitle/ is not exist
01-01 22:30:32.367   222  1320 E RkExtensionPlayer: deleteAllFileInDirectory(),/data/rk_ext_subtitle/ is not exist
01-01 22:30:32.367   222  1320 E RkExtensionPlayer: deleteAllFileInDirectory(),/data/media/0/rk_ext_subtitle/ is not exist
01-01 22:30:32.367   222  1320 E RockFFPlayerBase: Fail to open ExtendSubtitle Context
01-01 22:30:32.367   222  1320 E RockFFPlayerBase: openContext : out,ret = 0
01-01 22:30:32.367   222  1320 D RockFFPlayer: the source format name: ogg
01-01 22:30:32.367   222  1320 D RockFFPlayer: find av stream info in
01-01 22:30:32.369   222  1320 E RockFFPlayer: All info may be found, format: ogg
01-01 22:30:32.369   222  1320 E RockFFPlayer: All info found, format: ogg
01-01 22:30:32.369   222  1320 E RockFFPlayer: read_size = 24
01-01 22:30:32.369   222  1320 E RockFFPlayer: update_stream_timings: st[-1213046776].duration = 20073
01-01 22:30:32.369   222  1320 E RockFFPlayer: update_stream_timings: st[-1213046776].duration = 20073
01-01 22:30:32.369   222  1320 E RockFFPlayer: estimate_timings:0: start_time: 0.000 duration: 0.020,base_time.den=48000,base_time.num=1
01-01 22:30:32.369   222  1320 E RockFFPlayer: stream: start_time: 0.000 duration: 0.418 bitrate=113 kb/s
01-01 22:30:32.369   222  1320 E RockFFPlayer: avformat_find_stream_info:find_stream_info_err:free info,ok
01-01 22:30:32.369   222  1320 D RockFFPlayer: find av stream info ok
01-01 22:30:32.369   222  1320 D RockFFPlayer: AudioStartTime=0,VideoStartTime=-1,tmpTime=-1
01-01 22:30:32.369   222  1320 E RockFFPlayer: Hery, s->duration = 418188.000000
01-01 22:30:32.369   222  1320 I RockFFPlayer: Input #0, ogg, from '/system/media/audio/ui/camera_click.ogg':
01-01 22:30:32.369   222  1320 I RockFFPlayer:   Duration: 
01-01 22:30:32.369   222  1320 I RockFFPlayer: 00:00:00.42
01-01 22:30:32.369   222  1320 I RockFFPlayer: , start: 
01-01 22:30:32.369   222  1320 I RockFFPlayer: 0.000000
01-01 22:30:32.369   222  1320 I RockFFPlayer: , bitrate: 
01-01 22:30:32.369   222  1320 I RockFFPlayer: 113 kb/s
01-01 22:30:32.369   222  1320 I RockFFPlayer: 
01-01 22:30:32.369   222  1320 I RockFFPlayer:     Stream #0:0
01-01 22:30:32.369   222  1320 I RockFFPlayer: : Audio: vorbis, 48000 Hz, mono, s16, 48 kb/s
01-01 22:30:32.369   222  1320 I RockFFPlayer: 
01-01 22:30:32.369   222  1320 I RockFFPlayer:     Metadata:
01-01 22:30:32.369   222  1320 I RockFFPlayer:       TITLE           : 
01-01 22:30:32.369   222  1320 I RockFFPlayer: Camera Shutter
01-01 22:30:32.369   222  1320 I RockFFPlayer: 
