01-01 22:30:32.369   222  1320 I RockFFPlayer:       ARTIST          : 
01-01 22:30:32.369   222  1320 I RockFFPlayer: (c) 2012 Android Open Source Project
01-01 22:30:32.369   222  1320 I RockFFPlayer: 
01-01 22:30:32.369   222  1320 D RockFFPlayer: send do-prepare message in
01-01 22:30:32.369   222  1320 D RockFFPlayer: enter enqueueMessage
01-01 22:30:32.369   222  1320 D RockFFPlayer: enqueueMessage:****1
01-01 22:30:32.370   222  1320 D RockFFPlayer: enqueueMessage:****2
01-01 22:30:32.370   222  1320 D RockFFPlayer: enqueueMessage:****3
01-01 22:30:32.370   222  1320 D RockFFPlayer: enqueueMessage:Message 1,set signal
01-01 22:30:32.370   222  1320 D RockFFPlayer: enqueueMessage:sync wait
01-01 22:30:32.370   222  1318 D RockFFPlayer: deliverMessage 
01-01 22:30:32.370   222  1318 D RockFFPlayer: run : dequeueMessage Message 1
01-01 22:30:32.370   222  1318 D RockFFPlayer: CMD_PREPARE
01-01 22:30:32.370   222  1318 I RockFFPlayer: doPrepare in
01-01 22:30:32.370   222  1318 I RockFFPlayer: prepareVideo
01-01 22:30:32.370   222  1318 E RockFFPlayer: mVideoStreamIndex is -1
01-01 22:30:32.370   222  1318 I RockFFPlayer: prepareAudio
01-01 22:30:32.370   222  1318 E RockFFPlayer: audio stream codec_id = 86021
01-01 22:30:32.370   222  1318 D RockFFPlayerBase: open MediaDecoder.cfg failed,so can't config anything
01-01 22:30:32.370   222  1318 D RkBitstreamManager: isBypass: 
01-01 22:30:32.372   222  1318 D RockFFPlayer: initAudioPlayer
01-01 22:30:32.372   222  1318 D         : Audio Format: 
01-01 22:30:32.372   222  1318 D RkBitstreamManager: isBypass: 
01-01 22:30:32.372   222  1318 D RockFFPlayer: AudioPlayer getOutputMode : 0, SPDIF mode : -1
01-01 22:30:32.372   222  1318 D RockFFPlayerBase: setAudioOutputMode output_mode : 0
01-01 22:30:32.372   222  1318 D RockFFPlayerBase: set SPDIF output mode : -1
01-01 22:30:32.372   222  1318 D AudioPlayerApi: audio player mode in: 0
01-01 22:30:32.372   222  1318 D AudioPlayerApi: audio player mode out: 0
01-01 22:30:32.372   222  1318 D RkAudioPlayer: setPlaybackRate: mSpeed = 1.000000,mPitch = 1.000000
01-01 22:30:32.373   222  1318 D RockFFPlayer: initAudioPlayer out
01-01 22:30:32.373   222  1318 I RockFFPlayer: prepareSubtitle in
01-01 22:30:32.373   222  1318 E RockFFPlayer: hasSubtitle return fail
01-01 22:30:32.373   222  1318 D AudioDecoder: decodeaudio AudioOutputMode : 0, SPDIF_MODE : -1, PlayerMode : 0
01-01 22:30:32.373   222  1318 D AudioDecoder: mStream->codec->channels = 1  mStream->codec->sample_rate = 48000
01-01 22:30:32.373   222  1318 D AudioDecoder: mStream->codec->channels = 1  mStream->codec->sample_rate = 48000
01-01 22:30:32.373   222  1318 D RockFFPlayer: createAudioDecoder: create audio decoder ok
01-01 22:30:32.373   222  1318 E RockFFPlayer: createVideoDecoder: no video stream
01-01 22:30:32.373   222  1318 E RockFFPlayer: createSubtitleDecoder: no subtitle stream
01-01 22:30:32.373   222  1318 E TraceThread: TraceThread::dumpTrace() FileName:/mnt/sdcard/trace_thread.log
01-01 22:30:32.373   222  1318 D RockFFPlayerBase: dumpStatus(): Preapared
01-01 22:30:32.373   222  1318 D RockFFPlayer: Sync master clock type - 1
01-01 22:30:32.373   222  1318 I RockFFPlayer: doPrepareFinish ok
01-01 22:30:32.373   222  1318 D RockFFPlayer: run : dequeueMessage Message 1 OK
01-01 22:30:32.373   222  1318 D RockFFPlayer: Messagecomplete type [1]
01-01 22:30:32.373   222  1318 D RockFFPlayer: run : Message 1 complete
01-01 22:30:32.373   222   222 E MediaPlayerFactory: 2019 03 30 -------- getPlayerType()111111111111 return FF_PLAYER !!!! 
01-01 22:30:32.373   222   222 I MediaPlayerFactory:  createFFPlayer
01-01 22:30:32.374   222   222 E FFPlayerHelper: isBDDirectory() ,path = /system/media/audio/ui/VideoRecord.ogg
01-01 22:30:32.374   222   222 E FFPlayerHelper: isBDDirectory(): no BDMV
01-01 22:30:32.374   222  1320 D RockFFPlayer: enqueueMessage:sync wait ok
01-01 22:30:32.374   222  1320 D RockFFPlayer: send do-prepare message ok
01-01 22:30:32.374   222  1320 I RockFFPlayer: decodeMovie:getCurrentStatus() = 8
01-01 22:30:32.374   222   222 D RkMemConfig: RkMemConfig init
01-01 22:30:32.374   222  1320 D FFPlayerHelper: MediaServer is SP_FOREGROUND, tid=1320
01-01 22:30:32.374   222   222 E RockFFPlayerBase: FFMPlayerBase:eDisplayIdMain
01-01 22:30:32.374   222   222 D FFPlayerHelper: MediaServer is SP_FOREGROUND, tid=222
01-01 22:30:32.374   222   222 D RkBitstreamManager: RkBitStreamHelper
01-01 22:30:32.374   222   222 D RkExtensionPlayer: RkExtensionPlayer in
01-01 22:30:32.374   222   222 E RkExtensionPlayer: createDirectory(), path = /tmp/rk_ext_subtitle/
01-01 22:30:32.374   222   222 E RkExtensionPlayer: createDirectory(), create directory = /tmp/rk_ext_subtitle/ fail,reason = No such file or directory
01-01 22:30:32.374   222   222 E RkExtensionPlayer: createDirectory(), path = /data/rk_ext_subtitle/
01-01 22:30:32.374   222   222 E RkExtensionPlayer: createDirectory(), create directory = /data/rk_ext_subtitle/ fail,reason = Permission denied
01-01 22:30:32.374   222   222 E RkExtensionPlayer: createDirectory(), path = /data/media/0/rk_ext_subtitle/
01-01 22:30:32.374   222   222 E RkExtensionPlayer: createDirectory(), create directory = /data/media/0/rk_ext_subtitle/ fail,reason = Permission denied
01-01 22:30:32.374   222   222 D RkExtensionPlayer: checkDirectoryAccess: Found no Temp Subtile Directory
01-01 22:30:32.377   222   222 E TraceThread: TraceThread::randomUID() --> [UID=36a40b87]
01-01 22:30:32.377   222   222 E TraceThread:     RockFFPlayer(tid = 3069770548)--> [UID=36a40b87] FFMPlayer Construction; object=0xb7b113d8
01-01 22:30:32.377   222   222 I RockFFPlayer: setDataSource in 0xb7b113d8
01-01 22:30:32.377   222   222 D RockFFPlayer: start:create thread
01-01 22:30:32.378   222  1322 E TraceThread:     VsyncReciver(tid = 2993416496)--> [UID=36a40b87] VsyncReciver::startthread
01-01 22:30:32.378   222  1323 D RockFFPlayer: RkMessageQueue::run()
01-01 22:30:32.387   535   590 D BluetoothManagerService: Added callback: android.bluetooth.IBluetoothManagerCallback$Stub$Proxy@85dfe47:true
01-01 22:30:32.388   222   222 D RockFFPlayer: start:create thread ok,mThreadStatus=0
01-01 22:30:32.388   222   222 D RockFFPlayer: enter enqueueMessage
01-01 22:30:32.388   222   222 D RockFFPlayer: enqueueMessage:****1
01-01 22:30:32.388   222   222 D RockFFPlayer: enqueueMessage:****2
01-01 22:30:32.388   222   222 D RockFFPlayer: enqueueMessage:****3
01-01 22:30:32.388   222   222 D RockFFPlayer: enqueueMessage:Message 1,set signal
01-01 22:30:32.388   222   222 D RockFFPlayer: enqueueMessage:sync wait
01-01 22:30:32.388   222  1323 D RockFFPlayer: deliverMessage 
01-01 22:30:32.388   222  1323 D RockFFPlayer: run : dequeueMessage Message 20
01-01 22:30:32.388   222  1323 D RockFFPlayer: CMD_CURRENTSTATUS
01-01 22:30:32.388   222  1323 D RockFFPlayerBase: dumpStatus(): Initialized
01-01 22:30:32.388   222  1323 D RockFFPlayer: run : dequeueMessage Message 20 OK
01-01 22:30:32.388   222  1323 D RockFFPlayer: Messagecomplete type [20]
01-01 22:30:32.388   222  1323 D RockFFPlayer: run : Message 20 complete
01-01 22:30:32.388   222   222 D RockFFPlayer: enqueueMessage:sync wait ok
01-01 22:30:32.388   222   222 D RockFFPlayer: prepareAsync in
01-01 22:30:32.388   222   222 D RockFFPlayerBase: dumpStatus(): Initialized
01-01 22:30:32.388   222   222 D RockFFPlayerBase: dumpStatus(): Preparing
01-01 22:30:32.388   222  1325 I FFPlayer_Version: ******************************************
01-01 22:30:32.388   222  1325 I FFPlayer_Version: 
01-01 22:30:32.388   222  1325 I FFPlayer_Version: starting main player: v2.1 2019-03-14-11:37:59.9a7e7b0a.Zho
01-01 22:30:32.388   222  1325 I FFPlayer_Version: ffplayer running on: rk3288
01-01 22:30:32.388   222  1325 I FFPlayer_Version: 
01-01 22:30:32.388   222  1325 I FFPlayer_Version: ******************************************
01-01 22:30:32.388   222  1325 I RockFFPlayer: setDataSource(url =/system/media/audio/ui/VideoRecord.ogg)
01-01 22:30:32.388   222   222 D RockFFPlayer: prepareAsync ok
01-01 22:30:32.388   222  1325 E RockFFPlayerBase: openContext : in
01-01 22:30:32.388   222  1325 E RockFFPlayer: ffmpeg version v2.1: git-2019-01-24-3629521
01-01 22:30:32.388   222  1325 E RockFFPlayer: av_probe_input_buffer:avio_read
01-01 22:30:32.389   222  1325 I RockFFPlayer: flv_probe get probe score: 0
01-01 22:30:32.389   222  1325 E RockFFPlayer: Hery, probe size = 0
01-01 22:30:32.389   222  1325 E RockFFPlayer: avformat_open_input:read_header
01-01 22:30:32.389   222  1325 E RockFFPlayer: avformat_open_input:read_header ok
01-01 22:30:32.389   222  1325 D RkExtensionPlayer: openContext in
01-01 22:30:32.389   222  1325 D RkExtensionPlayer: ~RkExtensionPlayer in
01-01 22:30:32.389   222  1325 D RkExtensionPlayer: RkExtensionPlayer::closeExtendSubDecoder in
01-01 22:30:32.389   222  1325 E FFExtensionSource: ~FFExtensionSource in
01-01 22:30:32.389   222  1325 D RockFFPlayer: FFMediaSource context null. 
01-01 22:30:32.389   222  1325 E FFExtensionSource: ~FFExtensionSource out
01-01 22:30:32.389   222  1325 D RockFFPlayer: ~FFMediaSource
01-01 22:30:32.389   222  1325 D RockFFPlayer: FFMediaSource context null. 
01-01 22:30:32.389   222  1325 D RkExtensionPlayer: closeExtendSubDecoder out
01-01 22:30:32.389   222  1325 E RkExtensionPlayer: deleteAllFileInDirectory(), is not exist
01-01 22:30:32.389   222  1325 E RkExtensionPlayer: deleteAllFileInDirectory(),/tmp/rk_ext_subtitle/ is not exist
01-01 22:30:32.389   222  1325 E RkExtensionPlayer: deleteAllFileInDirectory(),/data/rk_ext_subtitle/ is not exist
01-01 22:30:32.389   222  1325 E RkExtensionPlayer: deleteAllFileInDirectory(),/data/media/0/rk_ext_subtitle/ is not exist
01-01 22:30:32.389   222  1325 E RockFFPlayerBase: Fail to open ExtendSubtitle Context
01-01 22:30:32.389   222  1325 E RockFFPlayerBase: openContext : out,ret = 0
01-01 22:30:32.389   222  1325 D RockFFPlayer: the source format name: ogg
01-01 22:30:32.389   222  1325 D RockFFPlayer: find av stream info in
01-01 22:30:32.391   222  1325 E RockFFPlayer: All info may be found, format: ogg
01-01 22:30:32.391   222  1325 E RockFFPlayer: All info found, format: ogg
01-01 22:30:32.391   222  1325 E RockFFPlayer: read_size = 23
01-01 22:30:32.391   222  1325 E RockFFPlayer: update_stream_timings: st[-1213107288].duration = 26080
01-01 22:30:32.391   222  1325 E RockFFPlayer: update_stream_timings: st[-1213107288].duration = 26080
01-01 22:30:32.391   222  1325 E RockFFPlayer: estimate_timings:0: start_time: 0.000 duration: 0.026,base_time.den=48000,base_time.num=1
01-01 22:30:32.392   222  1325 E RockFFPlayer: stream: start_time: 0.000 duration: 0.543 bitrate=95 kb/s
01-01 22:30:32.392   222  1325 E RockFFPlayer: avformat_find_stream_info:find_stream_info_err:free info,ok
01-01 22:30:32.392   222  1325 D RockFFPlayer: find av stream info ok
01-01 22:30:32.392   222  1325 D RockFFPlayer: AudioStartTime=0,VideoStartTime=-1,tmpTime=-1
01-01 22:30:32.392   222  1325 E RockFFPlayer: Hery, s->duration = 543333.000000
01-01 22:30:32.392   222  1325 I RockFFPlayer: Input #0, ogg, from '/system/media/audio/ui/VideoRecord.ogg':
01-01 22:30:32.392   222  1325 I RockFFPlayer:   Duration: 
01-01 22:30:32.392   222  1325 I RockFFPlayer: 00:00:00.54
01-01 22:30:32.392   222  1325 I RockFFPlayer: , start: 
01-01 22:30:32.392   222  1325 I RockFFPlayer: 0.000000
01-01 22:30:32.392   222  1325 I RockFFPlayer: , bitrate: 
01-01 22:30:32.392   222  1325 I RockFFPlayer: 95 kb/s
01-01 22:30:32.392   222  1325 I RockFFPlayer: 
01-01 22:30:32.392   222  1325 I RockFFPlayer:     Stream #0:0
01-01 22:30:32.392   222  1325 I RockFFPlayer: : Audio: vorbis, 48000 Hz, mono, s16, 48 kb/s
01-01 22:30:32.392   222  1325 I RockFFPlayer: 
01-01 22:30:32.392   222  1325 I RockFFPlayer:     Metadata:
01-01 22:30:32.392   222  1325 I RockFFPlayer:       TITLE           : 
01-01 22:30:32.392   222  1325 I RockFFPlayer: Video Record
01-01 22:30:32.392   222  1325 I RockFFPlayer: 
01-01 22:30:32.392   222  1325 I RockFFPlayer:       ARTIST          : 
01-01 22:30:32.392   222  1325 I RockFFPlayer: (c) 2012 Android Open Source Project
01-01 22:30:32.392   222  1325 I RockFFPlayer: 
01-01 22:30:32.392   222  1325 D RockFFPlayer: send do-prepare message in
01-01 22:30:32.392   222  1325 D RockFFPlayer: enter enqueueMessage
01-01 22:30:32.392   222  1325 D RockFFPlayer: enqueueMessage:****1
01-01 22:30:32.392   222  1325 D RockFFPlayer: enqueueMessage:****2
01-01 22:30:32.392   222  1325 D RockFFPlayer: enqueueMessage:****3
01-01 22:30:32.392   222  1325 D RockFFPlayer: enqueueMessage:Message 1,set signal
01-01 22:30:32.392   222  1325 D RockFFPlayer: enqueueMessage:sync wait
01-01 22:30:32.392   222  1323 D RockFFPlayer: deliverMessage 
01-01 22:30:32.392   222  1323 D RockFFPlayer: run : dequeueMessage Message 1
01-01 22:30:32.392   222  1323 D RockFFPlayer: CMD_PREPARE
01-01 22:30:32.392   222  1323 I RockFFPlayer: doPrepare in
01-01 22:30:32.392   222  1323 I RockFFPlayer: prepareVideo
01-01 22:30:32.392   222  1323 E RockFFPlayer: mVideoStreamIndex is -1
01-01 22:30:32.392   222  1323 I RockFFPlayer: prepareAudio
01-01 22:30:32.392   222  1323 E RockFFPlayer: audio stream codec_id = 86021
01-01 22:30:32.392   222  1323 D RockFFPlayerBase: open MediaDecoder.cfg failed,so can't config anything
01-01 22:30:32.392   222  1323 D RkBitstreamManager: isBypass: 
01-01 22:30:32.393   974  1295 D GeofenceStateCache: Recovered 0 geofences.
01-01 22:30:32.394   974   974 I GCoreNlp: shouldConfirmNlp, NLP off. Ensuring opt-in disabled
01-01 22:30:32.394   222  1323 D RockFFPlayer: initAudioPlayer
01-01 22:30:32.394   222  1323 D         : Audio Format: 
01-01 22:30:32.394   222  1323 D RkBitstreamManager: isBypass: 
01-01 22:30:32.394   222  1323 D RockFFPlayer: AudioPlayer getOutputMode : 0, SPDIF mode : -1
01-01 22:30:32.394   222  1323 D RockFFPlayerBase: setAudioOutputMode output_mode : 0
01-01 22:30:32.394   222  1323 D RockFFPlayerBase: set SPDIF output mode : -1
01-01 22:30:32.394   222  1323 D AudioPlayerApi: audio player mode in: 0
01-01 22:30:32.395   222  1323 D AudioPlayerApi: audio player mode out: 0
01-01 22:30:32.395   222  1323 D RkAudioPlayer: setPlaybackRate: mSpeed = 1.000000,mPitch = 1.000000
01-01 22:30:32.395   222  1323 D RockFFPlayer: initAudioPlayer out
01-01 22:30:32.395   222  1323 I RockFFPlayer: prepareSubtitle in
01-01 22:30:32.395   222  1323 E RockFFPlayer: hasSubtitle return fail
01-01 22:30:32.395   222  1323 D AudioDecoder: decodeaudio AudioOutputMode : 0, SPDIF_MODE : -1, PlayerMode : 0
01-01 22:30:32.395   222  1323 D AudioDecoder: mStream->codec->channels = 1  mStream->codec->sample_rate = 48000
01-01 22:30:32.395   222  1323 D AudioDecoder: mStream->codec->channels = 1  mStream->codec->sample_rate = 48000
01-01 22:30:32.395   222  1323 D RockFFPlayer: createAudioDecoder: create audio decoder ok
01-01 22:30:32.395   222  1323 E RockFFPlayer: createVideoDecoder: no video stream
01-01 22:30:32.395   222  1323 E RockFFPlayer: createSubtitleDecoder: no subtitle stream
01-01 22:30:32.395   222  1323 E TraceThread: TraceThread::dumpTrace() FileName:/mnt/sdcard/trace_thread.log
01-01 22:30:32.395   222  1323 D RockFFPlayerBase: dumpStatus(): Preapared
01-01 22:30:32.395   222  1323 D RockFFPlayer: Sync master clock type - 1
01-01 22:30:32.395   222  1323 I RockFFPlayer: doPrepareFinish ok
01-01 22:30:32.395   222  1323 D RockFFPlayer: run : dequeueMessage Message 1 OK
01-01 22:30:32.395   222  1323 D RockFFPlayer: Messagecomplete type [1]
01-01 22:30:32.395   222  1323 D RockFFPlayer: run : Message 1 complete
01-01 22:30:32.395   222   222 E MediaPlayerFactory: 2019 03 30 -------- getPlayerType()111111111111 return FF_PLAYER !!!! 
01-01 22:30:32.400   222   222 I CameraClient: Opening camera 1
01-01 22:30:32.400   222   222 D CameraHal: camera_get_camera_info(1312): camera_get_camera_info(1312): camera_1 facing(1), orientation(270)
01-01 22:30:32.400   222   222 I CameraHal: camera_device_open(500): camera_device open
01-01 22:30:32.400   222   222 D CameraHal: gCameraHalLogLevel: 0
01-01 22:30:32.400   222   222 D CameraHal: CameraHal(133): it is a isp  camera
01-01 22:30:32.400   222   222 D CameraHal: Calling process is: /system/bin/mediaserver
01-01 22:30:32.400   222   222 I vpu_mem_pool: pid 222, open_vpu_memory_pool:473: success
01-01 22:30:32.401   222  1331 I vpu_mem_pool: pid 222, vpu_mem_allocator:717: vpu memory pool size (80000)
01-01 22:30:32.401   222  1331 I vpu_mem_pool: pid 222, vpu_mem_allocator:720: ion_alloc_fd success, memory fd 38
01-01 22:30:32.401   222  1331 I vpu_mem_pool: pid 222, vpu_mem_allocator:717: vpu memory pool size (160000)
01-01 22:30:32.401   222  1331 I vpu_mem_pool: pid 222, vpu_mem_allocator:720: ion_alloc_fd success, memory fd 39
01-01 22:30:32.401   222   222 E CameraHal_Marvin: HAL-MOCKUP: Open (/dev/camsys_marvin1) failed, error=(No such file or directory),try to open /dev/camsys_marvin 
01-01 22:30:32.401   222  1331 I vpu_mem_pool: pid 222, vpu_mem_allocator:717: vpu memory pool size (240000)
01-01 22:30:32.401   222  1331 I vpu_mem_pool: pid 222, vpu_mem_allocator:720: ion_alloc_fd success, memory fd 41
01-01 22:30:32.401   222  1331 I vpu_mem_pool: pid 222, vpu_mem_allocator:717: vpu memory pool size (320000)
01-01 22:30:32.401   222  1331 I vpu_mem_pool: pid 222, vpu_mem_allocator:720: ion_alloc_fd success, memory fd 43
01-01 22:30:32.401   222  1331 I vpu_mem_pool: pid 222, vpu_mem_allocator:717: vpu memory pool size (400000)
01-01 22:30:32.401   222  1331 I vpu_mem_pool: pid 222, vpu_mem_allocator:720: ion_alloc_fd success, memory fd 44
01-01 22:30:32.401   222  1331 I vpu_mem_pool: pid 222, vpu_mem_allocator:717: vpu memory pool size (480000)
01-01 22:30:32.401   222  1331 I vpu_mem_pool: pid 222, vpu_mem_allocator:720: ion_alloc_fd success, memory fd 45
01-01 22:30:32.401   222  1331 I vpu_mem_pool: pid 222, vpu_mem_allocator:717: vpu memory pool size (560000)
01-01 22:30:32.401   222  1331 I vpu_mem_pool: pid 222, vpu_mem_allocator:720: ion_alloc_fd success, memory fd 46
01-01 22:30:32.401   222  1331 I vpu_mem_pool: pid 222, vpu_mem_allocator:717: vpu memory pool size (640000)
01-01 22:30:32.401   222  1331 I vpu_mem_pool: pid 222, vpu_mem_allocator:720: ion_alloc_fd success, memory fd 47
01-01 22:30:32.401   222  1331 I vpu_mem_pool: pid 222, vpu_mem_allocator:717: vpu memory pool size (720000)
01-01 22:30:32.401   222  1331 I vpu_mem_pool: pid 222, vpu_mem_allocator:720: ion_alloc_fd success, memory fd 48
01-01 22:30:32.401   222  1331 I vpu_mem_pool: pid 222, vpu_mem_allocator:717: vpu memory pool size (800000)
01-01 22:30:32.401   222  1331 I vpu_mem_pool: pid 222, vpu_mem_allocator:720: ion_alloc_fd success, memory fd 49
01-01 22:30:32.404   222   222 E CameraHal_Marvin: CAMERIC_ISP_FLT_DRV: CamerIcIspFltSetFilterParameter: 444 (exit)
01-01 22:30:32.404   222   222 E CameraHal: disconnectCamera(1779): getFocusLimits failed!
01-01 22:30:32.429   974  1319 D SensorManager: aidl getSensorManager:android.hardware.ISensorManager$Stub$Proxy@40e25b1
01-01 22:30:32.444   535   623 E wifi    : wifi_get_supported_feature_set returned error = 0xffffffa1
01-01 22:30:32.529   974  1295 I GeofencerStateMachine: Network location disabled.
01-01 22:30:32.570   974  1319 W Settings: Setting airplane_mode_on has moved from android.provider.Settings.System to android.provider.Settings.Global, returning read-only value.
01-01 22:30:32.573   974   974 I GCoreUlr: Starting service, intent=Intent { act=com.google.android.location.reporting.ACTION_UPDATE_WORLD cmp=com.google.android.gms/com.google.android.location.reporting.service.DispatchingService (has extras) }, extras=Bundle[{receiverAction=android.location.PROVIDERS_CHANGED}]
01-01 22:30:32.585   535  1154 I ActivityManager: Start proc 1344:com.android.vending/u0a7 for broadcast com.android.vending/com.google.android.finsky.receivers.LocationProviderChangedReceiver
01-01 22:30:32.656   222   222 E CameraHal_Marvin: IMX214: Sensor_IsiCheckSensorConnectionIss RevId = 0x00000000, value = 0x00000000 
01-01 22:30:32.656   222   222 D CameraHal_Marvin: 
01-01 22:30:32.656   222   222 D CameraHal_Marvin: 
01-01 22:30:32.656   222   222 D CameraHal_Marvin: 
01-01 22:30:32.656   222   222 D CameraHal_Marvin: CameraHal Version Check:
01-01 22:30:32.656   222   222 D CameraHal_Marvin:     CamSys_Head.h version: 
01-01 22:30:32.656   222   222 D CameraHal_Marvin:        kernel: (0x) v0.b.0
01-01 22:30:32.656   222   222 D CameraHal_Marvin:        libisp_siliconimage_isp.so: (0x) v0.b.0
01-01 22:30:32.656   222   222 D CameraHal_Marvin:     LibIsp version: 
01-01 22:30:32.656   222   222 D CameraHal_Marvin:        local: (0x) v1.36.0
01-01 22:30:32.656   222   222 D CameraHal_Marvin:        camera.rk30board.so: (0x) v1.36.0
01-01 22:30:32.656   222   222 D CameraHal_Marvin:     Sensor ISI version: 
01-01 22:30:32.656   222   222 D CameraHal_Marvin:         libisp_isi_drv_XXX: (0x) v0.c.0
01-01 22:30:32.656   222   222 D CameraHal_Marvin:         libisp_siliconimage_isp.so: (0x) v0.c.0
01-01 22:30:32.657   222   222 D CameraHal_Marvin:     Tunning XML version:
01-01 22:30:32.657   222   222 D CameraHal_Marvin:         libisp_isi_drv_XXX: (09-Jun-2015_ZYL-OYYF_IMX214_50013A7_v0.1.0)
01-01 22:30:32.657   222   222 D CameraHal_Marvin:         Calibdb: (06-Jun-2018_OYYF_IMX214_guangjiao_v0.1.0)
01-01 22:30:32.657   222   222 D CameraHal_Marvin:     sensor name IMX214: 
01-01 22:30:32.657   222   222 D CameraHal_Marvin:        sensor drv version: (0x) v0.6.0
01-01 22:30:32.657   222   222 D CameraHal_Marvin: 
01-01 22:30:32.657   222   222 D CameraHal_Marvin: 
01-01 22:30:32.657   222   222 D CameraHal_Marvin: 
01-01 22:30:32.657   222   222 E CameraHal_Marvin: CAM_API_CAMENGINE: Request 640x480, Exp(>= 0.000000), Fps(>= 15fps) 
01-01 22:30:32.657   222   222 E CameraHal_Marvin: CAM_API_CAMENGINE: getPreferedSensorRes is 2104x1560@25fps
01-01 22:30:32.657   222   222 D CameraHal: setupPreview(260): isp out put format is YUV420SP.
01-01 22:30:32.657   222   222 D CameraHal: setupPreview(272): Sensor output: 2104x1560 --(0,0,2104,1560)--> User request: 640x480
01-01 22:30:32.658   222   222 E CameraHal_Marvin: IMX214: Sensor_IsiCheckSensorConnectionIss RevId = 0x00000000, value = 0x00000000 
01-01 22:30:32.658   222   222 E CameraHal_Marvin: IMX214: Sensor_IsiSetupSensorIss (enter)
01-01 22:30:32.693   974   974 V GoogleSignatureVerifier: com.google.android.gms signature not valid.  Found: 
01-01 22:30:32.693   974   974 V GoogleSignatureVerifier: MIIEQzCCAyugAwIBAgIJAMLgh0ZkSjCNMA0GCSqGSIb3DQEBBAUAMHQxCzAJBgNVBAYTAlVTMRMw
01-01 22:30:32.693   974   974 V GoogleSignatureVerifier: EQYDVQQIEwpDYWxpZm9ybmlhMRYwFAYDVQQHEw1Nb3VudGFpbiBWaWV3MRQwEgYDVQQKEwtHb29n
01-01 22:30:32.693   974   974 V GoogleSignatureVerifier: bGUgSW5jLjEQMA4GA1UECxMHQW5kcm9pZDEQMA4GA1UEAxMHQW5kcm9pZDAeFw0wODA4MjEyMzEz
01-01 22:30:32.693   974   974 V GoogleSignatureVerifier: MzRaFw0zNjAxMDcyMzEzMzRaMHQxCzAJBgNVBAYTAlVTMRMwEQYDVQQIEwpDYWxpZm9ybmlhMRYw
01-01 22:30:32.693   974   974 V GoogleSignatureVerifier: FAYDVQQHEw1Nb3VudGFpbiBWaWV3MRQwEgYDVQQKEwtHb29nbGUgSW5jLjEQMA4GA1UECxMHQW5k
01-01 22:30:32.693   974   974 V GoogleSignatureVerifier: cm9pZDEQMA4GA1UEAxMHQW5kcm9pZDCCASAwDQYJKoZIhvcNAQEBBQADggENADCCAQgCggEBAKtW
01-01 22:30:32.693   974   974 V GoogleSignatureVerifier: LgDYO6IIrgqWbxJOKdoR8qtW0I9Y4sypEwPpt1TTcvZApxsdyxMJZ2JORland2qSGT2y5b+3JKke
01-01 22:30:32.693   974   974 V GoogleSignatureVerifier: dxiLDmpHpDsz2WCbdxgxRczfey5YZnTJ4VZbH0xqWVW/8lGmPav5xVwnIiJS6HXk+BVKZF+JcWjA
01-01 22:30:32.693   974   974 V GoogleSignatureVerifier: sb/GEuq/eFdpuzSqeYTcfi6idkyugwfYwXFU1+5fZKUaRKYCwkkFQVfcAs1fXA5V+++FGfvjJ/Cx
01-01 22:30:32.693   974   974 V GoogleSignatureVerifier: URaSxaBvGdGDhfXE28LWuT9ozCl5xw4Yq5OGazvV24mZVSoOO0yZ31j7kYvtwYK6NeADwbSxDdJE
01-01 22:30:32.693   974   974 V GoogleSignatureVerifier: qO4k//0zOHKrUiGYXtqw/A0LFFtqoZKFjnkCAQOjgdkwgdYwHQYDVR0OBBYEFMd9jMIhF1Ylmn/T
01-01 22:30:32.693   974   974 V GoogleSignatureVerifier: gt9r45jk14alMIGmBgNVHSMEgZ4wgZuAFMd9jMIhF1Ylmn/Tgt9r45jk14aloXikdjB0MQswCQYD
01-01 22:30:32.693   974   974 V GoogleSignatureVerifier: VQQGEwJVUzETMBEGA1UECBMKQ2FsaWZvcm5pYTEWMBQGA1UEBxMNTW91bnRhaW4gVmlldzEUMBIG
01-01 22:30:32.693   974   974 V GoogleSignatureVerifier: A1UEChMLR29vZ2xlIEluYy4xEDAOBgNVBAsTB0FuZHJvaWQxEDAOBgNVBAMTB0FuZHJvaWSCCQDC
01-01 22:30:32.693   974   974 V GoogleSignatureVerifier: 4IdGZEowjTAMBgNVHRMEBTADAQH/MA0GCSqGSIb3DQEBBAUAA4IBAQBt0lLO74UwLDYKqs6Tm8/y
01-01 22:30:32.693   974   974 V GoogleSignatureVerifier: zKkEu116FmH4rkaymUIE0P9KaMftGlMexFlaYjzmB2OxZyl6euNXEsQH8gjwyxCUKRJNexBiGcCE
01-01 22:30:32.693   974   974 V GoogleSignatureVerifier: yj6z+a1fuHHvkiaai+KL8W1EyNmgjmyy8AW7P+LLlkR+ho5zEHatRbM/YAnqGcFh5iZBqpknHf1S
01-01 22:30:32.693   974   974 V GoogleSignatureVerifier: KMXFh4dd239FJ1jWYfbMDMy3NS5CTMQ2XFI1MvcyUTdZPErjQfTbQe3aDQsQcafEQPD+nqActifK
01-01 22:30:32.693   974   974 V GoogleSignatureVerifier: Z0Np0IS9L9kR/wbNvyz6ENwPiTrjV2KRkEjH78ZMcUQXg0L3BYHJ3lc69Vs5Ddf9uUGGMYldX3Wf
01-01 22:30:32.693   974   974 V GoogleSignatureVerifier: MBEmh/9iFBDAaTCK
01-01 22:30:32.699   974   974 I DynamiteModule: Considering local module com.google.android.gms.googlecertificates:1 and remote module com.google.android.gms.googlecertificates:1
01-01 22:30:32.699   974   974 I DynamiteModule: Selected remote version of com.google.android.gms.googlecertificates, version >= 1
01-01 22:30:32.700  1344  1344 W System  : ClassLoader referenced unknown path: /system/priv-app/GooglePlay/lib/arm
01-01 22:30:32.890   222   222 E CameraHal_Marvin: IMX214: Sensor_IsiSetupSensorIss: (exit)
01-01 22:30:32.892   222   222 E CameraHal_Marvin: HAL-MOCKUP: PHY ADDR (0x10000000),iommu addr (0x10000000)
01-01 22:30:32.895   222   222 E CameraHal_Marvin: HAL-MOCKUP: PHY ADDR (0x112ca000),iommu addr (0x112ca000)
01-01 22:30:32.897   222   222 E CameraHal_Marvin: HAL-MOCKUP: PHY ADDR (0x12594000),iommu addr (0x12594000)
01-01 22:30:32.900   222   222 E CameraHal_Marvin: HAL-MOCKUP: PHY ADDR (0x1385e000),iommu addr (0x1385e000)
01-01 22:30:32.900   222   222 E CameraHal_Marvin: IMX214: Sensor_IsiGetAfpsInfoHelperIss: (-----------oyyf enter) pAfpsInfo->AecMaxIntTime(0.000000) pSensorCtx->AecMaxIntegrationTime(0.039981)
01-01 22:30:32.909   974   974 W System  : ClassLoader referenced unknown path: /data/user/0/com.google.android.gms/app_chimera/m/00000003/n/armeabi
01-01 22:30:32.910   222   222 E CameraHal_Marvin: IMX214: Sensor_IsiGetAfpsInfoHelperIss: (-----------oyyf exit) pAfpsInfo->AecMaxIntTime(0.033303) pSensorCtx->AecMaxIntegrationTime(0.033303)
01-01 22:30:32.910   222   222 E CameraHal_Marvin: IMX214: Sensor_IsiGetAfpsInfoHelperIss: (-----------oyyf enter) pAfpsInfo->AecMaxIntTime(0.033303) pSensorCtx->AecMaxIntegrationTime(0.033303)
01-01 22:30:32.920   222   222 E CameraHal_Marvin: IMX214: Sensor_IsiGetAfpsInfoHelperIss: (-----------oyyf exit) pAfpsInfo->AecMaxIntTime(0.039981) pSensorCtx->AecMaxIntegrationTime(0.039981)
01-01 22:30:32.920   222   222 E CameraHal_Marvin: IMX214: Sensor_IsiGetAfpsInfoHelperIss: (-----------oyyf enter) pAfpsInfo->AecMaxIntTime(0.039981) pSensorCtx->AecMaxIntegrationTime(0.039981)
01-01 22:30:32.930   222   222 E CameraHal_Marvin: IMX214: Sensor_IsiGetAfpsInfoHelperIss: (-----------oyyf exit) pAfpsInfo->AecMaxIntTime(0.049997) pSensorCtx->AecMaxIntegrationTime(0.049997)
01-01 22:30:32.930   222   222 E CameraHal_Marvin: IMX214: Sensor_IsiGetAfpsInfoHelperIss: (-----------oyyf enter) pAfpsInfo->AecMaxIntTime(0.049997) pSensorCtx->AecMaxIntegrationTime(0.049997)
01-01 22:30:32.941   222   222 E CameraHal_Marvin: IMX214: Sensor_IsiGetAfpsInfoHelperIss: (-----------oyyf exit) pAfpsInfo->AecMaxIntTime(0.066690) pSensorCtx->AecMaxIntegrationTime(0.066690)
01-01 22:30:32.941   222   222 E CameraHal_Marvin: IMX214: Sensor_IsiGetAfpsInfoHelperIss: (-----------oyyf enter) pAfpsInfo->AecMaxIntTime(0.066690) pSensorCtx->AecMaxIntegrationTime(0.066690)
01-01 22:30:32.951   222   222 E CameraHal_Marvin: IMX214: Sensor_IsiGetAfpsInfoHelperIss: (-----------oyyf exit) pAfpsInfo->AecMaxIntTime(0.100077) pSensorCtx->AecMaxIntegrationTime(0.100077)
01-01 22:30:32.952   222   222 E CameraHal_Marvin: CAMERIC_ISP_FLT_DRV: CamerIcIspFltSetFilterParameterRegValue: 333 (exit) oyyf s=6 d=3 sh0=28 sh1=20 min=22
01-01 22:30:32.952   222   222 E CameraHal_Marvin: ADPF: AdpfApplyConfiguration:111 filterenable(1.000000) gain(1.000000) denoise 3, sharp 6 frame_cnt:0
01-01 22:30:32.953   222   222 E CameraHal_Marvin: IMX214: Sensor_IsiMdiFocusGet: dw9714 value = 0x00 0x00
01-01 22:30:32.953   222   222 E CameraHal_Marvin: CAMERIC_ISP_FLT_DRV: CamerIcIspFltSetFilterParameter: 444 (exit)
01-01 22:30:32.955   222   222 E CameraHal_Marvin: IMX214: Sensor_IsiCheckSensorConnectionIss RevId = 0x00000000, value = 0x00000000 
01-01 22:30:32.956   222   222 E CameraHal_Marvin: IMX214: Sensor_IsiMdiFocusGet: dw9714 value = 0x00 0x00
01-01 22:30:32.957   222   222 D CameraHal: initDefaultParameters(1224): Support Preview format: yuv420sp,yuv420p    yuv420sp(default)
01-01 22:30:32.957   222   222 D CameraHal: initDefaultParameters(1226): Support Preview sizes: 176x144,320x240,352x288,640x480,720x480,800x600,1600x1200,2048x1536,4208x3120,1280x720,1920x1080,2104x1560,2064x1548    2104x1560(default)    0x0(force)
01-01 22:30:32.957   222   222 D CameraHal: initDefaultParameters(1227): Support Preview FPS range: (3000,30000),(30000,30000)
01-01 22:30:32.957   222   222 D CameraHal: initDefaultParameters(1228): Support Preview framerate: 10,15,30
01-01 22:30:32.957   222   222 D CameraHal: initDefaultParameters(1229): Support Picture sizes: 4208x3120,4128x3096,3264x2448,2592x1944,1600x1200,640x480,352x288,320x240,176x144    4208x3120(default)
01-01 22:30:32.957   222   222 D CameraHal: initDefaultParameters(1230): Support Focus: fixed  Focus zone: 0
01-01 22:30:32.957   222   222 D CameraHal: initDefaultParameters(1233): Support AWB: auto,incandescent,fluorescent,daylight 
01-01 22:30:32.957   222   222 D CameraHal: initDefaultParameters(1234): Support FOV test h(60.000000) v(60.000000)
01-01 22:30:32.957   222   222 D CameraHal: Calling process is: /system/bin/mediaserver
01-01 22:30:32.957   222  1372 D CameraHal: commandThread(1011): commandThread(1011): receive CMD_PREVIEW_CAPTURE_CANCEL
01-01 22:30:32.957   222  1372 D CameraHal: commandThread(1019): commandThread(1019): CMD_PREVIEW_CAPTURE_CANCEL out
01-01 22:30:32.957   222   222 D CameraHal: cancelPicture(588): cancel picture OK.
01-01 22:30:32.957   222  1372 D CameraHal: commandThread(939): commandThread(939):receive CMD_PREVIEW_STOP
01-01 22:30:32.958   222  1372 D CameraHal: commandThread(960): commandThread(960): CMD_PREVIEW_STOP out
01-01 22:30:32.958   222   222 D CameraHal: stopPreview(389): stop preview OK.
01-01 22:30:32.958   222  1372 D CameraHal: commandThread(1011): commandThread(1011): receive CMD_PREVIEW_CAPTURE_CANCEL
01-01 22:30:32.958   222  1372 D CameraHal: commandThread(1019): commandThread(1019): CMD_PREVIEW_CAPTURE_CANCEL out
01-01 22:30:32.958   222   222 D CameraHal: cancelPicture(588): cancel picture OK.
01-01 22:30:32.958   222   222 I CameraFlashlight: Destroying camera 1
01-01 22:30:32.958   222   222 D CameraHal: camera_device_close(451): camera_device_close
01-01 22:30:32.958   222  1330 D CameraHal: displayThread(622): displayThread(622): receive CMD_DISPLAY_STOP
01-01 22:30:32.958   222  1330 D CameraHal: cameraDisplayBufferDestory(399): cameraDisplayBufferDestory(399): mANativeWindow is NULL, destory is ignore
01-01 22:30:32.958   222  1333 D CameraHal: encProcessThread(1658): encProcessThread(1658): receive CMD_ENCPROCESS_EXIT
01-01 22:30:32.959   222   222 I vpu_mem_pool: pid 222, close_vpu_memory_pool:501: vpu memory pool size (720000)
01-01 22:30:32.959   222   222 I vpu_mem_pool: pid 222, close_vpu_memory_pool:501: vpu memory pool size (640000)
01-01 22:30:32.959   222   222 I vpu_mem_pool: pid 222, close_vpu_memory_pool:501: vpu memory pool size (560000)
01-01 22:30:32.959   222   222 I vpu_mem_pool: pid 222, close_vpu_memory_pool:501: vpu memory pool size (480000)
01-01 22:30:32.959   222   222 I vpu_mem_pool: pid 222, close_vpu_memory_pool:501: vpu memory pool size (400000)
01-01 22:30:32.959   222   222 I vpu_mem_pool: pid 222, close_vpu_memory_pool:501: vpu memory pool size (320000)
01-01 22:30:32.959   222   222 I vpu_mem_pool: pid 222, close_vpu_memory_pool:501: vpu memory pool size (240000)
01-01 22:30:32.959   222   222 I vpu_mem_pool: pid 222, close_vpu_memory_pool:501: vpu memory pool size (160000)
01-01 22:30:32.959   222   222 I vpu_mem_pool: pid 222, close_vpu_memory_pool:501: vpu memory pool size (80000)
01-01 22:30:32.959   222   222 I vpu_mem_pool: pid 222, close_vpu_memory_pool:501: vpu memory pool size (0)
01-01 22:30:32.959   222   222 I vpu_mem_pool: pid 222, close_vpu_memory_pool:552: 
01-01 22:30:33.065   222   222 E CameraHal_Marvin: IMX214:  STREAM OFF ++++++++++++++
01-01 22:30:33.080   222  1372 D CameraHal: commandThread(1124): commandThread(1124): receive CMD_EXIT
01-01 22:30:33.080   222   222 D CameraHal: ~CameraHal(302): CameraHal destory success
01-01 22:30:33.081   222   222 I CameraService: disconnect: Disconnected client for camera 1 for PID 222
01-01 22:30:33.081   222   222 D RockFFPlayer: reset: in
01-01 22:30:33.081   222   222 D RockFFPlayerBase: dumpStatus(): Preapared
01-01 22:30:33.081   222   222 D RockFFPlayer: reset: stop_l in
01-01 22:30:33.081   222   222 D RockFFPlayer: stop_l: in
01-01 22:30:33.081   222   222 D RockFFPlayer: enter enqueueMessage
01-01 22:30:33.081   222   222 D RockFFPlayer: enqueueMessage:****1
01-01 22:30:33.081   222   222 D RockFFPlayer: enqueueMessage:****2
01-01 22:30:33.081   222   222 D RockFFPlayer: enqueueMessage:****3
01-01 22:30:33.081   222   222 D RockFFPlayer: enqueueMessage:Message 1,set signal
01-01 22:30:33.081   222   222 D RockFFPlayer: enqueueMessage:sync wait
01-01 22:30:33.081   222  1318 D RockFFPlayer: deliverMessage 
01-01 22:30:33.081   222  1318 D RockFFPlayer: run : dequeueMessage Message 4
01-01 22:30:33.081   222  1318 D RockFFPlayer: CMD_STOP
01-01 22:30:33.081   222  1318 D RockFFPlayer: doStop: in
01-01 22:30:33.081   222  1318 D RockFFPlayerBase: dumpStatus(): Preapared
01-01 22:30:33.081   222  1318 D RockFFPlayerBase: dumpStatus(): Stopped
01-01 22:30:33.081   222  1318 D RockFFPlayer: doRelease: in
01-01 22:30:33.081   222  1318 I FFIDecoder: waiting on end of decoder thread
01-01 22:30:33.081   222  1318 E FFMpegThread: DecoderAudio,wait
01-01 22:30:33.081   222  1318 E RockFFPlayerBase: FFMPlayerBase::flushRenderQueue in
01-01 22:30:33.081   222  1318 E RockFFPlayerBase: FFMPlayerBase::flushRenderQueue out
01-01 22:30:33.081   222  1318 D RockFFPlayer: doRelease: ok
01-01 22:30:33.081   222  1318 D RockFFPlayer: doStop: ok
01-01 22:30:33.081   222  1318 D RockFFPlayer: run : dequeueMessage Message 4 OK
01-01 22:30:33.081   222  1318 D RockFFPlayer: Messagecomplete type [4]
01-01 22:30:33.081   222  1318 D RockFFPlayer: run : Message 4 complete
01-01 22:30:33.082   222   222 D RockFFPlayer: enqueueMessage:sync wait ok
01-01 22:30:33.082   222   222 D RockFFPlayer: stop_l: clear queue ok
01-01 22:30:33.082   222  1374 D RockFFPlayer: CancelThread: in
01-01 22:30:33.082   222   222 D RockFFPlayer: stop_l: create cancel thread ok
01-01 22:30:33.082   222   222 D RockFFPlayer: stop_l: ok
01-01 22:30:33.082   222   222 D RockFFPlayer: enter enqueueMessage
01-01 22:30:33.082   222   222 D RockFFPlayer: enqueueMessage:****1
01-01 22:30:33.082   222   222 D RockFFPlayer: enqueueMessage:****2
01-01 22:30:33.082   222   222 D RockFFPlayer: enqueueMessage:****3
01-01 22:30:33.082   222   222 D RockFFPlayer: enqueueMessage:Message 1,set signal
01-01 22:30:33.082   222   222 D RockFFPlayer: enqueueMessage:sync wait
01-01 22:30:33.082   222  1318 D RockFFPlayer: deliverMessage 
01-01 22:30:33.082   222  1318 D RockFFPlayer: run : dequeueMessage Message 11
01-01 22:30:33.082   222  1318 D RockFFPlayer: CMD_RESET
01-01 22:30:33.082   222  1318 D RockFFPlayerBase: dumpStatus(): Idle
01-01 22:30:33.082   222  1318 D RockFFPlayer: doReset ok
01-01 22:30:33.082   222  1318 D RockFFPlayer: run : dequeueMessage Message 11 OK
01-01 22:30:33.082   222  1318 D RockFFPlayer: Messagecomplete type [11]
01-01 22:30:33.082   222  1318 D RockFFPlayer: run : Message 11 complete
01-01 22:30:33.082   222   222 D RockFFPlayer: enqueueMessage:sync wait ok
01-01 22:30:33.082   222   222 D RockFFPlayer: reset: do reset ok
01-01 22:30:33.082   222  1318 D RockFFPlayer: signal thread out
01-01 22:30:33.082   222  1318 D RockFFPlayer: sched_thread out
01-01 22:30:33.082   222   222 D RockFFPlayer: stop:wait is ok
01-01 22:30:33.082   222   222 D RockFFPlayer: stop:ok
01-01 22:30:33.082   222   222 D RockFFPlayer: ~RkMessageQueue
01-01 22:30:33.082   222   222 D RockFFPlayer: reset: reset ok
01-01 22:30:33.082   222   222 E FFPlayer: ~FFPlayer
01-01 22:30:33.082   222   222 D RockFFPlayer: reset: in
01-01 22:30:33.082   222   222 D RockFFPlayerBase: dumpStatus(): Idle
01-01 22:30:33.082   222   222 D RockFFPlayer: reset: in idle status, already reset
01-01 22:30:33.082   222   222 D RockFFPlayer: ~FFMPlayer in
01-01 22:30:33.082   222   222 D RockFFPlayer: reset: in
01-01 22:30:33.082   222   222 D RockFFPlayerBase: dumpStatus(): Idle
01-01 22:30:33.082   222   222 D RockFFPlayer: reset: in idle status, already reset
01-01 22:30:33.082   222  1320 I RockFFPlayer: readthread end of playing
01-01 22:30:33.082   222  1374 D FFMpegThread: DecoderAudio:~PlayerThread enter mThreadStatus=-1
01-01 22:30:33.083   222  1374 E RockFFPlayerBase: closeContext : in
01-01 22:30:33.083   222  1374 E RockFFPlayerBase: closeContext : out
01-01 22:30:33.083   222  1374 D RockFFPlayer: CancelThread: ok
01-01 22:30:33.083   222   222 D RockFFPlayer: ~FFMediaSource
01-01 22:30:33.083   222   222 D RockFFPlayer: FFMediaSource context null. 
01-01 22:30:33.083   222   222 E TraceThread:     VsyncReciver(tid = 2997594416)--> [UID=36a40b87] pthread_join begin-->player = 0xb7b1e150
01-01 22:30:33.096   222   222 E TraceThread:     VsyncReciver(tid = 2997594416)--> [UID=36a40b87] pthread_join   end-->player = 0xb7b1e150
01-01 22:30:33.096   222   222 D VsyncReciver: stop_l:vsyncThread down
01-01 22:30:33.096   222   222 E TraceThread:     RockFFPlayer(tid = 3069770548)--> [UID=36a40b87] ~FFMPlayer Destruction; object=0xb7b1e150
01-01 22:30:33.096   222   222 D RockFFPlayer: ~FFMPlayer ok
01-01 22:30:33.097   222   222 D RockFFPlayerBase: ~FFMPlayerBase(():mDequeueThread down
01-01 22:30:33.097   222   222 D RockFFPlayerBase: ~RkMessageHandler
01-01 22:30:33.097   222   222 D RockFFPlayer: reset: in
01-01 22:30:33.097   222   222 D RockFFPlayerBase: dumpStatus(): Preapared
01-01 22:30:33.097   222   222 D RockFFPlayer: reset: stop_l in
01-01 22:30:33.097   222   222 D RockFFPlayer: stop_l: in
01-01 22:30:33.097   222   222 D RockFFPlayer: enter enqueueMessage
01-01 22:30:33.097   222   222 D RockFFPlayer: enqueueMessage:****1
01-01 22:30:33.097   222   222 D RockFFPlayer: enqueueMessage:****2
01-01 22:30:33.097   222   222 D RockFFPlayer: enqueueMessage:****3
01-01 22:30:33.097   222   222 D RockFFPlayer: enqueueMessage:Message 1,set signal
01-01 22:30:33.097   222   222 D RockFFPlayer: enqueueMessage:sync wait
01-01 22:30:33.097   222  1323 D RockFFPlayer: deliverMessage 
01-01 22:30:33.097   222  1323 D RockFFPlayer: run : dequeueMessage Message 4
01-01 22:30:33.097   222  1323 D RockFFPlayer: CMD_STOP
01-01 22:30:33.097   222  1323 D RockFFPlayer: doStop: in
01-01 22:30:33.097   222  1323 D RockFFPlayerBase: dumpStatus(): Preapared
01-01 22:30:33.097   222  1323 D RockFFPlayerBase: dumpStatus(): Stopped
01-01 22:30:33.098   222  1323 D RockFFPlayer: doRelease: in
01-01 22:30:33.098   222  1323 I FFIDecoder: waiting on end of decoder thread
01-01 22:30:33.098   222  1323 E FFMpegThread: DecoderAudio,wait
01-01 22:30:33.098   222  1323 E RockFFPlayerBase: FFMPlayerBase::flushRenderQueue in
01-01 22:30:33.098   222  1323 E RockFFPlayerBase: FFMPlayerBase::flushRenderQueue out
01-01 22:30:33.098   222  1323 D RockFFPlayer: doRelease: ok
01-01 22:30:33.098   222  1323 D RockFFPlayer: doStop: ok
01-01 22:30:33.098   222  1323 D RockFFPlayer: run : dequeueMessage Message 4 OK
01-01 22:30:33.098   222  1323 D RockFFPlayer: Messagecomplete type [4]
01-01 22:30:33.098   222  1323 D RockFFPlayer: run : Message 4 complete
01-01 22:30:33.098   222   222 D RockFFPlayer: enqueueMessage:sync wait ok
01-01 22:30:33.098   222   222 D RockFFPlayer: stop_l: clear queue ok
01-01 22:30:33.098   222   222 D RockFFPlayer: stop_l: create cancel thread ok
01-01 22:30:33.098   222  1375 D RockFFPlayer: CancelThread: in
01-01 22:30:33.098   222   222 D RockFFPlayer: stop_l: ok
01-01 22:30:33.098   222   222 D RockFFPlayer: enter enqueueMessage
01-01 22:30:33.098   222   222 D RockFFPlayer: enqueueMessage:****1
01-01 22:30:33.098   222   222 D RockFFPlayer: enqueueMessage:****2
01-01 22:30:33.098   222   222 D RockFFPlayer: enqueueMessage:****3
01-01 22:30:33.098   222   222 D RockFFPlayer: enqueueMessage:Message 1,set signal
01-01 22:30:33.098   222   222 D RockFFPlayer: enqueueMessage:sync wait
01-01 22:30:33.098   222  1323 D RockFFPlayer: deliverMessage 
01-01 22:30:33.098   222  1323 D RockFFPlayer: run : dequeueMessage Message 11
01-01 22:30:33.098   222  1323 D RockFFPlayer: CMD_RESET
01-01 22:30:33.098   222  1323 D RockFFPlayerBase: dumpStatus(): Idle
01-01 22:30:33.098   222  1323 D RockFFPlayer: doReset ok
01-01 22:30:33.098   222  1323 D RockFFPlayer: run : dequeueMessage Message 11 OK
01-01 22:30:33.098   222  1323 D RockFFPlayer: Messagecomplete type [11]
01-01 22:30:33.098   222  1323 D RockFFPlayer: run : Message 11 complete
01-01 22:30:33.098   222   222 D RockFFPlayer: enqueueMessage:sync wait ok
01-01 22:30:33.098   222   222 D RockFFPlayer: reset: do reset ok
01-01 22:30:33.098   222  1323 D RockFFPlayer: signal thread out
01-01 22:30:33.098   222  1323 D RockFFPlayer: sched_thread out
01-01 22:30:33.098   222   222 D RockFFPlayer: stop:wait is ok
01-01 22:30:33.098   222   222 D RockFFPlayer: stop:ok
01-01 22:30:33.098   222   222 D RockFFPlayer: ~RkMessageQueue
01-01 22:30:33.098   222   222 D RockFFPlayer: reset: reset ok
01-01 22:30:33.098   222   222 E FFPlayer: ~FFPlayer
01-01 22:30:33.098   222   222 D RockFFPlayer: reset: in
01-01 22:30:33.098   222   222 D RockFFPlayerBase: dumpStatus(): Idle
01-01 22:30:33.098   222   222 D RockFFPlayer: reset: in idle status, already reset
01-01 22:30:33.098   222   222 D RockFFPlayer: ~FFMPlayer in
01-01 22:30:33.098   222   222 D RockFFPlayer: reset: in
01-01 22:30:33.098   222   222 D RockFFPlayerBase: dumpStatus(): Idle
01-01 22:30:33.098   222   222 D RockFFPlayer: reset: in idle status, already reset
01-01 22:30:33.099   222  1325 I RockFFPlayer: readthread end of playing
01-01 22:30:33.099   222  1375 D FFMpegThread: DecoderAudio:~PlayerThread enter mThreadStatus=-1
01-01 22:30:33.099   222  1375 E RockFFPlayerBase: closeContext : in
01-01 22:30:33.099   222  1375 E RockFFPlayerBase: closeContext : out
01-01 22:30:33.099   222  1375 D RockFFPlayer: CancelThread: ok
01-01 22:30:33.100   222   222 D RockFFPlayer: ~FFMediaSource
01-01 22:30:33.100   222   222 D RockFFPlayer: FFMediaSource context null. 
01-01 22:30:33.100   222   222 E TraceThread:     VsyncReciver(tid = 2993416496)--> [UID=36a40b87] pthread_join begin-->player = 0xb7b113d8
01-01 22:30:33.114   222   222 E TraceThread:     VsyncReciver(tid = 2993416496)--> [UID=36a40b87] pthread_join   end-->player = 0xb7b113d8
01-01 22:30:33.114   222   222 D VsyncReciver: stop_l:vsyncThread down
01-01 22:30:33.114   222   222 E TraceThread:     RockFFPlayer(tid = 3069770548)--> [UID=36a40b87] ~FFMPlayer Destruction; object=0xb7b113d8
01-01 22:30:33.114   222   222 D RockFFPlayer: ~FFMPlayer ok
01-01 22:30:33.114   222   222 D RockFFPlayerBase: ~FFMPlayerBase(():mDequeueThread down
01-01 22:30:33.114   222   222 D RockFFPlayerBase: ~RkMessageHandler
01-01 22:30:33.114   222   222 D RockFFPlayer: reset: in
01-01 22:30:33.114   222   222 D RockFFPlayerBase: dumpStatus(): Error status
01-01 22:30:33.114   222   222 D RockFFPlayer: reset: stop_l in
01-01 22:30:33.114   222   222 D RockFFPlayer: stop_l: in
01-01 22:30:33.114   222   222 D RockFFPlayer: enter enqueueMessage
01-01 22:30:33.114   222   222 D RockFFPlayer: enqueueMessage:****1
01-01 22:30:33.114   222   222 D RockFFPlayer: enqueueMessage:****2
01-01 22:30:33.114   222   222 D RockFFPlayer: enqueueMessage:****3
01-01 22:30:33.114   222   222 D RockFFPlayer: enqueueMessage:Message 1,set signal
01-01 22:30:33.114   222   222 D RockFFPlayer: enqueueMessage:sync wait
01-01 22:30:33.114   222  1328 D RockFFPlayer: deliverMessage 
01-01 22:30:33.114   222  1328 D RockFFPlayer: run : dequeueMessage Message 4
01-01 22:30:33.114   222  1328 D RockFFPlayer: CMD_STOP
01-01 22:30:33.114   222  1328 D RockFFPlayer: doStop: in
01-01 22:30:33.114   222  1328 D RockFFPlayerBase: dumpStatus(): Error status
01-01 22:30:33.114   222  1328 D RockFFPlayerBase: dumpStatus(): Stopped
01-01 22:30:33.114   222  1328 D RockFFPlayer: doRelease: in
01-01 22:30:33.114   222  1328 D RockFFPlayer: FFMediaSource setExit, but context null
01-01 22:30:33.114   222  1328 E RockFFPlayerBase: FFMPlayerBase::flushRenderQueue in
01-01 22:30:33.114   222  1328 E RockFFPlayerBase: FFMPlayerBase::flushRenderQueue out
01-01 22:30:33.114   222  1328 D RockFFPlayer: doRelease: ok
01-01 22:30:33.114   222  1328 D RockFFPlayer: doStop: ok
01-01 22:30:33.114   222  1328 D RockFFPlayer: run : dequeueMessage Message 4 OK
01-01 22:30:33.114   222  1328 D RockFFPlayer: Messagecomplete type [4]
01-01 22:30:33.115   222  1328 D RockFFPlayer: run : Message 4 complete
01-01 22:30:33.115   222   222 D RockFFPlayer: enqueueMessage:sync wait ok
01-01 22:30:33.115   222   222 D RockFFPlayer: stop_l: clear queue ok
01-01 22:30:33.115   222  1376 D RockFFPlayer: CancelThread: in
01-01 22:30:33.115   222   222 D RockFFPlayer: stop_l: create cancel thread ok
01-01 22:30:33.115   222   222 D RockFFPlayer: stop_l: ok
01-01 22:30:33.115   222   222 D RockFFPlayer: enter enqueueMessage
01-01 22:30:33.115   222   222 D RockFFPlayer: enqueueMessage:****1
01-01 22:30:33.115   222   222 D RockFFPlayer: enqueueMessage:****2
01-01 22:30:33.115   222   222 D RockFFPlayer: enqueueMessage:****3
01-01 22:30:33.115   222   222 D RockFFPlayer: enqueueMessage:Message 1,set signal
01-01 22:30:33.115   222   222 D RockFFPlayer: enqueueMessage:sync wait
01-01 22:30:33.115   222  1328 D RockFFPlayer: deliverMessage 
01-01 22:30:33.115   222  1328 D RockFFPlayer: run : dequeueMessage Message 11
01-01 22:30:33.115   222  1328 D RockFFPlayer: CMD_RESET
01-01 22:30:33.115   222  1328 D RockFFPlayerBase: dumpStatus(): Idle
01-01 22:30:33.115   222  1328 D RockFFPlayer: doReset ok
01-01 22:30:33.115   222  1328 D RockFFPlayer: run : dequeueMessage Message 11 OK
01-01 22:30:33.115   222  1328 D RockFFPlayer: Messagecomplete type [11]
01-01 22:30:33.115   222  1328 D RockFFPlayer: run : Message 11 complete
01-01 22:30:33.115   222   222 D RockFFPlayer: enqueueMessage:sync wait ok
01-01 22:30:33.115   222   222 D RockFFPlayer: reset: do reset ok
01-01 22:30:33.115   222  1376 D RockFFPlayer: processAsyncExit: wait message thread
01-01 22:30:33.115   222  1328 D RockFFPlayer: signal thread out
01-01 22:30:33.115   222  1328 D RockFFPlayer: sched_thread out
01-01 22:30:33.115   222   222 D RockFFPlayer: stop:wait is ok
01-01 22:30:33.115   222   222 D RockFFPlayer: stop:ok
01-01 22:30:33.115   222   222 D RockFFPlayer: ~RkMessageQueue
01-01 22:30:33.115   222   222 D RockFFPlayer: reset: reset ok
01-01 22:30:33.115   222  1376 E RockFFPlayerBase: closeContext : in
01-01 22:30:33.115   222   222 E FFPlayer: ~FFPlayer
01-01 22:30:33.115   222  1376 D RockFFPlayer: FFMediaSource context null. 
01-01 22:30:33.115   222  1376 E RockFFPlayerBase: closeContext : out
01-01 22:30:33.115   222   222 D RockFFPlayer: reset: in
01-01 22:30:33.115   222  1376 D RockFFPlayer: CancelThread: ok
01-01 22:30:33.115   222   222 D RockFFPlayerBase: dumpStatus(): Idle
01-01 22:30:33.115   222   222 D RockFFPlayer: reset: in idle status, already reset
01-01 22:30:33.115   222   222 D RockFFPlayer: ~FFMPlayer in
01-01 22:30:33.115   222   222 D RockFFPlayer: reset: in
01-01 22:30:33.115   222   222 D RockFFPlayerBase: dumpStatus(): Idle
01-01 22:30:33.115   222   222 D RockFFPlayer: reset: in idle status, already reset
01-01 22:30:33.115   222   222 D RockFFPlayer: ~FFMediaSource
01-01 22:30:33.115   222   222 D RockFFPlayer: FFMediaSource context null. 
01-01 22:30:33.115   222   222 E TraceThread:     VsyncReciver(tid = 2989238576)--> [UID=36a40b87] pthread_join begin-->player = 0xb7b27c50
01-01 22:30:33.127   974   989 W art     : Suspending all threads took: 139.324ms
01-01 22:30:33.132   222   222 E TraceThread:     VsyncReciver(tid = 2989238576)--> [UID=36a40b87] pthread_join   end-->player = 0xb7b27c50
01-01 22:30:33.132   222   222 D VsyncReciver: stop_l:vsyncThread down
01-01 22:30:33.132   222   222 E TraceThread:     RockFFPlayer(tid = 3069770548)--> [UID=36a40b87] ~FFMPlayer Destruction; object=0xb7b27c50
01-01 22:30:33.132   222   222 D RockFFPlayer: ~FFMPlayer ok
