01-01 22:30:41.128  1554  1603 I BluetoothAdapterState: Deferring BLE_TURN_OFF request...
01-01 22:30:41.146  1691  1786 W art     : Verification of void ker.A() took 156.829ms
01-01 22:30:41.147  1554  1806 I bt_btm_sec: BTM_SecRegister p_cb_info->p_le_callback == 0x0xa1e3e599
01-01 22:30:41.147  1554  1806 I bt_btm_sec: BTM_SecRegister btm_cb.api.p_le_callback = 0x0xa1e3e599 
01-01 22:30:41.154  1691  1775 W GooglePlayServicesUtil: Google Play services out of date.  Requires 11910000 but found 9083436
01-01 22:30:41.157  1554  1609 I bt_btif_storage: btif_storage_get_adapter_property service_mask:0x20000000
01-01 22:30:41.157  1554  1609 D BluetoothAdapterProperties: Address is:CC:4B:73:82:13:37
01-01 22:30:41.159  1554  1609 D BluetoothAdapterProperties: Name is: dalek1
01-01 22:30:41.159  1554  1609 D BluetoothAdapterProperties: Scan Mode:20
01-01 22:30:41.160  1554  1609 D BluetoothAdapterProperties: Discoverable Timeout:120
01-01 22:30:41.160  1554  1609 D bt_hci  : do_postload posting postload work item
01-01 22:30:41.160  1554  1616 I bt_hci  : event_postload
01-01 22:30:41.160  1554  1616 D bt_vendor: SCO config
01-01 22:30:41.160  1554  1616 I bt_vendor: sco_config_cb
01-01 22:30:41.160  1554  1616 I bt_hci  : sco_config_callback postload finished.
01-01 22:30:41.182  1554  1609 D bt_bte_conf: Device ID record 1 : primary
01-01 22:30:41.182  1554  1609 D bt_bte_conf:   vendorId            = 000f
01-01 22:30:41.182  1554  1609 D bt_bte_conf:   vendorIdSource      = 0001
01-01 22:30:41.182  1554  1609 D bt_bte_conf:   product             = 1200
01-01 22:30:41.182  1554  1609 D bt_bte_conf:   version             = 1436
01-01 22:30:41.182  1554  1609 D bt_bte_conf:   clientExecutableURL = 
01-01 22:30:41.182  1554  1609 D bt_bte_conf:   serviceDescription  = 
01-01 22:30:41.182  1554  1609 D bt_bte_conf:   documentationURL    = 
01-01 22:30:41.182  1554  1609 D bt_bte_conf: bte_load_did_conf no section named DID2.
01-01 22:30:41.183  1554  1604 D bt_stack_manager: event_start_up_stack finished
01-01 22:30:41.183  1554  1603 D BluetoothAdapterState: Current state: PENDING_COMMAND, message: 3
01-01 22:30:41.183  1554  1603 D BluetoothAdapterProperties: Setting state to 15
01-01 22:30:41.183  1554  1603 I BluetoothAdapterState: Bluetooth adapter state changed: 14-> 15
01-01 22:30:41.184  1554  1603 I BluetoothAdapterState: Entering BleOnState
01-01 22:30:41.184  1554  1603 D BluetoothAdapterState: Current state: BLE ON, message: 23
01-01 22:30:41.186  1554  1603 D BluetoothAdapterState: Current state: BLE ON, message: 1
01-01 22:30:41.186  1554  1603 D BluetoothAdapterProperties: Setting state to 11
01-01 22:30:41.186  1554  1603 I BluetoothAdapterState: Bluetooth adapter state changed: 15-> 11
01-01 22:30:41.189  1554  1554 D BluetoothAdapterService: getAdapterService() - returning com.android.bluetooth.btservice.AdapterService@5a3dfa
01-01 22:30:41.191  1554  1554 D A2dpSinkService: Received start request. Starting profile...
01-01 22:30:41.191  1554  1554 I BluetoothA2dpSinkServiceJni: classInitNative: succeeds
01-01 22:30:41.191  1554  1554 D A2dpSinkStateMachine: make
01-01 22:30:41.194  1554  1554 I bt_bluedroid: get_profile_interface a2dp_sink
01-01 22:30:41.194  1554  1554 E bt_btif : ## A2DP START MEDIA THREAD ##
01-01 22:30:41.197  1554  1816 E bt_btif : SETUP CHANNEL SERVER 0
01-01 22:30:41.197  1554  1609 I bt_btif_storage: btif_storage_get_adapter_property service_mask:0x20040008
01-01 22:30:41.198  1554  1609 I bt_btif_storage: btif_storage_get_adapter_property service_mask:0x20040008
01-01 22:30:41.200  1554  1603 I BluetoothAdapterState: Entering PendingCommandState
01-01 22:30:41.205  1554  1815 D A2dpSinkStateMachine: Enter Disconnected: -2
01-01 22:30:41.205  1554  1815 D A2dpSinkStateMachine: stopPcmRead false
01-01 22:30:41.205  1554  1815 D A2dpSinkStateMachine: audioPause false
01-01 22:30:41.205  1554  1554 I BluetoothHidServiceJni: classInitNative: succeeds
01-01 22:30:41.207  1554  1554 D BluetoothAdapterService: getAdapterService() - returning com.android.bluetooth.btservice.AdapterService@5a3dfa
01-01 22:30:41.208  1554  1554 D HidService: Received start request. Starting profile...
01-01 22:30:41.208  1554  1554 I bt_bluedroid: get_profile_interface hidhost
01-01 22:30:41.208  1554  1554 D HidService: setHidService(): set to: null
01-01 22:30:41.209  1554  1554 I BluetoothHealthServiceJni: classInitNative: succeeds
01-01 22:30:41.210  1554  1554 D BluetoothAdapterService: getAdapterService() - returning com.android.bluetooth.btservice.AdapterService@5a3dfa
01-01 22:30:41.210   686   686 D BluetoothInputDevice: Proxy object connected
01-01 22:30:41.211   686   686 D HidProfile: Bluetooth service connected
01-01 22:30:41.211  1554  1609 I bt_bta_hh: BTA_HhEnable sec_mask:0x36 p_cback:0xa1e1f409
01-01 22:30:41.211  1554  1609 I bt_btif_storage: btif_storage_get_adapter_property service_mask:0x20140008
01-01 22:30:41.212  1554  1554 D HealthService: Received start request. Starting profile...
01-01 22:30:41.213  1554  1554 I bt_bluedroid: get_profile_interface health
01-01 22:30:41.216  1554  1554 I BluetoothPanServiceJni: classInitNative(L105): succeeds
01-01 22:30:41.216  1554  1554 D BluetoothAdapterService: getAdapterService() - returning com.android.bluetooth.btservice.AdapterService@5a3dfa
01-01 22:30:41.218   686   686 D BluetoothPan: BluetoothPAN Proxy object connected
01-01 22:30:41.218  1554  1554 D PanService: Received start request. Starting profile...
01-01 22:30:41.219   686   686 D PanProfile: Bluetooth service connected
01-01 22:30:41.219  1554  1554 D BluetoothPanServiceJni: initializeNative(L110): pan
01-01 22:30:41.219  1554  1554 I bt_bluedroid: get_profile_interface pan
01-01 22:30:41.219  1554  1609 D BluetoothPanServiceJni: control_state_callback(L61): state:0, local_role:3, ifname:bt-pan
01-01 22:30:41.221  1554  1554 D BluetoothAdapterService: getAdapterService() - returning com.android.bluetooth.btservice.AdapterService@5a3dfa
01-01 22:30:41.222  1554  1554 D HeadsetClientService: Received start request. Starting profile...
01-01 22:30:41.222  1554  1554 I BluetoothHeadsetClientServiceJni: classInitNative succeeds
01-01 22:30:41.223  1554  1554 D HeadsetClientStateMachine: make
01-01 22:30:41.251   224   632 E MediaPlayerFactory: 2019 03 30 -------- getPlayerType()---------------- 234 !!!! 
01-01 22:30:41.251   224   632 E MediaPlayerFactory: filePath = /system/media/audio/alarms/Alarm_Classic.ogg 
01-01 22:30:41.251   224   632 E MediaPlayerFactory: 2019 03 30 -------- getPlayerType()---------------- return STAGEFRIGHT_PLAYER !!!! 
01-01 22:30:41.251   224   632 I AwesomePlayer: AwesomePlayer::AwesomePlayer()in
01-01 22:30:41.251   224   632 I AwesomePlayer: AwesomePlayer::AwesomePlayer()aftermClient.connect()
01-01 22:30:41.257   224   632 D AwesomePlayer: the format is mimeTypeapplication/ogg,confidence:0.200000
01-01 22:30:41.271   224  1821 I OMXCodec: --->InstantiateSoftwareCodec create OMX.google.vorbis.decoder codec
01-01 22:30:41.273  1554  1554 D MediaPlayer: setSubtitleAnchor in MediaPlayer
01-01 22:30:41.277  1554  1554 D Ringtone: Successfully created local player
01-01 22:30:41.277  1554  1554 I bt_bluedroid: get_profile_interface handsfree_client
01-01 22:30:41.278  1554  1820 D HeadsetClientStateMachine: Enter Disconnected: -2
01-01 22:30:41.278  1554  1609 I bt_btif_storage: btif_storage_get_adapter_property service_mask:0x21140008
01-01 22:30:41.285  1554  1554 I BluetoothAvrcpControllerJni: classInitNative: succeeds
01-01 22:30:41.285  1554  1554 I bt_bluedroid: get_profile_interface avrcp_ctrl
01-01 22:30:41.286  1554  1554 D BluetoothAdapterService: getAdapterService() - returning com.android.bluetooth.btservice.AdapterService@5a3dfa
01-01 22:30:41.287   700   700 D BluetoothAvrcpController: Proxy object connected
01-01 22:30:41.288  1554  1554 D AvrcpControllerService: Received start request. Starting profile...
01-01 22:30:41.290  1554  1554 V BluetoothAdapterState: isTurningOff()=false
01-01 22:30:41.290  1554  1554 V BluetoothAdapterState: isTurningOn()=true
01-01 22:30:41.291  1554  1554 V BluetoothAdapterState: isBleTurningOn()=false
01-01 22:30:41.291  1554  1554 V BluetoothAdapterState: isBleTurningOff()=false
01-01 22:30:41.291  1554  1554 V BluetoothAdapterState: isTurningOff()=false
01-01 22:30:41.291  1554  1554 V BluetoothAdapterState: isTurningOn()=true
01-01 22:30:41.291  1554  1554 V BluetoothAdapterState: isBleTurningOn()=false
01-01 22:30:41.291  1554  1554 V BluetoothAdapterState: isBleTurningOff()=false
01-01 22:30:41.291  1554  1554 V BluetoothAdapterState: isTurningOff()=false
01-01 22:30:41.291  1554  1554 V BluetoothAdapterState: isTurningOn()=true
01-01 22:30:41.291  1554  1554 V BluetoothAdapterState: isBleTurningOn()=false
01-01 22:30:41.291  1554  1554 V BluetoothAdapterState: isBleTurningOff()=false
01-01 22:30:41.291  1554  1554 V BluetoothAdapterState: isTurningOff()=false
01-01 22:30:41.291  1554  1554 V BluetoothAdapterState: isTurningOn()=true
01-01 22:30:41.291  1554  1554 V BluetoothAdapterState: isBleTurningOn()=false
01-01 22:30:41.291  1554  1554 V BluetoothAdapterState: isBleTurningOff()=false
01-01 22:30:41.300  1554  1554 V BluetoothAdapterState: isTurningOff()=false
01-01 22:30:41.300  1554  1554 V BluetoothAdapterState: isTurningOn()=true
01-01 22:30:41.300  1554  1554 V BluetoothAdapterState: isBleTurningOn()=false
01-01 22:30:41.300  1554  1554 V BluetoothAdapterState: isBleTurningOff()=false
01-01 22:30:41.300  1691  1775 W GooglePlayServicesUtil: Google Play services out of date.  Requires 11910000 but found 9083436
01-01 22:30:41.300  1554  1554 V BluetoothAdapterState: isTurningOff()=false
01-01 22:30:41.301  1554  1554 V BluetoothAdapterState: isTurningOn()=true
01-01 22:30:41.301  1554  1554 V BluetoothAdapterState: isBleTurningOn()=false
01-01 22:30:41.301  1554  1554 V BluetoothAdapterState: isBleTurningOff()=false
01-01 22:30:41.301  1554  1603 D BluetoothAdapterState: Current state: PENDING_COMMAND, message: 2
01-01 22:30:41.301  1554  1603 D BluetoothAdapterProperties: ScanMode =  20
01-01 22:30:41.301  1554  1603 D BluetoothAdapterProperties: State =  11
01-01 22:30:41.302  1554  1603 D BluetoothAdapterProperties: Setting state to 12
01-01 22:30:41.302  1554  1603 I BluetoothAdapterState: Bluetooth adapter state changed: 11-> 12
01-01 22:30:41.302  1554  1603 I BluetoothAdapterState: Entering OnState
01-01 22:30:41.302   686   698 D BluetoothPan: onBluetoothStateChange on: true
01-01 22:30:41.303  1554  1603 D BluetoothAdapterService: BBBBBBBBBBBBBB Enter autoConnectA2dpSink() ...
01-01 22:30:41.303   571   591 D BluetoothHeadset: onBluetoothStateChange: up=true
01-01 22:30:41.303  1554  1609 D BluetoothAdapterProperties: Scan Mode:21
01-01 22:30:41.303   700   711 D BluetoothAvrcpController: onBluetoothStateChange: up=true
01-01 22:30:41.304  1554  1609 D BluetoothAdapterProperties: Discoverable Timeout:120
01-01 22:30:41.304   686  1343 D BluetoothMap: onBluetoothStateChange: up=true
01-01 22:30:41.304   686  1343 E BluetoothMap: Could not bind to Bluetooth MAP Service with Intent { act=android.bluetooth.IBluetoothMap }
01-01 22:30:41.304   571   591 D BluetoothHeadset: onBluetoothStateChange: up=true
01-01 22:30:41.305   686   697 D BluetoothPbap: onBluetoothStateChange: up=true
01-01 22:30:41.305   571   591 D BluetoothA2dp: onBluetoothStateChange: up=true
01-01 22:30:41.306   571   591 E BluetoothA2dp: Could not bind to Bluetooth A2DP Service with Intent { act=android.bluetooth.IBluetoothA2dp }
01-01 22:30:41.306   686   698 D BluetoothInputDevice: onBluetoothStateChange: up=true
01-01 22:30:41.306   673   685 D BluetoothHeadset: onBluetoothStateChange: up=true
01-01 22:30:41.306   571   591 D BluetoothHeadset: onBluetoothStateChange: up=true
01-01 22:30:41.307  1691  1829 W GooglePlayServicesUtil: Google Play services out of date.  Requires 11910000 but found 9083436
01-01 22:30:41.308   571   571 I Telecom : BluetoothPhoneService: queryPhoneState
01-01 22:30:41.310   686  1151 D LocalBluetoothProfileManager: Adding local A2DP profile
01-01 22:30:41.313   686  1151 E BluetoothA2dp: Could not bind to Bluetooth A2DP Service with Intent { act=android.bluetooth.IBluetoothA2dp }
01-01 22:30:41.331  1554  1609 D BluetoothAdapterProperties: Name is: dalek1
01-01 22:30:41.406  1691  1701 W art     : Suspending all threads took: 75.777ms
01-01 22:30:41.618   571   583 D ConnectivityService: listenForNetwork for Listen from uid/pid:10043/1691 for NetworkRequest [ id=5, legacyType=-1, [ Capabilities: INTERNET&NOT_RESTRICTED&TRUSTED] ]
01-01 22:30:41.686  1002  1435 I GCoreUlr: WorldUpdater received intent Intent { act=com.google.android.location.reporting.ACTION_UPDATE_WORLD cmp=com.google.android.gms/com.google.android.location.reporting.service.DispatchingService (has extras) } with receiverAction android.intent.action.BOOT_COMPLETED
01-01 22:30:41.730  1002  1486 D PlaceInferenceEngine: Stop called when not running
01-01 22:30:41.735  1002  1359 W GeofencerStateMachine: Ignoring removeGeofence because network location is disabled.
01-01 22:30:41.737  1691  1779 E YouTube : Failed delayed event dispatch, no dispatchers.
01-01 22:30:41.746  1002  1015 D StrictMode: Wrote violation #0 of 1: 10288 bytes
01-01 22:30:41.747  1002  1015 D StrictMode: Wrote violation #0 of 1: 11772 bytes
01-01 22:30:41.747  1002  1015 D StrictMode: Wrote violation #0 of 1: 13256 bytes
01-01 22:30:41.748  1002  1015 D StrictMode: Wrote violation #0 of 1: 14740 bytes
01-01 22:30:41.749  1002  1015 D StrictMode: Wrote violation #0 of 1: 16224 bytes
01-01 22:30:41.750  1002  1015 D StrictMode: Wrote violation #0 of 1: 17708 bytes
01-01 22:30:41.751  1002  1015 D StrictMode: Wrote violation #0 of 1: 19192 bytes
01-01 22:30:41.753  1002  1015 D Error   : ERR: exClass=android.os.StrictMode$StrictModeDiskReadViolation
01-01 22:30:41.753  1002  1015 D Error   : ERR: exMsg=policy=6815751 violation=2
01-01 22:30:41.753  1002  1015 D Error   : ERR: file=StrictMode.java
01-01 22:30:41.753  1002  1015 D Error   : ERR: class=android.os.StrictMode$AndroidBlockGuardPolicy
01-01 22:30:41.753  1002  1015 D Error   : ERR: method=onReadFromDisk line=1263
01-01 22:30:41.754  1002  1015 D Error   : ERR: stack=android.os.StrictMode$StrictModeDiskReadViolation: policy=6815751 violation=2
01-01 22:30:41.754  1002  1015 D Error   : 	at android.os.StrictMode$AndroidBlockGuardPolicy.onReadFromDisk(StrictMode.java:1263)
01-01 22:30:41.754  1002  1015 D Error   : 	at android.app.SharedPreferencesImpl.awaitLoadedLocked(SharedPreferencesImpl.java:203)
01-01 22:30:41.754  1002  1015 D Error   : 	at android.app.SharedPreferencesImpl.getString(SharedPreferencesImpl.java:224)
01-01 22:30:41.754  1002  1015 D Error   : 	at rah.a(SourceFile:60)
01-01 22:30:41.754  1002  1015 D Error   : 	at rai.a(SourceFile:2052)
01-01 22:30:41.754  1002  1015 D Error   : 	at rap.c(SourceFile:205)
01-01 22:30:41.754  1002  1015 D Error   : 	at qzo.onTransact(SourceFile:150)
01-01 22:30:41.754  1002  1015 D Error   : 	at android.os.Binder.execTransact(Binder.java:453)
01-01 22:30:41.754  1002  1015 D Error   : # via Binder call with stack:
01-01 22:30:41.754  1002  1015 D Error   : android.os.StrictMode$LogStackTrace
01-01 22:30:41.754  1002  1015 D Error   : 	at android.os.StrictMode.readAndHandleBinderCallViolations(StrictMode.java:1911)
01-01 22:30:41.754  1002  1015 D Error   : 	at android.os.Parcel.readExceptionCode(Parcel.java:1601)
01-01 22:30:41.754  1002  1015 D Error   : 	at android.os.Parcel.readException(Parcel.java:1570)
01-01 22:30:41.754  1002  1015 D Error   : 	at joh.c(SourceFile:111)
01-01 22:30:41.754  1002  1015 D Error   : 	at ihg.equals(SourceFile:78)
01-01 22:30:41.754  1002  1015 D Error   : 	at izd.b(SourceFile:245)
01-01 22:30:41.754  1002  1015 D Error   : 	at izd.a(SourceFile:152)
01-01 22:30:41.754  1002  1015 D Error   : 	at izd.b(SourceFile:137)
01-01 22:30:41.754  1002  1015 D Error   : 	at izd.b(SourceFile:99)
01-01 22:30:41.754  1002  1015 D Error   : 	at aefd.c(SourceFile:571)
01-01 22:30:41.754  1002  1015 D Error   : 	at aefd.a(SourceFile:181)
01-01 22:30:41.754  1002  1015 D Error   : 	at aefe.b(SourceFile:93)
01-01 22:30:41.754  1002  1015 D Error   : 	at qmd.a(SourceFile:74)
01-01 22:30:41.754  1002  1015 D Error   : 	at qjf.a(SourceFile:1278)
01-01 22:30:41.754  1002  1015 D Error   : 	at rah.b(SourceFile:104)
01-01 22:30:41.754  1002  1015 D Error   : 	at rah.a(SourceFile:72)
01-01 22:30:41.754  1002  1015 D Error   : 	at rai.a(SourceFile:2052)
01-01 22:30:41.754  1002  1015 D Error   : 	at rap.c(SourceFile:205)
01-01 22:30:41.754  1002  1015 D Error   : 	at qzo.onTransact(SourceFile:150)
01-01 22:30:41.754  1002  1015 D Error   : 	at android.os.Binder.execTransact(Binder.java:453)
01-01 22:30:41.754  1002  1015 D Error   : # via Binder call with stack:
01-01 22:30:41.754  1002  1015 D Error   : android.os.StrictMode$LogStackTrace
01-01 22:30:41.754  1002  1015 D Error   : 	at android.os.StrictMode.readAndHandleBinderCallViolations(StrictMode.java:1911)
01-01 22:30:41.754  1002  1015 D Error   : 	at android.os.Parcel.readExceptionCode(Parcel.java:1601)
01-01 22:30:41.754  1002  1015 D Error   : 	at android.os.Parcel.readException(Parcel.java:1570)
01-01 22:30:41.754  1002  1015 D Error   : 	at joh.c(SourceFile:111)
01-01 22:30:41.754  1002  1015 D Error   : 	at ihg.equals(SourceFile:78)
01-01 22:30:41.754  1002  1015 D Error   : 	at izd.b(SourceFile:245)
01-01 22:30:41.754  1002  1015 D Error   : 	at izd.a(SourceFile:152)
01-01 22:30:41.754  1002  1015 D Error   : 	at izd.b(SourceFile:137)
01-01 22:30:41.754  1002  1015 D Error   : 	at izd.b(SourceFile:99)
01-01 22:30:41.754  1002  1015 D Error   : 	at aefd.c(SourceFile:571)
01-01 22:30:41.754  1002  1015 D Error   : 	at aefd.a(SourceFile:181)
01-01 22:30:41.754  1002  1015 D Error   : 	at aefe.b(SourceFile:93)
01-01 22:30:41.754  1002  1015 D Error   : 	at qmd.a(SourceFile:74)
01-01 22:30:41.754  1002  1015 D Error   : 	at qjf.a(SourceFile:1278)
01-01 22:30:41.754  1002  1015 D Error   : 	at rah.b(SourceFile:104)
01-01 22:30:41.754  1002  1015 D Error   : 	at rah.a(SourceFile:72)
01-01 22:30:41.754  1002  1015 D Error   : 	at rai.a(SourceFile:2052)
01-01 22:30:41.754  1002  1015 D Error   : 	at rap.c(SourceFile:205)
01-01 22:30:41.754  1002  1015 D Error   : 	at qzo.onTransact(SourceFile:150)
01-01 22:30:41.754  1002  1015 D Error   : 	at android.os.Binder.execTransact(Binder.java:453)
01-01 22:30:41.754  1002  1015 D Error   : # via Binder call with stack:
01-01 22:30:41.754  1002  1015 D Error   : android.os.StrictMode$LogStackTrace
01-01 22:30:41.754  1002  1015 D Error   : 	at android.os.StrictMode.readAndHandleBinderCallViolations(StrictMode.java:1911)
01-01 22:30:41.754  1002  1015 D Error   : 	at android.os.Parcel.readExceptionCode(Parcel.java:1601)
01-01 22:30:41.754  1002  1015 D Error   : 	at android.os.Parcel.readException(Parcel.java:1570)
01-01 22:30:41.754  1002  1015 D Error   : 	at joh.c(SourceFile:111)
01-01 22:30:41.754  1002  1015 D Error   : 	at ihg.equals(SourceFile:78)
01-01 22:30:41.754  1002  1015 D Error   : 	at izd.b(SourceFile:245)
01-01 22:30:41.754  1002  1015 D Error   : 	at izd.a(SourceFile:152)
01-01 22:30:41.754  1002  1015 D Error   : 	at izd.b(SourceFile:137)
01-01 22:30:41.754  1002  1015 D Error   : 	at izd.b(SourceFile:99)
01-01 22:30:41.754  1002  1015 D Error   : 	at aefd.c(SourceFile:571)
01-01 22:30:41.754  1002  1015 D Error   : 	at aefd.a(SourceFile:181)
01-01 22:30:41.754  1002  1015 D Error   : 	at aefe.b(SourceFile:93)
01-01 22:30:41.754  1002  1015 D Error   : 	at qmd.a(SourceFile:74)
01-01 22:30:41.754  1002  1015 D Error   : 	at qjf.a(SourceFile:1278)
01-01 22:30:41.754  1002  1015 D Error   : 	at rah.b(SourceFile:104)
01-01 22:30:41.754  1002  1015 D Error   : 	at rah.a(SourceFile:72)
01-01 22:30:41.754  1002  1015 D Error   : 	at rai.a(SourceFile:2052)
01-01 22:30:41.754  1002  1015 D Error   : 	at rap.c(SourceFile:205)
01-01 22:30:41.754  1002  1015 D Error   : 	at qzo.onTransact(SourceFile:150)
01-01 22:30:41.754  1002  1015 D Error   : 	at android.os.Binder.execTransact(Binder.java:453)
01-01 22:30:41.754  1002  1015 D Error   : # via Binder call with stack:
01-01 22:30:41.754  1002  1015 D Error   : android.os.StrictMode$LogStackTrace
01-01 22:30:41.754  1002  1015 D Error   : 	at android.os.StrictMode.readAndHandleBinderCallViolations(StrictMode.java:1911)
01-01 22:30:41.754  1002  1015 D Error   : 	at android.os.Parcel.readExceptionCode(Parcel.java:1601)
01-01 22:30:41.754  1002  1015 D Error   : 	at android.os.Parcel.readException(Parcel.java:1570)
01-01 22:30:41.754  1002  1015 D Error   : 	at joh.c(SourceFile:111)
01-01 22:30:41.754  1002  1015 D Error   : 	at ihg.equals(SourceFile:78)
01-01 22:30:41.754  1002  1015 D Error   : 	at izd.b(SourceFile:245)
01-01 22:30:41.754  1002  1015 D Error   : 	at izd.a(SourceFile:152)
01-01 22:30:41.754  1002  1015 D Error   : 	at izd.b(SourceFile:137)
01-01 22:30:41.754  1002  1015 D Error   : 	at izd.b(SourceFile:99)
01-01 22:30:41.754  1002  1015 D Error   : 	at aefd.c(SourceFile:571)
01-01 22:30:41.754  1002  1015 D Error   : 	at aefd.a(SourceFile:181)
01-01 22:30:41.754  1002  1015 D Error   : 	at aefe.b(SourceFile:93)
01-01 22:30:41.754  1002  1015 D Error   : 	at qmd.a(SourceFile:74)
01-01 22:30:41.754  1002  1015 D Error   : 	at qjf.a(SourceFile:1278)
01-01 22:30:41.754  1002  1015 D Error   : 	at rah.b(SourceFile:104)
01-01 22:30:41.754  1002  1015 D Error   : 	at rah.a(SourceFile:72)
01-01 22:30:41.754  1002  1015 D Error   : 	at rai.a(SourceFile:2052)
01-01 22:30:41.754  1002  1015 D Error   : 	at rap.c(SourceFile:205)
01-01 22:30:41.754  1002  1015 D Error   : 	at qzo.onTransact(SourceFile:150)
01-01 22:30:41.754  1002  1015 D Error   : 	at android.os.Binder.execTransact(Binder.java:453)
01-01 22:30:41.754  1002  1015 D Error   : # via Binder call with stack:
01-01 22:30:41.754  1002  1015 D Error   : android.os.StrictMode$LogStackTrace
01-01 22:30:41.754  1002  1015 D Error   : 	at android.os.StrictMode.readAndHandleBinderCallViolations(StrictMode.java:1911)
01-01 22:30:41.754  1002  1015 D Error   : 	at android.os.Parcel.readExceptionCode(Parcel.java:1601)
01-01 22:30:41.754  1002  1015 D Error   : 	at android.os.Parcel.readException(Parcel.java:1570)
01-01 22:30:41.754  1002  1015 D Error   : 	at joh.c(SourceFile:111)
01-01 22:30:41.754  1002  1015 D Error   : 	at ihg.equals(SourceFile:78)
01-01 22:30:41.754  1002  1015 D Error   : 	at izd.b(SourceFile:245)
01-01 22:30:41.754  1002  1015 D Error   : 	at izd.a(SourceFile:152)
01-01 22:30:41.754  1002  1015 D Error   : 	at izd.b(SourceFile:137)
01-01 22:30:41.754  1002  1015 D Error   : 	at izd.b(SourceFile:99)
01-01 22:30:41.754  1002  1015 D Error   : 	at aefd.c(SourceFile:571)
01-01 22:30:41.754  1002  1015 D Error   : 	at aefd.a(SourceFile:181)
01-01 22:30:41.754  1002  1015 D Error   : 	at aefe.b(SourceFile:93)
01-01 22:30:41.754  1002  1015 D Error   : 	at qmd.a(SourceFile:74)
01-01 22:30:41.754  1002  1015 D Error   : 	at qjf.a(SourceFile:1278)
01-01 22:30:41.754  1002  1015 D Error   : 	at rah.b(SourceFile:104)
01-01 22:30:41.754  1002  1015 D Error   : 	at rah.a(Sour
01-01 22:30:41.754  1002  1015 D Error   : ERR: TOTAL BYTES WRITTEN: 20632
01-01 22:30:41.754  1002  1015 D StrictMode: Wrote violation #0 of 1: 20676 bytes
01-01 22:30:41.755  1002  1015 D Error   : ERR: exClass=android.os.StrictMode$StrictModeDiskReadViolation
01-01 22:30:41.755  1002  1015 D Error   : ERR: exMsg=policy=6815751 violation=2
01-01 22:30:41.755  1002  1015 D Error   : ERR: file=StrictMode.java
01-01 22:30:41.755  1002  1015 D Error   : ERR: class=android.os.StrictMode$AndroidBlockGuardPolicy
01-01 22:30:41.755  1002  1015 D Error   : ERR: method=onReadFromDisk line=1263
01-01 22:30:41.756  1002  1015 D Error   : ERR: stack=android.os.StrictMode$StrictModeDiskReadViolation: policy=6815751 violation=2
01-01 22:30:41.756  1002  1015 D Error   : 	at android.os.StrictMode$AndroidBlockGuardPolicy.onReadFromDisk(StrictMode.java:1263)
01-01 22:30:41.756  1002  1015 D Error   : 	at android.app.SharedPreferencesImpl.awaitLoadedLocked(SharedPreferencesImpl.java:203)
01-01 22:30:41.756  1002  1015 D Error   : 	at android.app.SharedPreferencesImpl.getString(SharedPreferencesImpl.java:224)
01-01 22:30:41.756  1002  1015 D Error   : 	at rah.a(SourceFile:60)
01-01 22:30:41.756  1002  1015 D Error   : 	at rai.a(SourceFile:2052)
01-01 22:30:41.756  1002  1015 D Error   : 	at rap.c(SourceFile:205)
01-01 22:30:41.756  1002  1015 D Error   : 	at qzo.onTransact(SourceFile:150)
01-01 22:30:41.756  1002  1015 D Error   : 	at android.os.Binder.execTransact(Binder.java:453)
01-01 22:30:41.756  1002  1015 D Error   : # via Binder call with stack:
01-01 22:30:41.756  1002  1015 D Error   : android.os.StrictMode$LogStackTrace
01-01 22:30:41.756  1002  1015 D Error   : 	at android.os.StrictMode.readAndHandleBinderCallViolations(StrictMode.java:1911)
01-01 22:30:41.756  1002  1015 D Error   : 	at android.os.Parcel.readExceptionCode(Parcel.java:1601)
01-01 22:30:41.756  1002  1015 D Error   : 	at android.os.Parcel.readException(Parcel.java:1570)
01-01 22:30:41.756  1002  1015 D Error   : 	at joh.c(SourceFile:111)
01-01 22:30:41.756  1002  1015 D Error   : 	at ihg.equals(SourceFile:78)
01-01 22:30:41.756  1002  1015 D Error   : 	at izd.b(SourceFile:245)
01-01 22:30:41.756  1002  1015 D Error   : 	at izd.a(SourceFile:152)
01-01 22:30:41.756  1002  1015 D Error   : 	at izd.b(SourceFile:137)
01-01 22:30:41.756  1002  1015 D Error   : 	at izd.b(SourceFile:99)
01-01 22:30:41.756  1002  1015 D Error   : 	at aefd.c(SourceFile:571)
01-01 22:30:41.756  1002  1015 D Error   : 	at aefd.a(SourceFile:181)
01-01 22:30:41.756  1002  1015 D Error   : 	at aefe.b(SourceFile:93)
01-01 22:30:41.756  1002  1015 D Error   : 	at qmd.a(SourceFile:74)
01-01 22:30:41.756  1002  1015 D Error   : 	at qjf.a(SourceFile:1278)
01-01 22:30:41.756  1002  1015 D Error   : 	at rah.b(SourceFile:104)
01-01 22:30:41.756  1002  1015 D Error   : 	at rah.a(SourceFile:72)
01-01 22:30:41.756  1002  1015 D Error   : 	at rai.a(SourceFile:2052)
01-01 22:30:41.756  1002  1015 D Error   : 	at rap.c(SourceFile:205)
01-01 22:30:41.756  1002  1015 D Error   : 	at qzo.onTransact(SourceFile:150)
01-01 22:30:41.756  1002  1015 D Error   : 	at android.os.Binder.execTransact(Binder.java:453)
01-01 22:30:41.756  1002  1015 D Error   : # via Binder call with stack:
01-01 22:30:41.756  1002  1015 D Error   : android.os.StrictMode$LogStackTrace
01-01 22:30:41.756  1002  1015 D Error   : 	at android.os.StrictMode.readAndHandleBinderCallViolations(StrictMode.java:1911)
01-01 22:30:41.756  1002  1015 D Error   : 	at android.os.Parcel.readExceptionCode(Parcel.java:1601)
01-01 22:30:41.756  1002  1015 D Error   : 	at android.os.Parcel.readException(Parcel.java:1570)
01-01 22:30:41.756  1002  1015 D Error   : 	at joh.c(SourceFile:111)
01-01 22:30:41.756  1002  1015 D Error   : 	at ihg.equals(SourceFile:78)
01-01 22:30:41.756  1002  1015 D Error   : 	at izd.b(SourceFile:245)
01-01 22:30:41.756  1002  1015 D Error   : 	at izd.a(SourceFile:152)
01-01 22:30:41.756  1002  1015 D Error   : 	at izd.b(SourceFile:137)
01-01 22:30:41.756  1002  1015 D Error   : 	at izd.b(SourceFile:99)
01-01 22:30:41.756  1002  1015 D Error   : 	at aefd.c(SourceFile:571)
01-01 22:30:41.756  1002  1015 D Error   : 	at aefd.a(SourceFile:181)
01-01 22:30:41.756  1002  1015 D Error   : 	at aefe.b(SourceFile:93)
01-01 22:30:41.756  1002  1015 D Error   : 	at qmd.a(SourceFile:74)
01-01 22:30:41.756  1002  1015 D Error   : 	at qjf.a(SourceFile:1278)
01-01 22:30:41.756  1002  1015 D Error   : 	at rah.b(SourceFile:104)
01-01 22:30:41.756  1002  1015 D Error   : 	at rah.a(SourceFile:72)
01-01 22:30:41.756  1002  1015 D Error   : 	at rai.a(SourceFile:2052)
01-01 22:30:41.756  1002  1015 D Error   : 	at rap.c(SourceFile:205)
01-01 22:30:41.756  1002  1015 D Error   : 	at qzo.onTransact(SourceFile:150)
01-01 22:30:41.756  1002  1015 D Error   : 	at android.os.Binder.execTransact(Binder.java:453)
01-01 22:30:41.756  1002  1015 D Error   : # via Binder call with stack:
01-01 22:30:41.756  1002  1015 D Error   : android.os.StrictMode$LogStackTrace
01-01 22:30:41.756  1002  1015 D Error   : 	at android.os.StrictMode.readAndHandleBinderCallViolations(StrictMode.java:1911)
01-01 22:30:41.756  1002  1015 D Error   : 	at android.os.Parcel.readExceptionCode(Parcel.java:1601)
01-01 22:30:41.756  1002  1015 D Error   : 	at android.os.Parcel.readException(Parcel.java:1570)
01-01 22:30:41.756  1002  1015 D Error   : 	at joh.c(SourceFile:111)
01-01 22:30:41.756  1002  1015 D Error   : 	at ihg.equals(SourceFile:78)
01-01 22:30:41.756  1002  1015 D Error   : 	at izd.b(SourceFile:245)
01-01 22:30:41.756  1002  1015 D Error   : 	at izd.a(SourceFile:152)
01-01 22:30:41.756  1002  1015 D Error   : 	at izd.b(SourceFile:137)
01-01 22:30:41.756  1002  1015 D Error   : 	at izd.b(SourceFile:99)
01-01 22:30:41.756  1002  1015 D Error   : 	at aefd.c(SourceFile:571)
01-01 22:30:41.756  1002  1015 D Error   : 	at aefd.a(SourceFile:181)
01-01 22:30:41.756  1002  1015 D Error   : 	at aefe.b(SourceFile:93)
01-01 22:30:41.756  1002  1015 D Error   : 	at qmd.a(SourceFile:74)
01-01 22:30:41.756  1002  1015 D Error   : 	at qjf.a(SourceFile:1278)
01-01 22:30:41.756  1002  1015 D Error   : 	at rah.b(SourceFile:104)
01-01 22:30:41.756  1002  1015 D Error   : 	at rah.a(SourceFile:72)
01-01 22:30:41.756  1002  1015 D Error   : 	at rai.a(SourceFile:2052)
01-01 22:30:41.756  1002  1015 D Error   : 	at rap.c(SourceFile:205)
01-01 22:30:41.756  1002  1015 D Error   : 	at qzo.onTransact(SourceFile:150)
01-01 22:30:41.756  1002  1015 D Error   : 	at android.os.Binder.execTransact(Binder.java:453)
01-01 22:30:41.756  1002  1015 D Error   : # via Binder call with stack:
01-01 22:30:41.756  1002  1015 D Error   : android.os.StrictMode$LogStackTrace
01-01 22:30:41.756  1002  1015 D Error   : 	at android.os.StrictMode.readAndHandleBinderCallViolations(StrictMode.java:1911)
01-01 22:30:41.756  1002  1015 D Error   : 	at android.os.Parcel.readExceptionCode(Parcel.java:1601)
01-01 22:30:41.756  1002  1015 D Error   : 	at android.os.Parcel.readException(Parcel.java:1570)
01-01 22:30:41.756  1002  1015 D Error   : 	at joh.c(SourceFile:111)
01-01 22:30:41.756  1002  1015 D Error   : 	at ihg.equals(SourceFile:78)
01-01 22:30:41.756  1002  1015 D Error   : 	at izd.b(SourceFile:245)
01-01 22:30:41.756  1002  1015 D Error   : 	at izd.a(SourceFile:152)
01-01 22:30:41.756  1002  1015 D Error   : 	at izd.b(SourceFile:137)
01-01 22:30:41.756  1002  1015 D Error   : 	at izd.b(SourceFile:99)
01-01 22:30:41.756  1002  1015 D Error   : 	at aefd.c(SourceFile:571)
01-01 22:30:41.756  1002  1015 D Error   : 	at aefd.a(SourceFile:181)
01-01 22:30:41.756  1002  1015 D Error   : 	at aefe.b(SourceFile:93)
01-01 22:30:41.756  1002  1015 D Error   : 	at qmd.a(SourceFile:74)
01-01 22:30:41.756  1002  1015 D Error   : 	at qjf.a(SourceFile:1278)
01-01 22:30:41.756  1002  1015 D Error   : 	at rah.b(SourceFile:104)
01-01 22:30:41.756  1002  1015 D Error   : 	at rah.a(SourceFile:72)
01-01 22:30:41.756  1002  1015 D Error   : 	at rai.a(SourceFile:2052)
01-01 22:30:41.756  1002  1015 D Error   : 	at rap.c(SourceFile:205)
01-01 22:30:41.756  1002  1015 D Error   : 	at qzo.onTransact(SourceFile:150)
01-01 22:30:41.756  1002  1015 D Error   : 	at android.os.Binder.execTransact(Binder.java:453)
01-01 22:30:41.756  1002  1015 D Error   : # via Binder call with stack:
01-01 22:30:41.756  1002  1015 D Error   : android.os.StrictMode$LogStackTrace
01-01 22:30:41.756  1002  1015 D Error   : 	at android.os.StrictMode.readAndHandleBinderCallViolations(StrictMode.java:1911)
01-01 22:30:41.756  1002  1015 D Error   : 	at android.os.Parcel.readExceptionCode(Parcel.java:1601)
01-01 22:30:41.756  1002  1015 D Error   : 	at android.os.Parcel.readException(Parcel.java:1570)
01-01 22:30:41.756  1002  1015 D Error   : 	at joh.c(SourceFile:111)
01-01 22:30:41.756  1002  1015 D Error   : 	at ihg.equals(SourceFile:78)
01-01 22:30:41.756  1002  1015 D Error   : 	at izd.b(SourceFile:245)
01-01 22:30:41.756  1002  1015 D Error   : 	at izd.a(SourceFile:152)
01-01 22:30:41.756  1002  1015 D Error   : 	at izd.b(SourceFile:137)
01-01 22:30:41.756  1002  1015 D Error   : 	at izd.b(SourceFile:99)
01-01 22:30:41.756  1002  1015 D Error   : 	at aefd.c(SourceFile:571)
01-01 22:30:41.756  1002  1015 D Error   : 	at aefd.a(SourceFile:181)
01-01 22:30:41.756  1002  1015 D Error   : 	at aefe.b(SourceFile:93)
01-01 22:30:41.756  1002  1015 D Error   : 	at qmd.a(SourceFile:74)
01-01 22:30:41.756  1002  1015 D Error   : 	at qjf.a(SourceFile:1278)
01-01 22:30:41.756  1002  1015 D Error   : 	at rah.b(SourceFile:104)
01-01 22:30:41.756  1002  1015 D Error   : 	at rah.a(Sour
01-01 22:30:41.756  1002  1015 D Error   : ERR: TOTAL BYTES WRITTEN: 22116
01-01 22:30:41.756  1002  1015 D StrictMode: Wrote violation #0 of 1: 22160 bytes
01-01 22:30:41.757  1002  1015 D Error   : ERR: exClass=android.os.StrictMode$StrictModeDiskReadViolation
01-01 22:30:41.757  1002  1015 D Error   : ERR: exMsg=policy=6815751 violation=2
01-01 22:30:41.757  1002  1015 D Error   : ERR: file=StrictMode.java
01-01 22:30:41.757  1002  1015 D Error   : ERR: class=android.os.StrictMode$AndroidBlockGuardPolicy
01-01 22:30:41.757  1002  1015 D Error   : ERR: method=onReadFromDisk line=1263
01-01 22:30:41.758  1002  1015 D Error   : ERR: stack=android.os.StrictMode$StrictModeDiskReadViolation: policy=6815751 violation=2
01-01 22:30:41.758  1002  1015 D Error   : 	at android.os.StrictMode$AndroidBlockGuardPolicy.onReadFromDisk(StrictMode.java:1263)
01-01 22:30:41.758  1002  1015 D Error   : 	at android.app.SharedPreferencesImpl.awaitLoadedLocked(SharedPreferencesImpl.java:203)
01-01 22:30:41.758  1002  1015 D Error   : 	at android.app.SharedPreferencesImpl.getString(SharedPreferencesImpl.java:224)
01-01 22:30:41.758  1002  1015 D Error   : 	at rah.a(SourceFile:60)
01-01 22:30:41.758  1002  1015 D Error   : 	at rai.a(SourceFile:2052)
01-01 22:30:41.758  1002  1015 D Error   : 	at rap.c(SourceFile:205)
01-01 22:30:41.758  1002  1015 D Error   : 	at qzo.onTransact(SourceFile:150)
01-01 22:30:41.758  1002  1015 D Error   : 	at android.os.Binder.execTransact(Binder.java:453)
01-01 22:30:41.758  1002  1015 D Error   : # via Binder call with stack:
01-01 22:30:41.758  1002  1015 D Error   : android.os.StrictMode$LogStackTrace
01-01 22:30:41.758  1002  1015 D Error   : 	at android.os.StrictMode.readAndHandleBinderCallViolations(StrictMode.java:1911)
01-01 22:30:41.758  1002  1015 D Error   : 	at android.os.Parcel.readExceptionCode(Parcel.java:1601)
01-01 22:30:41.758  1002  1015 D Error   : 	at android.os.Parcel.readException(Parcel.java:1570)
01-01 22:30:41.758  1002  1015 D Error   : 	at joh.c(SourceFile:111)
01-01 22:30:41.758  1002  1015 D Error   : 	at ihg.equals(SourceFile:78)
01-01 22:30:41.758  1002  1015 D Error   : 	at izd.b(SourceFile:245)
01-01 22:30:41.758  1002  1015 D Error   : 	at izd.a(SourceFile:152)
01-01 22:30:41.758  1002  1015 D Error   : 	at izd.b(SourceFile:137)
01-01 22:30:41.758  1002  1015 D Error   : 	at izd.b(SourceFile:99)
01-01 22:30:41.758  1002  1015 D Error   : 	at aefd.c(SourceFile:571)
01-01 22:30:41.758  1002  1015 D Error   : 	at aefd.a(SourceFile:181)
01-01 22:30:41.758  1002  1015 D Error   : 	at aefe.b(SourceFile:93)
01-01 22:30:41.758  1002  1015 D Error   : 	at qmd.a(SourceFile:74)
01-01 22:30:41.758  1002  1015 D Error   : 	at qjf.a(SourceFile:1278)
01-01 22:30:41.758  1002  1015 D Error   : 	at rah.b(SourceFile:104)
01-01 22:30:41.758  1002  1015 D Error   : 	at rah.a(SourceFile:72)
01-01 22:30:41.758  1002  1015 D Error   : 	at rai.a(SourceFile:2052)
01-01 22:30:41.758  1002  1015 D Error   : 	at rap.c(SourceFile:205)
01-01 22:30:41.758  1002  1015 D Error   : 	at qzo.onTransact(SourceFile:150)
01-01 22:30:41.758  1002  1015 D Error   : 	at android.os.Binder.execTransact(Binder.java:453)
01-01 22:30:41.758  1002  1015 D Error   : # via Binder call with stack:
01-01 22:30:41.758  1002  1015 D Error   : android.os.StrictMode$LogStackTrace
01-01 22:30:41.758  1002  1015 D Error   : 	at android.os.StrictMode.readAndHandleBinderCallViolations(StrictMode.java:1911)
01-01 22:30:41.758  1002  1015 D Error   : 	at android.os.Parcel.readExceptionCode(Parcel.java:1601)
01-01 22:30:41.758  1002  1015 D Error   : 	at android.os.Parcel.readException(Parcel.java:1570)
01-01 22:30:41.758  1002  1015 D Error   : 	at joh.c(SourceFile:111)
01-01 22:30:41.758  1002  1015 D Error   : 	at ihg.equals(SourceFile:78)
01-01 22:30:41.758  1002  1015 D Error   : 	at izd.b(SourceFile:245)
01-01 22:30:41.758  1002  1015 D Error   : 	at izd.a(SourceFile:152)
01-01 22:30:41.758  1002  1015 D Error   : 	at izd.b(SourceFile:137)
01-01 22:30:41.758  1002  1015 D Error   : 	at izd.b(SourceFile:99)
01-01 22:30:41.758  1002  1015 D Error   : 	at aefd.c(SourceFile:571)
01-01 22:30:41.758  1002  1015 D Error   : 	at aefd.a(SourceFile:181)
01-01 22:30:41.758  1002  1015 D Error   : 	at aefe.b(SourceFile:93)
01-01 22:30:41.758  1002  1015 D Error   : 	at qmd.a(SourceFile:74)
01-01 22:30:41.758  1002  1015 D Error   : 	at qjf.a(SourceFile:1278)
01-01 22:30:41.758  1002  1015 D Error   : 	at rah.b(SourceFile:104)
01-01 22:30:41.758  1002  1015 D Error   : 	at rah.a(SourceFile:72)
01-01 22:30:41.758  1002  1015 D Error   : 	at rai.a(SourceFile:2052)
01-01 22:30:41.758  1002  1015 D Error   : 	at rap.c(SourceFile:205)
01-01 22:30:41.758  1002  1015 D Error   : 	at qzo.onTransact(SourceFile:150)
01-01 22:30:41.758  1002  1015 D Error   : 	at android.os.Binder.execTransact(Binder.java:453)
01-01 22:30:41.758  1002  1015 D Error   : # via Binder call with stack:
01-01 22:30:41.758  1002  1015 D Error   : android.os.StrictMode$LogStackTrace
01-01 22:30:41.758  1002  1015 D Error   : 	at android.os.StrictMode.readAndHandleBinderCallViolations(StrictMode.java:1911)
01-01 22:30:41.758  1002  1015 D Error   : 	at android.os.Parcel.readExceptionCode(Parcel.java:1601)
01-01 22:30:41.758  1002  1015 D Error   : 	at android.os.Parcel.readException(Parcel.java:1570)
01-01 22:30:41.758  1002  1015 D Error   : 	at joh.c(SourceFile:111)
01-01 22:30:41.758  1002  1015 D Error   : 	at ihg.equals(SourceFile:78)
01-01 22:30:41.758  1002  1015 D Error   : 	at izd.b(SourceFile:245)
01-01 22:30:41.758  1002  1015 D Error   : 	at izd.a(SourceFile:152)
01-01 22:30:41.758  1002  1015 D Error   : 	at izd.b(SourceFile:137)
01-01 22:30:41.758  1002  1015 D Error   : 	at izd.b(SourceFile:99)
01-01 22:30:41.758  1002  1015 D Error   : 	at aefd.c(SourceFile:571)
01-01 22:30:41.758  1002  1015 D Error   : 	at aefd.a(SourceFile:181)
01-01 22:30:41.758  1002  1015 D Error   : 	at aefe.b(SourceFile:93)
01-01 22:30:41.758  1002  1015 D Error   : 	at qmd.a(SourceFile:74)
01-01 22:30:41.758  1002  1015 D Error   : 	at qjf.a(SourceFile:1278)
01-01 22:30:41.758  1002  1015 D Error   : 	at rah.b(SourceFile:104)
01-01 22:30:41.758  1002  1015 D Error   : 	at rah.a(SourceFile:72)
01-01 22:30:41.758  1002  1015 D Error   : 	at rai.a(SourceFile:2052)
01-01 22:30:41.758  1002  1015 D Error   : 	at rap.c(SourceFile:205)
01-01 22:30:41.758  1002  1015 D Error   : 	at qzo.onTransact(SourceFile:150)
01-01 22:30:41.758  1002  1015 D Error   : 	at android.os.Binder.execTransact(Binder.java:453)
01-01 22:30:41.758  1002  1015 D Error   : # via Binder call with stack:
01-01 22:30:41.758  1002  1015 D Error   : android.os.StrictMode$LogStackTrace
01-01 22:30:41.758  1002  1015 D Error   : 	at android.os.StrictMode.readAndHandleBinderCallViolations(StrictMode.java:1911)
01-01 22:30:41.758  1002  1015 D Error   : 	at android.os.Parcel.readExceptionCode(Parcel.java:1601)
01-01 22:30:41.758  1002  1015 D Error   : 	at android.os.Parcel.readException(Parcel.java:1570)
01-01 22:30:41.758  1002  1015 D Error   : 	at joh.c(SourceFile:111)
01-01 22:30:41.758  1002  1015 D Error   : 	at ihg.equals(SourceFile:78)
01-01 22:30:41.758  1002  1015 D Error   : 	at izd.b(SourceFile:245)
01-01 22:30:41.758  1002  1015 D Error   : 	at izd.a(SourceFile:152)
01-01 22:30:41.758  1002  1015 D Error   : 	at izd.b(SourceFile:137)
01-01 22:30:41.758  1002  1015 D Error   : 	at izd.b(SourceFile:99)
01-01 22:30:41.758  1002  1015 D Error   : 	at aefd.c(SourceFile:571)
01-01 22:30:41.758  1002  1015 D Error   : 	at aefd.a(SourceFile:181)
01-01 22:30:41.758  1002  1015 D Error   : 	at aefe.b(SourceFile:93)
01-01 22:30:41.758  1002  1015 D Error   : 	at qmd.a(SourceFile:74)
01-01 22:30:41.758  1002  1015 D Error   : 	at qjf.a(SourceFile:1278)
01-01 22:30:41.758  1002  1015 D Error   : 	at rah.b(SourceFile:104)
01-01 22:30:41.758  1002  1015 D Error   : 	at rah.a(SourceFile:72)
01-01 22:30:41.758  1002  1015 D Error   : 	at rai.a(SourceFile:2052)
01-01 22:30:41.758  1002  1015 D Error   : 	at rap.c(SourceFile:205)
01-01 22:30:41.758  1002  1015 D Error   : 	at qzo.onTransact(SourceFile:150)
01-01 22:30:41.758  1002  1015 D Error   : 	at android.os.Binder.execTransact(Binder.java:453)
01-01 22:30:41.758  1002  1015 D Error   : # via Binder call with stack:
01-01 22:30:41.758  1002  1015 D Error   : android.os.StrictMode$LogStackTrace
01-01 22:30:41.758  1002  1015 D Error   : 	at android.os.StrictMode.readAndHandleBinderCallViolations(StrictMode.java:1911)
01-01 22:30:41.758  1002  1015 D Error   : 	at android.os.Parcel.readExceptionCode(Parcel.java:1601)
01-01 22:30:41.758  1002  1015 D Error   : 	at android.os.Parcel.readException(Parcel.java:1570)
01-01 22:30:41.758  1002  1015 D Error   : 	at joh.c(SourceFile:111)
01-01 22:30:41.758  1002  1015 D Error   : 	at ihg.equals(SourceFile:78)
01-01 22:30:41.758  1002  1015 D Error   : 	at izd.b(SourceFile:245)
01-01 22:30:41.758  1002  1015 D Error   : 	at izd.a(SourceFile:152)
01-01 22:30:41.758  1002  1015 D Error   : 	at izd.b(SourceFile:137)
01-01 22:30:41.758  1002  1015 D Error   : 	at izd.b(SourceFile:99)
01-01 22:30:41.758  1002  1015 D Error   : 	at aefd.c(SourceFile:571)
01-01 22:30:41.758  1002  1015 D Error   : 	at aefd.a(SourceFile:181)
01-01 22:30:41.758  1002  1015 D Error   : 	at aefe.b(SourceFile:93)
01-01 22:30:41.758  1002  1015 D Error   : 	at qmd.a(SourceFile:74)
01-01 22:30:41.758  1002  1015 D Error   : 	at qjf.a(SourceFile:1278)
01-01 22:30:41.758  1002  1015 D Error   : 	at rah.b(SourceFile:104)
01-01 22:30:41.758  1002  1015 D Error   : 	at rah.a(Sour
01-01 22:30:41.758  1002  1015 D Error   : ERR: TOTAL BYTES WRITTEN: 23600
01-01 22:30:41.758  1002  1015 D StrictMode: Wrote violation #0 of 1: 23644 bytes
01-01 22:30:41.759  1002  1015 D Error   : ERR: exClass=android.os.StrictMode$StrictModeDiskReadViolation
01-01 22:30:41.759  1002  1015 D Error   : ERR: exMsg=policy=6815751 violation=2
01-01 22:30:41.760  1002  1015 D Error   : ERR: file=StrictMode.java
01-01 22:30:41.760  1002  1015 D Error   : ERR: class=android.os.StrictMode$AndroidBlockGuardPolicy
01-01 22:30:41.760  1002  1015 D Error   : ERR: method=onReadFromDisk line=1263
01-01 22:30:41.760  1002  1015 D Error   : ERR: stack=android.os.StrictMode$StrictModeDiskReadViolation: policy=6815751 violation=2
01-01 22:30:41.760  1002  1015 D Error   : 	at android.os.StrictMode$AndroidBlockGuardPolicy.onReadFromDisk(StrictMode.java:1263)
01-01 22:30:41.760  1002  1015 D Error   : 	at android.app.SharedPreferencesImpl.awaitLoadedLocked(SharedPreferencesImpl.java:203)
01-01 22:30:41.760  1002  1015 D Error   : 	at android.app.SharedPreferencesImpl.getString(SharedPreferencesImpl.java:224)
01-01 22:30:41.760  1002  1015 D Error   : 	at rah.a(SourceFile:60)
01-01 22:30:41.760  1002  1015 D Error   : 	at rai.a(SourceFile:2052)
01-01 22:30:41.760  1002  1015 D Error   : 	at rap.c(SourceFile:205)
01-01 22:30:41.760  1002  1015 D Error   : 	at qzo.onTransact(SourceFile:150)
01-01 22:30:41.760  1002  1015 D Error   : 	at android.os.Binder.execTransact(Binder.java:453)
01-01 22:30:41.760  1002  1015 D Error   : # via Binder call with stack:
01-01 22:30:41.760  1002  1015 D Error   : android.os.StrictMode$LogStackTrace
01-01 22:30:41.760  1002  1015 D Error   : 	at android.os.StrictMode.readAndHandleBinderCallViolations(StrictMode.java:1911)
01-01 22:30:41.760  1002  1015 D Error   : 	at android.os.Parcel.readExceptionCode(Parcel.java:1601)
01-01 22:30:41.760  1002  1015 D Error   : 	at android.os.Parcel.readException(Parcel.java:1570)
01-01 22:30:41.760  1002  1015 D Error   : 	at joh.c(SourceFile:111)
01-01 22:30:41.760  1002  1015 D Error   : 	at ihg.equals(SourceFile:78)
01-01 22:30:41.760  1002  1015 D Error   : 	at izd.b(SourceFile:245)
01-01 22:30:41.760  1002  1015 D Error   : 	at izd.a(SourceFile:152)
01-01 22:30:41.760  1002  1015 D Error   : 	at izd.b(SourceFile:137)
01-01 22:30:41.760  1002  1015 D Error   : 	at izd.b(SourceFile:99)
01-01 22:30:41.760  1002  1015 D Error   : 	at aefd.c(SourceFile:571)
01-01 22:30:41.760  1002  1015 D Error   : 	at aefd.a(SourceFile:181)
01-01 22:30:41.760  1002  1015 D Error   : 	at aefe.b(SourceFile:93)
01-01 22:30:41.760  1002  1015 D Error   : 	at qmd.a(SourceFile:74)
01-01 22:30:41.760  1002  1015 D Error   : 	at qjf.a(SourceFile:1278)
01-01 22:30:41.760  1002  1015 D Error   : 	at rah.b(SourceFile:104)
01-01 22:30:41.760  1002  1015 D Error   : 	at rah.a(SourceFile:72)
01-01 22:30:41.760  1002  1015 D Error   : 	at rai.a(SourceFile:2052)
01-01 22:30:41.760  1002  1015 D Error   : 	at rap.c(SourceFile:205)
01-01 22:30:41.760  1002  1015 D Error   : 	at qzo.onTransact(SourceFile:150)
01-01 22:30:41.760  1002  1015 D Error   : 	at android.os.Binder.execTransact(Binder.java:453)
01-01 22:30:41.760  1002  1015 D Error   : # via Binder call with stack:
01-01 22:30:41.760  1002  1015 D Error   : android.os.StrictMode$LogStackTrace
01-01 22:30:41.760  1002  1015 D Error   : 	at android.os.StrictMode.readAndHandleBinderCallViolations(StrictMode.java:1911)
01-01 22:30:41.760  1002  1015 D Error   : 	at android.os.Parcel.readExceptionCode(Parcel.java:1601)
01-01 22:30:41.760  1002  1015 D Error   : 	at android.os.Parcel.readException(Parcel.java:1570)
01-01 22:30:41.760  1002  1015 D Error   : 	at joh.c(SourceFile:111)
01-01 22:30:41.760  1002  1015 D Error   : 	at ihg.equals(SourceFile:78)
01-01 22:30:41.760  1002  1015 D Error   : 	at izd.b(SourceFile:245)
01-01 22:30:41.760  1002  1015 D Error   : 	at izd.a(SourceFile:152)
01-01 22:30:41.760  1002  1015 D Error   : 	at izd.b(SourceFile:137)
01-01 22:30:41.760  1002  1015 D Error   : 	at izd.b(SourceFile:99)
01-01 22:30:41.760  1002  1015 D Error   : 	at aefd.c(SourceFile:571)
01-01 22:30:41.760  1002  1015 D Error   : 	at aefd.a(SourceFile:181)
01-01 22:30:41.760  1002  1015 D Error   : 	at aefe.b(SourceFile:93)
01-01 22:30:41.760  1002  1015 D Error   : 	at qmd.a(SourceFile:74)
01-01 22:30:41.760  1002  1015 D Error   : 	at qjf.a(SourceFile:1278)
01-01 22:30:41.760  1002  1015 D Error   : 	at rah.b(SourceFile:104)
01-01 22:30:41.760  1002  1015 D Error   : 	at rah.a(SourceFile:72)
01-01 22:30:41.760  1002  1015 D Error   : 	at rai.a(SourceFile:2052)
01-01 22:30:41.760  1002  1015 D Error   : 	at rap.c(SourceFile:205)
01-01 22:30:41.760  1002  1015 D Error   : 	at qzo.onTransact(SourceFile:150)
01-01 22:30:41.760  1002  1015 D Error   : 	at android.os.Binder.execTransact(Binder.java:453)
01-01 22:30:41.760  1002  1015 D Error   : # via Binder call with stack:
01-01 22:30:41.760  1002  1015 D Error   : android.os.StrictMode$LogStackTrace
01-01 22:30:41.760  1002  1015 D Error   : 	at android.os.StrictMode.readAndHandleBinderCallViolations(StrictMode.java:1911)
01-01 22:30:41.760  1002  1015 D Error   : 	at android.os.Parcel.readExceptionCode(Parcel.java:1601)
01-01 22:30:41.760  1002  1015 D Error   : 	at android.os.Parcel.readException(Parcel.java:1570)
01-01 22:30:41.760  1002  1015 D Error   : 	at joh.c(SourceFile:111)
01-01 22:30:41.760  1002  1015 D Error   : 	at ihg.equals(SourceFile:78)
01-01 22:30:41.760  1002  1015 D Error   : 	at izd.b(SourceFile:245)
01-01 22:30:41.760  1002  1015 D Error   : 	at izd.a(SourceFile:152)
01-01 22:30:41.760  1002  1015 D Error   : 	at izd.b(SourceFile:137)
01-01 22:30:41.760  1002  1015 D Error   : 	at izd.b(SourceFile:99)
01-01 22:30:41.760  1002  1015 D Error   : 	at aefd.c(SourceFile:571)
01-01 22:30:41.760  1002  1015 D Error   : 	at aefd.a(SourceFile:181)
01-01 22:30:41.760  1002  1015 D Error   : 	at aefe.b(SourceFile:93)
01-01 22:30:41.760  1002  1015 D Error   : 	at qmd.a(SourceFile:74)
01-01 22:30:41.760  1002  1015 D Error   : 	at qjf.a(SourceFile:1278)
01-01 22:30:41.760  1002  1015 D Error   : 	at rah.b(SourceFile:104)
01-01 22:30:41.760  1002  1015 D Error   : 	at rah.a(SourceFile:72)
01-01 22:30:41.760  1002  1015 D Error   : 	at rai.a(SourceFile:2052)
01-01 22:30:41.760  1002  1015 D Error   : 	at rap.c(SourceFile:205)
01-01 22:30:41.760  1002  1015 D Error   : 	at qzo.onTransact(SourceFile:150)
01-01 22:30:41.760  1002  1015 D Error   : 	at android.os.Binder.execTransact(Binder.java:453)
01-01 22:30:41.760  1002  1015 D Error   : # via Binder call with stack:
01-01 22:30:41.760  1002  1015 D Error   : android.os.StrictMode$LogStackTrace
01-01 22:30:41.760  1002  1015 D Error   : 	at android.os.StrictMode.readAndHandleBinderCallViolations(StrictMode.java:1911)
01-01 22:30:41.760  1002  1015 D Error   : 	at android.os.Parcel.readExceptionCode(Parcel.java:1601)
