01-01 22:30:34.739   568   582 V WindowManager: Window{11b56e8 u0 KeyguardScrim} forcing orientation to 5
01-01 22:30:34.740   568   582 V WindowManager: Eval win Window{fa8c489 u0 com.roboteam.teamy.usa/com.roboteam.teamy.boot.BootActivity}: isDrawn=false, isAnimating=false
01-01 22:30:34.740   568   582 V WindowManager: Not displayed: s=null pv=true mDrawState=NO_SURFACE ah=false th=false a=false
01-01 22:30:34.740   568   582 V WindowManager: Eval win Window{317f693 u0 com.roboteam.teamy.usa/com.roboteam.teamy.home.HomeActivity}: isDrawn=false, isAnimating=false
01-01 22:30:34.740   568   582 V WindowManager: Not displayed: s=null pv=false mDrawState=NO_SURFACE ah=false th=true a=false
01-01 22:30:34.742   568   892 V WindowStateAnimator: finishDrawingLocked: mDrawState=COMMIT_DRAW_PENDING WindowStateAnimator{9e9f7d7 } in Surface(name=)
01-01 22:30:34.742   568   590 V WindowManager: Eval win Window{fa8c489 u0 com.roboteam.teamy.usa/com.roboteam.teamy.boot.BootActivity}: isDrawn=false, isAnimating=false
01-01 22:30:34.743   568   590 V WindowManager: Not displayed: s=null pv=true mDrawState=NO_SURFACE ah=false th=false a=false
01-01 22:30:34.743   568   590 V WindowManager: Eval win Window{317f693 u0 com.roboteam.teamy.usa/com.roboteam.teamy.home.HomeActivity}: isDrawn=false, isAnimating=false
01-01 22:30:34.743   568   590 V WindowManager: Not displayed: s=null pv=false mDrawState=NO_SURFACE ah=false th=true a=false
01-01 22:30:34.751   568   893 I WindowStateAnimator: createSurface WindowStateAnimator{6b5a5a2 com.roboteam.teamy.usa/com.roboteam.teamy.boot.BootActivity}: mDrawState=DRAW_PENDING
01-01 22:30:34.751   568   893 V WindowManager: Changing surface while display frozen: Window{fa8c489 u0 com.roboteam.teamy.usa/com.roboteam.teamy.boot.BootActivity}
01-01 22:30:34.752   568   893 V WindowManager: Window{11b56e8 u0 KeyguardScrim} forcing orientation to 5
01-01 22:30:34.753   568   893 V WindowManager: Eval win Window{fa8c489 u0 com.roboteam.teamy.usa/com.roboteam.teamy.boot.BootActivity}: isDrawn=false, isAnimating=false
01-01 22:30:34.753   568   893 V WindowManager: Not displayed: s=Surface(name=com.roboteam.teamy.usa/com.roboteam.teamy.boot.BootActivity) pv=true mDrawState=DRAW_PENDING ah=false th=false a=false
01-01 22:30:34.753   568   893 V WindowManager: Resize reasons for w=Window{fa8c489 u0 com.roboteam.teamy.usa/com.roboteam.teamy.boot.BootActivity}:  contentInsetsChanged=false [0,0][0,0] visibleInsetsChanged=false [0,0][0,0] stableInsetsChanged=false [0,0][0,0] outsetsChanged=false [0,0][0,0] surfaceResized=false configChanged=true
01-01 22:30:34.753   568   893 V WindowManager: Changing surface while display frozen: Window{fa8c489 u0 com.roboteam.teamy.usa/com.roboteam.teamy.boot.BootActivity}
01-01 22:30:34.753   568   893 V WindowManager: Orientation start waiting for draw mDrawState=DRAW_PENDING in Window{fa8c489 u0 com.roboteam.teamy.usa/com.roboteam.teamy.boot.BootActivity}, surface Surface(name=com.roboteam.teamy.usa/com.roboteam.teamy.boot.BootActivity)
01-01 22:30:34.753   568   893 V WindowManager: Resizing window Window{fa8c489 u0 com.roboteam.teamy.usa/com.roboteam.teamy.boot.BootActivity} to 1920.0x1200.0
01-01 22:30:34.753   568   893 V WindowManager: Eval win Window{317f693 u0 com.roboteam.teamy.usa/com.roboteam.teamy.home.HomeActivity}: isDrawn=false, isAnimating=false
01-01 22:30:34.753   568   893 V WindowManager: Not displayed: s=null pv=false mDrawState=NO_SURFACE ah=false th=true a=false
01-01 22:30:34.753   568   893 V WindowState: Reporting new frame to Window{fa8c489 u0 com.roboteam.teamy.usa/com.roboteam.teamy.boot.BootActivity}: Rect(0, 0 - 1920, 1200)
01-01 22:30:34.754   568   893 I WindowState: Sending new config to window Window{fa8c489 u0 com.roboteam.teamy.usa/com.roboteam.teamy.boot.BootActivity}: 1920.0x1200.0 / config={1.0 ?mcc?mnc en_US ldltr sw800dp w1280dp h800dp 240dpi xlrg land finger -keyb/v/h -nav/h s.4} overrideConfig={1.0 ?mcc?mnc ?locale ?layoutDir ?swdp ?wdp ?hdp ?density ?lsize ?long ?orien ?uimode ?night ?touch ?keyb/?/? ?nav/?}
01-01 22:30:34.754   568   893 I WindowState: Resizing Window{fa8c489 u0 com.roboteam.teamy.usa/com.roboteam.teamy.boot.BootActivity} WITH DRAW PENDING
01-01 22:30:34.755   568   590 E WindowManager: Unknown window type: 2999
01-01 22:30:34.755   894  1635 D Surface : Surface::final mReqUsage=a00
01-01 22:30:34.755   568   590 V WindowStateAnimator: Orientation change skips hidden Window{fa8c489 u0 com.roboteam.teamy.usa/com.roboteam.teamy.boot.BootActivity}
01-01 22:30:34.755   894  1635 D mali_winsys: EGLint new_window_surface(egl_winsys_display*, void*, EGLSurface, EGLConfig, egl_winsys_surface**, egl_color_buffer_format*, EGLBoolean) returns 0x3000
01-01 22:30:34.756   568   590 V WindowManager: Eval win Window{fa8c489 u0 com.roboteam.teamy.usa/com.roboteam.teamy.boot.BootActivity}: isDrawn=false, isAnimating=false
01-01 22:30:34.756   568   590 V WindowManager: Not displayed: s=Surface(name=com.roboteam.teamy.usa/com.roboteam.teamy.boot.BootActivity) pv=false mDrawState=DRAW_PENDING ah=false th=false a=false
01-01 22:30:34.756   568   590 V WindowManager: Eval win Window{317f693 u0 com.roboteam.teamy.usa/com.roboteam.teamy.home.HomeActivity}: isDrawn=false, isAnimating=false
01-01 22:30:34.756   568   590 V WindowManager: Not displayed: s=null pv=false mDrawState=NO_SURFACE ah=false th=true a=false
01-01 22:30:34.768   187   203 D gralloc : Isfb=0, [1920,1200,1920,7680], fmt=1, byte_stride=7680
01-01 22:30:34.772   568   590 E WindowManager: Unknown window type: 2999
01-01 22:30:34.780   187   203 D gralloc : Isfb=0, [1920,1200,1920,7680], fmt=1, byte_stride=7680
01-01 22:30:34.791   187   203 D gralloc : Isfb=0, [1920,1200,1920,7680], fmt=1, byte_stride=7680
01-01 22:30:34.972   568   920 I ActivityManager: Activity reported stop, but no longer stopping: ActivityRecord{6d198bf u0 com.roboteam.teamy.usa/com.roboteam.teamy.home.HomeActivity t301}
01-01 22:30:35.117   187   203 D gralloc : Isfb=0, [1200,1920,1200,4800], fmt=1, byte_stride=4800
01-01 22:30:35.166   187   824 D gralloc : Isfb=0, [1200,1920,1200,4800], fmt=1, byte_stride=4800
01-01 22:30:35.168   568   579 V WindowStateAnimator: finishDrawingLocked: mDrawState=COMMIT_DRAW_PENDING WindowStateAnimator{6b5a5a2 com.roboteam.teamy.usa/com.roboteam.teamy.boot.BootActivity} in Surface(name=com.roboteam.teamy.usa/com.roboteam.teamy.boot.BootActivity)
01-01 22:30:35.168   568   590 V WindowManager: Eval win Window{fa8c489 u0 com.roboteam.teamy.usa/com.roboteam.teamy.boot.BootActivity}: isDrawn=true, isAnimating=false
01-01 22:30:35.168   568   590 V WindowManager: tokenMayBeDrawn: AppWindowToken{c5c31f7 token=Token{c3419f6 ActivityRecord{7a0b691 u0 com.roboteam.teamy.usa/com.roboteam.teamy.boot.BootActivity t302}}} freezingScreen=false mAppFreezing=false
01-01 22:30:35.168   568   590 V WindowManager: Eval win Window{317f693 u0 com.roboteam.teamy.usa/com.roboteam.teamy.home.HomeActivity}: isDrawn=false, isAnimating=false
01-01 22:30:35.168   568   590 V WindowManager: Not displayed: s=null pv=false mDrawState=NO_SURFACE ah=false th=true a=false
01-01 22:30:35.173   568   590 I WindowManager:   SURFACE SHOW (performShowLocked): Window{fa8c489 u0 com.roboteam.teamy.usa/com.roboteam.teamy.boot.BootActivity}
01-01 22:30:35.173   568   590 V WindowManager: Eval win Window{317f693 u0 com.roboteam.teamy.usa/com.roboteam.teamy.home.HomeActivity}: isDrawn=false, isAnimating=false
01-01 22:30:35.173   568   590 V WindowManager: Not displayed: s=null pv=false mDrawState=NO_SURFACE ah=false th=true a=false
01-01 22:30:35.174   568   590 I ActivityManager: Displayed com.roboteam.teamy.usa/com.roboteam.teamy.boot.BootActivity: +3s268ms
01-01 22:30:35.179   568   590 E WindowManager: Unknown window type: 2999
01-01 22:30:35.180   568   590 V WindowManager: Eval win Window{317f693 u0 com.roboteam.teamy.usa/com.roboteam.teamy.home.HomeActivity}: isDrawn=false, isAnimating=false
01-01 22:30:35.180   568   590 V WindowManager: Not displayed: s=null pv=false mDrawState=NO_SURFACE ah=false th=true a=false
01-01 22:30:35.197   568   590 E WindowManager: Unknown window type: 2999
01-01 22:30:35.354   187   824 D gralloc : Isfb=0, [1200,1920,1200,4800], fmt=1, byte_stride=4800
01-01 22:30:35.471   568   920 D WifiService: setWifiEnabled: true pid=894, uid=1000
01-01 22:30:35.471   568   920 E WifiService: Invoking mWifiStateMachine.setWifiEnabled
01-01 22:30:35.485   568   585 V KeyguardServiceDelegate: *** Keyguard started
01-01 22:30:35.485   568   585 W KeyguardServiceDelegate: onScreenTurningOn(): no keyguard service!
01-01 22:30:35.539   568   568 V KeyguardServiceDelegate: *** Keyguard connected (yay!)
01-01 22:30:35.582   568   920 V KeyguardServiceDelegate: **** SHOWN CALLED ****
01-01 22:30:35.583   568   590 V WindowManager: Resize reasons for w=Window{11b56e8 u0 KeyguardScrim}:  contentInsetsChanged=true [0,0][0,0] visibleInsetsChanged=false [0,0][0,0] stableInsetsChanged=false [0,0][0,0] outsetsChanged=false [0,0][0,0] surfaceResized=false configChanged=false
01-01 22:30:35.583   568   590 V WindowManager: Changing surface while display frozen: Window{11b56e8 u0 KeyguardScrim}
01-01 22:30:35.583   568   590 V WindowManager: Orientation start waiting for draw mDrawState=DRAW_PENDING in Window{11b56e8 u0 KeyguardScrim}, surface Surface(name=KeyguardScrim_Force_To_Dual)
01-01 22:30:35.583   568   590 V WindowManager: Resizing window Window{11b56e8 u0 KeyguardScrim} to 1920.0x1200.0
01-01 22:30:35.583   568   590 V WindowManager: Eval win Window{317f693 u0 com.roboteam.teamy.usa/com.roboteam.teamy.home.HomeActivity}: isDrawn=false, isAnimating=false
01-01 22:30:35.583   568   590 V WindowManager: Not displayed: s=null pv=false mDrawState=NO_SURFACE ah=false th=true a=false
01-01 22:30:35.584   568   590 V WindowState: Reporting new frame to Window{11b56e8 u0 KeyguardScrim}: Rect(0, 0 - 1920, 1200)
01-01 22:30:35.584   568   590 I WindowState: Resizing Window{11b56e8 u0 KeyguardScrim} WITH DRAW PENDING
01-01 22:30:35.587   568   568 V WindowManager: Done at AppWindowToken{c5c31f7 token=Token{c3419f6 ActivityRecord{7a0b691 u0 com.roboteam.teamy.usa/com.roboteam.teamy.boot.BootActivity t302}}} -- full screen, return 0
01-01 22:30:35.587   568   568 V WindowManager: Deferring rotation, display is not enabled.
01-01 22:30:35.587   879   879 D PhoneStatusBar: disable: < expand* icons alerts system_info back* home* recent* clock search* quick_settings >
01-01 22:30:35.588   568   568 V WindowManager: Eval win Window{317f693 u0 com.roboteam.teamy.usa/com.roboteam.teamy.home.HomeActivity}: isDrawn=false, isAnimating=false
01-01 22:30:35.588   568   568 V WindowManager: Not displayed: s=null pv=false mDrawState=NO_SURFACE ah=false th=true a=false
01-01 22:30:35.590   568   590 E WindowManager: Unknown window type: 2999
01-01 22:30:35.590   568   590 I WindowManager:   SURFACE SHOW (performShowLocked): Window{20aa6c9 u0 com.roboteam.teamy.usa}
01-01 22:30:35.590   568   590 V WindowStateAnimator: Orientation change skips hidden Window{11b56e8 u0 KeyguardScrim}
01-01 22:30:35.591   568   590 V WindowManager: Eval win Window{317f693 u0 com.roboteam.teamy.usa/com.roboteam.teamy.home.HomeActivity}: isDrawn=false, isAnimating=false
01-01 22:30:35.591   568   590 V WindowManager: Not displayed: s=null pv=true mDrawState=NO_SURFACE ah=false th=true a=false
01-01 22:30:35.593   568   590 I WindowManager: ******* TELLING SURFACE FLINGER WE ARE BOOTED!
01-01 22:30:35.593   187   201 I SurfaceFlinger: Boot is finished (34406 ms)
01-01 22:30:35.604   568   590 E WindowManager: Unknown window type: 2999
01-01 22:30:35.804   568   580 V WindowManager: Done at AppWindowToken{c5c31f7 token=Token{c3419f6 ActivityRecord{7a0b691 u0 com.roboteam.teamy.usa/com.roboteam.teamy.boot.BootActivity t302}}} -- full screen, return 0
01-01 22:30:35.805   568   580 V WindowManager: Eval win Window{317f693 u0 com.roboteam.teamy.usa/com.roboteam.teamy.home.HomeActivity}: isDrawn=false, isAnimating=false
01-01 22:30:35.805   568   580 V WindowManager: Not displayed: s=null pv=true mDrawState=NO_SURFACE ah=false th=true a=false
01-01 22:30:35.816   568   590 E WindowManager: Unknown window type: 2999
01-01 22:30:35.947  1225  1225 V UserPresentBroadcastReceiver: Received Intent { act=android.intent.action.USER_PRESENT flg=0x24000010 cmp=com.google.android.gms/.trustagent.UserPresentBroadcastReceiver }.
01-01 22:30:36.217  1225  1727 I Scheduler: Use legacy PeriodicScheduler
01-01 22:30:36.226  1225  1727 I Scheduler: Cleaning up unwanted schedulers, if there are any.
01-01 22:30:36.411   568   590 I SystemServiceManager: Starting phase 1000
01-01 22:30:36.423   568   590 I ActivityManager: Start proc 1844:com.android.bluetooth/1002 for on-hold
01-01 22:30:36.425   568   590 V WindowManager: updateRotationUnchecked(alwaysSendConfiguration=true)
01-01 22:30:36.426   568   590 V WindowManager: Application requested orientation 0, got rotation 1 which has compatible metrics
01-01 22:30:36.426   568   590 V WindowManager: Eval win Window{317f693 u0 com.roboteam.teamy.usa/com.roboteam.teamy.home.HomeActivity}: isDrawn=false, isAnimating=false
01-01 22:30:36.426   568   590 V WindowManager: Not displayed: s=null pv=true mDrawState=NO_SURFACE ah=false th=true a=false
01-01 22:30:36.427   568   590 V WindowManager: Eval win Window{317f693 u0 com.roboteam.teamy.usa/com.roboteam.teamy.home.HomeActivity}: isDrawn=false, isAnimating=false
01-01 22:30:36.427   568   590 V WindowManager: Not displayed: s=null pv=true mDrawState=NO_SURFACE ah=false th=true a=false
01-01 22:30:36.428   568   590 V WindowManager: updateRotationUnchecked(alwaysSendConfiguration=false)
01-01 22:30:36.428   568   590 V WindowManager: Application requested orientation 0, got rotation 1 which has compatible metrics
01-01 22:30:36.428   568   590 V WindowManager: Eval win Window{317f693 u0 com.roboteam.teamy.usa/com.roboteam.teamy.home.HomeActivity}: isDrawn=false, isAnimating=false
01-01 22:30:36.428   568   590 V WindowManager: Not displayed: s=null pv=true mDrawState=NO_SURFACE ah=false th=true a=false
01-01 22:30:36.430   879   879 I ndroid.systemui: type=1400 audit(0.0:16): avc: denied { write } for name="property_service" dev="tmpfs" ino=7988 scontext=u:r:platform_app:s0:c512,c768 tcontext=u:object_r:property_socket:s0 tclass=sock_file permissive=1
01-01 22:30:36.435   568   590 E WindowManager: Unknown window type: 2999
01-01 22:30:36.442   879  1351 D KeyboardUI: kkkkkkkkk   Enter onBootCompletedInternal() call playSound() ----
01-01 22:30:36.442   879  1351 D KeyboardUI: kkkkkkkkk   keyboardUI.cpp -- Enter playSound ()----
01-01 22:30:36.443   879   879 V KeyguardUpdateMonitor: kkkkkk stop service.copyfile == 0 
01-01 22:30:36.462   568   568 D ZenLog  : intercepted: -1|android|17040349|null|1000,alarmsOnly
01-01 22:30:36.462   568   568 V NotificationService: pkg=android canInterrupt=false intercept=true
01-01 22:30:36.463   568   568 D Tethering: ACTION_USB_STATE received, usbConnected=true, mRndisEnabled=false
01-01 22:30:36.469  1249  1249 D RKUpdateReceiver: action = android.hardware.usb.action.USB_STATE
01-01 22:30:36.520   879  1351 D KeyboardUI: kkkkkkkkk   playSound ()----mLockSounds.play()
01-01 22:30:36.523   879  1351 W AudioTrack: AUDIO_OUTPUT_FLAG_FAST denied by client; transfer 4, track 44100 Hz, output 48000 Hz
01-01 22:30:36.543   568  1857 I ActivityManager: Start proc 1863:com.android.keychain/1000 for service com.android.keychain/.KeyChainService
01-01 22:30:36.553   227   312 D AudioHardwareTiny: start_output_stream
01-01 22:30:36.563   227   312 D alsa_route: route_info->sound_card 0, route_info->devices 0  
01-01 22:30:36.563   227   312 D alsa_route: route_set_controls() set route 0
01-01 22:30:36.652  1863  1863 W System  : ClassLoader referenced unknown path: /system/app/KeyChain/lib/arm
01-01 22:30:36.708   568  1877 I RecoverySystem: No recovery log file
01-01 22:30:36.709   568  1877 I BootReceiver: Copying /proc/last_kmsg to DropBox (SYSTEM_LAST_KMSG)
01-01 22:30:36.710  1587  1587 E DisplayOutputManager: Error listing main interfaces :java.lang.NullPointerException: Attempt to get length of null array
01-01 22:30:36.711  1587  1587 E DisplayOutputManager: Error listing aux interfaces :java.lang.NullPointerException: Attempt to get length of null array
01-01 22:30:36.711  1587  1587 E DisplayOutputManager: There is no display interface.
01-01 22:30:36.719   568  1877 I BootReceiver: Copying audit failures to DropBox
01-01 22:30:36.725   568  1877 I BootReceiver: Copied 0 worth of audits to DropBox
01-01 22:30:36.726   568  1877 I BootReceiver: Checking for fsck errors
01-01 22:30:36.800  1554  1554 D MtpService: starting MTP server in MTP mode
01-01 22:30:36.802  1554  1554 D MtpService: Adding MTP storage 0x10001 at /storage/emulated/0
01-01 22:30:36.848  1587  1587 D HdmiReceiver: hdmi receiver action=android.intent.action.BOOT_COMPLETED
01-01 22:30:36.848  1587  1587 D HdmiReceiver: BOOT_COMPLETED
01-01 22:30:36.854  1587  1587 D CABC    : isOpen=false
01-01 22:30:36.855  1587  1587 W System.err: java.io.FileNotFoundException: /sys/class/graphics/fb0/cabc: open failed: EACCES (Permission denied)
01-01 22:30:36.855  1587  1587 W System.err: 	at libcore.io.IoBridge.open(IoBridge.java:452)
01-01 22:30:36.856  1587  1587 W System.err: 	at java.io.FileOutputStream.<init>(FileOutputStream.java:87)
01-01 22:30:36.856  1587  1587 W System.err: 	at java.io.FileOutputStream.<init>(FileOutputStream.java:72)
01-01 22:30:36.856  1587  1587 W System.err: 	at com.android.settings.CABCReceiver.setCABC(CABCReceiver.java:59)
01-01 22:30:36.856  1587  1587 W System.err: 	at com.android.settings.CABCReceiver.onReceive(CABCReceiver.java:43)
01-01 22:30:36.856  1587  1587 W System.err: 	at android.app.ActivityThread.handleReceiver(ActivityThread.java:2725)
01-01 22:30:36.856  1587  1587 W System.err: 	at android.app.ActivityThread.-wrap14(ActivityThread.java)
01-01 22:30:36.856  1587  1587 W System.err: 	at android.app.ActivityThread$H.handleMessage(ActivityThread.java:1421)
01-01 22:30:36.856  1587  1587 W System.err: 	at android.os.Handler.dispatchMessage(Handler.java:102)
01-01 22:30:36.856  1587  1587 W System.err: 	at android.os.Looper.loop(Looper.java:148)
01-01 22:30:36.856  1587  1587 W System.err: 	at android.app.ActivityThread.main(ActivityThread.java:5417)
01-01 22:30:36.856  1587  1587 W System.err: 	at java.lang.reflect.Method.invoke(Native Method)
01-01 22:30:36.856  1587  1587 W System.err: 	at com.android.internal.os.ZygoteInit$MethodAndArgsCaller.run(ZygoteInit.java:772)
01-01 22:30:36.856  1587  1587 W System.err: 	at com.android.internal.os.ZygoteInit.main(ZygoteInit.java:662)
01-01 22:30:36.856  1587  1587 W System.err: Caused by: android.system.ErrnoException: open failed: EACCES (Permission denied)
01-01 22:30:36.856  1587  1587 W System.err: 	at libcore.io.Posix.open(Native Method)
01-01 22:30:36.856  1587  1587 W System.err: 	at libcore.io.BlockGuardOs.open(BlockGuardOs.java:186)
01-01 22:30:36.856  1587  1587 W System.err: 	at libcore.io.IoBridge.open(IoBridge.java:438)
01-01 22:30:36.856  1587  1587 W System.err: 	... 13 more
01-01 22:30:36.943   568  1858 W Searchables: No global search activity found
01-01 22:30:36.951   850   850 D StressTest: =========onReceive===rebootFlag:0
01-01 22:30:37.046  1844  1844 D AdapterServiceConfig: Adding A2dpSinkService
01-01 22:30:37.046  1844  1844 D AdapterServiceConfig: Adding HidService
01-01 22:30:37.047  1844  1844 D AdapterServiceConfig: Adding HealthService
01-01 22:30:37.047  1844  1844 D AdapterServiceConfig: Adding PanService
01-01 22:30:37.047  1844  1844 D AdapterServiceConfig: Adding GattService
01-01 22:30:37.047  1844  1844 D AdapterServiceConfig: Adding HeadsetClientService
01-01 22:30:37.047  1844  1844 D AdapterServiceConfig: Adding AvrcpControllerService
01-01 22:30:37.069  1225  1225 D PersistentNotificationChimeraBroadcastReceiver: Received intent: Intent { act=android.intent.action.BOOT_COMPLETED flg=0x8000010 cmp=com.google.android.gms/.auth.setup.notification.PersistentNotificationBroadcastReceiver (has extras) }
01-01 22:30:37.122  1746  1888 D FileApkUtils: Optimizing (staging complete)
01-01 22:30:37.122  1746  1888 D FileApkUtils: Optimizing: DynamiteModulesA_GmsCore_prodmnc_xhdpi_release.apk [28bb7d0a3294b0b8b1e7dfffd4b771e0511a1b9d2b9f2732ecb9e4c2eb81a1b2]
01-01 22:30:37.124  1746  1888 D DexOptUtils: Module /data/user/0/com.google.android.gms/app_chimera/m/00000000/DynamiteModulesA_GmsCore_prodmnc_xhdpi_release.apk is already optimized. Bailing.
01-01 22:30:37.124  1746  1888 D FileApkUtils: Optimizing: DynamiteModulesC_GmsCore_prodmnc_xhdpi_release.apk [ea78df0ad3d8f58f9577c8e426f1ef4cb9e3f6099badef2b88175f23b8a5ff03]
01-01 22:30:37.191   568   920 I ActivityManager: Start proc 1895:com.android.managedprovisioning/u0a8 for broadcast com.android.managedprovisioning/.BootReminder
01-01 22:30:37.295   568   589 D BluetoothManagerService: Added callback: android.bluetooth.IBluetoothManagerCallback$Stub$Proxy@1b3afb9:true
01-01 22:30:37.295  1844  1844 D BluetoothAdapterState: make() - Creating AdapterState
01-01 22:30:37.298  1844  1844 I bt_bluedroid: init
01-01 22:30:37.298  1844  1910 I BluetoothAdapterState: Entering OffState
01-01 22:30:37.301  1844  1911 I bt_bte_conf: bte_load_ble_conf attempt to load ble stack conf from /etc/bluetooth/ble_stack.conf
01-01 22:30:37.302  1844  1911 E bt_osi_config: config_new unable to open file '/etc/bluetooth/ble_stack.conf': No such file or directory
01-01 22:30:37.302  1844  1911 I bt_bte_conf: bte_load_ble_conf file >/etc/bluetooth/ble_stack.conf< not found
01-01 22:30:37.302  1844  1911 I bt_stack_config: init attempt to load stack conf from /etc/bluetooth/bt_stack.conf
01-01 22:30:37.303  1844  1911 E bt_btif : Get local bdaddr from vflash
01-01 22:30:37.303  1844  1911 E bt_btif : btif_fetch_local_bdaddr, local bdaddr is stored in /data/misc/bluetooth/bdaddr
01-01 22:30:37.310  1746  1890 E LoadManifestTask: Can't find Chimera operation impl class com.google.android.gms.auth.account.be.recovery.AccountRecoveryInitIntentOperation dropping operation
01-01 22:30:37.310  1746  1890 E LoadManifestTask: java.lang.ClassNotFoundException: Didn't find class "com.google.android.gms.auth.account.be.recovery.AccountRecoveryInitIntentOperation" on path: DexPathList[[zip file "/system/framework/com.android.location.provider.jar", zip file "/system/framework/com.android.media.remotedisplay.jar", zip file "/system/priv-app/GMSCore/GMSCore.apk"],nativeLibraryDirectories=[/system/priv-app/GMSCore/lib/arm, /system/priv-app/GMSCore/GMSCore.apk!/lib/armeabi-v7a, /vendor/lib, /system/lib]]
01-01 22:30:37.310  1746  1890 E LoadManifestTask: 	at dalvik.system.BaseDexClassLoader.findClass(BaseDexClassLoader.java:56)
01-01 22:30:37.310  1746  1890 E LoadManifestTask: 	at java.lang.ClassLoader.loadClass(ClassLoader.java:511)
01-01 22:30:37.310  1746  1890 E LoadManifestTask: 	at java.lang.ClassLoader.loadClass(ClassLoader.java:469)
01-01 22:30:37.310  1746  1890 E LoadManifestTask: 	at bfs.run(SourceFile:1773)
01-01 22:30:37.310  1746  1890 E LoadManifestTask: 	at java.util.concurrent.ThreadPoolExecutor.runWorker(ThreadPoolExecutor.java:1113)
01-01 22:30:37.310  1746  1890 E LoadManifestTask: 	at java.util.concurrent.ThreadPoolExecutor$Worker.run(ThreadPoolExecutor.java:588)
01-01 22:30:37.310  1746  1890 E LoadManifestTask: 	at java.lang.Thread.run(Thread.java:818)
01-01 22:30:37.310  1746  1890 E LoadManifestTask: 	Suppressed: java.lang.ClassNotFoundException: com.google.android.gms.auth.account.be.recovery.AccountRecoveryInitIntentOperation
01-01 22:30:37.310  1746  1890 E LoadManifestTask: 		at java.lang.Class.classForName(Native Method)
01-01 22:30:37.310  1746  1890 E LoadManifestTask: 		at java.lang.BootClassLoader.findClass(ClassLoader.java:781)
01-01 22:30:37.310  1746  1890 E LoadManifestTask: 		at java.lang.BootClassLoader.loadClass(ClassLoader.java:841)
01-01 22:30:37.310  1746  1890 E LoadManifestTask: 		at java.lang.ClassLoader.loadClass(ClassLoader.java:504)
01-01 22:30:37.310  1746  1890 E LoadManifestTask: 		... 5 more
01-01 22:30:37.310  1746  1890 E LoadManifestTask: 	Caused by: java.lang.NoClassDefFoundError: Class not found using the boot class loader; no stack trace available
01-01 22:30:37.348  1844  1911 E bt_btif : btif_fetch_local_bdaddr: Got Factory BDA cc:4b:73:82:30:51
01-01 22:30:37.351  1746  1888 D DexOptUtils: Module /data/user/0/com.google.android.gms/app_chimera/m/00000002/DynamiteModulesC_GmsCore_prodmnc_xhdpi_release.apk is already optimized. Bailing.
01-01 22:30:37.351  1746  1888 D FileApkUtils: Optimizing: DynamiteModulesB_GmsCore_prodmnc_xhdpi_release.apk [fdddbd546e514cb5293398a8239137763e97647767d6b423d3c205f19ac2df10]
01-01 22:30:37.356  1844  1844 I bt_bluedroid: get_profile_interface socket
01-01 22:30:37.359  1844  1924 D BluetoothAdapterProperties: Address is:CC:4B:73:82:30:51
01-01 22:30:37.385  1844  1924 D BluetoothAdapterProperties: Name is: Brandon's temi
01-01 22:30:37.386  1844  1844 I bt_bluedroid: get_profile_interface sdp
01-01 22:30:37.393  1844  1856 I bt_bluedroid: config_hci_snoop_log
01-01 22:30:37.397   568   589 D BluetoothManagerService: Broadcasting onBluetoothServiceUp() to 6 receivers.
01-01 22:30:37.401  1844  1910 D BluetoothAdapterState: Current state: OFF, message: 0
01-01 22:30:37.401  1844  1910 D BluetoothAdapterProperties: Setting state to 14
01-01 22:30:37.401  1844  1910 I BluetoothAdapterState: Bluetooth adapter state changed: 10-> 14
01-01 22:30:37.405  1844  1910 D BluetoothBondStateMachine: make
01-01 22:30:37.412  1844  1933 I BluetoothBondStateMachine: StableState(): Entering Off State
01-01 22:30:37.415  1844  1910 I BluetoothAdapterState: Entering PendingCommandState
01-01 22:30:37.416  1844  1844 I BtGatt.JNI: classInitNative(L912): classInitNative: Success!
01-01 22:30:37.419  1844  1844 D BluetoothAdapterService: getAdapterService() - returning com.android.bluetooth.btservice.AdapterService@d7f3250
01-01 22:30:37.420  1844  1844 D BtGatt.DebugUtils: handleDebugAction() action=null
01-01 22:30:37.421  1844  1844 D BtGatt.GattService: Received start request. Starting profile...
01-01 22:30:37.421  1844  1844 D BtGatt.GattService: start()
01-01 22:30:37.421  1844  1844 I bt_bluedroid: get_profile_interface gatt
01-01 22:30:37.422  1844  1844 D BluetoothAdapterService: getAdapterService() - returning com.android.bluetooth.btservice.AdapterService@d7f3250
01-01 22:30:37.422  1844  1844 D BtGatt.AdvertiseManager: advertise manager created
01-01 22:30:37.431  1844  1844 V BluetoothAdapterState: isTurningOff()=false
01-01 22:30:37.431  1844  1844 V BluetoothAdapterState: isTurningOn()=false
01-01 22:30:37.431  1844  1844 V BluetoothAdapterState: isBleTurningOn()=true
01-01 22:30:37.431  1844  1844 V BluetoothAdapterState: isBleTurningOff()=false
01-01 22:30:37.431  1844  1910 D BluetoothAdapterState: Current state: PENDING_COMMAND, message: 4
01-01 22:30:37.434  1844  1910 I bt_bluedroid: bt_bluedroid
01-01 22:30:37.434  1844  1911 D bt_stack_manager: event_start_up_stack is bringing up the stack.
01-01 22:30:37.434  1844  1911 I bt_hci  : start_up
01-01 22:30:37.436  1844  1911 D WifiHW  : check_wifi_chip_type_string: AP6335
01-01 22:30:37.436  1844  1911 D bt_vendor: vendor_open load libbt-vendor.so
01-01 22:30:37.441  1895  1895 W System  : ClassLoader referenced unknown path: /system/priv-app/ManagedProvisioning/lib/arm
01-01 22:30:37.456  1746  1888 D DexOptUtils: Module /data/user/0/com.google.android.gms/app_chimera/m/00000001/DynamiteModulesB_GmsCore_prodmnc_xhdpi_release.apk is already optimized. Bailing.
01-01 22:30:37.463  1844  1911 I bt_vendor: alloc value 0xa1e27829
01-01 22:30:37.463  1844  1911 I bt_vendor: init
01-01 22:30:37.463  1844  1911 I bt_vnd_conf: Attempt to load conf from /etc/bluetooth/bt_vendor.conf
01-01 22:30:37.464  1844  1911 I bt_hci  : start_up bluetooth_rtk_h5_flag :0
01-01 22:30:37.467  1746  1888 D GmsModuleFndr: Beginning GMS chimera module scan
01-01 22:30:37.468  1746  1888 D GmsModuleFndr: Module pkg com.google.android.apps.kids.familylinkmanager not installed, skipping
01-01 22:30:37.468  1746  1888 D GmsModuleFndr: Module pkg com.google.android.gms.policy_test_support not installed, skipping
01-01 22:30:37.469  1746  1888 D GmsModuleFndr: Module pkg com.google.android.apps.kids.familylink not installed, skipping
01-01 22:30:37.469  1746  1888 D GmsModuleFndr: Module pkg com.google.android.play.games not installed, skipping
01-01 22:30:37.471  1746  1888 D ChimeraCfgMgr: Beginning module configuration check
01-01 22:30:37.477  1746  1888 D ChimeraCfgMgr: Module APKs unchanged, check complete
01-01 22:30:37.488  1844  1911 D bt_upio : Delay 500ms for bluetooth power up
01-01 22:30:37.611   568   920 I ActivityManager: Start proc 1944:com.android.onetimeinitializer/u0a9 for broadcast com.android.onetimeinitializer/.OneTimeInitializerReceiver
01-01 22:30:37.820  1944  1944 W System  : ClassLoader referenced unknown path: /system/priv-app/OneTimeInitializer/lib/arm
01-01 22:30:37.823  1944  1944 V OneTimeInitializerRece: OneTimeInitializerReceiver.onReceive
01-01 22:30:37.849   568   892 I ActivityManager: Start proc 1961:com.google.android.inputmethod.pinyin/u0a25 for broadcast com.google.android.inputmethod.pinyin/com.google.android.apps.inputmethod.libs.framework.core.LauncherIconVisibilityInitializer
01-01 22:30:37.981  1961  1961 W System  : ClassLoader referenced unknown path: /system/app/GoogleInput/lib/arm
01-01 22:30:38.062  1746  1891 W InstanceID/Rpc: Found 10006
01-01 22:30:38.086  1746  1891 D AuthInitIntentOperation: Initializing Auth, action is android.intent.action.BOOT_COMPLETED ,InitRuntimeState=2
01-01 22:30:38.106  1746  1891 W Auth    : [FRP,FrpUpdateIntentService] Received invalid intent action: com.google.android.gms.auth.ACTION_INVALID
01-01 22:30:38.111  1225  1225 I Auth    : [AuthDelegateWrapper] Service intent: Intent { cmp=com.google.android.gms/.auth.account.authenticator.DefaultAuthDelegateService }.
01-01 22:30:38.114  1225  1225 I Auth    : [AuthDelegateWrapper] Service intent: Intent { cmp=com.google.android.gms/.auth.account.authenticator.DefaultAuthDelegateService }.
01-01 22:30:38.128  1844  1911 D bt_upio : Delay 500ms for bluetooth power up
01-01 22:30:38.129  1225  1225 I Auth    : [AuthDelegateWrapper] Service intent: Intent { cmp=com.google.android.gms/.auth.account.authenticator.DefaultAuthDelegateService }.
01-01 22:30:38.140  1225  1986 W WakefulBroadcastReceiver: No active wake lock id #1
01-01 22:30:38.157  1746  1891 D AccountStateSyncAdapterInitIntentOperation: Initializing AccountStateSyncAdapter, action is android.intent.action.BOOT_COMPLETED ,InitRuntimeState=2
01-01 22:30:38.157  1746  1891 D AuthZenInitIntentOperation: Initializing Authzen, action is android.intent.action.BOOT_COMPLETED ,InitRuntimeState=2
01-01 22:30:38.158  1746  1891 D EasyUnlockInitOp: Initializing EasyUnlock, InitRuntimeState=2
01-01 22:30:38.163  1746  1988 V AuthZen : Handling intent: android.intent.action.BOOT_COMPLETED
01-01 22:30:38.165  1225  1989 D EasyUnlockInitService: Handling intent for initializer IntentService.
01-01 22:30:38.290  1554  1940 W MediaScanner: Error opening directory '/oem/media/', skipping: No such file or directory.
01-01 22:30:38.298  1746  1988 I GoogleURLConnFactory: Using platform SSLCertificateSocketFactory
01-01 22:30:38.300  1746  1988 E BaseAppContext: Tried to stop global GMSCore RequestQueue. This is likely unintended, so ignoring.
01-01 22:30:38.302  1746  1988 V BaseAppContext: GmsRequestQueue started.
01-01 22:30:38.314  1746  1988 D AuthZenEventHandler: Handling event: android.intent.action.BOOT_COMPLETED
01-01 22:30:38.521  1961  1961 I AndroidIME: com.google.android.apps.inputmethod.libs.framework.core.LauncherIconVisibilityInitializerBase: android.intent.action.BOOT_COMPLETED
01-01 22:30:38.527  1209  1209 I SystemBroadcastReceiver: Boot has been completed
01-01 22:30:38.527  1209  1209 I SystemBroadcastReceiver: toggleAppIcon() : FLAG_SYSTEM = true
01-01 22:30:38.537  1249  1249 D RKUpdateReceiver: action = android.intent.action.BOOT_COMPLETED
01-01 22:30:38.537  1249  1249 D RKUpdateReceiver: RKUpdateReceiver recv ACTION_BOOT_COMPLETED.
01-01 22:30:38.538  1746  1988 D AuthZenTransactionCache: Initialized cache in: /data/user/0/com.google.android.gms/files
01-01 22:30:38.539  1746  1988 D AuthZenTransactionCache: Clearing transaction cache
01-01 22:30:38.557   568   921 I ActivityManager: Start proc 2002:com.google.android.youtube/u0a43 for broadcast com.google.android.youtube/com.google.android.libraries.youtube.mdx.background.MdxBackgroundScanBootReceiver
01-01 22:30:38.561  1249  1249 I android_rockchip_update_UpdateService.cpp: JNI_OnLoad
01-01 22:30:38.566  1249  1249 D RKUpdateService: starting RKUpdateService, version is 1.8.0
01-01 22:30:38.568  1249  1249 D RKUpdateService: remote uri is http://ro.product.ota.host=120.76.73.32:2305/OtaUpdater/android?product=rk3288&version=1.0.1&sn=SZJHWJZQZ0&country=US&language=en
01-01 22:30:38.569  1249  1249 D RKUpdateService: remote uri backup is http://192.168.1.143:2300/OtaUpdater/android?product=rk3288&version=1.0.1&sn=SZJHWJZQZ0&country=US&language=en
01-01 22:30:38.572  1249  1249 D RKUpdateService: first startup!!!
01-01 22:30:38.577  1249  1249 D RKUpdateService: onStartCommand.......
01-01 22:30:38.577  1249  1249 D RKUpdateService: command = 1 delaytime = 20000
01-01 22:30:38.578  1249  1249 D RKUpdateService: onStartCommand.......
01-01 22:30:38.578  1249  1249 D RKUpdateService: command = 2 delaytime = 25000
01-01 22:30:38.715  1746  1891 W art     : Long monitor contention event with owner method=boolean libcore.io.Posix.access(java.lang.String, int) from Posix.java:4294967294 waiters=0 for 512ms
01-01 22:30:38.765  1746  1891 D PeriodicTasksManager: Will schedule periodic tasks:android.intent.action.BOOT_COMPLETED.
01-01 22:30:38.778  1746  2020 I CheckinService: Disabling old GoogleServicesFramework version
01-01 22:30:38.803  1746  2021 V CheckinChimeraService: No Subscriptions found on the device
01-01 22:30:38.803  1746  1891 D PeriodicTasksManager: Scheduling periodical signal task every 86400 seconds
01-01 22:30:38.815  1746  1891 D PeriodicTasksManager: AdAttestation signal task scheduled
01-01 22:30:38.822  1746  1891 D GCM     : COMPAT: Multi user ser=0 current=0
01-01 22:30:38.828  1844  1911 D bt_hci  : start_up starting async portion
01-01 22:30:38.828  1844  1936 I bt_hci  : event_finish_startup
01-01 22:30:38.828  1844  1936 I bt_hci_h4: hal_open
01-01 22:30:38.828  1844  1936 I bt_userial_vendor: userial vendor open: opening /dev/ttyS0
01-01 22:30:38.829  1844  1936 I bt_userial_vendor: device fd = 52 open
01-01 22:30:38.833  1746  2021 I CheckinChimeraService: Checking schedule, now: 1293883238832 next: 1294423654832
01-01 22:30:38.833  1746  2021 I CheckinChimeraService: active receiver: disabled
01-01 22:30:38.836  1225  1225 D WearableService: callingUid 10006, callindPid: 1225
01-01 22:30:38.838  1844  1936 I bt_hwcfg: bt vendor lib: set UART baud 1500000
01-01 22:30:39.040  1844  1936 D bt_hwcfg: Chipset BCM4354A2
01-01 22:30:39.040  1844  1936 D bt_hwcfg: Target name = [BCM4354A2]
01-01 22:30:39.040  1844  1936 D WifiHW  : check_wifi_chip_type_string: AP6335
01-01 22:30:39.040  1844  1936 I bt_hwcfg: BT module name is: AP6335, p_chip_id_str = BCM4354A2
01-01 22:30:39.040  1844  1936 I bt_hwcfg: Target HCD file name is: BCM4356A2.hcd
01-01 22:30:39.093  1844  1936 I bt_hwcfg: Found patchfile: /vendor/firmware//BCM4356A2.hcd
01-01 22:30:39.173  1225  2034 D GCM     : GcmService start Intent { flg=0x8000010 cmp=com.google.android.gms/.gcm.GcmService (has extras) } null
01-01 22:30:39.195  1225  1765 D PlaceInferenceEngine: Stop called when not running
01-01 22:30:39.214  1225  1225 E GmsWearableNodeHelper: GoogleApiClient connection failed: ConnectionResult{statusCode=API_UNAVAILABLE, resolution=null, message=null}
01-01 22:30:39.216  1225  1619 W GeofencerStateMachine: Ignoring removeGeofence because network location is disabled.
01-01 22:30:39.305  1746  1891 I FA-SVC  : App measurement is starting up, version: 9083
01-01 22:30:39.305  1746  1891 I FA-SVC  : To enable debug logging run: adb shell setprop log.tag.FA VERBOSE
01-01 22:30:39.504  1225  2037 I PhenotypeConfigurator: Scheduling Phenotype for one-off execution 5802 seconds from now (1293883239504)
01-01 22:30:39.505  1746  1891 W art     : Long monitor contention event with owner method=boolean libcore.io.Posix.access(java.lang.String, int) from Posix.java:4294967294 waiters=0 for 163ms
01-01 22:30:39.540  1746  2039 V FA-SVC  : Update service enabled state to: 1
01-01 22:30:39.542  1746  2039 I FA-SVC  : This instance being marked as an uploader
01-01 22:30:39.666  2002  2002 W FileProviderCompat: isPatchingNecessary returned true and in == null: false
01-01 22:30:39.668  1746  1891 V SmartDevice: [service,SmartDeviceIntentHandlers] OnUpgradeOrBootOperation got intent: Intent { act=android.intent.action.BOOT_COMPLETED flg=0x8000010 cmp=com.google.android.gms/.chimera.GmsIntentOperationService (has extras) } with flag 2
01-01 22:30:39.687  2002  2002 W PatchedPackageManager: patching ProviderInfo. Metadata was not null
01-01 22:30:39.687  2002  2002 W PatchedPackageManager: resolveContentProvider flags: 128 ret: ContentProviderInfo{name=com.google.android.youtube.fileprovider className=com.google.android.apps.youtube.app.common.util.FileProviderCompat}
01-01 22:30:39.688  1746  2073 E MDM     : [136] rlj.a: Couldn't connect to Google API client: ConnectionResult{statusCode=API_UNAVAILABLE, resolution=null, message=null}
01-01 22:30:39.701  2002  2002 W YT      : Last known version:13.35.51
01-01 22:30:39.711  1746  1891 I DynamiteModule: Considering local module com.google.android.gms.googlecertificates:1 and remote module com.google.android.gms.googlecertificates:1
01-01 22:30:39.711  1746  1891 I DynamiteModule: Selected remote version of com.google.android.gms.googlecertificates, version >= 1
01-01 22:30:39.715  1746  1891 W System  : ClassLoader referenced unknown path: /data/user/0/com.google.android.gms/app_chimera/m/00000000/n/armeabi
01-01 22:30:39.716  1746  1891 D ChimeraFileApk: Primary ABI of requesting process is armeabi-v7a
01-01 22:30:39.717  1746  1891 D ChimeraFileApk: Classloading successful. Optimized code found.
01-01 22:30:39.718  1746  1891 D GoogleCertificates: com.google.android.gms.googlecertificates module is loaded
01-01 22:30:39.737   227   312 D alsa_route: route_set_controls() set route 24
01-01 22:30:39.737   227   312 D AudioHardwareTiny: close device
01-01 22:30:39.760  1746  1891 D GoogleCertificatesImpl: Fetched 300 Google certificates
01-01 22:30:39.854  1746  2081 V CheckinChimeraService: No Subscriptions found on the device
01-01 22:30:39.855  1746  2081 I CheckinChimeraService: Checking schedule, now: 1293883239855 next: 1294423654832
01-01 22:30:39.855  1746  2081 I CheckinChimeraService: active receiver: disabled
01-01 22:30:39.857  1746  1891 I GCoreUlr: Starting service, intent=Intent { act=com.google.android.location.reporting.ACTION_UPDATE_WORLD cmp=com.google.android.gms/com.google.android.location.reporting.service.DispatchingService (has extras) }, extras=Bundle[{receiverAction=android.intent.action.BOOT_COMPLETED}]
01-01 22:30:39.859  1844  1936 I bt_hwcfg: bt vendor lib: set UART baud 115200
01-01 22:30:40.059  1844  1936 D bt_hwcfg: Settlement delay -- 200 ms
01-01 22:30:40.059  1844  1936 I bt_hwcfg: Setting fw settlement delay to 200 
01-01 22:30:40.164  1746  2068 D fdn     : Opening database auth.proximity.permit_store...
01-01 22:30:40.173  1225  1989 D EasyUnlockInitService: Not initializing EasyUnlock: remote_devices=0, bluetooth_on=false
01-01 22:30:40.174  1746  2065 W IcingInternalCorpora: getNumBytesRead when not calculated.
01-01 22:30:40.181  1746  1891 D LocationInitializer: Restart initialization of location
01-01 22:30:40.234  2002  2105 W YouTube : Fetching the Gservices key 'failsafe_clear_cache_release_13_02' before the end of the bulk initialization
01-01 22:30:40.269  1844  1936 I bt_hwcfg: bt vendor lib: set UART baud 1500000
01-01 22:30:40.470  1844  1936 I bt_hwcfg: Setting local bd addr to CC:4B:73:82:30:51
01-01 22:30:40.470  1844  1936 I bt_hwcfg: vendor lib fwcfg completed
01-01 22:30:40.470  1844  1936 I bt_vendor: firmware callback
01-01 22:30:40.470  1844  1936 I bt_hci  : firmware_config_callback
01-01 22:30:40.473  1844  2116 I bt_btu  : btu_task pending for preload complete event
01-01 22:30:40.473  1844  2116 I bt_btu_task: Bluetooth chip preload is complete
01-01 22:30:40.473  1844  2116 I bt_btu  : btu_task received preload complete event
01-01 22:30:40.476  1844  2116 I         : BTE_InitTraceLevels -- TRC_HCI
01-01 22:30:40.476  1844  2116 I         : BTE_InitTraceLevels -- TRC_L2CAP
01-01 22:30:40.476  1844  2116 I         : BTE_InitTraceLevels -- TRC_RFCOMM
01-01 22:30:40.476  1844  2116 I         : BTE_InitTraceLevels -- TRC_AVDT
01-01 22:30:40.476  1844  2116 I         : BTE_InitTraceLevels -- TRC_AVRC
01-01 22:30:40.476  1844  2116 I         : BTE_InitTraceLevels -- TRC_A2D
01-01 22:30:40.476  1844  2116 I         : BTE_InitTraceLevels -- TRC_BNEP
01-01 22:30:40.476  1844  2116 I         : BTE_InitTraceLevels -- TRC_BTM
01-01 22:30:40.476  1844  2116 I         : BTE_InitTraceLevels -- TRC_GAP
01-01 22:30:40.476  1844  2116 I         : BTE_InitTraceLevels -- TRC_PAN
01-01 22:30:40.476  1844  2116 I         : BTE_InitTraceLevels -- TRC_SDP
01-01 22:30:40.476  1844  2116 I         : BTE_InitTraceLevels -- TRC_GATT
01-01 22:30:40.476  1844  2116 I         : BTE_InitTraceLevels -- TRC_SMP
01-01 22:30:40.476  1844  2116 I         : BTE_InitTraceLevels -- TRC_BTAPP
01-01 22:30:40.476  1844  2116 I         : BTE_InitTraceLevels -- TRC_BTIF
01-01 22:30:40.500  2002  2104 W art     : Long monitor contention event with owner method=void wpy.<clinit>() from SourceFile:141 waiters=2 for 265ms
01-01 22:30:40.501  2002  2103 W art     : Long monitor contention event with owner method=void wpy.<clinit>() from SourceFile:141 waiters=4 for 254ms
01-01 22:30:40.551   568   589 E BluetoothManagerService: waitForOnOff time out
01-01 22:30:40.552  1844  1910 D BluetoothAdapterState: Current state: PENDING_COMMAND, message: 23
01-01 22:30:40.552  1844  1910 I BluetoothAdapterState: Deferring BLE_TURN_OFF request...
01-01 22:30:40.592  1844  2116 I bt_btm_sec: BTM_SecRegister p_cb_info->p_le_callback == 0x0xa1da5599
01-01 22:30:40.592  1844  2116 I bt_btm_sec: BTM_SecRegister btm_cb.api.p_le_callback = 0x0xa1da5599 
01-01 22:30:40.607  2002  2096 W YouTube : Fetching the Gservices key 'disable_binder_callback_flush' before the end of the bulk initialization
01-01 22:30:40.626  2002  2101 W GooglePlayServicesUtil: Google Play services out of date.  Requires 11910000 but found 9083436
01-01 22:30:40.666  1844  1924 I bt_btif_storage: btif_storage_get_adapter_property service_mask:0x20000000
01-01 22:30:40.666  1844  1924 D BluetoothAdapterProperties: Address is:CC:4B:73:82:30:51
01-01 22:30:40.667  1844  1924 D BluetoothAdapterProperties: Name is: Brandon's temi
01-01 22:30:40.668  1844  1924 D BluetoothAdapterProperties: Scan Mode:20
01-01 22:30:40.668  1844  1924 D BluetoothAdapterProperties: Discoverable Timeout:120
01-01 22:30:40.668  1844  1924 D bt_hci  : do_postload posting postload work item
01-01 22:30:40.668  1844  1936 I bt_hci  : event_postload
01-01 22:30:40.668  1844  1936 D bt_vendor: SCO config
01-01 22:30:40.668  1844  1936 I bt_vendor: sco_config_cb
01-01 22:30:40.668  1844  1936 I bt_hci  : sco_config_callback postload finished.
01-01 22:30:40.758  1844  1924 D bt_bte_conf: Device ID record 1 : primary
01-01 22:30:40.758  1844  1924 D bt_bte_conf:   vendorId            = 000f
01-01 22:30:40.758  1844  1924 D bt_bte_conf:   vendorIdSource      = 0001
01-01 22:30:40.758  1844  1924 D bt_bte_conf:   product             = 1200
01-01 22:30:40.758  1844  1924 D bt_bte_conf:   version             = 1436
01-01 22:30:40.758  1844  1924 D bt_bte_conf:   clientExecutableURL = 
01-01 22:30:40.759  1844  1924 D bt_bte_conf:   serviceDescription  = 
01-01 22:30:40.759  1844  1924 D bt_bte_conf:   documentationURL    = 
01-01 22:30:40.759  1844  1924 D bt_bte_conf: bte_load_did_conf no section named DID2.
01-01 22:30:40.759  1844  1911 D bt_stack_manager: event_start_up_stack finished
01-01 22:30:40.759  1844  1910 D BluetoothAdapterState: Current state: PENDING_COMMAND, message: 3
01-01 22:30:40.759  1844  1910 D BluetoothAdapterProperties: Setting state to 15
01-01 22:30:40.759  1844  1910 I BluetoothAdapterState: Bluetooth adapter state changed: 14-> 15
01-01 22:30:40.760  1844  1910 I BluetoothAdapterState: Entering BleOnState
01-01 22:30:40.760  1844  1910 D BluetoothAdapterState: Current state: BLE ON, message: 23
01-01 22:30:40.763  1844  1910 D BluetoothAdapterState: Current state: BLE ON, message: 1
01-01 22:30:40.763  1844  1910 D BluetoothAdapterProperties: Setting state to 11
01-01 22:30:40.763  1844  1910 I BluetoothAdapterState: Bluetooth adapter state changed: 15-> 11
01-01 22:30:40.767  1844  1844 D BluetoothAdapterService: getAdapterService() - returning com.android.bluetooth.btservice.AdapterService@d7f3250
01-01 22:30:40.768  1844  1844 D A2dpSinkService: Received start request. Starting profile...
01-01 22:30:40.768  1844  1844 I BluetoothA2dpSinkServiceJni: classInitNative: succeeds
01-01 22:30:40.769  1844  1844 D A2dpSinkStateMachine: make
01-01 22:30:40.771  1844  1844 I bt_bluedroid: get_profile_interface a2dp_sink
01-01 22:30:40.771  1844  1844 E bt_btif : ## A2DP START MEDIA THREAD ##
01-01 22:30:40.776  1844  1924 I bt_btif_storage: btif_storage_get_adapter_property service_mask:0x20040008
01-01 22:30:40.777  1844  1924 I bt_btif_storage: btif_storage_get_adapter_property service_mask:0x20040008
01-01 22:30:40.777  1844  2124 E bt_btif : SETUP CHANNEL SERVER 0
01-01 22:30:40.781  1844  1910 I BluetoothAdapterState: Entering PendingCommandState
01-01 22:30:40.789  1844  2123 D A2dpSinkStateMachine: Enter Disconnected: -2
01-01 22:30:40.789  1844  2123 D A2dpSinkStateMachine: stopPcmRead false
01-01 22:30:40.789  1844  2123 D A2dpSinkStateMachine: audioPause false
01-01 22:30:40.790  1844  1844 I BluetoothHidServiceJni: classInitNative: succeeds
01-01 22:30:40.791  1844  1844 D BluetoothAdapterService: getAdapterService() - returning com.android.bluetooth.btservice.AdapterService@d7f3250
01-01 22:30:40.792   879   879 D BluetoothInputDevice: Proxy object connected
01-01 22:30:40.792  1844  1844 D HidService: Received start request. Starting profile...
01-01 22:30:40.792  1844  1844 I bt_bluedroid: get_profile_interface hidhost
01-01 22:30:40.793  1844  1844 D HidService: setHidService(): set to: null
01-01 22:30:40.793  1844  1924 I bt_bta_hh: BTA_HhEnable sec_mask:0x36 p_cback:0xa1d86409
01-01 22:30:40.793   879   879 D HidProfile: Bluetooth service connected
01-01 22:30:40.793  1844  1924 I bt_btif_storage: btif_storage_get_adapter_property service_mask:0x20140008
01-01 22:30:40.794  1844  1844 I BluetoothHealthServiceJni: classInitNative: succeeds
01-01 22:30:40.794  1844  1844 D BluetoothAdapterService: getAdapterService() - returning com.android.bluetooth.btservice.AdapterService@d7f3250
01-01 22:30:40.795  1844  1844 D HealthService: Received start request. Starting profile...
01-01 22:30:40.796  1844  1844 I bt_bluedroid: get_profile_interface health
01-01 22:30:40.797  1844  1844 I BluetoothPanServiceJni: classInitNative(L105): succeeds
01-01 22:30:40.798  1844  1844 D BluetoothAdapterService: getAdapterService() - returning com.android.bluetooth.btservice.AdapterService@d7f3250
01-01 22:30:40.800   879   879 D BluetoothPan: BluetoothPAN Proxy object connected
01-01 22:30:40.801   879   879 D PanProfile: Bluetooth service connected
01-01 22:30:40.801  1844  1844 D PanService: Received start request. Starting profile...
01-01 22:30:40.801  1844  1844 D BluetoothPanServiceJni: initializeNative(L110): pan
01-01 22:30:40.801  1844  1844 I bt_bluedroid: get_profile_interface pan
01-01 22:30:40.802  1844  1924 D BluetoothPanServiceJni: control_state_callback(L61): state:0, local_role:3, ifname:bt-pan
01-01 22:30:40.804  1844  1844 D BluetoothAdapterService: getAdapterService() - returning com.android.bluetooth.btservice.AdapterService@d7f3250
01-01 22:30:40.804  1844  1844 D HeadsetClientService: Received start request. Starting profile...
01-01 22:30:40.805  1844  1844 I BluetoothHeadsetClientServiceJni: classInitNative succeeds
01-01 22:30:40.805  1844  1844 D HeadsetClientStateMachine: make
01-01 22:30:40.828   227   516 E MediaPlayerFactory: 2019 03 30 -------- getPlayerType()---------------- 234 !!!! 
01-01 22:30:40.828   227   516 E MediaPlayerFactory: filePath = /system/media/audio/alarms/Alarm_Classic.ogg 
01-01 22:30:40.828   227   516 E MediaPlayerFactory: 2019 03 30 -------- getPlayerType()---------------- return STAGEFRIGHT_PLAYER !!!! 
01-01 22:30:40.828   227   516 I AwesomePlayer: AwesomePlayer::AwesomePlayer()in
01-01 22:30:40.829   227   516 I AwesomePlayer: AwesomePlayer::AwesomePlayer()aftermClient.connect()
01-01 22:30:40.840   227   516 D WVMExtractor: Failed to open libwvm.so
01-01 22:30:40.841   227   516 D AwesomePlayer: the format is mimeTypeapplication/ogg,confidence:0.200000
