12-04 14:01:50.070   571   626 D ConnectivityService: updateNetworkScore for NetworkAgentInfo [WIFI () - 100] to 56
12-04 14:02:04.033   236   632 E MediaPlayerFactory: 2019 03 30 -------- getPlayerType()---------------- 234 !!!! 
12-04 14:02:04.034   236   632 E MediaPlayerFactory: filePath = /data/app/com.roboteam.teamy.usa-2/base.apk 
12-04 14:02:04.034   236   632 E MediaPlayerFactory: 2019 03 30 -------- getPlayerType()---------------- return STAGEFRIGHT_PLAYER !!!! 
12-04 14:02:04.034   236   632 I AwesomePlayer: AwesomePlayer::AwesomePlayer()in
12-04 14:02:04.036   236   632 I AwesomePlayer: AwesomePlayer::AwesomePlayer()aftermClient.connect()
12-04 14:02:04.079   236   632 D AwesomePlayer: the format is mimeType：audio/x-wav,confidence:0.400000
12-04 14:02:04.103   700  1249 D MediaPlayer: setSubtitleAnchor in MediaPlayer
12-04 14:02:04.103   700   700 D MediaPlayer: setSubtitleAnchor in MediaPlayer
12-04 14:02:04.118   236   369 D AudioHardwareTiny: start_output_stream
12-04 14:02:04.119   236   369 D alsa_route: route_info->sound_card 0, route_info->devices 0  
12-04 14:02:04.119   236   369 D alsa_route: route_set_controls() set route 0
12-04 14:02:04.950   236  3147 I AudioSink: callbackwrapper: EVENT_UNDERRUN (discarded)
12-04 14:02:05.157   236   570 I FrameQueueManage: FrameQueueManage::~FrameQueueManage end!
12-04 14:02:06.190   700   700 E ThemeUtils: View class androidx.appcompat.widget.AppCompatTextView is an AppCompat widget that can only be used with a Theme.AppCompat theme (or descendant).
12-04 14:02:06.190   700   700 E ThemeUtils: View class androidx.appcompat.widget.AppCompatTextView is an AppCompat widget that can only be used with a Theme.AppCompat theme (or descendant).
12-04 14:02:06.225   571   727 V WindowManager: Done at AppWindowToken{9b0734c token=Token{cf1ae87 ActivityRecord{4966ec6 u0 com.roboteam.teamy.usa/com.roboteam.teamy.internalactivities.settings.views.activities.SettingsActivity t1537}}} -- full screen, return 0
12-04 14:02:06.235   571  1643 I WindowStateAnimator: createSurface WindowStateAnimator{4debc5b }: mDrawState=DRAW_PENDING
12-04 14:02:06.236   571  1643 V WindowManager: Done at AppWindowToken{9b0734c token=Token{cf1ae87 ActivityRecord{4966ec6 u0 com.roboteam.teamy.usa/com.roboteam.teamy.internalactivities.settings.views.activities.SettingsActivity t1537}}} -- full screen, return 0
12-04 14:02:06.236   571  1643 V WindowManager: Resize reasons for w=Window{7027f6a u0 com.roboteam.teamy.usa}:  contentInsetsChanged=false [0,0][0,0] visibleInsetsChanged=false [0,0][0,0] stableInsetsChanged=false [0,0][0,0] outsetsChanged=false [0,0][0,0] surfaceResized=true configChanged=true
12-04 14:02:06.236   571  1643 V WindowManager: Resizing window Window{7027f6a u0 com.roboteam.teamy.usa} to 1920.0x1200.0
12-04 14:02:06.242   571  1643 V WindowState: Reporting new frame to Window{7027f6a u0 com.roboteam.teamy.usa}: Rect(0, 0 - 1920, 1200)
12-04 14:02:06.242   571  1643 I WindowState: Sending new config to window Window{7027f6a u0 com.roboteam.teamy.usa}: 1920.0x1200.0 / config={1.0 ?mcc?mnc en_US ldltr sw800dp w1280dp h800dp 240dpi xlrg land finger -keyb/v/h -nav/h s.4} overrideConfig={1.0 ?mcc?mnc ?locale ?layoutDir ?swdp ?wdp ?hdp ?density ?lsize ?long ?orien ?uimode ?night ?touch ?keyb/?/? ?nav/?}
12-04 14:02:06.242   571  1643 I WindowState: Resizing Window{7027f6a u0 com.roboteam.teamy.usa} WITH DRAW PENDING
12-04 14:02:06.245   700  1379 D Surface : Surface::final mReqUsage=a00
12-04 14:02:06.245   700  1379 D mali_winsys: EGLint new_window_surface(egl_winsys_display*, void*, EGLSurface, EGLConfig, egl_winsys_surface**, egl_color_buffer_format*, EGLBoolean) returns 0x3000
12-04 14:02:06.254   192   200 D gralloc : Isfb=0, [1920,1200,1920,7680], fmt=1, byte_stride=7680
12-04 14:02:06.260   571   592 E WindowManager: Unknown window type: 2999
12-04 14:02:06.260   192   200 D gralloc : Isfb=0, [1920,1200,1920,7680], fmt=1, byte_stride=7680
12-04 14:02:06.266   192   200 D gralloc : Isfb=0, [1920,1200,1920,7680], fmt=1, byte_stride=7680
12-04 14:02:06.270   571  1719 W AppOps  : Finishing op nesting under-run: uid 1000 pkg com.roboteam.teamy.usa code 24 time=0 duration=0 nesting=0
12-04 14:02:06.272   571  1719 V WindowManager: Done at AppWindowToken{9b0734c token=Token{cf1ae87 ActivityRecord{4966ec6 u0 com.roboteam.teamy.usa/com.roboteam.teamy.internalactivities.settings.views.activities.SettingsActivity t1537}}} -- full screen, return 0
12-04 14:02:06.277   571   592 E WindowManager: Unknown window type: 2999
12-04 14:02:06.288   700  1195 W ContextImpl: Calling a method in the system process without a qualified user: android.app.ContextImpl.startActivity:658 android.content.ContextWrapper.startActivity:331 com.roboteam.teamy.shared.activitylauncher.ActivityLauncher.startActivity:16 com.roboteam.teamy.robox.map.activity.activitylauncher.MapFlowActivityLauncher$launch$2.accept:34 com.roboteam.teamy.robox.map.activity.activitylauncher.MapFlowActivityLauncher$launch$2.accept:15 
12-04 14:02:06.288   192   204 D gralloc : Isfb=0, [1200,1920,1200,4800], fmt=1, byte_stride=4800
12-04 14:02:06.289   700  1195 W ContextImpl: Calling a method in the system process without a qualified user: android.app.ContextImpl.startActivity:670 android.app.ContextImpl.startActivity:659 android.content.ContextWrapper.startActivity:331 com.roboteam.teamy.shared.activitylauncher.ActivityLauncher.startActivity:16 com.roboteam.teamy.robox.map.activity.activitylauncher.MapFlowActivityLauncher$launch$2.accept:34 
12-04 14:02:06.290   571   582 I ActivityManager: START u0 {flg=0x10000000 cmp=com.roboteam.teamy.usa/com.roboteam.teamy.robox.map.activity.MapFlowActivity (has extras)} from uid 1000 on display 0
12-04 14:02:06.294   192   192 D Surface : Surface::final mReqUsage=333
12-04 14:02:06.300   192   200 D gralloc : Isfb=0, [1200,1920,1200,4800], fmt=1, byte_stride=4800
12-04 14:02:06.302   192  1047 D gralloc : Isfb=0, [630,630,640,2560], fmt=1, byte_stride=2560
12-04 14:02:06.307   571  1159 V WindowStateAnimator: finishDrawingLocked: mDrawState=COMMIT_DRAW_PENDING WindowStateAnimator{4debc5b } in Surface(name=)
12-04 14:02:06.316   571   592 I WindowManager:   SURFACE SHOW (performShowLocked): Window{7027f6a u0 com.roboteam.teamy.usa}
12-04 14:02:06.333   192   729 D gralloc : Isfb=0, [1200,1920,1200,4800], fmt=1, byte_stride=4800
12-04 14:02:06.333   571   592 E WindowManager: Unknown window type: 2999
12-04 14:02:06.334   571   592 I WindowStateAnimator: createSurface WindowStateAnimator{42aae09 Starting com.roboteam.teamy.usa}: mDrawState=DRAW_PENDING
12-04 14:02:06.334   571   592 D WindowStateAnimator: rk_debug2 Starting com.roboteam.teamy.usa_Force_To_Dual
12-04 14:02:06.338   571   592 V WindowManager: Skipping AppWindowToken{b29080e token=Token{81c15d1 ActivityRecord{99c1cf8 u0 com.roboteam.teamy.usa/com.roboteam.teamy.robox.map.activity.MapFlowActivity t1538}}} -- hidden on top
12-04 14:02:06.339   571   592 V WindowManager: Done at AppWindowToken{9b0734c token=Token{cf1ae87 ActivityRecord{4966ec6 u0 com.roboteam.teamy.usa/com.roboteam.teamy.internalactivities.settings.views.activities.SettingsActivity t1537}}} -- full screen, return 0
12-04 14:02:06.339   571   592 V WindowManager: Resize reasons for w=Window{1919310 u0 Starting com.roboteam.teamy.usa}:  contentInsetsChanged=false [0,0][0,0] visibleInsetsChanged=false [0,0][0,0] stableInsetsChanged=false [0,0][0,0] outsetsChanged=false [0,0][0,0] surfaceResized=false configChanged=true
12-04 14:02:06.339   571   592 V WindowManager: Resizing window Window{1919310 u0 Starting com.roboteam.teamy.usa} to 1920.0x1200.0
12-04 14:02:06.339   571   592 V WindowState: Reporting new frame to Window{1919310 u0 Starting com.roboteam.teamy.usa}: Rect(0, 0 - 1920, 1200)
12-04 14:02:06.339   571   592 I WindowState: Sending new config to window Window{1919310 u0 Starting com.roboteam.teamy.usa}: 1920.0x1200.0 / config={1.0 ?mcc?mnc en_US ldltr sw800dp w1280dp h800dp 240dpi xlrg land finger -keyb/v/h -nav/h s.4} overrideConfig={1.0 ?mcc?mnc ?locale ?layoutDir ?swdp ?wdp ?hdp ?density ?lsize ?long ?orien ?uimode ?night ?touch ?keyb/?/? ?nav/?}
12-04 14:02:06.340   571   592 I WindowState: Resizing Window{1919310 u0 Starting com.roboteam.teamy.usa} WITH DRAW PENDING
12-04 14:02:06.354   571   592 E WindowManager: Unknown window type: 2999
12-04 14:02:06.356   571   592 D Surface : Surface::final mReqUsage=33
12-04 14:02:06.361   571   712 V WindowManager: Clear freezing of Token{cf1ae87 ActivityRecord{4966ec6 u0 com.roboteam.teamy.usa/com.roboteam.teamy.internalactivities.settings.views.activities.SettingsActivity t1537}}: hidden=false freezing=false
12-04 14:02:06.362   571   712 V WindowManager: Skipping set freeze of Token{81c15d1 ActivityRecord{99c1cf8 u0 com.roboteam.teamy.usa/com.roboteam.teamy.robox.map.activity.MapFlowActivity t1538}}
12-04 14:02:06.363   571   712 V WindowManager: setAppVisibility(Token{81c15d1 ActivityRecord{99c1cf8 u0 com.roboteam.teamy.usa/com.roboteam.teamy.robox.map.activity.MapFlowActivity t1538}}, visible=true): mNextAppTransition=TRANSIT_TASK_OPEN hidden=true hiddenRequested=true Callers=com.android.server.am.ActivityStackSupervisor.realStartActivityLocked:1185 com.android.server.am.ActivityStackSupervisor.startSpecificActivityLocked:1384 com.android.server.am.ActivityStack.resumeTopActivityInnerLocked:2077 com.android.server.am.ActivityStack.resumeTopActivityLocked:1587 com.android.server.am.ActivityStackSupervisor.resumeTopActivitiesLocked:2735 com.android.server.am.ActivityStack.completePauseLocked:1080 
12-04 14:02:06.363   571   712 V WindowManager: Done at AppWindowToken{b29080e token=Token{81c15d1 ActivityRecord{99c1cf8 u0 com.roboteam.teamy.usa/com.roboteam.teamy.robox.map.activity.MapFlowActivity t1538}}} -- full screen, return 0
12-04 14:02:06.364   571   712 V WindowManager: setAppVisibility(Token{cf1ae87 ActivityRecord{4966ec6 u0 com.roboteam.teamy.usa/com.roboteam.teamy.internalactivities.settings.views.activities.SettingsActivity t1537}}, visible=false): mNextAppTransition=TRANSIT_TASK_OPEN hidden=false hiddenRequested=false Callers=com.android.server.am.ActivityStack.setVisible:1170 com.android.server.am.ActivityStack.ensureActivitiesVisibleLocked:1431 com.android.server.am.ActivityStackSupervisor.ensureActivitiesVisibleLocked:3305 com.android.server.am.ActivityManagerService.updateConfigurationLocked:17838 com.android.server.am.ActivityStackSupervisor.realStartActivityLocked:1201 com.android.server.am.ActivityStackSupervisor.startSpecificActivityLocked:1384 
12-04 14:02:06.368   571   712 V WindowManager: Eval win Window{1919310 u0 Starting com.roboteam.teamy.usa}: isDrawn=false, isAnimating=true
12-04 14:02:06.368   571   712 V WindowManager: Not displayed: s=Surface(name=Starting com.roboteam.teamy.usa_Force_To_Dual) pv=true mDrawState=DRAW_PENDING ah=false th=false a=false
12-04 14:02:06.378   192   200 D gralloc : Isfb=0, [1920,1200,1920,7680], fmt=1, byte_stride=7680
12-04 14:02:06.406   571   592 V WindowStateAnimator: finishDrawingLocked: mDrawState=COMMIT_DRAW_PENDING WindowStateAnimator{42aae09 Starting com.roboteam.teamy.usa} in Surface(name=Starting com.roboteam.teamy.usa_Force_To_Dual)
12-04 14:02:06.407   571   592 V WindowManager: Eval win Window{1919310 u0 Starting com.roboteam.teamy.usa}: isDrawn=true, isAnimating=true
12-04 14:02:06.410   571   592 I WindowManager:   SURFACE SHOW (performShowLocked): Window{1919310 u0 Starting com.roboteam.teamy.usa}
12-04 14:02:06.412   571   592 V WindowManager: Done at AppWindowToken{b29080e token=Token{81c15d1 ActivityRecord{99c1cf8 u0 com.roboteam.teamy.usa/com.roboteam.teamy.robox.map.activity.MapFlowActivity t1538}}} -- full screen, return 0
12-04 14:02:06.413   571   592 V WindowManager: Eval win Window{1919310 u0 Starting com.roboteam.teamy.usa}: isDrawn=true, isAnimating=true
12-04 14:02:06.421   571   592 E WindowManager: Unknown window type: 2999
12-04 14:02:06.422   571   592 V WindowManager: Eval win Window{1919310 u0 Starting com.roboteam.teamy.usa}: isDrawn=true, isAnimating=true
12-04 14:02:06.426   571   712 I WindowStateAnimator: createSurface WindowStateAnimator{8fd1541 com.roboteam.teamy.usa/com.roboteam.teamy.robox.map.activity.MapFlowActivity}: mDrawState=DRAW_PENDING
12-04 14:02:06.444   571   581 I art     : Background partial concurrent mark sweep GC freed 52103(3MB) AllocSpace objects, 17(680KB) LOS objects, 33% free, 10MB/15MB, paused 1.221ms total 109.190ms
12-04 14:02:06.455   571   712 V WindowManager: Done at AppWindowToken{b29080e token=Token{81c15d1 ActivityRecord{99c1cf8 u0 com.roboteam.teamy.usa/com.roboteam.teamy.robox.map.activity.MapFlowActivity t1538}}} -- full screen, return 0
12-04 14:02:06.455   571   712 V WindowManager: Eval win Window{1919310 u0 Starting com.roboteam.teamy.usa}: isDrawn=true, isAnimating=true
12-04 14:02:06.455   571   712 V WindowManager: Eval win Window{4ccb428 u0 com.roboteam.teamy.usa/com.roboteam.teamy.robox.map.activity.MapFlowActivity}: isDrawn=false, isAnimating=true
12-04 14:02:06.456   571   712 V WindowManager: Not displayed: s=Surface(name=com.roboteam.teamy.usa/com.roboteam.teamy.robox.map.activity.MapFlowActivity) pv=true mDrawState=DRAW_PENDING ah=false th=false a=false
12-04 14:02:06.456   571   712 V WindowManager: Resize reasons for w=Window{4ccb428 u0 com.roboteam.teamy.usa/com.roboteam.teamy.robox.map.activity.MapFlowActivity}:  contentInsetsChanged=false [0,0][0,0] visibleInsetsChanged=false [0,0][0,0] stableInsetsChanged=false [0,0][0,0] outsetsChanged=false [0,0][0,0] surfaceResized=true configChanged=true
12-04 14:02:06.456   571   712 V WindowManager: Resizing window Window{4ccb428 u0 com.roboteam.teamy.usa/com.roboteam.teamy.robox.map.activity.MapFlowActivity} to 1920.0x1200.0
12-04 14:02:06.470   571   712 V WindowState: Reporting new frame to Window{4ccb428 u0 com.roboteam.teamy.usa/com.roboteam.teamy.robox.map.activity.MapFlowActivity}: Rect(0, 0 - 1920, 1200)
12-04 14:02:06.470   571   712 I WindowState: Sending new config to window Window{4ccb428 u0 com.roboteam.teamy.usa/com.roboteam.teamy.robox.map.activity.MapFlowActivity}: 1920.0x1200.0 / config={1.0 ?mcc?mnc en_US ldltr sw800dp w1280dp h800dp 240dpi xlrg land finger -keyb/v/h -nav/h s.4} overrideConfig={1.0 ?mcc?mnc ?locale ?layoutDir ?swdp ?wdp ?hdp ?density ?lsize ?long ?orien ?uimode ?night ?touch ?keyb/?/? ?nav/?}
12-04 14:02:06.470   571   712 I WindowState: Resizing Window{4ccb428 u0 com.roboteam.teamy.usa/com.roboteam.teamy.robox.map.activity.MapFlowActivity} WITH DRAW PENDING
12-04 14:02:06.471   571   712 V WindowManager: Eval win Window{1919310 u0 Starting com.roboteam.teamy.usa}: isDrawn=true, isAnimating=true
12-04 14:02:06.471   571   712 V WindowManager: Eval win Window{4ccb428 u0 com.roboteam.teamy.usa/com.roboteam.teamy.robox.map.activity.MapFlowActivity}: isDrawn=false, isAnimating=true
12-04 14:02:06.471   571   712 V WindowManager: Not displayed: s=Surface(name=com.roboteam.teamy.usa/com.roboteam.teamy.robox.map.activity.MapFlowActivity) pv=true mDrawState=DRAW_PENDING ah=false th=false a=false
12-04 14:02:06.473   571   592 E WindowManager: Unknown window type: 2999
12-04 14:02:06.474   700  1379 D Surface : Surface::final mReqUsage=a00
12-04 14:02:06.474   571   592 E WindowManager: Unknown window type: 2999
12-04 14:02:06.474   700  1379 D mali_winsys: EGLint new_window_surface(egl_winsys_display*, void*, EGLSurface, EGLConfig, egl_winsys_surface**, egl_color_buffer_format*, EGLBoolean) returns 0x3000
12-04 14:02:06.483   192   729 D gralloc : Isfb=0, [1920,1200,1920,7680], fmt=1, byte_stride=7680
12-04 14:02:06.490   192   729 D gralloc : Isfb=0, [1920,1200,1920,7680], fmt=1, byte_stride=7680
12-04 14:02:06.492   571   592 E WindowManager: Unknown window type: 2999
12-04 14:02:06.508   192   729 D gralloc : Isfb=0, [1920,1200,1920,7680], fmt=1, byte_stride=7680
12-04 14:02:06.509   571   592 E WindowManager: Unknown window type: 2999
12-04 14:02:06.527   571   592 E WindowManager: Unknown window type: 2999
12-04 14:02:06.540   192   729 D gralloc : Isfb=0, [1200,1920,1200,4800], fmt=1, byte_stride=4800
12-04 14:02:06.546   571   592 E WindowManager: Unknown window type: 2999
12-04 14:02:06.556   192   204 D gralloc : Isfb=0, [1200,1920,1200,4800], fmt=1, byte_stride=4800
12-04 14:02:06.562   571  1055 V WindowStateAnimator: finishDrawingLocked: mDrawState=COMMIT_DRAW_PENDING WindowStateAnimator{8fd1541 com.roboteam.teamy.usa/com.roboteam.teamy.robox.map.activity.MapFlowActivity} in Surface(name=com.roboteam.teamy.usa/com.roboteam.teamy.robox.map.activity.MapFlowActivity)
12-04 14:02:06.562   571   592 E WindowManager: Unknown window type: 2999
12-04 14:02:06.580   571  1159 V WindowManager: Done at AppWindowToken{b29080e token=Token{81c15d1 ActivityRecord{99c1cf8 u0 com.roboteam.teamy.usa/com.roboteam.teamy.robox.map.activity.MapFlowActivity t1538}}} -- full screen, return 0
12-04 14:02:06.584   571  1159 V WindowManager: Eval win Window{1919310 u0 Starting com.roboteam.teamy.usa}: isDrawn=true, isAnimating=true
12-04 14:02:06.584   571  1159 V WindowManager: Eval win Window{4ccb428 u0 com.roboteam.teamy.usa/com.roboteam.teamy.robox.map.activity.MapFlowActivity}: isDrawn=true, isAnimating=true
12-04 14:02:06.584   571  1159 V WindowManager: tokenMayBeDrawn: AppWindowToken{b29080e token=Token{81c15d1 ActivityRecord{99c1cf8 u0 com.roboteam.teamy.usa/com.roboteam.teamy.robox.map.activity.MapFlowActivity t1538}}} freezingScreen=false mAppFreezing=false
12-04 14:02:06.585   571  1159 I WindowManager:   SURFACE SHOW (performShowLocked): Window{4ccb428 u0 com.roboteam.teamy.usa/com.roboteam.teamy.robox.map.activity.MapFlowActivity}
12-04 14:02:06.587   571   592 E WindowManager: Unknown window type: 2999
12-04 14:02:06.599   571   592 I ActivityManager: Displayed com.roboteam.teamy.usa/com.roboteam.teamy.robox.map.activity.MapFlowActivity: +237ms
12-04 14:02:06.599   571   592 E WindowManager: Unknown window type: 2999
12-04 14:02:06.624   571   592 E WindowManager: Unknown window type: 2999
12-04 14:02:06.649   571   592 E WindowManager: Unknown window type: 2999
12-04 14:02:06.667   192   200 D gralloc : Isfb=0, [1200,1920,1200,4800], fmt=1, byte_stride=4800
12-04 14:02:06.668   571   592 E WindowManager: Unknown window type: 2999
12-04 14:02:06.686   571   592 E WindowManager: Unknown window type: 2999
12-04 14:02:06.718   571   592 E WindowManager: Unknown window type: 2999
12-04 14:02:06.735   571   592 E WindowManager: Unknown window type: 2999
12-04 14:02:06.753   571   592 E WindowManager: Unknown window type: 2999
12-04 14:02:06.766   571   587 V WindowManager: setAppVisibility(Token{cf1ae87 ActivityRecord{4966ec6 u0 com.roboteam.teamy.usa/com.roboteam.teamy.internalactivities.settings.views.activities.SettingsActivity t1537}}, visible=false): mNextAppTransition=TRANSIT_UNSET hidden=true hiddenRequested=true Callers=com.android.server.am.ActivityStack.stopActivityLocked:2764 com.android.server.am.ActivityStackSupervisor.activityIdleInternalLocked:2602 com.android.server.am.ActivityStackSupervisor$ActivityStackSupervisorHandler.activityIdleInternal:4017 com.android.server.am.ActivityStackSupervisor$ActivityStackSupervisorHandler.handleMessage:4040 android.os.Handler.dispatchMessage:102 android.os.Looper.loop:148 
12-04 14:02:06.767   571   592 V WindowManager: Eval win Window{4ccb428 u0 com.roboteam.teamy.usa/com.roboteam.teamy.robox.map.activity.MapFlowActivity}: isDrawn=true, isAnimating=false
12-04 14:02:06.767   571   592 V WindowManager: tokenMayBeDrawn: AppWindowToken{b29080e token=Token{81c15d1 ActivityRecord{99c1cf8 u0 com.roboteam.teamy.usa/com.roboteam.teamy.robox.map.activity.MapFlowActivity t1538}}} freezingScreen=false mAppFreezing=false
12-04 14:02:06.769   571   592 E WindowManager: Unknown window type: 2999
12-04 14:02:06.784   192   192 W SurfaceFlinger: couldn't log to binary event log: overflow.
12-04 14:02:06.785   571   727 V WindowManager: Done at AppWindowToken{b29080e token=Token{81c15d1 ActivityRecord{99c1cf8 u0 com.roboteam.teamy.usa/com.roboteam.teamy.robox.map.activity.MapFlowActivity t1538}}} -- full screen, return 0
12-04 14:02:06.786   571   592 E WindowManager: Unknown window type: 2999
12-04 14:02:06.803   571   592 E WindowManager: Unknown window type: 2999
12-04 14:02:06.820   571   592 E WindowManager: Unknown window type: 2999
12-04 14:02:06.845   571   592 E WindowManager: Unknown window type: 2999
12-04 14:02:07.323   700   710 I art     : Background sticky concurrent mark sweep GC freed 279141(13MB) AllocSpace objects, 13(220KB) LOS objects, 20% free, 53MB/66MB, paused 5.901ms total 134.875ms
12-04 14:02:07.983   236   369 D alsa_route: route_set_controls() set route 24
12-04 14:02:07.983   236   369 D AudioHardwareTiny: close device
12-04 14:02:08.002   236   369 D AudioHardwareTiny: start_output_stream
12-04 14:02:08.002   236   369 D alsa_route: route_info->sound_card 0, route_info->devices 0  
12-04 14:02:08.002   236   369 D alsa_route: route_set_controls() set route 0
12-04 14:02:08.032   236   369 D AudioFlinger: mixer(0xb35f0008) throttle end: throttle time(20)
12-04 14:02:08.195   571   626 D ConnectivityService: updateNetworkScore for NetworkAgentInfo [WIFI () - 100] to 60
12-04 14:02:08.420   571   712 W AppOps  : Finishing op nesting under-run: uid 1000 pkg com.roboteam.teamy.usa code 24 time=0 duration=0 nesting=0
12-04 14:02:08.422   571   712 V WindowManager: Done at AppWindowToken{b29080e token=Token{81c15d1 ActivityRecord{99c1cf8 u0 com.roboteam.teamy.usa/com.roboteam.teamy.robox.map.activity.MapFlowActivity t1538}}} -- full screen, return 0
12-04 14:02:08.437   571   592 E WindowManager: Unknown window type: 2999
12-04 14:02:10.201   700   700 W ContextImpl: Calling a method in the system process without a qualified user: android.app.ContextImpl.startActivity:658 android.content.ContextWrapper.startActivity:331 com.roboteam.teamy.shared.activitylauncher.ActivityLauncher.startActivity:16 com.roboteam.teamy.robox.map.activity.activitylauncher.MapFlowActivityLauncher$launch$2.accept:34 com.roboteam.teamy.robox.map.activity.activitylauncher.MapFlowActivityLauncher$launch$2.accept:15 
12-04 14:02:10.201   700   700 W ContextImpl: Calling a method in the system process without a qualified user: android.app.ContextImpl.startActivity:670 android.app.ContextImpl.startActivity:659 android.content.ContextWrapper.startActivity:331 com.roboteam.teamy.shared.activitylauncher.ActivityLauncher.startActivity:16 com.roboteam.teamy.robox.map.activity.activitylauncher.MapFlowActivityLauncher$launch$2.accept:34 
12-04 14:02:10.202   571  1055 I ActivityManager: START u0 {flg=0x10000000 cmp=com.roboteam.teamy.usa/com.roboteam.teamy.robox.map.activity.MapFlowActivity (has extras)} from uid 1000 on display 0
12-04 14:02:10.206   571   592 E WindowManager: Unknown window type: 2999
12-04 14:02:12.156   236   369 D AudioFlinger: mixer(0xb35f0008) throttle end: throttle time(10)
12-04 14:02:14.973   700  1195 E ThemeUtils: View class androidx.appcompat.widget.AppCompatImageView is an AppCompat widget that can only be used with a Theme.AppCompat theme (or descendant).
12-04 14:02:14.975   700  1195 E ThemeUtils: View class androidx.appcompat.widget.AppCompatTextView is an AppCompat widget that can only be used with a Theme.AppCompat theme (or descendant).
12-04 14:02:14.978   700  1195 E ThemeUtils: View class androidx.appcompat.widget.AppCompatTextView is an AppCompat widget that can only be used with a Theme.AppCompat theme (or descendant).
12-04 14:02:14.989   700  1195 E ThemeUtils: View class androidx.appcompat.widget.AppCompatButton is an AppCompat widget that can only be used with a Theme.AppCompat theme (or descendant).
12-04 14:02:14.995   700  1195 E ThemeUtils: View class androidx.appcompat.widget.AppCompatButton is an AppCompat widget that can only be used with a Theme.AppCompat theme (or descendant).
12-04 14:02:15.016   236   236 E MediaPlayerFactory: 2019 03 30 -------- getPlayerType()---------------- 234 !!!! 
12-04 14:02:15.017   236   236 E MediaPlayerFactory: filePath = /data/app/com.roboteam.teamy.usa-2/base.apk 
12-04 14:02:15.017   236   236 E MediaPlayerFactory: 2019 03 30 -------- getPlayerType()---------------- return STAGEFRIGHT_PLAYER !!!! 
12-04 14:02:15.017   236   236 I AwesomePlayer: AwesomePlayer::AwesomePlayer()in
12-04 14:02:15.017   236   236 I AwesomePlayer: AwesomePlayer::AwesomePlayer()aftermClient.connect()
12-04 14:02:15.043   236   236 D AwesomePlayer: the format is mimeType：audio/x-wav,confidence:0.400000
12-04 14:02:15.062   700  1195 D MediaPlayer: setSubtitleAnchor in MediaPlayer
12-04 14:02:15.064   571   582 V WindowManager: Done at AppWindowToken{b29080e token=Token{81c15d1 ActivityRecord{99c1cf8 u0 com.roboteam.teamy.usa/com.roboteam.teamy.robox.map.activity.MapFlowActivity t1538}}} -- full screen, return 0
12-04 14:02:15.071   571   592 E WindowManager: Unknown window type: 2999
12-04 14:02:15.100   571   585 I WindowStateAnimator: createSurface WindowStateAnimator{8d3ef72 }: mDrawState=DRAW_PENDING
12-04 14:02:15.117   571   585 V WindowManager: Done at AppWindowToken{b29080e token=Token{81c15d1 ActivityRecord{99c1cf8 u0 com.roboteam.teamy.usa/com.roboteam.teamy.robox.map.activity.MapFlowActivity t1538}}} -- full screen, return 0
12-04 14:02:15.118   571   585 V WindowManager: Resize reasons for w=Window{a44c47d u0 com.roboteam.teamy.usa}:  contentInsetsChanged=false [0,0][0,0] visibleInsetsChanged=false [0,0][0,0] stableInsetsChanged=false [0,0][0,0] outsetsChanged=false [0,0][0,0] surfaceResized=false configChanged=true
12-04 14:02:15.118   571   585 V WindowManager: Resizing window Window{a44c47d u0 com.roboteam.teamy.usa} to 1920.0x243.0
12-04 14:02:15.118   571   585 V WindowState: Reporting new frame to Window{a44c47d u0 com.roboteam.teamy.usa}: Rect(0, 0 - 1920, 243)
12-04 14:02:15.118   571   585 I WindowState: Sending new config to window Window{a44c47d u0 com.roboteam.teamy.usa}: 1920.0x243.0 / config={1.0 ?mcc?mnc en_US ldltr sw800dp w1280dp h800dp 240dpi xlrg land finger -keyb/v/h -nav/h s.4} overrideConfig={1.0 ?mcc?mnc ?locale ?layoutDir ?swdp ?wdp ?hdp ?density ?lsize ?long ?orien ?uimode ?night ?touch ?keyb/?/? ?nav/?}
12-04 14:02:15.119   571   585 I WindowState: Resizing Window{a44c47d u0 com.roboteam.teamy.usa} WITH DRAW PENDING
12-04 14:02:15.120   236   369 D AudioFlinger: mixer(0xb35f0008) throttle end: throttle time(10)
12-04 14:02:15.122   700  1379 D Surface : Surface::final mReqUsage=a00
12-04 14:02:15.123   700  1379 D mali_winsys: EGLint new_window_surface(egl_winsys_display*, void*, EGLSurface, EGLConfig, egl_winsys_surface**, egl_color_buffer_format*, EGLBoolean) returns 0x3000
12-04 14:02:15.124   571   592 E WindowManager: Unknown window type: 2999
12-04 14:02:15.128   192   204 D gralloc : Isfb=0, [1920,243,1920,7680], fmt=1, byte_stride=7680
12-04 14:02:15.131   192   204 D gralloc : Isfb=0, [1920,243,1920,7680], fmt=1, byte_stride=7680
12-04 14:02:15.135   192   204 D gralloc : Isfb=0, [1920,243,1920,7680], fmt=1, byte_stride=7680
12-04 14:02:15.153   192   204 D gralloc : Isfb=0, [243,1920,256,1024], fmt=1, byte_stride=1024
12-04 14:02:15.159   192   200 D gralloc : Isfb=0, [243,1920,256,1024], fmt=1, byte_stride=1024
12-04 14:02:15.161   571   696 V WindowStateAnimator: finishDrawingLocked: mDrawState=COMMIT_DRAW_PENDING WindowStateAnimator{8d3ef72 } in Surface(name=)
12-04 14:02:15.161   571   592 I WindowManager:   SURFACE SHOW (performShowLocked): Window{a44c47d u0 com.roboteam.teamy.usa}
12-04 14:02:15.177   571   592 E WindowManager: Unknown window type: 2999
12-04 14:02:15.182   192   729 D gralloc : Isfb=0, [243,1920,256,1024], fmt=1, byte_stride=1024
12-04 14:02:15.195   571   592 E WindowManager: Unknown window type: 2999
12-04 14:02:15.890   236  3164 I AudioSink: callbackwrapper: EVENT_UNDERRUN (discarded)
12-04 14:02:16.021   700  1195 W ContextImpl: Calling a method in the system process without a qualified user: android.app.ContextImpl.startActivity:658 android.content.ContextWrapper.startActivity:331 com.roboteam.teamy.shared.activitylauncher.ActivityLauncher.startActivity:16 com.roboteam.teamy.robox.map.activity.activitylauncher.MapFlowActivityLauncher$launch$2.accept:34 com.roboteam.teamy.robox.map.activity.activitylauncher.MapFlowActivityLauncher$launch$2.accept:15 
12-04 14:02:16.022   700  1195 W ContextImpl: Calling a method in the system process without a qualified user: android.app.ContextImpl.startActivity:670 android.app.ContextImpl.startActivity:659 android.content.ContextWrapper.startActivity:331 com.roboteam.teamy.shared.activitylauncher.ActivityLauncher.startActivity:16 com.roboteam.teamy.robox.map.activity.activitylauncher.MapFlowActivityLauncher$launch$2.accept:34 
12-04 14:02:16.023   571  1643 I ActivityManager: START u0 {flg=0x10000000 cmp=com.roboteam.teamy.usa/com.roboteam.teamy.robox.map.activity.MapFlowActivity (has extras)} from uid 1000 on display 0
12-04 14:02:16.026   571   592 E WindowManager: Unknown window type: 2999
12-04 14:02:16.100   236   632 I FrameQueueManage: FrameQueueManage::~FrameQueueManage end!
12-04 14:02:17.101   700   700 W AllCapsTransformationMethod: Caller did not enable length changes; not transforming text
12-04 14:02:17.102   700   700 W AllCapsTransformationMethod: Caller did not enable length changes; not transforming text
12-04 14:02:17.105   700   700 I InputMethodManager: lhk  showSoftInput()send soft input window show message !!!!!!!!!!
12-04 14:02:17.106   700   700 W ContextImpl: Calling a method in the system process without a qualified user: android.app.ContextImpl.sendBroadcast:763 android.content.ContextWrapper.sendBroadcast:396 android.view.inputmethod.InputMethodManager.showSoftInput:1001 android.view.inputmethod.InputMethodManager.showSoftInput:943 com.roboteam.teamy.robox.map.fragment.save.NameMapFragment.onViewCreated:77 
12-04 14:02:17.125   236   369 D AudioFlinger: mixer(0xb35f0008) throttle end: throttle time(19)
12-04 14:02:17.249   984   984 W RichInputMethodSubtype: Can't find emoji subtype
12-04 14:02:17.249   984   984 W RichInputMethodSubtype: No input method subtype found; returning dummy subtype: Multi-lingual subtype: android.view.inputmethod.InputMethodSubtype@d78b2ed0, zz
12-04 14:02:17.476   984   984 I EmojiCategory: Last Emoji category id is 8
12-04 14:02:17.508   984   984 W ViewPager: Requested offscreen page limit 0 too small; defaulting to 1
12-04 14:02:17.513   984   984 I LatinIME: Starting input. Cursor position = 0,0
12-04 14:02:17.572   984  3172 D OpenGLRenderer: Use EGL_SWAP_BEHAVIOR_PRESERVED: true
12-04 14:02:17.601   571   728 V WindowManager: Done at AppWindowToken{b29080e token=Token{81c15d1 ActivityRecord{99c1cf8 u0 com.roboteam.teamy.usa/com.roboteam.teamy.robox.map.activity.MapFlowActivity t1538}}} -- full screen, return 0
12-04 14:02:17.617   571   728 I WindowStateAnimator: createSurface WindowStateAnimator{79843b InputMethod}: mDrawState=DRAW_PENDING
12-04 14:02:17.620   571   728 V WindowManager: Done at AppWindowToken{b29080e token=Token{81c15d1 ActivityRecord{99c1cf8 u0 com.roboteam.teamy.usa/com.roboteam.teamy.robox.map.activity.MapFlowActivity t1538}}} -- full screen, return 0
12-04 14:02:17.621   571   728 V WindowManager: Resize reasons for w=Window{16dfaca u0 InputMethod}:  contentInsetsChanged=false [0,0][0,0] visibleInsetsChanged=false [0,0][0,0] stableInsetsChanged=false [0,0][0,0] outsetsChanged=false [0,0][0,0] surfaceResized=true configChanged=true
12-04 14:02:17.621   571   728 V WindowManager: Resizing window Window{16dfaca u0 InputMethod} to 1920.0x1200.0
12-04 14:02:17.636   571   728 V WindowState: Reporting new frame to Window{16dfaca u0 InputMethod}: Rect(0, 0 - 1920, 1200)
12-04 14:02:17.636   571   728 I WindowState: Sending new config to window Window{16dfaca u0 InputMethod}: 1920.0x1200.0 / config={1.0 ?mcc?mnc en_US ldltr sw800dp w1280dp h800dp 240dpi xlrg land finger -keyb/v/h -nav/h s.4} overrideConfig={1.0 ?mcc?mnc ?locale ?layoutDir ?swdp ?wdp ?hdp ?density ?lsize ?long ?orien ?uimode ?night ?touch ?keyb/?/? ?nav/?}
12-04 14:02:17.636   571   728 I WindowState: Resizing Window{16dfaca u0 InputMethod} WITH DRAW PENDING
12-04 14:02:17.642   984  3172 I mali_so : [File] : hardware/arm/maliT760/driver/product/base/src/mali_base_kbase.c; [Line] : 928; [Func] : base_context_deal_with_version_affairs_rk_ext;
12-04 14:02:17.642   984  3172 I mali_so : arm_release_ver of this mali_so is 'r12p0-04rel0', rk_so_ver is '12@0', built at '17:00:15', on 'Aug 16 2016'.
12-04 14:02:17.642   984  3172 I mali_so : [File] : hardware/arm/maliT760/driver/product/base/src/mali_base_kbase.c; [Line] : 955; [Func] : base_context_deal_with_version_affairs_rk_ext;
12-04 14:02:17.642   984  3172 I mali_so : mali_ver_property has been set to 'r12p0-04rel0-13-12@0', to return.
12-04 14:02:17.644   984  3172 I OpenGLRenderer: Initialized EGL, version 1.4
12-04 14:02:17.651   984  3172 D Surface : Surface::final mReqUsage=a00
12-04 14:02:17.651   984  3172 D mali_winsys: EGLint new_window_surface(egl_winsys_display*, void*, EGLSurface, EGLConfig, egl_winsys_surface**, egl_color_buffer_format*, EGLBoolean) returns 0x3000
12-04 14:02:17.654   571   592 E WindowManager: Unknown window type: 2999
12-04 14:02:17.660   192   729 D gralloc : Isfb=0, [1920,1200,1920,7680], fmt=1, byte_stride=7680
12-04 14:02:17.668   192   729 D gralloc : Isfb=0, [1920,1200,1920,7680], fmt=1, byte_stride=7680
12-04 14:02:17.677   192   729 D gralloc : Isfb=0, [1920,1200,1920,7680], fmt=1, byte_stride=7680
12-04 14:02:17.679   571   582 V WindowManager: Resize reasons for w=Window{4ccb428 u0 com.roboteam.teamy.usa/com.roboteam.teamy.robox.map.activity.MapFlowActivity}:  contentInsetsChanged=false [0,0][0,0] visibleInsetsChanged=true [0,0][0,615] stableInsetsChanged=false [0,0][0,0] outsetsChanged=false [0,0][0,0] surfaceResized=false configChanged=false
12-04 14:02:17.679   571   582 V WindowManager: Resizing window Window{4ccb428 u0 com.roboteam.teamy.usa/com.roboteam.teamy.robox.map.activity.MapFlowActivity} to 1920.0x1200.0
12-04 14:02:17.680   571   582 V WindowState: Reporting new frame to Window{4ccb428 u0 com.roboteam.teamy.usa/com.roboteam.teamy.robox.map.activity.MapFlowActivity}: Rect(0, 0 - 1920, 1200)
12-04 14:02:17.689   571   592 E WindowManager: Unknown window type: 2999
12-04 14:02:17.734   192   204 D gralloc : Isfb=0, [1200,1920,1200,4800], fmt=1, byte_stride=4800
12-04 14:02:17.752   192  1047 D gralloc : Isfb=0, [1200,1920,1200,4800], fmt=1, byte_stride=4800
12-04 14:02:17.754   571  1719 V WindowStateAnimator: finishDrawingLocked: mDrawState=COMMIT_DRAW_PENDING WindowStateAnimator{79843b InputMethod} in Surface(name=InputMethod)
12-04 14:02:17.754   571   592 I WindowManager:   SURFACE SHOW (performShowLocked): Window{16dfaca u0 InputMethod}
12-04 14:02:17.760   571   592 E WindowManager: Unknown window type: 2999
12-04 14:02:17.778   571   592 E WindowManager: Unknown window type: 2999
12-04 14:02:17.782   192   204 D gralloc : Isfb=0, [1200,1920,1200,4800], fmt=1, byte_stride=4800
12-04 14:02:17.795   571   592 E WindowManager: Unknown window type: 2999
12-04 14:02:17.813   571   592 E WindowManager: Unknown window type: 2999
12-04 14:02:17.831   571   592 E WindowManager: Unknown window type: 2999
12-04 14:02:17.848   571   592 E WindowManager: Unknown window type: 2999
12-04 14:02:17.866   571   592 E WindowManager: Unknown window type: 2999
12-04 14:02:17.884   571   592 E WindowManager: Unknown window type: 2999
12-04 14:02:17.901   571   592 E WindowManager: Unknown window type: 2999
12-04 14:02:17.919   571   592 E WindowManager: Unknown window type: 2999
12-04 14:02:17.937   571   592 E WindowManager: Unknown window type: 2999
12-04 14:02:17.954   571   592 E WindowManager: Unknown window type: 2999
12-04 14:02:17.972   571   592 E WindowManager: Unknown window type: 2999
12-04 14:02:17.990   571   592 E WindowManager: Unknown window type: 2999
12-04 14:02:18.007   571   592 E WindowManager: Unknown window type: 2999
12-04 14:02:19.894   571   585 W AppOps  : Finishing op nesting under-run: uid 1000 pkg com.roboteam.teamy.usa code 24 time=0 duration=0 nesting=0
12-04 14:02:19.895   571   585 V WindowManager: Done at AppWindowToken{b29080e token=Token{81c15d1 ActivityRecord{99c1cf8 u0 com.roboteam.teamy.usa/com.roboteam.teamy.robox.map.activity.MapFlowActivity t1538}}} -- full screen, return 0
12-04 14:02:19.900   571   592 E WindowManager: Unknown window type: 2999
12-04 14:02:20.251   236   369 D alsa_route: route_set_controls() set route 24
12-04 14:02:20.251   236   369 D AudioHardwareTiny: close device
12-04 14:02:21.885   700   700 W ContextImpl: Calling a method in the system process without a qualified user: android.app.ContextImpl.startActivity:658 android.content.ContextWrapper.startActivity:331 com.roboteam.teamy.shared.activitylauncher.ActivityLauncher.startActivity:16 com.roboteam.teamy.map.view.MapTransactionActivityLauncher.launch:36 com.roboteam.teamy.map.transaction.ExportMapToCloudOnRequest.export:93 
12-04 14:02:21.885   700   700 W ContextImpl: Calling a method in the system process without a qualified user: android.app.ContextImpl.startActivity:670 android.app.ContextImpl.startActivity:659 android.content.ContextWrapper.startActivity:331 com.roboteam.teamy.shared.activitylauncher.ActivityLauncher.startActivity:16 com.roboteam.teamy.map.view.MapTransactionActivityLauncher.launch:36 
12-04 14:02:21.885   236   369 D AudioHardwareTiny: start_output_stream
12-04 14:02:21.886   571  1643 I ActivityManager: START u0 {flg=0x10000000 cmp=com.roboteam.teamy.usa/com.roboteam.teamy.map.view.MapTransactionActivity (has extras)} from uid 1000 on display 0
12-04 14:02:21.886   236   369 D alsa_route: route_info->sound_card 0, route_info->devices 0  
12-04 14:02:21.886   236   369 D alsa_route: route_set_controls() set route 0
12-04 14:02:21.890   192   192 D Surface : Surface::final mReqUsage=333
12-04 14:02:21.892   192   200 D gralloc : Isfb=0, [630,630,640,2560], fmt=1, byte_stride=2560
12-04 14:02:21.912   571   592 E WindowManager: Unknown window type: 2999
12-04 14:02:21.913   571   592 I WindowStateAnimator: createSurface WindowStateAnimator{1051c9c Starting com.roboteam.teamy.usa}: mDrawState=DRAW_PENDING
12-04 14:02:21.913   571   592 D WindowStateAnimator: rk_debug2 Starting com.roboteam.teamy.usa_Force_To_Dual
12-04 14:02:21.914   571   592 V WindowManager: Skipping AppWindowToken{a8ce6a5 token=Token{9eab104 ActivityRecord{a722917 u0 com.roboteam.teamy.usa/com.roboteam.teamy.map.view.MapTransactionActivity t1539}}} -- hidden on top
12-04 14:02:21.915   571   592 V WindowManager: Done at AppWindowToken{b29080e token=Token{81c15d1 ActivityRecord{99c1cf8 u0 com.roboteam.teamy.usa/com.roboteam.teamy.robox.map.activity.MapFlowActivity t1538}}} -- full screen, return 0
12-04 14:02:21.915   571   592 V WindowManager: Resize reasons for w=Window{97b240f u0 Starting com.roboteam.teamy.usa}:  contentInsetsChanged=false [0,0][0,0] visibleInsetsChanged=false [0,0][0,0] stableInsetsChanged=false [0,0][0,0] outsetsChanged=false [0,0][0,0] surfaceResized=true configChanged=true
12-04 14:02:21.915   571   592 V WindowManager: Resizing window Window{97b240f u0 Starting com.roboteam.teamy.usa} to 1920.0x1200.0
12-04 14:02:21.937   571   592 V WindowState: Reporting new frame to Window{97b240f u0 Starting com.roboteam.teamy.usa}: Rect(0, 0 - 1920, 1200)
12-04 14:02:21.937   571   592 I WindowState: Sending new config to window Window{97b240f u0 Starting com.roboteam.teamy.usa}: 1920.0x1200.0 / config={1.0 ?mcc?mnc en_US ldltr sw800dp w1280dp h800dp 240dpi xlrg land finger -keyb/v/h -nav/h s.4} overrideConfig={1.0 ?mcc?mnc ?locale ?layoutDir ?swdp ?wdp ?hdp ?density ?lsize ?long ?orien ?uimode ?night ?touch ?keyb/?/? ?nav/?}
12-04 14:02:21.937   571   592 I WindowState: Resizing Window{97b240f u0 Starting com.roboteam.teamy.usa} WITH DRAW PENDING
12-04 14:02:21.953   571   592 E WindowManager: Unknown window type: 2999
12-04 14:02:21.957   571   592 D Surface : Surface::final mReqUsage=33
12-04 14:02:21.970   192   204 D gralloc : Isfb=0, [1920,1200,1920,7680], fmt=1, byte_stride=7680
12-04 14:02:21.982   571   585 V WindowManager: Clear freezing of Token{81c15d1 ActivityRecord{99c1cf8 u0 com.roboteam.teamy.usa/com.roboteam.teamy.robox.map.activity.MapFlowActivity t1538 f}}: hidden=false freezing=false
12-04 14:02:21.985   571   585 V WindowManager: setAppVisibility(Token{81c15d1 ActivityRecord{99c1cf8 u0 com.roboteam.teamy.usa/com.roboteam.teamy.robox.map.activity.MapFlowActivity t1538 f}}, visible=false): mNextAppTransition=TRANSIT_TASK_OPEN hidden=false hiddenRequested=false Callers=com.android.server.am.ActivityStack.resumeTopActivityInnerLocked:1889 com.android.server.am.ActivityStack.resumeTopActivityLocked:1587 com.android.server.am.ActivityStackSupervisor.resumeTopActivitiesLocked:2735 com.android.server.am.ActivityStack.completePauseLocked:1080 com.android.server.am.ActivityStack.activityPausedLocked:943 com.android.server.am.ActivityManagerService.activityPaused:6820 
12-04 14:02:21.985   571   585 V WindowManager: Skipping set freeze of Token{9eab104 ActivityRecord{a722917 u0 com.roboteam.teamy.usa/com.roboteam.teamy.map.view.MapTransactionActivity t1539}}
12-04 14:02:21.986   571   585 V WindowManager: setAppVisibility(Token{9eab104 ActivityRecord{a722917 u0 com.roboteam.teamy.usa/com.roboteam.teamy.map.view.MapTransactionActivity t1539}}, visible=true): mNextAppTransition=TRANSIT_TASK_OPEN hidden=true hiddenRequested=true Callers=com.android.server.am.ActivityStackSupervisor.realStartActivityLocked:1185 com.android.server.am.ActivityStackSupervisor.startSpecificActivityLocked:1384 com.android.server.am.ActivityStack.resumeTopActivityInnerLocked:2077 com.android.server.am.ActivityStack.resumeTopActivityLocked:1587 com.android.server.am.ActivityStackSupervisor.resumeTopActivitiesLocked:2735 com.android.server.am.ActivityStack.completePauseLocked:1080 
12-04 14:02:21.987   571   585 V WindowManager: Done at AppWindowToken{a8ce6a5 token=Token{9eab104 ActivityRecord{a722917 u0 com.roboteam.teamy.usa/com.roboteam.teamy.map.view.MapTransactionActivity t1539}}} -- full screen, return 0
12-04 14:02:21.989   984   984 I LatinIME: lhk  hideWindow() hide soft keypad LatinIME  99999999999 !!!!!!!!!!
12-04 14:02:21.991   571   585 V WindowManager: Eval win Window{97b240f u0 Starting com.roboteam.teamy.usa}: isDrawn=false, isAnimating=true
12-04 14:02:21.991   571   585 V WindowManager: Not displayed: s=Surface(name=Starting com.roboteam.teamy.usa_Force_To_Dual) pv=true mDrawState=DRAW_PENDING ah=false th=false a=false
12-04 14:02:21.997   571   592 V WindowStateAnimator: finishDrawingLocked: mDrawState=COMMIT_DRAW_PENDING WindowStateAnimator{1051c9c Starting com.roboteam.teamy.usa} in Surface(name=Starting com.roboteam.teamy.usa_Force_To_Dual)
12-04 14:02:21.998   571   592 V WindowManager: Eval win Window{97b240f u0 Starting com.roboteam.teamy.usa}: isDrawn=true, isAnimating=true
12-04 14:02:22.000   571   592 I WindowManager:   SURFACE SHOW (performShowLocked): Window{97b240f u0 Starting com.roboteam.teamy.usa}
12-04 14:02:22.002   571   592 V WindowManager: Done at AppWindowToken{a8ce6a5 token=Token{9eab104 ActivityRecord{a722917 u0 com.roboteam.teamy.usa/com.roboteam.teamy.map.view.MapTransactionActivity t1539}}} -- full screen, return 0
12-04 14:02:22.003   571   592 V WindowManager: Eval win Window{97b240f u0 Starting com.roboteam.teamy.usa}: isDrawn=true, isAnimating=true
12-04 14:02:22.003   571   592 V WindowManager: Resize reasons for w=Window{97b240f u0 Starting com.roboteam.teamy.usa}:  contentInsetsChanged=false [0,0][0,0] visibleInsetsChanged=true [0,0][0,615] stableInsetsChanged=false [0,0][0,0] outsetsChanged=false [0,0][0,0] surfaceResized=false configChanged=false
12-04 14:02:22.003   571   592 V WindowManager: Resizing window Window{97b240f u0 Starting com.roboteam.teamy.usa} to 1920.0x1200.0
12-04 14:02:22.003   571   592 V WindowState: Reporting new frame to Window{97b240f u0 Starting com.roboteam.teamy.usa}: Rect(0, 0 - 1920, 1200)
12-04 14:02:22.006   571   592 E WindowManager: Unknown window type: 2999
12-04 14:02:22.007   571   592 V WindowManager: Eval win Window{97b240f u0 Starting com.roboteam.teamy.usa}: isDrawn=true, isAnimating=true
12-04 14:02:22.013   571   727 V WindowManager: Done at AppWindowToken{a8ce6a5 token=Token{9eab104 ActivityRecord{a722917 u0 com.roboteam.teamy.usa/com.roboteam.teamy.map.view.MapTransactionActivity t1539}}} -- full screen, return 0
12-04 14:02:22.013   571   727 V WindowManager: Eval win Window{97b240f u0 Starting com.roboteam.teamy.usa}: isDrawn=true, isAnimating=true
12-04 14:02:22.013   571   727 V WindowManager: Resize reasons for w=Window{97b240f u0 Starting com.roboteam.teamy.usa}:  contentInsetsChanged=false [0,0][0,0] visibleInsetsChanged=true [0,0][0,0] stableInsetsChanged=false [0,0][0,0] outsetsChanged=false [0,0][0,0] surfaceResized=false configChanged=false
12-04 14:02:22.013   571   727 V WindowManager: Resizing window Window{97b240f u0 Starting com.roboteam.teamy.usa} to 1920.0x1200.0
12-04 14:02:22.014   571   727 V WindowState: Reporting new frame to Window{97b240f u0 Starting com.roboteam.teamy.usa}: Rect(0, 0 - 1920, 1200)
12-04 14:02:22.017   571  1159 V WindowManager: Eval win Window{97b240f u0 Starting com.roboteam.teamy.usa}: isDrawn=true, isAnimating=true
12-04 14:02:22.023   571   592 E WindowManager: Unknown window type: 2999
12-04 14:02:22.041   571   592 E WindowManager: Unknown window type: 2999
12-04 14:02:22.044   571   728 I WindowStateAnimator: createSurface WindowStateAnimator{7fe7ba3 com.roboteam.teamy.usa/com.roboteam.teamy.map.view.MapTransactionActivity}: mDrawState=DRAW_PENDING
12-04 14:02:22.045   571   728 V WindowManager: Done at AppWindowToken{a8ce6a5 token=Token{9eab104 ActivityRecord{a722917 u0 com.roboteam.teamy.usa/com.roboteam.teamy.map.view.MapTransactionActivity t1539}}} -- full screen, return 0
12-04 14:02:22.046   571   728 V WindowManager: Eval win Window{97b240f u0 Starting com.roboteam.teamy.usa}: isDrawn=true, isAnimating=true
12-04 14:02:22.046   571   728 V WindowManager: Eval win Window{2280ed2 u0 com.roboteam.teamy.usa/com.roboteam.teamy.map.view.MapTransactionActivity}: isDrawn=false, isAnimating=true
12-04 14:02:22.046   571   728 V WindowManager: Not displayed: s=Surface(name=com.roboteam.teamy.usa/com.roboteam.teamy.map.view.MapTransactionActivity) pv=true mDrawState=DRAW_PENDING ah=false th=false a=false
12-04 14:02:22.046   571   728 V WindowManager: Resize reasons for w=Window{2280ed2 u0 com.roboteam.teamy.usa/com.roboteam.teamy.map.view.MapTransactionActivity}:  contentInsetsChanged=false [0,0][0,0] visibleInsetsChanged=false [0,0][0,0] stableInsetsChanged=false [0,0][0,0] outsetsChanged=false [0,0][0,0] surfaceResized=true configChanged=true
12-04 14:02:22.046   571   728 V WindowManager: Resizing window Window{2280ed2 u0 com.roboteam.teamy.usa/com.roboteam.teamy.map.view.MapTransactionActivity} to 1920.0x1200.0
12-04 14:02:22.075   571   728 V WindowState: Reporting new frame to Window{2280ed2 u0 com.roboteam.teamy.usa/com.roboteam.teamy.map.view.MapTransactionActivity}: Rect(0, 0 - 1920, 1200)
12-04 14:02:22.075   571   728 I WindowState: Sending new config to window Window{2280ed2 u0 com.roboteam.teamy.usa/com.roboteam.teamy.map.view.MapTransactionActivity}: 1920.0x1200.0 / config={1.0 ?mcc?mnc en_US ldltr sw800dp w1280dp h800dp 240dpi xlrg land finger -keyb/v/h -nav/h s.4} overrideConfig={1.0 ?mcc?mnc ?locale ?layoutDir ?swdp ?wdp ?hdp ?density ?lsize ?long ?orien ?uimode ?night ?touch ?keyb/?/? ?nav/?}
12-04 14:02:22.075   571   728 I WindowState: Resizing Window{2280ed2 u0 com.roboteam.teamy.usa/com.roboteam.teamy.map.view.MapTransactionActivity} WITH DRAW PENDING
12-04 14:02:22.076   571   728 V WindowManager: Eval win Window{97b240f u0 Starting com.roboteam.teamy.usa}: isDrawn=true, isAnimating=true
12-04 14:02:22.076   571   728 V WindowManager: Eval win Window{2280ed2 u0 com.roboteam.teamy.usa/com.roboteam.teamy.map.view.MapTransactionActivity}: isDrawn=false, isAnimating=true
12-04 14:02:22.076   571   728 V WindowManager: Not displayed: s=Surface(name=com.roboteam.teamy.usa/com.roboteam.teamy.map.view.MapTransactionActivity) pv=true mDrawState=DRAW_PENDING ah=false th=false a=false
12-04 14:02:22.078   571   592 E WindowManager: Unknown window type: 2999
12-04 14:02:22.080   700  1379 D Surface : Surface::final mReqUsage=a00
12-04 14:02:22.080   700  1379 D mali_winsys: EGLint new_window_surface(egl_winsys_display*, void*, EGLSurface, EGLConfig, egl_winsys_surface**, egl_color_buffer_format*, EGLBoolean) returns 0x3000
12-04 14:02:22.090   192   200 D gralloc : Isfb=0, [1920,1200,1920,7680], fmt=1, byte_stride=7680
12-04 14:02:22.094   571   592 E WindowManager: Unknown window type: 2999
12-04 14:02:22.103   192   200 D gralloc : Isfb=0, [1920,1200,1920,7680], fmt=1, byte_stride=7680
12-04 14:02:22.112   192   200 D gralloc : Isfb=0, [1920,1200,1920,7680], fmt=1, byte_stride=7680
12-04 14:02:22.112   571   592 E WindowManager: Unknown window type: 2999
12-04 14:02:22.130   571   592 E WindowManager: Unknown window type: 2999
12-04 14:02:22.131   700  1379 D OpenGLRenderer: endAllStagingAnimators on 0xb7e451b0 (RippleDrawable) with handle 0xb7d336d8
12-04 14:02:22.141   571   727 V WindowManager: Done at AppWindowToken{a8ce6a5 token=Token{9eab104 ActivityRecord{a722917 u0 com.roboteam.teamy.usa/com.roboteam.teamy.map.view.MapTransactionActivity t1539}}} -- full screen, return 0
