01-01 22:30:40.864   227  2129 I OMXCodec: --->InstantiateSoftwareCodec create OMX.google.vorbis.decoder codec
01-01 22:30:40.867  1844  1844 D MediaPlayer: setSubtitleAnchor in MediaPlayer
01-01 22:30:40.872  1844  1844 D Ringtone: Successfully created local player
01-01 22:30:40.872  1844  1844 I bt_bluedroid: get_profile_interface handsfree_client
01-01 22:30:40.872  1844  1924 I bt_btif_storage: btif_storage_get_adapter_property service_mask:0x21140008
01-01 22:30:40.873  1844  2128 D HeadsetClientStateMachine: Enter Disconnected: -2
01-01 22:30:40.877  2002  2012 W art     : Suspending all threads took: 138.409ms
01-01 22:30:40.878  1225  1727 I GCoreUlr: WorldUpdater received intent Intent { act=com.google.android.location.reporting.ACTION_UPDATE_WORLD cmp=com.google.android.gms/com.google.android.location.reporting.service.DispatchingService (has extras) } with receiverAction android.intent.action.BOOT_COMPLETED
01-01 22:30:40.880  1844  1844 I BluetoothAvrcpControllerJni: classInitNative: succeeds
01-01 22:30:40.880  1844  1844 I bt_bluedroid: get_profile_interface avrcp_ctrl
01-01 22:30:40.880  1844  1844 D BluetoothAdapterService: getAdapterService() - returning com.android.bluetooth.btservice.AdapterService@d7f3250
01-01 22:30:40.881   894   894 D BluetoothAvrcpController: Proxy object connected
01-01 22:30:40.882  1844  1844 D AvrcpControllerService: Received start request. Starting profile...
01-01 22:30:40.883  1844  1844 V BluetoothAdapterState: isTurningOff()=false
01-01 22:30:40.883  1844  1844 V BluetoothAdapterState: isTurningOn()=true
01-01 22:30:40.883  1844  1844 V BluetoothAdapterState: isBleTurningOn()=false
01-01 22:30:40.883  1844  1844 V BluetoothAdapterState: isBleTurningOff()=false
01-01 22:30:40.884  1844  1844 V BluetoothAdapterState: isTurningOff()=false
01-01 22:30:40.884  1844  1844 V BluetoothAdapterState: isTurningOn()=true
01-01 22:30:40.884  1844  1844 V BluetoothAdapterState: isBleTurningOn()=false
01-01 22:30:40.884  1844  1844 V BluetoothAdapterState: isBleTurningOff()=false
01-01 22:30:40.884  1844  1844 V BluetoothAdapterState: isTurningOff()=false
01-01 22:30:40.884  1844  1844 V BluetoothAdapterState: isTurningOn()=true
01-01 22:30:40.884  1844  1844 V BluetoothAdapterState: isBleTurningOn()=false
01-01 22:30:40.884  1844  1844 V BluetoothAdapterState: isBleTurningOff()=false
01-01 22:30:40.884  1844  1844 V BluetoothAdapterState: isTurningOff()=false
01-01 22:30:40.884  1844  1844 V BluetoothAdapterState: isTurningOn()=true
01-01 22:30:40.884  1844  1844 V BluetoothAdapterState: isBleTurningOn()=false
01-01 22:30:40.884  1844  1844 V BluetoothAdapterState: isBleTurningOff()=false
01-01 22:30:40.886  1844  1844 V BluetoothAdapterState: isTurningOff()=false
01-01 22:30:40.886  1844  1844 V BluetoothAdapterState: isTurningOn()=true
01-01 22:30:40.886  1844  1844 V BluetoothAdapterState: isBleTurningOn()=false
01-01 22:30:40.886  1844  1844 V BluetoothAdapterState: isBleTurningOff()=false
01-01 22:30:40.887  1844  1844 V BluetoothAdapterState: isTurningOff()=false
01-01 22:30:40.887  1844  1844 V BluetoothAdapterState: isTurningOn()=true
01-01 22:30:40.887  1844  1844 V BluetoothAdapterState: isBleTurningOn()=false
01-01 22:30:40.887  1844  1844 V BluetoothAdapterState: isBleTurningOff()=false
01-01 22:30:40.887  1844  1910 D BluetoothAdapterState: Current state: PENDING_COMMAND, message: 2
01-01 22:30:40.887  1844  1910 D BluetoothAdapterProperties: ScanMode =  20
01-01 22:30:40.887  1844  1910 D BluetoothAdapterProperties: State =  11
01-01 22:30:40.887  1844  1910 D BluetoothAdapterProperties: Setting state to 12
01-01 22:30:40.887  1844  1910 I BluetoothAdapterState: Bluetooth adapter state changed: 11-> 12
01-01 22:30:40.888   568   589 D BluetoothHeadset: onBluetoothStateChange: up=true
01-01 22:30:40.888  1844  1910 I BluetoothAdapterState: Entering OnState
01-01 22:30:40.888   879   890 D BluetoothInputDevice: onBluetoothStateChange: up=true
01-01 22:30:40.888   568   589 D BluetoothA2dp: onBluetoothStateChange: up=true
01-01 22:30:40.888  1844  1910 D BluetoothAdapterService: BBBBBBBBBBBBBB Enter autoConnectA2dpSink() ...
01-01 22:30:40.888   568   589 E BluetoothA2dp: Could not bind to Bluetooth A2DP Service with Intent { act=android.bluetooth.IBluetoothA2dp }
01-01 22:30:40.888  1844  1924 D BluetoothAdapterProperties: Scan Mode:21
01-01 22:30:40.888   879   891 D BluetoothPbap: onBluetoothStateChange: up=true
01-01 22:30:40.888  1844  1924 D BluetoothAdapterProperties: Discoverable Timeout:120
01-01 22:30:40.889   894  1314 D BluetoothAvrcpController: onBluetoothStateChange: up=true
01-01 22:30:40.890   863  1121 D BluetoothHeadset: onBluetoothStateChange: up=true
01-01 22:30:40.890   568   589 D BluetoothHeadset: onBluetoothStateChange: up=true
01-01 22:30:40.890   879  1622 D BluetoothMap: onBluetoothStateChange: up=true
01-01 22:30:40.893   879  1622 E BluetoothMap: Could not bind to Bluetooth MAP Service with Intent { act=android.bluetooth.IBluetoothMap }
01-01 22:30:40.893   568   589 D BluetoothHeadset: onBluetoothStateChange: up=true
01-01 22:30:40.893   879   890 D BluetoothPan: onBluetoothStateChange on: true
01-01 22:30:40.894   568   568 I Telecom : BluetoothPhoneService: queryPhoneState
01-01 22:30:40.897   879  1415 D LocalBluetoothProfileManager: Adding local A2DP profile
01-01 22:30:40.901   879  1415 E BluetoothA2dp: Could not bind to Bluetooth A2DP Service with Intent { act=android.bluetooth.IBluetoothA2dp }
01-01 22:30:40.923  1844  1924 D BluetoothAdapterProperties: Name is: Brandon's temi
01-01 22:30:40.947  2002  2136 W GooglePlayServicesUtil: Google Play services out of date.  Requires 11910000 but found 9083436
01-01 22:30:40.949  2002  2101 W GooglePlayServicesUtil: Google Play services out of date.  Requires 11910000 but found 9083436
01-01 22:30:40.962  2002  2107 W art     : Verification of void ker.onCreate(android.os.Bundle) took 363.533ms
01-01 22:30:41.039  1225  1727 I GCoreUlr: WorldUpdater:android.intent.action.BOOT_COMPLETED: Ensuring that reporting is stopped because of reasons: (no Google accounts)
01-01 22:30:41.041  1225  1727 I GCoreUlr: Unbound from all location providers
01-01 22:30:41.096  2002  2012 W art     : Suspending all threads took: 17.413ms
01-01 22:30:41.197  1225  2036 I PhenotypeFlagCommitter: Experiment Configs successfully retrieved for com.google.android.gms.lockbox
01-01 22:30:41.225   568   809 E wifi    : wifi_get_supported_feature_set returned error = 0xffffffa1
01-01 22:30:41.329  1225  1225 I GCoreUlr: DispatchingService.onDestroy()
01-01 22:30:41.329  1225  1225 I GCoreUlr: Stopping handler for UlrDispSvcFast
01-01 22:30:41.331  1225  1225 I GCoreUlr: Unbound from all location providers
01-01 22:30:41.334  1225  1619 W GeofencerStateMachine: Ignoring removeGeofence because network location is disabled.
01-01 22:30:41.336  1225  1619 W GeofencerStateMachine: Ignoring removeGeofence because network location is disabled.
01-01 22:30:41.342  1225  1600 D StrictMode: Wrote violation #0 of 1: 10288 bytes
01-01 22:30:41.342  1225  1600 D StrictMode: Wrote violation #0 of 1: 11772 bytes
01-01 22:30:41.343  1225  1600 D StrictMode: Wrote violation #0 of 1: 13256 bytes
01-01 22:30:41.344  1225  1600 D StrictMode: Wrote violation #0 of 1: 14740 bytes
01-01 22:30:41.347  1225  1600 D StrictMode: Wrote violation #0 of 1: 16224 bytes
01-01 22:30:41.348  1225  1600 D StrictMode: Wrote violation #0 of 1: 17708 bytes
01-01 22:30:41.349  1225  1604 W GCoreFlp: No location to return for getLastLocation()
01-01 22:30:41.350  1225  2036 W FusedLocationProvider: location=null
01-01 22:30:41.350  1225  1600 D StrictMode: Wrote violation #0 of 1: 19192 bytes
01-01 22:30:41.352  1225  1600 D Error   : ERR: exClass=android.os.StrictMode$StrictModeDiskReadViolation
01-01 22:30:41.352  1225  1600 D Error   : ERR: exMsg=policy=6815751 violation=2
01-01 22:30:41.352  1225  1600 D Error   : ERR: file=StrictMode.java
01-01 22:30:41.352  1225  1600 D Error   : ERR: class=android.os.StrictMode$AndroidBlockGuardPolicy
01-01 22:30:41.352  1225  1600 D Error   : ERR: method=onReadFromDisk line=1263
01-01 22:30:41.352  1225  1600 D Error   : ERR: stack=android.os.StrictMode$StrictModeDiskReadViolation: policy=6815751 violation=2
01-01 22:30:41.352  1225  1600 D Error   : 	at android.os.StrictMode$AndroidBlockGuardPolicy.onReadFromDisk(StrictMode.java:1263)
01-01 22:30:41.352  1225  1600 D Error   : 	at android.app.SharedPreferencesImpl.awaitLoadedLocked(SharedPreferencesImpl.java:203)
01-01 22:30:41.352  1225  1600 D Error   : 	at android.app.SharedPreferencesImpl.getString(SharedPreferencesImpl.java:224)
01-01 22:30:41.352  1225  1600 D Error   : 	at rah.a(SourceFile:60)
01-01 22:30:41.352  1225  1600 D Error   : 	at rai.a(SourceFile:2052)
01-01 22:30:41.352  1225  1600 D Error   : 	at rap.c(SourceFile:205)
01-01 22:30:41.352  1225  1600 D Error   : 	at qzo.onTransact(SourceFile:150)
01-01 22:30:41.352  1225  1600 D Error   : 	at android.os.Binder.execTransact(Binder.java:453)
01-01 22:30:41.352  1225  1600 D Error   : # via Binder call with stack:
01-01 22:30:41.352  1225  1600 D Error   : android.os.StrictMode$LogStackTrace
01-01 22:30:41.352  1225  1600 D Error   : 	at android.os.StrictMode.readAndHandleBinderCallViolations(StrictMode.java:1911)
01-01 22:30:41.352  1225  1600 D Error   : 	at android.os.Parcel.readExceptionCode(Parcel.java:1601)
01-01 22:30:41.352  1225  1600 D Error   : 	at android.os.Parcel.readException(Parcel.java:1570)
01-01 22:30:41.352  1225  1600 D Error   : 	at joh.c(SourceFile:111)
01-01 22:30:41.352  1225  1600 D Error   : 	at ihg.equals(SourceFile:78)
01-01 22:30:41.352  1225  1600 D Error   : 	at izd.b(SourceFile:245)
01-01 22:30:41.352  1225  1600 D Error   : 	at izd.a(SourceFile:152)
01-01 22:30:41.352  1225  1600 D Error   : 	at izd.b(SourceFile:137)
01-01 22:30:41.352  1225  1600 D Error   : 	at izd.b(SourceFile:99)
01-01 22:30:41.352  1225  1600 D Error   : 	at aefd.c(SourceFile:571)
01-01 22:30:41.352  1225  1600 D Error   : 	at aefd.a(SourceFile:181)
01-01 22:30:41.352  1225  1600 D Error   : 	at aefe.b(SourceFile:93)
01-01 22:30:41.352  1225  1600 D Error   : 	at qmd.a(SourceFile:74)
01-01 22:30:41.352  1225  1600 D Error   : 	at qjf.a(SourceFile:1278)
01-01 22:30:41.352  1225  1600 D Error   : 	at rah.b(SourceFile:104)
01-01 22:30:41.352  1225  1600 D Error   : 	at rah.a(SourceFile:72)
01-01 22:30:41.352  1225  1600 D Error   : 	at rai.a(SourceFile:2052)
01-01 22:30:41.352  1225  1600 D Error   : 	at rap.c(SourceFile:205)
01-01 22:30:41.352  1225  1600 D Error   : 	at qzo.onTransact(SourceFile:150)
01-01 22:30:41.352  1225  1600 D Error   : 	at android.os.Binder.execTransact(Binder.java:453)
01-01 22:30:41.352  1225  1600 D Error   : # via Binder call with stack:
01-01 22:30:41.352  1225  1600 D Error   : android.os.StrictMode$LogStackTrace
01-01 22:30:41.352  1225  1600 D Error   : 	at android.os.StrictMode.readAndHandleBinderCallViolations(StrictMode.java:1911)
01-01 22:30:41.352  1225  1600 D Error   : 	at android.os.Parcel.readExceptionCode(Parcel.java:1601)
01-01 22:30:41.352  1225  1600 D Error   : 	at android.os.Parcel.readException(Parcel.java:1570)
01-01 22:30:41.352  1225  1600 D Error   : 	at joh.c(SourceFile:111)
01-01 22:30:41.352  1225  1600 D Error   : 	at ihg.equals(SourceFile:78)
01-01 22:30:41.352  1225  1600 D Error   : 	at izd.b(SourceFile:245)
01-01 22:30:41.352  1225  1600 D Error   : 	at izd.a(SourceFile:152)
01-01 22:30:41.352  1225  1600 D Error   : 	at izd.b(SourceFile:137)
01-01 22:30:41.352  1225  1600 D Error   : 	at izd.b(SourceFile:99)
01-01 22:30:41.352  1225  1600 D Error   : 	at aefd.c(SourceFile:571)
01-01 22:30:41.352  1225  1600 D Error   : 	at aefd.a(SourceFile:181)
01-01 22:30:41.352  1225  1600 D Error   : 	at aefe.b(SourceFile:93)
01-01 22:30:41.352  1225  1600 D Error   : 	at qmd.a(SourceFile:74)
01-01 22:30:41.352  1225  1600 D Error   : 	at qjf.a(SourceFile:1278)
01-01 22:30:41.352  1225  1600 D Error   : 	at rah.b(SourceFile:104)
01-01 22:30:41.352  1225  1600 D Error   : 	at rah.a(SourceFile:72)
01-01 22:30:41.352  1225  1600 D Error   : 	at rai.a(SourceFile:2052)
01-01 22:30:41.352  1225  1600 D Error   : 	at rap.c(SourceFile:205)
01-01 22:30:41.352  1225  1600 D Error   : 	at qzo.onTransact(SourceFile:150)
01-01 22:30:41.352  1225  1600 D Error   : 	at android.os.Binder.execTransact(Binder.java:453)
01-01 22:30:41.352  1225  1600 D Error   : # via Binder call with stack:
01-01 22:30:41.352  1225  1600 D Error   : android.os.StrictMode$LogStackTrace
01-01 22:30:41.352  1225  1600 D Error   : 	at android.os.StrictMode.readAndHandleBinderCallViolations(StrictMode.java:1911)
01-01 22:30:41.352  1225  1600 D Error   : 	at android.os.Parcel.readExceptionCode(Parcel.java:1601)
01-01 22:30:41.352  1225  1600 D Error   : 	at android.os.Parcel.readException(Parcel.java:1570)
01-01 22:30:41.352  1225  1600 D Error   : 	at joh.c(SourceFile:111)
01-01 22:30:41.352  1225  1600 D Error   : 	at ihg.equals(SourceFile:78)
01-01 22:30:41.352  1225  1600 D Error   : 	at izd.b(SourceFile:245)
01-01 22:30:41.352  1225  1600 D Error   : 	at izd.a(SourceFile:152)
01-01 22:30:41.352  1225  1600 D Error   : 	at izd.b(SourceFile:137)
01-01 22:30:41.352  1225  1600 D Error   : 	at izd.b(SourceFile:99)
01-01 22:30:41.352  1225  1600 D Error   : 	at aefd.c(SourceFile:571)
01-01 22:30:41.352  1225  1600 D Error   : 	at aefd.a(SourceFile:181)
01-01 22:30:41.352  1225  1600 D Error   : 	at aefe.b(SourceFile:93)
01-01 22:30:41.352  1225  1600 D Error   : 	at qmd.a(SourceFile:74)
01-01 22:30:41.352  1225  1600 D Error   : 	at qjf.a(SourceFile:1278)
01-01 22:30:41.352  1225  1600 D Error   : 	at rah.b(SourceFile:104)
01-01 22:30:41.352  1225  1600 D Error   : 	at rah.a(SourceFile:72)
01-01 22:30:41.352  1225  1600 D Error   : 	at rai.a(SourceFile:2052)
01-01 22:30:41.352  1225  1600 D Error   : 	at rap.c(SourceFile:205)
01-01 22:30:41.352  1225  1600 D Error   : 	at qzo.onTransact(SourceFile:150)
01-01 22:30:41.352  1225  1600 D Error   : 	at android.os.Binder.execTransact(Binder.java:453)
01-01 22:30:41.352  1225  1600 D Error   : # via Binder call with stack:
01-01 22:30:41.352  1225  1600 D Error   : android.os.StrictMode$LogStackTrace
01-01 22:30:41.352  1225  1600 D Error   : 	at android.os.StrictMode.readAndHandleBinderCallViolations(StrictMode.java:1911)
01-01 22:30:41.352  1225  1600 D Error   : 	at android.os.Parcel.readExceptionCode(Parcel.java:1601)
01-01 22:30:41.352  1225  1600 D Error   : 	at android.os.Parcel.readException(Parcel.java:1570)
01-01 22:30:41.352  1225  1600 D Error   : 	at joh.c(SourceFile:111)
01-01 22:30:41.352  1225  1600 D Error   : 	at ihg.equals(SourceFile:78)
01-01 22:30:41.352  1225  1600 D Error   : 	at izd.b(SourceFile:245)
01-01 22:30:41.352  1225  1600 D Error   : 	at izd.a(SourceFile:152)
01-01 22:30:41.352  1225  1600 D Error   : 	at izd.b(SourceFile:137)
01-01 22:30:41.352  1225  1600 D Error   : 	at izd.b(SourceFile:99)
01-01 22:30:41.352  1225  1600 D Error   : 	at aefd.c(SourceFile:571)
01-01 22:30:41.352  1225  1600 D Error   : 	at aefd.a(SourceFile:181)
01-01 22:30:41.352  1225  1600 D Error   : 	at aefe.b(SourceFile:93)
01-01 22:30:41.352  1225  1600 D Error   : 	at qmd.a(SourceFile:74)
01-01 22:30:41.352  1225  1600 D Error   : 	at qjf.a(SourceFile:1278)
01-01 22:30:41.352  1225  1600 D Error   : 	at rah.b(SourceFile:104)
01-01 22:30:41.352  1225  1600 D Error   : 	at rah.a(SourceFile:72)
01-01 22:30:41.352  1225  1600 D Error   : 	at rai.a(SourceFile:2052)
01-01 22:30:41.352  1225  1600 D Error   : 	at rap.c(SourceFile:205)
01-01 22:30:41.352  1225  1600 D Error   : 	at qzo.onTransact(SourceFile:150)
01-01 22:30:41.352  1225  1600 D Error   : 	at android.os.Binder.execTransact(Binder.java:453)
01-01 22:30:41.352  1225  1600 D Error   : # via Binder call with stack:
01-01 22:30:41.352  1225  1600 D Error   : android.os.StrictMode$LogStackTrace
01-01 22:30:41.352  1225  1600 D Error   : 	at android.os.StrictMode.readAndHandleBinderCallViolations(StrictMode.java:1911)
01-01 22:30:41.352  1225  1600 D Error   : 	at android.os.Parcel.readExceptionCode(Parcel.java:1601)
01-01 22:30:41.352  1225  1600 D Error   : 	at android.os.Parcel.readException(Parcel.java:1570)
01-01 22:30:41.352  1225  1600 D Error   : 	at joh.c(SourceFile:111)
01-01 22:30:41.352  1225  1600 D Error   : 	at ihg.equals(SourceFile:78)
01-01 22:30:41.352  1225  1600 D Error   : 	at izd.b(SourceFile:245)
01-01 22:30:41.352  1225  1600 D Error   : 	at izd.a(SourceFile:152)
01-01 22:30:41.352  1225  1600 D Error   : 	at izd.b(SourceFile:137)
01-01 22:30:41.352  1225  1600 D Error   : 	at izd.b(SourceFile:99)
01-01 22:30:41.352  1225  1600 D Error   : 	at aefd.c(SourceFile:571)
01-01 22:30:41.352  1225  1600 D Error   : 	at aefd.a(SourceFile:181)
01-01 22:30:41.352  1225  1600 D Error   : 	at aefe.b(SourceFile:93)
01-01 22:30:41.352  1225  1600 D Error   : 	at qmd.a(SourceFile:74)
01-01 22:30:41.352  1225  1600 D Error   : 	at qjf.a(SourceFile:1278)
01-01 22:30:41.352  1225  1600 D Error   : 	at rah.b(SourceFile:104)
01-01 22:30:41.352  1225  1600 D Error   : 	at rah.a(Sour
01-01 22:30:41.352  1225  1600 D Error   : ERR: TOTAL BYTES WRITTEN: 20632
01-01 22:30:41.352  1225  1600 D StrictMode: Wrote violation #0 of 1: 20676 bytes
01-01 22:30:41.355  1225  1600 D Error   : ERR: exClass=android.os.StrictMode$StrictModeDiskReadViolation
01-01 22:30:41.355  1225  1600 D Error   : ERR: exMsg=policy=6815751 violation=2
01-01 22:30:41.355  1225  1600 D Error   : ERR: file=StrictMode.java
01-01 22:30:41.355  1225  1600 D Error   : ERR: class=android.os.StrictMode$AndroidBlockGuardPolicy
01-01 22:30:41.355  1225  1600 D Error   : ERR: method=onReadFromDisk line=1263
01-01 22:30:41.355  1225  1600 D Error   : ERR: stack=android.os.StrictMode$StrictModeDiskReadViolation: policy=6815751 violation=2
01-01 22:30:41.355  1225  1600 D Error   : 	at android.os.StrictMode$AndroidBlockGuardPolicy.onReadFromDisk(StrictMode.java:1263)
01-01 22:30:41.355  1225  1600 D Error   : 	at android.app.SharedPreferencesImpl.awaitLoadedLocked(SharedPreferencesImpl.java:203)
01-01 22:30:41.355  1225  1600 D Error   : 	at android.app.SharedPreferencesImpl.getString(SharedPreferencesImpl.java:224)
01-01 22:30:41.355  1225  1600 D Error   : 	at rah.a(SourceFile:60)
01-01 22:30:41.355  1225  1600 D Error   : 	at rai.a(SourceFile:2052)
01-01 22:30:41.355  1225  1600 D Error   : 	at rap.c(SourceFile:205)
01-01 22:30:41.355  1225  1600 D Error   : 	at qzo.onTransact(SourceFile:150)
01-01 22:30:41.355  1225  1600 D Error   : 	at android.os.Binder.execTransact(Binder.java:453)
01-01 22:30:41.355  1225  1600 D Error   : # via Binder call with stack:
01-01 22:30:41.355  1225  1600 D Error   : android.os.StrictMode$LogStackTrace
01-01 22:30:41.355  1225  1600 D Error   : 	at android.os.StrictMode.readAndHandleBinderCallViolations(StrictMode.java:1911)
01-01 22:30:41.355  1225  1600 D Error   : 	at android.os.Parcel.readExceptionCode(Parcel.java:1601)
01-01 22:30:41.355  1225  1600 D Error   : 	at android.os.Parcel.readException(Parcel.java:1570)
01-01 22:30:41.355  1225  1600 D Error   : 	at joh.c(SourceFile:111)
01-01 22:30:41.355  1225  1600 D Error   : 	at ihg.equals(SourceFile:78)
01-01 22:30:41.355  1225  1600 D Error   : 	at izd.b(SourceFile:245)
01-01 22:30:41.355  1225  1600 D Error   : 	at izd.a(SourceFile:152)
01-01 22:30:41.355  1225  1600 D Error   : 	at izd.b(SourceFile:137)
01-01 22:30:41.355  1225  1600 D Error   : 	at izd.b(SourceFile:99)
01-01 22:30:41.355  1225  1600 D Error   : 	at aefd.c(SourceFile:571)
01-01 22:30:41.355  1225  1600 D Error   : 	at aefd.a(SourceFile:181)
01-01 22:30:41.355  1225  1600 D Error   : 	at aefe.b(SourceFile:93)
01-01 22:30:41.355  1225  1600 D Error   : 	at qmd.a(SourceFile:74)
01-01 22:30:41.355  1225  1600 D Error   : 	at qjf.a(SourceFile:1278)
01-01 22:30:41.355  1225  1600 D Error   : 	at rah.b(SourceFile:104)
01-01 22:30:41.355  1225  1600 D Error   : 	at rah.a(SourceFile:72)
01-01 22:30:41.355  1225  1600 D Error   : 	at rai.a(SourceFile:2052)
01-01 22:30:41.355  1225  1600 D Error   : 	at rap.c(SourceFile:205)
01-01 22:30:41.355  1225  1600 D Error   : 	at qzo.onTransact(SourceFile:150)
01-01 22:30:41.355  1225  1600 D Error   : 	at android.os.Binder.execTransact(Binder.java:453)
01-01 22:30:41.355  1225  1600 D Error   : # via Binder call with stack:
01-01 22:30:41.355  1225  1600 D Error   : android.os.StrictMode$LogStackTrace
01-01 22:30:41.355  1225  1600 D Error   : 	at android.os.StrictMode.readAndHandleBinderCallViolations(StrictMode.java:1911)
01-01 22:30:41.355  1225  1600 D Error   : 	at android.os.Parcel.readExceptionCode(Parcel.java:1601)
01-01 22:30:41.355  1225  1600 D Error   : 	at android.os.Parcel.readException(Parcel.java:1570)
01-01 22:30:41.355  1225  1600 D Error   : 	at joh.c(SourceFile:111)
01-01 22:30:41.355  1225  1600 D Error   : 	at ihg.equals(SourceFile:78)
01-01 22:30:41.355  1225  1600 D Error   : 	at izd.b(SourceFile:245)
01-01 22:30:41.355  1225  1600 D Error   : 	at izd.a(SourceFile:152)
01-01 22:30:41.355  1225  1600 D Error   : 	at izd.b(SourceFile:137)
01-01 22:30:41.355  1225  1600 D Error   : 	at izd.b(SourceFile:99)
01-01 22:30:41.355  1225  1600 D Error   : 	at aefd.c(SourceFile:571)
01-01 22:30:41.355  1225  1600 D Error   : 	at aefd.a(SourceFile:181)
01-01 22:30:41.355  1225  1600 D Error   : 	at aefe.b(SourceFile:93)
01-01 22:30:41.355  1225  1600 D Error   : 	at qmd.a(SourceFile:74)
01-01 22:30:41.355  1225  1600 D Error   : 	at qjf.a(SourceFile:1278)
01-01 22:30:41.355  1225  1600 D Error   : 	at rah.b(SourceFile:104)
01-01 22:30:41.355  1225  1600 D Error   : 	at rah.a(SourceFile:72)
01-01 22:30:41.355  1225  1600 D Error   : 	at rai.a(SourceFile:2052)
01-01 22:30:41.355  1225  1600 D Error   : 	at rap.c(SourceFile:205)
01-01 22:30:41.355  1225  1600 D Error   : 	at qzo.onTransact(SourceFile:150)
01-01 22:30:41.355  1225  1600 D Error   : 	at android.os.Binder.execTransact(Binder.java:453)
01-01 22:30:41.355  1225  1600 D Error   : # via Binder call with stack:
01-01 22:30:41.355  1225  1600 D Error   : android.os.StrictMode$LogStackTrace
01-01 22:30:41.355  1225  1600 D Error   : 	at android.os.StrictMode.readAndHandleBinderCallViolations(StrictMode.java:1911)
01-01 22:30:41.355  1225  1600 D Error   : 	at android.os.Parcel.readExceptionCode(Parcel.java:1601)
01-01 22:30:41.355  1225  1600 D Error   : 	at android.os.Parcel.readException(Parcel.java:1570)
01-01 22:30:41.355  1225  1600 D Error   : 	at joh.c(SourceFile:111)
01-01 22:30:41.355  1225  1600 D Error   : 	at ihg.equals(SourceFile:78)
01-01 22:30:41.355  1225  1600 D Error   : 	at izd.b(SourceFile:245)
01-01 22:30:41.355  1225  1600 D Error   : 	at izd.a(SourceFile:152)
01-01 22:30:41.355  1225  1600 D Error   : 	at izd.b(SourceFile:137)
01-01 22:30:41.355  1225  1600 D Error   : 	at izd.b(SourceFile:99)
01-01 22:30:41.355  1225  1600 D Error   : 	at aefd.c(SourceFile:571)
01-01 22:30:41.355  1225  1600 D Error   : 	at aefd.a(SourceFile:181)
01-01 22:30:41.355  1225  1600 D Error   : 	at aefe.b(SourceFile:93)
01-01 22:30:41.355  1225  1600 D Error   : 	at qmd.a(SourceFile:74)
01-01 22:30:41.355  1225  1600 D Error   : 	at qjf.a(SourceFile:1278)
01-01 22:30:41.355  1225  1600 D Error   : 	at rah.b(SourceFile:104)
01-01 22:30:41.355  1225  1600 D Error   : 	at rah.a(SourceFile:72)
01-01 22:30:41.355  1225  1600 D Error   : 	at rai.a(SourceFile:2052)
01-01 22:30:41.355  1225  1600 D Error   : 	at rap.c(SourceFile:205)
01-01 22:30:41.355  1225  1600 D Error   : 	at qzo.onTransact(SourceFile:150)
01-01 22:30:41.355  1225  1600 D Error   : 	at android.os.Binder.execTransact(Binder.java:453)
01-01 22:30:41.355  1225  1600 D Error   : # via Binder call with stack:
01-01 22:30:41.355  1225  1600 D Error   : android.os.StrictMode$LogStackTrace
01-01 22:30:41.355  1225  1600 D Error   : 	at android.os.StrictMode.readAndHandleBinderCallViolations(StrictMode.java:1911)
01-01 22:30:41.355  1225  1600 D Error   : 	at android.os.Parcel.readExceptionCode(Parcel.java:1601)
01-01 22:30:41.355  1225  1600 D Error   : 	at android.os.Parcel.readException(Parcel.java:1570)
01-01 22:30:41.355  1225  1600 D Error   : 	at joh.c(SourceFile:111)
01-01 22:30:41.355  1225  1600 D Error   : 	at ihg.equals(SourceFile:78)
01-01 22:30:41.355  1225  1600 D Error   : 	at izd.b(SourceFile:245)
01-01 22:30:41.355  1225  1600 D Error   : 	at izd.a(SourceFile:152)
01-01 22:30:41.355  1225  1600 D Error   : 	at izd.b(SourceFile:137)
01-01 22:30:41.355  1225  1600 D Error   : 	at izd.b(SourceFile:99)
01-01 22:30:41.355  1225  1600 D Error   : 	at aefd.c(SourceFile:571)
01-01 22:30:41.355  1225  1600 D Error   : 	at aefd.a(SourceFile:181)
01-01 22:30:41.355  1225  1600 D Error   : 	at aefe.b(SourceFile:93)
01-01 22:30:41.355  1225  1600 D Error   : 	at qmd.a(SourceFile:74)
01-01 22:30:41.355  1225  1600 D Error   : 	at qjf.a(SourceFile:1278)
01-01 22:30:41.355  1225  1600 D Error   : 	at rah.b(SourceFile:104)
01-01 22:30:41.355  1225  1600 D Error   : 	at rah.a(SourceFile:72)
01-01 22:30:41.355  1225  1600 D Error   : 	at rai.a(SourceFile:2052)
01-01 22:30:41.355  1225  1600 D Error   : 	at rap.c(SourceFile:205)
01-01 22:30:41.355  1225  1600 D Error   : 	at qzo.onTransact(SourceFile:150)
01-01 22:30:41.355  1225  1600 D Error   : 	at android.os.Binder.execTransact(Binder.java:453)
01-01 22:30:41.355  1225  1600 D Error   : # via Binder call with stack:
01-01 22:30:41.355  1225  1600 D Error   : android.os.StrictMode$LogStackTrace
01-01 22:30:41.355  1225  1600 D Error   : 	at android.os.StrictMode.readAndHandleBinderCallViolations(StrictMode.java:1911)
01-01 22:30:41.355  1225  1600 D Error   : 	at android.os.Parcel.readExceptionCode(Parcel.java:1601)
01-01 22:30:41.355  1225  1600 D Error   : 	at android.os.Parcel.readException(Parcel.java:1570)
01-01 22:30:41.355  1225  1600 D Error   : 	at joh.c(SourceFile:111)
01-01 22:30:41.355  1225  1600 D Error   : 	at ihg.equals(SourceFile:78)
01-01 22:30:41.355  1225  1600 D Error   : 	at izd.b(SourceFile:245)
01-01 22:30:41.355  1225  1600 D Error   : 	at izd.a(SourceFile:152)
01-01 22:30:41.355  1225  1600 D Error   : 	at izd.b(SourceFile:137)
01-01 22:30:41.355  1225  1600 D Error   : 	at izd.b(SourceFile:99)
01-01 22:30:41.355  1225  1600 D Error   : 	at aefd.c(SourceFile:571)
01-01 22:30:41.355  1225  1600 D Error   : 	at aefd.a(SourceFile:181)
01-01 22:30:41.355  1225  1600 D Error   : 	at aefe.b(SourceFile:93)
01-01 22:30:41.355  1225  1600 D Error   : 	at qmd.a(SourceFile:74)
01-01 22:30:41.355  1225  1600 D Error   : 	at qjf.a(SourceFile:1278)
01-01 22:30:41.355  1225  1600 D Error   : 	at rah.b(SourceFile:104)
01-01 22:30:41.355  1225  1600 D Error   : 	at rah.a(Sour
01-01 22:30:41.355  1225  1600 D Error   : ERR: TOTAL BYTES WRITTEN: 22116
01-01 22:30:41.355  1225  1600 D StrictMode: Wrote violation #0 of 1: 22160 bytes
01-01 22:30:41.358  1225  1600 D Error   : ERR: exClass=android.os.StrictMode$StrictModeDiskReadViolation
01-01 22:30:41.358  1225  1600 D Error   : ERR: exMsg=policy=6815751 violation=2
01-01 22:30:41.358  1225  1600 D Error   : ERR: file=StrictMode.java
01-01 22:30:41.358  1225  1600 D Error   : ERR: class=android.os.StrictMode$AndroidBlockGuardPolicy
01-01 22:30:41.358  1225  1600 D Error   : ERR: method=onReadFromDisk line=1263
01-01 22:30:41.358  1225  1600 D Error   : ERR: stack=android.os.StrictMode$StrictModeDiskReadViolation: policy=6815751 violation=2
01-01 22:30:41.358  1225  1600 D Error   : 	at android.os.StrictMode$AndroidBlockGuardPolicy.onReadFromDisk(StrictMode.java:1263)
01-01 22:30:41.358  1225  1600 D Error   : 	at android.app.SharedPreferencesImpl.awaitLoadedLocked(SharedPreferencesImpl.java:203)
01-01 22:30:41.358  1225  1600 D Error   : 	at android.app.SharedPreferencesImpl.getString(SharedPreferencesImpl.java:224)
01-01 22:30:41.358  1225  1600 D Error   : 	at rah.a(SourceFile:60)
01-01 22:30:41.358  1225  1600 D Error   : 	at rai.a(SourceFile:2052)
01-01 22:30:41.358  1225  1600 D Error   : 	at rap.c(SourceFile:205)
01-01 22:30:41.358  1225  1600 D Error   : 	at qzo.onTransact(SourceFile:150)
01-01 22:30:41.358  1225  1600 D Error   : 	at android.os.Binder.execTransact(Binder.java:453)
01-01 22:30:41.358  1225  1600 D Error   : # via Binder call with stack:
01-01 22:30:41.358  1225  1600 D Error   : android.os.StrictMode$LogStackTrace
01-01 22:30:41.358  1225  1600 D Error   : 	at android.os.StrictMode.readAndHandleBinderCallViolations(StrictMode.java:1911)
01-01 22:30:41.358  1225  1600 D Error   : 	at android.os.Parcel.readExceptionCode(Parcel.java:1601)
01-01 22:30:41.358  1225  1600 D Error   : 	at android.os.Parcel.readException(Parcel.java:1570)
01-01 22:30:41.358  1225  1600 D Error   : 	at joh.c(SourceFile:111)
01-01 22:30:41.358  1225  1600 D Error   : 	at ihg.equals(SourceFile:78)
01-01 22:30:41.358  1225  1600 D Error   : 	at izd.b(SourceFile:245)
01-01 22:30:41.358  1225  1600 D Error   : 	at izd.a(SourceFile:152)
01-01 22:30:41.358  1225  1600 D Error   : 	at izd.b(SourceFile:137)
01-01 22:30:41.358  1225  1600 D Error   : 	at izd.b(SourceFile:99)
01-01 22:30:41.358  1225  1600 D Error   : 	at aefd.c(SourceFile:571)
01-01 22:30:41.358  1225  1600 D Error   : 	at aefd.a(SourceFile:181)
01-01 22:30:41.358  1225  1600 D Error   : 	at aefe.b(SourceFile:93)
01-01 22:30:41.358  1225  1600 D Error   : 	at qmd.a(SourceFile:74)
01-01 22:30:41.358  1225  1600 D Error   : 	at qjf.a(SourceFile:1278)
01-01 22:30:41.358  1225  1600 D Error   : 	at rah.b(SourceFile:104)
01-01 22:30:41.358  1225  1600 D Error   : 	at rah.a(SourceFile:72)
01-01 22:30:41.358  1225  1600 D Error   : 	at rai.a(SourceFile:2052)
01-01 22:30:41.358  1225  1600 D Error   : 	at rap.c(SourceFile:205)
01-01 22:30:41.358  1225  1600 D Error   : 	at qzo.onTransact(SourceFile:150)
01-01 22:30:41.358  1225  1600 D Error   : 	at android.os.Binder.execTransact(Binder.java:453)
01-01 22:30:41.358  1225  1600 D Error   : # via Binder call with stack:
01-01 22:30:41.358  1225  1600 D Error   : android.os.StrictMode$LogStackTrace
01-01 22:30:41.358  1225  1600 D Error   : 	at android.os.StrictMode.readAndHandleBinderCallViolations(StrictMode.java:1911)
01-01 22:30:41.358  1225  1600 D Error   : 	at android.os.Parcel.readExceptionCode(Parcel.java:1601)
01-01 22:30:41.358  1225  1600 D Error   : 	at android.os.Parcel.readException(Parcel.java:1570)
01-01 22:30:41.358  1225  1600 D Error   : 	at joh.c(SourceFile:111)
01-01 22:30:41.358  1225  1600 D Error   : 	at ihg.equals(SourceFile:78)
01-01 22:30:41.358  1225  1600 D Error   : 	at izd.b(SourceFile:245)
01-01 22:30:41.358  1225  1600 D Error   : 	at izd.a(SourceFile:152)
01-01 22:30:41.358  1225  1600 D Error   : 	at izd.b(SourceFile:137)
01-01 22:30:41.358  1225  1600 D Error   : 	at izd.b(SourceFile:99)
01-01 22:30:41.358  1225  1600 D Error   : 	at aefd.c(SourceFile:571)
01-01 22:30:41.358  1225  1600 D Error   : 	at aefd.a(SourceFile:181)
01-01 22:30:41.358  1225  1600 D Error   : 	at aefe.b(SourceFile:93)
01-01 22:30:41.358  1225  1600 D Error   : 	at qmd.a(SourceFile:74)
01-01 22:30:41.358  1225  1600 D Error   : 	at qjf.a(SourceFile:1278)
01-01 22:30:41.358  1225  1600 D Error   : 	at rah.b(SourceFile:104)
01-01 22:30:41.358  1225  1600 D Error   : 	at rah.a(SourceFile:72)
01-01 22:30:41.358  1225  1600 D Error   : 	at rai.a(SourceFile:2052)
01-01 22:30:41.358  1225  1600 D Error   : 	at rap.c(SourceFile:205)
01-01 22:30:41.358  1225  1600 D Error   : 	at qzo.onTransact(SourceFile:150)
01-01 22:30:41.358  1225  1600 D Error   : 	at android.os.Binder.execTransact(Binder.java:453)
01-01 22:30:41.358  1225  1600 D Error   : # via Binder call with stack:
01-01 22:30:41.358  1225  1600 D Error   : android.os.StrictMode$LogStackTrace
01-01 22:30:41.358  1225  1600 D Error   : 	at android.os.StrictMode.readAndHandleBinderCallViolations(StrictMode.java:1911)
01-01 22:30:41.358  1225  1600 D Error   : 	at android.os.Parcel.readExceptionCode(Parcel.java:1601)
01-01 22:30:41.358  1225  1600 D Error   : 	at android.os.Parcel.readException(Parcel.java:1570)
01-01 22:30:41.358  1225  1600 D Error   : 	at joh.c(SourceFile:111)
01-01 22:30:41.358  1225  1600 D Error   : 	at ihg.equals(SourceFile:78)
01-01 22:30:41.358  1225  1600 D Error   : 	at izd.b(SourceFile:245)
01-01 22:30:41.358  1225  1600 D Error   : 	at izd.a(SourceFile:152)
01-01 22:30:41.358  1225  1600 D Error   : 	at izd.b(SourceFile:137)
01-01 22:30:41.358  1225  1600 D Error   : 	at izd.b(SourceFile:99)
01-01 22:30:41.358  1225  1600 D Error   : 	at aefd.c(SourceFile:571)
01-01 22:30:41.358  1225  1600 D Error   : 	at aefd.a(SourceFile:181)
01-01 22:30:41.358  1225  1600 D Error   : 	at aefe.b(SourceFile:93)
01-01 22:30:41.358  1225  1600 D Error   : 	at qmd.a(SourceFile:74)
01-01 22:30:41.358  1225  1600 D Error   : 	at qjf.a(SourceFile:1278)
01-01 22:30:41.358  1225  1600 D Error   : 	at rah.b(SourceFile:104)
01-01 22:30:41.358  1225  1600 D Error   : 	at rah.a(SourceFile:72)
01-01 22:30:41.358  1225  1600 D Error   : 	at rai.a(SourceFile:2052)
01-01 22:30:41.358  1225  1600 D Error   : 	at rap.c(SourceFile:205)
01-01 22:30:41.358  1225  1600 D Error   : 	at qzo.onTransact(SourceFile:150)
01-01 22:30:41.358  1225  1600 D Error   : 	at android.os.Binder.execTransact(Binder.java:453)
01-01 22:30:41.358  1225  1600 D Error   : # via Binder call with stack:
01-01 22:30:41.358  1225  1600 D Error   : android.os.StrictMode$LogStackTrace
01-01 22:30:41.358  1225  1600 D Error   : 	at android.os.StrictMode.readAndHandleBinderCallViolations(StrictMode.java:1911)
01-01 22:30:41.358  1225  1600 D Error   : 	at android.os.Parcel.readExceptionCode(Parcel.java:1601)
01-01 22:30:41.358  1225  1600 D Error   : 	at android.os.Parcel.readException(Parcel.java:1570)
01-01 22:30:41.358  1225  1600 D Error   : 	at joh.c(SourceFile:111)
01-01 22:30:41.358  1225  1600 D Error   : 	at ihg.equals(SourceFile:78)
01-01 22:30:41.358  1225  1600 D Error   : 	at izd.b(SourceFile:245)
01-01 22:30:41.358  1225  1600 D Error   : 	at izd.a(SourceFile:152)
01-01 22:30:41.358  1225  1600 D Error   : 	at izd.b(SourceFile:137)
01-01 22:30:41.358  1225  1600 D Error   : 	at izd.b(SourceFile:99)
01-01 22:30:41.358  1225  1600 D Error   : 	at aefd.c(SourceFile:571)
01-01 22:30:41.358  1225  1600 D Error   : 	at aefd.a(SourceFile:181)
01-01 22:30:41.358  1225  1600 D Error   : 	at aefe.b(SourceFile:93)
01-01 22:30:41.358  1225  1600 D Error   : 	at qmd.a(SourceFile:74)
01-01 22:30:41.358  1225  1600 D Error   : 	at qjf.a(SourceFile:1278)
01-01 22:30:41.358  1225  1600 D Error   : 	at rah.b(SourceFile:104)
01-01 22:30:41.358  1225  1600 D Error   : 	at rah.a(SourceFile:72)
01-01 22:30:41.358  1225  1600 D Error   : 	at rai.a(SourceFile:2052)
01-01 22:30:41.358  1225  1600 D Error   : 	at rap.c(SourceFile:205)
01-01 22:30:41.358  1225  1600 D Error   : 	at qzo.onTransact(SourceFile:150)
01-01 22:30:41.358  1225  1600 D Error   : 	at android.os.Binder.execTransact(Binder.java:453)
01-01 22:30:41.358  1225  1600 D Error   : # via Binder call with stack:
01-01 22:30:41.358  1225  1600 D Error   : android.os.StrictMode$LogStackTrace
01-01 22:30:41.358  1225  1600 D Error   : 	at android.os.StrictMode.readAndHandleBinderCallViolations(StrictMode.java:1911)
01-01 22:30:41.358  1225  1600 D Error   : 	at android.os.Parcel.readExceptionCode(Parcel.java:1601)
01-01 22:30:41.358  1225  1600 D Error   : 	at android.os.Parcel.readException(Parcel.java:1570)
01-01 22:30:41.358  1225  1600 D Error   : 	at joh.c(SourceFile:111)
01-01 22:30:41.358  1225  1600 D Error   : 	at ihg.equals(SourceFile:78)
01-01 22:30:41.358  1225  1600 D Error   : 	at izd.b(SourceFile:245)
01-01 22:30:41.358  1225  1600 D Error   : 	at izd.a(SourceFile:152)
01-01 22:30:41.358  1225  1600 D Error   : 	at izd.b(SourceFile:137)
01-01 22:30:41.358  1225  1600 D Error   : 	at izd.b(SourceFile:99)
01-01 22:30:41.358  1225  1600 D Error   : 	at aefd.c(SourceFile:571)
01-01 22:30:41.358  1225  1600 D Error   : 	at aefd.a(SourceFile:181)
01-01 22:30:41.358  1225  1600 D Error   : 	at aefe.b(SourceFile:93)
01-01 22:30:41.358  1225  1600 D Error   : 	at qmd.a(SourceFile:74)
01-01 22:30:41.358  1225  1600 D Error   : 	at qjf.a(SourceFile:1278)
01-01 22:30:41.358  1225  1600 D Error   : 	at rah.b(SourceFile:104)
01-01 22:30:41.358  1225  1600 D Error   : 	at rah.a(Sour
01-01 22:30:41.358  1225  1600 D Error   : ERR: TOTAL BYTES WRITTEN: 23600
01-01 22:30:41.358  1225  1600 D StrictMode: Wrote violation #0 of 1: 23644 bytes
01-01 22:30:41.359  1225  1600 D Error   : ERR: exClass=android.os.StrictMode$StrictModeDiskReadViolation
01-01 22:30:41.359  1225  1600 D Error   : ERR: exMsg=policy=6815751 violation=2
01-01 22:30:41.359  1225  1600 D Error   : ERR: file=StrictMode.java
01-01 22:30:41.359  1225  1600 D Error   : ERR: class=android.os.StrictMode$AndroidBlockGuardPolicy
01-01 22:30:41.359  1225  1600 D Error   : ERR: method=onReadFromDisk line=1263
01-01 22:30:41.359  1225  1600 D Error   : ERR: stack=android.os.StrictMode$StrictModeDiskReadViolation: policy=6815751 violation=2
01-01 22:30:41.359  1225  1600 D Error   : 	at android.os.StrictMode$AndroidBlockGuardPolicy.onReadFromDisk(StrictMode.java:1263)
01-01 22:30:41.359  1225  1600 D Error   : 	at android.app.SharedPreferencesImpl.awaitLoadedLocked(SharedPreferencesImpl.java:203)
01-01 22:30:41.359  1225  1600 D Error   : 	at android.app.SharedPreferencesImpl.getString(SharedPreferencesImpl.java:224)
01-01 22:30:41.359  1225  1600 D Error   : 	at rah.a(SourceFile:60)
01-01 22:30:41.359  1225  1600 D Error   : 	at rai.a(SourceFile:2052)
01-01 22:30:41.359  1225  1600 D Error   : 	at rap.c(SourceFile:205)
01-01 22:30:41.359  1225  1600 D Error   : 	at qzo.onTransact(SourceFile:150)
01-01 22:30:41.359  1225  1600 D Error   : 	at android.os.Binder.execTransact(Binder.java:453)
01-01 22:30:41.359  1225  1600 D Error   : # via Binder call with stack:
01-01 22:30:41.359  1225  1600 D Error   : android.os.StrictMode$LogStackTrace
01-01 22:30:41.359  1225  1600 D Error   : 	at android.os.StrictMode.readAndHandleBinderCallViolations(StrictMode.java:1911)
01-01 22:30:41.359  1225  1600 D Error   : 	at android.os.Parcel.readExceptionCode(Parcel.java:1601)
01-01 22:30:41.359  1225  1600 D Error   : 	at android.os.Parcel.readException(Parcel.java:1570)
01-01 22:30:41.359  1225  1600 D Error   : 	at joh.c(SourceFile:111)
01-01 22:30:41.359  1225  1600 D Error   : 	at ihg.equals(SourceFile:78)
01-01 22:30:41.359  1225  1600 D Error   : 	at izd.b(SourceFile:245)
01-01 22:30:41.359  1225  1600 D Error   : 	at izd.a(SourceFile:152)
01-01 22:30:41.359  1225  1600 D Error   : 	at izd.b(SourceFile:137)
01-01 22:30:41.359  1225  1600 D Error   : 	at izd.b(SourceFile:99)
01-01 22:30:41.359  1225  1600 D Error   : 	at aefd.c(SourceFile:571)
01-01 22:30:41.359  1225  1600 D Error   : 	at aefd.a(SourceFile:181)
01-01 22:30:41.359  1225  1600 D Error   : 	at aefe.b(SourceFile:93)
01-01 22:30:41.359  1225  1600 D Error   : 	at qmd.a(SourceFile:74)
01-01 22:30:41.359  1225  1600 D Error   : 	at qjf.a(SourceFile:1278)
01-01 22:30:41.359  1225  1600 D Error   : 	at rah.b(SourceFile:104)
01-01 22:30:41.359  1225  1600 D Error   : 	at rah.a(SourceFile:72)
01-01 22:30:41.359  1225  1600 D Error   : 	at rai.a(SourceFile:2052)
01-01 22:30:41.359  1225  1600 D Error   : 	at rap.c(SourceFile:205)
01-01 22:30:41.359  1225  1600 D Error   : 	at qzo.onTransact(SourceFile:150)
01-01 22:30:41.359  1225  1600 D Error   : 	at android.os.Binder.execTransact(Binder.java:453)
01-01 22:30:41.359  1225  1600 D Error   : # via Binder call with stack:
01-01 22:30:41.359  1225  1600 D Error   : android.os.StrictMode$LogStackTrace
01-01 22:30:41.359  1225  1600 D Error   : 	at android.os.StrictMode.readAndHandleBinderCallViolations(StrictMode.java:1911)
01-01 22:30:41.359  1225  1600 D Error   : 	at android.os.Parcel.readExceptionCode(Parcel.java:1601)
01-01 22:30:41.359  1225  1600 D Error   : 	at android.os.Parcel.readException(Parcel.java:1570)
01-01 22:30:41.359  1225  1600 D Error   : 	at joh.c(SourceFile:111)
01-01 22:30:41.359  1225  1600 D Error   : 	at ihg.equals(SourceFile:78)
01-01 22:30:41.359  1225  1600 D Error   : 	at izd.b(SourceFile:245)
01-01 22:30:41.359  1225  1600 D Error   : 	at izd.a(SourceFile:152)
01-01 22:30:41.359  1225  1600 D Error   : 	at izd.b(SourceFile:137)
01-01 22:30:41.359  1225  1600 D Error   : 	at izd.b(SourceFile:99)
01-01 22:30:41.359  1225  1600 D Error   : 	at aefd.c(SourceFile:571)
01-01 22:30:41.359  1225  1600 D Error   : 	at aefd.a(SourceFile:181)
01-01 22:30:41.359  1225  1600 D Error   : 	at aefe.b(SourceFile:93)
01-01 22:30:41.359  1225  1600 D Error   : 	at qmd.a(SourceFile:74)
01-01 22:30:41.359  1225  1600 D Error   : 	at qjf.a(SourceFile:1278)
01-01 22:30:41.359  1225  1600 D Error   : 	at rah.b(SourceFile:104)
01-01 22:30:41.359  1225  1600 D Error   : 	at rah.a(SourceFile:72)
01-01 22:30:41.359  1225  1600 D Error   : 	at rai.a(SourceFile:2052)
01-01 22:30:41.359  1225  1600 D Error   : 	at rap.c(SourceFile:205)
01-01 22:30:41.359  1225  1600 D Error   : 	at qzo.onTransact(SourceFile:150)
01-01 22:30:41.359  1225  1600 D Error   : 	at android.os.Binder.execTransact(Binder.java:453)
01-01 22:30:41.359  1225  1600 D Error   : # via Binder call with stack:
01-01 22:30:41.359  1225  1600 D Error   : android.os.StrictMode$LogStackTrace
01-01 22:30:41.359  1225  1600 D Error   : 	at android.os.StrictMode.readAndHandleBinderCallViolations(StrictMode.java:1911)
01-01 22:30:41.359  1225  1600 D Error   : 	at android.os.Parcel.readExceptionCode(Parcel.java:1601)
01-01 22:30:41.359  1225  1600 D Error   : 	at android.os.Parcel.readException(Parcel.java:1570)
01-01 22:30:41.359  1225  1600 D Error   : 	at joh.c(SourceFile:111)
01-01 22:30:41.359  1225  1600 D Error   : 	at ihg.equals(SourceFile:78)
01-01 22:30:41.359  1225  1600 D Error   : 	at izd.b(SourceFile:245)
01-01 22:30:41.359  1225  1600 D Error   : 	at izd.a(SourceFile:152)
01-01 22:30:41.359  1225  1600 D Error   : 	at izd.b(SourceFile:137)
01-01 22:30:41.359  1225  1600 D Error   : 	at izd.b(SourceFile:99)
01-01 22:30:41.359  1225  1600 D Error   : 	at aefd.c(SourceFile:571)
01-01 22:30:41.359  1225  1600 D Error   : 	at aefd.a(SourceFile:181)
01-01 22:30:41.359  1225  1600 D Error   : 	at aefe.b(SourceFile:93)
01-01 22:30:41.359  1225  1600 D Error   : 	at qmd.a(SourceFile:74)
01-01 22:30:41.359  1225  1600 D Error   : 	at qjf.a(SourceFile:1278)
01-01 22:30:41.359  1225  1600 D Error   : 	at rah.b(SourceFile:104)
01-01 22:30:41.359  1225  1600 D Error   : 	at rah.a(SourceFile:72)
01-01 22:30:41.359  1225  1600 D Error   : 	at rai.a(SourceFile:2052)
01-01 22:30:41.359  1225  1600 D Error   : 	at rap.c(SourceFile:205)
01-01 22:30:41.359  1225  1600 D Error   : 	at qzo.onTransact(SourceFile:150)
01-01 22:30:41.359  1225  1600 D Error   : 	at android.os.Binder.execTransact(Binder.java:453)
01-01 22:30:41.359  1225  1600 D Error   : # via Binder call with stack:
01-01 22:30:41.359  1225  1600 D Error   : android.os.StrictMode$LogStackTrace
01-01 22:30:41.359  1225  1600 D Error   : 	at android.os.StrictMode.readAndHandleBinderCallViolations(StrictMode.java:1911)
01-01 22:30:41.359  1225  1600 D Error   : 	at android.os.Parcel.readExceptionCode(Parcel.java:1601)
01-01 22:30:41.359  1225  1600 D Error   : 	at android.os.Parcel.readException(Parcel.java:1570)
01-01 22:30:41.359  1225  1600 D Error   : 	at joh.c(SourceFile:111)
01-01 22:30:41.359  1225  1600 D Error   : 	at ihg.equals(SourceFile:78)
01-01 22:30:41.359  1225  1600 D Error   : 	at izd.b(SourceFile:245)
01-01 22:30:41.359  1225  1600 D Error   : 	at izd.a(SourceFile:152)
01-01 22:30:41.359  1225  1600 D Error   : 	at izd.b(SourceFile:137)
01-01 22:30:41.359  1225  1600 D Error   : 	at izd.b(SourceFile:99)
01-01 22:30:41.359  1225  1600 D Error   : 	at aefd.c(SourceFile:571)
01-01 22:30:41.359  1225  1600 D Error   : 	at aefd.a(SourceFile:181)
01-01 22:30:41.359  1225  1600 D Error   : 	at aefe.b(SourceFile:93)
01-01 22:30:41.359  1225  1600 D Error   : 	at qmd.a(SourceFile:74)
01-01 22:30:41.359  1225  1600 D Error   : 	at qjf.a(SourceFile:1278)
01-01 22:30:41.359  1225  1600 D Error   : 	at rah.b(SourceFile:104)
01-01 22:30:41.359  1225  1600 D Error   : 	at rah.a(SourceFile:72)
01-01 22:30:41.359  1225  1600 D Error   : 	at rai.a(SourceFile:2052)
01-01 22:30:41.359  1225  1600 D Error   : 	at rap.c(SourceFile:205)
01-01 22:30:41.359  1225  1600 D Error   : 	at qzo.onTransact(SourceFile:150)
01-01 22:30:41.359  1225  1600 D Error   : 	at android.os.Binder.execTransact(Binder.java:453)
01-01 22:30:41.359  1225  1600 D Error   : # via Binder call with stack:
01-01 22:30:41.359  1225  1600 D Error   : android.os.StrictMode$LogStackTrace
01-01 22:30:41.359  1225  1600 D Error   : 	at android.os.StrictMode.readAndHandleBinderCallViolations(StrictMode.java:1911)
01-01 22:30:41.359  1225  1600 D Error   : 	at android.os.Parcel.readExceptionCode(Parcel.java:1601)
01-01 22:30:41.359  1225  1600 D Error   : 	at android.os.Parcel.readException(Parcel.java:1570)
01-01 22:30:41.359  1225  1600 D Error   : 	at joh.c(SourceFile:111)
01-01 22:30:41.359  1225  1600 D Error   : 	at ihg.equals(SourceFile:78)
01-01 22:30:41.359  1225  1600 D Error   : 	at izd.b(SourceFile:245)
01-01 22:30:41.359  1225  1600 D Error   : 	at izd.a(SourceFile:152)
01-01 22:30:41.359  1225  1600 D Error   : 	at izd.b(SourceFile:137)
01-01 22:30:41.359  1225  1600 D Error   : 	at izd.b(SourceFile:99)
01-01 22:30:41.359  1225  1600 D Error   : 	at aefd.c(SourceFile:571)
01-01 22:30:41.359  1225  1600 D Error   : 	at aefd.a(SourceFile:181)
01-01 22:30:41.359  1225  1600 D Error   : 	at aefe.b(SourceFile:93)
01-01 22:30:41.359  1225  1600 D Error   : 	at qmd.a(SourceFile:74)
01-01 22:30:41.359  1225  1600 D Error   : 	at qjf.a(SourceFile:1278)
01-01 22:30:41.359  1225  1600 D Error   : 	at rah.b(SourceFile:104)
01-01 22:30:41.359  1225  1600 D Error   : 	at rah.a(Sour
01-01 22:30:41.359  1225  1600 D Error   : ERR: TOTAL BYTES WRITTEN: 25084
01-01 22:30:41.359  1225  1600 D StrictMode: Wrote violation #0 of 1: 25128 bytes
01-01 22:30:41.360  1225  1600 D Error   : ERR: exClass=android.os.StrictMode$StrictModeDiskReadViolation
01-01 22:30:41.360  1225  1600 D Error   : ERR: exMsg=policy=6815751 violation=2
01-01 22:30:41.360  1225  1600 D Error   : ERR: file=StrictMode.java
01-01 22:30:41.360  1225  1600 D Error   : ERR: class=android.os.StrictMode$AndroidBlockGuardPolicy
01-01 22:30:41.360  1225  1600 D Error   : ERR: method=onReadFromDisk line=1263
01-01 22:30:41.361  1225  1600 D Error   : ERR: stack=android.os.StrictMode$StrictModeDiskReadViolation: policy=6815751 violation=2
01-01 22:30:41.361  1225  1600 D Error   : 	at android.os.StrictMode$AndroidBlockGuardPolicy.onReadFromDisk(StrictMode.java:1263)
01-01 22:30:41.361  1225  1600 D Error   : 	at android.app.SharedPreferencesImpl.awaitLoadedLocked(SharedPreferencesImpl.java:203)
01-01 22:30:41.361  1225  1600 D Error   : 	at android.app.SharedPreferencesImpl.getString(SharedPreferencesImpl.java:224)
01-01 22:30:41.361  1225  1600 D Error   : 	at rah.a(SourceFile:60)
01-01 22:30:41.361  1225  1600 D Error   : 	at rai.a(SourceFile:2052)
01-01 22:30:41.361  1225  1600 D Error   : 	at rap.c(SourceFile:205)
01-01 22:30:41.361  1225  1600 D Error   : 	at qzo.onTransact(SourceFile:150)
01-01 22:30:41.361  1225  1600 D Error   : 	at android.os.Binder.execTransact(Binder.java:453)
01-01 22:30:41.361  1225  1600 D Error   : # via Binder call with stack:
01-01 22:30:41.361  1225  1600 D Error   : android.os.StrictMode$LogStackTrace
01-01 22:30:41.361  1225  1600 D Error   : 	at android.os.StrictMode.readAndHandleBinderCallViolations(StrictMode.java:1911)
01-01 22:30:41.361  1225  1600 D Error   : 	at android.os.Parcel.readExceptionCode(Parcel.java:1601)
01-01 22:30:41.361  1225  1600 D Error   : 	at android.os.Parcel.readException(Parcel.java:1570)
01-01 22:30:41.361  1225  1600 D Error   : 	at joh.c(SourceFile:111)
01-01 22:30:41.361  1225  1600 D Error   : 	at ihg.equals(SourceFile:78)
01-01 22:30:41.361  1225  1600 D Error   : 	at izd.b(SourceFile:245)
01-01 22:30:41.361  1225  1600 D Error   : 	at izd.a(SourceFile:152)
01-01 22:30:41.361  1225  1600 D Error   : 	at izd.b(SourceFile:137)
01-01 22:30:41.361  1225  1600 D Error   : 	at izd.b(SourceFile:99)
01-01 22:30:41.361  1225  1600 D Error   : 	at aefd.c(SourceFile:571)
01-01 22:30:41.361  1225  1600 D Error   : 	at aefd.a(SourceFile:181)
01-01 22:30:41.361  1225  1600 D Error   : 	at aefe.b(SourceFile:93)
01-01 22:30:41.361  1225  1600 D Error   : 	at qmd.a(SourceFile:74)
01-01 22:30:41.361  1225  1600 D Error   : 	at qjf.a(SourceFile:1278)
01-01 22:30:41.361  1225  1600 D Error   : 	at rah.b(SourceFile:104)
01-01 22:30:41.361  1225  1600 D Error   : 	at rah.a(SourceFile:72)
01-01 22:30:41.361  1225  1600 D Error   : 	at rai.a(SourceFile:2052)
01-01 22:30:41.361  1225  1600 D Error   : 	at rap.c(SourceFile:205)
01-01 22:30:41.361  1225  1600 D Error   : 	at qzo.onTransact(SourceFile:150)
01-01 22:30:41.361  1225  1600 D Error   : 	at android.os.Binder.execTransact(Binder.java:453)
01-01 22:30:41.361  1225  1600 D Error   : # via Binder call with stack:
01-01 22:30:41.361  1225  1600 D Error   : android.os.StrictMode$LogStackTrace
