01-01 22:30:41.261  1219  1234 D Error   : 	at qzo.onTransact(SourceFile:150)
01-01 22:30:41.261  1219  1234 D Error   : 	at android.os.Binder.execTransact(Binder.java:453)
01-01 22:30:41.261  1219  1234 D Error   : # via Binder call with stack:
01-01 22:30:41.261  1219  1234 D Error   : android.os.StrictMode$LogStackTrace
01-01 22:30:41.261  1219  1234 D Error   : 	at android.os.StrictMode.readAndHandleBinderCallViolations(StrictMode.java:1911)
01-01 22:30:41.261  1219  1234 D Error   : 	at android.os.Parcel.readExceptionCode(Parcel.java:1601)
01-01 22:30:41.261  1219  1234 D Error   : 	at android.os.Parcel.readException(Parcel.java:1570)
01-01 22:30:41.261  1219  1234 D Error   : 	at joh.c(SourceFile:111)
01-01 22:30:41.261  1219  1234 D Error   : 	at ihg.equals(SourceFile:78)
01-01 22:30:41.261  1219  1234 D Error   : 	at izd.b(SourceFile:245)
01-01 22:30:41.261  1219  1234 D Error   : 	at izd.a(SourceFile:152)
01-01 22:30:41.261  1219  1234 D Error   : 	at izd.b(SourceFile:137)
01-01 22:30:41.261  1219  1234 D Error   : 	at izd.b(SourceFile:99)
01-01 22:30:41.261  1219  1234 D Error   : 	at aefd.c(SourceFile:571)
01-01 22:30:41.261  1219  1234 D Error   : 	at aefd.a(SourceFile:181)
01-01 22:30:41.261  1219  1234 D Error   : 	at aefe.b(SourceFile:93)
01-01 22:30:41.261  1219  1234 D Error   : 	at qmd.a(SourceFile:74)
01-01 22:30:41.261  1219  1234 D Error   : 	at qjf.a(SourceFile:1278)
01-01 22:30:41.261  1219  1234 D Error   : 	at rah.b(SourceFile:104)
01-01 22:30:41.261  1219  1234 D Error   : 	at rah.a(SourceFile:72)
01-01 22:30:41.261  1219  1234 D Error   : 	at rai.a(SourceFile:2052)
01-01 22:30:41.261  1219  1234 D Error   : 	at rap.c(SourceFile:205)
01-01 22:30:41.261  1219  1234 D Error   : 	at qzo.onTransact(SourceFile:150)
01-01 22:30:41.261  1219  1234 D Error   : 	at android.os.Binder.execTransact(Binder.java:453)
01-01 22:30:41.261  1219  1234 D Error   : # via Binder call with stack:
01-01 22:30:41.261  1219  1234 D Error   : android.os.StrictMode$LogStackTrace
01-01 22:30:41.261  1219  1234 D Error   : 	at android.os.StrictMode.readAndHandleBinderCallViolations(StrictMode.java:1911)
01-01 22:30:41.261  1219  1234 D Error   : 	at android.os.Parcel.readExceptionCode(Parcel.java:1601)
01-01 22:30:41.261  1219  1234 D Error   : 	at android.os.Parcel.readException(Parcel.java:1570)
01-01 22:30:41.261  1219  1234 D Error   : 	at joh.c(SourceFile:111)
01-01 22:30:41.261  1219  1234 D Error   : 	at ihg.equals(SourceFile:78)
01-01 22:30:41.261  1219  1234 D Error   : 	at izd.b(SourceFile:245)
01-01 22:30:41.261  1219  1234 D Error   : 	at izd.a(SourceFile:152)
01-01 22:30:41.261  1219  1234 D Error   : 	at izd.b(SourceFile:137)
01-01 22:30:41.261  1219  1234 D Error   : 	at izd.b(SourceFile:99)
01-01 22:30:41.261  1219  1234 D Error   : 	at aefd.c(SourceFile:571)
01-01 22:30:41.261  1219  1234 D Error   : 	at aefd.a(SourceFile:181)
01-01 22:30:41.261  1219  1234 D Error   : 	at aefe.b(SourceFile:93)
01-01 22:30:41.261  1219  1234 D Error   : 	at qmd.a(SourceFile:74)
01-01 22:30:41.261  1219  1234 D Error   : 	at qjf.a(SourceFile:1278)
01-01 22:30:41.261  1219  1234 D Error   : 	at rah.b(SourceFile:104)
01-01 22:30:41.261  1219  1234 D Error   : 	at rah.a(SourceFile:72)
01-01 22:30:41.261  1219  1234 D Error   : 	at rai.a(SourceFile:2052)
01-01 22:30:41.261  1219  1234 D Error   : 	at rap.c(SourceFile:205)
01-01 22:30:41.261  1219  1234 D Error   : 	at qzo.onTransact(SourceFile:150)
01-01 22:30:41.261  1219  1234 D Error   : 	at android.os.Binder.execTransact(Binder.java:453)
01-01 22:30:41.261  1219  1234 D Error   : # via Binder call with stack:
01-01 22:30:41.261  1219  1234 D Error   : android.os.StrictMode$LogStackTrace
01-01 22:30:41.261  1219  1234 D Error   : 	at android.os.StrictMode.readAndHandleBinderCallViolations(StrictMode.java:1911)
01-01 22:30:41.261  1219  1234 D Error   : 	at android.os.Parcel.readExceptionCode(Parcel.java:1601)
01-01 22:30:41.261  1219  1234 D Error   : 	at android.os.Parcel.readException(Parcel.java:1570)
01-01 22:30:41.261  1219  1234 D Error   : 	at joh.c(SourceFile:111)
01-01 22:30:41.261  1219  1234 D Error   : 	at ihg.equals(SourceFile:78)
01-01 22:30:41.261  1219  1234 D Error   : 	at izd.b(SourceFile:245)
01-01 22:30:41.261  1219  1234 D Error   : 	at izd.a(SourceFile:152)
01-01 22:30:41.261  1219  1234 D Error   : 	at izd.b(SourceFile:137)
01-01 22:30:41.261  1219  1234 D Error   : 	at izd.b(SourceFile:99)
01-01 22:30:41.261  1219  1234 D Error   : 	at aefd.c(SourceFile:571)
01-01 22:30:41.261  1219  1234 D Error   : 	at aefd.a(SourceFile:181)
01-01 22:30:41.261  1219  1234 D Error   : 	at aefe.b(SourceFile:93)
01-01 22:30:41.261  1219  1234 D Error   : 	at qmd.a(SourceFile:74)
01-01 22:30:41.261  1219  1234 D Error   : 	at qjf.a(SourceFile:1278)
01-01 22:30:41.261  1219  1234 D Error   : 	at rah.b(SourceFile:104)
01-01 22:30:41.261  1219  1234 D Error   : 	at rah.a(Sour
01-01 22:30:41.261  1219  1234 D Error   : ERR: TOTAL BYTES WRITTEN: 20632
01-01 22:30:41.261  1219  1234 D StrictMode: Wrote violation #0 of 1: 20676 bytes
01-01 22:30:41.262  1845  1845 I bt_bluedroid: get_profile_interface health
01-01 22:30:41.262  1219  1234 D Error   : ERR: exClass=android.os.StrictMode$StrictModeDiskReadViolation
01-01 22:30:41.262  1219  1234 D Error   : ERR: exMsg=policy=6815751 violation=2
01-01 22:30:41.262  1219  1234 D Error   : ERR: file=StrictMode.java
01-01 22:30:41.262  1219  1234 D Error   : ERR: class=android.os.StrictMode$AndroidBlockGuardPolicy
01-01 22:30:41.263  1219  1234 D Error   : ERR: method=onReadFromDisk line=1263
01-01 22:30:41.263  1845  1845 I BluetoothPanServiceJni: classInitNative(L105): succeeds
01-01 22:30:41.263  1219  1234 D Error   : ERR: stack=android.os.StrictMode$StrictModeDiskReadViolation: policy=6815751 violation=2
01-01 22:30:41.263  1219  1234 D Error   : 	at android.os.StrictMode$AndroidBlockGuardPolicy.onReadFromDisk(StrictMode.java:1263)
01-01 22:30:41.263  1219  1234 D Error   : 	at android.app.SharedPreferencesImpl.awaitLoadedLocked(SharedPreferencesImpl.java:203)
01-01 22:30:41.263  1219  1234 D Error   : 	at android.app.SharedPreferencesImpl.getString(SharedPreferencesImpl.java:224)
01-01 22:30:41.263  1219  1234 D Error   : 	at rah.a(SourceFile:60)
01-01 22:30:41.263  1219  1234 D Error   : 	at rai.a(SourceFile:2052)
01-01 22:30:41.263  1219  1234 D Error   : 	at rap.c(SourceFile:205)
01-01 22:30:41.263  1219  1234 D Error   : 	at qzo.onTransact(SourceFile:150)
01-01 22:30:41.263  1219  1234 D Error   : 	at android.os.Binder.execTransact(Binder.java:453)
01-01 22:30:41.263  1219  1234 D Error   : # via Binder call with stack:
01-01 22:30:41.263  1219  1234 D Error   : android.os.StrictMode$LogStackTrace
01-01 22:30:41.263  1219  1234 D Error   : 	at android.os.StrictMode.readAndHandleBinderCallViolations(StrictMode.java:1911)
01-01 22:30:41.263  1219  1234 D Error   : 	at android.os.Parcel.readExceptionCode(Parcel.java:1601)
01-01 22:30:41.263  1219  1234 D Error   : 	at android.os.Parcel.readException(Parcel.java:1570)
01-01 22:30:41.263  1219  1234 D Error   : 	at joh.c(SourceFile:111)
01-01 22:30:41.263  1219  1234 D Error   : 	at ihg.equals(SourceFile:78)
01-01 22:30:41.263  1219  1234 D Error   : 	at izd.b(SourceFile:245)
01-01 22:30:41.263  1219  1234 D Error   : 	at izd.a(SourceFile:152)
01-01 22:30:41.263  1219  1234 D Error   : 	at izd.b(SourceFile:137)
01-01 22:30:41.263  1219  1234 D Error   : 	at izd.b(SourceFile:99)
01-01 22:30:41.263  1219  1234 D Error   : 	at aefd.c(SourceFile:571)
01-01 22:30:41.263  1219  1234 D Error   : 	at aefd.a(SourceFile:181)
01-01 22:30:41.263  1219  1234 D Error   : 	at aefe.b(SourceFile:93)
01-01 22:30:41.263  1219  1234 D Error   : 	at qmd.a(SourceFile:74)
01-01 22:30:41.263  1219  1234 D Error   : 	at qjf.a(SourceFile:1278)
01-01 22:30:41.263  1219  1234 D Error   : 	at rah.b(SourceFile:104)
01-01 22:30:41.263  1219  1234 D Error   : 	at rah.a(SourceFile:72)
01-01 22:30:41.263  1219  1234 D Error   : 	at rai.a(SourceFile:2052)
01-01 22:30:41.263  1219  1234 D Error   : 	at rap.c(SourceFile:205)
01-01 22:30:41.263  1219  1234 D Error   : 	at qzo.onTransact(SourceFile:150)
01-01 22:30:41.263  1219  1234 D Error   : 	at android.os.Binder.execTransact(Binder.java:453)
01-01 22:30:41.263  1219  1234 D Error   : # via Binder call with stack:
01-01 22:30:41.263  1219  1234 D Error   : android.os.StrictMode$LogStackTrace
01-01 22:30:41.263  1219  1234 D Error   : 	at android.os.StrictMode.readAndHandleBinderCallViolations(StrictMode.java:1911)
01-01 22:30:41.263  1219  1234 D Error   : 	at android.os.Parcel.readExceptionCode(Parcel.java:1601)
01-01 22:30:41.263  1219  1234 D Error   : 	at android.os.Parcel.readException(Parcel.java:1570)
01-01 22:30:41.263  1219  1234 D Error   : 	at joh.c(SourceFile:111)
01-01 22:30:41.263  1219  1234 D Error   : 	at ihg.equals(SourceFile:78)
01-01 22:30:41.263  1219  1234 D Error   : 	at izd.b(SourceFile:245)
01-01 22:30:41.263  1219  1234 D Error   : 	at izd.a(SourceFile:152)
01-01 22:30:41.263  1219  1234 D Error   : 	at izd.b(SourceFile:137)
01-01 22:30:41.263  1219  1234 D Error   : 	at izd.b(SourceFile:99)
01-01 22:30:41.263  1219  1234 D Error   : 	at aefd.c(SourceFile:571)
01-01 22:30:41.263  1219  1234 D Error   : 	at aefd.a(SourceFile:181)
01-01 22:30:41.263  1219  1234 D Error   : 	at aefe.b(SourceFile:93)
01-01 22:30:41.263  1219  1234 D Error   : 	at qmd.a(SourceFile:74)
01-01 22:30:41.263  1219  1234 D Error   : 	at qjf.a(SourceFile:1278)
01-01 22:30:41.263  1219  1234 D Error   : 	at rah.b(SourceFile:104)
01-01 22:30:41.263  1219  1234 D Error   : 	at rah.a(SourceFile:72)
01-01 22:30:41.263  1219  1234 D Error   : 	at rai.a(SourceFile:2052)
01-01 22:30:41.263  1219  1234 D Error   : 	at rap.c(SourceFile:205)
01-01 22:30:41.263  1219  1234 D Error   : 	at qzo.onTransact(SourceFile:150)
01-01 22:30:41.263  1219  1234 D Error   : 	at android.os.Binder.execTransact(Binder.java:453)
01-01 22:30:41.263  1219  1234 D Error   : # via Binder call with stack:
01-01 22:30:41.263  1219  1234 D Error   : android.os.StrictMode$LogStackTrace
01-01 22:30:41.263  1219  1234 D Error   : 	at android.os.StrictMode.readAndHandleBinderCallViolations(StrictMode.java:1911)
01-01 22:30:41.263  1219  1234 D Error   : 	at android.os.Parcel.readExceptionCode(Parcel.java:1601)
01-01 22:30:41.263  1219  1234 D Error   : 	at android.os.Parcel.readException(Parcel.java:1570)
01-01 22:30:41.263  1219  1234 D Error   : 	at joh.c(SourceFile:111)
01-01 22:30:41.263  1219  1234 D Error   : 	at ihg.equals(SourceFile:78)
01-01 22:30:41.263  1219  1234 D Error   : 	at izd.b(SourceFile:245)
01-01 22:30:41.263  1219  1234 D Error   : 	at izd.a(SourceFile:152)
01-01 22:30:41.263  1219  1234 D Error   : 	at izd.b(SourceFile:137)
01-01 22:30:41.263  1219  1234 D Error   : 	at izd.b(SourceFile:99)
01-01 22:30:41.263  1219  1234 D Error   : 	at aefd.c(SourceFile:571)
01-01 22:30:41.263  1219  1234 D Error   : 	at aefd.a(SourceFile:181)
01-01 22:30:41.263  1219  1234 D Error   : 	at aefe.b(SourceFile:93)
01-01 22:30:41.263  1219  1234 D Error   : 	at qmd.a(SourceFile:74)
01-01 22:30:41.263  1219  1234 D Error   : 	at qjf.a(SourceFile:1278)
01-01 22:30:41.263  1219  1234 D Error   : 	at rah.b(SourceFile:104)
01-01 22:30:41.263  1219  1234 D Error   : 	at rah.a(SourceFile:72)
01-01 22:30:41.263  1219  1234 D Error   : 	at rai.a(SourceFile:2052)
01-01 22:30:41.263  1219  1234 D Error   : 	at rap.c(SourceFile:205)
01-01 22:30:41.263  1219  1234 D Error   : 	at qzo.onTransact(SourceFile:150)
01-01 22:30:41.263  1219  1234 D Error   : 	at android.os.Binder.execTransact(Binder.java:453)
01-01 22:30:41.263  1219  1234 D Error   : # via Binder call with stack:
01-01 22:30:41.263  1219  1234 D Error   : android.os.StrictMode$LogStackTrace
01-01 22:30:41.263  1219  1234 D Error   : 	at android.os.StrictMode.readAndHandleBinderCallViolations(StrictMode.java:1911)
01-01 22:30:41.263  1219  1234 D Error   : 	at android.os.Parcel.readExceptionCode(Parcel.java:1601)
01-01 22:30:41.263  1219  1234 D Error   : 	at android.os.Parcel.readException(Parcel.java:1570)
01-01 22:30:41.263  1219  1234 D Error   : 	at joh.c(SourceFile:111)
01-01 22:30:41.263  1219  1234 D Error   : 	at ihg.equals(SourceFile:78)
01-01 22:30:41.263  1219  1234 D Error   : 	at izd.b(SourceFile:245)
01-01 22:30:41.263  1219  1234 D Error   : 	at izd.a(SourceFile:152)
01-01 22:30:41.263  1219  1234 D Error   : 	at izd.b(SourceFile:137)
01-01 22:30:41.263  1219  1234 D Error   : 	at izd.b(SourceFile:99)
01-01 22:30:41.263  1219  1234 D Error   : 	at aefd.c(SourceFile:571)
01-01 22:30:41.263  1219  1234 D Error   : 	at aefd.a(SourceFile:181)
01-01 22:30:41.263  1219  1234 D Error   : 	at aefe.b(SourceFile:93)
01-01 22:30:41.263  1219  1234 D Error   : 	at qmd.a(SourceFile:74)
01-01 22:30:41.263  1219  1234 D Error   : 	at qjf.a(SourceFile:1278)
01-01 22:30:41.263  1219  1234 D Error   : 	at rah.b(SourceFile:104)
01-01 22:30:41.263  1219  1234 D Error   : 	at rah.a(SourceFile:72)
01-01 22:30:41.263  1219  1234 D Error   : 	at rai.a(SourceFile:2052)
01-01 22:30:41.263  1219  1234 D Error   : 	at rap.c(SourceFile:205)
01-01 22:30:41.263  1219  1234 D Error   : 	at qzo.onTransact(SourceFile:150)
01-01 22:30:41.263  1219  1234 D Error   : 	at android.os.Binder.execTransact(Binder.java:453)
01-01 22:30:41.263  1219  1234 D Error   : # via Binder call with stack:
01-01 22:30:41.263  1219  1234 D Error   : android.os.StrictMode$LogStackTrace
01-01 22:30:41.263  1219  1234 D Error   : 	at android.os.StrictMode.readAndHandleBinderCallViolations(StrictMode.java:1911)
01-01 22:30:41.263  1219  1234 D Error   : 	at android.os.Parcel.readExceptionCode(Parcel.java:1601)
01-01 22:30:41.263  1219  1234 D Error   : 	at android.os.Parcel.readException(Parcel.java:1570)
01-01 22:30:41.263  1219  1234 D Error   : 	at joh.c(SourceFile:111)
01-01 22:30:41.263  1219  1234 D Error   : 	at ihg.equals(SourceFile:78)
01-01 22:30:41.263  1219  1234 D Error   : 	at izd.b(SourceFile:245)
01-01 22:30:41.263  1219  1234 D Error   : 	at izd.a(SourceFile:152)
01-01 22:30:41.263  1219  1234 D Error   : 	at izd.b(SourceFile:137)
01-01 22:30:41.263  1219  1234 D Error   : 	at izd.b(SourceFile:99)
01-01 22:30:41.263  1219  1234 D Error   : 	at aefd.c(SourceFile:571)
01-01 22:30:41.263  1219  1234 D Error   : 	at aefd.a(SourceFile:181)
01-01 22:30:41.263  1219  1234 D Error   : 	at aefe.b(SourceFile:93)
01-01 22:30:41.263  1219  1234 D Error   : 	at qmd.a(SourceFile:74)
01-01 22:30:41.263  1219  1234 D Error   : 	at qjf.a(SourceFile:1278)
01-01 22:30:41.263  1219  1234 D Error   : 	at rah.b(SourceFile:104)
01-01 22:30:41.263  1219  1234 D Error   : 	at rah.a(Sour
01-01 22:30:41.263  1219  1234 D Error   : ERR: TOTAL BYTES WRITTEN: 22116
01-01 22:30:41.263  1219  1234 D StrictMode: Wrote violation #0 of 1: 22160 bytes
01-01 22:30:41.264  1845  1845 D BluetoothAdapterService: getAdapterService() - returning com.android.bluetooth.btservice.AdapterService@d7f3250
01-01 22:30:41.266  1845  1845 D PanService: Received start request. Starting profile...
01-01 22:30:41.267   869   869 D BluetoothPan: BluetoothPAN Proxy object connected
01-01 22:30:41.267  1845  1845 D BluetoothPanServiceJni: initializeNative(L110): pan
01-01 22:30:41.267  1845  1845 I bt_bluedroid: get_profile_interface pan
01-01 22:30:41.268  1845  1915 D BluetoothPanServiceJni: control_state_callback(L61): state:0, local_role:3, ifname:bt-pan
01-01 22:30:41.270   869   869 D PanProfile: Bluetooth service connected
01-01 22:30:41.270  1219  1234 D Error   : ERR: exClass=android.os.StrictMode$StrictModeDiskReadViolation
01-01 22:30:41.270  1219  1234 D Error   : ERR: exMsg=policy=6815751 violation=2
01-01 22:30:41.271  1219  1234 D Error   : ERR: file=StrictMode.java
01-01 22:30:41.271  1219  1234 D Error   : ERR: class=android.os.StrictMode$AndroidBlockGuardPolicy
01-01 22:30:41.271  1219  1234 D Error   : ERR: method=onReadFromDisk line=1263
01-01 22:30:41.272  1219  1234 D Error   : ERR: stack=android.os.StrictMode$StrictModeDiskReadViolation: policy=6815751 violation=2
01-01 22:30:41.272  1219  1234 D Error   : 	at android.os.StrictMode$AndroidBlockGuardPolicy.onReadFromDisk(StrictMode.java:1263)
01-01 22:30:41.272  1219  1234 D Error   : 	at android.app.SharedPreferencesImpl.awaitLoadedLocked(SharedPreferencesImpl.java:203)
01-01 22:30:41.272  1219  1234 D Error   : 	at android.app.SharedPreferencesImpl.getString(SharedPreferencesImpl.java:224)
01-01 22:30:41.272  1219  1234 D Error   : 	at rah.a(SourceFile:60)
01-01 22:30:41.272  1219  1234 D Error   : 	at rai.a(SourceFile:2052)
01-01 22:30:41.272  1219  1234 D Error   : 	at rap.c(SourceFile:205)
01-01 22:30:41.272  1219  1234 D Error   : 	at qzo.onTransact(SourceFile:150)
01-01 22:30:41.272  1219  1234 D Error   : 	at android.os.Binder.execTransact(Binder.java:453)
01-01 22:30:41.272  1219  1234 D Error   : # via Binder call with stack:
01-01 22:30:41.272  1219  1234 D Error   : android.os.StrictMode$LogStackTrace
01-01 22:30:41.272  1219  1234 D Error   : 	at android.os.StrictMode.readAndHandleBinderCallViolations(StrictMode.java:1911)
01-01 22:30:41.272  1219  1234 D Error   : 	at android.os.Parcel.readExceptionCode(Parcel.java:1601)
01-01 22:30:41.272  1219  1234 D Error   : 	at android.os.Parcel.readException(Parcel.java:1570)
01-01 22:30:41.272  1219  1234 D Error   : 	at joh.c(SourceFile:111)
01-01 22:30:41.272  1219  1234 D Error   : 	at ihg.equals(SourceFile:78)
01-01 22:30:41.272  1219  1234 D Error   : 	at izd.b(SourceFile:245)
01-01 22:30:41.272  1219  1234 D Error   : 	at izd.a(SourceFile:152)
01-01 22:30:41.272  1219  1234 D Error   : 	at izd.b(SourceFile:137)
01-01 22:30:41.272  1219  1234 D Error   : 	at izd.b(SourceFile:99)
01-01 22:30:41.272  1219  1234 D Error   : 	at aefd.c(SourceFile:571)
01-01 22:30:41.272  1219  1234 D Error   : 	at aefd.a(SourceFile:181)
01-01 22:30:41.272  1219  1234 D Error   : 	at aefe.b(SourceFile:93)
01-01 22:30:41.272  1219  1234 D Error   : 	at qmd.a(SourceFile:74)
01-01 22:30:41.272  1219  1234 D Error   : 	at qjf.a(SourceFile:1278)
01-01 22:30:41.272  1219  1234 D Error   : 	at rah.b(SourceFile:104)
01-01 22:30:41.272  1219  1234 D Error   : 	at rah.a(SourceFile:72)
01-01 22:30:41.272  1219  1234 D Error   : 	at rai.a(SourceFile:2052)
01-01 22:30:41.272  1219  1234 D Error   : 	at rap.c(SourceFile:205)
01-01 22:30:41.272  1219  1234 D Error   : 	at qzo.onTransact(SourceFile:150)
01-01 22:30:41.272  1219  1234 D Error   : 	at android.os.Binder.execTransact(Binder.java:453)
01-01 22:30:41.272  1219  1234 D Error   : # via Binder call with stack:
01-01 22:30:41.272  1219  1234 D Error   : android.os.StrictMode$LogStackTrace
01-01 22:30:41.272  1219  1234 D Error   : 	at android.os.StrictMode.readAndHandleBinderCallViolations(StrictMode.java:1911)
01-01 22:30:41.272  1219  1234 D Error   : 	at android.os.Parcel.readExceptionCode(Parcel.java:1601)
01-01 22:30:41.272  1219  1234 D Error   : 	at android.os.Parcel.readException(Parcel.java:1570)
01-01 22:30:41.272  1219  1234 D Error   : 	at joh.c(SourceFile:111)
01-01 22:30:41.272  1219  1234 D Error   : 	at ihg.equals(SourceFile:78)
01-01 22:30:41.272  1219  1234 D Error   : 	at izd.b(SourceFile:245)
01-01 22:30:41.272  1219  1234 D Error   : 	at izd.a(SourceFile:152)
01-01 22:30:41.272  1219  1234 D Error   : 	at izd.b(SourceFile:137)
01-01 22:30:41.272  1219  1234 D Error   : 	at izd.b(SourceFile:99)
01-01 22:30:41.272  1219  1234 D Error   : 	at aefd.c(SourceFile:571)
01-01 22:30:41.272  1219  1234 D Error   : 	at aefd.a(SourceFile:181)
01-01 22:30:41.272  1219  1234 D Error   : 	at aefe.b(SourceFile:93)
01-01 22:30:41.272  1219  1234 D Error   : 	at qmd.a(SourceFile:74)
01-01 22:30:41.272  1219  1234 D Error   : 	at qjf.a(SourceFile:1278)
01-01 22:30:41.272  1219  1234 D Error   : 	at rah.b(SourceFile:104)
01-01 22:30:41.272  1219  1234 D Error   : 	at rah.a(SourceFile:72)
01-01 22:30:41.272  1219  1234 D Error   : 	at rai.a(SourceFile:2052)
01-01 22:30:41.272  1219  1234 D Error   : 	at rap.c(SourceFile:205)
01-01 22:30:41.272  1219  1234 D Error   : 	at qzo.onTransact(SourceFile:150)
01-01 22:30:41.272  1219  1234 D Error   : 	at android.os.Binder.execTransact(Binder.java:453)
01-01 22:30:41.272  1219  1234 D Error   : # via Binder call with stack:
01-01 22:30:41.272  1219  1234 D Error   : android.os.StrictMode$LogStackTrace
01-01 22:30:41.272  1219  1234 D Error   : 	at android.os.StrictMode.readAndHandleBinderCallViolations(StrictMode.java:1911)
01-01 22:30:41.272  1219  1234 D Error   : 	at android.os.Parcel.readExceptionCode(Parcel.java:1601)
01-01 22:30:41.272  1219  1234 D Error   : 	at android.os.Parcel.readException(Parcel.java:1570)
01-01 22:30:41.272  1219  1234 D Error   : 	at joh.c(SourceFile:111)
01-01 22:30:41.272  1219  1234 D Error   : 	at ihg.equals(SourceFile:78)
01-01 22:30:41.272  1219  1234 D Error   : 	at izd.b(SourceFile:245)
01-01 22:30:41.272  1219  1234 D Error   : 	at izd.a(SourceFile:152)
01-01 22:30:41.272  1219  1234 D Error   : 	at izd.b(SourceFile:137)
01-01 22:30:41.272  1219  1234 D Error   : 	at izd.b(SourceFile:99)
01-01 22:30:41.272  1219  1234 D Error   : 	at aefd.c(SourceFile:571)
01-01 22:30:41.272  1219  1234 D Error   : 	at aefd.a(SourceFile:181)
01-01 22:30:41.272  1219  1234 D Error   : 	at aefe.b(SourceFile:93)
01-01 22:30:41.272  1219  1234 D Error   : 	at qmd.a(SourceFile:74)
01-01 22:30:41.272  1219  1234 D Error   : 	at qjf.a(SourceFile:1278)
01-01 22:30:41.272  1219  1234 D Error   : 	at rah.b(SourceFile:104)
01-01 22:30:41.272  1219  1234 D Error   : 	at rah.a(SourceFile:72)
01-01 22:30:41.272  1219  1234 D Error   : 	at rai.a(SourceFile:2052)
01-01 22:30:41.272  1219  1234 D Error   : 	at rap.c(SourceFile:205)
01-01 22:30:41.272  1219  1234 D Error   : 	at qzo.onTransact(SourceFile:150)
01-01 22:30:41.272  1219  1234 D Error   : 	at android.os.Binder.execTransact(Binder.java:453)
01-01 22:30:41.272  1219  1234 D Error   : # via Binder call with stack:
01-01 22:30:41.272  1219  1234 D Error   : android.os.StrictMode$LogStackTrace
01-01 22:30:41.272  1219  1234 D Error   : 	at android.os.StrictMode.readAndHandleBinderCallViolations(StrictMode.java:1911)
01-01 22:30:41.272  1219  1234 D Error   : 	at android.os.Parcel.readExceptionCode(Parcel.java:1601)
01-01 22:30:41.272  1219  1234 D Error   : 	at android.os.Parcel.readException(Parcel.java:1570)
01-01 22:30:41.272  1219  1234 D Error   : 	at joh.c(SourceFile:111)
01-01 22:30:41.272  1219  1234 D Error   : 	at ihg.equals(SourceFile:78)
01-01 22:30:41.272  1219  1234 D Error   : 	at izd.b(SourceFile:245)
01-01 22:30:41.272  1219  1234 D Error   : 	at izd.a(SourceFile:152)
01-01 22:30:41.272  1219  1234 D Error   : 	at izd.b(SourceFile:137)
01-01 22:30:41.272  1219  1234 D Error   : 	at izd.b(SourceFile:99)
01-01 22:30:41.272  1219  1234 D Error   : 	at aefd.c(SourceFile:571)
01-01 22:30:41.272  1219  1234 D Error   : 	at aefd.a(SourceFile:181)
01-01 22:30:41.272  1219  1234 D Error   : 	at aefe.b(SourceFile:93)
01-01 22:30:41.272  1219  1234 D Error   : 	at qmd.a(SourceFile:74)
01-01 22:30:41.272  1219  1234 D Error   : 	at qjf.a(SourceFile:1278)
01-01 22:30:41.272  1219  1234 D Error   : 	at rah.b(SourceFile:104)
01-01 22:30:41.272  1219  1234 D Error   : 	at rah.a(SourceFile:72)
01-01 22:30:41.272  1219  1234 D Error   : 	at rai.a(SourceFile:2052)
01-01 22:30:41.272  1219  1234 D Error   : 	at rap.c(SourceFile:205)
01-01 22:30:41.272  1219  1234 D Error   : 	at qzo.onTransact(SourceFile:150)
01-01 22:30:41.272  1219  1234 D Error   : 	at android.os.Binder.execTransact(Binder.java:453)
01-01 22:30:41.272  1219  1234 D Error   : # via Binder call with stack:
01-01 22:30:41.272  1219  1234 D Error   : android.os.StrictMode$LogStackTrace
01-01 22:30:41.272  1219  1234 D Error   : 	at android.os.StrictMode.readAndHandleBinderCallViolations(StrictMode.java:1911)
01-01 22:30:41.272  1219  1234 D Error   : 	at android.os.Parcel.readExceptionCode(Parcel.java:1601)
01-01 22:30:41.272  1219  1234 D Error   : 	at android.os.Parcel.readException(Parcel.java:1570)
01-01 22:30:41.272  1219  1234 D Error   : 	at joh.c(SourceFile:111)
01-01 22:30:41.272  1219  1234 D Error   : 	at ihg.equals(SourceFile:78)
01-01 22:30:41.272  1219  1234 D Error   : 	at izd.b(SourceFile:245)
01-01 22:30:41.272  1219  1234 D Error   : 	at izd.a(SourceFile:152)
01-01 22:30:41.272  1219  1234 D Error   : 	at izd.b(SourceFile:137)
01-01 22:30:41.272  1219  1234 D Error   : 	at izd.b(SourceFile:99)
01-01 22:30:41.272  1219  1234 D Error   : 	at aefd.c(SourceFile:571)
01-01 22:30:41.272  1219  1234 D Error   : 	at aefd.a(SourceFile:181)
01-01 22:30:41.272  1219  1234 D Error   : 	at aefe.b(SourceFile:93)
01-01 22:30:41.272  1219  1234 D Error   : 	at qmd.a(SourceFile:74)
01-01 22:30:41.272  1219  1234 D Error   : 	at qjf.a(SourceFile:1278)
01-01 22:30:41.272  1219  1234 D Error   : 	at rah.b(SourceFile:104)
01-01 22:30:41.272  1219  1234 D Error   : 	at rah.a(Sour
01-01 22:30:41.272  1219  1234 D Error   : ERR: TOTAL BYTES WRITTEN: 23600
01-01 22:30:41.272  1219  1234 D StrictMode: Wrote violation #0 of 1: 23644 bytes
01-01 22:30:41.274  1219  1234 D Error   : ERR: exClass=android.os.StrictMode$StrictModeDiskReadViolation
01-01 22:30:41.274  1219  1234 D Error   : ERR: exMsg=policy=6815751 violation=2
01-01 22:30:41.274  1219  1234 D Error   : ERR: file=StrictMode.java
01-01 22:30:41.274  1219  1234 D Error   : ERR: class=android.os.StrictMode$AndroidBlockGuardPolicy
01-01 22:30:41.274  1219  1234 D Error   : ERR: method=onReadFromDisk line=1263
01-01 22:30:41.274  1219  1234 D Error   : ERR: stack=android.os.StrictMode$StrictModeDiskReadViolation: policy=6815751 violation=2
01-01 22:30:41.274  1219  1234 D Error   : 	at android.os.StrictMode$AndroidBlockGuardPolicy.onReadFromDisk(StrictMode.java:1263)
01-01 22:30:41.274  1219  1234 D Error   : 	at android.app.SharedPreferencesImpl.awaitLoadedLocked(SharedPreferencesImpl.java:203)
01-01 22:30:41.274  1219  1234 D Error   : 	at android.app.SharedPreferencesImpl.getString(SharedPreferencesImpl.java:224)
01-01 22:30:41.274  1219  1234 D Error   : 	at rah.a(SourceFile:60)
01-01 22:30:41.274  1219  1234 D Error   : 	at rai.a(SourceFile:2052)
01-01 22:30:41.274  1219  1234 D Error   : 	at rap.c(SourceFile:205)
01-01 22:30:41.274  1219  1234 D Error   : 	at qzo.onTransact(SourceFile:150)
01-01 22:30:41.274  1219  1234 D Error   : 	at android.os.Binder.execTransact(Binder.java:453)
01-01 22:30:41.274  1219  1234 D Error   : # via Binder call with stack:
01-01 22:30:41.274  1219  1234 D Error   : android.os.StrictMode$LogStackTrace
01-01 22:30:41.274  1219  1234 D Error   : 	at android.os.StrictMode.readAndHandleBinderCallViolations(StrictMode.java:1911)
01-01 22:30:41.274  1219  1234 D Error   : 	at android.os.Parcel.readExceptionCode(Parcel.java:1601)
01-01 22:30:41.274  1219  1234 D Error   : 	at android.os.Parcel.readException(Parcel.java:1570)
01-01 22:30:41.274  1219  1234 D Error   : 	at joh.c(SourceFile:111)
01-01 22:30:41.274  1219  1234 D Error   : 	at ihg.equals(SourceFile:78)
01-01 22:30:41.274  1219  1234 D Error   : 	at izd.b(SourceFile:245)
01-01 22:30:41.274  1219  1234 D Error   : 	at izd.a(SourceFile:152)
01-01 22:30:41.274  1219  1234 D Error   : 	at izd.b(SourceFile:137)
01-01 22:30:41.274  1219  1234 D Error   : 	at izd.b(SourceFile:99)
01-01 22:30:41.274  1219  1234 D Error   : 	at aefd.c(SourceFile:571)
01-01 22:30:41.274  1219  1234 D Error   : 	at aefd.a(SourceFile:181)
01-01 22:30:41.274  1219  1234 D Error   : 	at aefe.b(SourceFile:93)
01-01 22:30:41.274  1219  1234 D Error   : 	at qmd.a(SourceFile:74)
01-01 22:30:41.274  1219  1234 D Error   : 	at qjf.a(SourceFile:1278)
01-01 22:30:41.274  1219  1234 D Error   : 	at rah.b(SourceFile:104)
01-01 22:30:41.274  1219  1234 D Error   : 	at rah.a(SourceFile:72)
01-01 22:30:41.274  1219  1234 D Error   : 	at rai.a(SourceFile:2052)
01-01 22:30:41.274  1219  1234 D Error   : 	at rap.c(SourceFile:205)
01-01 22:30:41.274  1219  1234 D Error   : 	at qzo.onTransact(SourceFile:150)
01-01 22:30:41.274  1219  1234 D Error   : 	at android.os.Binder.execTransact(Binder.java:453)
01-01 22:30:41.274  1219  1234 D Error   : # via Binder call with stack:
01-01 22:30:41.274  1219  1234 D Error   : android.os.StrictMode$LogStackTrace
01-01 22:30:41.274  1219  1234 D Error   : 	at android.os.StrictMode.readAndHandleBinderCallViolations(StrictMode.java:1911)
01-01 22:30:41.274  1219  1234 D Error   : 	at android.os.Parcel.readExceptionCode(Parcel.java:1601)
01-01 22:30:41.274  1219  1234 D Error   : 	at android.os.Parcel.readException(Parcel.java:1570)
01-01 22:30:41.274  1219  1234 D Error   : 	at joh.c(SourceFile:111)
01-01 22:30:41.274  1219  1234 D Error   : 	at ihg.equals(SourceFile:78)
01-01 22:30:41.274  1219  1234 D Error   : 	at izd.b(SourceFile:245)
01-01 22:30:41.274  1219  1234 D Error   : 	at izd.a(SourceFile:152)
01-01 22:30:41.274  1219  1234 D Error   : 	at izd.b(SourceFile:137)
01-01 22:30:41.274  1219  1234 D Error   : 	at izd.b(SourceFile:99)
01-01 22:30:41.274  1219  1234 D Error   : 	at aefd.c(SourceFile:571)
01-01 22:30:41.274  1219  1234 D Error   : 	at aefd.a(SourceFile:181)
01-01 22:30:41.274  1219  1234 D Error   : 	at aefe.b(SourceFile:93)
01-01 22:30:41.274  1219  1234 D Error   : 	at qmd.a(SourceFile:74)
01-01 22:30:41.274  1219  1234 D Error   : 	at qjf.a(SourceFile:1278)
01-01 22:30:41.274  1219  1234 D Error   : 	at rah.b(SourceFile:104)
01-01 22:30:41.274  1219  1234 D Error   : 	at rah.a(SourceFile:72)
01-01 22:30:41.274  1219  1234 D Error   : 	at rai.a(SourceFile:2052)
01-01 22:30:41.274  1219  1234 D Error   : 	at rap.c(SourceFile:205)
01-01 22:30:41.274  1219  1234 D Error   : 	at qzo.onTransact(SourceFile:150)
01-01 22:30:41.274  1219  1234 D Error   : 	at android.os.Binder.execTransact(Binder.java:453)
01-01 22:30:41.274  1219  1234 D Error   : # via Binder call with stack:
01-01 22:30:41.274  1219  1234 D Error   : android.os.StrictMode$LogStackTrace
01-01 22:30:41.274  1219  1234 D Error   : 	at android.os.StrictMode.readAndHandleBinderCallViolations(StrictMode.java:1911)
01-01 22:30:41.274  1219  1234 D Error   : 	at android.os.Parcel.readExceptionCode(Parcel.java:1601)
01-01 22:30:41.274  1219  1234 D Error   : 	at android.os.Parcel.readException(Parcel.java:1570)
01-01 22:30:41.274  1219  1234 D Error   : 	at joh.c(SourceFile:111)
01-01 22:30:41.274  1219  1234 D Error   : 	at ihg.equals(SourceFile:78)
01-01 22:30:41.274  1219  1234 D Error   : 	at izd.b(SourceFile:245)
01-01 22:30:41.274  1219  1234 D Error   : 	at izd.a(SourceFile:152)
01-01 22:30:41.274  1219  1234 D Error   : 	at izd.b(SourceFile:137)
01-01 22:30:41.274  1219  1234 D Error   : 	at izd.b(SourceFile:99)
01-01 22:30:41.274  1219  1234 D Error   : 	at aefd.c(SourceFile:571)
01-01 22:30:41.274  1219  1234 D Error   : 	at aefd.a(SourceFile:181)
01-01 22:30:41.274  1219  1234 D Error   : 	at aefe.b(SourceFile:93)
01-01 22:30:41.274  1219  1234 D Error   : 	at qmd.a(SourceFile:74)
01-01 22:30:41.274  1219  1234 D Error   : 	at qjf.a(SourceFile:1278)
01-01 22:30:41.274  1219  1234 D Error   : 	at rah.b(SourceFile:104)
01-01 22:30:41.274  1219  1234 D Error   : 	at rah.a(SourceFile:72)
01-01 22:30:41.274  1219  1234 D Error   : 	at rai.a(SourceFile:2052)
01-01 22:30:41.274  1219  1234 D Error   : 	at rap.c(SourceFile:205)
01-01 22:30:41.274  1219  1234 D Error   : 	at qzo.onTransact(SourceFile:150)
01-01 22:30:41.274  1219  1234 D Error   : 	at android.os.Binder.execTransact(Binder.java:453)
01-01 22:30:41.274  1219  1234 D Error   : # via Binder call with stack:
01-01 22:30:41.274  1219  1234 D Error   : android.os.StrictMode$LogStackTrace
01-01 22:30:41.274  1219  1234 D Error   : 	at android.os.StrictMode.readAndHandleBinderCallViolations(StrictMode.java:1911)
01-01 22:30:41.274  1219  1234 D Error   : 	at android.os.Parcel.readExceptionCode(Parcel.java:1601)
01-01 22:30:41.274  1219  1234 D Error   : 	at android.os.Parcel.readException(Parcel.java:1570)
01-01 22:30:41.274  1219  1234 D Error   : 	at joh.c(SourceFile:111)
01-01 22:30:41.274  1219  1234 D Error   : 	at ihg.equals(SourceFile:78)
01-01 22:30:41.274  1219  1234 D Error   : 	at izd.b(SourceFile:245)
01-01 22:30:41.274  1219  1234 D Error   : 	at izd.a(SourceFile:152)
01-01 22:30:41.274  1219  1234 D Error   : 	at izd.b(SourceFile:137)
01-01 22:30:41.274  1219  1234 D Error   : 	at izd.b(SourceFile:99)
01-01 22:30:41.274  1219  1234 D Error   : 	at aefd.c(SourceFile:571)
01-01 22:30:41.274  1219  1234 D Error   : 	at aefd.a(SourceFile:181)
01-01 22:30:41.274  1219  1234 D Error   : 	at aefe.b(SourceFile:93)
01-01 22:30:41.274  1219  1234 D Error   : 	at qmd.a(SourceFile:74)
01-01 22:30:41.274  1219  1234 D Error   : 	at qjf.a(SourceFile:1278)
01-01 22:30:41.274  1219  1234 D Error   : 	at rah.b(SourceFile:104)
01-01 22:30:41.274  1219  1234 D Error   : 	at rah.a(SourceFile:72)
01-01 22:30:41.274  1219  1234 D Error   : 	at rai.a(SourceFile:2052)
01-01 22:30:41.274  1219  1234 D Error   : 	at rap.c(SourceFile:205)
01-01 22:30:41.274  1219  1234 D Error   : 	at qzo.onTransact(SourceFile:150)
01-01 22:30:41.274  1219  1234 D Error   : 	at android.os.Binder.execTransact(Binder.java:453)
01-01 22:30:41.274  1219  1234 D Error   : # via Binder call with stack:
01-01 22:30:41.274  1219  1234 D Error   : android.os.StrictMode$LogStackTrace
01-01 22:30:41.274  1219  1234 D Error   : 	at android.os.StrictMode.readAndHandleBinderCallViolations(StrictMode.java:1911)
01-01 22:30:41.274  1219  1234 D Error   : 	at android.os.Parcel.readExceptionCode(Parcel.java:1601)
01-01 22:30:41.274  1219  1234 D Error   : 	at android.os.Parcel.readException(Parcel.java:1570)
01-01 22:30:41.274  1219  1234 D Error   : 	at joh.c(SourceFile:111)
01-01 22:30:41.274  1219  1234 D Error   : 	at ihg.equals(SourceFile:78)
01-01 22:30:41.274  1219  1234 D Error   : 	at izd.b(SourceFile:245)
01-01 22:30:41.274  1219  1234 D Error   : 	at izd.a(SourceFile:152)
01-01 22:30:41.274  1219  1234 D Error   : 	at izd.b(SourceFile:137)
01-01 22:30:41.274  1219  1234 D Error   : 	at izd.b(SourceFile:99)
01-01 22:30:41.274  1219  1234 D Error   : 	at aefd.c(SourceFile:571)
01-01 22:30:41.274  1219  1234 D Error   : 	at aefd.a(SourceFile:181)
01-01 22:30:41.274  1219  1234 D Error   : 	at aefe.b(SourceFile:93)
01-01 22:30:41.274  1219  1234 D Error   : 	at qmd.a(SourceFile:74)
01-01 22:30:41.274  1219  1234 D Error   : 	at qjf.a(SourceFile:1278)
01-01 22:30:41.274  1219  1234 D Error   : 	at rah.b(SourceFile:104)
01-01 22:30:41.274  1219  1234 D Error   : 	at rah.a(Sour
01-01 22:30:41.274  1219  1234 D Error   : ERR: TOTAL BYTES WRITTEN: 25084
01-01 22:30:41.274  1219  1234 D StrictMode: Wrote violation #0 of 1: 25128 bytes
01-01 22:30:41.275  1845  1845 D BluetoothAdapterService: getAdapterService() - returning com.android.bluetooth.btservice.AdapterService@d7f3250
01-01 22:30:41.276  1219  1234 D Error   : ERR: exClass=android.os.StrictMode$StrictModeDiskReadViolation
01-01 22:30:41.276  1219  1234 D Error   : ERR: exMsg=policy=6815751 violation=2
01-01 22:30:41.276  1219  1234 D Error   : ERR: file=StrictMode.java
01-01 22:30:41.276  1219  1234 D Error   : ERR: class=android.os.StrictMode$AndroidBlockGuardPolicy
01-01 22:30:41.276  1219  1234 D Error   : ERR: method=onReadFromDisk line=1263
01-01 22:30:41.277  1845  1845 D HeadsetClientService: Received start request. Starting profile...
01-01 22:30:41.277  1219  1234 D Error   : ERR: stack=android.os.StrictMode$StrictModeDiskReadViolation: policy=6815751 violation=2
01-01 22:30:41.277  1219  1234 D Error   : 	at android.os.StrictMode$AndroidBlockGuardPolicy.onReadFromDisk(StrictMode.java:1263)
01-01 22:30:41.277  1219  1234 D Error   : 	at android.app.SharedPreferencesImpl.awaitLoadedLocked(SharedPreferencesImpl.java:203)
01-01 22:30:41.277  1219  1234 D Error   : 	at android.app.SharedPreferencesImpl.getString(SharedPreferencesImpl.java:224)
01-01 22:30:41.277  1219  1234 D Error   : 	at rah.a(SourceFile:60)
01-01 22:30:41.277  1219  1234 D Error   : 	at rai.a(SourceFile:2052)
01-01 22:30:41.277  1219  1234 D Error   : 	at rap.c(SourceFile:205)
01-01 22:30:41.277  1219  1234 D Error   : 	at qzo.onTransact(SourceFile:150)
01-01 22:30:41.277  1219  1234 D Error   : 	at android.os.Binder.execTransact(Binder.java:453)
01-01 22:30:41.277  1219  1234 D Error   : # via Binder call with stack:
01-01 22:30:41.277  1219  1234 D Error   : android.os.StrictMode$LogStackTrace
01-01 22:30:41.277  1219  1234 D Error   : 	at android.os.StrictMode.readAndHandleBinderCallViolations(StrictMode.java:1911)
01-01 22:30:41.277  1219  1234 D Error   : 	at android.os.Parcel.readExceptionCode(Parcel.java:1601)
01-01 22:30:41.277  1219  1234 D Error   : 	at android.os.Parcel.readException(Parcel.java:1570)
01-01 22:30:41.277  1219  1234 D Error   : 	at joh.c(SourceFile:111)
01-01 22:30:41.277  1219  1234 D Error   : 	at ihg.equals(SourceFile:78)
01-01 22:30:41.277  1219  1234 D Error   : 	at izd.b(SourceFile:245)
01-01 22:30:41.277  1219  1234 D Error   : 	at izd.a(SourceFile:152)
01-01 22:30:41.277  1219  1234 D Error   : 	at izd.b(SourceFile:137)
01-01 22:30:41.277  1219  1234 D Error   : 	at izd.b(SourceFile:99)
01-01 22:30:41.277  1219  1234 D Error   : 	at aefd.c(SourceFile:571)
01-01 22:30:41.277  1219  1234 D Error   : 	at aefd.a(SourceFile:181)
01-01 22:30:41.277  1219  1234 D Error   : 	at aefe.b(SourceFile:93)
01-01 22:30:41.277  1219  1234 D Error   : 	at qmd.a(SourceFile:74)
01-01 22:30:41.277  1219  1234 D Error   : 	at qjf.a(SourceFile:1278)
01-01 22:30:41.277  1219  1234 D Error   : 	at rah.b(SourceFile:104)
01-01 22:30:41.277  1219  1234 D Error   : 	at rah.a(SourceFile:72)
01-01 22:30:41.277  1219  1234 D Error   : 	at rai.a(SourceFile:2052)
01-01 22:30:41.277  1219  1234 D Error   : 	at rap.c(SourceFile:205)
01-01 22:30:41.277  1219  1234 D Error   : 	at qzo.onTransact(SourceFile:150)
01-01 22:30:41.277  1219  1234 D Error   : 	at android.os.Binder.execTransact(Binder.java:453)
01-01 22:30:41.277  1219  1234 D Error   : # via Binder call with stack:
01-01 22:30:41.277  1219  1234 D Error   : android.os.StrictMode$LogStackTrace
01-01 22:30:41.277  1219  1234 D Error   : 	at android.os.StrictMode.readAndHandleBinderCallViolations(StrictMode.java:1911)
01-01 22:30:41.277  1219  1234 D Error   : 	at android.os.Parcel.readExceptionCode(Parcel.java:1601)
01-01 22:30:41.277  1219  1234 D Error   : 	at android.os.Parcel.readException(Parcel.java:1570)
01-01 22:30:41.277  1219  1234 D Error   : 	at joh.c(SourceFile:111)
01-01 22:30:41.277  1219  1234 D Error   : 	at ihg.equals(SourceFile:78)
01-01 22:30:41.277  1219  1234 D Error   : 	at izd.b(SourceFile:245)
01-01 22:30:41.277  1219  1234 D Error   : 	at izd.a(SourceFile:152)
01-01 22:30:41.277  1219  1234 D Error   : 	at izd.b(SourceFile:137)
01-01 22:30:41.277  1219  1234 D Error   : 	at izd.b(SourceFile:99)
01-01 22:30:41.277  1219  1234 D Error   : 	at aefd.c(SourceFile:571)
01-01 22:30:41.277  1219  1234 D Error   : 	at aefd.a(SourceFile:181)
01-01 22:30:41.277  1219  1234 D Error   : 	at aefe.b(SourceFile:93)
01-01 22:30:41.277  1219  1234 D Error   : 	at qmd.a(SourceFile:74)
01-01 22:30:41.277  1219  1234 D Error   : 	at qjf.a(SourceFile:1278)
01-01 22:30:41.277  1219  1234 D Error   : 	at rah.b(SourceFile:104)
01-01 22:30:41.277  1219  1234 D Error   : 	at rah.a(SourceFile:72)
01-01 22:30:41.277  1219  1234 D Error   : 	at rai.a(SourceFile:2052)
01-01 22:30:41.277  1219  1234 D Error   : 	at rap.c(SourceFile:205)
01-01 22:30:41.277  1219  1234 D Error   : 	at qzo.onTransact(SourceFile:150)
01-01 22:30:41.277  1219  1234 D Error   : 	at android.os.Binder.execTransact(Binder.java:453)
01-01 22:30:41.277  1219  1234 D Error   : # via Binder call with stack:
01-01 22:30:41.277  1219  1234 D Error   : android.os.StrictMode$LogStackTrace
01-01 22:30:41.277  1219  1234 D Error   : 	at android.os.StrictMode.readAndHandleBinderCallViolations(StrictMode.java:1911)
01-01 22:30:41.277  1219  1234 D Error   : 	at android.os.Parcel.readExceptionCode(Parcel.java:1601)
01-01 22:30:41.277  1219  1234 D Error   : 	at android.os.Parcel.readException(Parcel.java:1570)
01-01 22:30:41.277  1219  1234 D Error   : 	at joh.c(SourceFile:111)
01-01 22:30:41.277  1219  1234 D Error   : 	at ihg.equals(SourceFile:78)
01-01 22:30:41.277  1219  1234 D Error   : 	at izd.b(SourceFile:245)
01-01 22:30:41.277  1219  1234 D Error   : 	at izd.a(SourceFile:152)
01-01 22:30:41.277  1219  1234 D Error   : 	at izd.b(SourceFile:137)
01-01 22:30:41.277  1219  1234 D Error   : 	at izd.b(SourceFile:99)
01-01 22:30:41.277  1219  1234 D Error   : 	at aefd.c(SourceFile:571)
01-01 22:30:41.277  1219  1234 D Error   : 	at aefd.a(SourceFile:181)
01-01 22:30:41.277  1219  1234 D Error   : 	at aefe.b(SourceFile:93)
01-01 22:30:41.277  1219  1234 D Error   : 	at qmd.a(SourceFile:74)
01-01 22:30:41.277  1219  1234 D Error   : 	at qjf.a(SourceFile:1278)
01-01 22:30:41.277  1219  1234 D Error   : 	at rah.b(SourceFile:104)
01-01 22:30:41.277  1219  1234 D Error   : 	at rah.a(SourceFile:72)
01-01 22:30:41.277  1219  1234 D Error   : 	at rai.a(SourceFile:2052)
01-01 22:30:41.277  1219  1234 D Error   : 	at rap.c(SourceFile:205)
01-01 22:30:41.277  1219  1234 D Error   : 	at qzo.onTransact(SourceFile:150)
01-01 22:30:41.277  1219  1234 D Error   : 	at android.os.Binder.execTransact(Binder.java:453)
01-01 22:30:41.277  1219  1234 D Error   : # via Binder call with stack:
01-01 22:30:41.277  1219  1234 D Error   : android.os.StrictMode$LogStackTrace
01-01 22:30:41.277  1219  1234 D Error   : 	at android.os.StrictMode.readAndHandleBinderCallViolations(StrictMode.java:1911)
01-01 22:30:41.277  1219  1234 D Error   : 	at android.os.Parcel.readExceptionCode(Parcel.java:1601)
01-01 22:30:41.277  1219  1234 D Error   : 	at android.os.Parcel.readException(Parcel.java:1570)
01-01 22:30:41.277  1219  1234 D Error   : 	at joh.c(SourceFile:111)
01-01 22:30:41.277  1219  1234 D Error   : 	at ihg.equals(SourceFile:78)
01-01 22:30:41.277  1219  1234 D Error   : 	at izd.b(SourceFile:245)
01-01 22:30:41.277  1219  1234 D Error   : 	at izd.a(SourceFile:152)
01-01 22:30:41.277  1219  1234 D Error   : 	at izd.b(SourceFile:137)
01-01 22:30:41.277  1219  1234 D Error   : 	at izd.b(SourceFile:99)
01-01 22:30:41.277  1219  1234 D Error   : 	at aefd.c(SourceFile:571)
01-01 22:30:41.277  1219  1234 D Error   : 	at aefd.a(SourceFile:181)
01-01 22:30:41.277  1219  1234 D Error   : 	at aefe.b(SourceFile:93)
01-01 22:30:41.277  1219  1234 D Error   : 	at qmd.a(SourceFile:74)
01-01 22:30:41.277  1219  1234 D Error   : 	at qjf.a(SourceFile:1278)
01-01 22:30:41.277  1219  1234 D Error   : 	at rah.b(SourceFile:104)
01-01 22:30:41.277  1219  1234 D Error   : 	at rah.a(SourceFile:72)
01-01 22:30:41.277  1219  1234 D Error   : 	at rai.a(SourceFile:2052)
01-01 22:30:41.277  1219  1234 D Error   : 	at rap.c(SourceFile:205)
01-01 22:30:41.277  1219  1234 D Error   : 	at qzo.onTransact(SourceFile:150)
01-01 22:30:41.277  1219  1234 D Error   : 	at android.os.Binder.execTransact(Binder.java:453)
01-01 22:30:41.277  1219  1234 D Error   : # via Binder call with stack:
01-01 22:30:41.277  1219  1234 D Error   : android.os.StrictMode$LogStackTrace
01-01 22:30:41.277  1219  1234 D Error   : 	at android.os.StrictMode.readAndHandleBinderCallViolations(StrictMode.java:1911)
01-01 22:30:41.277  1219  1234 D Error   : 	at android.os.Parcel.readExceptionCode(Parcel.java:1601)
01-01 22:30:41.277  1219  1234 D Error   : 	at android.os.Parcel.readException(Parcel.java:1570)
01-01 22:30:41.277  1219  1234 D Error   : 	at joh.c(SourceFile:111)
01-01 22:30:41.277  1219  1234 D Error   : 	at ihg.equals(SourceFile:78)
01-01 22:30:41.277  1219  1234 D Error   : 	at izd.b(SourceFile:245)
01-01 22:30:41.277  1219  1234 D Error   : 	at izd.a(SourceFile:152)
01-01 22:30:41.277  1219  1234 D Error   : 	at izd.b(SourceFile:137)
01-01 22:30:41.277  1219  1234 D Error   : 	at izd.b(SourceFile:99)
01-01 22:30:41.277  1219  1234 D Error   : 	at aefd.c(SourceFile:571)
01-01 22:30:41.277  1219  1234 D Error   : 	at aefd.a(SourceFile:181)
01-01 22:30:41.277  1219  1234 D Error   : 	at aefe.b(SourceFile:93)
01-01 22:30:41.277  1219  1234 D Error   : 	at qmd.a(SourceFile:74)
01-01 22:30:41.277  1219  1234 D Error   : 	at qjf.a(SourceFile:1278)
01-01 22:30:41.277  1219  1234 D Error   : 	at rah.b(SourceFile:104)
01-01 22:30:41.277  1219  1234 D Error   : 	at rah.a(Sour
01-01 22:30:41.277  1219  1234 D Error   : ERR: TOTAL BYTES WRITTEN: 26568
01-01 22:30:41.277  1219  1234 D StrictMode: Wrote violation #0 of 1: 26612 bytes
01-01 22:30:41.278  1845  1845 I BluetoothHeadsetClientServiceJni: classInitNative succeeds
01-01 22:30:41.278  1845  1845 D HeadsetClientStateMachine: make
01-01 22:30:41.279  1219  1234 D Error   : ERR: exClass=android.os.StrictMode$StrictModeDiskReadViolation
01-01 22:30:41.279  1219  1234 D Error   : ERR: exMsg=policy=6815751 violation=2
01-01 22:30:41.279  1219  1234 D Error   : ERR: file=StrictMode.java
01-01 22:30:41.279  1219  1234 D Error   : ERR: class=android.os.StrictMode$AndroidBlockGuardPolicy
01-01 22:30:41.279  1219  1234 D Error   : ERR: method=onReadFromDisk line=1263
01-01 22:30:41.279  1219  1234 D Error   : ERR: stack=android.os.StrictMode$StrictModeDiskReadViolation: policy=6815751 violation=2
01-01 22:30:41.279  1219  1234 D Error   : 	at android.os.StrictMode$AndroidBlockGuardPolicy.onReadFromDisk(StrictMode.java:1263)
01-01 22:30:41.279  1219  1234 D Error   : 	at android.app.SharedPreferencesImpl.awaitLoadedLocked(SharedPreferencesImpl.java:203)
01-01 22:30:41.279  1219  1234 D Error   : 	at android.app.SharedPreferencesImpl.getString(SharedPreferencesImpl.java:224)
01-01 22:30:41.279  1219  1234 D Error   : 	at rah.a(SourceFile:60)
01-01 22:30:41.279  1219  1234 D Error   : 	at rai.a(SourceFile:2052)
01-01 22:30:41.279  1219  1234 D Error   : 	at rap.c(SourceFile:205)
01-01 22:30:41.279  1219  1234 D Error   : 	at qzo.onTransact(SourceFile:150)
01-01 22:30:41.279  1219  1234 D Error   : 	at android.os.Binder.execTransact(Binder.java:453)
01-01 22:30:41.279  1219  1234 D Error   : # via Binder call with stack:
01-01 22:30:41.279  1219  1234 D Error   : android.os.StrictMode$LogStackTrace
01-01 22:30:41.279  1219  1234 D Error   : 	at android.os.StrictMode.readAndHandleBinderCallViolations(StrictMode.java:1911)
01-01 22:30:41.279  1219  1234 D Error   : 	at android.os.Parcel.readExceptionCode(Parcel.java:1601)
01-01 22:30:41.279  1219  1234 D Error   : 	at android.os.Parcel.readException(Parcel.java:1570)
01-01 22:30:41.279  1219  1234 D Error   : 	at joh.c(SourceFile:111)
01-01 22:30:41.279  1219  1234 D Error   : 	at ihg.equals(SourceFile:78)
01-01 22:30:41.279  1219  1234 D Error   : 	at izd.b(SourceFile:245)
01-01 22:30:41.279  1219  1234 D Error   : 	at izd.a(SourceFile:152)
01-01 22:30:41.279  1219  1234 D Error   : 	at izd.b(SourceFile:137)
01-01 22:30:41.279  1219  1234 D Error   : 	at izd.b(SourceFile:99)
01-01 22:30:41.279  1219  1234 D Error   : 	at aefd.c(SourceFile:571)
01-01 22:30:41.279  1219  1234 D Error   : 	at aefd.a(SourceFile:181)
01-01 22:30:41.279  1219  1234 D Error   : 	at aefe.b(SourceFile:93)
01-01 22:30:41.279  1219  1234 D Error   : 	at qmd.a(SourceFile:74)
01-01 22:30:41.279  1219  1234 D Error   : 	at qjf.a(SourceFile:1278)
01-01 22:30:41.279  1219  1234 D Error   : 	at rah.b(SourceFile:104)
01-01 22:30:41.279  1219  1234 D Error   : 	at rah.a(SourceFile:72)
01-01 22:30:41.279  1219  1234 D Error   : 	at rai.a(SourceFile:2052)
01-01 22:30:41.279  1219  1234 D Error   : 	at rap.c(SourceFile:205)
01-01 22:30:41.279  1219  1234 D Error   : 	at qzo.onTransact(SourceFile:150)
01-01 22:30:41.279  1219  1234 D Error   : 	at android.os.Binder.execTransact(Binder.java:453)
01-01 22:30:41.279  1219  1234 D Error   : # via Binder call with stack:
01-01 22:30:41.279  1219  1234 D Error   : android.os.StrictMode$LogStackTrace
01-01 22:30:41.279  1219  1234 D Error   : 	at android.os.StrictMode.readAndHandleBinderCallViolations(StrictMode.java:1911)
01-01 22:30:41.279  1219  1234 D Error   : 	at android.os.Parcel.readExceptionCode(Parcel.java:1601)
01-01 22:30:41.279  1219  1234 D Error   : 	at android.os.Parcel.readException(Parcel.java:1570)
01-01 22:30:41.279  1219  1234 D Error   : 	at joh.c(SourceFile:111)
01-01 22:30:41.279  1219  1234 D Error   : 	at ihg.equals(SourceFile:78)
01-01 22:30:41.279  1219  1234 D Error   : 	at izd.b(SourceFile:245)
01-01 22:30:41.279  1219  1234 D Error   : 	at izd.a(SourceFile:152)
01-01 22:30:41.279  1219  1234 D Error   : 	at izd.b(SourceFile:137)
01-01 22:30:41.279  1219  1234 D Error   : 	at izd.b(SourceFile:99)
01-01 22:30:41.279  1219  1234 D Error   : 	at aefd.c(SourceFile:571)
01-01 22:30:41.279  1219  1234 D Error   : 	at aefd.a(SourceFile:181)
01-01 22:30:41.279  1219  1234 D Error   : 	at aefe.b(SourceFile:93)
01-01 22:30:41.279  1219  1234 D Error   : 	at qmd.a(SourceFile:74)
01-01 22:30:41.279  1219  1234 D Error   : 	at qjf.a(SourceFile:1278)
01-01 22:30:41.279  1219  1234 D Error   : 	at rah.b(SourceFile:104)
01-01 22:30:41.279  1219  1234 D Error   : 	at rah.a(SourceFile:72)
01-01 22:30:41.279  1219  1234 D Error   : 	at rai.a(SourceFile:2052)
01-01 22:30:41.279  1219  1234 D Error   : 	at rap.c(SourceFile:205)
01-01 22:30:41.279  1219  1234 D Error   : 	at qzo.onTransact(SourceFile:150)
