01-01 22:30:42.636   685   698 E BluetoothMap: Could not bind to Bluetooth MAP Service with Intent { act=android.bluetooth.IBluetoothMap }
01-01 22:30:42.636   685  1371 D BluetoothPbap: onBluetoothStateChange: up=true
01-01 22:30:42.638  1546  1601 D BluetoothAdapterProperties: Scan Mode:21
01-01 22:30:42.638  1546  1601 D BluetoothAdapterProperties: Discoverable Timeout:120
01-01 22:30:42.638   685  1369 D BluetoothPan: onBluetoothStateChange on: true
01-01 22:30:42.638   569   589 D BluetoothHeadset: onBluetoothStateChange: up=true
01-01 22:30:42.638   569   589 D BluetoothA2dp: onBluetoothStateChange: up=true
01-01 22:30:42.638   569   589 E BluetoothA2dp: Could not bind to Bluetooth A2DP Service with Intent { act=android.bluetooth.IBluetoothA2dp }
01-01 22:30:42.638   569   589 D BluetoothHeadset: onBluetoothStateChange: up=true
01-01 22:30:42.639   569   589 D BluetoothHeadset: onBluetoothStateChange: up=true
01-01 22:30:42.639   668   954 D BluetoothHeadset: onBluetoothStateChange: up=true
01-01 22:30:42.639   685   696 D BluetoothInputDevice: onBluetoothStateChange: up=true
01-01 22:30:42.640   699   712 D BluetoothAvrcpController: onBluetoothStateChange: up=true
01-01 22:30:42.642   569   569 I Telecom : BluetoothPhoneService: queryPhoneState
01-01 22:30:42.647  1003  1003 I GCoreUlr: DispatchingService.onDestroy()
01-01 22:30:42.647  1003  1003 I GCoreUlr: Stopping handler for UlrDispSvcFast
01-01 22:30:42.649   685  1193 D LocalBluetoothProfileManager: Adding local A2DP profile
01-01 22:30:42.650  1003  1003 I GCoreUlr: Unbound from all location providers
01-01 22:30:42.652   685  1193 E BluetoothA2dp: Could not bind to Bluetooth A2DP Service with Intent { act=android.bluetooth.IBluetoothA2dp }
01-01 22:30:42.653  1003  1311 W GeofencerStateMachine: Ignoring removeGeofence because network location is disabled.
01-01 22:30:42.654  1003  1311 W GeofencerStateMachine: Ignoring removeGeofence because network location is disabled.
01-01 22:30:42.664  1546  1601 D BluetoothAdapterProperties: Name is: dalek1
01-01 22:30:42.734  1720  1730 W art     : Suspending all threads took: 140.110ms
01-01 22:30:42.759  1720  1806 W art     : Verification of void ker.onCreate(android.os.Bundle) took 180.159ms
01-01 22:30:43.097   569   727 D ConnectivityService: listenForNetwork for Listen from uid/pid:10043/1720 for NetworkRequest [ id=5, legacyType=-1, [ Capabilities: INTERNET&NOT_RESTRICTED&TRUSTED] ]
01-01 22:30:43.165  1720  1797 E YouTube : Failed delayed event dispatch, no dispatchers.
01-01 22:30:43.600   227   631 D CameraHal: camera_get_camera_info(1312): camera_get_camera_info(1312): camera_0 facing(0), orientation(90)
01-01 22:30:43.601   227   227 D CameraHal: camera_get_camera_info(1312): camera_get_camera_info(1312): camera_1 facing(1), orientation(270)
01-01 22:30:43.793   569   604 V AlarmManager: triggered: act=com.android.providers.calendar.intent.CalendarProvider2 cmp=com.android.providers.calendar/.CalendarProviderBroadcastReceiver Pkg: com.android.providers.calendar
01-01 22:30:43.849  1720  1932 I PrimesTesting: GserviceFlagsSupplier.get()
01-01 22:30:43.907  1720  1932 I CrashMetricService: Startup metric for 'PRIMES_CRASH_MONITORING_INITIALIZED' dropped.
01-01 22:30:43.990  1720  1720 W YT.MDX.zds: CastAppId for type 0 not found. Defaulting to mainCastAppId.
01-01 22:30:44.158  1720  1911 D SensorManager: aidl getSensorManager:android.hardware.ISensorManager$Stub$Proxy@32c1580
01-01 22:30:44.184  1720  1720 W YT.MDX.zds: CastAppId for type 0 not found. Defaulting to mainCastAppId.
01-01 22:30:44.269  1003  1003 V UserPresentBroadcastReceiver: Received Intent { act=android.intent.action.USER_PRESENT flg=0x24000010 cmp=com.google.android.gms/.trustagent.UserPresentBroadcastReceiver }.
01-01 22:30:44.507  1003  1980 D GCM     : GcmService start Intent { act=com.google.android.checkin.CHECKIN_COMPLETE flg=0x10 cmp=com.google.android.gms/.gcm.GcmService (has extras) } com.google.android.checkin.CHECKIN_COMPLETE
01-01 22:30:44.562  1433  1433 I CmaSystemUpdateService: receiver: Intent { act=com.google.android.gms.update.BOOT_START_SERVICE flg=0x10 pkg=com.google.android.gms cmp=com.google.android.gms/.update.SystemUpdateServiceReceiver }
01-01 22:30:44.563  1433  1433 I CmaSystemUpdateService: receiver: Intent { act=com.google.android.gms.update.BOOT_START_SERVICE flg=0x10 pkg=com.google.android.gms cmp=com.google.android.gms/.update.SystemUpdateServiceReceiver }
01-01 22:30:44.588  1433  1433 D CmaSystemUpdateService: onCreate
01-01 22:30:44.588  1433  1433 D CmaSystemUpdateService: mProcessPackageEnabled: false, mAutomaticUpdateEnabled: false
01-01 22:30:44.595  1433  1433 D CmaSystemUpdateService: onStartCommand: intent: Intent { act=com.google.android.gms.update.START_SERVICE pkg=com.google.android.gms (has extras) }
01-01 22:30:44.624  1433  1983 I SystemUpdateTask: cancelUpdate (empty URL)
01-01 22:30:44.624  1433  1983 I CmaSystemUpdateService: active receiver: disabled
01-01 22:30:44.655  1433  1988 V GoogleSignatureVerifier: com.google.android.gms signature not valid.  Found: 
01-01 22:30:44.655  1433  1988 V GoogleSignatureVerifier: MIIEQzCCAyugAwIBAgIJAMLgh0ZkSjCNMA0GCSqGSIb3DQEBBAUAMHQxCzAJBgNVBAYTAlVTMRMw
01-01 22:30:44.655  1433  1988 V GoogleSignatureVerifier: EQYDVQQIEwpDYWxpZm9ybmlhMRYwFAYDVQQHEw1Nb3VudGFpbiBWaWV3MRQwEgYDVQQKEwtHb29n
01-01 22:30:44.655  1433  1988 V GoogleSignatureVerifier: bGUgSW5jLjEQMA4GA1UECxMHQW5kcm9pZDEQMA4GA1UEAxMHQW5kcm9pZDAeFw0wODA4MjEyMzEz
01-01 22:30:44.655  1433  1988 V GoogleSignatureVerifier: MzRaFw0zNjAxMDcyMzEzMzRaMHQxCzAJBgNVBAYTAlVTMRMwEQYDVQQIEwpDYWxpZm9ybmlhMRYw
01-01 22:30:44.655  1433  1988 V GoogleSignatureVerifier: FAYDVQQHEw1Nb3VudGFpbiBWaWV3MRQwEgYDVQQKEwtHb29nbGUgSW5jLjEQMA4GA1UECxMHQW5k
01-01 22:30:44.655  1433  1988 V GoogleSignatureVerifier: cm9pZDEQMA4GA1UEAxMHQW5kcm9pZDCCASAwDQYJKoZIhvcNAQEBBQADggENADCCAQgCggEBAKtW
01-01 22:30:44.655  1433  1988 V GoogleSignatureVerifier: LgDYO6IIrgqWbxJOKdoR8qtW0I9Y4sypEwPpt1TTcvZApxsdyxMJZ2JORland2qSGT2y5b+3JKke
01-01 22:30:44.655  1433  1988 V GoogleSignatureVerifier: dxiLDmpHpDsz2WCbdxgxRczfey5YZnTJ4VZbH0xqWVW/8lGmPav5xVwnIiJS6HXk+BVKZF+JcWjA
01-01 22:30:44.655  1433  1988 V GoogleSignatureVerifier: sb/GEuq/eFdpuzSqeYTcfi6idkyugwfYwXFU1+5fZKUaRKYCwkkFQVfcAs1fXA5V+++FGfvjJ/Cx
01-01 22:30:44.655  1433  1988 V GoogleSignatureVerifier: URaSxaBvGdGDhfXE28LWuT9ozCl5xw4Yq5OGazvV24mZVSoOO0yZ31j7kYvtwYK6NeADwbSxDdJE
01-01 22:30:44.655  1433  1988 V GoogleSignatureVerifier: qO4k//0zOHKrUiGYXtqw/A0LFFtqoZKFjnkCAQOjgdkwgdYwHQYDVR0OBBYEFMd9jMIhF1Ylmn/T
01-01 22:30:44.655  1433  1988 V GoogleSignatureVerifier: gt9r45jk14alMIGmBgNVHSMEgZ4wgZuAFMd9jMIhF1Ylmn/Tgt9r45jk14aloXikdjB0MQswCQYD
01-01 22:30:44.655  1433  1988 V GoogleSignatureVerifier: VQQGEwJVUzETMBEGA1UECBMKQ2FsaWZvcm5pYTEWMBQGA1UEBxMNTW91bnRhaW4gVmlldzEUMBIG
01-01 22:30:44.655  1433  1988 V GoogleSignatureVerifier: A1UEChMLR29vZ2xlIEluYy4xEDAOBgNVBAsTB0FuZHJvaWQxEDAOBgNVBAMTB0FuZHJvaWSCCQDC
01-01 22:30:44.655  1433  1988 V GoogleSignatureVerifier: 4IdGZEowjTAMBgNVHRMEBTADAQH/MA0GCSqGSIb3DQEBBAUAA4IBAQBt0lLO74UwLDYKqs6Tm8/y
01-01 22:30:44.655  1433  1988 V GoogleSignatureVerifier: zKkEu116FmH4rkaymUIE0P9KaMftGlMexFlaYjzmB2OxZyl6euNXEsQH8gjwyxCUKRJNexBiGcCE
01-01 22:30:44.655  1433  1988 V GoogleSignatureVerifier: yj6z+a1fuHHvkiaai+KL8W1EyNmgjmyy8AW7P+LLlkR+ho5zEHatRbM/YAnqGcFh5iZBqpknHf1S
01-01 22:30:44.655  1433  1988 V GoogleSignatureVerifier: KMXFh4dd239FJ1jWYfbMDMy3NS5CTMQ2XFI1MvcyUTdZPErjQfTbQe3aDQsQcafEQPD+nqActifK
01-01 22:30:44.655  1433  1988 V GoogleSignatureVerifier: Z0Np0IS9L9kR/wbNvyz6ENwPiTrjV2KRkEjH78ZMcUQXg0L3BYHJ3lc69Vs5Ddf9uUGGMYldX3Wf
01-01 22:30:44.655  1433  1988 V GoogleSignatureVerifier: MBEmh/9iFBDAaTCK
01-01 22:30:44.667  1433  1433 D CmaSystemUpdateService: onDestroy
01-01 22:30:44.674  1003  1990 D GCM     : GcmService start Intent { act=com.google.android.checkin.CHECKIN_COMPLETE flg=0x10 cmp=com.google.android.gms/.gcm.GcmService (has extras) } com.google.android.checkin.CHECKIN_COMPLETE
01-01 22:30:44.977  1003  1003 D EasyUnlockReceiver: Received Bluetooth event: Intent { act=android.bluetooth.adapter.action.STATE_CHANGED flg=0x4000010 cmp=com.google.android.gms/.auth.easyunlock.authorization.BluetoothStateChangeReceiver (has extras) }.
01-01 22:30:44.983  1003  1003 D BtServices: Received Bluetooth event: Intent { act=android.bluetooth.adapter.action.STATE_CHANGED flg=0x4000010 cmp=com.google.android.gms/.auth.proximity.BluetoothServicesAdapterStateChangeReceiver (has extras) }.
01-01 22:30:44.989  1238  1238 W ContextImpl: Calling a method in the system process without a qualified user: android.app.ContextImpl.startService:1221 android.content.ContextWrapper.startService:581 android.content.ContextWrapper.startService:581 com.android.settings.bluetooth.DockEventReceiver.beginStartingService:134 com.android.settings.bluetooth.DockEventReceiver.onReceive:115 
01-01 22:30:44.995   569   589 D BluetoothManagerService: Added callback: android.bluetooth.IBluetoothManagerCallback$Stub$Proxy@b076b65:true
01-01 22:30:45.000  1003  1003 D EasyUnlockReceiver: Received Bluetooth event: Intent { act=android.bluetooth.adapter.action.STATE_CHANGED flg=0x4000010 cmp=com.google.android.gms/.auth.easyunlock.authorization.BluetoothStateChangeReceiver (has extras) }.
01-01 22:30:45.005   685   685 D BluetoothPbap: Proxy object connected
01-01 22:30:45.005   685   685 D PbapServerProfile: Bluetooth service connected
01-01 22:30:45.010  1546  1994 W BluetoothAdapter: getBluetoothService() called with no BluetoothManagerCallback
01-01 22:30:45.014  1238  1238 D LocalBluetoothProfileManager: Adding local A2DP profile
01-01 22:30:45.016  1003  1995 D EasyUnlockInitService: Handling intent for initializer IntentService.
01-01 22:30:45.019  1003  1003 D BtServices: Received Bluetooth event: Intent { act=android.bluetooth.adapter.action.STATE_CHANGED flg=0x4000010 cmp=com.google.android.gms/.auth.proximity.BluetoothServicesAdapterStateChangeReceiver (has extras) }.
01-01 22:30:45.020  1238  1238 E BluetoothA2dp: Could not bind to Bluetooth A2DP Service with Intent { act=android.bluetooth.IBluetoothA2dp }
01-01 22:30:45.032  1238  1238 D LocalBluetoothProfileManager: Adding local MAP profile
01-01 22:30:45.036  1003  1995 D EasyUnlockInitService: Not initializing EasyUnlock: remote_devices=0, bluetooth_on=true
01-01 22:30:45.037  1238  1238 D BluetoothMap: Create BluetoothMap proxy object
01-01 22:30:45.039  1238  1238 E BluetoothMap: Could not bind to Bluetooth MAP Service with Intent { act=android.bluetooth.IBluetoothMap }
01-01 22:30:45.043  1238  1238 D LocalBluetoothProfileManager: LocalBluetoothProfileManager construction complete
01-01 22:30:45.051  1238  1238 D DockEventReceiver: finishStartingService: stopping service
01-01 22:30:45.053  1238  1238 D BluetoothInputDevice: Proxy object connected
01-01 22:30:45.056  1238  1238 D HidProfile: Bluetooth service connected
01-01 22:30:45.060  1546  2005 W BluetoothAdapter: getBluetoothService() called with no BluetoothManagerCallback
01-01 22:30:45.062  1546  2005 I BtOppRfcommListener: Accept thread started.
01-01 22:30:45.085  1238  1238 D BluetoothPan: BluetoothPAN Proxy object connected
01-01 22:30:45.086  1238  1238 D PanProfile: Bluetooth service connected
01-01 22:30:45.086  1238  1238 D BluetoothPbap: Proxy object connected
01-01 22:30:45.086  1238  1238 D PbapServerProfile: Bluetooth service connected
01-01 22:30:46.344   569   623 D WifiConfigStore: Retrieve network priorities after PNO.
01-01 22:30:47.692  1003  1838 D PlaceInferenceEngine: Stop called when not running
01-01 22:30:47.696  1003  1311 W GeofencerStateMachine: Ignoring removeGeofence because network location is disabled.
01-01 22:30:48.142   569   604 V AlarmManager: triggered: act=com.google.android.intent.action.GCM_RECONNECT Pkg: com.google.android.gms
01-01 22:30:48.644  1433  1433 E ActivityThread: Service com.google.android.gms.chimera.GmsIntentOperationService has leaked IntentReceiver fvn@e5ae93c that was originally registered here. Are you missing a call to unregisterReceiver()?
01-01 22:30:48.644  1433  1433 E ActivityThread: android.app.IntentReceiverLeaked: Service com.google.android.gms.chimera.GmsIntentOperationService has leaked IntentReceiver fvn@e5ae93c that was originally registered here. Are you missing a call to unregisterReceiver()?
01-01 22:30:48.644  1433  1433 E ActivityThread: 	at android.app.LoadedApk$ReceiverDispatcher.<init>(LoadedApk.java:918)
01-01 22:30:48.644  1433  1433 E ActivityThread: 	at android.app.LoadedApk.getReceiverDispatcher(LoadedApk.java:719)
01-01 22:30:48.644  1433  1433 E ActivityThread: 	at android.app.ContextImpl.registerReceiverInternal(ContextImpl.java:1172)
01-01 22:30:48.644  1433  1433 E ActivityThread: 	at android.app.ContextImpl.registerReceiver(ContextImpl.java:1152)
01-01 22:30:48.644  1433  1433 E ActivityThread: 	at android.app.ContextImpl.registerReceiver(ContextImpl.java:1146)
01-01 22:30:48.644  1433  1433 E ActivityThread: 	at android.content.ContextWrapper.registerReceiver(ContextWrapper.java:554)
01-01 22:30:48.644  1433  1433 E ActivityThread: 	at android.content.ContextWrapper.registerReceiver(ContextWrapper.java:554)
01-01 22:30:48.644  1433  1433 E ActivityThread: 	at android.content.ContextWrapper.registerReceiver(ContextWrapper.java:554)
01-01 22:30:48.644  1433  1433 E ActivityThread: 	at com.google.android.gms.auth.setup.devicesignals.LockScreenChimeraReceiver.a(SourceFile:52)
01-01 22:30:48.644  1433  1433 E ActivityThread: 	at fvo.b(SourceFile:2036)
01-01 22:30:48.644  1433  1433 E ActivityThread: 	at com.google.android.gms.auth.account.AuthInitIntentOperation.a(SourceFile:62)
01-01 22:30:48.644  1433  1433 E ActivityThread: 	at hwg.onHandleIntent(SourceFile:60)
01-01 22:30:48.644  1433  1433 E ActivityThread: 	at com.google.android.chimera.IntentOperation.onHandleIntent(SourceFile:82)
01-01 22:30:48.644  1433  1433 E ActivityThread: 	at bfm.run(SourceFile:1885)
01-01 22:30:48.644  1433  1433 E ActivityThread: 	at java.util.concurrent.ThreadPoolExecutor.runWorker(ThreadPoolExecutor.java:1113)
01-01 22:30:48.644  1433  1433 E ActivityThread: 	at java.util.concurrent.ThreadPoolExecutor$Worker.run(ThreadPoolExecutor.java:588)
01-01 22:30:48.644  1433  1433 E ActivityThread: 	at java.lang.Thread.run(Thread.java:818)
01-01 22:30:49.549   569   623 D WifiStateMachine: shouldSwitchNetwork  txSuccessRate=0.00 rxSuccessRate=0.00 delta 1000 -> 1000
01-01 22:30:49.550   569   623 D WifiStateMachine: CMD_AUTO_CONNECT sup state ScanState my state DisconnectedState nid=1 roam=3
01-01 22:30:49.550   569   623 E WifiConfigStore: saveWifiConfigBSSID Setting BSSID for "Flinders Devices"WPA_PSK to any
01-01 22:30:49.559   569   623 D WifiStateMachine: CMD_AUTO_CONNECT will save config -> "Flinders Devices" nid=1
01-01 22:30:49.639   569   623 D WifiStateMachine: CMD_AUTO_CONNECT did save config ->  nid=1
01-01 22:30:49.645  1067  1067 I wpa_supplicant: wlan0: Trying to associate with 58:f3:9c:9a:ef:5c (SSID='Flinders Devices' freq=5260 MHz)
01-01 22:30:49.715   569   587 D Tethering: interfaceLinkStateChanged wlan0, true
01-01 22:30:49.715   569   587 D Tethering: interfaceStatusChanged wlan0, true
01-01 22:30:49.737   569   587 D Tethering: interfaceLinkStateChanged wlan0, true
01-01 22:30:49.737   569   587 D Tethering: interfaceStatusChanged wlan0, true
01-01 22:30:49.738   569   587 D Tethering: interfaceLinkStateChanged wlan0, true
01-01 22:30:49.738   569   587 D Tethering: interfaceStatusChanged wlan0, true
01-01 22:30:49.740   569   587 D Tethering: interfaceLinkStateChanged wlan0, true
01-01 22:30:49.740   569   587 D Tethering: interfaceStatusChanged wlan0, true
01-01 22:30:49.740   569   587 D Tethering: interfaceLinkStateChanged wlan0, true
01-01 22:30:49.740   569   587 D Tethering: interfaceStatusChanged wlan0, true
01-01 22:30:49.740  1067  1067 I wpa_supplicant: wlan0: Associated with 58:f3:9c:9a:ef:5c
01-01 22:30:49.740   569   587 D Tethering: interfaceLinkStateChanged wlan0, true
01-01 22:30:49.740   569   587 D Tethering: interfaceStatusChanged wlan0, true
01-01 22:30:49.771  1067  1067 I wpa_supplicant: wlan0: WPA: Key negotiation completed with 58:f3:9c:9a:ef:5c [PTK=CCMP GTK=CCMP]
01-01 22:30:49.771  1067  1067 I wpa_supplicant: wlan0: CTRL-EVENT-CONNECTED - Connection to 58:f3:9c:9a:ef:5c completed [id=1 id_str=]
01-01 22:30:49.772   569   587 D Tethering: interfaceLinkStateChanged wlan0, true
01-01 22:30:49.772   569   587 D Tethering: interfaceStatusChanged wlan0, true
01-01 22:30:49.773   569   623 D WifiConfigStore: Retrieve network priorities after PNO.
01-01 22:30:49.786   569   623 D ConnectivityService: registerNetworkAgent NetworkAgentInfo{ ni{[type: WIFI[], state: CONNECTING/CONNECTING, reason: (unspecified), extra: "Flinders Devices", roaming: false, failover: false, isAvailable: true]}  network{100}  lp{{LinkAddresses: []  Routes: [] DnsAddresses: [] Domains: null MTU: 0 TcpBufferSizes: 524288,1048576,2097152,262144,524288,1048576}}  nc{[ Transports: WIFI Capabilities: INTERNET&NOT_RESTRICTED&TRUSTED&NOT_VPN LinkUpBandwidth>=1048576Kbps LinkDnBandwidth>=1048576Kbps]}  Score{20}  everValidated{false}  lastValidated{false}  created{false} lingering{false} explicitlySelected{false} acceptUnvalidated{false} everCaptivePortalDetected{false} lastCaptivePortalDetected{false} }
01-01 22:30:49.786   569   623 E WifiConfigStore: saveWifiConfigBSSID Setting BSSID for "Flinders Devices"WPA_PSK to any
01-01 22:30:49.786   569   625 D ConnectivityService: NetworkAgentInfo [WIFI () - 100] EVENT_NETWORK_INFO_CHANGED, going from null to CONNECTING
01-01 22:30:49.801   569   623 E WifiConfigStore: saveWifiConfigBSSID Setting BSSID for "Flinders Devices"WPA_PSK to any
01-01 22:30:49.812   224   563 D CommandListener: Setting iface cfg
01-01 22:30:49.820   569   623 D WifiStateMachine: Start Dhcp Watchdog 1
01-01 22:30:49.829   569   625 D ConnectivityService: notifyType CAP_CHANGED for NetworkAgentInfo [WIFI () - 100]
01-01 22:30:49.829   569   625 D ConnectivityService: updateNetworkScore for NetworkAgentInfo [WIFI () - 100] to 60
01-01 22:30:49.839   569   587 D Tethering: interfaceLinkStateChanged wlan0, true
01-01 22:30:49.839   569   587 D Tethering: interfaceStatusChanged wlan0, true
01-01 22:30:49.839   569   587 D Tethering: interfaceLinkStateChanged wlan0, true
01-01 22:30:49.839   569   587 D Tethering: interfaceStatusChanged wlan0, true
01-01 22:30:49.870   569  2086 D DhcpClient: Receive thread started
01-01 22:30:49.948   569   623 E native  : do suspend false
01-01 22:30:49.955   569  2085 D DhcpClient: Broadcasting DHCPDISCOVER
01-01 22:30:49.963   569  2086 D DhcpClient: Received packet: cc:4b:73:82:13:36 OFFER, ip /10.128.4.153, mask /255.255.254.0, DNS servers: /10.48.0.31 /10.48.1.42 , gateways [/10.128.4.1] lease time 691200, domain isd.ad.flinders.edu.au
01-01 22:30:49.964   569  2085 D DhcpClient: Got pending lease: IP address 10.128.4.153/23 Gateway 10.128.4.1  DNS servers: [ 10.48.0.31 10.48.1.42 ] Domainsisd.ad.flinders.edu.au DHCP server /1.1.1.1 Vendor info null lease 691200 seconds
01-01 22:30:49.965   569  2085 D DhcpClient: Broadcasting DHCPREQUEST ciaddr=0.0.0.0 request=10.128.4.153 serverid=1.1.1.1
01-01 22:30:49.972   569  2086 D DhcpClient: Received packet: cc:4b:73:82:13:36 ACK: your new IP /10.128.4.153, netmask /255.255.254.0, gateways [/10.128.4.1] DNS servers: /10.48.0.31 /10.48.1.42 , lease time 691200
01-01 22:30:49.972   569  2085 D DhcpClient: Confirmed lease: IP address 10.128.4.153/23 Gateway 10.128.4.1  DNS servers: [ 10.48.0.31 10.48.1.42 ] Domainsisd.ad.flinders.edu.au DHCP server /1.1.1.1 Vendor info null lease 691200 seconds
01-01 22:30:49.973   224   563 D CommandListener: Setting iface cfg
01-01 22:30:49.979   569  2085 D DhcpClient: Scheduling renewal in 345599s
01-01 22:30:49.987   569   623 D WifiConfigStore: No blacklist allowed without epno enabled
01-01 22:30:49.988   569   625 D ConnectivityService: NetworkAgentInfo [WIFI () - 100] EVENT_NETWORK_INFO_CHANGED, going from CONNECTING to CONNECTED
01-01 22:30:49.989   569   625 D ConnectivityService: Adding iface wlan0 to network 100
01-01 22:30:49.993   569   623 E WifiStateMachine: Did not find remoteAddress {10.128.4.1} in /proc/net/arp
01-01 22:30:50.020   569   625 E ConnectivityService: Unexpected mtu value: 0, wlan0
01-01 22:30:50.020   569   625 D ConnectivityService: Adding Route [fe80::/64 -> :: wlan0] to network 100
01-01 22:30:50.022   569   625 D ConnectivityService: Adding Route [10.128.4.0/23 -> 0.0.0.0 wlan0] to network 100
01-01 22:30:50.025   569   625 D ConnectivityService: Adding Route [0.0.0.0/0 -> 10.128.4.1 wlan0] to network 100
01-01 22:30:50.029   569   625 D ConnectivityService: Setting Dns servers for network 100 to [/10.48.0.31, /10.48.1.42]
01-01 22:30:50.040   569   625 D ConnectivityService: notifyType IP_CHANGED for NetworkAgentInfo [WIFI () - 100]
01-01 22:30:50.045   569   625 D ConnectivityService: scheduleUnvalidatedPrompt 100
01-01 22:30:50.045   569   625 D ConnectivityService: updateSignalStrengthThresholds: CONNECT, sending [] to NetworkAgentInfo [WIFI () - 100]
01-01 22:30:50.045   569   625 D ConnectivityService: rematch for NetworkAgentInfo [WIFI () - 100]
01-01 22:30:50.045   569   623 D WifiNetworkAgent: NetworkAgent: Received signal strength thresholds: []
01-01 22:30:50.046   569   623 D WifiNative-HAL: stopRssiMonitoring, cmdId 0
01-01 22:30:50.048   569   625 D ConnectivityService:    accepting network in place of null
01-01 22:30:50.049   569   625 D ConnectivityService: Switching to new default network: NetworkAgentInfo{ ni{[type: WIFI[], state: CONNECTED/CONNECTED, reason: (unspecified), extra: "Flinders Devices", roaming: false, failover: false, isAvailable: true]}  network{100}  lp{{InterfaceName: wlan0 LinkAddresses: [fe80::ce4b:73ff:fe82:1336/64,10.128.4.153/23,]  Routes: [fe80::/64 -> :: wlan0,10.128.4.0/23 -> 0.0.0.0 wlan0,0.0.0.0/0 -> 10.128.4.1 wlan0,] DnsAddresses: [10.48.0.31,10.48.1.42,] Domains: isd.ad.flinders.edu.au MTU: 0 TcpBufferSizes: 524288,1048576,2097152,262144,524288,1048576}}  nc{[ Transports: WIFI Capabilities: INTERNET&NOT_RESTRICTED&TRUSTED&NOT_VPN LinkUpBandwidth>=1048576Kbps LinkDnBandwidth>=1048576Kbps SignalStrength: -62]}  Score{20}  everValidated{false}  lastValidated{false}  created{true} lingering{false} explicitlySelected{false} acceptUnvalidated{false} everCaptivePortalDetected{false} lastCaptivePortalDetected{false} }
01-01 22:30:50.078   224   563 V IdletimerController: runCmd(/system/bin/ip6tables -w -t raw -A idletimer_raw_PREROUTING -i wlan0 -j IDLETIMER --timeout 15 --label 1 --send_nl_msg 1) res_ipv4=0, res_ipv6=0
01-01 22:30:50.099   224   563 V IdletimerController: runCmd(/system/bin/ip6tables -w -t mangle -A idletimer_mangle_POSTROUTING -o wlan0 -j IDLETIMER --timeout 15 --label 1 --send_nl_msg 1) res_ipv4=0, res_ipv6=0
01-01 22:30:50.100   569   625 D ConnectivityService: Setting tx/rx TCP buffers to 524288,1048576,2097152,262144,524288,1048576
01-01 22:30:50.104   569   625 D CSLegacyTypeTracker: Sending CONNECTED broadcast for type 1 NetworkAgentInfo [WIFI () - 100] isDefaultNetwork=true
01-01 22:30:50.105   569   625 D ConnectivityService: sendStickyBroadcast: action=android.net.conn.CONNECTIVITY_CHANGE
01-01 22:30:50.107   569   569 D Tethering: Tethering got CONNECTIVITY_ACTION
01-01 22:30:50.107   569   589 D Tethering: MasterInitialState.processMessage what=3
01-01 22:30:50.111   569   625 D ConnectivityService: notifyType PRECHECK for NetworkAgentInfo [WIFI () - 100]
01-01 22:30:50.120   569   625 D ConnectivityService: setProvNotificationVisibleIntent null visible=false networkType=MOBILE extraInfo=null highPriority=false
01-01 22:30:50.120   569   625 D ConnectivityService: NetworkAgentInfo [WIFI () - 100] validation  passed
01-01 22:30:50.120   569   625 D ConnectivityService: notifyType CAP_CHANGED for NetworkAgentInfo [WIFI () - 100]
01-01 22:30:50.122   569   625 D ConnectivityService: sendStickyBroadcast: action=android.net.conn.INET_CONDITION_ACTION
01-01 22:30:50.160   569  1018 D AlarmManagerService: Setting time of day to sec=1607656682
12-11 13:48:02.255   569   604 V AlarmManager: triggered: cmp=com.google.android.gms/com.google.android.libraries.social.mediamonitor.MediaMonitorIntentService Pkg: com.google.android.gms
12-11 13:48:02.257   569   604 V AlarmManager: triggered: cmp=com.google.android.gms/.checkin.EventLogServiceReceiver Pkg: com.google.android.gms
12-11 13:48:02.257   569   604 V AlarmManager: triggered: act=com.roboteam.teamy.marketplace.autoupdate.ACTION_SILENT_UPDATE_ALL_SKILLS Pkg: com.roboteam.teamy.usa
12-11 13:48:02.264   569   604 V AlarmManager: triggered: act=EventConditionProvider.EVALUATE flg=0x10000000 Pkg: android
12-11 13:48:02.264   569   604 V AlarmManager: triggered: cmp=com.google.android.gms/.checkin.CheckinServiceReceiver Pkg: com.google.android.gms
12-11 13:48:02.279  1433  2119 I iu.SyncManager: SYNC; picasa accounts
12-11 13:48:02.290  1433  1433 D NetworkLogImpl: Loaded NetworkSpeedPredictor
12-11 13:48:02.292  1433  1433 I iu.Environment: update connectivity state; isNetworkMetered? false, isRoaming? false, isBackgroundDataAllowed? true*
12-11 13:48:02.295  1433  2119 I iu.UploadsManager: num queued entries: 0
12-11 13:48:02.295  1433  2119 I iu.UploadsManager: num updated entries: 0
12-11 13:48:02.296  1433  2119 I iu.SyncManager: NEXT; no task
12-11 13:48:02.299   569   584 I UsageStatsService: Time changed in UsageStats by 313773432 seconds
12-11 13:48:02.299   569   584 I UsageStatsService: User[0] Flushing usage stats to disk
12-11 13:48:02.352  1433  1433 E MDM     : [1] SitrepChimeraService.a: No Google accounts; deferring server state update.
12-11 13:48:02.355  1029  1029 D RKUpdateReceiver: action = android.net.conn.CONNECTIVITY_CHANGE
12-11 13:48:02.360  1029  1029 D RKUpdateService: onStartCommand.......
12-11 13:48:02.360  1029  1029 D RKUpdateService: command = 2 delaytime = 5000
12-11 13:48:02.363   569   584 I UsageStatsDatabase: Time changed by +3631d15h17m12s85ms. files deleted: 0 files moved: 4
12-11 13:48:02.370   569   584 I UsageStatsService: User[0] Rollover scheduled @ 2020-12-12 10:30:00(1607731200000)
12-11 13:48:02.400  1433  2126 I iu.UploadsManager: End new media; added: 0, uploading: 0, time: 72 ms
12-11 13:48:02.438   569  2129 I System  : Loaded time zone names for "" in 61ms (60ms in ICU)
12-11 13:48:02.443  1433  2130 I EventLogChimeraService: Aggregate from 1607656161455 (log), 1607656161455 (data)
12-11 13:48:02.461   569  2129 I System  : Loaded time zone names for "en_US" in 23ms (21ms in ICU)
12-11 13:48:02.461   569  2129 D GpsLocationProvider: NTP server returned: 1607656682245 (Fri Dec 11 13:48:02 GMT+10:30 2020) reference: 51402 certainty: 13 system time offset: -132
12-11 13:48:02.626   569   584 W Searchables: No global search activity found
12-11 13:48:02.628   569   615 I InputReader: Reconfiguring input devices.  changes=0x00000010
12-11 13:48:02.640  1003  1003 I GCoreNlp: shouldConfirmNlp, NLP off. Ensuring opt-in disabled
12-11 13:48:02.671   569   569 W BackupManagerService: Proposed transport ComponentInfo{com.google.android.gms/com.google.android.gms.backup.BackupTransportService} not whitelisted; ignoring
12-11 13:48:02.728   569   569 D AlarmManagerService: Kernel timezone updated to -630 minutes west of GMT
12-11 13:48:02.761  1433  2139 V CheckinChimeraService: No Subscriptions found on the device
12-11 13:48:02.762  1433  2139 I CheckinChimeraService: Checking schedule, now: 1607656682762 next: 1294448975920
12-11 13:48:02.762  1433  2139 I CheckinChimeraService: active receiver: enabled
12-11 13:48:02.763  1433  2139 I CheckinChimeraService: Preparing to send checkin request
12-11 13:48:02.764  1433  2139 I EventLogChimeraService: Accumulating logs since 1607656682491
12-11 13:48:02.777  1433  2142 D PkgBroadcastIntentOp: Received broadcast action=android.intent.action.PACKAGE_CHANGED and uri=com.google.android.gms
12-11 13:48:02.777  1433  2142 I PkgBroadcastIntentOp: Null package name or gms related package.  Ignoring.
12-11 13:48:02.792  1433  2139 I CheckinRequestBuilder: Checkin reason type: 1 attempt count: 1
12-11 13:48:02.796  1433  2142 D WearableController: Received broadcast action=android.intent.action.PACKAGE_CHANGED and uri=com.google.android.gms
12-11 13:48:02.799   569   624 D WifiService: New client listening to asynchronous messages
12-11 13:48:02.807  1433  2139 E ActivityThread: Failed to find provider info for com.google.android.wearable.settings
12-11 13:48:02.813  1433  2149 E IcingInternalCorpora: Unknown Contacts update mode: MAYBE
12-11 13:48:02.819  1433  1998 I Icing   : Storage manager: low false usage 1.63MB avail 8.16GB capacity 9.53GB
12-11 13:48:02.882  1433  2155 W IcingInternalCorpora: getNumBytesRead when not calculated.
12-11 13:48:02.890  1433  1441 W SQLiteConnectionPool: A SQLiteConnection object for database '/data/user/0/com.google.android.gms/databases/networkstatistics.sqlite' was leaked!  Please fix your application to end transactions in progress properly and to close the database when it is no longer needed.
12-11 13:48:02.914  1433  2139 V CheckinRequestBuilder: No Subscriptions found on the device
12-11 13:48:02.973   569   727 I ActivityManager: Start proc 2166:com.google.android.gms.unstable/u0a6 for service com.google.android.gms/.droidguard.DroidGuardService
12-11 13:48:03.075  2166  2166 W System  : ClassLoader referenced unknown path: /system/priv-app/GMSCore/lib/arm
12-11 13:48:03.090  2166  2166 I MultiDex: VM with version 2.1.0 has multidex support
12-11 13:48:03.090  2166  2166 I MultiDex: install
12-11 13:48:03.090  2166  2166 I MultiDex: VM has multidex support, MultiDex support library is disabled.
12-11 13:48:03.112  2166  2166 W System  : ClassLoader referenced unknown path: /system/priv-app/GMSCore/lib/arm
12-11 13:48:03.113  2166  2166 W System  : ClassLoader referenced unknown path: /system/priv-app/GMSCore/lib/arm
12-11 13:48:03.139  2166  2166 W linker  : /system/priv-app/GMSCore/GMSCore.apk: unused DT entry: type 0x7ffffffd arg 0x4ed
12-11 13:48:03.151  2166  2166 W System  : ClassLoader referenced unknown path: /system/priv-app/GMSCore/lib/arm
12-11 13:48:03.152  2166  2166 W System  : ClassLoader referenced unknown path: /system/priv-app/GMSCore/lib/arm
12-11 13:48:03.175  2166  2166 W linker  : /system/priv-app/GMSCore/GMSCore.apk: unused DT entry: type 0x1d arg 0xef
12-11 13:48:03.175  2166  2166 W linker  : /system/priv-app/GMSCore/GMSCore.apk: unused DT entry: type 0x7ffffffd arg 0x1d8
12-11 13:48:03.181  2166  2166 V JNIHelp : Registering com/google/android/gms/org/conscrypt/NativeCrypto's 254 native methods...
12-11 13:48:03.207  2166  2166 I ProviderInstaller: Installed default security provider GmsCore_OpenSSL
12-11 13:48:03.230  2166  2166 D ChimeraCfgMgr: Reading stored module config
12-11 13:48:03.253  2166  2190 D NativeLibraryUtils: Install completed successfully. count=12 extracted=0
12-11 13:48:03.306  1433  1998 V GoogleSignatureVerifier: com.luckystar.luckstarautoinstall signature not valid.  Found: 
12-11 13:48:03.306  1433  1998 V GoogleSignatureVerifier: MIID+zCCAuOgAwIBAgIJAP8GQTI8+VUSMA0GCSqGSIb3DQEBCwUAMIGUMQswCQYDVQQGEwJVUzET
12-11 13:48:03.306  1433  1998 V GoogleSignatureVerifier: MBEGA1UECAwKQ2FsaWZvcm5pYTEWMBQGA1UEBwwNTW91bnRhaW4gVmlldzEQMA4GA1UECgwHQW5k
12-11 13:48:03.306  1433  1998 V GoogleSignatureVerifier: cm9pZDEQMA4GA1UECwwHQW5kcm9pZDEQMA4GA1UEAwwHQW5kcm9pZDEiMCAGCSqGSIb3DQEJARYT
12-11 13:48:03.306  1433  1998 V GoogleSignatureVerifier: YW5kcm9pZEBhbmRyb2lkLmNvbTAeFw0xNDEyMjMwNjQzNDFaFw00MjA1MTAwNjQzNDFaMIGUMQsw
12-11 13:48:03.306  1433  1998 V GoogleSignatureVerifier: CQYDVQQGEwJVUzETMBEGA1UECAwKQ2FsaWZvcm5pYTEWMBQGA1UEBwwNTW91bnRhaW4gVmlldzEQ
12-11 13:48:03.306  1433  1998 V GoogleSignatureVerifier: MA4GA1UECgwHQW5kcm9pZDEQMA4GA1UECwwHQW5kcm9pZDEQMA4GA1UEAwwHQW5kcm9pZDEiMCAG
12-11 13:48:03.306  1433  1998 V GoogleSignatureVerifier: CSqGSIb3DQEJARYTYW5kcm9pZEBhbmRyb2lkLmNvbTCCASAwDQYJKoZIhvcNAQEBBQADggENADCC
12-11 13:48:03.306  1433  1998 V GoogleSignatureVerifier: AQgCggEBAKHY8Fl4XZzpJvgHoezYjhmKPvdq9DGYVc/X9NQO5oUlYIA/Ci5rzvljz13KbNve/Kxu
12-11 13:48:03.306  1433  1998 V GoogleSignatureVerifier: Eu9HN8SzsLg9EBhghOko8JxEg7I8W6uPVOoRngNCMvXzjf6av77vxPqphlgq++Y4MIC+fiOxLd+g
12-11 13:48:03.306  1433  1998 V GoogleSignatureVerifier: pYq0p6W7RWxEgrzLHnWiCX0dRmWDs+ey2t4f1WKzGoRQQS0Tn21CViThrVEe+zNwANnhErUcvoQB
12-11 13:48:03.306  1433  1998 V GoogleSignatureVerifier: 2m4/PQotuij7LZNccHJvUOUf5/4wIZd8JOgO3VLwzFO/HhrqUjafCvkpKTjW8oQmHLUz5m40ljET
12-11 13:48:03.306  1433  1998 V GoogleSignatureVerifier: GEjqQ6AuAwmaeFT+Bwj1DUaYg+m7AzalJ2aAtHVX0FftRUkCAQOjUDBOMB0GA1UdDgQWBBQi+Lgb
12-11 13:48:03.306  1433  1998 V GoogleSignatureVerifier: yFfWSoWCbQ+NVDF4ZKTPCjAfBgNVHSMEGDAWgBQi+LgbyFfWSoWCbQ+NVDF4ZKTPCjAMBgNVHRME
12-11 13:48:03.306  1433  1998 V GoogleSignatureVerifier: BTADAQH/MA0GCSqGSIb3DQEBCwUAA4IBAQBH1kIQlSBjXRMuQdaDLytr8ZaJXIN1HApg2QA8azYQ
12-11 13:48:03.306  1433  1998 V GoogleSignatureVerifier: XOS/B16gwm6tBfh1dL86LL/7w09oM9LZv8WwtQyFNjM97vvQvkaOGW/ubhrKOk3+8HTHkEx4n7H6
12-11 13:48:03.306  1433  1998 V GoogleSignatureVerifier: tYGOLdpmWepDfBSEFuLwq6yqG6wZFdd7IKO+sPlCxqUpqg40YAb4WOwzDbiuJnswDftP3wIaaJPh
12-11 13:48:03.306  1433  1998 V GoogleSignatureVerifier: li6OIjRKyd3Sgw1MtffHOy+WSwqHLkGNgH6GAgvZlvhPA/yim+rjnE9oKV5G6PygQK7kJJjS/Lde
12-11 13:48:03.306  1433  1998 V GoogleSignatureVerifier: qxE7M7pNRYPhcLT7qhE7MiuBuyqwAMTTBoU8u3lTdOZwNErbRT5tSXkgVMffkfN7wBNqpSSY
12-11 13:48:03.311  1433  1998 V GoogleSignatureVerifier: com.luckystar.luckstarautoinstall signature not valid.  Found: 
12-11 13:48:03.311  1433  1998 V GoogleSignatureVerifier: MIID+zCCAuOgAwIBAgIJAP8GQTI8+VUSMA0GCSqGSIb3DQEBCwUAMIGUMQswCQYDVQQGEwJVUzET
12-11 13:48:03.311  1433  1998 V GoogleSignatureVerifier: MBEGA1UECAwKQ2FsaWZvcm5pYTEWMBQGA1UEBwwNTW91bnRhaW4gVmlldzEQMA4GA1UECgwHQW5k
12-11 13:48:03.311  1433  1998 V GoogleSignatureVerifier: cm9pZDEQMA4GA1UECwwHQW5kcm9pZDEQMA4GA1UEAwwHQW5kcm9pZDEiMCAGCSqGSIb3DQEJARYT
12-11 13:48:03.311  1433  1998 V GoogleSignatureVerifier: YW5kcm9pZEBhbmRyb2lkLmNvbTAeFw0xNDEyMjMwNjQzNDFaFw00MjA1MTAwNjQzNDFaMIGUMQsw
12-11 13:48:03.311  1433  1998 V GoogleSignatureVerifier: CQYDVQQGEwJVUzETMBEGA1UECAwKQ2FsaWZvcm5pYTEWMBQGA1UEBwwNTW91bnRhaW4gVmlldzEQ
12-11 13:48:03.311  1433  1998 V GoogleSignatureVerifier: MA4GA1UECgwHQW5kcm9pZDEQMA4GA1UECwwHQW5kcm9pZDEQMA4GA1UEAwwHQW5kcm9pZDEiMCAG
12-11 13:48:03.311  1433  1998 V GoogleSignatureVerifier: CSqGSIb3DQEJARYTYW5kcm9pZEBhbmRyb2lkLmNvbTCCASAwDQYJKoZIhvcNAQEBBQADggENADCC
12-11 13:48:03.311  1433  1998 V GoogleSignatureVerifier: AQgCggEBAKHY8Fl4XZzpJvgHoezYjhmKPvdq9DGYVc/X9NQO5oUlYIA/Ci5rzvljz13KbNve/Kxu
12-11 13:48:03.311  1433  1998 V GoogleSignatureVerifier: Eu9HN8SzsLg9EBhghOko8JxEg7I8W6uPVOoRngNCMvXzjf6av77vxPqphlgq++Y4MIC+fiOxLd+g
12-11 13:48:03.311  1433  1998 V GoogleSignatureVerifier: pYq0p6W7RWxEgrzLHnWiCX0dRmWDs+ey2t4f1WKzGoRQQS0Tn21CViThrVEe+zNwANnhErUcvoQB
12-11 13:48:03.311  1433  1998 V GoogleSignatureVerifier: 2m4/PQotuij7LZNccHJvUOUf5/4wIZd8JOgO3VLwzFO/HhrqUjafCvkpKTjW8oQmHLUz5m40ljET
12-11 13:48:03.311  1433  1998 V GoogleSignatureVerifier: GEjqQ6AuAwmaeFT+Bwj1DUaYg+m7AzalJ2aAtHVX0FftRUkCAQOjUDBOMB0GA1UdDgQWBBQi+Lgb
12-11 13:48:03.311  1433  1998 V GoogleSignatureVerifier: yFfWSoWCbQ+NVDF4ZKTPCjAfBgNVHSMEGDAWgBQi+LgbyFfWSoWCbQ+NVDF4ZKTPCjAMBgNVHRME
12-11 13:48:03.311  1433  1998 V GoogleSignatureVerifier: BTADAQH/MA0GCSqGSIb3DQEBCwUAA4IBAQBH1kIQlSBjXRMuQdaDLytr8ZaJXIN1HApg2QA8azYQ
12-11 13:48:03.311  1433  1998 V GoogleSignatureVerifier: XOS/B16gwm6tBfh1dL86LL/7w09oM9LZv8WwtQyFNjM97vvQvkaOGW/ubhrKOk3+8HTHkEx4n7H6
12-11 13:48:03.311  1433  1998 V GoogleSignatureVerifier: tYGOLdpmWepDfBSEFuLwq6yqG6wZFdd7IKO+sPlCxqUpqg40YAb4WOwzDbiuJnswDftP3wIaaJPh
12-11 13:48:03.311  1433  1998 V GoogleSignatureVerifier: li6OIjRKyd3Sgw1MtffHOy+WSwqHLkGNgH6GAgvZlvhPA/yim+rjnE9oKV5G6PygQK7kJJjS/Lde
12-11 13:48:03.311  1433  1998 V GoogleSignatureVerifier: qxE7M7pNRYPhcLT7qhE7MiuBuyqwAMTTBoU8u3lTdOZwNErbRT5tSXkgVMffkfN7wBNqpSSY
12-11 13:48:03.351  1433  1998 V GoogleSignatureVerifier: com.android.inputdevices signature not valid.  Found: 
12-11 13:48:03.351  1433  1998 V GoogleSignatureVerifier: MIID+zCCAuOgAwIBAgIJAP8GQTI8+VUSMA0GCSqGSIb3DQEBCwUAMIGUMQswCQYDVQQGEwJVUzET
12-11 13:48:03.351  1433  1998 V GoogleSignatureVerifier: MBEGA1UECAwKQ2FsaWZvcm5pYTEWMBQGA1UEBwwNTW91bnRhaW4gVmlldzEQMA4GA1UECgwHQW5k
12-11 13:48:03.351  1433  1998 V GoogleSignatureVerifier: cm9pZDEQMA4GA1UECwwHQW5kcm9pZDEQMA4GA1UEAwwHQW5kcm9pZDEiMCAGCSqGSIb3DQEJARYT
12-11 13:48:03.351  1433  1998 V GoogleSignatureVerifier: YW5kcm9pZEBhbmRyb2lkLmNvbTAeFw0xNDEyMjMwNjQzNDFaFw00MjA1MTAwNjQzNDFaMIGUMQsw
12-11 13:48:03.351  1433  1998 V GoogleSignatureVerifier: CQYDVQQGEwJVUzETMBEGA1UECAwKQ2FsaWZvcm5pYTEWMBQGA1UEBwwNTW91bnRhaW4gVmlldzEQ
12-11 13:48:03.351  1433  1998 V GoogleSignatureVerifier: MA4GA1UECgwHQW5kcm9pZDEQMA4GA1UECwwHQW5kcm9pZDEQMA4GA1UEAwwHQW5kcm9pZDEiMCAG
12-11 13:48:03.351  1433  1998 V GoogleSignatureVerifier: CSqGSIb3DQEJARYTYW5kcm9pZEBhbmRyb2lkLmNvbTCCASAwDQYJKoZIhvcNAQEBBQADggENADCC
12-11 13:48:03.351  1433  1998 V GoogleSignatureVerifier: AQgCggEBAKHY8Fl4XZzpJvgHoezYjhmKPvdq9DGYVc/X9NQO5oUlYIA/Ci5rzvljz13KbNve/Kxu
12-11 13:48:03.351  1433  1998 V GoogleSignatureVerifier: Eu9HN8SzsLg9EBhghOko8JxEg7I8W6uPVOoRngNCMvXzjf6av77vxPqphlgq++Y4MIC+fiOxLd+g
12-11 13:48:03.351  1433  1998 V GoogleSignatureVerifier: pYq0p6W7RWxEgrzLHnWiCX0dRmWDs+ey2t4f1WKzGoRQQS0Tn21CViThrVEe+zNwANnhErUcvoQB
12-11 13:48:03.351  1433  1998 V GoogleSignatureVerifier: 2m4/PQotuij7LZNccHJvUOUf5/4wIZd8JOgO3VLwzFO/HhrqUjafCvkpKTjW8oQmHLUz5m40ljET
12-11 13:48:03.351  1433  1998 V GoogleSignatureVerifier: GEjqQ6AuAwmaeFT+Bwj1DUaYg+m7AzalJ2aAtHVX0FftRUkCAQOjUDBOMB0GA1UdDgQWBBQi+Lgb
12-11 13:48:03.351  1433  1998 V GoogleSignatureVerifier: yFfWSoWCbQ+NVDF4ZKTPCjAfBgNVHSMEGDAWgBQi+LgbyFfWSoWCbQ+NVDF4ZKTPCjAMBgNVHRME
12-11 13:48:03.351  1433  1998 V GoogleSignatureVerifier: BTADAQH/MA0GCSqGSIb3DQEBCwUAA4IBAQBH1kIQlSBjXRMuQdaDLytr8ZaJXIN1HApg2QA8azYQ
12-11 13:48:03.351  1433  1998 V GoogleSignatureVerifier: XOS/B16gwm6tBfh1dL86LL/7w09oM9LZv8WwtQyFNjM97vvQvkaOGW/ubhrKOk3+8HTHkEx4n7H6
12-11 13:48:03.351  1433  1998 V GoogleSignatureVerifier: tYGOLdpmWepDfBSEFuLwq6yqG6wZFdd7IKO+sPlCxqUpqg40YAb4WOwzDbiuJnswDftP3wIaaJPh
12-11 13:48:03.351  1433  1998 V GoogleSignatureVerifier: li6OIjRKyd3Sgw1MtffHOy+WSwqHLkGNgH6GAgvZlvhPA/yim+rjnE9oKV5G6PygQK7kJJjS/Lde
12-11 13:48:03.351  1433  1998 V GoogleSignatureVerifier: qxE7M7pNRYPhcLT7qhE7MiuBuyqwAMTTBoU8u3lTdOZwNErbRT5tSXkgVMffkfN7wBNqpSSY
12-11 13:48:03.354  1433  1998 V GoogleSignatureVerifier: com.android.inputdevices signature not valid.  Found: 
12-11 13:48:03.354  1433  1998 V GoogleSignatureVerifier: MIID+zCCAuOgAwIBAgIJAP8GQTI8+VUSMA0GCSqGSIb3DQEBCwUAMIGUMQswCQYDVQQGEwJVUzET
12-11 13:48:03.354  1433  1998 V GoogleSignatureVerifier: MBEGA1UECAwKQ2FsaWZvcm5pYTEWMBQGA1UEBwwNTW91bnRhaW4gVmlldzEQMA4GA1UECgwHQW5k
12-11 13:48:03.354  1433  1998 V GoogleSignatureVerifier: cm9pZDEQMA4GA1UECwwHQW5kcm9pZDEQMA4GA1UEAwwHQW5kcm9pZDEiMCAGCSqGSIb3DQEJARYT
12-11 13:48:03.354  1433  1998 V GoogleSignatureVerifier: YW5kcm9pZEBhbmRyb2lkLmNvbTAeFw0xNDEyMjMwNjQzNDFaFw00MjA1MTAwNjQzNDFaMIGUMQsw
12-11 13:48:03.354  1433  1998 V GoogleSignatureVerifier: CQYDVQQGEwJVUzETMBEGA1UECAwKQ2FsaWZvcm5pYTEWMBQGA1UEBwwNTW91bnRhaW4gVmlldzEQ
12-11 13:48:03.354  1433  1998 V GoogleSignatureVerifier: MA4GA1UECgwHQW5kcm9pZDEQMA4GA1UECwwHQW5kcm9pZDEQMA4GA1UEAwwHQW5kcm9pZDEiMCAG
12-11 13:48:03.354  1433  1998 V GoogleSignatureVerifier: CSqGSIb3DQEJARYTYW5kcm9pZEBhbmRyb2lkLmNvbTCCASAwDQYJKoZIhvcNAQEBBQADggENADCC
12-11 13:48:03.354  1433  1998 V GoogleSignatureVerifier: AQgCggEBAKHY8Fl4XZzpJvgHoezYjhmKPvdq9DGYVc/X9NQO5oUlYIA/Ci5rzvljz13KbNve/Kxu
12-11 13:48:03.354  1433  1998 V GoogleSignatureVerifier: Eu9HN8SzsLg9EBhghOko8JxEg7I8W6uPVOoRngNCMvXzjf6av77vxPqphlgq++Y4MIC+fiOxLd+g
12-11 13:48:03.354  1433  1998 V GoogleSignatureVerifier: pYq0p6W7RWxEgrzLHnWiCX0dRmWDs+ey2t4f1WKzGoRQQS0Tn21CViThrVEe+zNwANnhErUcvoQB
12-11 13:48:03.354  1433  1998 V GoogleSignatureVerifier: 2m4/PQotuij7LZNccHJvUOUf5/4wIZd8JOgO3VLwzFO/HhrqUjafCvkpKTjW8oQmHLUz5m40ljET
12-11 13:48:03.354  1433  1998 V GoogleSignatureVerifier: GEjqQ6AuAwmaeFT+Bwj1DUaYg+m7AzalJ2aAtHVX0FftRUkCAQOjUDBOMB0GA1UdDgQWBBQi+Lgb
12-11 13:48:03.354  1433  1998 V GoogleSignatureVerifier: yFfWSoWCbQ+NVDF4ZKTPCjAfBgNVHSMEGDAWgBQi+LgbyFfWSoWCbQ+NVDF4ZKTPCjAMBgNVHRME
12-11 13:48:03.354  1433  1998 V GoogleSignatureVerifier: BTADAQH/MA0GCSqGSIb3DQEBCwUAA4IBAQBH1kIQlSBjXRMuQdaDLytr8ZaJXIN1HApg2QA8azYQ
12-11 13:48:03.354  1433  1998 V GoogleSignatureVerifier: XOS/B16gwm6tBfh1dL86LL/7w09oM9LZv8WwtQyFNjM97vvQvkaOGW/ubhrKOk3+8HTHkEx4n7H6
12-11 13:48:03.354  1433  1998 V GoogleSignatureVerifier: tYGOLdpmWepDfBSEFuLwq6yqG6wZFdd7IKO+sPlCxqUpqg40YAb4WOwzDbiuJnswDftP3wIaaJPh
12-11 13:48:03.354  1433  1998 V GoogleSignatureVerifier: li6OIjRKyd3Sgw1MtffHOy+WSwqHLkGNgH6GAgvZlvhPA/yim+rjnE9oKV5G6PygQK7kJJjS/Lde
12-11 13:48:03.354  1433  1998 V GoogleSignatureVerifier: qxE7M7pNRYPhcLT7qhE7MiuBuyqwAMTTBoU8u3lTdOZwNErbRT5tSXkgVMffkfN7wBNqpSSY
12-11 13:48:03.373  1433  1998 V GoogleSignatureVerifier: com.android.keychain signature not valid.  Found: 
12-11 13:48:03.373  1433  1998 V GoogleSignatureVerifier: MIID+zCCAuOgAwIBAgIJAP8GQTI8+VUSMA0GCSqGSIb3DQEBCwUAMIGUMQswCQYDVQQGEwJVUzET
12-11 13:48:03.373  1433  1998 V GoogleSignatureVerifier: MBEGA1UECAwKQ2FsaWZvcm5pYTEWMBQGA1UEBwwNTW91bnRhaW4gVmlldzEQMA4GA1UECgwHQW5k
12-11 13:48:03.373  1433  1998 V GoogleSignatureVerifier: cm9pZDEQMA4GA1UECwwHQW5kcm9pZDEQMA4GA1UEAwwHQW5kcm9pZDEiMCAGCSqGSIb3DQEJARYT
12-11 13:48:03.373  1433  1998 V GoogleSignatureVerifier: YW5kcm9pZEBhbmRyb2lkLmNvbTAeFw0xNDEyMjMwNjQzNDFaFw00MjA1MTAwNjQzNDFaMIGUMQsw
12-11 13:48:03.373  1433  1998 V GoogleSignatureVerifier: CQYDVQQGEwJVUzETMBEGA1UECAwKQ2FsaWZvcm5pYTEWMBQGA1UEBwwNTW91bnRhaW4gVmlldzEQ
12-11 13:48:03.373  1433  1998 V GoogleSignatureVerifier: MA4GA1UECgwHQW5kcm9pZDEQMA4GA1UECwwHQW5kcm9pZDEQMA4GA1UEAwwHQW5kcm9pZDEiMCAG
12-11 13:48:03.373  1433  1998 V GoogleSignatureVerifier: CSqGSIb3DQEJARYTYW5kcm9pZEBhbmRyb2lkLmNvbTCCASAwDQYJKoZIhvcNAQEBBQADggENADCC
12-11 13:48:03.373  1433  1998 V GoogleSignatureVerifier: AQgCggEBAKHY8Fl4XZzpJvgHoezYjhmKPvdq9DGYVc/X9NQO5oUlYIA/Ci5rzvljz13KbNve/Kxu
12-11 13:48:03.373  1433  1998 V GoogleSignatureVerifier: Eu9HN8SzsLg9EBhghOko8JxEg7I8W6uPVOoRngNCMvXzjf6av77vxPqphlgq++Y4MIC+fiOxLd+g
12-11 13:48:03.373  1433  1998 V GoogleSignatureVerifier: pYq0p6W7RWxEgrzLHnWiCX0dRmWDs+ey2t4f1WKzGoRQQS0Tn21CViThrVEe+zNwANnhErUcvoQB
12-11 13:48:03.373  1433  1998 V GoogleSignatureVerifier: 2m4/PQotuij7LZNccHJvUOUf5/4wIZd8JOgO3VLwzFO/HhrqUjafCvkpKTjW8oQmHLUz5m40ljET
12-11 13:48:03.373  1433  1998 V GoogleSignatureVerifier: GEjqQ6AuAwmaeFT+Bwj1DUaYg+m7AzalJ2aAtHVX0FftRUkCAQOjUDBOMB0GA1UdDgQWBBQi+Lgb
12-11 13:48:03.373  1433  1998 V GoogleSignatureVerifier: yFfWSoWCbQ+NVDF4ZKTPCjAfBgNVHSMEGDAWgBQi+LgbyFfWSoWCbQ+NVDF4ZKTPCjAMBgNVHRME
12-11 13:48:03.373  1433  1998 V GoogleSignatureVerifier: BTADAQH/MA0GCSqGSIb3DQEBCwUAA4IBAQBH1kIQlSBjXRMuQdaDLytr8ZaJXIN1HApg2QA8azYQ
12-11 13:48:03.373  1433  1998 V GoogleSignatureVerifier: XOS/B16gwm6tBfh1dL86LL/7w09oM9LZv8WwtQyFNjM97vvQvkaOGW/ubhrKOk3+8HTHkEx4n7H6
12-11 13:48:03.373  1433  1998 V GoogleSignatureVerifier: tYGOLdpmWepDfBSEFuLwq6yqG6wZFdd7IKO+sPlCxqUpqg40YAb4WOwzDbiuJnswDftP3wIaaJPh
12-11 13:48:03.373  1433  1998 V GoogleSignatureVerifier: li6OIjRKyd3Sgw1MtffHOy+WSwqHLkGNgH6GAgvZlvhPA/yim+rjnE9oKV5G6PygQK7kJJjS/Lde
12-11 13:48:03.373  1433  1998 V GoogleSignatureVerifier: qxE7M7pNRYPhcLT7qhE7MiuBuyqwAMTTBoU8u3lTdOZwNErbRT5tSXkgVMffkfN7wBNqpSSY
12-11 13:48:03.377  1433  1998 V GoogleSignatureVerifier: com.android.keychain signature not valid.  Found: 
12-11 13:48:03.377  1433  1998 V GoogleSignatureVerifier: MIID+zCCAuOgAwIBAgIJAP8GQTI8+VUSMA0GCSqGSIb3DQEBCwUAMIGUMQswCQYDVQQGEwJVUzET
12-11 13:48:03.377  1433  1998 V GoogleSignatureVerifier: MBEGA1UECAwKQ2FsaWZvcm5pYTEWMBQGA1UEBwwNTW91bnRhaW4gVmlldzEQMA4GA1UECgwHQW5k
12-11 13:48:03.377  1433  1998 V GoogleSignatureVerifier: cm9pZDEQMA4GA1UECwwHQW5kcm9pZDEQMA4GA1UEAwwHQW5kcm9pZDEiMCAGCSqGSIb3DQEJARYT
12-11 13:48:03.377  1433  1998 V GoogleSignatureVerifier: YW5kcm9pZEBhbmRyb2lkLmNvbTAeFw0xNDEyMjMwNjQzNDFaFw00MjA1MTAwNjQzNDFaMIGUMQsw
12-11 13:48