01-01 22:30:37.650   571  1174 E WifiService: Invoking mWifiStateMachine.setWifiEnabled
01-01 22:30:37.763   571   571 V KeyguardServiceDelegate: *** Keyguard connected (yay!)
01-01 22:30:37.875   571   701 V KeyguardServiceDelegate: **** SHOWN CALLED ****
01-01 22:30:37.876   571   592 V WindowManager: Resize reasons for w=Window{869f9a0 u0 KeyguardScrim}:  contentInsetsChanged=true [0,0][0,0] visibleInsetsChanged=false [0,0][0,0] stableInsetsChanged=false [0,0][0,0] outsetsChanged=false [0,0][0,0] surfaceResized=false configChanged=false
01-01 22:30:37.876   571   592 V WindowManager: Changing surface while display frozen: Window{869f9a0 u0 KeyguardScrim}
01-01 22:30:37.876   571   592 V WindowManager: Orientation start waiting for draw mDrawState=DRAW_PENDING in Window{869f9a0 u0 KeyguardScrim}, surface Surface(name=KeyguardScrim_Force_To_Dual)
01-01 22:30:37.876   571   592 V WindowManager: Resizing window Window{869f9a0 u0 KeyguardScrim} to 1920.0x1200.0
01-01 22:30:37.876   571   592 V WindowManager: Eval win Window{47641a6 u0 com.roboteam.teamy.usa/com.roboteam.teamy.home.HomeActivity}: isDrawn=false, isAnimating=false
01-01 22:30:37.876   571   592 V WindowManager: Not displayed: s=null pv=false mDrawState=NO_SURFACE ah=false th=true a=false
01-01 22:30:37.876   571   592 V WindowState: Reporting new frame to Window{869f9a0 u0 KeyguardScrim}: Rect(0, 0 - 1920, 1200)
01-01 22:30:37.876   571   592 I WindowState: Resizing Window{869f9a0 u0 KeyguardScrim} WITH DRAW PENDING
01-01 22:30:37.877   571   592 E WindowManager: Unknown window type: 2999
01-01 22:30:37.877   571   592 I WindowManager:   SURFACE SHOW (performShowLocked): Window{2e6df94 u0 com.roboteam.teamy.usa}
01-01 22:30:37.878   571   592 V WindowStateAnimator: Orientation continue waiting for draw in Window{869f9a0 u0 KeyguardScrim}
01-01 22:30:37.879   571   571 V WindowManager: Done at AppWindowToken{5740fc9 token=Token{40063d0 ActivityRecord{d8ef793 u0 com.roboteam.teamy.usa/com.roboteam.teamy.boot.BootActivity t212}}} -- full screen, return 0
01-01 22:30:37.879   571   571 V WindowManager: Deferring rotation, display is not enabled.
01-01 22:30:37.879   571   571 V WindowManager: Eval win Window{47641a6 u0 com.roboteam.teamy.usa/com.roboteam.teamy.home.HomeActivity}: isDrawn=false, isAnimating=false
01-01 22:30:37.879   571   571 V WindowManager: Not displayed: s=null pv=true mDrawState=NO_SURFACE ah=false th=true a=false
01-01 22:30:37.895   571   592 E WindowManager: Unknown window type: 2999
01-01 22:30:37.895   571   592 V WindowStateAnimator: Orientation change skips hidden Window{869f9a0 u0 KeyguardScrim}
01-01 22:30:37.896   571   592 V WindowManager: Eval win Window{47641a6 u0 com.roboteam.teamy.usa/com.roboteam.teamy.home.HomeActivity}: isDrawn=false, isAnimating=false
01-01 22:30:37.896   571   592 V WindowManager: Not displayed: s=null pv=true mDrawState=NO_SURFACE ah=false th=true a=false
01-01 22:30:37.898   571   592 I WindowManager: ******* TELLING SURFACE FLINGER WE ARE BOOTED!
01-01 22:30:37.898   192   715 I SurfaceFlinger: Boot is finished (34759 ms)
01-01 22:30:37.913   571   592 E WindowManager: Unknown window type: 2999
01-01 22:30:37.929   688   688 D PhoneStatusBar: disable: < expand* icons alerts system_info back* home* recent* clock search* quick_settings >
01-01 22:30:38.077  1004  1014 W art     : Suspending all threads took: 16.395ms
01-01 22:30:38.094  1004  1004 V UserPresentBroadcastReceiver: Received Intent { act=android.intent.action.USER_PRESENT flg=0x24000010 cmp=com.google.android.gms/.trustagent.UserPresentBroadcastReceiver }.
01-01 22:30:38.318  1004  1415 I Scheduler: Use legacy PeriodicScheduler
01-01 22:30:38.326  1004  1415 I Scheduler: Cleaning up unwanted schedulers, if there are any.
01-01 22:30:38.705   571   592 I SystemServiceManager: Starting phase 1000
01-01 22:30:38.720   688   688 I ndroid.systemui: type=1400 audit(0.0:16): avc: denied { write } for name="property_service" dev="tmpfs" ino=8459 scontext=u:r:platform_app:s0:c512,c768 tcontext=u:object_r:property_socket:s0 tclass=sock_file permissive=1
01-01 22:30:38.720   571   592 I ActivityManager: Start proc 1558:com.android.bluetooth/1002 for on-hold
01-01 22:30:38.722   571   592 V WindowManager: updateRotationUnchecked(alwaysSendConfiguration=true)
01-01 22:30:38.723   571   592 V WindowManager: Application requested orientation 0, got rotation 1 which has compatible metrics
01-01 22:30:38.723   571   592 V WindowManager: Eval win Window{47641a6 u0 com.roboteam.teamy.usa/com.roboteam.teamy.home.HomeActivity}: isDrawn=false, isAnimating=false
01-01 22:30:38.723   571   592 V WindowManager: Not displayed: s=null pv=true mDrawState=NO_SURFACE ah=false th=true a=false
01-01 22:30:38.724   571   592 V WindowManager: Eval win Window{47641a6 u0 com.roboteam.teamy.usa/com.roboteam.teamy.home.HomeActivity}: isDrawn=false, isAnimating=false
01-01 22:30:38.724   571   592 V WindowManager: Not displayed: s=null pv=true mDrawState=NO_SURFACE ah=false th=true a=false
01-01 22:30:38.725   571   592 V WindowManager: updateRotationUnchecked(alwaysSendConfiguration=false)
01-01 22:30:38.725   571   592 V WindowManager: Application requested orientation 0, got rotation 1 which has compatible metrics
01-01 22:30:38.725   571   592 V WindowManager: Eval win Window{47641a6 u0 com.roboteam.teamy.usa/com.roboteam.teamy.home.HomeActivity}: isDrawn=false, isAnimating=false
01-01 22:30:38.725   571   592 V WindowManager: Not displayed: s=null pv=true mDrawState=NO_SURFACE ah=false th=true a=false
01-01 22:30:38.727   571   592 E WindowManager: Unknown window type: 2999
01-01 22:30:38.730   688  1073 D KeyboardUI: kkkkkkkkk   Enter onBootCompletedInternal() call playSound() ----
01-01 22:30:38.730   688  1073 D KeyboardUI: kkkkkkkkk   keyboardUI.cpp -- Enter playSound ()----
01-01 22:30:38.731   688  1073 D KeyboardUI: kkkkkkkkk   playSound ()----mLockSounds.play()
01-01 22:30:38.732   688   688 V KeyguardUpdateMonitor: kkkkkk stop service.copyfile == 0 
01-01 22:30:38.737   571   571 D ZenLog  : intercepted: -1|android|17040349|null|1000,alarmsOnly
01-01 22:30:38.738   571   571 V NotificationService: pkg=android canInterrupt=false intercept=true
01-01 22:30:38.740   571   571 D Tethering: ACTION_USB_STATE received, usbConnected=true, mRndisEnabled=false
01-01 22:30:38.748   688  1073 W AudioTrack: AUDIO_OUTPUT_FLAG_FAST denied by client; transfer 4, track 44100 Hz, output 48000 Hz
01-01 22:30:38.759  1035  1035 D RKUpdateReceiver: action = android.hardware.usb.action.USB_STATE
01-01 22:30:38.787   235   307 D AudioHardwareTiny: start_output_stream
01-01 22:30:38.794   235   307 D alsa_route: route_info->sound_card 0, route_info->devices 0  
01-01 22:30:38.794   235   307 D alsa_route: route_set_controls() set route 0
01-01 22:30:38.828   571  1574 I RecoverySystem: No recovery log file
01-01 22:30:38.922  1304  1304 D MtpService: starting MTP server in MTP mode
01-01 22:30:38.924  1304  1304 D MtpService: Adding MTP storage 0x10001 at /storage/emulated/0
01-01 22:30:38.959  1355  1355 E DisplayOutputManager: Error listing main interfaces :java.lang.NullPointerException: Attempt to get length of null array
01-01 22:30:38.959  1355  1355 E DisplayOutputManager: Error listing aux interfaces :java.lang.NullPointerException: Attempt to get length of null array
01-01 22:30:38.959  1355  1355 E DisplayOutputManager: There is no display interface.
01-01 22:30:38.960  1355  1355 D HdmiReceiver: hdmi receiver action=android.intent.action.BOOT_COMPLETED
01-01 22:30:38.960  1355  1355 D HdmiReceiver: BOOT_COMPLETED
01-01 22:30:38.994  1355  1355 D CABC    : isOpen=false
01-01 22:30:39.001  1355  1355 W System.err: java.io.FileNotFoundException: /sys/class/graphics/fb0/cabc: open failed: EACCES (Permission denied)
01-01 22:30:39.001  1355  1355 W System.err: 	at libcore.io.IoBridge.open(IoBridge.java:452)
01-01 22:30:39.001  1355  1355 W System.err: 	at java.io.FileOutputStream.<init>(FileOutputStream.java:87)
01-01 22:30:39.001  1355  1355 W System.err: 	at java.io.FileOutputStream.<init>(FileOutputStream.java:72)
01-01 22:30:39.001  1355  1355 W System.err: 	at com.android.settings.CABCReceiver.setCABC(CABCReceiver.java:59)
01-01 22:30:39.001  1355  1355 W System.err: 	at com.android.settings.CABCReceiver.onReceive(CABCReceiver.java:43)
01-01 22:30:39.001  1355  1355 W System.err: 	at android.app.ActivityThread.handleReceiver(ActivityThread.java:2725)
01-01 22:30:39.001  1355  1355 W System.err: 	at android.app.ActivityThread.-wrap14(ActivityThread.java)
01-01 22:30:39.001  1355  1355 W System.err: 	at android.app.ActivityThread$H.handleMessage(ActivityThread.java:1421)
01-01 22:30:39.001  1355  1355 W System.err: 	at android.os.Handler.dispatchMessage(Handler.java:102)
01-01 22:30:39.001  1355  1355 W System.err: 	at android.os.Looper.loop(Looper.java:148)
01-01 22:30:39.001  1355  1355 W System.err: 	at android.app.ActivityThread.main(ActivityThread.java:5417)
01-01 22:30:39.001  1355  1355 W System.err: 	at java.lang.reflect.Method.invoke(Native Method)
01-01 22:30:39.001  1355  1355 W System.err: 	at com.android.internal.os.ZygoteInit$MethodAndArgsCaller.run(ZygoteInit.java:772)
01-01 22:30:39.001  1355  1355 W System.err: 	at com.android.internal.os.ZygoteInit.main(ZygoteInit.java:662)
01-01 22:30:39.001  1355  1355 W System.err: Caused by: android.system.ErrnoException: open failed: EACCES (Permission denied)
01-01 22:30:39.001  1355  1355 W System.err: 	at libcore.io.Posix.open(Native Method)
01-01 22:30:39.002  1355  1355 W System.err: 	at libcore.io.BlockGuardOs.open(BlockGuardOs.java:186)
01-01 22:30:39.002  1355  1355 W System.err: 	at libcore.io.IoBridge.open(IoBridge.java:438)
01-01 22:30:39.002  1355  1355 W System.err: 	... 13 more
01-01 22:30:39.018   571  1568 I ActivityManager: Start proc 1585:com.android.keychain/1000 for service com.android.keychain/.KeyChainService
01-01 22:30:39.033   659   659 D StressTest: =========onReceive===rebootFlag:0
01-01 22:30:39.045   571  1570 W Searchables: No global search activity found
01-01 22:30:39.100  1585  1585 W System  : ClassLoader referenced unknown path: /system/app/KeyChain/lib/arm
01-01 22:30:39.116  1004  1004 D PersistentNotificationChimeraBroadcastReceiver: Received intent: Intent { act=android.intent.action.BOOT_COMPLETED flg=0x8000010 cmp=com.google.android.gms/.auth.setup.notification.PersistentNotificationBroadcastReceiver (has extras) }
01-01 22:30:39.150  1478  1618 E LoadManifestTask: Can't find Chimera operation impl class com.google.android.gms.auth.account.be.recovery.AccountRecoveryInitIntentOperation dropping operation
01-01 22:30:39.150  1478  1618 E LoadManifestTask: java.lang.ClassNotFoundException: Didn't find class "com.google.android.gms.auth.account.be.recovery.AccountRecoveryInitIntentOperation" on path: DexPathList[[zip file "/system/framework/com.android.location.provider.jar", zip file "/system/framework/com.android.media.remotedisplay.jar", zip file "/system/priv-app/GMSCore/GMSCore.apk"],nativeLibraryDirectories=[/system/priv-app/GMSCore/lib/arm, /system/priv-app/GMSCore/GMSCore.apk!/lib/armeabi-v7a, /vendor/lib, /system/lib]]
01-01 22:30:39.150  1478  1618 E LoadManifestTask: 	at dalvik.system.BaseDexClassLoader.findClass(BaseDexClassLoader.java:56)
01-01 22:30:39.150  1478  1618 E LoadManifestTask: 	at java.lang.ClassLoader.loadClass(ClassLoader.java:511)
01-01 22:30:39.150  1478  1618 E LoadManifestTask: 	at java.lang.ClassLoader.loadClass(ClassLoader.java:469)
01-01 22:30:39.150  1478  1618 E LoadManifestTask: 	at bfs.run(SourceFile:1773)
01-01 22:30:39.150  1478  1618 E LoadManifestTask: 	at java.util.concurrent.ThreadPoolExecutor.runWorker(ThreadPoolExecutor.java:1113)
01-01 22:30:39.150  1478  1618 E LoadManifestTask: 	at java.util.concurrent.ThreadPoolExecutor$Worker.run(ThreadPoolExecutor.java:588)
01-01 22:30:39.150  1478  1618 E LoadManifestTask: 	at java.lang.Thread.run(Thread.java:818)
01-01 22:30:39.150  1478  1618 E LoadManifestTask: 	Suppressed: java.lang.ClassNotFoundException: com.google.android.gms.auth.account.be.recovery.AccountRecoveryInitIntentOperation
01-01 22:30:39.150  1478  1618 E LoadManifestTask: 		at java.lang.Class.classForName(Native Method)
01-01 22:30:39.150  1478  1618 E LoadManifestTask: 		at java.lang.BootClassLoader.findClass(ClassLoader.java:781)
01-01 22:30:39.150  1478  1618 E LoadManifestTask: 		at java.lang.BootClassLoader.loadClass(ClassLoader.java:841)
01-01 22:30:39.150  1478  1618 E LoadManifestTask: 		at java.lang.ClassLoader.loadClass(ClassLoader.java:504)
01-01 22:30:39.150  1478  1618 E LoadManifestTask: 		... 5 more
01-01 22:30:39.150  1478  1618 E LoadManifestTask: 	Caused by: java.lang.NoClassDefFoundError: Class not found using the boot class loader; no stack trace available
01-01 22:30:39.227  1558  1558 D AdapterServiceConfig: Adding A2dpSinkService
01-01 22:30:39.227  1558  1558 D AdapterServiceConfig: Adding HidService
01-01 22:30:39.228  1558  1558 D AdapterServiceConfig: Adding HealthService
01-01 22:30:39.228  1558  1558 D AdapterServiceConfig: Adding PanService
01-01 22:30:39.228  1558  1558 D AdapterServiceConfig: Adding GattService
01-01 22:30:39.228  1558  1558 D AdapterServiceConfig: Adding HeadsetClientService
01-01 22:30:39.228  1558  1558 D AdapterServiceConfig: Adding AvrcpControllerService
01-01 22:30:39.244  1478  1605 D FileApkUtils: Optimizing (staging complete)
01-01 22:30:39.244  1478  1605 D FileApkUtils: Optimizing: DynamiteModulesA_GmsCore_prodmnc_xhdpi_release.apk [28bb7d0a3294b0b8b1e7dfffd4b771e0511a1b9d2b9f2732ecb9e4c2eb81a1b2]
01-01 22:30:39.246  1478  1605 D DexOptUtils: Module /data/user/0/com.google.android.gms/app_chimera/m/00000000/DynamiteModulesA_GmsCore_prodmnc_xhdpi_release.apk is already optimized. Bailing.
01-01 22:30:39.246  1478  1605 D FileApkUtils: Optimizing: DynamiteModulesC_GmsCore_prodmnc_xhdpi_release.apk [ea78df0ad3d8f58f9577c8e426f1ef4cb9e3f6099badef2b88175f23b8a5ff03]
01-01 22:30:39.361   571  1180 I ActivityManager: Start proc 1623:com.android.managedprovisioning/u0a8 for broadcast com.android.managedprovisioning/.BootReminder
01-01 22:30:39.397   571  1574 W art     : Long monitor contention event with owner method=boolean libcore.io.Posix.access(java.lang.String, int) from Posix.java:4294967294 waiters=0 for 567ms
01-01 22:30:39.397  1478  1605 D DexOptUtils: Module /data/user/0/com.google.android.gms/app_chimera/m/00000002/DynamiteModulesC_GmsCore_prodmnc_xhdpi_release.apk is already optimized. Bailing.
01-01 22:30:39.397  1478  1605 D FileApkUtils: Optimizing: DynamiteModulesB_GmsCore_prodmnc_xhdpi_release.apk [fdddbd546e514cb5293398a8239137763e97647767d6b423d3c205f19ac2df10]
01-01 22:30:39.397   571  1574 I BootReceiver: Copying /proc/last_kmsg to DropBox (SYSTEM_LAST_KMSG)
01-01 22:30:39.405   571  1574 I BootReceiver: Copying audit failures to DropBox
01-01 22:30:39.410   571  1574 I BootReceiver: Copied 0 worth of audits to DropBox
01-01 22:30:39.410   571  1574 I BootReceiver: Checking for fsck errors
01-01 22:30:39.563  1478  1605 D DexOptUtils: Module /data/user/0/com.google.android.gms/app_chimera/m/00000001/DynamiteModulesB_GmsCore_prodmnc_xhdpi_release.apk is already optimized. Bailing.
01-01 22:30:39.568  1478  1605 D GmsModuleFndr: Beginning GMS chimera module scan
01-01 22:30:39.574   571   591 D BluetoothManagerService: Added callback: android.bluetooth.IBluetoothManagerCallback$Stub$Proxy@cbff9d9:true
01-01 22:30:39.574  1558  1558 D BluetoothAdapterState: make() - Creating AdapterState
01-01 22:30:39.579  1623  1623 W System  : ClassLoader referenced unknown path: /system/priv-app/ManagedProvisioning/lib/arm
01-01 22:30:39.580  1558  1558 I bt_bluedroid: init
01-01 22:30:39.580  1558  1640 I BluetoothAdapterState: Entering OffState
01-01 22:30:39.583  1558  1641 I bt_bte_conf: bte_load_ble_conf attempt to load ble stack conf from /etc/bluetooth/ble_stack.conf
01-01 22:30:39.584  1478  1605 D GmsModuleFndr: Module pkg com.google.android.apps.kids.familylinkmanager not installed, skipping
01-01 22:30:39.584  1478  1605 D GmsModuleFndr: Module pkg com.google.android.gms.policy_test_support not installed, skipping
01-01 22:30:39.584  1558  1641 E bt_osi_config: config_new unable to open file '/etc/bluetooth/ble_stack.conf': No such file or directory
01-01 22:30:39.584  1558  1641 I bt_bte_conf: bte_load_ble_conf file >/etc/bluetooth/ble_stack.conf< not found
01-01 22:30:39.585  1478  1605 D GmsModuleFndr: Module pkg com.google.android.apps.kids.familylink not installed, skipping
01-01 22:30:39.585  1558  1641 I bt_stack_config: init attempt to load stack conf from /etc/bluetooth/bt_stack.conf
01-01 22:30:39.585  1478  1605 D GmsModuleFndr: Module pkg com.google.android.play.games not installed, skipping
01-01 22:30:39.586  1558  1641 E bt_btif : Get local bdaddr from vflash
01-01 22:30:39.586  1558  1641 E bt_btif : btif_fetch_local_bdaddr, local bdaddr is stored in /data/misc/bluetooth/bdaddr
01-01 22:30:39.587  1558  1641 E bt_btif : btif_fetch_local_bdaddr: Got Factory BDA cc:4b:73:82:30:51
01-01 22:30:39.587  1558  1558 I bt_bluedroid: get_profile_interface socket
01-01 22:30:39.589  1558  1558 I bt_bluedroid: get_profile_interface sdp
01-01 22:30:39.592  1558  1644 D BluetoothAdapterProperties: Address is:CC:4B:73:82:30:51
01-01 22:30:39.592  1558  1572 I bt_bluedroid: config_hci_snoop_log
01-01 22:30:39.593  1558  1644 D BluetoothAdapterProperties: Name is: Brandon's temi
01-01 22:30:39.593   571   591 D BluetoothManagerService: Broadcasting onBluetoothServiceUp() to 6 receivers.
01-01 22:30:39.596  1558  1640 D BluetoothAdapterState: Current state: OFF, message: 0
01-01 22:30:39.597  1558  1640 D BluetoothAdapterProperties: Setting state to 14
01-01 22:30:39.597  1558  1640 I BluetoothAdapterState: Bluetooth adapter state changed: 10-> 14
01-01 22:30:39.600  1558  1640 D BluetoothBondStateMachine: make
01-01 22:30:39.604  1558  1648 I BluetoothBondStateMachine: StableState(): Entering Off State
01-01 22:30:39.605  1478  1605 D ChimeraCfgMgr: Beginning module configuration check
01-01 22:30:39.606  1558  1640 I BluetoothAdapterState: Entering PendingCommandState
01-01 22:30:39.607  1558  1558 I BtGatt.JNI: classInitNative(L912): classInitNative: Success!
01-01 22:30:39.609  1558  1558 D BluetoothAdapterService: getAdapterService() - returning com.android.bluetooth.btservice.AdapterService@5a3dfa
01-01 22:30:39.609  1558  1558 D BtGatt.DebugUtils: handleDebugAction() action=null
01-01 22:30:39.611  1558  1558 D BtGatt.GattService: Received start request. Starting profile...
01-01 22:30:39.611  1558  1558 D BtGatt.GattService: start()
01-01 22:30:39.611  1558  1558 I bt_bluedroid: get_profile_interface gatt
01-01 22:30:39.613  1558  1558 D BluetoothAdapterService: getAdapterService() - returning com.android.bluetooth.btservice.AdapterService@5a3dfa
01-01 22:30:39.613  1558  1558 D BtGatt.AdvertiseManager: advertise manager created
01-01 22:30:39.620  1558  1558 V BluetoothAdapterState: isTurningOff()=false
01-01 22:30:39.620  1558  1558 V BluetoothAdapterState: isTurningOn()=false
01-01 22:30:39.620  1558  1558 V BluetoothAdapterState: isBleTurningOn()=true
01-01 22:30:39.620  1558  1558 V BluetoothAdapterState: isBleTurningOff()=false
01-01 22:30:39.621  1558  1640 D BluetoothAdapterState: Current state: PENDING_COMMAND, message: 4
01-01 22:30:39.622  1558  1640 I bt_bluedroid: bt_bluedroid
01-01 22:30:39.622  1558  1641 D bt_stack_manager: event_start_up_stack is bringing up the stack.
01-01 22:30:39.622  1558  1641 I bt_hci  : start_up
01-01 22:30:39.623  1478  1605 D ChimeraCfgMgr: Module APKs unchanged, check complete
01-01 22:30:39.624  1558  1641 D WifiHW  : check_wifi_chip_type_string: AP6335
01-01 22:30:39.624  1558  1641 D bt_vendor: vendor_open load libbt-vendor.so
01-01 22:30:39.634  1558  1641 I bt_vendor: alloc value 0xa1e3d829
01-01 22:30:39.634  1558  1641 I bt_vendor: init
01-01 22:30:39.634  1558  1641 I bt_vnd_conf: Attempt to load conf from /etc/bluetooth/bt_vendor.conf
01-01 22:30:39.635  1558  1641 I bt_hci  : start_up bluetooth_rtk_h5_flag :0
01-01 22:30:39.638   571   582 I ActivityManager: Start proc 1656:com.android.onetimeinitializer/u0a9 for broadcast com.android.onetimeinitializer/.OneTimeInitializerReceiver
01-01 22:30:39.658  1558  1641 D bt_upio : Delay 500ms for bluetooth power up
01-01 22:30:39.764  1478  1619 W InstanceID/Rpc: Found 10006
01-01 22:30:39.765  1656  1656 W System  : ClassLoader referenced unknown path: /system/priv-app/OneTimeInitializer/lib/arm
01-01 22:30:39.766  1656  1656 V OneTimeInitializerRece: OneTimeInitializerReceiver.onReceive
01-01 22:30:39.784   571   731 I ActivityManager: Start proc 1673:com.google.android.inputmethod.pinyin/u0a25 for broadcast com.google.android.inputmethod.pinyin/com.google.android.apps.inputmethod.libs.framework.core.LauncherIconVisibilityInitializer
01-01 22:30:39.849  1478  1619 D AuthInitIntentOperation: Initializing Auth, action is android.intent.action.BOOT_COMPLETED ,InitRuntimeState=2
01-01 22:30:39.863  1478  1619 W Auth    : [FRP,FrpUpdateIntentService] Received invalid intent action: com.google.android.gms.auth.ACTION_INVALID
01-01 22:30:39.870  1004  1004 I Auth    : [AuthDelegateWrapper] Service intent: Intent { cmp=com.google.android.gms/.auth.account.authenticator.DefaultAuthDelegateService }.
01-01 22:30:39.903  1004  1004 I Auth    : [AuthDelegateWrapper] Service intent: Intent { cmp=com.google.android.gms/.auth.account.authenticator.DefaultAuthDelegateService }.
01-01 22:30:39.909  1478  1619 D AccountStateSyncAdapterInitIntentOperation: Initializing AccountStateSyncAdapter, action is android.intent.action.BOOT_COMPLETED ,InitRuntimeState=2
01-01 22:30:39.909  1478  1619 D AuthZenInitIntentOperation: Initializing Authzen, action is android.intent.action.BOOT_COMPLETED ,InitRuntimeState=2
01-01 22:30:39.911  1673  1673 W System  : ClassLoader referenced unknown path: /system/app/GoogleInput/lib/arm
01-01 22:30:39.913  1478  1619 D EasyUnlockInitOp: Initializing EasyUnlock, InitRuntimeState=2
01-01 22:30:39.920  1004  1004 I Auth    : [AuthDelegateWrapper] Service intent: Intent { cmp=com.google.android.gms/.auth.account.authenticator.DefaultAuthDelegateService }.
01-01 22:30:39.921  1478  1693 V AuthZen : Handling intent: android.intent.action.BOOT_COMPLETED
01-01 22:30:39.924  1004  1692 W WakefulBroadcastReceiver: No active wake lock id #1
01-01 22:30:39.968  1478  1619 D PeriodicTasksManager: Will schedule periodic tasks:android.intent.action.BOOT_COMPLETED.
01-01 22:30:39.973  1004  1698 D EasyUnlockInitService: Handling intent for initializer IntentService.
01-01 22:30:39.986  1478  1619 D PeriodicTasksManager: Scheduling periodical signal task every 86400 seconds
01-01 22:30:39.997  1478  1619 D PeriodicTasksManager: AdAttestation signal task scheduled
01-01 22:30:40.002  1478  1699 I CheckinService: Disabling old GoogleServicesFramework version
01-01 22:30:40.011  1478  1619 D GCM     : COMPAT: Multi user ser=0 current=0
01-01 22:30:40.027  1478  1693 I GoogleURLConnFactory: Using platform SSLCertificateSocketFactory
01-01 22:30:40.030  1478  1701 V CheckinChimeraService: No Subscriptions found on the device
01-01 22:30:40.032  1478  1693 E BaseAppContext: Tried to stop global GMSCore RequestQueue. This is likely unintended, so ignoring.
01-01 22:30:40.033  1478  1693 V BaseAppContext: GmsRequestQueue started.
01-01 22:30:40.057  1004  1004 D WearableService: callingUid 10006, callindPid: 1004
01-01 22:30:40.062  1478  1693 D AuthZenEventHandler: Handling event: android.intent.action.BOOT_COMPLETED
01-01 22:30:40.073  1478  1701 I CheckinChimeraService: Checking schedule, now: 1293883240073 next: 1294423656073
01-01 22:30:40.074  1478  1701 I CheckinChimeraService: active receiver: disabled
01-01 22:30:40.158  1478  1711 W art     : Long monitor contention event with owner method=void android.app.SharedPreferencesImpl$1.run() from SharedPreferencesImpl.java:90 waiters=1 for 103ms
01-01 22:30:40.241  1304  1655 W MediaScanner: Error opening directory '/oem/media/', skipping: No such file or directory.
01-01 22:30:40.281  1478  1693 D AuthZenTransactionCache: Initialized cache in: /data/user/0/com.google.android.gms/files
01-01 22:30:40.282  1478  1693 D AuthZenTransactionCache: Clearing transaction cache
01-01 22:30:40.298  1558  1641 D bt_upio : Delay 500ms for bluetooth power up
01-01 22:30:40.395  1673  1673 I AndroidIME: com.google.android.apps.inputmethod.libs.framework.core.LauncherIconVisibilityInitializerBase: android.intent.action.BOOT_COMPLETED
01-01 22:30:40.398   986   986 I SystemBroadcastReceiver: Boot has been completed
01-01 22:30:40.398   986   986 I SystemBroadcastReceiver: toggleAppIcon() : FLAG_SYSTEM = true
01-01 22:30:40.402  1035  1035 D RKUpdateReceiver: action = android.intent.action.BOOT_COMPLETED
01-01 22:30:40.402  1035  1035 D RKUpdateReceiver: RKUpdateReceiver recv ACTION_BOOT_COMPLETED.
01-01 22:30:40.418   571  1174 I ActivityManager: Start proc 1721:com.google.android.youtube/u0a43 for broadcast com.google.android.youtube/com.google.android.libraries.youtube.mdx.background.MdxBackgroundScanBootReceiver
01-01 22:30:40.435  1035  1035 I android_rockchip_update_UpdateService.cpp: JNI_OnLoad
01-01 22:30:40.506  1035  1035 D RKUpdateService: starting RKUpdateService, version is 1.8.0
01-01 22:30:40.510  1035  1035 D RKUpdateService: remote uri is http://ro.product.ota.host=120.76.73.32:2305/OtaUpdater/android?product=rk3288&version=1.0.1&sn=SZJHWJZQZ0&country=US&language=en
01-01 22:30:40.511  1035  1035 D RKUpdateService: remote uri backup is http://192.168.1.143:2300/OtaUpdater/android?product=rk3288&version=1.0.1&sn=SZJHWJZQZ0&country=US&language=en
01-01 22:30:40.521  1035  1035 D RKUpdateService: first startup!!!
01-01 22:30:40.528  1035  1035 D RKUpdateService: onStartCommand.......
01-01 22:30:40.528  1035  1035 D RKUpdateService: command = 1 delaytime = 20000
01-01 22:30:40.528  1035  1035 D RKUpdateService: onStartCommand.......
01-01 22:30:40.528  1035  1035 D RKUpdateService: command = 2 delaytime = 25000
01-01 22:30:40.619  1004  1748 D GCM     : GcmService start Intent { flg=0x8000010 cmp=com.google.android.gms/.gcm.GcmService (has extras) } null
01-01 22:30:40.633  1004  1004 E GmsWearableNodeHelper: GoogleApiClient connection failed: ConnectionResult{statusCode=API_UNAVAILABLE, resolution=null, message=null}
01-01 22:30:40.729  1004  1752 I PhenotypeConfigurator: Scheduling Phenotype for one-off execution 9172 seconds from now (1293883240729)
01-01 22:30:40.750  1478  1619 I FA-SVC  : App measurement is starting up, version: 9083
01-01 22:30:40.750  1478  1619 I FA-SVC  : To enable debug logging run: adb shell setprop log.tag.FA VERBOSE
01-01 22:30:40.782  1478  1757 V FA-SVC  : Update service enabled state to: 1
01-01 22:30:40.783  1478  1757 I FA-SVC  : This instance being marked as an uploader
01-01 22:30:40.819  1478  1751 D fdn     : Opening database auth.proximity.permit_store...
01-01 22:30:40.824  1004  1698 D EasyUnlockInitService: Not initializing EasyUnlock: remote_devices=0, bluetooth_on=false
01-01 22:30:40.867  1478  1619 V SmartDevice: [service,SmartDeviceIntentHandlers] OnUpgradeOrBootOperation got intent: Intent { act=android.intent.action.BOOT_COMPLETED flg=0x8000010 cmp=com.google.android.gms/.chimera.GmsIntentOperationService (has extras) } with flag 2
01-01 22:30:40.879  1478  1762 E MDM     : [136] rlj.a: Couldn't connect to Google API client: ConnectionResult{statusCode=API_UNAVAILABLE, resolution=null, message=null}
01-01 22:30:40.896  1721  1731 W art     : Suspending all threads took: 80.572ms
01-01 22:30:40.928  1478  1619 I DynamiteModule: Considering local module com.google.android.gms.googlecertificates:1 and remote module com.google.android.gms.googlecertificates:1
01-01 22:30:40.928  1478  1619 I DynamiteModule: Selected remote version of com.google.android.gms.googlecertificates, version >= 1
01-01 22:30:40.937  1478  1619 W System  : ClassLoader referenced unknown path: /data/user/0/com.google.android.gms/app_chimera/m/00000000/n/armeabi
01-01 22:30:40.938  1478  1619 D ChimeraFileApk: Primary ABI of requesting process is armeabi-v7a
01-01 22:30:40.939  1478  1619 D ChimeraFileApk: Classloading successful. Optimized code found.
01-01 22:30:40.943  1478  1619 D GoogleCertificates: com.google.android.gms.googlecertificates module is loaded
01-01 22:30:40.997  1478  1619 D GoogleCertificatesImpl: Fetched 300 Google certificates
01-01 22:30:40.998  1558  1641 D bt_hci  : start_up starting async portion
01-01 22:30:40.998  1558  1654 I bt_hci  : event_finish_startup
01-01 22:30:40.998  1558  1654 I bt_hci_h4: hal_open
01-01 22:30:40.998  1558  1654 I bt_userial_vendor: userial vendor open: opening /dev/ttyS0
01-01 22:30:40.999  1558  1654 I bt_userial_vendor: device fd = 52 open
01-01 22:30:41.008  1558  1654 I bt_hwcfg: bt vendor lib: set UART baud 1500000
01-01 22:30:41.073  1478  1745 W IcingInternalCorpora: getNumBytesRead when not calculated.
01-01 22:30:41.112  1478  1619 I GCoreUlr: Starting service, intent=Intent { act=com.google.android.location.reporting.ACTION_UPDATE_WORLD cmp=com.google.android.gms/com.google.android.location.reporting.service.DispatchingService (has extras) }, extras=Bundle[{receiverAction=android.intent.action.BOOT_COMPLETED}]
01-01 22:30:41.192  1004  1493 D PlaceInferenceEngine: Stop called when not running
01-01 22:30:41.207  1478  1780 V CheckinChimeraService: No Subscriptions found on the device
01-01 22:30:41.208  1478  1780 I CheckinChimeraService: Checking schedule, now: 1293883241208 next: 1294423656073
01-01 22:30:41.208  1478  1780 I CheckinChimeraService: active receiver: disabled
01-01 22:30:41.214  1558  1654 D bt_hwcfg: Chipset BCM4354A2
01-01 22:30:41.214  1558  1654 D bt_hwcfg: Target name = [BCM4354A2]
01-01 22:30:41.214  1558  1654 D WifiHW  : check_wifi_chip_type_string: AP6335
01-01 22:30:41.214  1558  1654 I bt_hwcfg: BT module name is: AP6335, p_chip_id_str = BCM4354A2
01-01 22:30:41.214  1558  1654 I bt_hwcfg: Target HCD file name is: BCM4356A2.hcd
01-01 22:30:41.259  1478  1619 D LocationInitializer: Restart initialization of location
01-01 22:30:41.308  1558  1654 I bt_hwcfg: Found patchfile: /vendor/firmware//BCM4356A2.hcd
01-01 22:30:41.425  1721  1721 W FileProviderCompat: isPatchingNecessary returned true and in == null: false
01-01 22:30:41.465  1721  1721 W PatchedPackageManager: patching ProviderInfo. Metadata was not null
01-01 22:30:41.465  1721  1721 W PatchedPackageManager: resolveContentProvider flags: 128 ret: ContentProviderInfo{name=com.google.android.youtube.fileprovider className=com.google.android.apps.youtube.app.common.util.FileProviderCompat}
01-01 22:30:41.534  1721  1721 W YT      : Last known version:13.35.51
01-01 22:30:41.836  1004  1303 W GeofencerStateMachine: Ignoring removeGeofence because network location is disabled.
01-01 22:30:41.854  1004  1424 I GCoreUlr: WorldUpdater received intent Intent { act=com.google.android.location.reporting.ACTION_UPDATE_WORLD cmp=com.google.android.gms/com.google.android.location.reporting.service.DispatchingService (has extras) } with receiverAction android.intent.action.BOOT_COMPLETED
01-01 22:30:41.856  1721  1810 W YouTube : Fetching the Gservices key 'failsafe_clear_cache_release_13_02' before the end of the bulk initialization
01-01 22:30:41.968   235   307 D alsa_route: route_set_controls() set route 24
01-01 22:30:41.968   235   307 D AudioHardwareTiny: close device
01-01 22:30:42.013  1558  1654 I bt_hwcfg: bt vendor lib: set UART baud 115200
01-01 22:30:42.031  1004  1016 D StrictMode: Wrote violation #0 of 1: 10288 bytes
01-01 22:30:42.032  1004  1016 D StrictMode: Wrote violation #0 of 1: 11772 bytes
01-01 22:30:42.033  1004  1016 D StrictMode: Wrote violation #0 of 1: 13256 bytes
01-01 22:30:42.033  1004  1016 D StrictMode: Wrote violation #0 of 1: 14740 bytes
01-01 22:30:42.034  1004  1016 D StrictMode: Wrote violation #0 of 1: 16224 bytes
01-01 22:30:42.035  1004  1016 D StrictMode: Wrote violation #0 of 1: 17708 bytes
01-01 22:30:42.037  1004  1016 D StrictMode: Wrote violation #0 of 1: 19192 bytes
01-01 22:30:42.038  1004  1016 D Error   : ERR: exClass=android.os.StrictMode$StrictModeDiskReadViolation
01-01 22:30:42.038  1004  1016 D Error   : ERR: exMsg=policy=6815751 violation=2
01-01 22:30:42.038  1004  1016 D Error   : ERR: file=StrictMode.java
01-01 22:30:42.038  1004  1016 D Error   : ERR: class=android.os.StrictMode$AndroidBlockGuardPolicy
01-01 22:30:42.038  1004  1016 D Error   : ERR: method=onReadFromDisk line=1263
01-01 22:30:42.038  1004  1016 D Error   : ERR: stack=android.os.StrictMode$StrictModeDiskReadViolation: policy=6815751 violation=2
01-01 22:30:42.038  1004  1016 D Error   : 	at android.os.StrictMode$AndroidBlockGuardPolicy.onReadFromDisk(StrictMode.java:1263)
01-01 22:30:42.038  1004  1016 D Error   : 	at android.app.SharedPreferencesImpl.awaitLoadedLocked(SharedPreferencesImpl.java:203)
01-01 22:30:42.038  1004  1016 D Error   : 	at android.app.SharedPreferencesImpl.getString(SharedPreferencesImpl.java:224)
01-01 22:30:42.038  1004  1016 D Error   : 	at rah.a(SourceFile:60)
01-01 22:30:42.038  1004  1016 D Error   : 	at rai.a(SourceFile:2052)
01-01 22:30:42.038  1004  1016 D Error   : 	at rap.c(SourceFile:205)
01-01 22:30:42.038  1004  1016 D Error   : 	at qzo.onTransact(SourceFile:150)
01-01 22:30:42.038  1004  1016 D Error   : 	at android.os.Binder.execTransact(Binder.java:453)
01-01 22:30:42.038  1004  1016 D Error   : # via Binder call with stack:
01-01 22:30:42.038  1004  1016 D Error   : android.os.StrictMode$LogStackTrace
01-01 22:30:42.038  1004  1016 D Error   : 	at android.os.StrictMode.readAndHandleBinderCallViolations(StrictMode.java:1911)
01-01 22:30:42.038  1004  1016 D Error   : 	at android.os.Parcel.readExceptionCode(Parcel.java:1601)
01-01 22:30:42.038  1004  1016 D Error   : 	at android.os.Parcel.readException(Parcel.java:1570)
01-01 22:30:42.038  1004  1016 D Error   : 	at joh.c(SourceFile:111)
01-01 22:30:42.038  1004  1016 D Error   : 	at ihg.equals(SourceFile:78)
01-01 22:30:42.038  1004  1016 D Error   : 	at izd.b(SourceFile:245)
01-01 22:30:42.038  1004  1016 D Error   : 	at izd.a(SourceFile:152)
01-01 22:30:42.038  1004  1016 D Error   : 	at izd.b(SourceFile:137)
01-01 22:30:42.038  1004  1016 D Error   : 	at izd.b(SourceFile:99)
01-01 22:30:42.038  1004  1016 D Error   : 	at aefd.c(SourceFile:571)
01-01 22:30:42.038  1004  1016 D Error   : 	at aefd.a(SourceFile:181)
01-01 22:30:42.038  1004  1016 D Error   : 	at aefe.b(SourceFile:93)
01-01 22:30:42.038  1004  1016 D Error   : 	at qmd.a(SourceFile:74)
01-01 22:30:42.038  1004  1016 D Error   : 	at qjf.a(SourceFile:1278)
01-01 22:30:42.038  1004  1016 D Error   : 	at rah.b(SourceFile:104)
01-01 22:30:42.038  1004  1016 D Error   : 	at rah.a(SourceFile:72)
01-01 22:30:42.038  1004  1016 D Error   : 	at rai.a(SourceFile:2052)
01-01 22:30:42.038  1004  1016 D Error   : 	at rap.c(SourceFile:205)
01-01 22:30:42.038  1004  1016 D Error   : 	at qzo.onTransact(SourceFile:150)
01-01 22:30:42.038  1004  1016 D Error   : 	at android.os.Binder.execTransact(Binder.java:453)
01-01 22:30:42.038  1004  1016 D Error   : # via Binder call with stack:
01-01 22:30:42.038  1004  1016 D Error   : android.os.StrictMode$LogStackTrace
01-01 22:30:42.038  1004  1016 D Error   : 	at android.os.StrictMode.readAndHandleBinderCallViolations(StrictMode.java:1911)
01-01 22:30:42.038  1004  1016 D Error   : 	at android.os.Parcel.readExceptionCode(Parcel.java:1601)
01-01 22:30:42.038  1004  1016 D Error   : 	at android.os.Parcel.readException(Parcel.java:1570)
01-01 22:30:42.038  1004  1016 D Error   : 	at joh.c(SourceFile:111)
01-01 22:30:42.038  1004  1016 D Error   : 	at ihg.equals(SourceFile:78)
01-01 22:30:42.038  1004  1016 D Error   : 	at izd.b(SourceFile:245)
01-01 22:30:42.038  1004  1016 D Error   : 	at izd.a(SourceFile:152)
01-01 22:30:42.038  1004  1016 D Error   : 	at izd.b(SourceFile:137)
01-01 22:30:42.038  1004  1016 D Error   : 	at izd.b(SourceFile:99)
01-01 22:30:42.038  1004  1016 D Error   : 	at aefd.c(SourceFile:571)
01-01 22:30:42.038  1004  1016 D Error   : 	at aefd.a(SourceFile:181)
01-01 22:30:42.038  1004  1016 D Error   : 	at aefe.b(SourceFile:93)
01-01 22:30:42.038  1004  1016 D Error   : 	at qmd.a(SourceFile:74)
01-01 22:30:42.038  1004  1016 D Error   : 	at qjf.a(SourceFile:1278)
01-01 22:30:42.038  1004  1016 D Error   : 	at rah.b(SourceFile:104)
01-01 22:30:42.038  1004  1016 D Error   : 	at rah.a(SourceFile:72)
01-01 22:30:42.038  1004  1016 D Error   : 	at rai.a(SourceFile:2052)
01-01 22:30:42.038  1004  1016 D Error   : 	at rap.c(SourceFile:205)
01-01 22:30:42.038  1004  1016 D Error   : 	at qzo.onTransact(SourceFile:150)
01-01 22:30:42.038  1004  1016 D Error   : 	at android.os.Binder.execTransact(Binder.java:453)
01-01 22:30:42.038  1004  1016 D Error   : # via Binder call with stack:
01-01 22:30:42.038  1004  1016 D Error   : android.os.StrictMode$LogStackTrace
01-01 22:30:42.038  1004  1016 D Error   : 	at android.os.StrictMode.readAndHandleBinderCallViolations(StrictMode.java:1911)
01-01 22:30:42.038  1004  1016 D Error   : 	at android.os.Parcel.readExceptionCode(Parcel.java:1601)
01-01 22:30:42.038  1004  1016 D Error   : 	at android.os.Parcel.readException(Parcel.java:1570)
01-01 22:30:42.038  1004  1016 D Error   : 	at joh.c(SourceFile:111)
01-01 22:30:42.038  1004  1016 D Error   : 	at ihg.equals(SourceFile:78)
01-01 22:30:42.038  1004  1016 D Error   : 	at izd.b(SourceFile:245)
01-01 22:30:42.038  1004  1016 D Error   : 	at izd.a(SourceFile:152)
01-01 22:30:42.038  1004  1016 D Error   : 	at izd.b(SourceFile:137)
01-01 22:30:42.038  1004  1016 D Error   : 	at izd.b(SourceFile:99)
01-01 22:30:42.038  1004  1016 D Error   : 	at aefd.c(SourceFile:571)
01-01 22:30:42.038  1004  1016 D Error   : 	at aefd.a(SourceFile:181)
01-01 22:30:42.038  1004  1016 D Error   : 	at aefe.b(SourceFile:93)
01-01 22:30:42.038  1004  1016 D Error   : 	at qmd.a(SourceFile:74)
01-01 22:30:42.038  1004  1016 D Error   : 	at qjf.a(SourceFile:1278)
01-01 22:30:42.038  1004  1016 D Error   : 	at rah.b(SourceFile:104)
01-01 22:30:42.038  1004  1016 D Error   : 	at rah.a(SourceFile:72)
01-01 22:30:42.038  1004  1016 D Error   : 	at rai.a(SourceFile:2052)
01-01 22:30:42.038  1004  1016 D Error   : 	at rap.c(SourceFile:205)
01-01 22:30:42.038  1004  1016 D Error   : 	at qzo.onTransact(SourceFile:150)
01-01 22:30:42.038  1004  1016 D Error   : 	at android.os.Binder.execTransact(Binder.java:453)
01-01 22:30:42.038  1004  1016 D Error   : # via Binder call with stack:
01-01 22:30:42.038  1004  1016 D Error   : android.os.StrictMode$LogStackTrace
01-01 22:30:42.038  1004  1016 D Error   : 	at android.os.StrictMode.readAndHandleBinderCallViolations(StrictMode.java:1911)
01-01 22:30:42.038  1004  1016 D Error   : 	at android.os.Parcel.readExceptionCode(Parcel.java:1601)
01-01 22:30:42.038  1004  1016 D Error   : 	at android.os.Parcel.readException(Parcel.java:1570)
01-01 22:30:42.038  1004  1016 D Error   : 	at joh.c(SourceFile:111)
01-01 22:30:42.038  1004  1016 D Error   : 	at ihg.equals(SourceFile:78)
01-01 22:30:42.038  1004  1016 D Error   : 	at izd.b(SourceFile:245)
01-01 22:30:42.038  1004  1016 D Error   : 	at izd.a(SourceFile:152)
01-01 22:30:42.038  1004  1016 D Error   : 	at izd.b(SourceFile:137)
01-01 22:30:42.038  1004  1016 D Error   : 	at izd.b(SourceFile:99)
01-01 22:30:42.038  1004  1016 D Error   : 	at aefd.c(SourceFile:571)
01-01 22:30:42.038  1004  1016 D Error   : 	at aefd.a(SourceFile:181)
01-01 22:30:42.038  1004  1016 D Error   : 	at aefe.b(SourceFile:93)
01-01 22:30:42.038  1004  1016 D Error   : 	at qmd.a(SourceFile:74)
01-01 22:30:42.038  1004  1016 D Error   : 	at qjf.a(SourceFile:1278)
01-01 22:30:42.038  1004  1016 D Error   : 	at rah.b(SourceFile:104)
01-01 22:30:42.038  1004  1016 D Error   : 	at rah.a(SourceFile:72)
01-01 22:30:42.038  1004  1016 D Error   : 	at rai.a(SourceFile:2052)
01-01 22:30:42.038  1004  1016 D Error   : 	at rap.c(SourceFile:205)
01-01 22:30:42.038  1004  1016 D Error   : 	at qzo.onTransact(SourceFile:150)
01-01 22:30:42.038  1004  1016 D Error   : 	at android.os.Binder.execTransact(Binder.java:453)
01-01 22:30:42.038  1004  1016 D Error   : # via Binder call with stack:
01-01 22:30:42.038  1004  1016 D Error   : android.os.StrictMode$LogStackTrace
01-01 22:30:42.038  1004  1016 D Error   : 	at android.os.StrictMode.readAndHandleBinderCallViolations(StrictMode.java:1911)
01-01 22:30:42.038  1004  1016 D Error   : 	at android.os.Parcel.readExceptionCode(Parcel.java:1601)
01-01 22:30:42.038  1004  1016 D Error   : 	at android.os.Parcel.readException(Parcel.java:1570)
01-01 22:30:42.038  1004  1016 D Error   : 	at joh.c(SourceFile:111)
01-01 22:30:42.038  1004  1016 D Error   : 	at ihg.equals(SourceFile:78)
01-01 22:30:42.038  1004  1016 D Error   : 	at izd.b(SourceFile:245)
01-01 22:30:42.038  1004  1016 D Error   : 	at izd.a(SourceFile:152)
01-01 22:30:42.038  1004  1016 D Error   : 	at izd.b(SourceFile:137)
01-01 22:30:42.038  1004  1016 D Error   : 	at izd.b(SourceFile:99)
01-01 22:30:42.038  1004  1016 D Error   : 	at aefd.c(SourceFile:571)
01-01 22:30:42.038  1004  1016 D Error   : 	at aefd.a(SourceFile:181)
01-01 22:30:42.038  1004  1016 D Error   : 	at aefe.b(SourceFile:93)
01-01 22:30:42.038  1004  1016 D Error   : 	at qmd.a(SourceFile:74)
01-01 22:30:42.038  1004  1016 D Error   : 	at qjf.a(SourceFile:1278)
01-01 22:30:42.038  1004  1016 D Error   : 	at rah.b(SourceFile:104)
01-01 22:30:42.038  1004  1016 D Error   : 	at rah.a(Sour
01-01 22:30:42.038  1004  1016 D Error   : ERR: TOTAL BYTES WRITTEN: 20632
01-01 22:30:42.038  1004  1016 D StrictMode: Wrote violation #0 of 1: 20676 bytes
01-01 22:30:42.039  1004  1016 D Error   : ERR: exClass=android.os.StrictMode$StrictModeDiskReadViolation
01-01 22:30:42.039  1004  1016 D Error   : ERR: exMsg=policy=6815751 violation=2
01-01 22:30:42.039  1004  1016 D Error   : ERR: file=StrictMode.java
01-01 22:30:42.039  1004  1016 D Error   : ERR: class=android.os.StrictMode$AndroidBlockGuardPolicy
01-01 22:30:42.039  1004  1016 D Error   : ERR: method=onReadFromDisk line=1263
01-01 22:30:42.040  1004  1016 D Error   : ERR: stack=android.os.StrictMode$StrictModeDiskReadViolation: policy=6815751 violation=2
01-01 22:30:42.040  1004  1016 D Error   : 	at android.os.StrictMode$AndroidBlockGuardPolicy.onReadFromDisk(StrictMode.java:1263)
01-01 22:30:42.040  1004  1016 D Error   : 	at android.app.SharedPreferencesImpl.awaitLoadedLocked(SharedPreferencesImpl.java:203)
01-01 22:30:42.040  1004  1016 D Error   : 	at android.app.SharedPreferencesImpl.getString(SharedPreferencesImpl.java:224)
01-01 22:30:42.040  1004  1016 D Error   : 	at rah.a(SourceFile:60)
01-01 22:30:42.040  1004  1016 D Error   : 	at rai.a(SourceFile:2052)
01-01 22:30:42.040  1004  1016 D Error   : 	at rap.c(SourceFile:205)
01-01 22:30:42.040  1004  1016 D Error   : 	at qzo.onTransact(SourceFile:150)
01-01 22:30:42.040  1004  1016 D Error   : 	at android.os.Binder.execTransact(Binder.java:453)
01-01 22:30:42.040  1004  1016 D Error   : # via Binder call with stack:
01-01 22:30:42.040  1004  1016 D Error   : android.os.StrictMode$LogStackTrace
01-01 22:30:42.040  1004  1016 D Error   : 	at android.os.StrictMode.readAndHandleBinderCallViolations(StrictMode.java:1911)
01-01 22:30:42.040  1004  1016 D Error   : 	at android.os.Parcel.readExceptionCode(Parcel.java:1601)
01-01 22:30:42.040  1004  1016 D Error   : 	at android.os.Parcel.readException(Parcel.java:1570)
01-01 22:30:42.040  1004  1016 D Error   : 	at joh.c(SourceFile:111)
01-01 22:30:42.040  1004  1016 D Error   : 	at ihg.equals(SourceFile:78)
01-01 22:30:42.040  1004  1016 D Error   : 	at izd.b(SourceFile:245)
01-01 22:30:42.040  1004  1016 D Error   : 	at izd.a(SourceFile:152)
01-01 22:30:42.040  1004  1016 D Error   : 	at izd.b(SourceFile:137)
01-01 22:30:42.040  1004  1016 D Error   : 	at izd.b(SourceFile:99)
01-01 22:30:42.040  1004  1016 D Error   : 	at aefd.c(SourceFile:571)
01-01 22:30:42.040  1004  1016 D Error   : 	at aefd.a(SourceFile:181)
01-01 22:30:42.040  1004  1016 D Error   : 	at aefe.b(SourceFile:93)
01-01 22:30:42.040  1004  1016 D Error   : 	at qmd.a(SourceFile:74)
01-01 22:30:42.040  1004  1016 D Error   : 	at qjf.a(SourceFile:1278)
01-01 22:30:42.040  1004  1016 D Error   : 	at rah.b(SourceFile:104)
01-01 22:30:42.040  1004  1016 D Error   : 	at rah.a(SourceFile:72)
01-01 22:30:42.040  1004  1016 D Error   : 	at rai.a(SourceFile:2052)
01-01 22:30:42.040  1004  1016 D Error   : 	at rap.c(SourceFile:205)
01-01 22:30:42.040  1004  1016 D Error   : 	at qzo.onTransact(SourceFile:150)
01-01 22:30:42.040  1004  1016 D Error   : 	at android.os.Binder.execTransact(Binder.java:453)
01-01 22:30:42.040  1004  1016 D Error   : # via Binder call with stack:
01-01 22:30:42.040  1004  1016 D Error   : android.os.StrictMode$LogStackTrace
01-01 22:30:42.040  1004  1016 D Error   : 	at android.os.StrictMode.readAndHandleBinderCallViolations(StrictMode.java:1911)
01-01 22:30:42.040  1004  1016 D Error   : 	at android.os.Parcel.readExceptionCode(Parcel.java:1601)
01-01 22:30:42.040  1004  1016 D Error   : 	at android.os.Parcel.readException(Parcel.java:1570)
01-01 22:30:42.040  1004  1016 D Error   : 	at joh.c(SourceFile:111)
01-01 22:30:42.040  1004  1016 D Error   : 	at ihg.equals(SourceFile:78)
01-01 22:30:42.040  1004  1016 D Error   : 	at izd.b(SourceFile:245)
01-01 22:30:42.040  1004  1016 D Error   : 	at izd.a(SourceFile:152)
01-01 22:30:42.040  1004  1016 D Error   : 	at izd.b(SourceFile:137)
01-01 22:30:42.040  1004  1016 D Error   : 	at izd.b(SourceFile:99)
01-01 22:30:42.040  1004  1016 D Error   : 	at aefd.c(SourceFile:571)
01-01 22:30:42.040  1004  1016 D Error   : 	at aefd.a(SourceFile:181)
01-01 22:30:42.040  1004  1016 D Error   : 	at aefe.b(SourceFile:93)
01-01 22:30:42.040  1004  1016 D Error   : 	at qmd.a(SourceFile:74)
01-01 22:30:42.040  1004  1016 D Error   : 	at qjf.a(SourceFile:1278)
01-01 22:30:42.040  1004  1016 D Error   : 	at rah.b(SourceFile:104)
01-01 22:30:42.040  1004  1016 D Error   : 	at rah.a(SourceFile:72)
01-01 22:30:42.040  1004  1016 D Error   : 	at rai.a(SourceFile:2052)
01-01 22:30:42.040  1004  1016 D Error   : 	at rap.c(SourceFile:205)
01-01 22:30:42.040  1004  1016 D Error   : 	at qzo.onTransact(SourceFile:150)
01-01 22:30:42.040  1004  1016 D Error   : 	at android.os.Binder.execTransact(Binder.java:453)
01-01 22:30:42.040  1004  1016 D Error   : # via Binder call with stack:
01-01 22:30:42.040  1004  1016 D Error   : android.os.StrictMode$LogStackTrace
01-01 22:30:42.040  1004  1016 D Error   : 	at android.os.StrictMode.readAndHandleBinderCallViolations(StrictMode.java:1911)
01-01 22:30:42.040  1004  1016 D Error   : 	at android.os.Parcel.readExceptionCode(Parcel.java:1601)
01-01 22:30:42.040  1004  1016 D Error   : 	at android.os.Parcel.readException(Parcel.java:1570)
01-01 22:30:42.040  1004  1016 D Error   : 	at joh.c(SourceFile:111)
01-01 22:30:42.040  1004  1016 D Error   : 	at ihg.equals(SourceFile:78)
01-01 22:30:42.040  1004  1016 D Error   : 	at izd.b(SourceFile:245)
01-01 22:30:42.040  1004  1016 D Error   : 	at izd.a(SourceFile:152)
01-01 22:30:42.040  1004  1016 D Error   : 	at izd.b(SourceFile:137)
01-01 22:30:42.040  1004  1016 D Error   : 	at izd.b(SourceFile:99)
01-01 22:30:42.040  1004  1016 D Error   : 	at aefd.c(SourceFile:571)
01-01 22:30:42.040  1004  1016 D Error   : 	at aefd.a(SourceFile:181)
01-01 22:30:42.040  1004  1016 D Error   : 	at aefe.b(SourceFile:93)
01-01 22:30:42.040  1004  1016 D Error   : 	at qmd.a(SourceFile:74)
01-01 22:30:42.040  1004  1016 D Error   : 	at qjf.a(SourceFile:1278)
01-01 22:30:42.040  1004  1016 D Error   : 	at rah.b(SourceFile:104)
01-01 22:30:42.040  1004  1016 D Error   : 	at rah.a(SourceFile:72)
01-01 22:30:42.040  1004  1016 D Error   : 	at rai.a(SourceFile:2052)
01-01 22:30:42.040  1004  1016 D Error   : 	at rap.c(SourceFile:205)
01-01 22:30:42.040  1004  1016 D Error   : 	at qzo.onTransact(SourceFile:150)
01-01 22:30:42.040  1004  1016 D Error   : 	at android.os.Binder.execTransact(Binder.java:453)
01-01 22:30:42.040  1004  1016 D Error   : # via Binder call with stack:
01-01 22:30:42.040  1004  1016 D Error   : android.os.StrictMode$LogStackTrace
01-01 22:30:42.040  1004  1016 D Error   : 	at android.os.StrictMode.readAndHandleBinderCallViolations(StrictMode.java:1911)
01-01 22:30:42.040  1004  1016 D Error   : 	at android.os.Parcel.readExceptionCode(Parcel.java:1601)
01-01 22:30:42.040  1004  1016 D Error   : 	at android.os.Parcel.readException(Parcel.java:1570)
01-01 22:30:42.040  1004  1016 D Error   : 	at joh.c(SourceFile:111)
01-01 22:30:42.040  1004  1016 D Error   : 	at ihg.equals(SourceFile:78)
01-01 22:30:42.040  1004  1016 D Error   : 	at izd.b(SourceFile:245)
01-01 22:30:42.040  1004  1016 D Error   : 	at izd.a(SourceFile:152)
01-01 22:30:42.040  1004  1016 D Error   : 	at izd.b(SourceFile:137)
01-01 22:30:42.040  1004  1016 D Error   : 	at izd.b(SourceFile:99)
01-01 22:30:42.040  1004  1016 D Error   : 	at aefd.c(SourceFile:571)
01-01 22:30:42.040  1004  1016 D Error   : 	at aefd.a(SourceFile:181)
01-01 22:30:42.040  1004  1016 D Error   : 	at aefe.b(SourceFile:93)
01-01 22:30:42.040  1004  1016 D Error   : 	at qmd.a(SourceFile:74)
01-01 22:30:42.040  1004  1016 D Error   : 	at qjf.a(SourceFile:1278)
