--------- beginning of main
01-01 22:30:31.076   228   228 I chatty  : uid=1013(media) /system/bin/mediaserver expire 12 lines
01-01 22:30:31.095  1480  1480 W System  : ClassLoader referenced unknown path: /system/priv-app/DownloadProvider/lib/arm
01-01 22:30:31.099  1480  1480 W System  : ClassLoader referenced unknown path: /system/priv-app/MediaProvider/lib/arm
01-01 22:30:31.183   887   887 D SensorManager: aidl getSensorManager:android.hardware.ISensorManager$Stub$Proxy@14f92cf
01-01 22:30:31.197   228  1505 I chatty  : uid=1013(media) /system/bin/mediaserver expire 1 line
01-01 22:30:31.197   228   228 I chatty  : uid=1013(media) /system/bin/mediaserver expire 12 lines
01-01 22:30:31.199   228  1437 I chatty  : uid=1013(media) /system/bin/mediaserver expire 16 lines
01-01 22:30:31.199   228  1438 I chatty  : uid=1013(media) /system/bin/mediaserver expire 1 line
01-01 22:30:31.199   228   228 I chatty  : uid=1013(media) /system/bin/mediaserver expire 10 lines
01-01 22:30:31.200   228  1437 I chatty  : uid=1013(media) /system/bin/mediaserver expire 6 lines
01-01 22:30:31.200   228  1437 D RockFFPlayer: Messagecomplete type [11]
01-01 22:30:31.200   228  1437 D RockFFPlayer: run : Message 11 complete
01-01 22:30:31.201   228   228 D RockFFPlayer: enqueueMessage:sync wait ok
01-01 22:30:31.201   228   228 D RockFFPlayer: reset: do reset ok
01-01 22:30:31.201   228  1437 D RockFFPlayer: signal thread out
01-01 22:30:31.201   228  1437 D RockFFPlayer: sched_thread out
01-01 22:30:31.201   228   228 D RockFFPlayer: stop:wait is ok
01-01 22:30:31.201   228   228 D RockFFPlayer: stop:ok
01-01 22:30:31.201   228   228 D RockFFPlayer: ~RkMessageQueue
01-01 22:30:31.201   228   228 D RockFFPlayer: reset: reset ok
01-01 22:30:31.201   228   228 E FFPlayer: ~FFPlayer
01-01 22:30:31.201   228   228 D RockFFPlayer: reset: in
01-01 22:30:31.201   228   228 D RockFFPlayerBase: dumpStatus(): Idle
01-01 22:30:31.201   228   228 D RockFFPlayer: reset: in idle status, already reset
01-01 22:30:31.201   228   228 D RockFFPlayer: ~FFMPlayer in
01-01 22:30:31.201   228   228 D RockFFPlayer: reset: in
01-01 22:30:31.201   228   228 D RockFFPlayerBase: dumpStatus(): Idle
01-01 22:30:31.201   228   228 D RockFFPlayer: reset: in idle status, already reset
01-01 22:30:31.201   228  1523 D RockFFPlayer: CancelThread: in
01-01 22:30:31.201   228  1523 D FFMpegThread: DecoderAudio:~PlayerThread enter mThreadStatus=-1
01-01 22:30:31.202   228  1523 E RockFFPlayerBase: closeContext : in
01-01 22:30:31.202   228  1523 E RockFFPlayerBase: closeContext : out
01-01 22:30:31.202   228  1523 D RockFFPlayer: CancelThread: ok
01-01 22:30:31.202   228   228 D RockFFPlayer: ~FFMediaSource
01-01 22:30:31.202   228   228 D RockFFPlayer: FFMediaSource context null. 
01-01 22:30:31.202   228   228 E TraceThread:     VsyncReciver(tid = 2998790448)--> [UID=2259c9ca] pthread_join begin-->player = 0xb71290d0
01-01 22:30:31.208  1195  1195 D RKUpdateReceiver: action = android.intent.action.MEDIA_MOUNTED
01-01 22:30:31.224   228   228 E TraceThread:     VsyncReciver(tid = 2998790448)--> [UID=2259c9ca] pthread_join   end-->player = 0xb71290d0
01-01 22:30:31.224   228   228 D VsyncReciver: stop_l:vsyncThread down
01-01 22:30:31.224   228   228 E TraceThread:     RockFFPlayer(tid = 3069963060)--> [UID=2259c9ca] ~FFMPlayer Destruction; object=0xb71290d0
01-01 22:30:31.224   228   228 D RockFFPlayer: ~FFMPlayer ok
01-01 22:30:31.224   228   228 D RockFFPlayerBase: ~FFMPlayerBase(():mDequeueThread down
01-01 22:30:31.225   228   228 D RockFFPlayerBase: ~RkMessageHandler
01-01 22:30:31.225   228   228 D RockFFPlayer: reset: in
01-01 22:30:31.225   228   228 D RockFFPlayerBase: dumpStatus(): Preapared
01-01 22:30:31.225   228   228 D RockFFPlayer: reset: stop_l in
01-01 22:30:31.225   228   228 D RockFFPlayer: stop_l: in
01-01 22:30:31.225   228   228 D RockFFPlayer: enter enqueueMessage
01-01 22:30:31.225   228   228 D RockFFPlayer: enqueueMessage:****1
01-01 22:30:31.225   228   228 D RockFFPlayer: enqueueMessage:****2
01-01 22:30:31.225   228   228 D RockFFPlayer: enqueueMessage:****3
01-01 22:30:31.225   228   228 D RockFFPlayer: enqueueMessage:Message 1,set signal
01-01 22:30:31.225   228   228 D RockFFPlayer: enqueueMessage:sync wait
01-01 22:30:31.225   228  1442 D RockFFPlayer: deliverMessage 
01-01 22:30:31.225   228  1442 D RockFFPlayer: run : dequeueMessage Message 4
01-01 22:30:31.225   228  1442 D RockFFPlayer: CMD_STOP
01-01 22:30:31.225   228  1442 D RockFFPlayer: doStop: in
01-01 22:30:31.225   228  1442 D RockFFPlayerBase: dumpStatus(): Preapared
01-01 22:30:31.225   228  1442 D RockFFPlayerBase: dumpStatus(): Stopped
01-01 22:30:31.225   228  1442 D RockFFPlayer: doRelease: in
01-01 22:30:31.225   228  1442 I FFIDecoder: waiting on end of decoder thread
01-01 22:30:31.225   228  1442 E FFMpegThread: DecoderAudio,wait
01-01 22:30:31.225   228  1442 E RockFFPlayerBase: FFMPlayerBase::flushRenderQueue in
01-01 22:30:31.225   228  1442 E RockFFPlayerBase: FFMPlayerBase::flushRenderQueue out
01-01 22:30:31.225   228  1442 D RockFFPlayer: doRelease: ok
01-01 22:30:31.225   228  1442 D RockFFPlayer: doStop: ok
01-01 22:30:31.225   228  1442 D RockFFPlayer: run : dequeueMessage Message 4 OK
01-01 22:30:31.225   228  1442 D RockFFPlayer: Messagecomplete type [4]
01-01 22:30:31.225   228  1442 D RockFFPlayer: run : Message 4 complete
01-01 22:30:31.225   228   228 D RockFFPlayer: enqueueMessage:sync wait ok
01-01 22:30:31.225   228   228 D RockFFPlayer: stop_l: clear queue ok
01-01 22:30:31.226   228   228 D RockFFPlayer: stop_l: create cancel thread ok
01-01 22:30:31.226   228   228 D RockFFPlayer: stop_l: ok
01-01 22:30:31.226   228   228 D RockFFPlayer: enter enqueueMessage
01-01 22:30:31.226   228   228 D RockFFPlayer: enqueueMessage:****1
01-01 22:30:31.226   228   228 D RockFFPlayer: enqueueMessage:****2
01-01 22:30:31.226   228   228 D RockFFPlayer: enqueueMessage:****3
01-01 22:30:31.226   228   228 D RockFFPlayer: enqueueMessage:Message 1,set signal
01-01 22:30:31.226   228   228 D RockFFPlayer: enqueueMessage:sync wait
01-01 22:30:31.226   228  1442 D RockFFPlayer: deliverMessage 
01-01 22:30:31.226   228  1442 D RockFFPlayer: run : dequeueMessage Message 11
01-01 22:30:31.226   228  1442 D RockFFPlayer: CMD_RESET
01-01 22:30:31.226   228  1442 D RockFFPlayerBase: dumpStatus(): Idle
01-01 22:30:31.226   228  1442 D RockFFPlayer: doReset ok
01-01 22:30:31.226   228  1442 D RockFFPlayer: run : dequeueMessage Message 11 OK
01-01 22:30:31.226   228  1442 D RockFFPlayer: Messagecomplete type [11]
01-01 22:30:31.226   228  1442 D RockFFPlayer: run : Message 11 complete
01-01 22:30:31.226   228   228 D RockFFPlayer: enqueueMessage:sync wait ok
01-01 22:30:31.226   228   228 D RockFFPlayer: reset: do reset ok
01-01 22:30:31.226   228  1442 D RockFFPlayer: signal thread out
01-01 22:30:31.226   228  1442 D RockFFPlayer: sched_thread out
01-01 22:30:31.226   228   228 D RockFFPlayer: stop:wait is ok
01-01 22:30:31.226   228   228 D RockFFPlayer: stop:ok
01-01 22:30:31.226   228   228 D RockFFPlayer: ~RkMessageQueue
01-01 22:30:31.226   228   228 D RockFFPlayer: reset: reset ok
01-01 22:30:31.226   228   228 E FFPlayer: ~FFPlayer
01-01 22:30:31.226   228   228 D RockFFPlayer: reset: in
01-01 22:30:31.226   228   228 D RockFFPlayerBase: dumpStatus(): Idle
01-01 22:30:31.226   228   228 D RockFFPlayer: reset: in idle status, already reset
01-01 22:30:31.226   228   228 D RockFFPlayer: ~FFMPlayer in
01-01 22:30:31.226   228   228 D RockFFPlayer: reset: in
01-01 22:30:31.226   228   228 D RockFFPlayerBase: dumpStatus(): Idle
01-01 22:30:31.226   228   228 D RockFFPlayer: reset: in idle status, already reset
01-01 22:30:31.226   228  1529 D RockFFPlayer: CancelThread: in
01-01 22:30:31.228   228  1443 I RockFFPlayer: readthread end of playing
01-01 22:30:31.228   228  1529 D FFMpegThread: DecoderAudio:~PlayerThread enter mThreadStatus=-1
01-01 22:30:31.228   228  1529 E RockFFPlayerBase: closeContext : in
01-01 22:30:31.228   228  1529 E RockFFPlayerBase: closeContext : out
01-01 22:30:31.228   228  1529 D RockFFPlayer: CancelThread: ok
01-01 22:30:31.229   228   228 D RockFFPlayer: ~FFMediaSource
01-01 22:30:31.229   228   228 D RockFFPlayer: FFMediaSource context null. 
01-01 22:30:31.229   228   228 E TraceThread:     VsyncReciver(tid = 2989406512)--> [UID=2259c9ca] pthread_join begin-->player = 0xb71bda88
01-01 22:30:31.241   228   228 E TraceThread:     VsyncReciver(tid = 2989406512)--> [UID=2259c9ca] pthread_join   end-->player = 0xb71bda88
01-01 22:30:31.241   228   228 D VsyncReciver: stop_l:vsyncThread down
01-01 22:30:31.241   228   228 E TraceThread:     RockFFPlayer(tid = 3069963060)--> [UID=2259c9ca] ~FFMPlayer Destruction; object=0xb71bda88
01-01 22:30:31.241   228   228 D RockFFPlayer: ~FFMPlayer ok
01-01 22:30:31.241   228   228 D RockFFPlayerBase: ~FFMPlayerBase(():mDequeueThread down
01-01 22:30:31.241   228   228 D RockFFPlayerBase: ~RkMessageHandler
01-01 22:30:31.241   228   228 D RockFFPlayer: reset: in
01-01 22:30:31.241   228   228 D RockFFPlayerBase: dumpStatus(): Error status
01-01 22:30:31.241   228   228 D RockFFPlayer: reset: stop_l in
01-01 22:30:31.241   228   228 D RockFFPlayer: stop_l: in
01-01 22:30:31.241   228   228 D RockFFPlayer: enter enqueueMessage
01-01 22:30:31.241   228   228 D RockFFPlayer: enqueueMessage:****1
01-01 22:30:31.241   228   228 D RockFFPlayer: enqueueMessage:****2
01-01 22:30:31.241   228   228 D RockFFPlayer: enqueueMessage:****3
01-01 22:30:31.241   228   228 D RockFFPlayer: enqueueMessage:Message 1,set signal
01-01 22:30:31.241   228   228 D RockFFPlayer: enqueueMessage:sync wait
01-01 22:30:31.241   228  1446 D RockFFPlayer: deliverMessage 
01-01 22:30:31.241   228  1446 D RockFFPlayer: run : dequeueMessage Message 4
01-01 22:30:31.241   228  1446 D RockFFPlayer: CMD_STOP
01-01 22:30:31.241   228  1446 D RockFFPlayer: doStop: in
01-01 22:30:31.241   228  1446 D RockFFPlayerBase: dumpStatus(): Error status
01-01 22:30:31.241   228  1446 D RockFFPlayerBase: dumpStatus(): Stopped
01-01 22:30:31.241   228  1446 D RockFFPlayer: doRelease: in
01-01 22:30:31.241   228  1446 D RockFFPlayer: FFMediaSource setExit, but context null
01-01 22:30:31.241   228  1446 E RockFFPlayerBase: FFMPlayerBase::flushRenderQueue in
01-01 22:30:31.241   228  1446 E RockFFPlayerBase: FFMPlayerBase::flushRenderQueue out
01-01 22:30:31.241   228  1446 D RockFFPlayer: doRelease: ok
01-01 22:30:31.241   228  1446 D RockFFPlayer: doStop: ok
01-01 22:30:31.241   228  1446 D RockFFPlayer: run : dequeueMessage Message 4 OK
01-01 22:30:31.241   228  1446 D RockFFPlayer: Messagecomplete type [4]
01-01 22:30:31.241   228  1446 D RockFFPlayer: run : Message 4 complete
01-01 22:30:31.241   228   228 D RockFFPlayer: enqueueMessage:sync wait ok
01-01 22:30:31.241   228   228 D RockFFPlayer: stop_l: clear queue ok
01-01 22:30:31.241   228   228 D RockFFPlayer: stop_l: create cancel thread ok
01-01 22:30:31.241   228  1542 D RockFFPlayer: CancelThread: in
01-01 22:30:31.241   228   228 D RockFFPlayer: stop_l: ok
01-01 22:30:31.241   228   228 D RockFFPlayer: enter enqueueMessage
01-01 22:30:31.241   228   228 D RockFFPlayer: enqueueMessage:****1
01-01 22:30:31.241   228   228 D RockFFPlayer: enqueueMessage:****2
01-01 22:30:31.241   228   228 D RockFFPlayer: enqueueMessage:****3
01-01 22:30:31.242   228   228 D RockFFPlayer: enqueueMessage:Message 1,set signal
01-01 22:30:31.242   228   228 D RockFFPlayer: enqueueMessage:sync wait
01-01 22:30:31.242   228  1446 D RockFFPlayer: deliverMessage 
01-01 22:30:31.242   228  1446 D RockFFPlayer: run : dequeueMessage Message 11
01-01 22:30:31.242   228  1446 D RockFFPlayer: CMD_RESET
01-01 22:30:31.242   228  1446 D RockFFPlayerBase: dumpStatus(): Idle
01-01 22:30:31.242   228  1446 D RockFFPlayer: doReset ok
01-01 22:30:31.242   228  1446 D RockFFPlayer: run : dequeueMessage Message 11 OK
01-01 22:30:31.242   228  1446 D RockFFPlayer: Messagecomplete type [11]
01-01 22:30:31.242   228  1446 D RockFFPlayer: run : Message 11 complete
01-01 22:30:31.242   228   228 D RockFFPlayer: enqueueMessage:sync wait ok
01-01 22:30:31.242   228   228 D RockFFPlayer: reset: do reset ok
01-01 22:30:31.242   228  1446 D RockFFPlayer: signal thread out
01-01 22:30:31.242   228  1446 D RockFFPlayer: sched_thread out
01-01 22:30:31.242   228   228 D RockFFPlayer: stop:wait is ok
01-01 22:30:31.242   228   228 D RockFFPlayer: stop:ok
01-01 22:30:31.242   228   228 D RockFFPlayer: ~RkMessageQueue
01-01 22:30:31.242   228   228 D RockFFPlayer: reset: reset ok
01-01 22:30:31.242   228   228 E FFPlayer: ~FFPlayer
01-01 22:30:31.242   228   228 D RockFFPlayer: reset: in
01-01 22:30:31.242   228   228 D RockFFPlayerBase: dumpStatus(): Idle
01-01 22:30:31.242   228   228 D RockFFPlayer: reset: in idle status, already reset
01-01 22:30:31.242   228   228 D RockFFPlayer: ~FFMPlayer in
01-01 22:30:31.242   228   228 D RockFFPlayer: reset: in
01-01 22:30:31.242   228   228 D RockFFPlayerBase: dumpStatus(): Idle
01-01 22:30:31.242   228   228 D RockFFPlayer: reset: in idle status, already reset
01-01 22:30:31.242   228  1542 E RockFFPlayerBase: closeContext : in
01-01 22:30:31.242   228  1542 D RockFFPlayer: FFMediaSource context null. 
01-01 22:30:31.242   228  1542 E RockFFPlayerBase: closeContext : out
01-01 22:30:31.242   228  1542 D RockFFPlayer: CancelThread: ok
01-01 22:30:31.242   228   228 D RockFFPlayer: ~FFMediaSource
01-01 22:30:31.242   228   228 D RockFFPlayer: FFMediaSource context null. 
01-01 22:30:31.243   228   228 E TraceThread:     VsyncReciver(tid = 2985228592)--> [UID=2259c9ca] pthread_join begin-->player = 0xb720cad0
01-01 22:30:31.258   228   228 E TraceThread:     VsyncReciver(tid = 2985228592)--> [UID=2259c9ca] pthread_join   end-->player = 0xb720cad0
01-01 22:30:31.258   228   228 D VsyncReciver: stop_l:vsyncThread down
01-01 22:30:31.258   228   228 E TraceThread:     RockFFPlayer(tid = 3069963060)--> [UID=2259c9ca] ~FFMPlayer Destruction; object=0xb720cad0
01-01 22:30:31.258   228   228 D RockFFPlayer: ~FFMPlayer ok
01-01 22:30:31.259   228   228 D RockFFPlayerBase: ~FFMPlayerBase(():mDequeueThread down
01-01 22:30:31.259   228   228 D RockFFPlayerBase: ~RkMessageHandler
01-01 22:30:31.283   228   814 I CameraService: getCameraCharacteristics: Switching to HAL1 shim implementation...
01-01 22:30:31.283   228   814 D CameraHal: camera_get_camera_info(1312): camera_get_camera_info(1312): camera_1 facing(1), orientation(270)
01-01 22:30:31.283   228   814 I CameraService: CameraService::connect call (PID 228 "media", camera ID 1) for HAL version default and Camera API version 1
01-01 22:30:31.283   228   814 E CameraService: getCameraPriorityFromProcState: Received invalid process state -1 from ActivityManagerService!
01-01 22:30:31.284   228   814 D CameraHal: camera_get_camera_info(1312): camera_get_camera_info(1312): camera_1 facing(1), orientation(270)
01-01 22:30:31.284   228   814 E MediaPlayerFactory: 2019 03 30 -------- getPlayerType()111111111111 return FF_PLAYER !!!! 
01-01 22:30:31.284   228   814 I MediaPlayerFactory:  createFFPlayer
01-01 22:30:31.284   228   814 E FFPlayerHelper: isBDDirectory() ,path = /system/media/audio/ui/camera_click.ogg
01-01 22:30:31.284   228   814 E FFPlayerHelper: isBDDirectory(): no BDMV
01-01 22:30:31.284   228   814 D RkMemConfig: RkMemConfig init
01-01 22:30:31.284   228   814 E RockFFPlayerBase: FFMPlayerBase:eDisplayIdMain
01-01 22:30:31.284   228   814 D FFPlayerHelper: MediaServer is SP_FOREGROUND, tid=814
01-01 22:30:31.284   228   814 D RkBitstreamManager: RkBitStreamHelper
01-01 22:30:31.284   228   814 D RkExtensionPlayer: RkExtensionPlayer in
01-01 22:30:31.284   228   814 E RkExtensionPlayer: createDirectory(), path = /tmp/rk_ext_subtitle/
01-01 22:30:31.284   228   814 E RkExtensionPlayer: createDirectory(), create directory = /tmp/rk_ext_subtitle/ fail,reason = No such file or directory
01-01 22:30:31.284   228   814 E RkExtensionPlayer: createDirectory(), path = /data/rk_ext_subtitle/
01-01 22:30:31.284   228   814 E RkExtensionPlayer: createDirectory(), create directory = /data/rk_ext_subtitle/ fail,reason = Permission denied
01-01 22:30:31.284   228   814 E RkExtensionPlayer: createDirectory(), path = /data/media/0/rk_ext_subtitle/
01-01 22:30:31.284   228   814 E RkExtensionPlayer: createDirectory(), create directory = /data/media/0/rk_ext_subtitle/ fail,reason = Permission denied
01-01 22:30:31.284   228   814 D RkExtensionPlayer: checkDirectoryAccess: Found no Temp Subtile Directory
01-01 22:30:31.285   228   814 E TraceThread: TraceThread::randomUID() --> [UID=7ebda33b]
01-01 22:30:31.285   228  1546 E TraceThread:     VsyncReciver(tid = 2998802736)--> [UID=7ebda33b] VsyncReciver::startthread
01-01 22:30:31.285   228   814 E TraceThread:     RockFFPlayer(tid = 3000990000)--> [UID=7ebda33b] FFMPlayer Construction; object=0xb71290d0
01-01 22:30:31.285   228   814 I RockFFPlayer: setDataSource in 0xb71290d0
01-01 22:30:31.285   228   814 D RockFFPlayer: start:create thread
01-01 22:30:31.288   228  1547 D RockFFPlayer: RkMessageQueue::run()
01-01 22:30:31.288   228   814 D RockFFPlayer: start:create thread ok,mThreadStatus=0
01-01 22:30:31.288   228   814 D RockFFPlayer: enter enqueueMessage
01-01 22:30:31.288   228   814 D RockFFPlayer: enqueueMessage:****1
01-01 22:30:31.288   228   814 D RockFFPlayer: enqueueMessage:****2
01-01 22:30:31.288   228   814 D RockFFPlayer: enqueueMessage:****3
01-01 22:30:31.288   228   814 D RockFFPlayer: enqueueMessage:Message 1,set signal
01-01 22:30:31.288   228   814 D RockFFPlayer: enqueueMessage:sync wait
01-01 22:30:31.288   228  1547 D RockFFPlayer: deliverMessage 
01-01 22:30:31.288   228  1547 D RockFFPlayer: run : dequeueMessage Message 20
01-01 22:30:31.288   228  1547 D RockFFPlayer: CMD_CURRENTSTATUS
01-01 22:30:31.288   228  1547 D RockFFPlayerBase: dumpStatus(): Initialized
01-01 22:30:31.288   228  1547 D RockFFPlayer: run : dequeueMessage Message 20 OK
01-01 22:30:31.288   228  1547 D RockFFPlayer: Messagecomplete type [20]
01-01 22:30:31.288   228  1547 D RockFFPlayer: run : Message 20 complete
01-01 22:30:31.288   228   814 D RockFFPlayer: enqueueMessage:sync wait ok
01-01 22:30:31.288   228   814 D RockFFPlayer: prepareAsync in
01-01 22:30:31.288   228   814 D RockFFPlayerBase: dumpStatus(): Initialized
01-01 22:30:31.288   228   814 D RockFFPlayerBase: dumpStatus(): Preparing
01-01 22:30:31.288   228  1548 I FFPlayer_Version: ******************************************
01-01 22:30:31.288   228  1548 I FFPlayer_Version: 
01-01 22:30:31.288   228  1548 I FFPlayer_Version: starting main player: v2.1 2019-03-14-11:37:59.9a7e7b0a.Zho
01-01 22:30:31.288   228  1548 I FFPlayer_Version: ffplayer running on: rk3288
01-01 22:30:31.288   228  1548 I FFPlayer_Version: 
01-01 22:30:31.288   228  1548 I FFPlayer_Version: ******************************************
01-01 22:30:31.288   228  1548 I RockFFPlayer: setDataSource(url =/system/media/audio/ui/camera_click.ogg)
01-01 22:30:31.288   228   814 D RockFFPlayer: prepareAsync ok
01-01 22:30:31.288   228  1548 E RockFFPlayerBase: openContext : in
01-01 22:30:31.288   228  1548 E RockFFPlayer: ffmpeg version v2.1: git-2019-01-24-3629521
01-01 22:30:31.288   228  1548 E RockFFPlayer: av_probe_input_buffer:avio_read
01-01 22:30:31.288   228  1548 I RockFFPlayer: flv_probe get probe score: 0
01-01 22:30:31.288   228  1548 E RockFFPlayer: Hery, probe size = 0
01-01 22:30:31.289   228  1548 E RockFFPlayer: avformat_open_input:read_header
01-01 22:30:31.289   228  1548 E RockFFPlayer: avformat_open_input:read_header ok
01-01 22:30:31.289   228  1548 D RkExtensionPlayer: openContext in
01-01 22:30:31.289   228  1548 D RkExtensionPlayer: ~RkExtensionPlayer in
01-01 22:30:31.289   228  1548 D RkExtensionPlayer: RkExtensionPlayer::closeExtendSubDecoder in
01-01 22:30:31.289   228  1548 E FFExtensionSource: ~FFExtensionSource in
01-01 22:30:31.289   228  1548 D RockFFPlayer: FFMediaSource context null. 
01-01 22:30:31.289   228  1548 E FFExtensionSource: ~FFExtensionSource out
01-01 22:30:31.289   228  1548 D RockFFPlayer: ~FFMediaSource
01-01 22:30:31.289   228  1548 D RockFFPlayer: FFMediaSource context null. 
01-01 22:30:31.289   228  1548 D RkExtensionPlayer: closeExtendSubDecoder out
01-01 22:30:31.289   228  1548 E RkExtensionPlayer: deleteAllFileInDirectory(), is not exist
01-01 22:30:31.289   228  1548 E RkExtensionPlayer: deleteAllFileInDirectory(),/tmp/rk_ext_subtitle/ is not exist
01-01 22:30:31.289   228  1548 E RkExtensionPlayer: deleteAllFileInDirectory(),/data/rk_ext_subtitle/ is not exist
01-01 22:30:31.289   228  1548 E RkExtensionPlayer: deleteAllFileInDirectory(),/data/media/0/rk_ext_subtitle/ is not exist
01-01 22:30:31.289   228  1548 E RockFFPlayerBase: Fail to open ExtendSubtitle Context
01-01 22:30:31.289   228  1548 E RockFFPlayerBase: openContext : out,ret = 0
01-01 22:30:31.289   228  1548 D RockFFPlayer: the source format name: ogg
01-01 22:30:31.289   228  1548 D RockFFPlayer: find av stream info in
01-01 22:30:31.291   228  1548 E RockFFPlayer: All info may be found, format: ogg
01-01 22:30:31.291   228  1548 E RockFFPlayer: All info found, format: ogg
01-01 22:30:31.291   228  1548 E RockFFPlayer: read_size = 24
01-01 22:30:31.291   228  1548 E RockFFPlayer: update_stream_timings: st[-1222577016].duration = 20073
01-01 22:30:31.291   228  1548 E RockFFPlayer: update_stream_timings: st[-1222577016].duration = 20073
01-01 22:30:31.291   228  1548 E RockFFPlayer: estimate_timings:0: start_time: 0.000 duration: 0.020,base_time.den=48000,base_time.num=1
01-01 22:30:31.291   228  1548 E RockFFPlayer: stream: start_time: 0.000 duration: 0.418 bitrate=113 kb/s
01-01 22:30:31.291   228  1548 E RockFFPlayer: avformat_find_stream_info:find_stream_info_err:free info,ok
01-01 22:30:31.291   228  1548 D RockFFPlayer: find av stream info ok
01-01 22:30:31.291   228  1548 D RockFFPlayer: AudioStartTime=0,VideoStartTime=-1,tmpTime=-1
01-01 22:30:31.291   228  1548 E RockFFPlayer: Hery, s->duration = 418188.000000
01-01 22:30:31.291   228  1548 I RockFFPlayer: Input #0, ogg, from '/system/media/audio/ui/camera_click.ogg':
01-01 22:30:31.291   228  1548 I RockFFPlayer:   Duration: 
01-01 22:30:31.291   228  1548 I RockFFPlayer: 00:00:00.42
01-01 22:30:31.291   228  1548 I RockFFPlayer: , start: 
01-01 22:30:31.291   228  1548 I RockFFPlayer: 0.000000
01-01 22:30:31.291   228  1548 I RockFFPlayer: , bitrate: 
01-01 22:30:31.291   228  1548 I RockFFPlayer: 113 kb/s
01-01 22:30:31.291   228  1548 I RockFFPlayer: 
01-01 22:30:31.291   228  1548 I RockFFPlayer:     Stream #0:0
01-01 22:30:31.291   228  1548 I RockFFPlayer: : Audio: vorbis, 48000 Hz, mono, s16, 48 kb/s
01-01 22:30:31.291   228  1548 I RockFFPlayer: 
01-01 22:30:31.291   228  1548 I RockFFPlayer:     Metadata:
01-01 22:30:31.291   228  1548 I RockFFPlayer:       TITLE           : 
01-01 22:30:31.291   228  1548 I RockFFPlayer: Camera Shutter
01-01 22:30:31.291   228  1548 I RockFFPlayer: 
01-01 22:30:31.291   228  1548 I RockFFPlayer:       ARTIST          : 
01-01 22:30:31.291   228  1548 I RockFFPlayer: (c) 2012 Android Open Source Project
01-01 22:30:31.291   228  1548 I RockFFPlayer: 
01-01 22:30:31.291   228  1548 D RockFFPlayer: send do-prepare message in
01-01 22:30:31.291   228  1548 D RockFFPlayer: enter enqueueMessage
01-01 22:30:31.291   228  1548 D RockFFPlayer: enqueueMessage:****1
01-01 22:30:31.292   228  1548 D RockFFPlayer: enqueueMessage:****2
01-01 22:30:31.292   228  1548 D RockFFPlayer: enqueueMessage:****3
01-01 22:30:31.292   228  1548 D RockFFPlayer: enqueueMessage:Message 1,set signal
01-01 22:30:31.292   228  1548 D RockFFPlayer: enqueueMessage:sync wait
01-01 22:30:31.292   228  1547 D RockFFPlayer: deliverMessage 
01-01 22:30:31.292   228  1547 D RockFFPlayer: run : dequeueMessage Message 1
01-01 22:30:31.292   228  1547 D RockFFPlayer: CMD_PREPARE
01-01 22:30:31.292   228  1547 I RockFFPlayer: doPrepare in
01-01 22:30:31.292   228  1547 I RockFFPlayer: prepareVideo
01-01 22:30:31.292   228  1547 E RockFFPlayer: mVideoStreamIndex is -1
01-01 22:30:31.292   228  1547 I RockFFPlayer: prepareAudio
01-01 22:30:31.292   228  1547 E RockFFPlayer: audio stream codec_id = 86021
01-01 22:30:31.292   228  1547 D RockFFPlayerBase: open MediaDecoder.cfg failed,so can't config anything
01-01 22:30:31.292   228  1547 D RkBitstreamManager: isBypass: 
01-01 22:30:31.294   228  1547 D RockFFPlayer: initAudioPlayer
01-01 22:30:31.294   228  1547 D         : Audio Format: 
01-01 22:30:31.294   228  1547 D RkBitstreamManager: isBypass: 
01-01 22:30:31.294   228  1547 D RockFFPlayer: AudioPlayer getOutputMode : 0, SPDIF mode : -1
01-01 22:30:31.294   228  1547 D RockFFPlayerBase: setAudioOutputMode output_mode : 0
01-01 22:30:31.294   228  1547 D RockFFPlayerBase: set SPDIF output mode : -1
01-01 22:30:31.294   228  1547 D AudioPlayerApi: audio player mode in: 0
01-01 22:30:31.294   228  1547 D AudioPlayerApi: audio player mode out: 0
01-01 22:30:31.294   228  1547 D RkAudioPlayer: setPlaybackRate: mSpeed = 1.000000,mPitch = 1.000000
01-01 22:30:31.294   228  1547 D RockFFPlayer: initAudioPlayer out
01-01 22:30:31.294   228  1547 I RockFFPlayer: prepareSubtitle in
01-01 22:30:31.294   228  1547 E RockFFPlayer: hasSubtitle return fail
01-01 22:30:31.294   228  1547 D AudioDecoder: decodeaudio AudioOutputMode : 0, SPDIF_MODE : -1, PlayerMode : 0
01-01 22:30:31.295   228  1547 D AudioDecoder: mStream->codec->channels = 1  mStream->codec->sample_rate = 48000
01-01 22:30:31.295   228  1547 D AudioDecoder: mStream->codec->channels = 1  mStream->codec->sample_rate = 48000
01-01 22:30:31.295   228  1547 D RockFFPlayer: createAudioDecoder: create audio decoder ok
01-01 22:30:31.295   228  1547 E RockFFPlayer: createVideoDecoder: no video stream
01-01 22:30:31.295   228  1547 E RockFFPlayer: createSubtitleDecoder: no subtitle stream
01-01 22:30:31.295   228  1547 E TraceThread: TraceThread::dumpTrace() FileName:/mnt/sdcard/trace_thread.log
01-01 22:30:31.295   228  1547 D RockFFPlayerBase: dumpStatus(): Preapared
01-01 22:30:31.295   228  1547 D RockFFPlayer: Sync master clock type - 1
01-01 22:30:31.295   228  1547 I RockFFPlayer: doPrepareFinish ok
01-01 22:30:31.295   228  1547 D RockFFPlayer: run : dequeueMessage Message 1 OK
01-01 22:30:31.295   228  1547 D RockFFPlayer: Messagecomplete type [1]
01-01 22:30:31.295   228  1547 D RockFFPlayer: run : Message 1 complete
01-01 22:30:31.295   228   814 E MediaPlayerFactory: 2019 03 30 -------- getPlayerType()111111111111 return FF_PLAYER !!!! 
01-01 22:30:31.295   228  1548 D RockFFPlayer: enqueueMessage:sync wait ok
01-01 22:30:31.295   228   814 I MediaPlayerFactory:  createFFPlayer
01-01 22:30:31.295   228  1548 D RockFFPlayer: send do-prepare message ok
01-01 22:30:31.295   228  1548 I RockFFPlayer: decodeMovie:getCurrentStatus() = 8
01-01 22:30:31.295   228   814 E FFPlayerHelper: isBDDirectory() ,path = /system/media/audio/ui/VideoRecord.ogg
01-01 22:30:31.295   228   814 E FFPlayerHelper: isBDDirectory(): no BDMV
01-01 22:30:31.295   228  1548 D FFPlayerHelper: MediaServer is SP_FOREGROUND, tid=1548
01-01 22:30:31.295   228   814 D RkMemConfig: RkMemConfig init
01-01 22:30:31.295   228   814 E RockFFPlayerBase: FFMPlayerBase:eDisplayIdMain
01-01 22:30:31.295   228   814 D FFPlayerHelper: MediaServer is SP_FOREGROUND, tid=814
01-01 22:30:31.295   228   814 D RkBitstreamManager: RkBitStreamHelper
01-01 22:30:31.296   228   814 D RkExtensionPlayer: RkExtensionPlayer in
01-01 22:30:31.296   228   814 E RkExtensionPlayer: createDirectory(), path = /tmp/rk_ext_subtitle/
01-01 22:30:31.296   228   814 E RkExtensionPlayer: createDirectory(), create directory = /tmp/rk_ext_subtitle/ fail,reason = No such file or directory
01-01 22:30:31.296   228   814 E RkExtensionPlayer: createDirectory(), path = /data/rk_ext_subtitle/
01-01 22:30:31.296   228   814 E RkExtensionPlayer: createDirectory(), create directory = /data/rk_ext_subtitle/ fail,reason = Permission denied
01-01 22:30:31.296   228   814 E RkExtensionPlayer: createDirectory(), path = /data/media/0/rk_ext_subtitle/
01-01 22:30:31.296   228   814 E RkExtensionPlayer: createDirectory(), create directory = /data/media/0/rk_ext_subtitle/ fail,reason = Permission denied
01-01 22:30:31.296   228   814 D RkExtensionPlayer: checkDirectoryAccess: Found no Temp Subtile Directory
01-01 22:30:31.297   228   814 E TraceThread: TraceThread::randomUID() --> [UID=7ebda33b]
01-01 22:30:31.297   228  1550 E TraceThread:     VsyncReciver(tid = 2989406512)--> [UID=7ebda33b] VsyncReciver::startthread
01-01 22:30:31.297   228   814 E TraceThread:     RockFFPlayer(tid = 3000990000)--> [UID=7ebda33b] FFMPlayer Construction; object=0xb7235590
01-01 22:30:31.297   228   814 I RockFFPlayer: setDataSource in 0xb7235590
01-01 22:30:31.297   228   814 D RockFFPlayer: start:create thread
01-01 22:30:31.298   228  1551 D RockFFPlayer: RkMessageQueue::run()
01-01 22:30:31.298   228   814 D RockFFPlayer: start:create thread ok,mThreadStatus=0
01-01 22:30:31.298   228   814 D RockFFPlayer: enter enqueueMessage
01-01 22:30:31.298   228   814 D RockFFPlayer: enqueueMessage:****1
01-01 22:30:31.298   228   814 D RockFFPlayer: enqueueMessage:****2
01-01 22:30:31.298   228   814 D RockFFPlayer: enqueueMessage:****3
01-01 22:30:31.298   228   814 D RockFFPlayer: enqueueMessage:Message 1,set signal
01-01 22:30:31.298   228   814 D RockFFPlayer: enqueueMessage:sync wait
01-01 22:30:31.298   228  1551 D RockFFPlayer: deliverMessage 
01-01 22:30:31.298   228  1551 D RockFFPlayer: run : dequeueMessage Message 20
01-01 22:30:31.298   228  1551 D RockFFPlayer: CMD_CURRENTSTATUS
01-01 22:30:31.298   228  1551 D RockFFPlayerBase: dumpStatus(): Initialized
01-01 22:30:31.298   228  1551 D RockFFPlayer: run : dequeueMessage Message 20 OK
01-01 22:30:31.298   228  1551 D RockFFPlayer: Messagecomplete type [20]
01-01 22:30:31.298   228  1551 D RockFFPlayer: run : Message 20 complete
01-01 22:30:31.298   228   814 D RockFFPlayer: enqueueMessage:sync wait ok
01-01 22:30:31.298   228   814 D RockFFPlayer: prepareAsync in
01-01 22:30:31.298   228   814 D RockFFPlayerBase: dumpStatus(): Initialized
01-01 22:30:31.298   228   814 D RockFFPlayerBase: dumpStatus(): Preparing
01-01 22:30:31.298   228  1552 I FFPlayer_Version: ******************************************
01-01 22:30:31.298   228  1552 I FFPlayer_Version: 
01-01 22:30:31.298   228  1552 I FFPlayer_Version: starting main player: v2.1 2019-03-14-11:37:59.9a7e7b0a.Zho
01-01 22:30:31.298   228  1552 I FFPlayer_Version: ffplayer running on: rk3288
01-01 22:30:31.298   228  1552 I FFPlayer_Version: 
01-01 22:30:31.298   228  1552 I FFPlayer_Version: ******************************************
01-01 22:30:31.298   228  1552 I RockFFPlayer: setDataSource(url =/system/media/audio/ui/VideoRecord.ogg)
01-01 22:30:31.298   228  1552 E RockFFPlayerBase: openContext : in
01-01 22:30:31.298   228   814 D RockFFPlayer: prepareAsync ok
01-01 22:30:31.298   228  1552 E RockFFPlayer: ffmpeg version v2.1: git-2019-01-24-3629521
01-01 22:30:31.298   228  1552 E RockFFPlayer: av_probe_input_buffer:avio_read
01-01 22:30:31.298   228  1552 I RockFFPlayer: flv_probe get probe score: 0
01-01 22:30:31.298   228  1552 E RockFFPlayer: Hery, probe size = 0
01-01 22:30:31.299   228  1552 E RockFFPlayer: avformat_open_input:read_header
01-01 22:30:31.299   228  1552 E RockFFPlayer: avformat_open_input:read_header ok
01-01 22:30:31.299   228  1552 D RkExtensionPlayer: openContext in
01-01 22:30:31.299   228  1552 D RkExtensionPlayer: ~RkExtensionPlayer in
01-01 22:30:31.299   228  1552 D RkExtensionPlayer: RkExtensionPlayer::closeExtendSubDecoder in
01-01 22:30:31.299   228  1552 E FFExtensionSource: ~FFExtensionSource in
01-01 22:30:31.299   228  1552 D RockFFPlayer: FFMediaSource context null. 
01-01 22:30:31.299   228  1552 E FFExtensionSource: ~FFExtensionSource out
01-01 22:30:31.299   228  1552 D RockFFPlayer: ~FFMediaSource
01-01 22:30:31.299   228  1552 D RockFFPlayer: FFMediaSource context null. 
01-01 22:30:31.299   228  1552 D RkExtensionPlayer: closeExtendSubDecoder out
01-01 22:30:31.299   228  1552 E RkExtensionPlayer: deleteAllFileInDirectory(), is not exist
01-01 22:30:31.299   228  1552 E RkExtensionPlayer: deleteAllFileInDirectory(),/tmp/rk_ext_subtitle/ is not exist
01-01 22:30:31.299   228  1552 E RkExtensionPlayer: deleteAllFileInDirectory(),/data/rk_ext_subtitle/ is not exist
01-01 22:30:31.299   228  1552 E RkExtensionPlayer: deleteAllFileInDirectory(),/data/media/0/rk_ext_subtitle/ is not exist
01-01 22:30:31.299   228  1552 E RockFFPlayerBase: Fail to open ExtendSubtitle Context
01-01 22:30:31.299   228  1552 E RockFFPlayerBase: openContext : out,ret = 0
01-01 22:30:31.299   228  1552 D RockFFPlayer: the source format name: ogg
01-01 22:30:31.299   228  1552 D RockFFPlayer: find av stream info in
01-01 22:30:31.301   228  1552 E RockFFPlayer: All info may be found, format: ogg
01-01 22:30:31.301   228  1552 E RockFFPlayer: All info found, format: ogg
01-01 22:30:31.301   228  1552 E RockFFPlayer: read_size = 23
01-01 22:30:31.301   228  1552 E RockFFPlayer: update_stream_timings: st[-1222391544].duration = 26080
01-01 22:30:31.301   228  1552 E RockFFPlayer: update_stream_timings: st[-1222391544].duration = 26080
01-01 22:30:31.301   228  1552 E RockFFPlayer: estimate_timings:0: start_time: 0.000 duration: 0.026,base_time.den=48000,base_time.num=1
01-01 22:30:31.301   228  1552 E RockFFPlayer: stream: start_time: 0.000 duration: 0.543 bitrate=95 kb/s
01-01 22:30:31.301   228  1552 E RockFFPlayer: avformat_find_stream_info:find_stream_info_err:free info,ok
01-01 22:30:31.301   228  1552 D RockFFPlayer: find av stream info ok
01-01 22:30:31.301   228  1552 D RockFFPlayer: AudioStartTime=0,VideoStartTime=-1,tmpTime=-1
01-01 22:30:31.301   228  1552 E RockFFPlayer: Hery, s->duration = 543333.000000
01-01 22:30:31.301   228  1552 I RockFFPlayer: Input #0, ogg, from '/system/media/audio/ui/VideoRecord.ogg':
01-01 22:30:31.301   228  1552 I RockFFPlayer:   Duration: 
01-01 22:30:31.301   228  1552 I RockFFPlayer: 00:00:00.54
01-01 22:30:31.301   228  1552 I RockFFPlayer: , start: 
01-01 22:30:31.301   228  1552 I RockFFPlayer: 0.000000
01-01 22:30:31.301   228  1552 I RockFFPlayer: , bitrate: 
01-01 22:30:31.301   228  1552 I RockFFPlayer: 95 kb/s
01-01 22:30:31.301   228  1552 I RockFFPlayer: 
01-01 22:30:31.301   228  1552 I RockFFPlayer:     Stream #0:0
01-01 22:30:31.301   228  1552 I RockFFPlayer: : Audio: vorbis, 48000 Hz, mono, s16, 48 kb/s
01-01 22:30:31.301   228  1552 I RockFFPlayer: 
01-01 22:30:31.301   228  1552 I RockFFPlayer:     Metadata:
01-01 22:30:31.301   228  1552 I RockFFPlayer:       TITLE           : 
01-01 22:30:31.301   228  1552 I RockFFPlayer: Video Record
01-01 22:30:31.301   228  1552 I RockFFPlayer: 
01-01 22:30:31.301   228  1552 I RockFFPlayer:       ARTIST          : 
01-01 22:30:31.301   228  1552 I RockFFPlayer: (c) 2012 Android Open Source Project
01-01 22:30:31.301   228  1552 I RockFFPlayer: 
01-01 22:30:31.302   228  1552 D RockFFPlayer: send do-prepare message in
01-01 22:30:31.302   228  1552 D RockFFPlayer: enter enqueueMessage
01-01 22:30:31.302   228  1552 D RockFFPlayer: enqueueMessage:****1
01-01 22:30:31.302   228  1552 D RockFFPlayer: enqueueMessage:****2
01-01 22:30:31.302   228  1552 D RockFFPlayer: enqueueMessage:****3
01-01 22:30:31.302   228  1552 D RockFFPlayer: enqueueMessage:Message 1,set signal
01-01 22:30:31.302   228  1552 D RockFFPlayer: enqueueMessage:sync wait
01-01 22:30:31.302   228  1551 D RockFFPlayer: deliverMessage 
01-01 22:30:31.302   228  1551 D RockFFPlayer: run : dequeueMessage Message 1
01-01 22:30:31.302   228  1551 D RockFFPlayer: CMD_PREPARE
01-01 22:30:31.302   228  1551 I RockFFPlayer: doPrepare in
01-01 22:30:31.302   228  1551 I RockFFPlayer: prepareVideo
01-01 22:30:31.302   228  1551 E RockFFPlayer: mVideoStreamIndex is -1
01-01 22:30:31.302   228  1551 I RockFFPlayer: prepareAudio
01-01 22:30:31.302   228  1551 E RockFFPlayer: audio stream codec_id = 86021
01-01 22:30:31.302   228  1551 D RockFFPlayerBase: open MediaDecoder.cfg failed,so can't config anything
01-01 22:30:31.302   228  1551 D RkBitstreamManager: isBypass: 
01-01 22:30:31.304   228  1551 D RockFFPlayer: initAudioPlayer
01-01 22:30:31.304   228  1551 D         : Audio Format: 
01-01 22:30:31.304   228  1551 D RkBitstreamManager: isBypass: 
01-01 22:30:31.304   228  1551 D RockFFPlayer: AudioPlayer getOutputMode : 0, SPDIF mode : -1
01-01 22:30:31.304   228  1551 D RockFFPlayerBase: setAudioOutputMode output_mode : 0
01-01 22:30:31.304   228  1551 D RockFFPlayerBase: set SPDIF output mode : -1
01-01 22:30:31.304   228  1551 D AudioPlayerApi: audio player mode in: 0
01-01 22:30:31.304   228  1551 D AudioPlayerApi: audio player mode out: 0
01-01 22:30:31.304   228  1551 D RkAudioPlayer: setPlaybackRate: mSpeed = 1.000000,mPitch = 1.000000
01-01 22:30:31.304   228  1551 D RockFFPlayer: initAudioPlayer out
01-01 22:30:31.304   228  1551 I RockFFPlayer: prepareSubtitle in
01-01 22:30:31.304   228  1551 E RockFFPlayer: hasSubtitle return fail
01-01 22:30:31.304   228  1551 D AudioDecoder: decodeaudio AudioOutputMode : 0, SPDIF_MODE : -1, PlayerMode : 0
01-01 22:30:31.304   228  1551 D AudioDecoder: mStream->codec->channels = 1  mStream->codec->sample_rate = 48000
01-01 22:30:31.304   228  1551 D AudioDecoder: mStream->codec->channels = 1  mStream->codec->sample_rate = 48000
01-01 22:30:31.304   228  1551 D RockFFPlayer: createAudioDecoder: create audio decoder ok
01-01 22:30:31.304   228  1551 E RockFFPlayer: createVideoDecoder: no video stream
01-01 22:30:31.304   228  1551 E RockFFPlayer: createSubtitleDecoder: no subtitle stream
01-01 22:30:31.305   228  1551 E TraceThread: TraceThread::dumpTrace() FileName:/mnt/sdcard/trace_thread.log
01-01 22:30:31.305   228  1551 D RockFFPlayerBase: dumpStatus(): Preapared
01-01 22:30:31.305   228  1551 D RockFFPlayer: Sync master clock type - 1
01-01 22:30:31.305   228  1551 I RockFFPlayer: doPrepareFinish ok
01-01 22:30:31.305   228  1551 D RockFFPlayer: run : dequeueMessage Message 1 OK
01-01 22:30:31.305   228  1551 D RockFFPlayer: Messagecomplete type [1]
01-01 22:30:31.305   228  1551 D RockFFPlayer: run : Message 1 complete
01-01 22:30:31.305   228  1552 D RockFFPlayer: enqueueMessage:sync wait ok
01-01 22:30:31.305   228  1552 D RockFFPlayer: send do-prepare message ok
01-01 22:30:31.305   228  1552 I RockFFPlayer: decodeMovie:getCurrentStatus() = 8
01-01 22:30:31.305   228   814 E MediaPlayerFactory: 2019 03 30 -------- getPlayerType()111111111111 return FF_PLAYER !!!! 
01-01 22:30:31.305   228   814 I MediaPlayerFactory:  createFFPlayer
01-01 22:30:31.305   228  1552 D FFPlayerHelper: MediaServer is SP_FOREGROUND, tid=1552
01-01 22:30:31.305   228   814 E FFPlayerHelper: isBDDirectory() ,path = /system/media/audio/ui/VideoStop.ogg
01-01 22:30:31.305   228   814 E FFPlayerHelper: isBDDirectory(): no BDMV
01-01 22:30:31.305   228   814 D RkMemConfig: RkMemConfig init
01-01 22:30:31.305   228   814 E RockFFPlayerBase: FFMPlayerBase:eDisplayIdMain
01-01 22:30:31.305   228   814 D FFPlayerHelper: MediaServer is SP_FOREGROUND, tid=814
01-01 22:30:31.305   228   814 D RkBitstreamManager: RkBitStreamHelper
01-01 22:30:31.305   228   814 D RkExtensionPlayer: RkExtensionPlayer in
01-01 22:30:31.305   228   814 E RkExtensionPlayer: createDirectory(), path = /tmp/rk_ext_subtitle/
01-01 22:30:31.305   228   814 E RkExtensionPlayer: createDirectory(), create directory = /tmp/rk_ext_subtitle/ fail,reason = No such file or directory
01-01 22:30:31.305   228   814 E RkExtensionPlayer: createDirectory(), path = /data/rk_ext_subtitle/
01-01 22:30:31.305   228   814 E RkExtensionPlayer: createDirectory(), create directory = /data/rk_ext_subtitle/ fail,reason = Permission denied
01-01 22:30:31.305   228   814 E RkExtensionPlayer: createDirectory(), path = /data/media/0/rk_ext_subtitle/
01-01 22:30:31.305   228   814 E RkExtensionPlayer: createDirectory(), create directory = /data/media/0/rk_ext_subtitle/ fail,reason = Permission denied
01-01 22:30:31.305   228   814 D RkExtensionPlayer: checkDirectoryAccess: Found no Temp Subtile Directory
01-01 22:30:31.306   228   814 E TraceThread: TraceThread::randomUID() --> [UID=7ebda33b]
01-01 22:30:31.306   228  1555 E TraceThread:     VsyncReciver(tid = 2985228592)--> [UID=7ebda33b] VsyncReciver::startthread
01-01 22:30:31.306   228   814 E TraceThread:     RockFFPlayer(tid = 3000990000)--> [UID=7ebda33b] FFMPlayer Construction; object=0xb71d60e8
01-01 22:30:31.307   228   814 I RockFFPlayer: setDataSource in 0xb71d60e8
01-01 22:30:31.307   228   814 D RockFFPlayer: start:create thread
01-01 22:30:31.307   228  1556 D RockFFPlayer: RkMessageQueue::run()
01-01 22:30:31.307   228   814 D RockFFPlayer: start:create thread ok,mThreadStatus=0
01-01 22:30:31.307   228   814 D RockFFPlayer: enter enqueueMessage
01-01 22:30:31.307   228   814 D RockFFPlayer: enqueueMessage:****1
01-01 22:30:31.307   228   814 D RockFFPlayer: enqueueMessage:****2
01-01 22:30:31.307   228   814 D RockFFPlayer: enqueueMessage:****3
01-01 22:30:31.307   228   814 D RockFFPlayer: enqueueMessage:Message 1,set signal
01-01 22:30:31.307   228   814 D RockFFPlayer: enqueueMessage:sync wait
01-01 22:30:31.307   228  1556 D RockFFPlayer: deliverMessage 
01-01 22:30:31.307   228  1556 D RockFFPlayer: run : dequeueMessage Message 20
01-01 22:30:31.307   228  1556 D RockFFPlayer: CMD_CURRENTSTATUS
01-01 22:30:31.307   228  1556 D RockFFPlayerBase: dumpStatus(): Initialized
01-01 22:30:31.307   228  1556 D RockFFPlayer: run : dequeueMessage Message 20 OK
01-01 22:30:31.307   228  1556 D RockFFPlayer: Messagecomplete type [20]
01-01 22:30:31.307   228  1556 D RockFFPlayer: run : Message 20 complete
01-01 22:30:31.307   228   814 D RockFFPlayer: enqueueMessage:sync wait ok
01-01 22:30:31.307   228   814 D RockFFPlayer: prepareAsync in
01-01 22:30:31.307   228   814 D RockFFPlayerBase: dumpStatus(): Initialized
01-01 22:30:31.307   228   814 D RockFFPlayerBase: dumpStatus(): Preparing
01-01 22:30:31.307   228  1557 I FFPlayer_Version: ******************************************
01-01 22:30:31.307   228  1557 I FFPlayer_Version: 
01-01 22:30:31.307   228  1557 I FFPlayer_Version: starting main player: v2.1 2019-03-14-11:37:59.9a7e7b0a.Zho
01-01 22:30:31.307   228  1557 I FFPlayer_Version: ffplayer running on: rk3288
01-01 22:30:31.307   228  1557 I FFPlayer_Version: 
01-01 22:30:31.307   228  1557 I FFPlayer_Version: ******************************************
01-01 22:30:31.307   228  1557 I RockFFPlayer: setDataSource(url =/system/media/audio/ui/VideoStop.ogg)
01-01 22:30:31.307   228  1557 E RockFFPlayerBase: openContext : in
01-01 22:30:31.307   228   814 D RockFFPlayer: prepareAsync ok
01-01 22:30:31.307   228  1557 E RockFFPlayer: ffmpeg version v2.1: git-2019-01-24-3629521
01-01 22:30:31.307   228  1557 E RockFFPlayer: init_input:avio_open2 failed
01-01 22:30:31.307   228  1557 E RockFFPlayer: init_input failed
01-01 22:30:31.307   228  1557 I RockFFPlayer: avformat_open_input return fail
01-01 22:30:31.307   228  1557 D RkExtensionPlayer: openContext in
01-01 22:30:31.307   228  1557 D RkExtensionPlayer: ~RkExtensionPlayer in
01-01 22:30:31.307   228  1557 D RkExtensionPlayer: RkExtensionPlayer::closeExtendSubDecoder in
01-01 22:30:31.307   228  1557 E FFExtensionSource: ~FFExtensionSource in
01-01 22:30:31.308   228  1557 D RockFFPlayer: FFMediaSource context null. 
01-01 22:30:31.308   228  1557 E FFExtensionSource: ~FFExtensionSource out
01-01 22:30:31.308   228  1557 D RockFFPlayer: ~FFMediaSource
01-01 22:30:31.308   228  1557 D RockFFPlayer: FFMediaSource context null. 
01-01 22:30:31.308   228  1557 D RkExtensionPlayer: closeExtendSubDecoder out
01-01 22:30:31.308   228  1557 E RkExtensionPlayer: deleteAllFileInDirectory(), is not exist
01-01 22:30:31.308   228  1557 E RkExtensionPlayer: deleteAllFileInDirectory(),/tmp/rk_ext_subtitle/ is not exist
01-01 22:30:31.308   228  1557 E RkExtensionPlayer: deleteAllFileInDirectory(),/data/rk_ext_subtitle/ is not exist
01-01 22:30:31.308   228  1557 E RkExtensionPlayer: deleteAllFileInDirectory(),/data/media/0/rk_ext_subtitle/ is not exist
01-01 22:30:31.308   228  1557 E RockFFPlayerBase: Fail to open ExtendSubtitle Context
01-01 22:30:31.308   228  1557 E RockFFPlayerBase: openContext : out,ret = -2
01-01 22:30:31.308   228  1557 D RockFFPlayer: retry open context, 2 
01-01 22:30:31.308   228  1557 E RockFFPlayerBase: openContext : in
01-01 22:30:31.308   228  1557 E RockFFPlayer: ffmpeg version v2.1: git-2019-01-24-3629521
01-01 22:30:31.308   228  1557 E RockFFPlayer: init_input:avio_open2 failed
01-01 22:30:31.308   228  1557 E RockFFPlayer: init_input failed
01-01 22:30:31.308   228  1557 I RockFFPlayer: avformat_open_input return fail
01-01 22:30:31.308   228  1557 E RockFFPlayerBase: openContext : out,ret = -2
01-01 22:30:31.308   228  1557 D RockFFPlayer: retry open context, 5 
01-01 22:30:31.308   228  1557 E RockFFPlayerBase: openContext : in
01-01 22:30:31.308   228  1557 E RockFFPlayer: ffmpeg version v2.1: git-2019-01-24-3629521
01-01 22:30:31.308   228  1557 E RockFFPlayer: init_input:avio_open2 failed
01-01 22:30:31.308   228  1557 E RockFFPlayer: init_input failed
01-01 22:30:31.308   228  1557 I RockFFPlayer: avformat_open_input return fail
01-01 22:30:31.308   228  1557 E RockFFPlayerBase: openContext : out,ret = -2
01-01 22:30:31.308   228  1557 D RockFFPlayer: retry open context, 8 
01-01 22:30:31.308   228  1557 E RockFFPlayerBase: openContext : in
01-01 22:30:31.308   228  1557 E RockFFPlayer: ffmpeg version v2.1: git-2019-01-24-3629521
01-01 22:30:31.308   228  1557 E RockFFPlayer: init_input:avio_open2 failed
01-01 22:30:31.308   228  1557 E RockFFPlayer: init_input failed
01-01 22:30:31.308   228  1557 I RockFFPlayer: avformat_open_input return fail
01-01 22:30:31.308   228  1557 E RockFFPlayerBase: openContext : out,ret = -2
01-01 22:30:31.308   228  1557 D RockFFPlayer: retry open context, 11 
01-01 22:30:31.308   228  1557 E RockFFPlayerBase: openContext : in
01-01 22:30:31.308   228  1557 E RockFFPlayer: ffmpeg version v2.1: git-2019-01-24-3629521
01-01 22:30:31.308   228  1557 E RockFFPlayer: init_input:avio_open2 failed
01-01 22:30:31.308   228  1557 E RockFFPlayer: init_input failed
01-01 22:30:31.308   228  1557 I RockFFPlayer: avformat_open_input return fail
01-01 22:30:31.308   228  1557 E RockFFPlayerBase: openContext : out,ret = -2
01-01 22:30:31.308   228  1557 D RockFFPlayer: retry open context, 14 
01-01 22:30:31.308   228  1557 E MediaPlayer: error (1, -2147483648)
01-01 22:30:31.308   228  1557 D RockFFPlayer: startPlayer(): prepareDataSource error
01-01 22:30:31.308   228  1557 D RockFFPlayerBase: dumpStatus(): Error status
01-01 22:30:31.308   228  1557 E MediaPlayer: error (1, -2147483648)
01-01 22:30:31.309   228   814 I CameraClient: Opening camera 1
01-01 22:30:31.309   228   814 D CameraHal: camera_get_camera_info(1312): camera_get_camera_info(1312): camera_1 facing(1), orientation(270)
01-01 22:30:31.309   228   814 I CameraHal: camera_device_open(500): camera_device open
01-01 22:30:31.309   228   814 D CameraHal: gCameraHalLogLevel: 0
01-01 22:30:31.309   228   814 D CameraHal: CameraHal(133): it is a isp  camera
01-01 22:30:31.309   228   814 D CameraHal: Calling process is: /system/bin/mediaserver
01-01 22:30:31.310   228   814 I vpu_mem_pool: pid 228, open_vpu_memory_pool:473: success
01-01 22:30:31.310   228  1559 I vpu_mem_pool: pid 228, vpu_mem_allocator:717: vpu memory pool size (80000)
01-01 22:30:31.310   228  1559 I vpu_mem_pool: pid 228, vpu_mem_allocator:720: ion_alloc_fd success, memory fd 39
01-01 22:30:31.310   228  1559 I vpu_mem_pool: pid 228, vpu_mem_allocator:717: vpu memory pool size (160000)
01-01 22:30:31.310   228  1559 I vpu_mem_pool: pid 228, vpu_mem_allocator:720: ion_alloc_fd success, memory fd 40
01-01 22:30:31.310   228  1559 I vpu_mem_pool: pid 228, vpu_mem_allocator:717: vpu memory pool size (240000)
01-01 22:30:31.310   228  1559 I vpu_mem_pool: pid 228, vpu_mem_allocator:720: ion_alloc_fd success, memory fd 41
01-01 22:30:31.310   228  1559 I vpu_mem_pool: pid 228, vpu_mem_allocator:717: vpu memory pool size (320000)
01-01 22:30:31.310   228  1559 I vpu_mem_pool: pid 228, vpu_mem_allocator:720: ion_alloc_fd success, memory fd 42
01-01 22:30:31.310   228  1559 I vpu_mem_pool: pid 228, vpu_mem_allocator:717: vpu memory pool size (400000)
01-01 22:30:31.310   228  1559 I vpu_mem_pool: pid 228, vpu_mem_allocator:720: ion_alloc_fd success, memory fd 43
01-01 22:30:31.310   228  1559 I vpu_mem_pool: pid 228, vpu_mem_allocator:717: vpu memory pool size (480000)
01-01 22:30:31.310   228  1559 I vpu_mem_pool: pid 228, vpu_mem_allocator:720: ion_alloc_fd success, memory fd 44
01-01 22:30:31.310   228  1559 I vpu_mem_pool: pid 228, vpu_mem_allocator:717: vpu memory pool size (560000)
01-01 22:30:31.310   228  1559 I vpu_mem_pool: pid 228, vpu_mem_allocator:720: ion_alloc_fd success, memory fd 45
01-01 22:30:31.310   228  1559 I vpu_mem_pool: pid 228, vpu_mem_allocator:717: vpu memory pool size (640000)
01-01 22:30:31.310   228  1559 I vpu_mem_pool: pid 228, vpu_mem_allocator:720: ion_alloc_fd success, memory fd 46
