01-01 22:30:38.312  1456  1607 D FileApkUtils: Optimizing: DynamiteModulesB_GmsCore_prodmnc_xhdpi_release.apk [fdddbd546e514cb5293398a8239137763e97647767d6b423d3c205f19ac2df10]
01-01 22:30:38.406  1615  1615 W System  : ClassLoader referenced unknown path: /system/priv-app/ManagedProvisioning/lib/arm
01-01 22:30:38.439  1456  1607 D DexOptUtils: Module /data/user/0/com.google.android.gms/app_chimera/m/00000004/DynamiteModulesB_GmsCore_prodmnc_xhdpi_release.apk is already optimized. Bailing.
01-01 22:30:38.446   570   581 I ActivityManager: Start proc 1634:com.android.onetimeinitializer/u0a9 for broadcast com.android.onetimeinitializer/.OneTimeInitializerReceiver
01-01 22:30:38.459  1456  1607 D GmsModuleFndr: Beginning GMS chimera module scan
01-01 22:30:38.468  1456  1607 D GmsModuleFndr: Module pkg com.google.android.apps.kids.familylinkmanager not installed, skipping
01-01 22:30:38.468  1456  1607 D GmsModuleFndr: Module pkg com.google.android.gms.policy_test_support not installed, skipping
01-01 22:30:38.468  1456  1607 D GmsModuleFndr: Module pkg com.google.android.apps.kids.familylink not installed, skipping
01-01 22:30:38.469  1456  1607 D GmsModuleFndr: Module pkg com.google.android.play.games not installed, skipping
01-01 22:30:38.473  1456  1607 D ChimeraCfgMgr: Beginning module configuration check
01-01 22:30:38.481  1456  1607 D ChimeraCfgMgr: Module APKs unchanged, check complete
01-01 22:30:38.550  1634  1634 W System  : ClassLoader referenced unknown path: /system/priv-app/OneTimeInitializer/lib/arm
01-01 22:30:38.552  1634  1634 V OneTimeInitializerRece: OneTimeInitializerReceiver.onReceive
01-01 22:30:38.571   570   729 I ActivityManager: Start proc 1650:com.google.android.inputmethod.pinyin/u0a25 for broadcast com.google.android.inputmethod.pinyin/com.google.android.apps.inputmethod.libs.framework.core.LauncherIconVisibilityInitializer
01-01 22:30:38.684  1650  1650 W System  : ClassLoader referenced unknown path: /system/app/GoogleInput/lib/arm
01-01 22:30:38.818  1540  1596 D bt_upio : Delay 500ms for bluetooth power up
01-01 22:30:38.857  1303  1633 W MediaScanner: Error opening directory '/oem/media/', skipping: No such file or directory.
01-01 22:30:38.988  1456  1611 W InstanceID/Rpc: Found 10006
01-01 22:30:39.004  1456  1611 D AuthInitIntentOperation: Initializing Auth, action is android.intent.action.BOOT_COMPLETED ,InitRuntimeState=2
01-01 22:30:39.016  1456  1611 W Auth    : [FRP,FrpUpdateIntentService] Received invalid intent action: com.google.android.gms.auth.ACTION_INVALID
01-01 22:30:39.021   979   979 I Auth    : [AuthDelegateWrapper] Service intent: Intent { cmp=com.google.android.gms/.auth.account.authenticator.DefaultAuthDelegateService }.
01-01 22:30:39.024   979   979 I Auth    : [AuthDelegateWrapper] Service intent: Intent { cmp=com.google.android.gms/.auth.account.authenticator.DefaultAuthDelegateService }.
01-01 22:30:39.033   979   979 I Auth    : [AuthDelegateWrapper] Service intent: Intent { cmp=com.google.android.gms/.auth.account.authenticator.DefaultAuthDelegateService }.
01-01 22:30:39.037   979  1671 W WakefulBroadcastReceiver: No active wake lock id #1
01-01 22:30:39.057  1456  1611 D AccountStateSyncAdapterInitIntentOperation: Initializing AccountStateSyncAdapter, action is android.intent.action.BOOT_COMPLETED ,InitRuntimeState=2
01-01 22:30:39.057  1456  1611 D AuthZenInitIntentOperation: Initializing Authzen, action is android.intent.action.BOOT_COMPLETED ,InitRuntimeState=2
01-01 22:30:39.058  1456  1611 D EasyUnlockInitOp: Initializing EasyUnlock, InitRuntimeState=2
01-01 22:30:39.064  1456  1673 V AuthZen : Handling intent: android.intent.action.BOOT_COMPLETED
01-01 22:30:39.072   979  1674 D EasyUnlockInitService: Handling intent for initializer IntentService.
01-01 22:30:39.114  1456  1611 D PeriodicTasksManager: Will schedule periodic tasks:android.intent.action.BOOT_COMPLETED.
01-01 22:30:39.123  1456  1611 D PeriodicTasksManager: Scheduling periodical signal task every 86400 seconds
01-01 22:30:39.123  1456  1678 I CheckinService: Disabling old GoogleServicesFramework version
01-01 22:30:39.138  1456  1611 D PeriodicTasksManager: AdAttestation signal task scheduled
01-01 22:30:39.143  1456  1679 V CheckinChimeraService: No Subscriptions found on the device
01-01 22:30:39.148  1456  1611 D GCM     : COMPAT: Multi user ser=0 current=0
01-01 22:30:39.163  1456  1679 I CheckinChimeraService: Checking schedule, now: 1293883239163 next: 1294448975163
01-01 22:30:39.163  1456  1679 I CheckinChimeraService: active receiver: disabled
01-01 22:30:39.166   979   979 D WearableService: callingUid 10006, callindPid: 979
01-01 22:30:39.175  1456  1673 I GoogleURLConnFactory: Using platform SSLCertificateSocketFactory
01-01 22:30:39.178  1456  1673 E BaseAppContext: Tried to stop global GMSCore RequestQueue. This is likely unintended, so ignoring.
01-01 22:30:39.180  1456  1673 V BaseAppContext: GmsRequestQueue started.
01-01 22:30:39.192  1456  1673 D AuthZenEventHandler: Handling event: android.intent.action.BOOT_COMPLETED
01-01 22:30:39.298  1456  1673 D AuthZenTransactionCache: Initialized cache in: /data/user/0/com.google.android.gms/files
01-01 22:30:39.298  1456  1673 D AuthZenTransactionCache: Clearing transaction cache
01-01 22:30:39.333  1456  1682 W art     : Long monitor contention event with owner method=android.system.StructStat libcore.io.Posix.stat(java.lang.String) from Posix.java:4294967294 waiters=0 for 179ms
01-01 22:30:39.470  1650  1650 I AndroidIME: com.google.android.apps.inputmethod.libs.framework.core.LauncherIconVisibilityInitializerBase: android.intent.action.BOOT_COMPLETED
01-01 22:30:39.476   960   960 I SystemBroadcastReceiver: Boot has been completed
01-01 22:30:39.477   960   960 I SystemBroadcastReceiver: toggleAppIcon() : FLAG_SYSTEM = true
01-01 22:30:39.485  1022  1022 D RKUpdateReceiver: action = android.intent.action.BOOT_COMPLETED
01-01 22:30:39.485  1022  1022 D RKUpdateReceiver: RKUpdateReceiver recv ACTION_BOOT_COMPLETED.
01-01 22:30:39.500  1022  1022 I android_rockchip_update_UpdateService.cpp: JNI_OnLoad
01-01 22:30:39.504   570   729 I ActivityManager: Start proc 1704:com.google.android.youtube/u0a43 for broadcast com.google.android.youtube/com.google.android.libraries.youtube.mdx.background.MdxBackgroundScanBootReceiver
01-01 22:30:39.510  1022  1022 D RKUpdateService: starting RKUpdateService, version is 1.8.0
01-01 22:30:39.514  1022  1022 D RKUpdateService: remote uri is http://ro.product.ota.host=120.76.73.32:2305/OtaUpdater/android?product=rk3288&version=1.0.1&sn=CBI9S1F786&country=US&language=en
01-01 22:30:39.514  1022  1022 D RKUpdateService: remote uri backup is http://192.168.1.143:2300/OtaUpdater/android?product=rk3288&version=1.0.1&sn=CBI9S1F786&country=US&language=en
01-01 22:30:39.518  1540  1596 D bt_hci  : start_up starting async portion
01-01 22:30:39.518  1540  1608 I bt_hci  : event_finish_startup
01-01 22:30:39.518  1540  1608 I bt_hci_h4: hal_open
01-01 22:30:39.518  1540  1608 I bt_userial_vendor: userial vendor open: opening /dev/ttyS0
01-01 22:30:39.518  1540  1608 I bt_userial_vendor: device fd = 52 open
01-01 22:30:39.523  1022  1022 D RKUpdateService: first startup!!!
01-01 22:30:39.529  1540  1608 I bt_hwcfg: bt vendor lib: set UART baud 1500000
01-01 22:30:39.598  1022  1022 D RKUpdateService: onStartCommand.......
01-01 22:30:39.598  1022  1022 D RKUpdateService: command = 1 delaytime = 20000
01-01 22:30:39.599  1022  1022 D RKUpdateService: onStartCommand.......
01-01 22:30:39.599  1022  1022 D RKUpdateService: command = 2 delaytime = 25000
01-01 22:30:39.693   979  1734 D GCM     : GcmService start Intent { flg=0x8000010 cmp=com.google.android.gms/.gcm.GcmService (has extras) } null
01-01 22:30:39.729   979   979 E GmsWearableNodeHelper: GoogleApiClient connection failed: ConnectionResult{statusCode=API_UNAVAILABLE, resolution=null, message=null}
01-01 22:30:39.732  1540  1608 D bt_hwcfg: Chipset BCM4354A2
01-01 22:30:39.732  1540  1608 D bt_hwcfg: Target name = [BCM4354A2]
01-01 22:30:39.732  1540  1608 D WifiHW  : check_wifi_chip_type_string: AP6335
01-01 22:30:39.732  1540  1608 I bt_hwcfg: BT module name is: AP6335, p_chip_id_str = BCM4354A2
01-01 22:30:39.732  1540  1608 I bt_hwcfg: Target HCD file name is: BCM4356A2.hcd
01-01 22:30:39.737  1456  1611 I FA-SVC  : App measurement is starting up, version: 9083
01-01 22:30:39.737  1456  1611 I FA-SVC  : To enable debug logging run: adb shell setprop log.tag.FA VERBOSE
01-01 22:30:39.770   979  1742 I PhenotypeConfigurator: Scheduling Phenotype for one-off execution 4458 seconds from now (1293883239770)
01-01 22:30:39.775  1456  1743 V FA-SVC  : Update service enabled state to: 1
01-01 22:30:39.776  1456  1743 I FA-SVC  : This instance being marked as an uploader
01-01 22:30:39.784  1540  1608 I bt_hwcfg: Found patchfile: /vendor/firmware//BCM4356A2.hcd
01-01 22:30:39.860  1456  1741 D fdn     : Opening database auth.proximity.permit_store...
01-01 22:30:39.873   979  1674 D EasyUnlockInitService: Not initializing EasyUnlock: remote_devices=0, bluetooth_on=false
01-01 22:30:39.903  1456  1611 V SmartDevice: [service,SmartDeviceIntentHandlers] OnUpgradeOrBootOperation got intent: Intent { act=android.intent.action.BOOT_COMPLETED flg=0x8000010 cmp=com.google.android.gms/.chimera.GmsIntentOperationService (has extras) } with flag 2
01-01 22:30:39.919  1456  1751 E MDM     : [138] rlj.a: Couldn't connect to Google API client: ConnectionResult{statusCode=API_UNAVAILABLE, resolution=null, message=null}
01-01 22:30:40.160  1456  1611 I DynamiteModule: Considering local module com.google.android.gms.googlecertificates:1 and remote module com.google.android.gms.googlecertificates:1
01-01 22:30:40.160  1456  1611 I DynamiteModule: Selected remote version of com.google.android.gms.googlecertificates, version >= 1
01-01 22:30:40.169  1456  1611 W System  : ClassLoader referenced unknown path: /data/user/0/com.google.android.gms/app_chimera/m/00000003/n/armeabi
01-01 22:30:40.170  1456  1611 D ChimeraFileApk: Primary ABI of requesting process is armeabi-v7a
01-01 22:30:40.172  1456  1611 D ChimeraFileApk: Classloading successful. Optimized code found.
01-01 22:30:40.174  1456  1611 D GoogleCertificates: com.google.android.gms.googlecertificates module is loaded
01-01 22:30:40.253  1456  1611 D GoogleCertificatesImpl: Fetched 300 Google certificates
01-01 22:30:40.458  1456  1763 V CheckinChimeraService: No Subscriptions found on the device
01-01 22:30:40.459  1456  1763 I CheckinChimeraService: Checking schedule, now: 1293883240458 next: 1294448975163
01-01 22:30:40.459  1456  1763 I CheckinChimeraService: active receiver: disabled
01-01 22:30:40.464  1540  1608 I bt_hwcfg: bt vendor lib: set UART baud 115200
01-01 22:30:40.467  1704  1704 W FileProviderCompat: isPatchingNecessary returned true and in == null: false
01-01 22:30:40.490  1704  1704 W PatchedPackageManager: patching ProviderInfo. Metadata was not null
01-01 22:30:40.490  1704  1704 W PatchedPackageManager: resolveContentProvider flags: 128 ret: ContentProviderInfo{name=com.google.android.youtube.fileprovider className=com.google.android.apps.youtube.app.common.util.FileProviderCompat}
01-01 22:30:40.496  1456  1730 W IcingInternalCorpora: getNumBytesRead when not calculated.
01-01 22:30:40.508  1704  1704 W YT      : Last known version:13.35.51
01-01 22:30:40.509  1456  1611 I GCoreUlr: Starting service, intent=Intent { act=com.google.android.location.reporting.ACTION_UPDATE_WORLD cmp=com.google.android.gms/com.google.android.location.reporting.service.DispatchingService (has extras) }, extras=Bundle[{receiverAction=android.intent.action.BOOT_COMPLETED}]
01-01 22:30:40.643   979  1736 I PhenotypeFlagCommitter: Experiment Configs successfully retrieved for com.google.android.gms.lockbox
01-01 22:30:40.664  1540  1608 D bt_hwcfg: Settlement delay -- 200 ms
01-01 22:30:40.664  1540  1608 I bt_hwcfg: Setting fw settlement delay to 200 
01-01 22:30:40.711  1456  1611 D LocationInitializer: Restart initialization of location
01-01 22:30:40.802   227   349 D alsa_route: route_set_controls() set route 24
01-01 22:30:40.802   227   349 D AudioHardwareTiny: close device
01-01 22:30:40.873  1704  1790 W YouTube : Fetching the Gservices key 'failsafe_clear_cache_release_13_02' before the end of the bulk initialization
01-01 22:30:40.874  1540  1608 I bt_hwcfg: bt vendor lib: set UART baud 1500000
01-01 22:30:40.880   979  1416 I GCoreUlr: WorldUpdater received intent Intent { act=com.google.android.location.reporting.ACTION_UPDATE_WORLD cmp=com.google.android.gms/com.google.android.location.reporting.service.DispatchingService (has extras) } with receiverAction android.intent.action.BOOT_COMPLETED
01-01 22:30:41.075  1540  1608 I bt_hwcfg: Setting local bd addr to CC:4B:73:82:13:37
01-01 22:30:41.075  1540  1608 I bt_hwcfg: vendor lib fwcfg completed
01-01 22:30:41.075  1540  1608 I bt_vendor: firmware callback
01-01 22:30:41.075  1540  1608 I bt_hci  : firmware_config_callback
01-01 22:30:41.078  1540  1801 I bt_btu  : btu_task pending for preload complete event
01-01 22:30:41.078  1540  1801 I bt_btu_task: Bluetooth chip preload is complete
01-01 22:30:41.078  1540  1801 I bt_btu  : btu_task received preload complete event
01-01 22:30:41.080  1540  1801 I         : BTE_InitTraceLevels -- TRC_HCI
01-01 22:30:41.080  1540  1801 I         : BTE_InitTraceLevels -- TRC_L2CAP
01-01 22:30:41.080  1540  1801 I         : BTE_InitTraceLevels -- TRC_RFCOMM
01-01 22:30:41.080  1540  1801 I         : BTE_InitTraceLevels -- TRC_AVDT
01-01 22:30:41.080  1540  1801 I         : BTE_InitTraceLevels -- TRC_AVRC
01-01 22:30:41.080  1540  1801 I         : BTE_InitTraceLevels -- TRC_A2D
01-01 22:30:41.080  1540  1801 I         : BTE_InitTraceLevels -- TRC_BNEP
01-01 22:30:41.080  1540  1801 I         : BTE_InitTraceLevels -- TRC_BTM
01-01 22:30:41.080  1540  1801 I         : BTE_InitTraceLevels -- TRC_GAP
01-01 22:30:41.080  1540  1801 I         : BTE_InitTraceLevels -- TRC_PAN
01-01 22:30:41.080  1540  1801 I         : BTE_InitTraceLevels -- TRC_SDP
01-01 22:30:41.080  1540  1801 I         : BTE_InitTraceLevels -- TRC_GATT
01-01 22:30:41.080  1540  1801 I         : BTE_InitTraceLevels -- TRC_SMP
01-01 22:30:41.080  1540  1801 I         : BTE_InitTraceLevels -- TRC_BTAPP
01-01 22:30:41.080  1540  1801 I         : BTE_InitTraceLevels -- TRC_BTIF
01-01 22:30:41.133   570   590 E BluetoothManagerService: waitForOnOff time out
01-01 22:30:41.134  1540  1595 D BluetoothAdapterState: Current state: PENDING_COMMAND, message: 23
01-01 22:30:41.134  1540  1595 I BluetoothAdapterState: Deferring BLE_TURN_OFF request...
01-01 22:30:41.173  1704  1792 W art     : Long monitor contention event with owner method=void wpy.<clinit>() from SourceFile:141 waiters=2 for 297ms
01-01 22:30:41.174  1704  1786 W art     : Long monitor contention event with owner method=void wpy.<clinit>() from SourceFile:141 waiters=4 for 272ms
01-01 22:30:41.193  1540  1801 I bt_btm_sec: BTM_SecRegister p_cb_info->p_le_callback == 0x0xa1e34599
01-01 22:30:41.193  1540  1801 I bt_btm_sec: BTM_SecRegister btm_cb.api.p_le_callback = 0x0xa1e34599 
01-01 22:30:41.199  1540  1601 I bt_btif_storage: btif_storage_get_adapter_property service_mask:0x20000000
01-01 22:30:41.199  1540  1601 D BluetoothAdapterProperties: Address is:CC:4B:73:82:13:37
01-01 22:30:41.199  1540  1601 D BluetoothAdapterProperties: Name is: dalek1
01-01 22:30:41.200  1540  1601 D BluetoothAdapterProperties: Scan Mode:20
01-01 22:30:41.200  1540  1601 D BluetoothAdapterProperties: Discoverable Timeout:120
01-01 22:30:41.200  1540  1601 D bt_hci  : do_postload posting postload work item
01-01 22:30:41.200  1540  1608 I bt_hci  : event_postload
01-01 22:30:41.200  1540  1608 D bt_vendor: SCO config
01-01 22:30:41.200  1540  1608 I bt_vendor: sco_config_cb
01-01 22:30:41.200  1540  1608 I bt_hci  : sco_config_callback postload finished.
01-01 22:30:41.221  1540  1601 D bt_bte_conf: Device ID record 1 : primary
01-01 22:30:41.222  1540  1601 D bt_bte_conf:   vendorId            = 000f
01-01 22:30:41.222  1540  1601 D bt_bte_conf:   vendorIdSource      = 0001
01-01 22:30:41.222  1540  1601 D bt_bte_conf:   product             = 1200
01-01 22:30:41.222  1540  1601 D bt_bte_conf:   version             = 1436
01-01 22:30:41.222  1540  1601 D bt_bte_conf:   clientExecutableURL = 
01-01 22:30:41.222  1540  1601 D bt_bte_conf:   serviceDescription  = 
01-01 22:30:41.222  1540  1601 D bt_bte_conf:   documentationURL    = 
01-01 22:30:41.222  1540  1601 D bt_bte_conf: bte_load_did_conf no section named DID2.
01-01 22:30:41.222  1540  1596 D bt_stack_manager: event_start_up_stack finished
01-01 22:30:41.223  1540  1595 D BluetoothAdapterState: Current state: PENDING_COMMAND, message: 3
01-01 22:30:41.223  1540  1595 D BluetoothAdapterProperties: Setting state to 15
01-01 22:30:41.223  1540  1595 I BluetoothAdapterState: Bluetooth adapter state changed: 14-> 15
01-01 22:30:41.224  1540  1595 I BluetoothAdapterState: Entering BleOnState
01-01 22:30:41.224  1540  1595 D BluetoothAdapterState: Current state: BLE ON, message: 23
01-01 22:30:41.226  1540  1595 D BluetoothAdapterState: Current state: BLE ON, message: 1
01-01 22:30:41.226  1540  1595 D BluetoothAdapterProperties: Setting state to 11
01-01 22:30:41.226  1540  1595 I BluetoothAdapterState: Bluetooth adapter state changed: 15-> 11
01-01 22:30:41.229  1540  1540 D BluetoothAdapterService: getAdapterService() - returning com.android.bluetooth.btservice.AdapterService@5a3dfa
01-01 22:30:41.229  1540  1540 D A2dpSinkService: Received start request. Starting profile...
01-01 22:30:41.230  1540  1540 I BluetoothA2dpSinkServiceJni: classInitNative: succeeds
01-01 22:30:41.230  1540  1540 D A2dpSinkStateMachine: make
01-01 22:30:41.231  1540  1540 I bt_bluedroid: get_profile_interface a2dp_sink
01-01 22:30:41.231  1540  1540 E bt_btif : ## A2DP START MEDIA THREAD ##
01-01 22:30:41.232  1540  1601 I bt_btif_storage: btif_storage_get_adapter_property service_mask:0x20040008
01-01 22:30:41.232  1540  1809 E bt_btif : SETUP CHANNEL SERVER 0
01-01 22:30:41.232  1540  1601 I bt_btif_storage: btif_storage_get_adapter_property service_mask:0x20040008
01-01 22:30:41.237  1540  1595 I BluetoothAdapterState: Entering PendingCommandState
01-01 22:30:41.246  1540  1808 D A2dpSinkStateMachine: Enter Disconnected: -2
01-01 22:30:41.247  1540  1808 D A2dpSinkStateMachine: stopPcmRead false
01-01 22:30:41.247  1540  1808 D A2dpSinkStateMachine: audioPause false
01-01 22:30:41.247  1540  1540 I BluetoothHidServiceJni: classInitNative: succeeds
01-01 22:30:41.248  1540  1540 D BluetoothAdapterService: getAdapterService() - returning com.android.bluetooth.btservice.AdapterService@5a3dfa
01-01 22:30:41.249   687   687 D BluetoothInputDevice: Proxy object connected
01-01 22:30:41.249  1540  1540 D HidService: Received start request. Starting profile...
01-01 22:30:41.249  1540  1540 I bt_bluedroid: get_profile_interface hidhost
01-01 22:30:41.249   687   687 D HidProfile: Bluetooth service connected
01-01 22:30:41.249  1540  1601 I bt_bta_hh: BTA_HhEnable sec_mask:0x36 p_cback:0xa1e15409
01-01 22:30:41.249  1540  1601 I bt_btif_storage: btif_storage_get_adapter_property service_mask:0x20140008
01-01 22:30:41.249  1540  1540 D HidService: setHidService(): set to: null
01-01 22:30:41.250  1540  1540 I BluetoothHealthServiceJni: classInitNative: succeeds
01-01 22:30:41.251  1540  1540 D BluetoothAdapterService: getAdapterService() - returning com.android.bluetooth.btservice.AdapterService@5a3dfa
01-01 22:30:41.251  1540  1540 D HealthService: Received start request. Starting profile...
01-01 22:30:41.252  1540  1540 I bt_bluedroid: get_profile_interface health
01-01 22:30:41.253  1540  1540 I BluetoothPanServiceJni: classInitNative(L105): succeeds
01-01 22:30:41.254  1540  1540 D BluetoothAdapterService: getAdapterService() - returning com.android.bluetooth.btservice.AdapterService@5a3dfa
01-01 22:30:41.254   687   687 D BluetoothPan: BluetoothPAN Proxy object connected
01-01 22:30:41.255  1540  1540 D PanService: Received start request. Starting profile...
01-01 22:30:41.255   687   687 D PanProfile: Bluetooth service connected
01-01 22:30:41.255  1540  1540 D BluetoothPanServiceJni: initializeNative(L110): pan
01-01 22:30:41.255  1540  1540 I bt_bluedroid: get_profile_interface pan
01-01 22:30:41.256  1540  1601 D BluetoothPanServiceJni: control_state_callback(L61): state:0, local_role:3, ifname:bt-pan
01-01 22:30:41.261  1540  1540 D BluetoothAdapterService: getAdapterService() - returning com.android.bluetooth.btservice.AdapterService@5a3dfa
01-01 22:30:41.261  1540  1540 D HeadsetClientService: Received start request. Starting profile...
01-01 22:30:41.262  1540  1540 I BluetoothHeadsetClientServiceJni: classInitNative succeeds
01-01 22:30:41.262  1540  1540 D HeadsetClientStateMachine: make
01-01 22:30:41.288   227   227 E MediaPlayerFactory: 2019 03 30 -------- getPlayerType()---------------- 234 !!!! 
01-01 22:30:41.289   227   227 E MediaPlayerFactory: filePath = /system/media/audio/alarms/Alarm_Classic.ogg 
01-01 22:30:41.289   227   227 E MediaPlayerFactory: 2019 03 30 -------- getPlayerType()---------------- return STAGEFRIGHT_PLAYER !!!! 
01-01 22:30:41.289   227   227 I AwesomePlayer: AwesomePlayer::AwesomePlayer()in
01-01 22:30:41.289   227   227 I AwesomePlayer: AwesomePlayer::AwesomePlayer()aftermClient.connect()
01-01 22:30:41.313   227   227 D AwesomePlayer: the format is mimeTypeapplication/ogg,confidence:0.200000
01-01 22:30:41.332   227  1814 I OMXCodec: --->InstantiateSoftwareCodec create OMX.google.vorbis.decoder codec
01-01 22:30:41.359  1540  1540 D MediaPlayer: setSubtitleAnchor in MediaPlayer
01-01 22:30:41.363  1540  1540 D Ringtone: Successfully created local player
01-01 22:30:41.364  1540  1540 I bt_bluedroid: get_profile_interface handsfree_client
01-01 22:30:41.364  1540  1601 I bt_btif_storage: btif_storage_get_adapter_property service_mask:0x21140008
01-01 22:30:41.365  1540  1813 D HeadsetClientStateMachine: Enter Disconnected: -2
01-01 22:30:41.371  1540  1540 I BluetoothAvrcpControllerJni: classInitNative: succeeds
01-01 22:30:41.371  1540  1540 I bt_bluedroid: get_profile_interface avrcp_ctrl
01-01 22:30:41.372  1540  1540 D BluetoothAdapterService: getAdapterService() - returning com.android.bluetooth.btservice.AdapterService@5a3dfa
01-01 22:30:41.373   702   702 D BluetoothAvrcpController: Proxy object connected
01-01 22:30:41.373  1540  1540 D AvrcpControllerService: Received start request. Starting profile...
01-01 22:30:41.374  1540  1540 V BluetoothAdapterState: isTurningOff()=false
01-01 22:30:41.374  1540  1540 V BluetoothAdapterState: isTurningOn()=true
01-01 22:30:41.374  1540  1540 V BluetoothAdapterState: isBleTurningOn()=false
01-01 22:30:41.374  1540  1540 V BluetoothAdapterState: isBleTurningOff()=false
01-01 22:30:41.375  1540  1540 V BluetoothAdapterState: isTurningOff()=false
01-01 22:30:41.375  1540  1540 V BluetoothAdapterState: isTurningOn()=true
01-01 22:30:41.375  1540  1540 V BluetoothAdapterState: isBleTurningOn()=false
01-01 22:30:41.375  1540  1540 V BluetoothAdapterState: isBleTurningOff()=false
01-01 22:30:41.375  1540  1540 V BluetoothAdapterState: isTurningOff()=false
01-01 22:30:41.375  1540  1540 V BluetoothAdapterState: isTurningOn()=true
01-01 22:30:41.375  1540  1540 V BluetoothAdapterState: isBleTurningOn()=false
01-01 22:30:41.375  1540  1540 V BluetoothAdapterState: isBleTurningOff()=false
01-01 22:30:41.376  1540  1540 V BluetoothAdapterState: isTurningOff()=false
01-01 22:30:41.376  1540  1540 V BluetoothAdapterState: isTurningOn()=true
01-01 22:30:41.376  1540  1540 V BluetoothAdapterState: isBleTurningOn()=false
01-01 22:30:41.376  1540  1540 V BluetoothAdapterState: isBleTurningOff()=false
01-01 22:30:41.377  1540  1540 V BluetoothAdapterState: isTurningOff()=false
01-01 22:30:41.377  1540  1540 V BluetoothAdapterState: isTurningOn()=true
01-01 22:30:41.377  1540  1540 V BluetoothAdapterState: isBleTurningOn()=false
01-01 22:30:41.377  1540  1540 V BluetoothAdapterState: isBleTurningOff()=false
01-01 22:30:41.377  1540  1540 V BluetoothAdapterState: isTurningOff()=false
01-01 22:30:41.378  1540  1540 V BluetoothAdapterState: isTurningOn()=true
01-01 22:30:41.378  1540  1540 V BluetoothAdapterState: isBleTurningOn()=false
01-01 22:30:41.378  1540  1540 V BluetoothAdapterState: isBleTurningOff()=false
01-01 22:30:41.378  1540  1595 D BluetoothAdapterState: Current state: PENDING_COMMAND, message: 2
01-01 22:30:41.378  1540  1595 D BluetoothAdapterProperties: ScanMode =  20
01-01 22:30:41.378  1540  1595 D BluetoothAdapterProperties: State =  11
01-01 22:30:41.379  1540  1601 D BluetoothAdapterProperties: Scan Mode:21
01-01 22:30:41.379  1540  1595 D BluetoothAdapterProperties: Setting state to 12
01-01 22:30:41.379  1540  1595 I BluetoothAdapterState: Bluetooth adapter state changed: 11-> 12
01-01 22:30:41.379  1540  1601 D BluetoothAdapterProperties: Discoverable Timeout:120
01-01 22:30:41.379  1540  1595 I BluetoothAdapterState: Entering OnState
01-01 22:30:41.380  1540  1595 D BluetoothAdapterService: BBBBBBBBBBBBBB Enter autoConnectA2dpSink() ...
01-01 22:30:41.381   687  1513 D BluetoothMap: onBluetoothStateChange: up=true
01-01 22:30:41.384   687  1513 E BluetoothMap: Could not bind to Bluetooth MAP Service with Intent { act=android.bluetooth.IBluetoothMap }
01-01 22:30:41.384   570   590 D BluetoothHeadset: onBluetoothStateChange: up=true
01-01 22:30:41.384   674   686 D BluetoothHeadset: onBluetoothStateChange: up=true
01-01 22:30:41.385   570   590 D BluetoothHeadset: onBluetoothStateChange: up=true
01-01 22:30:41.385   687   699 D BluetoothInputDevice: onBluetoothStateChange: up=true
01-01 22:30:41.385   687  1230 D BluetoothPan: onBluetoothStateChange on: true
01-01 22:30:41.385   687   698 D BluetoothPbap: onBluetoothStateChange: up=true
01-01 22:30:41.387   570   590 D BluetoothHeadset: onBluetoothStateChange: up=true
01-01 22:30:41.387   702  1081 D BluetoothAvrcpController: onBluetoothStateChange: up=true
01-01 22:30:41.387   570   590 D BluetoothA2dp: onBluetoothStateChange: up=true
01-01 22:30:41.387   570   590 E BluetoothA2dp: Could not bind to Bluetooth A2DP Service with Intent { act=android.bluetooth.IBluetoothA2dp }
01-01 22:30:41.388   570   570 I Telecom : BluetoothPhoneService: queryPhoneState
01-01 22:30:41.389   687  1190 D LocalBluetoothProfileManager: Adding local A2DP profile
01-01 22:30:41.391   687  1190 E BluetoothA2dp: Could not bind to Bluetooth A2DP Service with Intent { act=android.bluetooth.IBluetoothA2dp }
01-01 22:30:41.456  1704  1714 W art     : Suspending all threads took: 91.373ms
01-01 22:30:41.497  1704  1793 W art     : Verification of void ker.onActivityResult(int, int, android.content.Intent) took 139.308ms
01-01 22:30:41.518   979  1474 D PlaceInferenceEngine: Stop called when not running
01-01 22:30:41.529   979  1297 W GeofencerStateMachine: Ignoring removeGeofence because network location is disabled.
01-01 22:30:41.541  1540  1601 D BluetoothAdapterProperties: Name is: dalek1
01-01 22:30:41.556   979  1416 I GCoreUlr: WorldUpdater:android.intent.action.BOOT_COMPLETED: Ensuring that reporting is stopped because of reasons: (no Google accounts)
01-01 22:30:41.567   979  1271 W GCoreFlp: No location to return for getLastLocation()
01-01 22:30:41.568   979   992 W FusedLocationProvider: location=null
01-01 22:30:41.574   979  1271 W GCoreFlp: No location to return for getLastLocation()
01-01 22:30:41.575   979  1736 W FusedLocationProvider: location=null
01-01 22:30:41.580   979  1416 I GCoreUlr: Unbound from all location providers
01-01 22:30:41.580   979  1271 W GCoreFlp: No location to return for getLastLocation()
01-01 22:30:41.580   979   995 W FusedLocationProvider: location=null
01-01 22:30:41.589  1704  1786 W GooglePlayServicesUtil: Google Play services out of date.  Requires 11910000 but found 9083436
01-01 22:30:41.732  1704  1714 W art     : Suspending all threads took: 141.883ms
01-01 22:30:41.740  1704  1793 W art     : Verification of void ker.onSaveInstanceState(android.os.Bundle) took 152.023ms
01-01 22:30:41.785  1704  1786 W GooglePlayServicesUtil: Google Play services out of date.  Requires 11910000 but found 9083436
01-01 22:30:41.785  1704  1836 W GooglePlayServicesUtil: Google Play services out of date.  Requires 11910000 but found 9083436
01-01 22:30:41.859   570   625 E wifi    : wifi_get_supported_feature_set returned error = 0xffffffa1
01-01 22:30:41.984   979   979 I GCoreUlr: DispatchingService.onDestroy()
01-01 22:30:41.984   979   979 I GCoreUlr: Stopping handler for UlrDispSvcFast
01-01 22:30:41.988   979   979 I GCoreUlr: Unbound from all location providers
01-01 22:30:41.990   979  1297 W GeofencerStateMachine: Ignoring removeGeofence because network location is disabled.
01-01 22:30:41.991   979  1297 W GeofencerStateMachine: Ignoring removeGeofence because network location is disabled.
01-01 22:30:42.091   570   729 D ConnectivityService: listenForNetwork for Listen from uid/pid:10043/1704 for NetworkRequest [ id=5, legacyType=-1, [ Capabilities: INTERNET&NOT_RESTRICTED&TRUSTED] ]
01-01 22:30:42.297  1704  1792 E YouTube : Failed delayed event dispatch, no dispatchers.
01-01 22:30:42.412   227   550 D CameraHal: camera_get_camera_info(1312): camera_get_camera_info(1312): camera_0 facing(0), orientation(90)
01-01 22:30:42.412   227   633 D CameraHal: camera_get_camera_info(1312): camera_get_camera_info(1312): camera_1 facing(1), orientation(270)
01-01 22:30:42.572  1704  1896 I PrimesTesting: GserviceFlagsSupplier.get()
01-01 22:30:42.574  1704  1704 W YT.MDX.zds: CastAppId for type 0 not found. Defaulting to mainCastAppId.
01-01 22:30:42.598  1704  1896 I CrashMetricService: Startup metric for 'PRIMES_CRASH_MONITORING_INITIALIZED' dropped.
01-01 22:30:42.810  1704  1714 W art     : Suspending all threads took: 51.476ms
01-01 22:30:43.132   570   604 V AlarmManager: triggered: act=com.android.providers.calendar.intent.CalendarProvider2 cmp=com.android.providers.calendar/.CalendarProviderBroadcastReceiver Pkg: com.android.providers.calendar
01-01 22:30:43.254  1704  1892 D SensorManager: aidl getSensorManager:android.hardware.ISensorManager$Stub$Proxy@20c6aaa
01-01 22:30:43.272  1704  1704 W art     : Long monitor contention event with owner method=java.lang.Class java.lang.Class.classForName!(java.lang.String, boolean, java.lang.ClassLoader) from Class.java:4294967294 waiters=0 for 453ms
01-01 22:30:43.280  1704  1704 W YT.MDX.zds: CastAppId for type 0 not found. Defaulting to mainCastAppId.
01-01 22:30:43.366   979   979 V UserPresentBroadcastReceiver: Received Intent { act=android.intent.action.USER_PRESENT flg=0x24000010 cmp=com.google.android.gms/.trustagent.UserPresentBroadcastReceiver }.
01-01 22:30:43.640   979  1948 D GCM     : GcmService start Intent { act=com.google.android.checkin.CHECKIN_COMPLETE flg=0x10 cmp=com.google.android.gms/.gcm.GcmService (has extras) } com.google.android.checkin.CHECKIN_COMPLETE
01-01 22:30:43.676  1456  1456 I CmaSystemUpdateService: receiver: Intent { act=com.google.android.gms.update.BOOT_START_SERVICE flg=0x10 pkg=com.google.android.gms cmp=com.google.android.gms/.update.SystemUpdateServiceReceiver }
01-01 22:30:43.677  1456  1456 I CmaSystemUpdateService: receiver: Intent { act=com.google.android.gms.update.BOOT_START_SERVICE flg=0x10 pkg=com.google.android.gms cmp=com.google.android.gms/.update.SystemUpdateServiceReceiver }
01-01 22:30:43.699  1456  1456 D CmaSystemUpdateService: onCreate
01-01 22:30:43.699  1456  1456 D CmaSystemUpdateService: mProcessPackageEnabled: false, mAutomaticUpdateEnabled: false
01-01 22:30:43.703  1456  1456 D CmaSystemUpdateService: onStartCommand: intent: Intent { act=com.google.android.gms.update.START_SERVICE pkg=com.google.android.gms (has extras) }
01-01 22:30:43.719   979  1954 D GCM     : GcmService start Intent { act=com.google.android.checkin.CHECKIN_COMPLETE flg=0x10 cmp=com.google.android.gms/.gcm.GcmService (has extras) } com.google.android.checkin.CHECKIN_COMPLETE
01-01 22:30:43.738  1456  1953 I SystemUpdateTask: cancelUpdate (empty URL)
01-01 22:30:43.738  1456  1953 I CmaSystemUpdateService: active receiver: disabled
01-01 22:30:43.788  1456  1957 V GoogleSignatureVerifier: com.google.android.gms signature not valid.  Found: 
01-01 22:30:43.788  1456  1957 V GoogleSignatureVerifier: MIIEQzCCAyugAwIBAgIJAMLgh0ZkSjCNMA0GCSqGSIb3DQEBBAUAMHQxCzAJBgNVBAYTAlVTMRMw
01-01 22:30:43.788  1456  1957 V GoogleSignatureVerifier: EQYDVQQIEwpDYWxpZm9ybmlhMRYwFAYDVQQHEw1Nb3VudGFpbiBWaWV3MRQwEgYDVQQKEwtHb29n
01-01 22:30:43.788  1456  1957 V GoogleSignatureVerifier: bGUgSW5jLjEQMA4GA1UECxMHQW5kcm9pZDEQMA4GA1UEAxMHQW5kcm9pZDAeFw0wODA4MjEyMzEz
01-01 22:30:43.788  1456  1957 V GoogleSignatureVerifier: MzRaFw0zNjAxMDcyMzEzMzRaMHQxCzAJBgNVBAYTAlVTMRMwEQYDVQQIEwpDYWxpZm9ybmlhMRYw
01-01 22:30:43.788  1456  1957 V GoogleSignatureVerifier: FAYDVQQHEw1Nb3VudGFpbiBWaWV3MRQwEgYDVQQKEwtHb29nbGUgSW5jLjEQMA4GA1UECxMHQW5k
01-01 22:30:43.788  1456  1957 V GoogleSignatureVerifier: cm9pZDEQMA4GA1UEAxMHQW5kcm9pZDCCASAwDQYJKoZIhvcNAQEBBQADggENADCCAQgCggEBAKtW
01-01 22:30:43.788  1456  1957 V GoogleSignatureVerifier: LgDYO6IIrgqWbxJOKdoR8qtW0I9Y4sypEwPpt1TTcvZApxsdyxMJZ2JORland2qSGT2y5b+3JKke
01-01 22:30:43.788  1456  1957 V GoogleSignatureVerifier: dxiLDmpHpDsz2WCbdxgxRczfey5YZnTJ4VZbH0xqWVW/8lGmPav5xVwnIiJS6HXk+BVKZF+JcWjA
01-01 22:30:43.788  1456  1957 V GoogleSignatureVerifier: sb/GEuq/eFdpuzSqeYTcfi6idkyugwfYwXFU1+5fZKUaRKYCwkkFQVfcAs1fXA5V+++FGfvjJ/Cx
01-01 22:30:43.788  1456  1957 V GoogleSignatureVerifier: URaSxaBvGdGDhfXE28LWuT9ozCl5xw4Yq5OGazvV24mZVSoOO0yZ31j7kYvtwYK6NeADwbSxDdJE
01-01 22:30:43.788  1456  1957 V GoogleSignatureVerifier: qO4k//0zOHKrUiGYXtqw/A0LFFtqoZKFjnkCAQOjgdkwgdYwHQYDVR0OBBYEFMd9jMIhF1Ylmn/T
01-01 22:30:43.788  1456  1957 V GoogleSignatureVerifier: gt9r45jk14alMIGmBgNVHSMEgZ4wgZuAFMd9jMIhF1Ylmn/Tgt9r45jk14aloXikdjB0MQswCQYD
01-01 22:30:43.788  1456  1957 V GoogleSignatureVerifier: VQQGEwJVUzETMBEGA1UECBMKQ2FsaWZvcm5pYTEWMBQGA1UEBxMNTW91bnRhaW4gVmlldzEUMBIG
01-01 22:30:43.788  1456  1957 V GoogleSignatureVerifier: A1UEChMLR29vZ2xlIEluYy4xEDAOBgNVBAsTB0FuZHJvaWQxEDAOBgNVBAMTB0FuZHJvaWSCCQDC
01-01 22:30:43.788  1456  1957 V GoogleSignatureVerifier: 4IdGZEowjTAMBgNVHRMEBTADAQH/MA0GCSqGSIb3DQEBBAUAA4IBAQBt0lLO74UwLDYKqs6Tm8/y
01-01 22:30:43.788  1456  1957 V GoogleSignatureVerifier: zKkEu116FmH4rkaymUIE0P9KaMftGlMexFlaYjzmB2OxZyl6euNXEsQH8gjwyxCUKRJNexBiGcCE
01-01 22:30:43.788  1456  1957 V GoogleSignatureVerifier: yj6z+a1fuHHvkiaai+KL8W1EyNmgjmyy8AW7P+LLlkR+ho5zEHatRbM/YAnqGcFh5iZBqpknHf1S
01-01 22:30:43.788  1456  1957 V GoogleSignatureVerifier: KMXFh4dd239FJ1jWYfbMDMy3NS5CTMQ2XFI1MvcyUTdZPErjQfTbQe3aDQsQcafEQPD+nqActifK
01-01 22:30:43.788  1456  1957 V GoogleSignatureVerifier: Z0Np0IS9L9kR/wbNvyz6ENwPiTrjV2KRkEjH78ZMcUQXg0L3BYHJ3lc69Vs5Ddf9uUGGMYldX3Wf
01-01 22:30:43.788  1456  1957 V GoogleSignatureVerifier: MBEmh/9iFBDAaTCK
01-01 22:30:43.791  1456  1456 D CmaSystemUpdateService: onDestroy
01-01 22:30:44.065   979   979 D EasyUnlockReceiver: Received Bluetooth event: Intent { act=android.bluetooth.adapter.action.STATE_CHANGED flg=0x4000010 cmp=com.google.android.gms/.auth.easyunlock.authorization.BluetoothStateChangeReceiver (has extras) }.
01-01 22:30:44.073   979   979 D BtServices: Received Bluetooth event: Intent { act=android.bluetooth.adapter.action.STATE_CHANGED flg=0x4000010 cmp=com.google.android.gms/.auth.proximity.BluetoothServicesAdapterStateChangeReceiver (has extras) }.
01-01 22:30:44.080  1340  1340 W ContextImpl: Calling a method in the system process without a qualified user: android.app.ContextImpl.startService:1221 android.content.ContextWrapper.startService:581 android.content.ContextWrapper.startService:581 com.android.settings.bluetooth.DockEventReceiver.beginStartingService:134 com.android.settings.bluetooth.DockEventReceiver.onReceive:115 
01-01 22:30:44.085   570   590 D BluetoothManagerService: Added callback: android.bluetooth.IBluetoothManagerCallback$Stub$Proxy@1996acf:true
01-01 22:30:44.093   979   979 D EasyUnlockReceiver: Received Bluetooth event: Intent { act=android.bluetooth.adapter.action.STATE_CHANGED flg=0x4000010 cmp=com.google.android.gms/.auth.easyunlock.authorization.BluetoothStateChangeReceiver (has extras) }.
01-01 22:30:44.093  1340  1340 D LocalBluetoothProfileManager: Adding local A2DP profile
01-01 22:30:44.096  1340  1340 E BluetoothA2dp: Could not bind to Bluetooth A2DP Service with Intent { act=android.bluetooth.IBluetoothA2dp }
01-01 22:30:44.098   687   687 D BluetoothPbap: Proxy object connected
01-01 22:30:44.098   687   687 D PbapServerProfile: Bluetooth service connected
01-01 22:30:44.101   979  1970 D EasyUnlockInitService: Handling intent for initializer IntentService.
01-01 22:30:44.101  1540  1969 W BluetoothAdapter: getBluetoothService() called with no BluetoothManagerCallback
01-01 22:30:44.104   979   979 D BtServices: Received Bluetooth event: Intent { act=android.bluetooth.adapter.action.STATE_CHANGED flg=0x4000010 cmp=com.google.android.gms/.auth.proximity.BluetoothServicesAdapterStateChangeReceiver (has extras) }.
01-01 22:30:44.106  1340  1340 D LocalBluetoothProfileManager: Adding local MAP profile
01-01 22:30:44.107  1340  1340 D BluetoothMap: Create BluetoothMap proxy object
01-01 22:30:44.110  1340  1340 E BluetoothMap: Could not bind to Bluetooth MAP Service with Intent { act=android.bluetooth.IBluetoothMap }
01-01 22:30:44.116  1340  1340 D LocalBluetoothProfileManager: LocalBluetoothProfileManager construction complete
01-01 22:30:44.121  1340  1340 D DockEventReceiver: finishStartingService: stopping service
01-01 22:30:44.125  1340  1340 D BluetoothInputDevice: Proxy object connected
01-01 22:30:44.128  1340  1340 D HidProfile: Bluetooth service connected
01-01 22:30:44.132   979  1970 D EasyUnlockInitService: Not initializing EasyUnlock: remote_devices=0, bluetooth_on=true
01-01 22:30:44.132  1340  1340 D BluetoothPan: BluetoothPAN Proxy object connected
01-01 22:30:44.134  1340  1340 D PanProfile: Bluetooth service connected
01-01 22:30:44.134  1340  1340 D BluetoothPbap: Proxy object connected
01-01 22:30:44.134  1340  1340 D PbapServerProfile: Bluetooth service connected
01-01 22:30:44.143  1540  1980 W BluetoothAdapter: getBluetoothService() called with no BluetoothManagerCallback
01-01 22:30:44.144  1540  1980 I BtOppRfcommListener: Accept thread started.
01-01 22:30:44.750   570   604 V AlarmManager: triggered: act=com.google.android.intent.action.GCM_RECONNECT Pkg: com.google.android.gms
01-01 22:30:46.211   570   625 D WifiConfigStore: Retrieve network priorities after PNO.
01-01 22:30:47.034   979  1840 D PlaceInferenceEngine: Stop called when not running
01-01 22:30:47.036   979  1297 W GeofencerStateMachine: Ignoring removeGeofence because network location is disabled.
01-01 22:30:47.769  1456  1456 E ActivityThread: Service com.google.android.gms.chimera.GmsIntentOperationService has leaked IntentReceiver fvn@ecbbf2f that was originally registered here. Are you missing a call to unregisterReceiver()?
01-01 22:30:47.769  1456  1456 E ActivityThread: android.app.IntentReceiverLeaked: Service com.google.android.gms.chimera.GmsIntentOperationService has leaked IntentReceiver fvn@ecbbf2f that was originally registered here. Are you missing a call to unregisterReceiver()?
01-01 22:30:47.769  1456  1456 E ActivityThread: 	at android.app.LoadedApk$ReceiverDispatcher.<init>(LoadedApk.java:918)
01-01 22:30:47.769  1456  1456 E ActivityThread: 	at android.app.LoadedApk.getReceiverDispatcher(LoadedApk.java:719)
01-01 22:30:47.769  1456  1456 E ActivityThread: 	at android.app.ContextImpl.registerReceiverInternal(ContextImpl.java:1172)
01-01 22:30:47.769  1456  1456 E ActivityThread: 	at android.app.ContextImpl.registerReceiver(ContextImpl.java:1152)
01-01 22:30:47.769  1456  1456 E ActivityThread: 	at android.app.ContextImpl.registerReceiver(ContextImpl.java:1146)
01-01 22:30:47.769  1456  1456 E ActivityThread: 	at android.content.ContextWrapper.registerReceiver(ContextWrapper.java:554)
01-01 22:30:47.769  1456  1456 E ActivityThread: 	at android.content.ContextWrapper.registerReceiver(ContextWrapper.java:554)
01-01 22:30:47.769  1456  1456 E ActivityThread: 	at android.content.ContextWrapper.registerReceiver(ContextWrapper.java:554)
01-01 22:30:47.769  1456  1456 E ActivityThread: 	at com.google.android.gms.auth.setup.devicesignals.LockScreenChimeraReceiver.a(SourceFile:52)
01-01 22:30:47.769  1456  1456 E ActivityThread: 	at fvo.b(SourceFile:2036)
01-01 22:30:47.769  1456  1456 E ActivityThread: 	at com.google.android.gms.auth.account.AuthInitIntentOperation.a(SourceFile:62)
01-01 22:30:47.769  1456  1456 E ActivityThread: 	at hwg.onHandleIntent(SourceFile:60)
01-01 22:30:47.769  1456  1456 E ActivityThread: 	at com.google.android.chimera.IntentOperation.onHandleIntent(SourceFile:82)
01-01 22:30:47.769  1456  1456 E ActivityThread: 	at bfm.run(SourceFile:1885)
01-01 22:30:47.769  1456  1456 E ActivityThread: 	at java.util.concurrent.ThreadPoolExecutor.runWorker(ThreadPoolExecutor.java:1113)
01-01 22:30:47.769  1456  1456 E ActivityThread: 	at java.util.concurrent.ThreadPoolExecutor$Worker.run(ThreadPoolExecutor.java:588)
01-01 22:30:47.769  1456  1456 E ActivityThread: 	at java.lang.Thread.run(Thread.java:818)
01-01 22:30:49.727   570   588 D Tethering: interfaceLinkStateChanged wlan0, true
01-01 22:30:49.727   570   588 D Tethering: interfaceStatusChanged wlan0, true
01-01 22:30:49.898   570   625 D WifiStateMachine: shouldSwitchNetwork  txSuccessRate=0.00 rxSuccessRate=0.00 delta 1000 -> 1000
01-01 22:30:49.900   570   625 D WifiStateMachine: CMD_AUTO_CONNECT sup state ScanState my state DisconnectedState nid=1 roam=3
01-01 22:30:49.900   570   625 E WifiConfigStore: saveWifiConfigBSSID Setting BSSID for "Flinders Devices"WPA_PSK to any
01-01 22:30:49.908   570   625 D WifiStateMachine: CMD_AUTO_CONNECT will save config -> "Flinders Devices" nid=1
01-01 22:30:50.021   570   625 D WifiStateMachine: CMD_AUTO_CONNECT did save config ->  nid=1
01-01 22:30:50.023   570   615 I InputReader: Reconfiguring input devices.  changes=0x00000010
01-01 22:30:50.031  1051  1051 I wpa_supplicant: wlan0: Trying to associate with 58:f3:9c:9a:ef:5c (SSID='Flinders Devices' freq=5260 MHz)
01-01 22:30:50.061  1456  2083 D PkgBroadcastIntentOp: Received broadcast action=android.intent.action.PACKAGE_CHANGED and uri=com.google.android.gms
01-01 22:30:50.061  1456  2083 I PkgBroadcastIntentOp: Null package name or gms related package.  Ignoring.
01-01 22:30:50.066   570   585 W Searchables: No global search activity found
01-01 22:30:50.075  1456  2083 D WearableController: Received broadcast action=android.intent.action.PACKAGE_CHANGED and uri=com.google.android.gms
01-01 22:30:50.096  1456  2089 E IcingInternalCorpora: Unknown Contacts update mode: MAYBE
01-01 22:30:50.107   570   570 W BackupManagerService: Proposed transport ComponentInfo{com.google.android.gms/com.google.android.gms.backup.BackupTransportService} not whitelisted; ignoring
01-01 22:30:50.111  1456  1973 I Icing   : Storage manager: low false usage 1.64MB avail 8.16GB capacity 9.53GB
01-01 22:30:50.140   979   979 I GCoreNlp: shouldConfirmNlp, NLP off. Ensuring opt-in disabled
01-01 22:30:50.156   570   588 D Tethering: interfaceLinkStateChanged wlan0, true
01-01 22:30:50.156   570   588 D Tethering: interfaceStatusChanged wlan0, true
01-01 22:30:50.174   570   588 D Tethering: interfaceLinkStateChanged wlan0, true
01-01 22:30:50.174   570   588 D Tethering: interfaceStatusChanged wlan0, true
01-01 22:30:50.175   570   588 D Tethering: interfaceLinkStateChanged wlan0, true
01-01 22:30:50.175   570   588 D Tethering: interfaceStatusChanged wlan0, true
01-01 22:30:50.179   570   588 D Tethering: interfaceLinkStateChanged wlan0, true
01-01 22:30:50.179   570   588 D Tethering: interfaceStatusChanged wlan0, true
01-01 22:30:50.180  1051  1051 I wpa_supplicant: wlan0: Associated with 58:f3:9c:9a:ef:5c
01-01 22:30:50.180   570   588 D Tethering: interfaceLinkStateChanged wlan0, true
01-01 22:30:50.180   570   588 D Tethering: interfaceStatusChanged wlan0, true
01-01 22:30:50.180   570   588 D Tethering: interfaceLinkStateChanged wlan0, true
01-01 22:30:50.180   570   588 D Tethering: interfaceStatusChanged wlan0, true
01-01 22:30:50.202  1051  1051 I wpa_supplicant: wlan0: WPA: Key negotiation completed with 58:f3:9c:9a:ef:5c [PTK=CCMP GTK=CCMP]
01-01 22:30:50.202  1051  1051 I wpa_supplicant: wlan0: CTRL-EVENT-CONNECTED - Connection to 58:f3:9c:9a:ef:5c completed [id=1 id_str=]
01-01 22:30:50.202   570   588 D Tethering: interfaceLinkStateChanged wlan0, true
01-01 22:30:50.202   570   588 D Tethering: interfaceStatusChanged wlan0, true
01-01 22:30:50.203   570   625 D WifiConfigStore: Retrieve network priorities after PNO.
01-01 22:30:50.221   570   625 D ConnectivityService: registerNetworkAgent NetworkAgentInfo{ ni{[type: WIFI[], state: CONNECTING/CONNECTING, reason: (unspecified), extra: "Flinders Devices", roaming: false, failover: false, isAvailable: true]}  network{100}  lp{{LinkAddresses: []  Routes: [] DnsAddresses: [] Domains: null MTU: 0 TcpBufferSizes: 524288,1048576,2097152,262144,524288,1048576}}  nc{[ Transports: WIFI Capabilities: INTERNET&NOT_RESTRICTED&TRUSTED&NOT_VPN LinkUpBandwidth>=1048576Kbps LinkDnBandwidth>=1048576Kbps]}  Score{20}  everValidated{false}  lastValidated{false}  created{false} lingering{false} explicitlySelected{false} acceptUnvalidated{false} everCaptivePortalDetected{false} lastCaptivePortalDetected{false} }
01-01 22:30:50.221   570   627 D ConnectivityService: NetworkAgentInfo [WIFI () - 100] EVENT_NETWORK_INFO_CHANGED, going from null to CONNECTING
01-01 22:30:50.221   570   625 E WifiConfigStore: saveWifiConfigBSSID Setting BSSID for "Flinders Devices"WPA_PSK to any
01-01 22:30:50.229   570   625 E WifiConfigStore: saveWifiConfigBSSID Setting BSSID for "Flinders Devices"WPA_PSK to any
01-01 22:30:50.243  1456  2094 W IcingInternalCorpora: getNumBytesRead when not calculated.
01-01 22:30:50.251   570   588 D Tethering: interfaceLinkStateChanged wlan0, true
01-01 22:30:50.251   570   588 D Tethering: interfaceStatusChanged wlan0, true
01-01 22:30:50.252   570   588 D Tethering: interfaceLinkStateChanged wlan0, true
01-01 22:30:50.252   570   588 D Tethering: interfaceStatusChanged wlan0, true
01-01 22:30:50.253   224   569 D CommandListener: Setting iface cfg
01-01 22:30:50.259   570   625 D WifiStateMachine: Start Dhcp Watchdog 1
01-01 22:30:50.264   570   627 D ConnectivityService: notifyType CAP_CHANGED for NetworkAgentInfo [WIFI () - 100]
01-01 22:30:50.264   570   627 D ConnectivityService: updateNetworkScore for NetworkAgentInfo [WIFI () - 100] to 60
01-01 22:30:50.329   570  2099 D DhcpClient: Receive thread started
01-01 22:30:50.407   570   625 E native  : do suspend false
01-01 22:30:50.413   570  2098 D DhcpClient: Broadcasting DHCPDISCOVER
01-01 22:30:50.423   570  2099 D DhcpClient: Received packet: cc:4b:73:82:13:36 OFFER, ip /10.128.4.153, mask /255.255.254.0, DNS servers: /10.48.0.31 /10.48.1.42 , gateways [/10.128.4.1] lease time 691200, domain isd.ad.flinders.edu.au
01-01 22:30:50.424   570  2098 D DhcpClient: Got pending lease: IP address 10.128.4.153/23 Gateway 10.128.4.1  DNS servers: [ 10.48.0.31 10.48.1.42 ] Domainsisd.ad.flinders.edu.au DHCP server /1.1.1.1 Vendor info null lease 691200 seconds
01-01 22:30:50.425   570  2098 D DhcpClient: Broadcasting DHCPREQUEST ciaddr=0.0.0.0 request=10.128.4.153 serverid=1.1.1.1
01-01 22:30:50.431   570  2099 D DhcpClient: Received packet: cc:4b:73:82:13:36 ACK: your new IP /10.128.4.153, netmask /255.255.254.0, gateways [/10.128.4.1] DNS servers: /10.48.0.31 /10.48.1.42 , lease time 691200
01-01 22:30:50.431   570  2098 D DhcpClient: Confirmed lease: IP address 10.128.4.153/23 Gateway 10.128.4.1  DNS servers: [ 10.48.0.31 10.48.1.42 ] Domainsisd.ad.flinders.edu.au DHCP server /1.1.1.1 Vendor info null lease 691200 seconds
01-01 22:30:50.432   224   569 D CommandListener: Setting iface cfg
01-01 22:30:50.437   570  2098 D DhcpClient: Scheduling renewal in 345599s
01-01 22:30:50.442   570   625 D WifiConfigStore: No blacklist allowed without epno enabled
01-01 22:30:50.442   570   627 D ConnectivityService: NetworkAgentInfo [WIFI () - 100] EVENT_NETWORK_INFO_CHANGED, going from CONNECTING to CONNECTED
01-01 22:30:50.444   570   627 D ConnectivityService: Adding iface wlan0 to network 100
01-01 22:30:50.445   570   625 E WifiStateMachine: Did not find remoteAddress {10.128.4.1} in /proc/net/arp
01-01 22:30:50.494   570   627 E ConnectivityService: Unexpected mtu value: 0, wlan0
01-01 22:30:50.494   570   627 D ConnectivityService: Adding Route [fe80::/64 -> :: wlan0] to network 100
01-01 22:30:50.496   570   627 D ConnectivityService: Adding Route [10.128.4.0/23 -> 0.0.0.0 wlan0] to network 100
01-01 22:30:50.497   570   627 D ConnectivityService: Adding Route [0.0.0.0/0 -> 10.128.4.1 wlan0] to network 100
01-01 22:30:50.498   570   627 D ConnectivityService: Setting Dns servers for network 100 to [/10.48.0.31, /10.48.1.42]
01-01 22:30:50.504   570   627 D ConnectivityService: notifyType IP_CHANGED for NetworkAgentInfo [WIFI () - 100]
01-01 22:30:50.506   570   627 D ConnectivityService: scheduleUnvalidatedPrompt 100
