12-04 14:07:27.892   571   582 V WindowManager: setAppVisibility(Token{cf1ae87 ActivityRecord{4966ec6 u0 com.roboteam.teamy.usa/com.roboteam.teamy.internalactivities.settings.views.activities.SettingsActivity t1537}}, visible=true): mNextAppTransition=TRANSIT_TASK_CLOSE hidden=true hiddenRequested=true Callers=com.android.server.am.ActivityStack.resumeTopActivityInnerLocked:1934 com.android.server.am.ActivityStack.resumeTopActivityLocked:1587 com.android.server.am.ActivityStackSupervisor.resumeTopActivitiesLocked:2735 com.android.server.am.ActivityStack.completePauseLocked:1080 com.android.server.am.ActivityStack.activityPausedLocked:943 com.android.server.am.ActivityManagerService.activityPaused:6820 
12-04 14:07:27.893   571   582 V WindowManager: Skipping AppWindowToken{ecd1c31 token=Token{b7279c0 ActivityRecord{224ef43 u0 com.roboteam.teamy.usa/com.roboteam.teamy.internalactivities.location.AddLocationActivity t1542}}} -- going to hide
12-04 14:07:27.894   571   582 V WindowManager: Done at AppWindowToken{9b0734c token=Token{cf1ae87 ActivityRecord{4966ec6 u0 com.roboteam.teamy.usa/com.roboteam.teamy.internalactivities.settings.views.activities.SettingsActivity t1537}}} -- full screen, return 0
12-04 14:07:27.895   571   582 V WindowManager: Eval win Window{f3e1576 u0 com.roboteam.teamy.usa/com.roboteam.teamy.internalactivities.settings.views.activities.SettingsActivity}: isDrawn=false, isAnimating=true
12-04 14:07:27.895   571   582 V WindowManager: Not displayed: s=null pv=true mDrawState=NO_SURFACE ah=false th=false a=false
12-04 14:07:27.900   571   592 E WindowManager: Unknown window type: 2999
12-04 14:07:27.918   571   592 E WindowManager: Unknown window type: 2999
12-04 14:07:27.930   571  1159 I WindowStateAnimator: createSurface WindowStateAnimator{e886c52 }: mDrawState=DRAW_PENDING
12-04 14:07:27.939   571  1159 V WindowManager: Skipping AppWindowToken{ecd1c31 token=Token{b7279c0 ActivityRecord{224ef43 u0 com.roboteam.teamy.usa/com.roboteam.teamy.internalactivities.location.AddLocationActivity t1542}}} -- going to hide
12-04 14:07:27.939   571  1159 V WindowManager: Done at AppWindowToken{9b0734c token=Token{cf1ae87 ActivityRecord{4966ec6 u0 com.roboteam.teamy.usa/com.roboteam.teamy.internalactivities.settings.views.activities.SettingsActivity t1537}}} -- full screen, return 0
12-04 14:07:27.940   571  1159 V WindowManager: Resize reasons for w=Window{6fba8dd u0 com.roboteam.teamy.usa}:  contentInsetsChanged=false [0,0][0,0] visibleInsetsChanged=false [0,0][0,0] stableInsetsChanged=false [0,0][0,0] outsetsChanged=false [0,0][0,0] surfaceResized=false configChanged=true
12-04 14:07:27.940   571  1159 V WindowManager: Resizing window Window{6fba8dd u0 com.roboteam.teamy.usa} to 1920.0x243.0
12-04 14:07:27.940   571  1159 V WindowManager: Eval win Window{f3e1576 u0 com.roboteam.teamy.usa/com.roboteam.teamy.internalactivities.settings.views.activities.SettingsActivity}: isDrawn=false, isAnimating=true
12-04 14:07:27.940   571  1159 V WindowManager: Not displayed: s=null pv=true mDrawState=NO_SURFACE ah=false th=false a=false
12-04 14:07:27.940   571  1159 V WindowState: Reporting new frame to Window{6fba8dd u0 com.roboteam.teamy.usa}: Rect(0, 0 - 1920, 243)
12-04 14:07:27.940   571  1159 I WindowState: Sending new config to window Window{6fba8dd u0 com.roboteam.teamy.usa}: 1920.0x243.0 / config={1.0 ?mcc?mnc en_US ldltr sw800dp w1280dp h800dp 240dpi xlrg land finger -keyb/v/h -nav/h s.4} overrideConfig={1.0 ?mcc?mnc ?locale ?layoutDir ?swdp ?wdp ?hdp ?density ?lsize ?long ?orien ?uimode ?night ?touch ?keyb/?/? ?nav/?}
12-04 14:07:27.941   571  1159 I WindowState: Resizing Window{6fba8dd u0 com.roboteam.teamy.usa} WITH DRAW PENDING
12-04 14:07:27.942   571   592 E WindowManager: Unknown window type: 2999
12-04 14:07:27.947   700  1379 D Surface : Surface::final mReqUsage=a00
12-04 14:07:27.947   700  1379 D mali_winsys: EGLint new_window_surface(egl_winsys_display*, void*, EGLSurface, EGLConfig, egl_winsys_surface**, egl_color_buffer_format*, EGLBoolean) returns 0x3000
12-04 14:07:27.950   192  2616 D gralloc : Isfb=0, [1920,243,1920,7680], fmt=1, byte_stride=7680
12-04 14:07:27.953   192  2616 D gralloc : Isfb=0, [1920,243,1920,7680], fmt=1, byte_stride=7680
12-04 14:07:27.953   571   592 E WindowManager: Unknown window type: 2999
12-04 14:07:27.955   192  2616 D gralloc : Isfb=0, [1920,243,1920,7680], fmt=1, byte_stride=7680
12-04 14:07:27.961   571   583 I WindowStateAnimator: createSurface WindowStateAnimator{73d4777 com.roboteam.teamy.usa/com.roboteam.teamy.internalactivities.settings.views.activities.SettingsActivity}: mDrawState=DRAW_PENDING
12-04 14:07:27.979   571   583 V WindowManager: Skipping AppWindowToken{ecd1c31 token=Token{b7279c0 ActivityRecord{224ef43 u0 com.roboteam.teamy.usa/com.roboteam.teamy.internalactivities.location.AddLocationActivity t1542}}} -- going to hide
12-04 14:07:27.979   571   583 V WindowManager: Done at AppWindowToken{9b0734c token=Token{cf1ae87 ActivityRecord{4966ec6 u0 com.roboteam.teamy.usa/com.roboteam.teamy.internalactivities.settings.views.activities.SettingsActivity t1537}}} -- full screen, return 0
12-04 14:07:27.979   571   583 V WindowManager: Eval win Window{f3e1576 u0 com.roboteam.teamy.usa/com.roboteam.teamy.internalactivities.settings.views.activities.SettingsActivity}: isDrawn=false, isAnimating=true
12-04 14:07:27.980   571   583 V WindowManager: Not displayed: s=Surface(name=com.roboteam.teamy.usa/com.roboteam.teamy.internalactivities.settings.views.activities.SettingsActivity) pv=true mDrawState=DRAW_PENDING ah=false th=false a=false
12-04 14:07:27.982   571   592 E WindowManager: Unknown window type: 2999
12-04 14:07:27.988   571   592 E WindowManager: Unknown window type: 2999
12-04 14:07:27.996   700  1379 D Surface : Surface::final mReqUsage=a00
12-04 14:07:27.996   700  1379 D mali_winsys: EGLint new_window_surface(egl_winsys_display*, void*, EGLSurface, EGLConfig, egl_winsys_surface**, egl_color_buffer_format*, EGLBoolean) returns 0x3000
12-04 14:07:28.006   571   592 E WindowManager: Unknown window type: 2999
12-04 14:07:28.007   192   200 D gralloc : Isfb=0, [1920,1200,1920,7680], fmt=1, byte_stride=7680
12-04 14:07:28.016   192   200 D gralloc : Isfb=0, [1920,1200,1920,7680], fmt=1, byte_stride=7680
12-04 14:07:28.024   571   592 E WindowManager: Unknown window type: 2999
12-04 14:07:28.027   192   200 D gralloc : Isfb=0, [1920,1200,1920,7680], fmt=1, byte_stride=7680
12-04 14:07:28.042   571   592 E WindowManager: Unknown window type: 2999
12-04 14:07:28.056   192  2616 D gralloc : Isfb=0, [243,1920,256,1024], fmt=1, byte_stride=1024
12-04 14:07:28.059   571   592 E WindowManager: Unknown window type: 2999
12-04 14:07:28.062   192   200 D gralloc : Isfb=0, [243,1920,256,1024], fmt=1, byte_stride=1024
12-04 14:07:28.069   571   727 V WindowStateAnimator: finishDrawingLocked: mDrawState=COMMIT_DRAW_PENDING WindowStateAnimator{e886c52 } in Surface(name=)
12-04 14:07:28.070   571   592 I WindowManager:   SURFACE SHOW (performShowLocked): Window{6fba8dd u0 com.roboteam.teamy.usa}
12-04 14:07:28.070   571   592 V WindowManager: Eval win Window{f3e1576 u0 com.roboteam.teamy.usa/com.roboteam.teamy.internalactivities.settings.views.activities.SettingsActivity}: isDrawn=false, isAnimating=true
12-04 14:07:28.070   571   592 V WindowManager: Not displayed: s=Surface(name=com.roboteam.teamy.usa/com.roboteam.teamy.internalactivities.settings.views.activities.SettingsActivity) pv=true mDrawState=DRAW_PENDING ah=false th=false a=true
12-04 14:07:28.077   571   592 E WindowManager: Unknown window type: 2999
12-04 14:07:28.083   571   592 V WindowManager: Eval win Window{f3e1576 u0 com.roboteam.teamy.usa/com.roboteam.teamy.internalactivities.settings.views.activities.SettingsActivity}: isDrawn=false, isAnimating=true
12-04 14:07:28.083   571   592 V WindowManager: Not displayed: s=Surface(name=com.roboteam.teamy.usa/com.roboteam.teamy.internalactivities.settings.views.activities.SettingsActivity) pv=true mDrawState=DRAW_PENDING ah=false th=false a=true
12-04 14:07:28.086   192  1047 D gralloc : Isfb=0, [1200,1920,1200,4800], fmt=1, byte_stride=4800
12-04 14:07:28.095   571   592 E WindowManager: Unknown window type: 2999
12-04 14:07:28.101   192   204 D gralloc : Isfb=0, [1200,1920,1200,4800], fmt=1, byte_stride=4800
12-04 14:07:28.102   571  1055 V WindowStateAnimator: finishDrawingLocked: mDrawState=COMMIT_DRAW_PENDING WindowStateAnimator{73d4777 com.roboteam.teamy.usa/com.roboteam.teamy.internalactivities.settings.views.activities.SettingsActivity} in Surface(name=com.roboteam.teamy.usa/com.roboteam.teamy.internalactivities.settings.views.activities.SettingsActivity)
12-04 14:07:28.103   571   592 V WindowManager: Eval win Window{f3e1576 u0 com.roboteam.teamy.usa/com.roboteam.teamy.internalactivities.settings.views.activities.SettingsActivity}: isDrawn=true, isAnimating=true
12-04 14:07:28.103   571   592 V WindowManager: tokenMayBeDrawn: AppWindowToken{9b0734c token=Token{cf1ae87 ActivityRecord{4966ec6 u0 com.roboteam.teamy.usa/com.roboteam.teamy.internalactivities.settings.views.activities.SettingsActivity t1537}}} freezingScreen=false mAppFreezing=false
12-04 14:07:28.106   571   592 I WindowManager:   SURFACE SHOW (performShowLocked): Window{f3e1576 u0 com.roboteam.teamy.usa/com.roboteam.teamy.internalactivities.settings.views.activities.SettingsActivity}
12-04 14:07:28.109   571   592 V WindowManager: Skipping AppWindowToken{ecd1c31 token=Token{b7279c0 ActivityRecord{224ef43 u0 com.roboteam.teamy.usa/com.roboteam.teamy.internalactivities.location.AddLocationActivity t1542}}} -- hidden on top
12-04 14:07:28.109   571   592 V WindowManager: Done at AppWindowToken{9b0734c token=Token{cf1ae87 ActivityRecord{4966ec6 u0 com.roboteam.teamy.usa/com.roboteam.teamy.internalactivities.settings.views.activities.SettingsActivity t1537}}} -- full screen, return 0
12-04 14:07:28.114   571   592 E WindowManager: Unknown window type: 2999
12-04 14:07:28.127   192  2616 D gralloc : Isfb=0, [243,1920,256,1024], fmt=1, byte_stride=1024
12-04 14:07:28.130   571   592 E WindowManager: Unknown window type: 2999
12-04 14:07:28.148   571   592 E WindowManager: Unknown window type: 2999
12-04 14:07:28.165   571   592 E WindowManager: Unknown window type: 2999
12-04 14:07:28.174   700  1379 D OpenGLRenderer: endAllStagingAnimators on 0xb821a560 (RippleDrawable) with handle 0xb80d12e0
12-04 14:07:28.176   571   712 V WindowManager: Skipping AppWindowToken{ecd1c31 token=Token{b7279c0 ActivityRecord{224ef43 u0 com.roboteam.teamy.usa/com.roboteam.teamy.internalactivities.location.AddLocationActivity t1542}}} -- hidden on top
12-04 14:07:28.176   571   712 V WindowManager: Done at AppWindowToken{9b0734c token=Token{cf1ae87 ActivityRecord{4966ec6 u0 com.roboteam.teamy.usa/com.roboteam.teamy.internalactivities.settings.views.activities.SettingsActivity t1537}}} -- full screen, return 0
12-04 14:07:28.183   571   592 E WindowManager: Unknown window type: 2999
12-04 14:07:28.201   571   592 E WindowManager: Unknown window type: 2999
12-04 14:07:28.219   571   592 E WindowManager: Unknown window type: 2999
12-04 14:07:28.236   571   592 E WindowManager: Unknown window type: 2999
12-04 14:07:28.254   571   592 E WindowManager: Unknown window type: 2999
12-04 14:07:28.272   571   592 E WindowManager: Unknown window type: 2999
12-04 14:07:28.289   571   592 E WindowManager: Unknown window type: 2999
12-04 14:07:28.307   571   592 E WindowManager: Unknown window type: 2999
12-04 14:07:28.325   571   592 E WindowManager: Unknown window type: 2999
12-04 14:07:28.334   236   570 D NuPlayerDriver: reset(0xb7407b88)
12-04 14:07:28.334   236   570 D NuPlayerDriver: notifyListener_l(0xb7407b88), (8, 0, 0)
12-04 14:07:28.340   236  3279 W AMessage: failed to post message as target looper for handler 0 is gone.
12-04 14:07:28.341   236  3279 D NuPlayerDriver: notifyResetComplete(0xb7407b88)
12-04 14:07:28.341   236   632 D NuPlayerDriver: reset(0xb7407b88)
12-04 14:07:28.343   236   632 E MediaPlayerFactory: 2019 03 30 -------- getPlayerType()44444444444444 call GET_PLAYER_TYPE_IMPL() !!!! 
12-04 14:07:28.343   571   592 E WindowManager: Unknown window type: 2999
12-04 14:07:28.352   236  3291 D NuPlayerDriver: notifyListener_l(0xb7407b88), (1, 0, 0)
12-04 14:07:28.356   236   632 D NuPlayerDriver: start(0xb7407b88), state is 4, eos is 0
12-04 14:07:28.356   236  3291 I GenericSource: start
12-04 14:07:28.361   571   592 E WindowManager: Unknown window type: 2999
12-04 14:07:28.372   236  3295 E OMXNodeInstance: setConfig(1f:google.opus.decoder, ConfigPriority(0x6f800002)) ERROR: Undefined(0x80001001)
12-04 14:07:28.372   236  3295 I ACodec  : codec does not support config priority (err -2147483648)
12-04 14:07:28.374   236  3295 I MediaCodec: MediaCodec will operate in async mode
12-04 14:07:28.378   571   592 E WindowManager: Unknown window type: 2999
12-04 14:07:28.383   236  3291 D NuPlayerDriver: notifyListener_l(0xb7407b88), (6, 0, 0)
12-04 14:07:28.383   236  3293 W MediaClock: reject anchor time since it is negative.
12-04 14:07:28.383   236  3293 W MediaClock: reject anchor time since it is negative.
12-04 14:07:28.384   236  3293 W MediaClock: reject anchor time since it is negative.
12-04 14:07:28.385   236  3293 W MediaClock: reject anchor time since it is negative.
12-04 14:07:28.386   236  3293 W MediaClock: reject anchor time since it is negative.
12-04 14:07:28.388   236  3293 W MediaClock: reject anchor time since it is negative.
12-04 14:07:28.388   236  3293 W MediaClock: reject anchor time since it is negative.
12-04 14:07:28.390   236  3293 W MediaClock: reject anchor time since it is negative.
12-04 14:07:28.391   236  3293 W MediaClock: reject anchor time since it is negative.
12-04 14:07:28.391   236  3293 W MediaClock: reject anchor time since it is negative.
12-04 14:07:28.392   236  3293 W MediaClock: reject anchor time since it is negative.
12-04 14:07:28.392   236  3293 W MediaClock: reject anchor time since it is negative.
12-04 14:07:28.393   236  3293 W MediaClock: reject anchor time since it is negative.
12-04 14:07:28.393   236  3293 W MediaClock: reject anchor time since it is negative.
12-04 14:07:28.393   236  3293 W MediaClock: reject anchor time since it is negative.
12-04 14:07:28.394   236  3293 W MediaClock: reject anchor time since it is negative.
12-04 14:07:28.394   236  3293 W MediaClock: reject anchor time since it is negative.
12-04 14:07:28.395   236  3293 W MediaClock: reject anchor time since it is negative.
12-04 14:07:28.396   571   592 E WindowManager: Unknown window type: 2999
12-04 14:07:28.396   236  3293 W MediaClock: reject anchor time since it is negative.
12-04 14:07:28.397   236  3293 W MediaClock: reject anchor time since it is negative.
12-04 14:07:28.397   236  3293 W MediaClock: reject anchor time since it is negative.
12-04 14:07:28.398   236  3293 W MediaClock: reject anchor time since it is negative.
12-04 14:07:28.398   236  3293 W MediaClock: reject anchor time since it is negative.
12-04 14:07:28.400   236  3293 W MediaClock: reject anchor time since it is negative.
12-04 14:07:28.400   236  3293 W MediaClock: reject anchor time since it is negative.
12-04 14:07:28.414   571   592 E WindowManager: Unknown window type: 2999
12-04 14:07:28.419   571   592 V WindowManager: setAppVisibility(Token{b7279c0 ActivityRecord{224ef43 u0 com.roboteam.teamy.usa/com.roboteam.teamy.internalactivities.location.AddLocationActivity t1542 f}}, visible=false): mNextAppTransition=TRANSIT_UNSET hidden=true hiddenRequested=true Callers=com.android.server.am.ActivityStackSupervisor.processStoppingActivitiesLocked:3460 com.android.server.am.ActivityRecord.windowsVisibleLocked:1037 com.android.server.am.ActivityRecord$Token.windowsVisible:354 com.android.server.wm.WindowManagerService$H.handleMessage:8181 android.os.Handler.dispatchMessage:102 android.os.Looper.loop:148 
12-04 14:07:28.420   571   592 V WindowManager: Eval win Window{f3e1576 u0 com.roboteam.teamy.usa/com.roboteam.teamy.internalactivities.settings.views.activities.SettingsActivity}: isDrawn=true, isAnimating=false
12-04 14:07:28.420   571   592 V WindowManager: tokenMayBeDrawn: AppWindowToken{9b0734c token=Token{cf1ae87 ActivityRecord{4966ec6 u0 com.roboteam.teamy.usa/com.roboteam.teamy.internalactivities.settings.views.activities.SettingsActivity t1537}}} freezingScreen=false mAppFreezing=false
12-04 14:07:28.430   236   369 D AudioFlinger: mixer(0xb35f0008) throttle end: throttle time(10)
12-04 14:07:28.431   571   592 E WindowManager: Unknown window type: 2999
12-04 14:07:28.434   192   192 W SurfaceFlinger: couldn't log to binary event log: overflow.
12-04 14:07:28.449   571   592 E WindowManager: Unknown window type: 2999
12-04 14:07:28.458   192   200 D gralloc : Isfb=0, [1200,1920,1200,4800], fmt=1, byte_stride=4800
12-04 14:07:28.590   571   592 E WindowManager: Unknown window type: 2999
12-04 14:07:28.611   236  3290 I AudioSink: callbackwrapper: EVENT_UNDERRUN (discarded)
12-04 14:07:28.701   236   369 D AudioFlinger: mixer(0xb35f0008) throttle end: throttle time(35)
12-04 14:07:28.815   236   632 I FrameQueueManage: FrameQueueManage::~FrameQueueManage end!
12-04 14:07:30.515   236  3294 I NuPlayerDecoder: [audio] saw output EOS
12-04 14:07:31.188   236  3291 D NuPlayerDriver: notifyListener_l(0xb7407b88), (2, 0, 0)
12-04 14:07:31.189   571   585 I MediaFocusControl:  AudioFocus  abandonAudioFocus() from android.media.AudioManager@1040056com.roboteam.teamy.assistants.ConversationMediator@f5288d7
12-04 14:07:32.730   571   728 W AppOps  : Finishing op nesting under-run: uid 1000 pkg com.roboteam.teamy.usa code 24 time=0 duration=0 nesting=0
12-04 14:07:32.732   571   728 V WindowManager: Done at AppWindowToken{9b0734c token=Token{cf1ae87 ActivityRecord{4966ec6 u0 com.roboteam.teamy.usa/com.roboteam.teamy.internalactivities.settings.views.activities.SettingsActivity t1537}}} -- full screen, return 0
12-04 14:07:32.747   571   592 E WindowManager: Unknown window type: 2999
12-04 14:07:34.091   236   369 D alsa_route: route_set_controls() set route 24
12-04 14:07:34.092   236   369 D AudioHardwareTiny: close device
12-04 14:07:56.745   236   369 D AudioHardwareTiny: start_output_stream
12-04 14:07:56.745   236   369 D alsa_route: route_info->sound_card 0, route_info->devices 0  
12-04 14:07:56.745   236   369 D alsa_route: route_set_controls() set route 0
12-04 14:07:56.761   571  1643 V WindowManager: Done at AppWindowToken{9b0734c token=Token{cf1ae87 ActivityRecord{4966ec6 u0 com.roboteam.teamy.usa/com.roboteam.teamy.internalactivities.settings.views.activities.SettingsActivity t1537}}} -- full screen, return 0
12-04 14:07:56.765   700   700 W PathParser: Points are too far apart 4.0088684254599345
12-04 14:07:56.766   700   700 W PathParser: Points are too far apart 4.0088684254599345
12-04 14:07:56.770   571   592 E WindowManager: Unknown window type: 2999
12-04 14:07:56.782   700   700 W PathParser: Points are too far apart 4.0088684254599345
12-04 14:08:00.553   700   700 W PathParser: Points are too far apart 4.003217543058018
12-04 14:08:00.556   700   700 W PathParser: Points are too far apart 4.000001879778822
12-04 14:08:00.556   700   700 W PathParser: Points are too far apart 4.000001879778815
12-04 14:08:00.557   700   700 W PathParser: Points are too far apart 4.000001879778815
12-04 14:08:00.557   700   700 W PathParser: Points are too far apart 4.0000018797788295
12-04 14:08:00.561   700   700 W PathParser: Points are too far apart 4.006349750402758
12-04 14:08:00.576   571  1159 V WindowManager: Done at AppWindowToken{9b0734c token=Token{cf1ae87 ActivityRecord{4966ec6 u0 com.roboteam.teamy.usa/com.roboteam.teamy.internalactivities.settings.views.activities.SettingsActivity t1537}}} -- full screen, return 0
12-04 14:08:00.740   571   696 I WindowStateAnimator: createSurface WindowStateAnimator{e18564c }: mDrawState=DRAW_PENDING
12-04 14:08:00.742   571   696 V WindowManager: Done at AppWindowToken{9b0734c token=Token{cf1ae87 ActivityRecord{4966ec6 u0 com.roboteam.teamy.usa/com.roboteam.teamy.internalactivities.settings.views.activities.SettingsActivity t1537}}} -- full screen, return 0
12-04 14:08:00.742   571   696 V WindowManager: Resize reasons for w=Window{835767f u0 com.roboteam.teamy.usa}:  contentInsetsChanged=false [0,0][0,0] visibleInsetsChanged=false [0,0][0,0] stableInsetsChanged=false [0,0][0,0] outsetsChanged=false [0,0][0,0] surfaceResized=true configChanged=true
12-04 14:08:00.742   571   696 V WindowManager: Resizing window Window{835767f u0 com.roboteam.teamy.usa} to 1920.0x98.0
12-04 14:08:00.750   571   696 V WindowState: Reporting new frame to Window{835767f u0 com.roboteam.teamy.usa}: Rect(0, 0 - 1920, 98)
12-04 14:08:00.750   571   696 I WindowState: Sending new config to window Window{835767f u0 com.roboteam.teamy.usa}: 1920.0x98.0 / config={1.0 ?mcc?mnc en_US ldltr sw800dp w1280dp h800dp 240dpi xlrg land finger -keyb/v/h -nav/h s.4} overrideConfig={1.0 ?mcc?mnc ?locale ?layoutDir ?swdp ?wdp ?hdp ?density ?lsize ?long ?orien ?uimode ?night ?touch ?keyb/?/? ?nav/?}
12-04 14:08:00.750   571   696 I WindowState: Resizing Window{835767f u0 com.roboteam.teamy.usa} WITH DRAW PENDING
12-04 14:08:00.754   700  1379 D Surface : Surface::final mReqUsage=a00
12-04 14:08:00.754   700  1379 D mali_winsys: EGLint new_window_surface(egl_winsys_display*, void*, EGLSurface, EGLConfig, egl_winsys_surface**, egl_color_buffer_format*, EGLBoolean) returns 0x3000
12-04 14:08:00.756   192   204 D gralloc : Isfb=0, [1920,98,1920,7680], fmt=1, byte_stride=7680
12-04 14:08:00.758   192   204 D gralloc : Isfb=0, [1920,98,1920,7680], fmt=1, byte_stride=7680
12-04 14:08:00.759   192   204 D gralloc : Isfb=0, [1920,98,1920,7680], fmt=1, byte_stride=7680
12-04 14:08:00.768   571   592 E WindowManager: Unknown window type: 2999
12-04 14:08:00.776   192   204 D gralloc : Isfb=0, [98,1920,112,448], fmt=1, byte_stride=448
12-04 14:08:00.779   192  1047 D gralloc : Isfb=0, [98,1920,112,448], fmt=1, byte_stride=448
12-04 14:08:00.781   571   727 V WindowStateAnimator: finishDrawingLocked: mDrawState=COMMIT_DRAW_PENDING WindowStateAnimator{e18564c } in Surface(name=)
12-04 14:08:00.782   571   592 I WindowManager:   SURFACE SHOW (performShowLocked): Window{835767f u0 com.roboteam.teamy.usa}
12-04 14:08:00.786   571   592 E WindowManager: Unknown window type: 2999
12-04 14:08:00.796   192   204 D gralloc : Isfb=0, [98,1920,112,448], fmt=1, byte_stride=448
12-04 14:08:00.803   571   592 E WindowManager: Unknown window type: 2999
12-04 14:08:03.154   571  1055 V WindowManager: setAppVisibility(Token{cf1ae87 ActivityRecord{4966ec6 u0 com.roboteam.teamy.usa/com.roboteam.teamy.internalactivities.settings.views.activities.SettingsActivity t1537 f}}, visible=false): mNextAppTransition=TRANSIT_TASK_CLOSE hidden=false hiddenRequested=false Callers=com.android.server.am.ActivityStack.finishActivityLocked:2971 com.android.server.am.ActivityStack.requestFinishActivityLocked:2803 com.android.server.am.ActivityManagerService.finishActivity:4621 android.app.ActivityManagerNative.onTransact:350 com.android.server.am.ActivityManagerService.onTransact:2687 android.os.Binder.execTransact:453 
12-04 14:08:03.162   192   192 D Surface : Surface::final mReqUsage=333
12-04 14:08:03.164   192  1047 D gralloc : Isfb=0, [630,630,640,2560], fmt=1, byte_stride=2560
12-04 14:08:03.170   571   592 E WindowManager: Unknown window type: 2999
12-04 14:08:03.174   571   592 E WindowManager: Unknown window type: 2999
12-04 14:08:03.186   571   583 V WindowManager: Clear freezing of Token{cf1ae87 ActivityRecord{4966ec6 u0 com.roboteam.teamy.usa/com.roboteam.teamy.internalactivities.settings.views.activities.SettingsActivity t1537 f}}: hidden=false freezing=false
12-04 14:08:03.187   571   583 V WindowManager: setAppVisibility(Token{cf1ae87 ActivityRecord{4966ec6 u0 com.roboteam.teamy.usa/com.roboteam.teamy.internalactivities.settings.views.activities.SettingsActivity t1537 f}}, visible=false): mNextAppTransition=TRANSIT_TASK_CLOSE hidden=false hiddenRequested=true Callers=com.android.server.am.ActivityStack.resumeTopActivityInnerLocked:1889 com.android.server.am.ActivityStack.resumeTopActivityLocked:1587 com.android.server.am.ActivityStackSupervisor.resumeTopActivitiesLocked:2735 com.android.server.am.ActivityStack.completePauseLocked:1080 com.android.server.am.ActivityStack.activityPausedLocked:943 com.android.server.am.ActivityManagerService.activityPaused:6820 
12-04 14:08:03.188   571   583 V WindowManager: setAppVisibility(Token{13dc5a1 ActivityRecord{d9a6a08 u0 com.roboteam.teamy.usa/com.roboteam.teamy.internalactivities.list.mvp.activities.TabContainerActivity t1535}}, visible=true): mNextAppTransition=TRANSIT_TASK_CLOSE hidden=true hiddenRequested=true Callers=com.android.server.am.ActivityStack.resumeTopActivityInnerLocked:1934 com.android.server.am.ActivityStack.resumeTopActivityLocked:1587 com.android.server.am.ActivityStackSupervisor.resumeTopActivitiesLocked:2735 com.android.server.am.ActivityStack.completePauseLocked:1080 com.android.server.am.ActivityStack.activityPausedLocked:943 com.android.server.am.ActivityManagerService.activityPaused:6820 
12-04 14:08:03.189   571   583 V WindowManager: Skipping AppWindowToken{9b0734c token=Token{cf1ae87 ActivityRecord{4966ec6 u0 com.roboteam.teamy.usa/com.roboteam.teamy.internalactivities.settings.views.activities.SettingsActivity t1537}}} -- going to hide
12-04 14:08:03.189   571   583 V WindowManager: Done at AppWindowToken{c4c259e token=Token{13dc5a1 ActivityRecord{d9a6a08 u0 com.roboteam.teamy.usa/com.roboteam.teamy.internalactivities.list.mvp.activities.TabContainerActivity t1535}}} -- full screen, return 0
12-04 14:08:03.190   571   583 V WindowManager: Eval win Window{3194a76 u0 com.roboteam.teamy.usa/com.roboteam.teamy.internalactivities.list.mvp.activities.TabContainerActivity}: isDrawn=false, isAnimating=true
12-04 14:08:03.190   571   583 V WindowManager: Not displayed: s=null pv=true mDrawState=NO_SURFACE ah=false th=false a=false
12-04 14:08:03.191   571   592 E WindowManager: Unknown window type: 2999
12-04 14:08:03.205   236   369 D AudioFlinger: mixer(0xb35f0008) throttle end: throttle time(10)
12-04 14:08:03.209   571   592 E WindowManager: Unknown window type: 2999
12-04 14:08:03.213   571   585 I WindowStateAnimator: createSurface WindowStateAnimator{3b8d877 com.roboteam.teamy.usa/com.roboteam.teamy.internalactivities.list.mvp.activities.TabContainerActivity}: mDrawState=DRAW_PENDING
12-04 14:08:03.218   571   585 V WindowManager: Skipping AppWindowToken{9b0734c token=Token{cf1ae87 ActivityRecord{4966ec6 u0 com.roboteam.teamy.usa/com.roboteam.teamy.internalactivities.settings.views.activities.SettingsActivity t1537}}} -- going to hide
12-04 14:08:03.218   571   585 V WindowManager: Done at AppWindowToken{c4c259e token=Token{13dc5a1 ActivityRecord{d9a6a08 u0 com.roboteam.teamy.usa/com.roboteam.teamy.internalactivities.list.mvp.activities.TabContainerActivity t1535}}} -- full screen, return 0
12-04 14:08:03.218   571   585 V WindowManager: Eval win Window{3194a76 u0 com.roboteam.teamy.usa/com.roboteam.teamy.internalactivities.list.mvp.activities.TabContainerActivity}: isDrawn=false, isAnimating=true
12-04 14:08:03.219   571   585 V WindowManager: Not displayed: s=Surface(name=com.roboteam.teamy.usa/com.roboteam.teamy.internalactivities.list.mvp.activities.TabContainerActivity) pv=true mDrawState=DRAW_PENDING ah=false th=false a=false
12-04 14:08:03.222   700  1379 D Surface : Surface::final mReqUsage=a00
12-04 14:08:03.222   700  1379 D mali_winsys: EGLint new_window_surface(egl_winsys_display*, void*, EGLSurface, EGLConfig, egl_winsys_surface**, egl_color_buffer_format*, EGLBoolean) returns 0x3000
12-04 14:08:03.227   571   592 E WindowManager: Unknown window type: 2999
12-04 14:08:03.237   192  2616 D gralloc : Isfb=0, [1920,1200,1920,7680], fmt=1, byte_stride=7680
12-04 14:08:03.245   571   592 E WindowManager: Unknown window type: 2999
12-04 14:08:03.245   192  2616 D gralloc : Isfb=0, [1920,1200,1920,7680], fmt=1, byte_stride=7680
12-04 14:08:03.257   192  2616 D gralloc : Isfb=0, [1920,1200,1920,7680], fmt=1, byte_stride=7680
12-04 14:08:03.262   571   592 E WindowManager: Unknown window type: 2999
12-04 14:08:03.276   192   729 D gralloc : Isfb=0, [1200,1920,1200,4800], fmt=1, byte_stride=4800
12-04 14:08:03.280   571   592 E WindowManager: Unknown window type: 2999
12-04 14:08:03.292   192   204 D gralloc : Isfb=0, [1200,1920,1200,4800], fmt=1, byte_stride=4800
12-04 14:08:03.294   571  1159 V WindowStateAnimator: finishDrawingLocked: mDrawState=COMMIT_DRAW_PENDING WindowStateAnimator{3b8d877 com.roboteam.teamy.usa/com.roboteam.teamy.internalactivities.list.mvp.activities.TabContainerActivity} in Surface(name=com.roboteam.teamy.usa/com.roboteam.teamy.internalactivities.list.mvp.activities.TabContainerActivity)
12-04 14:08:03.294   571   592 V WindowManager: Eval win Window{3194a76 u0 com.roboteam.teamy.usa/com.roboteam.teamy.internalactivities.list.mvp.activities.TabContainerActivity}: isDrawn=true, isAnimating=true
12-04 14:08:03.294   571   592 V WindowManager: tokenMayBeDrawn: AppWindowToken{c4c259e token=Token{13dc5a1 ActivityRecord{d9a6a08 u0 com.roboteam.teamy.usa/com.roboteam.teamy.internalactivities.list.mvp.activities.TabContainerActivity t1535}}} freezingScreen=false mAppFreezing=false
12-04 14:08:03.296   571   592 I WindowManager:   SURFACE SHOW (performShowLocked): Window{3194a76 u0 com.roboteam.teamy.usa/com.roboteam.teamy.internalactivities.list.mvp.activities.TabContainerActivity}
12-04 14:08:03.299   571   592 V WindowManager: Skipping AppWindowToken{9b0734c token=Token{cf1ae87 ActivityRecord{4966ec6 u0 com.roboteam.teamy.usa/com.roboteam.teamy.internalactivities.settings.views.activities.SettingsActivity t1537}}} -- hidden on top
12-04 14:08:03.299   571   592 V WindowManager: Done at AppWindowToken{c4c259e token=Token{13dc5a1 ActivityRecord{d9a6a08 u0 com.roboteam.teamy.usa/com.roboteam.teamy.internalactivities.list.mvp.activities.TabContainerActivity t1535}}} -- full screen, return 0
12-04 14:08:03.301   571   592 E WindowManager: Unknown window type: 2999
12-04 14:08:03.315   571   592 E WindowManager: Unknown window type: 2999
12-04 14:08:03.333   571   592 E WindowManager: Unknown window type: 2999
12-04 14:08:03.342   700  1379 D OpenGLRenderer: endAllStagingAnimators on 0xb809e6e8 (RippleDrawable) with handle 0xb7edf750
12-04 14:08:03.342   571   582 V WindowManager: Skipping AppWindowToken{9b0734c token=Token{cf1ae87 ActivityRecord{4966ec6 u0 com.roboteam.teamy.usa/com.roboteam.teamy.internalactivities.settings.views.activities.SettingsActivity t1537}}} -- hidden on top
12-04 14:08:03.342   571   582 V WindowManager: Done at AppWindowToken{c4c259e token=Token{13dc5a1 ActivityRecord{d9a6a08 u0 com.roboteam.teamy.usa/com.roboteam.teamy.internalactivities.list.mvp.activities.TabContainerActivity t1535}}} -- full screen, return 0
12-04 14:08:03.351   571   592 E WindowManager: Unknown window type: 2999
12-04 14:08:03.369   571   592 E WindowManager: Unknown window type: 2999
12-04 14:08:03.386   571   592 E WindowManager: Unknown window type: 2999
12-04 14:08:03.404   571   592 E WindowManager: Unknown window type: 2999
12-04 14:08:03.422   571   592 E WindowManager: Unknown window type: 2999
12-04 14:08:03.439   571   592 E WindowManager: Unknown window type: 2999
12-04 14:08:03.457   571   592 E WindowManager: Unknown window type: 2999
12-04 14:08:03.475   571   592 E WindowManager: Unknown window type: 2999
12-04 14:08:03.492   571   592 E WindowManager: Unknown window type: 2999
12-04 14:08:03.510   571   592 E WindowManager: Unknown window type: 2999
12-04 14:08:03.528   571   592 E WindowManager: Unknown window type: 2999
12-04 14:08:03.545   571   592 E WindowManager: Unknown window type: 2999
12-04 14:08:03.563   571   592 E WindowManager: Unknown window type: 2999
12-04 14:08:03.581   571   592 E WindowManager: Unknown window type: 2999
12-04 14:08:03.599   571   592 E WindowManager: Unknown window type: 2999
12-04 14:08:03.600   571   592 V WindowManager: Eval win Window{3194a76 u0 com.roboteam.teamy.usa/com.roboteam.teamy.internalactivities.list.mvp.activities.TabContainerActivity}: isDrawn=true, isAnimating=false
12-04 14:08:03.600   571   592 V WindowManager: tokenMayBeDrawn: AppWindowToken{c4c259e token=Token{13dc5a1 ActivityRecord{d9a6a08 u0 com.roboteam.teamy.usa/com.roboteam.teamy.internalactivities.list.mvp.activities.TabContainerActivity t1535}}} freezingScreen=false mAppFreezing=false
12-04 14:08:03.602   192   192 W SurfaceFlinger: couldn't log to binary event log: overflow.
12-04 14:08:03.616   571   592 E WindowManager: Unknown window type: 2999
12-04 14:08:03.630   192   200 D gralloc : Isfb=0, [1200,1920,1200,4800], fmt=1, byte_stride=4800
12-04 14:08:03.634   571   592 E WindowManager: Unknown window type: 2999
12-04 14:08:05.686   700   700 D InfinitePagerAdapter: instantiateItem: real position: 396
12-04 14:08:05.686   700   700 D InfinitePagerAdapter: instantiateItem: virtual position: 0
12-04 14:08:05.702   700   700 D InfinitePagerAdapter: destroyItem: real position: 399
12-04 14:08:05.702   700   700 D InfinitePagerAdapter: destroyItem: virtual position: 3
12-04 14:08:06.331   236   369 D alsa_route: route_set_controls() set route 24
12-04 14:08:06.331   236   369 D AudioHardwareTiny: close device
12-04 14:08:06.630   700   700 D InfinitePagerAdapter: instantiateItem: real position: 395
12-04 14:08:06.630   700   700 D InfinitePagerAdapter: instantiateItem: virtual position: 3
12-04 14:08:06.637   700   700 D InfinitePagerAdapter: destroyItem: real position: 398
12-04 14:08:06.637   700   700 D InfinitePagerAdapter: destroyItem: virtual position: 2
12-04 14:08:06.741   700   700 W ContextImpl: Calling a method in the system process without a qualified user: android.app.ContextImpl.startActivity:658 android.content.ContextWrapper.startActivity:331 com.roboteam.teamy.shared.activitylauncher.ActivityLauncher.startActivity:16 com.roboteam.teamy.sdk.SkillsManager.startSkill:368 com.roboteam.teamy.sdk.OpenSkillByTouch.open:48 
12-04 14:08:06.741   700   700 W ContextImpl: Calling a method in the system process without a qualified user: android.app.ContextImpl.startActivity:670 android.app.ContextImpl.startActivity:659 android.content.ContextWrapper.startActivity:331 com.roboteam.teamy.shared.activitylauncher.ActivityLauncher.startActivity:16 com.roboteam.teamy.sdk.SkillsManager.startSkill:368 
12-04 14:08:06.742   571  1643 I ActivityManager: START u0 {act=android.intent.action.MAIN cat=[android.intent.category.LAUNCHER] flg=0x10004000 pkg=com.robotemi.sdk.sample cmp=com.robotemi.sdk.sample/.MainActivity (has extras)} from uid 1000 on display 0
12-04 14:08:06.745   192   192 D Surface : Surface::final mReqUsage=333
12-04 14:08:06.748   192   729 D gralloc : Isfb=0, [630,630,640,2560], fmt=1, byte_stride=2560
12-04 14:08:06.748   236   369 D AudioHardwareTiny: start_output_stream
12-04 14:08:06.749   236   369 D alsa_route: route_info->sound_card 0, route_info->devices 0  
12-04 14:08:06.749   236   369 D alsa_route: route_set_controls() set route 0
12-04 14:08:06.754   571   592 E WindowManager: Unknown window type: 2999
12-04 14:08:06.781   236   369 D AudioFlinger: mixer(0xb35f0008) throttle end: throttle time(10)
12-04 14:08:06.784   571   712 V WindowManager: Clear freezing of Token{13dc5a1 ActivityRecord{d9a6a08 u0 com.roboteam.teamy.usa/com.roboteam.teamy.internalactivities.list.mvp.activities.TabContainerActivity t1535}}: hidden=false freezing=false
12-04 14:08:06.784   571   712 V WindowManager: setAppVisibility(Token{37531cd ActivityRecord{1907b64 u0 com.robotemi.sdk.sample/.MainActivity t1533}}, visible=true): mNextAppTransition=TRANSIT_TASK_TO_FRONT hidden=true hiddenRequested=true Callers=com.android.server.am.ActivityStack.resumeTopActivityInnerLocked:1934 com.android.server.am.ActivityStack.resumeTopActivityLocked:1587 com.android.server.am.ActivityStackSupervisor.resumeTopActivitiesLocked:2735 com.android.server.am.ActivityStack.completePauseLocked:1080 com.android.server.am.ActivityStack.activityPausedLocked:943 com.android.server.am.ActivityManagerService.activityPaused:6820 
12-04 14:08:06.786   571   712 V WindowManager: Done at AppWindowToken{a8be9d0 token=Token{37531cd ActivityRecord{1907b64 u0 com.robotemi.sdk.sample/.MainActivity t1533}}} -- full screen, return 0
12-04 14:08:06.787   571   712 V WindowManager: setAppVisibility(Token{13dc5a1 ActivityRecord{d9a6a08 u0 com.roboteam.teamy.usa/com.roboteam.teamy.internalactivities.list.mvp.activities.TabContainerActivity t1535}}, visible=false): mNextAppTransition=TRANSIT_TASK_TO_FRONT hidden=false hiddenRequested=false Callers=com.android.server.am.ActivityStack.setVisible:1170 com.android.server.am.ActivityStack.ensureActivitiesVisibleLocked:1431 com.android.server.am.ActivityStackSupervisor.ensureActivitiesVisibleLocked:3305 com.android.server.am.ActivityManagerService.updateConfigurationLocked:17838 com.android.server.am.ActivityStack.resumeTopActivityInnerLocked:1964 com.android.server.am.ActivityStack.resumeTopActivityLocked:1587 
12-04 14:08:06.787   571   712 V WindowManager: Eval win Window{9a09656 u0 com.robotemi.sdk.sample/com.robotemi.sdk.sample.MainActivity}: isDrawn=false, isAnimating=true
12-04 14:08:06.787   571   712 V WindowManager: Not displayed: s=null pv=true mDrawState=NO_SURFACE ah=false th=false a=false
12-04 14:08:06.800   571   592 E WindowManager: Unknown window type: 2999
12-04 14:08:06.802   571  1159 V WindowManager: Done at AppWindowToken{a8be9d0 token=Token{37531cd ActivityRecord{1907b64 u0 com.robotemi.sdk.sample/.MainActivity t1533}}} -- full screen, return 0
12-04 14:08:06.802   571  1159 V WindowManager: Eval win Window{9a09656 u0 com.robotemi.sdk.sample/com.robotemi.sdk.sample.MainActivity}: isDrawn=false, isAnimating=true
12-04 14:08:06.802   571  1159 V WindowManager: Not displayed: s=null pv=true mDrawState=NO_SURFACE ah=false th=false a=false
12-04 14:08:06.818   571   592 E WindowManager: Unknown window type: 2999
12-04 14:08:06.823   571   727 I WindowStateAnimator: createSurface WindowStateAnimator{41a2e com.robotemi.sdk.sample/com.robotemi.sdk.sample.MainActivity}: mDrawState=DRAW_PENDING
12-04 14:08:06.828   571   727 V WindowManager: Done at AppWindowToken{a8be9d0 token=Token{37531cd ActivityRecord{1907b64 u0 com.robotemi.sdk.sample/.MainActivity t1533}}} -- full screen, return 0
12-04 14:08:06.828   571   727 V WindowManager: Eval win Window{9a09656 u0 com.robotemi.sdk.sample/com.robotemi.sdk.sample.MainActivity}: isDrawn=false, isAnimating=true
12-04 14:08:06.828   571   727 V WindowManager: Not displayed: s=Surface(name=com.robotemi.sdk.sample/com.robotemi.sdk.sample.MainActivity) pv=true mDrawState=DRAW_PENDING ah=false th=false a=false
12-04 14:08:06.833  2514  2540 D Surface : Surface::final mReqUsage=a00
12-04 14:08:06.833  2514  2540 D mali_winsys: EGLint new_window_surface(egl_winsys_display*, void*, EGLSurface, EGLConfig, egl_winsys_surface**, egl_color_buffer_format*, EGLBoolean) returns 0x3000
12-04 14:08:06.836   571   592 E WindowManager: Unknown window type: 2999
12-04 14:08:06.846   192   204 D gralloc : Isfb=0, [1920,1200,1920,7680], fmt=1, byte_stride=7680
12-04 14:08:06.854   571   592 E WindowManager: Unknown window type: 2999
12-04 14:08:06.855   192   204 D gralloc : Isfb=0, [1920,1200,1920,7680], fmt=1, byte_stride=7680
12-04 14:08:06.865   192   204 D gralloc : Isfb=0, [1920,1200,1920,7680], fmt=1, byte_stride=7680
12-04 14:08:06.871   571   592 E WindowManager: Unknown window type: 2999
12-04 14:08:06.882   571   583 V WindowManager: Done at AppWindowToken{a8be9d0 token=Token{37531cd ActivityRecord{1907b64 u0 com.robotemi.sdk.sample/.MainActivity t1533}}} -- full screen, return 0
12-04 14:08:06.883   192   200 D gralloc : Isfb=0, [1200,1920,1200,4800], fmt=1, byte_stride=4800
12-04 14:08:06.885   700   700 D Surface : Surface::final mReqUsage=33
12-04 14:08:06.887   192  2616 D gralloc : Isfb=0, [1920,98,1920,7680], fmt=1, byte_stride=7680
12-04 14:08:06.889   571   592 E WindowManager: Unknown window type: 2999
12-04 14:08:06.898   192   729 D gralloc : Isfb=0, [1200,1920,1200,4800], fmt=1, byte_stride=4800
12-04 14:08:06.900   571   585 V WindowStateAnimator: finishDrawingLocked: mDrawState=COMMIT_DRAW_PENDING WindowStateAnimator{41a2e com.robotemi.sdk.sample/com.robotemi.sdk.sample.MainActivity} in Surface(name=com.robotemi.sdk.sample/com.robotemi.sdk.sample.MainActivity)
12-04 14:08:06.901   571   592 V WindowManager: Eval win Window{9a09656 u0 com.robotemi.sdk.sample/com.robotemi.sdk.sample.MainActivity}: isDrawn=true, isAnimating=true
12-04 14:08:06.901   571   592 V WindowManager: tokenMayBeDrawn: AppWindowToken{a8be9d0 token=Token{37531cd ActivityRecord{1907b64 u0 com.robotemi.sdk.sample/.MainActivity t1533}}} freezingScreen=false mAppFreezing=false
12-04 14:08:06.903   571   592 I WindowManager:   SURFACE SHOW (performShowLocked): Window{9a09656 u0 com.robotemi.sdk.sample/com.robotemi.sdk.sample.MainActivity}
12-04 14:08:06.904   571   592 V WindowManager: Done at AppWindowToken{a8be9d0 token=Token{37531cd ActivityRecord{1907b64 u0 com.robotemi.sdk.sample/.MainActivity t1533}}} -- full screen, return 0
12-04 14:08:06.907   571   592 E WindowManager: Unknown window type: 2999
12-04 14:08:06.917   571   582 I WindowStateAnimator: createSurface WindowStateAnimator{b888711 }: mDrawState=DRAW_PENDING
12-04 14:08:06.937   571   582 V WindowManager: Done at AppWindowToken{a8be9d0 token=Token{37531cd ActivityRecord{1907b64 u0 com.robotemi.sdk.sample/.MainActivity t1533}}} -- full screen, return 0
12-04 14:08:06.938   571   582 V WindowManager: Resize reasons for w=Window{3d933aa u0 com.roboteam.teamy.usa}:  contentInsetsChanged=false [0,0][0,0] visibleInsetsChanged=false [0,0][0,0] stableInsetsChanged=false [0,0][0,0] outsetsChanged=false [0,0][0,0] surfaceResized=true configChanged=true
12-04 14:08:06.938   571   582 V WindowManager: Resizing window Window{3d933aa u0 com.roboteam.teamy.usa} to 1920.0x41.0
12-04 14:08:06.958   571   582 V WindowState: Reporting new frame to Window{3d933aa u0 com.roboteam.teamy.usa}: Rect(0, 0 - 1920, 41)
12-04 14:08:06.958   571   582 I WindowState: Sending new config to window Window{3d933aa u0 com.roboteam.teamy.usa}: 1920.0x41.0 / config={1.0 ?mcc?mnc en_US ldltr sw800dp w1280dp h800dp 240dpi xlrg land finger -keyb/v/h -nav/h s.4} overrideConfig={1.0 ?mcc?mnc ?locale ?layoutDir ?swdp ?wdp ?hdp ?density ?lsize ?long ?orien ?uimode ?night ?touch ?keyb/?/? ?nav/?}
12-04 14:08:06.958   571   582 I WindowState: Resizing Window{3d933aa u0 com.roboteam.teamy.usa} WITH DRAW PENDING
12-04 14:08:06.961   571   592 E WindowManager: Unknown window type: 2999
12-04 14:08:06.962   700  1379 D Surface : Surface::final mReqUsage=a00
12-04 14:08:06.962   700  1379 D mali_winsys: EGLint new_window_surface(egl_winsys_display*, void*, EGLSurface, EGLConfig, egl_winsys_surface**, egl_color_buffer_format*, EGLBoolean) returns 0x3000
12-04 14:08:06.963   192  2616 D gralloc : Isfb=0, [1920,41,1920,7680], fmt=1, byte_stride=7680
12-04 14:08:06.964   192  2616 D gralloc : Isfb=0, [1920,41,1920,7680], fmt=1, byte_stride=7680
12-04 14:08:06.965   192  2616 D gralloc : Isfb=0, [1920,41,1920,7680], fmt=1, byte_stride=7680
12-04 14:08:06.978   571   592 E WindowManager: Unknown window type: 2999
12-04 14:08:06.978   192  2616 D gralloc : Isfb=0, [41,1920,48,192], fmt=1, byte_stride=192
12-04 14:08:06.982   192  2616 D gralloc : Isfb=0, [41,1920,48,192], fmt=1, byte_stride=192
12-04 14:08:06.983   571   728 V WindowStateAnimator: finishDrawingLocked: mDrawState=COMMIT_DRAW_PENDING WindowStateAnimator{b888711 } in Surface(name=)
12-04 14:08:06.984   571   592 I WindowManager:   SURFACE SHOW (performShowLocked): Window{3d933aa u0 com.roboteam.teamy.usa}
12-04 14:08:06.995   571   592 E WindowManager: Unknown window type: 2999
12-04 14:08:06.999   700  1379 D OpenGLRenderer: endAllStagingAnimators on 0xb81de7b0 (FrameLayout) with handle 0xb7b80e00
12-04 14:08:07.000   571  1159 V WindowManager: Done at AppWindowToken{a8be9d0 token=Token{37531cd ActivityRecord{1907b64 u0 com.robotemi.sdk.sample/.MainActivity t1533}}} -- full screen, return 0
12-04 14:08:07.007   192   204 D gralloc : Isfb=0, [41,1920,48,192], fmt=1, byte_stride=192
12-04 14:08:07.013   571   592 E WindowManager: Unknown window type: 2999
12-04 14:08:07.030   571   592 E WindowManager: Unknown window type: 2999
12-04 14:08:07.048   571   592 E WindowManager: Unknown window type: 2999
12-04 14:08:07.066   571   592 E WindowManager: Unknown window type: 2999
12-04 14:08:07.083   571   592 E WindowManager: Unknown window type: 2999
12-04 14:08:07.101   571   592 E WindowManager: Unknown window type: 2999
12-04 14:08:07.119   571   592 E WindowManager: Unknown window type: 2999
12-04 14:08:07.137   571   592 E WindowManager: Unknown window type: 2999
12-04 14:08:07.154   571   592 E WindowManager: Unknown window type: 2999
12-04 14:08:07.172   571   592 E WindowManager: Unknown window type: 2999
12-04 14:08:07.190   571   592 E WindowManager: Unknown window type: 2999
12-04 14:08:07.208   571   592 E WindowManager: Unknown window type: 2999
12-04 14:08:07.210   571   592 V WindowManager: Eval win Window{9a09656 u0 com.robotemi.sdk.sample/com.robotemi.sdk.sample.MainActivity}: isDrawn=true, isAnimating=false
12-04 14:08:07.210   571   592 V WindowManager: tokenMayBeDrawn: AppWindowToken{a8be9d0 token=Token{37531cd ActivityRecord{1907b64 u0 com.robotemi.sdk.sample/.MainActivity t1533}}} freezingScreen=false mAppFreezing=false
12-04 14:08:07.215   571   587 V WindowManager: setAppVisibility(Token{13dc5a1 ActivityRecord{d9a6a08 u0 com.roboteam.teamy.usa/com.roboteam.teamy.internalactivities.list.mvp.activities.TabContainerActivity t1535}}, visible=false): mNextAppTransition=TRANSIT_UNSET hidden=true hiddenRequested=true Callers=com.android.server.am.ActivityStack.stopActivityLocked:2764 com.android.server.am.ActivityStackSupervisor.activityIdleInternalLocked:2602 com.android.server.am.ActivityStackSupervisor$ActivityStackSupervisorHandler.activityIdleInternal:4017 com.android.server.am.ActivityStackSupervisor$ActivityStackSupervisorHandler.handleMessage:4040 android.os.Handler.dispatchMessage:102 android.os.Looper.loop:148 
12-04 14:08:07.225   571   592 E WindowManager: Unknown window type: 2999
12-04 14:08:07.229   192   192 W SurfaceFlinger: couldn't log to binary event log: overflow.
12-04 14:08:07.243   571   592 E WindowManager: Unknown window type: 2999
12-04 14:08:07.260   571   592 E WindowManager: Unknown window type: 2999
12-04 14:08:07.278   571   592 E WindowManager: Unknown window type: 2999
12-04 14:08:07.296   571   592 E WindowManager: Unknown window type: 2999
12-04 14:08:07.313   571   592 E WindowManager: Unknown window type: 2999
12-04 14:08:07.331   571   592 E 