01-01 22:30:33.686   223   464 D RockFFPlayer: stop_l: create cancel thread ok
01-01 22:30:33.686   223  1657 D RockFFPlayer: CancelThread: in
01-01 22:30:33.686   223   464 D RockFFPlayer: stop_l: ok
01-01 22:30:33.686   223   464 D RockFFPlayer: enter enqueueMessage
01-01 22:30:33.686   223   464 D RockFFPlayer: enqueueMessage:****1
01-01 22:30:33.686   223   464 D RockFFPlayer: enqueueMessage:****2
01-01 22:30:33.686   223   464 D RockFFPlayer: enqueueMessage:****3
01-01 22:30:33.686   223   464 D RockFFPlayer: enqueueMessage:Message 1,set signal
01-01 22:30:33.686   223   464 D RockFFPlayer: enqueueMessage:sync wait
01-01 22:30:33.686   223  1592 D RockFFPlayer: deliverMessage 
01-01 22:30:33.686   223  1592 D RockFFPlayer: run : dequeueMessage Message 11
01-01 22:30:33.686   223  1592 D RockFFPlayer: CMD_RESET
01-01 22:30:33.687   223  1592 D RockFFPlayerBase: dumpStatus(): Idle
01-01 22:30:33.687   223  1592 D RockFFPlayer: doReset ok
01-01 22:30:33.687   223  1592 D RockFFPlayer: run : dequeueMessage Message 11 OK
01-01 22:30:33.687   223  1592 D RockFFPlayer: Messagecomplete type [11]
01-01 22:30:33.687   223  1592 D RockFFPlayer: run : Message 11 complete
01-01 22:30:33.687   223   464 D RockFFPlayer: enqueueMessage:sync wait ok
01-01 22:30:33.687   223   464 D RockFFPlayer: reset: do reset ok
01-01 22:30:33.687   223  1657 D RockFFPlayer: processAsyncExit: wait message thread
01-01 22:30:33.687   223  1592 D RockFFPlayer: signal thread out
01-01 22:30:33.687   223  1592 D RockFFPlayer: sched_thread out
01-01 22:30:33.687   223   464 D RockFFPlayer: stop:wait is ok
01-01 22:30:33.687   223   464 D RockFFPlayer: stop:ok
01-01 22:30:33.687   223   464 D RockFFPlayer: ~RkMessageQueue
01-01 22:30:33.687   223   464 D RockFFPlayer: reset: reset ok
01-01 22:30:33.687   223  1657 D FFMpegThread: DecoderAudio:~PlayerThread enter mThreadStatus=-1
01-01 22:30:33.687   223   464 E FFPlayer: ~FFPlayer
01-01 22:30:33.687   223   464 D RockFFPlayer: reset: in
01-01 22:30:33.687   223   464 D RockFFPlayerBase: dumpStatus(): Idle
01-01 22:30:33.687   223   464 D RockFFPlayer: reset: in idle status, already reset
01-01 22:30:33.687   223   464 D RockFFPlayer: ~FFMPlayer in
01-01 22:30:33.687   223   464 D RockFFPlayer: reset: in
01-01 22:30:33.687   223   464 D RockFFPlayerBase: dumpStatus(): Idle
01-01 22:30:33.687   223   464 D RockFFPlayer: reset: in idle status, already reset
01-01 22:30:33.687   223  1657 E RockFFPlayerBase: closeContext : in
01-01 22:30:33.687   223  1657 E RockFFPlayerBase: closeContext : out
01-01 22:30:33.688   223  1657 D RockFFPlayer: CancelThread: ok
01-01 22:30:33.688   223   464 D RockFFPlayer: ~FFMediaSource
01-01 22:30:33.688   223   464 D RockFFPlayer: FFMediaSource context null. 
01-01 22:30:33.688   223   464 E TraceThread:     VsyncReciver(tid = 2994546992)--> [UID=36a40b87] pthread_join begin-->player = 0xb84c08d0
01-01 22:30:33.696   223   464 E TraceThread:     VsyncReciver(tid = 2994546992)--> [UID=36a40b87] pthread_join   end-->player = 0xb84c08d0
01-01 22:30:33.696   223   464 D VsyncReciver: stop_l:vsyncThread down
01-01 22:30:33.696   223   464 E TraceThread:     RockFFPlayer(tid = 3005135152)--> [UID=36a40b87] ~FFMPlayer Destruction; object=0xb84c08d0
01-01 22:30:33.696   223   464 D RockFFPlayer: ~FFMPlayer ok
01-01 22:30:33.696   223   464 D RockFFPlayerBase: ~FFMPlayerBase(():mDequeueThread down
01-01 22:30:33.696   223   464 D RockFFPlayerBase: ~RkMessageHandler
01-01 22:30:33.696   223   464 D RockFFPlayer: reset: in
01-01 22:30:33.696   223   464 D RockFFPlayerBase: dumpStatus(): Preapared
01-01 22:30:33.696   223   464 D RockFFPlayer: reset: stop_l in
01-01 22:30:33.696   223   464 D RockFFPlayer: stop_l: in
01-01 22:30:33.696   223   464 D RockFFPlayer: enter enqueueMessage
01-01 22:30:33.696   223   464 D RockFFPlayer: enqueueMessage:****1
01-01 22:30:33.696   223   464 D RockFFPlayer: enqueueMessage:****2
01-01 22:30:33.696   223   464 D RockFFPlayer: enqueueMessage:****3
01-01 22:30:33.696   223   464 D RockFFPlayer: enqueueMessage:Message 1,set signal
01-01 22:30:33.696   223   464 D RockFFPlayer: enqueueMessage:sync wait
01-01 22:30:33.696   223  1596 D RockFFPlayer: deliverMessage 
01-01 22:30:33.696   223  1596 D RockFFPlayer: run : dequeueMessage Message 4
01-01 22:30:33.696   223  1596 D RockFFPlayer: CMD_STOP
01-01 22:30:33.696   223  1596 D RockFFPlayer: doStop: in
01-01 22:30:33.696   223  1596 D RockFFPlayerBase: dumpStatus(): Preapared
01-01 22:30:33.696   223  1596 D RockFFPlayerBase: dumpStatus(): Stopped
01-01 22:30:33.696   223  1596 D RockFFPlayer: doRelease: in
01-01 22:30:33.696   223  1596 I FFIDecoder: waiting on end of decoder thread
01-01 22:30:33.696   223  1596 E FFMpegThread: DecoderAudio,wait
01-01 22:30:33.696   223  1596 E RockFFPlayerBase: FFMPlayerBase::flushRenderQueue in
01-01 22:30:33.696   223  1596 E RockFFPlayerBase: FFMPlayerBase::flushRenderQueue out
01-01 22:30:33.696   223  1596 D RockFFPlayer: doRelease: ok
01-01 22:30:33.697   223  1596 D RockFFPlayer: doStop: ok
01-01 22:30:33.697   223  1596 D RockFFPlayer: run : dequeueMessage Message 4 OK
01-01 22:30:33.697   223  1596 D RockFFPlayer: Messagecomplete type [4]
01-01 22:30:33.697   223  1596 D RockFFPlayer: run : Message 4 complete
01-01 22:30:33.697   223   464 D RockFFPlayer: enqueueMessage:sync wait ok
01-01 22:30:33.697   223   464 D RockFFPlayer: stop_l: clear queue ok
01-01 22:30:33.697   223   464 D RockFFPlayer: stop_l: create cancel thread ok
01-01 22:30:33.697   223  1658 D RockFFPlayer: CancelThread: in
01-01 22:30:33.697   223   464 D RockFFPlayer: stop_l: ok
01-01 22:30:33.697   223   464 D RockFFPlayer: enter enqueueMessage
01-01 22:30:33.697   223   464 D RockFFPlayer: enqueueMessage:****1
01-01 22:30:33.697   223   464 D RockFFPlayer: enqueueMessage:****2
01-01 22:30:33.697   223   464 D RockFFPlayer: enqueueMessage:****3
01-01 22:30:33.697   223   464 D RockFFPlayer: enqueueMessage:Message 1,set signal
01-01 22:30:33.697   223   464 D RockFFPlayer: enqueueMessage:sync wait
01-01 22:30:33.697   223  1596 D RockFFPlayer: deliverMessage 
01-01 22:30:33.697   223  1596 D RockFFPlayer: run : dequeueMessage Message 11
01-01 22:30:33.697   223  1596 D RockFFPlayer: CMD_RESET
01-01 22:30:33.697   223  1596 D RockFFPlayerBase: dumpStatus(): Idle
01-01 22:30:33.697   223  1596 D RockFFPlayer: doReset ok
01-01 22:30:33.697   223  1596 D RockFFPlayer: run : dequeueMessage Message 11 OK
01-01 22:30:33.697   223  1596 D RockFFPlayer: Messagecomplete type [11]
01-01 22:30:33.697   223  1596 D RockFFPlayer: run : Message 11 complete
01-01 22:30:33.697   223   464 D RockFFPlayer: enqueueMessage:sync wait ok
01-01 22:30:33.697   223   464 D RockFFPlayer: reset: do reset ok
01-01 22:30:33.697   223  1596 D RockFFPlayer: signal thread out
01-01 22:30:33.697   223  1596 D RockFFPlayer: sched_thread out
01-01 22:30:33.697   223   464 D RockFFPlayer: stop:wait is ok
01-01 22:30:33.697   223   464 D RockFFPlayer: stop:ok
01-01 22:30:33.697   223   464 D RockFFPlayer: ~RkMessageQueue
01-01 22:30:33.697   223   464 D RockFFPlayer: reset: reset ok
01-01 22:30:33.697   223   464 E FFPlayer: ~FFPlayer
01-01 22:30:33.697   223   464 D RockFFPlayer: reset: in
01-01 22:30:33.697   223   464 D RockFFPlayerBase: dumpStatus(): Idle
01-01 22:30:33.697   223   464 D RockFFPlayer: reset: in idle status, already reset
01-01 22:30:33.697   223   464 D RockFFPlayer: ~FFMPlayer in
01-01 22:30:33.697   223   464 D RockFFPlayer: reset: in
01-01 22:30:33.697   223   464 D RockFFPlayerBase: dumpStatus(): Idle
01-01 22:30:33.697   223   464 D RockFFPlayer: reset: in idle status, already reset
01-01 22:30:33.697   223  1597 I RockFFPlayer: readthread end of playing
01-01 22:30:33.698   223  1658 D FFMpegThread: DecoderAudio:~PlayerThread enter mThreadStatus=-1
01-01 22:30:33.698   223  1658 E RockFFPlayerBase: closeContext : in
01-01 22:30:33.698   223  1658 E RockFFPlayerBase: closeContext : out
01-01 22:30:33.698   223  1658 D RockFFPlayer: CancelThread: ok
01-01 22:30:33.698   223   464 D RockFFPlayer: ~FFMediaSource
01-01 22:30:33.698   223   464 D RockFFPlayer: FFMediaSource context null. 
01-01 22:30:33.698   223   464 E TraceThread:     VsyncReciver(tid = 2989459760)--> [UID=36a40b87] pthread_join begin-->player = 0xb84c9738
01-01 22:30:33.713   223   464 E TraceThread:     VsyncReciver(tid = 2989459760)--> [UID=36a40b87] pthread_join   end-->player = 0xb84c9738
01-01 22:30:33.713   223   464 D VsyncReciver: stop_l:vsyncThread down
01-01 22:30:33.713   223   464 E TraceThread:     RockFFPlayer(tid = 3005135152)--> [UID=36a40b87] ~FFMPlayer Destruction; object=0xb84c9738
01-01 22:30:33.713   223   464 D RockFFPlayer: ~FFMPlayer ok
01-01 22:30:33.713   223   464 D RockFFPlayerBase: ~FFMPlayerBase(():mDequeueThread down
01-01 22:30:33.713   223   464 D RockFFPlayerBase: ~RkMessageHandler
01-01 22:30:33.714   223   464 D RockFFPlayer: reset: in
01-01 22:30:33.714   223   464 D RockFFPlayerBase: dumpStatus(): Error status
01-01 22:30:33.714   223   464 D RockFFPlayer: reset: stop_l in
01-01 22:30:33.714   223   464 D RockFFPlayer: stop_l: in
01-01 22:30:33.714   223   464 D RockFFPlayer: enter enqueueMessage
01-01 22:30:33.714   223   464 D RockFFPlayer: enqueueMessage:****1
01-01 22:30:33.714   223   464 D RockFFPlayer: enqueueMessage:****2
01-01 22:30:33.714   223   464 D RockFFPlayer: enqueueMessage:****3
01-01 22:30:33.714   223   464 D RockFFPlayer: enqueueMessage:Message 1,set signal
01-01 22:30:33.714   223   464 D RockFFPlayer: enqueueMessage:sync wait
01-01 22:30:33.714   223  1601 D RockFFPlayer: deliverMessage 
01-01 22:30:33.714   223  1601 D RockFFPlayer: run : dequeueMessage Message 4
01-01 22:30:33.714   223  1601 D RockFFPlayer: CMD_STOP
01-01 22:30:33.714   223  1601 D RockFFPlayer: doStop: in
01-01 22:30:33.714   223  1601 D RockFFPlayerBase: dumpStatus(): Error status
01-01 22:30:33.714   223  1601 D RockFFPlayerBase: dumpStatus(): Stopped
01-01 22:30:33.714   223  1601 D RockFFPlayer: doRelease: in
01-01 22:30:33.714   223  1601 D RockFFPlayer: FFMediaSource setExit, but context null
01-01 22:30:33.714   223  1601 E RockFFPlayerBase: FFMPlayerBase::flushRenderQueue in
01-01 22:30:33.714   223  1601 E RockFFPlayerBase: FFMPlayerBase::flushRenderQueue out
01-01 22:30:33.714   223  1601 D RockFFPlayer: doRelease: ok
01-01 22:30:33.714   223  1601 D RockFFPlayer: doStop: ok
01-01 22:30:33.714   223  1601 D RockFFPlayer: run : dequeueMessage Message 4 OK
01-01 22:30:33.714   223  1601 D RockFFPlayer: Messagecomplete type [4]
01-01 22:30:33.714   223  1601 D RockFFPlayer: run : Message 4 complete
01-01 22:30:33.714   223   464 D RockFFPlayer: enqueueMessage:sync wait ok
01-01 22:30:33.714   223   464 D RockFFPlayer: stop_l: clear queue ok
01-01 22:30:33.714   223  1659 D RockFFPlayer: CancelThread: in
01-01 22:30:33.714   223   464 D RockFFPlayer: stop_l: create cancel thread ok
01-01 22:30:33.714   223   464 D RockFFPlayer: stop_l: ok
01-01 22:30:33.714   223   464 D RockFFPlayer: enter enqueueMessage
01-01 22:30:33.714   223   464 D RockFFPlayer: enqueueMessage:****1
01-01 22:30:33.714   223   464 D RockFFPlayer: enqueueMessage:****2
01-01 22:30:33.714   223   464 D RockFFPlayer: enqueueMessage:****3
01-01 22:30:33.714   223   464 D RockFFPlayer: enqueueMessage:Message 1,set signal
01-01 22:30:33.714   223   464 D RockFFPlayer: enqueueMessage:sync wait
01-01 22:30:33.714   223  1601 D RockFFPlayer: deliverMessage 
01-01 22:30:33.714   223  1601 D RockFFPlayer: run : dequeueMessage Message 11
01-01 22:30:33.714   223  1601 D RockFFPlayer: CMD_RESET
01-01 22:30:33.714   223  1601 D RockFFPlayerBase: dumpStatus(): Idle
01-01 22:30:33.714   223  1601 D RockFFPlayer: doReset ok
01-01 22:30:33.714   223  1601 D RockFFPlayer: run : dequeueMessage Message 11 OK
01-01 22:30:33.714   223  1601 D RockFFPlayer: Messagecomplete type [11]
01-01 22:30:33.714   223  1601 D RockFFPlayer: run : Message 11 complete
01-01 22:30:33.714   223   464 D RockFFPlayer: enqueueMessage:sync wait ok
01-01 22:30:33.714   223   464 D RockFFPlayer: reset: do reset ok
01-01 22:30:33.714   223  1659 D RockFFPlayer: processAsyncExit: wait message thread
01-01 22:30:33.714   223  1601 D RockFFPlayer: signal thread out
01-01 22:30:33.714   223  1601 D RockFFPlayer: sched_thread out
01-01 22:30:33.714   223   464 D RockFFPlayer: stop:wait is ok
01-01 22:30:33.714   223   464 D RockFFPlayer: stop:ok
01-01 22:30:33.714   223   464 D RockFFPlayer: ~RkMessageQueue
01-01 22:30:33.714   223   464 D RockFFPlayer: reset: reset ok
01-01 22:30:33.714   223  1659 E RockFFPlayerBase: closeContext : in
01-01 22:30:33.714   223   464 E FFPlayer: ~FFPlayer
01-01 22:30:33.714   223  1659 D RockFFPlayer: FFMediaSource context null. 
01-01 22:30:33.714   223  1659 E RockFFPlayerBase: closeContext : out
01-01 22:30:33.714   223   464 D RockFFPlayer: reset: in
01-01 22:30:33.714   223  1659 D RockFFPlayer: CancelThread: ok
01-01 22:30:33.714   223   464 D RockFFPlayerBase: dumpStatus(): Idle
01-01 22:30:33.714   223   464 D RockFFPlayer: reset: in idle status, already reset
01-01 22:30:33.714   223   464 D RockFFPlayer: ~FFMPlayer in
01-01 22:30:33.714   223   464 D RockFFPlayer: reset: in
01-01 22:30:33.714   223   464 D RockFFPlayerBase: dumpStatus(): Idle
01-01 22:30:33.714   223   464 D RockFFPlayer: reset: in idle status, already reset
01-01 22:30:33.714   223   464 D RockFFPlayer: ~FFMediaSource
01-01 22:30:33.714   223   464 D RockFFPlayer: FFMediaSource context null. 
01-01 22:30:33.714   223   464 E TraceThread:     VsyncReciver(tid = 2985281840)--> [UID=36a40b87] pthread_join begin-->player = 0xb8518b30
01-01 22:30:33.731   223   464 E TraceThread:     VsyncReciver(tid = 2985281840)--> [UID=36a40b87] pthread_join   end-->player = 0xb8518b30
01-01 22:30:33.731   223   464 D VsyncReciver: stop_l:vsyncThread down
01-01 22:30:33.731   223   464 E TraceThread:     RockFFPlayer(tid = 3005135152)--> [UID=36a40b87] ~FFMPlayer Destruction; object=0xb8518b30
01-01 22:30:33.731   223   464 D RockFFPlayer: ~FFMPlayer ok
01-01 22:30:33.731   223   464 D RockFFPlayerBase: ~FFMPlayerBase(():mDequeueThread down
01-01 22:30:33.731   223   464 D RockFFPlayerBase: ~RkMessageHandler
01-01 22:30:33.731   223  1512 D CameraHal: camera_get_camera_info(1312): camera_get_camera_info(1312): camera_0 facing(0), orientation(90)
01-01 22:30:33.732   223   223 D CameraHal: camera_get_camera_info(1312): camera_get_camera_info(1312): camera_0 facing(0), orientation(90)
01-01 22:30:33.739   223   464 D CameraHal: camera_get_camera_info(1312): camera_get_camera_info(1312): camera_1 facing(1), orientation(270)
01-01 22:30:33.739   223   825 D CameraHal: camera_get_camera_info(1312): camera_get_camera_info(1312): camera_1 facing(1), orientation(270)
01-01 22:30:33.787   877  1664 D OpenGLRenderer: Use EGL_SWAP_BEHAVIOR_PRESERVED: true
01-01 22:30:33.787   877  1664 D OpenGLRenderer: profile bars disabled
01-01 22:30:33.787   877  1664 D OpenGLRenderer: ambientRatio = 1.50
01-01 22:30:33.797   569   922 V WindowManager: Window{ca22a3 u0 KeyguardScrim} forcing orientation to 5
01-01 22:30:33.800   877   877 D PhoneStatusBar: disable: < EXPAND* icons alerts system_info BACK* HOME* RECENT* clock SEARCH* quick_settings >
01-01 22:30:33.813   877   877 D PhoneStatusBar: heads up is enabled
01-01 22:30:33.842  1218  1218 D ChimeraFileApk: Primary ABI of requesting process is armeabi-v7a
01-01 22:30:33.843  1218  1218 D ChimeraFileApk: Classloading successful. Optimized code found.
01-01 22:30:33.852  1218  1218 D GoogleCertificates: com.google.android.gms.googlecertificates module is loaded
01-01 22:30:33.973  1218  1218 D GoogleCertificatesImpl: Fetched 300 Google certificates
01-01 22:30:34.037   896   896 W ContextImpl: Calling a method in the system process without a qualified user: android.app.ContextImpl.startActivity:658 android.content.ContextWrapper.startActivity:331 com.roboteam.teamy.shared.activitylauncher.ActivityLauncher.startActivity:16 com.roboteam.teamy.boot.activitylauncher.BootActivityLauncher.launch:54 com.roboteam.teamy.home.HomeActivity.onCreate:93 
01-01 22:30:34.037   896   896 W ContextImpl: Calling a method in the system process without a qualified user: android.app.ContextImpl.startActivity:670 android.app.ContextImpl.startActivity:659 android.content.ContextWrapper.startActivity:331 com.roboteam.teamy.shared.activitylauncher.ActivityLauncher.startActivity:16 com.roboteam.teamy.boot.activitylauncher.BootActivityLauncher.launch:54 
01-01 22:30:34.038   569   582 I ActivityManager: START u0 {flg=0x10008000 cmp=com.roboteam.teamy.usa/com.roboteam.teamy.boot.BootActivity} from uid 1000 on display 0
01-01 22:30:34.040   569   582 V WindowState: Reporting new frame to Window{3132b58 u0 StatusBar}: Rect(0, 0 - 1920, 0)
01-01 22:30:34.040   569   582 I WindowState: Sending new config to window Window{3132b58 u0 StatusBar}: 0.0x0.0 / config={1.0 ?mcc?mnc en_US ldltr sw800dp w1280dp h800dp 240dpi xlrg land finger -keyb/v/h -nav/h s.4} overrideConfig={1.0 ?mcc?mnc ?locale ?layoutDir ?swdp ?wdp ?hdp ?density ?lsize ?long ?orien ?uimode ?night ?touch ?keyb/?/? ?nav/?}
01-01 22:30:34.040   569   582 V WindowState: Reporting new frame to Window{ca22a3 u0 KeyguardScrim}: Rect(0, 0 - 1920, 1200)
01-01 22:30:34.064  1218  1218 W System  : ClassLoader referenced unknown path: /system/priv-app/GMSCore/lib/arm
01-01 22:30:34.065  1218  1218 W System  : ClassLoader referenced unknown path: /system/priv-app/GMSCore/lib/arm
01-01 22:30:34.081   896  1685 D OpenGLRenderer: Use EGL_SWAP_BEHAVIOR_PRESERVED: true
01-01 22:30:34.084  1218  1218 W linker  : /system/priv-app/GMSCore/GMSCore.apk: unused DT entry: type 0x7ffffffd arg 0xc2e
01-01 22:30:34.104   569  1292 E WindowManager: Unknown window type: 2999
01-01 22:30:34.105   569  1292 V WindowManager: Window{ca22a3 u0 KeyguardScrim} forcing orientation to 5
01-01 22:30:34.203   569   894 V WindowManager: Window{ca22a3 u0 KeyguardScrim} forcing orientation to 5
01-01 22:30:34.204   569   895 I WindowStateAnimator: createSurface WindowStateAnimator{940ff85 com.android.systemui.ImageWallpaper}: mDrawState=DRAW_PENDING
01-01 22:30:34.204   569   895 V WindowManager: Changing surface while display frozen: Window{ac88cfc u0 com.android.systemui.ImageWallpaper}
01-01 22:30:34.204   569   895 D WindowStateAnimator: rk_debug2 com.android.systemui.ImageWallpaper_Force_To_Dual
01-01 22:30:34.204   569   895 V WindowManager: Window{ca22a3 u0 KeyguardScrim} forcing orientation to 5
01-01 22:30:34.205   569   895 V WindowManager: Eval win Window{4dcf2ff u0 com.roboteam.teamy.usa/com.roboteam.teamy.home.HomeActivity}: isDrawn=false, isAnimating=false
01-01 22:30:34.205   569   895 V WindowManager: Not displayed: s=null pv=true mDrawState=NO_SURFACE ah=false th=false a=false
01-01 22:30:34.205   569   895 V WindowManager: Resize reasons for w=Window{ac88cfc u0 com.android.systemui.ImageWallpaper}:  contentInsetsChanged=true [0,0][1293,1484] visibleInsetsChanged=true [0,0][1293,1484] stableInsetsChanged=true [0,0][1293,1484] outsetsChanged=false [0,0][0,0] surfaceResized=true configChanged=true
01-01 22:30:34.205   569   895 V WindowManager: Changing surface while display frozen: Window{ac88cfc u0 com.android.systemui.ImageWallpaper}
01-01 22:30:34.205   569   895 V WindowManager: Orientation start waiting for draw mDrawState=DRAW_PENDING in Window{ac88cfc u0 com.android.systemui.ImageWallpaper}, surface Surface(name=com.android.systemui.ImageWallpaper_Force_To_Dual)
01-01 22:30:34.205   569   895 V WindowManager: Resizing window Window{ac88cfc u0 com.android.systemui.ImageWallpaper} to 3213.0x2684.0
01-01 22:30:34.221   569   895 V WindowState: Reporting new frame to Window{ac88cfc u0 com.android.systemui.ImageWallpaper}: Rect(0, 0 - 3213, 2684)
01-01 22:30:34.221   569   895 I WindowState: Sending new config to window Window{ac88cfc u0 com.android.systemui.ImageWallpaper}: 3213.0x2684.0 / config={1.0 ?mcc?mnc en_US ldltr sw800dp w1280dp h800dp 240dpi xlrg land finger -keyb/v/h -nav/h s.4} overrideConfig={1.0 ?mcc?mnc ?locale ?layoutDir ?swdp ?wdp ?hdp ?density ?lsize ?long ?orien ?uimode ?night ?touch ?keyb/?/? ?nav/?}
01-01 22:30:34.221   569   895 I WindowState: Resizing Window{ac88cfc u0 com.android.systemui.ImageWallpaper} WITH DRAW PENDING
01-01 22:30:34.222   569   895 V WindowManager: Eval win Window{4dcf2ff u0 com.roboteam.teamy.usa/com.roboteam.teamy.home.HomeActivity}: isDrawn=false, isAnimating=false
01-01 22:30:34.222   569   895 V WindowManager: Not displayed: s=null pv=true mDrawState=NO_SURFACE ah=false th=false a=false
01-01 22:30:34.223   569   584 V WindowManager: Clear freezing of Token{dd9acc4 ActivityRecord{694bbd7 u0 com.roboteam.teamy.usa/com.roboteam.teamy.home.HomeActivity t1756}}: hidden=false freezing=false
01-01 22:30:34.223   569   584 I WindowManager: Set freezing of Token{e5122d2 ActivityRecord{333295d u0 com.roboteam.teamy.usa/com.roboteam.teamy.boot.BootActivity t1757}}: hidden=true freezing=false
01-01 22:30:34.223   569   584 V WindowManager: setAppVisibility(Token{e5122d2 ActivityRecord{333295d u0 com.roboteam.teamy.usa/com.roboteam.teamy.boot.BootActivity t1757}}, visible=true): mNextAppTransition=TRANSIT_TASK_OPEN hidden=true hiddenRequested=true Callers=com.android.server.am.ActivityStackSupervisor.realStartActivityLocked:1185 com.android.server.am.ActivityStackSupervisor.startSpecificActivityLocked:1384 com.android.server.am.ActivityStack.resumeTopActivityInnerLocked:2077 com.android.server.am.ActivityStack.resumeTopActivityLocked:1587 com.android.server.am.ActivityStackSupervisor.resumeTopActivitiesLocked:2735 com.android.server.am.ActivityStack.completePauseLocked:1080 
01-01 22:30:34.223   569   584 V WindowManager: Window{ca22a3 u0 KeyguardScrim} forcing orientation to 5
01-01 22:30:34.224   569   584 V WindowManager: setAppVisibility(Token{dd9acc4 ActivityRecord{694bbd7 u0 com.roboteam.teamy.usa/com.roboteam.teamy.home.HomeActivity t1756}}, visible=false): mNextAppTransition=TRANSIT_TASK_OPEN hidden=false hiddenRequested=false Callers=com.android.server.am.ActivityStack.setVisible:1170 com.android.server.am.ActivityStack.ensureActivitiesVisibleLocked:1431 com.android.server.am.ActivityStackSupervisor.ensureActivitiesVisibleLocked:3305 com.android.server.am.ActivityManagerService.updateConfigurationLocked:17838 com.android.server.am.ActivityStackSupervisor.realStartActivityLocked:1201 com.android.server.am.ActivityStackSupervisor.startSpecificActivityLocked:1384 
01-01 22:30:34.225   569   584 V WindowManager: Eval win Window{4dcf2ff u0 com.roboteam.teamy.usa/com.roboteam.teamy.home.HomeActivity}: isDrawn=false, isAnimating=false
01-01 22:30:34.225   569   584 V WindowManager: Not displayed: s=null pv=true mDrawState=NO_SURFACE ah=false th=true a=false
01-01 22:30:34.239   569   591 E WindowManager: Unknown window type: 2999
01-01 22:30:34.239   569   591 V WindowStateAnimator: Orientation continue waiting for draw in Window{ac88cfc u0 com.android.systemui.ImageWallpaper}
01-01 22:30:34.267   569   922 V WindowManager: Window{ca22a3 u0 KeyguardScrim} forcing orientation to 5
01-01 22:30:34.267   569   922 V WindowManager: Eval win Window{4dcf2ff u0 com.roboteam.teamy.usa/com.roboteam.teamy.home.HomeActivity}: isDrawn=false, isAnimating=false
01-01 22:30:34.267   569   922 V WindowManager: Not displayed: s=null pv=false mDrawState=NO_SURFACE ah=false th=true a=false
01-01 22:30:34.271   569   895 I WindowStateAnimator: createSurface WindowStateAnimator{5970f01 }: mDrawState=DRAW_PENDING
01-01 22:30:34.271   569   895 V WindowManager: Changing surface while display frozen: Window{72715 u0 com.roboteam.teamy.usa}
01-01 22:30:34.272   569   895 V WindowManager: Window{ca22a3 u0 KeyguardScrim} forcing orientation to 5
01-01 22:30:34.273   569   895 V WindowManager: Resize reasons for w=Window{72715 u0 com.roboteam.teamy.usa}:  contentInsetsChanged=false [0,0][0,0] visibleInsetsChanged=false [0,0][0,0] stableInsetsChanged=false [0,0][0,0] outsetsChanged=false [0,0][0,0] surfaceResized=false configChanged=true
01-01 22:30:34.273   569   895 V WindowManager: Changing surface while display frozen: Window{72715 u0 com.roboteam.teamy.usa}
01-01 22:30:34.273   569   895 V WindowManager: Orientation start waiting for draw mDrawState=DRAW_PENDING in Window{72715 u0 com.roboteam.teamy.usa}, surface Surface(name=)
01-01 22:30:34.273   569   895 V WindowManager: Resizing window Window{72715 u0 com.roboteam.teamy.usa} to 1.0x1.0
01-01 22:30:34.273   569   895 V WindowManager: Eval win Window{4dcf2ff u0 com.roboteam.teamy.usa/com.roboteam.teamy.home.HomeActivity}: isDrawn=false, isAnimating=false
01-01 22:30:34.273   569   895 V WindowManager: Not displayed: s=null pv=false mDrawState=NO_SURFACE ah=false th=true a=false
01-01 22:30:34.273   569   895 V WindowState: Reporting new frame to Window{72715 u0 com.roboteam.teamy.usa}: Rect(960, 600 - 960, 600)
01-01 22:30:34.273   569   895 I WindowState: Sending new config to window Window{72715 u0 com.roboteam.teamy.usa}: 1.0x1.0 / config={1.0 ?mcc?mnc en_US ldltr sw800dp w1280dp h800dp 240dpi xlrg land finger -keyb/v/h -nav/h s.4} overrideConfig={1.0 ?mcc?mnc ?locale ?layoutDir ?swdp ?wdp ?hdp ?density ?lsize ?long ?orien ?uimode ?night ?touch ?keyb/?/? ?nav/?}
01-01 22:30:34.273   569   895 I WindowState: Resizing Window{72715 u0 com.roboteam.teamy.usa} WITH DRAW PENDING
01-01 22:30:34.274   569   591 E WindowManager: Unknown window type: 2999
01-01 22:30:34.274   569   591 V WindowStateAnimator: Orientation continue waiting for draw in Window{ac88cfc u0 com.android.systemui.ImageWallpaper}
01-01 22:30:34.274   569   591 V WindowStateAnimator: Orientation change skips hidden Window{72715 u0 com.roboteam.teamy.usa}
01-01 22:30:34.280   896  1685 I mali_so : [File] : hardware/arm/maliT760/driver/product/base/src/mali_base_kbase.c; [Line] : 928; [Func] : base_context_deal_with_version_affairs_rk_ext;
01-01 22:30:34.280   896  1685 I mali_so : arm_release_ver of this mali_so is 'r12p0-04rel0', rk_so_ver is '12@0', built at '17:00:15', on 'Aug 16 2016'.
01-01 22:30:34.280   896  1685 I mali_so : [File] : hardware/arm/maliT760/driver/product/base/src/mali_base_kbase.c; [Line] : 955; [Func] : base_context_deal_with_version_affairs_rk_ext;
01-01 22:30:34.280   896  1685 I mali_so : mali_ver_property has been set to 'r12p0-04rel0-13-12@0', to return.
01-01 22:30:34.282   896  1685 I OpenGLRenderer: Initialized EGL, version 1.4
01-01 22:30:34.288   896  1685 D Surface : Surface::final mReqUsage=a00
01-01 22:30:34.288   896  1685 D mali_winsys: EGLint new_window_surface(egl_winsys_display*, void*, EGLSurface, EGLConfig, egl_winsys_surface**, egl_color_buffer_format*, EGLBoolean) returns 0x3000
01-01 22:30:34.289   187   205 D gralloc : Isfb=0, [1,1,16,64], fmt=1, byte_stride=64
01-01 22:30:34.289   187   205 D gralloc : Isfb=0, [1,1,16,64], fmt=1, byte_stride=64
01-01 22:30:34.290   187   205 D gralloc : Isfb=0, [1,1,16,64], fmt=1, byte_stride=64
01-01 22:30:34.294   569  1309 V WindowManager: Window{ca22a3 u0 KeyguardScrim} forcing orientation to 5
01-01 22:30:34.294   569  1309 V WindowManager: Eval win Window{4dcf2ff u0 com.roboteam.teamy.usa/com.roboteam.teamy.home.HomeActivity}: isDrawn=false, isAnimating=false
01-01 22:30:34.294   569  1309 V WindowManager: Not displayed: s=null pv=false mDrawState=NO_SURFACE ah=false th=true a=false
01-01 22:30:34.300   569   581 V WindowManager: Window{ca22a3 u0 KeyguardScrim} forcing orientation to 5
01-01 22:30:34.300   569   581 V WindowManager: Eval win Window{4dcf2ff u0 com.roboteam.teamy.usa/com.roboteam.teamy.home.HomeActivity}: isDrawn=false, isAnimating=false
01-01 22:30:34.300   569   581 V WindowManager: Not displayed: s=null pv=false mDrawState=NO_SURFACE ah=false th=true a=false
01-01 22:30:34.309   569   591 E WindowManager: Unknown window type: 2999
01-01 22:30:34.309   569   591 V WindowStateAnimator: Orientation continue waiting for draw in Window{ac88cfc u0 com.android.systemui.ImageWallpaper}
01-01 22:30:34.345   896  1695 W ExifInterface: Stop reading file since a wrong offset may cause an infinite loop: 0
01-01 22:30:34.345   896  1695 W ExifInterface: Stop reading file since a wrong offset may cause an infinite loop: 0
01-01 22:30:34.347   896  1698 W ExifInterface: Stop reading file since a wrong offset may cause an infinite loop: 0
01-01 22:30:34.347   896  1698 W ExifInterface: Stop reading file since a wrong offset may cause an infinite loop: 0
01-01 22:30:34.354   896  1696 W ExifInterface: Stop reading file since a wrong offset may cause an infinite loop: 0
01-01 22:30:34.354   896  1696 W ExifInterface: Stop reading file since a wrong offset may cause an infinite loop: 0
01-01 22:30:34.556   877   877 I mali_so : [File] : hardware/arm/maliT760/driver/product/base/src/mali_base_kbase.c; [Line] : 928; [Func] : base_context_deal_with_version_affairs_rk_ext;
01-01 22:30:34.556   877   877 I mali_so : arm_release_ver of this mali_so is 'r12p0-04rel0', rk_so_ver is '12@0', built at '17:00:15', on 'Aug 16 2016'.
01-01 22:30:34.556   877   877 I mali_so : [File] : hardware/arm/maliT760/driver/product/base/src/mali_base_kbase.c; [Line] : 955; [Func] : base_context_deal_with_version_affairs_rk_ext;
01-01 22:30:34.556   877   877 I mali_so : mali_ver_property has been set to 'r12p0-04rel0-13-12@0', to return.
01-01 22:30:34.566   877   877 D Surface : Surface::final mReqUsage=a00
01-01 22:30:34.567   877   877 D mali_winsys: EGLint new_window_surface(egl_winsys_display*, void*, EGLSurface, EGLConfig, egl_winsys_surface**, egl_color_buffer_format*, EGLBoolean) returns 0x3000
01-01 22:30:34.687  1625  1625 W Finsky  : [1] com.google.android.finsky.FinskyApp.i(1465): No account configured on this device.
01-01 22:30:34.702  1625  1625 W Finsky  : [1] com.google.android.finsky.FinskyApp.i(1465): No account configured on this device.
01-01 22:30:34.725   569   591 V WindowManager: Eval win Window{4dcf2ff u0 com.roboteam.teamy.usa/com.roboteam.teamy.home.HomeActivity}: isDrawn=false, isAnimating=false
01-01 22:30:34.725   569   591 V WindowManager: Not displayed: s=null pv=false mDrawState=NO_SURFACE ah=false th=true a=false
01-01 22:30:34.727   569   591 V WindowManager: Window{ca22a3 u0 KeyguardScrim} forcing orientation to 5
01-01 22:30:34.728   569   591 V WindowManager: Eval win Window{4dcf2ff u0 com.roboteam.teamy.usa/com.roboteam.teamy.home.HomeActivity}: isDrawn=false, isAnimating=false
01-01 22:30:34.728   569   591 V WindowManager: Not displayed: s=null pv=false mDrawState=NO_SURFACE ah=false th=true a=false
01-01 22:30:34.734   569   591 E WindowManager: Unknown window type: 2999
01-01 22:30:34.734   569   591 V WindowStateAnimator: Orientation continue waiting for draw in Window{ac88cfc u0 com.android.systemui.ImageWallpaper}
01-01 22:30:34.782  1625  1625 W Finsky  : [1] com.google.android.finsky.FinskyApp.i(1465): No account configured on this device.
01-01 22:30:34.797  1625  1625 W Finsky  : [1] com.google.android.finsky.FinskyApp.i(1465): No account configured on this device.
01-01 22:30:34.820   187  1133 D gralloc : Isfb=0, [2684,3213,2688,10752], fmt=2, byte_stride=10752
01-01 22:30:34.831  1625  1625 I Finsky  : [1] com.google.android.finsky.FinskyApp.onCreate(428): Initializing network with DFE https://android.clients.google.com/fdfe/
01-01 22:30:34.833  1625  1625 W Finsky  : [1] com.google.android.finsky.FinskyApp.i(1465): No account configured on this device.
01-01 22:30:34.851   569  1309 V WindowStateAnimator: finishDrawingLocked: mDrawState=COMMIT_DRAW_PENDING WindowStateAnimator{940ff85 com.android.systemui.ImageWallpaper} in Surface(name=com.android.systemui.ImageWallpaper_Force_To_Dual)
01-01 22:30:34.854   569   591 V WindowManager: Eval win Window{4dcf2ff u0 com.roboteam.teamy.usa/com.roboteam.teamy.home.HomeActivity}: isDrawn=false, isAnimating=false
01-01 22:30:34.854   569   591 V WindowManager: Not displayed: s=null pv=false mDrawState=NO_SURFACE ah=false th=true a=false
01-01 22:30:34.854   569   591 I WindowManager:   SURFACE SHOW (performShowLocked): Window{ac88cfc u0 com.android.systemui.ImageWallpaper}
01-01 22:30:34.855   569   591 V WindowManager: Orientation not waiting for draw in Window{ac88cfc u0 com.android.systemui.ImageWallpaper}, surface Surface(name=com.android.systemui.ImageWallpaper_Force_To_Dual)
01-01 22:30:34.858   569   591 E WindowManager: Unknown window type: 2999
01-01 22:30:34.858   569   591 V WindowManager: Eval win Window{4dcf2ff u0 com.roboteam.teamy.usa/com.roboteam.teamy.home.HomeActivity}: isDrawn=false, isAnimating=false
01-01 22:30:34.858   569   591 V WindowManager: Not displayed: s=null pv=false mDrawState=NO_SURFACE ah=false th=true a=false
01-01 22:30:34.875   569   591 E WindowManager: Unknown window type: 2999
01-01 22:30:34.883   877   877 I Choreographer: Skipped 162 frames!  The application may be doing too much work on its main thread.
01-01 22:30:34.883   569   816 D WifiService: New client listening to asynchronous messages
01-01 22:30:34.888   877   877 D ViewRootImpl: changeCanvasOpacity: opaque=true
01-01 22:30:34.907  1218  1680 I GCoreUlr: WorldUpdater received intent Intent { act=com.google.android.location.reporting.ACTION_UPDATE_WORLD cmp=com.google.android.gms/com.google.android.location.reporting.service.DispatchingService (has extras) } with receiverAction android.location.PROVIDERS_CHANGED
01-01 22:30:34.930  1218  1680 I GCoreUlr: WorldUpdater:android.location.PROVIDERS_CHANGED: Ensuring that reporting is stopped because of reasons: (no Google accounts)
01-01 22:30:34.932  1218  1680 I GCoreUlr: Unbound from all location providers
01-01 22:30:34.961  1625  1625 W Finsky  : [1] com.google.android.finsky.FinskyApp.i(1465): No account configured on this device.
01-01 22:30:34.961  1625  1625 W Finsky  : [1] com.google.android.finsky.FinskyApp.i(1465): No account configured on this device.
01-01 22:30:34.974  1625  1625 W Finsky  : [1] com.google.android.finsky.FinskyApp.i(1465): No account configured on this device.
01-01 22:30:34.975  1625  1625 W Finsky  : [1] com.google.android.finsky.FinskyApp.i(1465): No account configured on this device.
01-01 22:30:34.978   569   922 I WindowStateAnimator: createSurface WindowStateAnimator{ceb8f48 StatusBar}: mDrawState=DRAW_PENDING
01-01 22:30:34.978   569   922 V WindowManager: Changing surface while display frozen: Window{3132b58 u0 StatusBar}
01-01 22:30:34.978   569   922 D WindowStateAnimator: rk_debug2 StatusBar_Force_To_Dual
01-01 22:30:34.979   569   922 V WindowManager: Window{ca22a3 u0 KeyguardScrim} forcing orientation to 5
01-01 22:30:34.979   569   922 V WindowManager: Eval win Window{4dcf2ff u0 com.roboteam.teamy.usa/com.roboteam.teamy.home.HomeActivity}: isDrawn=false, isAnimating=false
01-01 22:30:34.979   569   922 V WindowManager: Not displayed: s=null pv=false mDrawState=NO_SURFACE ah=false th=true a=false
01-01 22:30:34.987   877  1664 I OpenGLRenderer: Initialized EGL, version 1.4
01-01 22:30:34.989  1625  1625 W Finsky  : [1] com.google.android.finsky.FinskyApp.i(1465): No account configured on this device.
01-01 22:30:34.990  1625  1625 W Finsky  : [1] com.google.android.finsky.FinskyApp.i(1465): No account configured on this device.
01-01 22:30:34.992   877  1664 D Surface : Surface::final mReqUsage=a00
01-01 22:30:34.992   877  1664 D mali_winsys: EGLint new_window_surface(egl_winsys_display*, void*, EGLSurface, EGLConfig, egl_winsys_surface**, egl_color_buffer_format*, EGLBoolean) returns 0x3000
01-01 22:30:34.994   187  1133 D gralloc : Isfb=0, [1920,1,1920,7680], fmt=1, byte_stride=7680
01-01 22:30:34.994   187  1133 D gralloc : Isfb=0, [1920,1,1920,7680], fmt=1, byte_stride=7680
01-01 22:30:34.995   187  1133 D gralloc : Isfb=0, [1920,1,1920,7680], fmt=1, byte_stride=7680
01-01 22:30:35.000   569   591 E WindowManager: Unknown window type: 2999
01-01 22:30:35.000   569   591 V WindowStateAnimator: Orientation continue waiting for draw in Window{3132b58 u0 StatusBar}
01-01 22:30:35.017  1625  1625 W Finsky  : [1] com.google.android.finsky.FinskyApp.i(1465): No account configured on this device.
01-01 22:30:35.018  1625  1625 W Finsky  : [1] com.google.android.finsky.FinskyApp.i(1465): No account configured on this device.
01-01 22:30:35.019  1625  1625 I Finsky  : [1] com.google.android.finsky.services.DailyHygiene.a(171): No need to run daily hygiene.
01-01 22:30:35.019  1625  1625 W Finsky  : [1] com.google.android.finsky.FinskyApp.i(1465): No account configured on this device.
01-01 22:30:35.026  1625  1625 W Settings: Setting download_manager_max_bytes_over_mobile has moved from android.provider.Settings.Secure to android.provider.Settings.Global.
01-01 22:30:35.027  1625  1625 W Settings: Setting download_manager_recommended_max_bytes_over_mobile has moved from android.provider.Settings.Secure to android.provider.Settings.Global.
01-01 22:30:35.040  1625  1625 W Finsky  : [1] com.google.android.finsky.FinskyApp.i(1465): No account configured on this device.
01-01 22:30:35.040  1625  1625 W Finsky  : [1] com.google.android.finsky.FinskyApp.i(1465): No account configured on this device.
01-01 22:30:35.041  1625  1625 W Finsky  : [1] com.google.android.finsky.FinskyApp.i(1465): No account configured on this device.
01-01 22:30:35.042  1625  1625 W Finsky  : [1] com.google.android.finsky.FinskyApp.i(1465): No account configured on this device.
01-01 22:30:35.043  1625  1625 W Finsky  : [1] com.google.android.finsky.FinskyApp.i(1465): No account configured on this device.
01-01 22:30:35.043  1625  1625 W Finsky  : [1] com.google.android.finsky.FinskyApp.b(1147): No account configured on this device.
01-01 22:30:35.046  1625  1625 W Finsky  : [1] com.google.android.finsky.FinskyApp.i(1465): No account configured on this device.
01-01 22:30:35.048  1625  1625 W Finsky  : [1] com.google.android.finsky.FinskyApp.i(1465): No account configured on this device.
01-01 22:30:35.050  1625  1757 W Finsky  : [112] com.google.android.finsky.FinskyApp.i(1465): No account configured on this device.
01-01 22:30:35.054  1625  1625 W Finsky  : [1] com.google.android.finsky.FinskyApp.i(1465): No account configured on this device.
01-01 22:30:35.059  1625  1625 W Finsky  : [1] com.google.android.finsky.FinskyApp.i(1465): No account configured on this device.
01-01 22:30:35.062  1625  1625 E Finsky  : [1] com.google.android.finsky.utils.aa.a(57): No permission to get location. java.lang.SecurityException: "gps" location provider requires ACCESS_FINE_LOCATION permission.
01-01 22:30:35.065  1625  1625 E Finsky  : [1] com.google.android.finsky.utils.aa.a(106): No permission to get location. java.lang.SecurityException: "fused" location provider requires ACCESS_COARSE_LOCATION or ACCESS_FINE_LOCATION permission.
01-01 22:30:35.126   569   895 V WindowManager: Window{ca22a3 u0 KeyguardScrim} forcing orientation to 5
01-01 22:30:35.126   569   895 V WindowManager: Eval win Window{4dcf2ff u0 com.roboteam.teamy.usa/com.roboteam.teamy.home.HomeActivity}: isDrawn=false, isAnimating=false
01-01 22:30:35.126   569   895 V WindowManager: Not displayed: s=null pv=false mDrawState=NO_SURFACE ah=false th=true a=false
01-01 22:30:35.127   569   815 E wifi    : wifi_get_supported_feature_set returned error = 0xffffffa1
01-01 22:30:35.127   569  1322 V WindowManager: Window{ca22a3 u0 KeyguardScrim} forcing orientation to 5
01-01 22:30:35.128   569  1322 V WindowManager: Eval win Window{4dcf2ff u0 com.roboteam.teamy.usa/com.roboteam.teamy.home.HomeActivity}: isDrawn=false, isAnimating=false
01-01 22:30:35.128   569  1322 V WindowManager: Not displayed: s=null pv=false mDrawState=NO_SURFACE ah=false th=true a=false
01-01 22:30:35.141   569   591 E WindowManager: Unknown window type: 2999
01-01 22:30:35.141   569   591 V WindowStateAnimator: Orientation continue waiting for draw in Window{3132b58 u0 StatusBar}
01-01 22:30:35.143   569   895 V WindowStateAnimator: finishDrawingLocked: mDrawState=COMMIT_DRAW_PENDING WindowStateAnimator{ceb8f48 StatusBar} in Surface(name=StatusBar_Force_To_Dual)
01-01 22:30:35.143   569   591 I WindowManager:   SURFACE SHOW (performShowLocked): Window{3132b58 u0 StatusBar}
01-01 22:30:35.143   569   591 V WindowManager: Orientation not waiting for draw in Window{3132b58 u0 StatusBar}, surface Surface(name=StatusBar_Force_To_Dual)
01-01 22:30:35.143   569   591 V WindowManager: Eval win Window{4dcf2ff u0 com.roboteam.teamy.usa/com.roboteam.teamy.home.HomeActivity}: isDrawn=false, isAnimating=false
01-01 22:30:35.143   569   591 V WindowManager: Not displayed: s=null pv=false mDrawState=NO_SURFACE ah=false th=true a=false
01-01 22:30:35.153   569   923 I ActivityManager: Start proc 1760:com.google.android.gms/u0a6 for service com.google.android.gms/.ads.identifier.service.AdvertisingIdService
01-01 22:30:35.157  1625  1625 I Finsky  : [1] com.google.android.finsky.c.l.a(270): result=false type=4
01-01 22:30:35.159   569   591 E WindowManager: Unknown window type: 2999
01-01 22:30:35.159   569   591 V WindowManager: Eval win Window{4dcf2ff u0 com.roboteam.teamy.usa/com.roboteam.teamy.home.HomeActivity}: isDrawn=false, isAnimating=false
01-01 22:30:35.159   569   591 V WindowManager: Not displayed: s=null pv=false mDrawState=NO_SURFACE ah=false th=true a=false
01-01 22:30:35.176   569   591 E WindowManager: Unknown window type: 2999
01-01 22:30:35.258  1625  1625 I Finsky  : [1] com.google.android.finsky.services.bc.a(1050): Restore complete with 0 success and 0 failed.
01-01 22:30:35.340  1760  1760 W System  : ClassLoader referenced unknown path: /system/priv-app/GMSCore/lib/arm
01-01 22:30:35.360  1760  1760 I MultiDex: VM with version 2.1.0 has multidex support
01-01 22:30:35.360  1760  1760 I MultiDex: install
01-01 22:30:35.360  1760  1760 I MultiDex: VM has multidex support, MultiDex support library is disabled.
01-01 22:30:35.371  1218  1218 W InstanceID/Rpc: Found 10006
01-01 22:30:35.387  1218  1218 I GCoreUlr: DispatchingService.onDestroy()
01-01 22:30:35.387  1218  1218 I GCoreUlr: Stopping handler for UlrDispSvcFast
01-01 22:30:35.401  1218  1218 I GCoreUlr: Unbound from all location providers
01-01 22:30:35.404   896   896 D Error   : ERR: exClass=android.os.StrictMode$StrictModeDiskWriteViolation
01-01 22:30:35.404   896   896 D Error   : ERR: exMsg=policy=2621447 violation=1
01-01 22:30:35.404   896   896 D Error   : ERR: file=StrictMode.java
01-01 22:30:35.404   896   896 D Error   : ERR: class=android.os.StrictMode$AndroidBlockGuardPolicy
01-01 22:30:35.404   896   896 D Error   : ERR: method=onWriteToDisk line=1223
01-01 22:30:35.405   896   896 D Error   : ERR: stack=android.os.StrictMode$StrictModeDiskWriteViolation: policy=2621447 violation=1
01-01 22:30:35.405   896   896 D Error   : 	at android.os.StrictMode$AndroidBlockGuardPolicy.onWriteToDisk(StrictMode.java:1223)
01-01 22:30:35.405   896   896 D Error   : 	at libcore.io.BlockGuardOs.write(BlockGuardOs.java:312)
01-01 22:30:35.405   896   896 D Error   : 	at java.nio.SelectorImpl.wakeup(SelectorImpl.java:324)
01-01 22:30:35.405   896   896 D Error   : 	at org.java_websocket.server.WebSocketServer.onWriteDemand(WebSocketServer.java:538)
01-01 22:30:35.405   896   896 D Error   : 	at org.java_websocket.WebSocketImpl.write(WebSocketImpl.java:635)
01-01 22:30:35.405   896   896 D Error   : 	at org.java_websocket.WebSocketImpl.sendFrame(WebSocketImpl.java:576)
01-01 22:30:35.405   896   896 D Error   : 	at org.java_websocket.WebSocketImpl.send(WebSocketImpl.java:568)
01-01 22:30:35.405   896   896 D Error   : 	at org.java_websocket.WebSocketImpl.send(WebSocketImpl.java:543)
01-01 22:30:35.405   896   896 D Error   : 	at com.roboteam.teamy.robox.WebSocketServer.send(WebSocketServer.java:141)
01-01 22:30:35.405   896   896 D Error   : 	at com.roboteam.teamy.robox.RoboxRequestSender$subscribe$5.accept(RoboxRequestSender.kt:46)
01-01 22:30:35.405   896   896 D Error   : 	at com.roboteam.teamy.robox.RoboxRequestSender$subscribe$5.accept(RoboxRequestSender.kt:17)
01-01 22:30:35.405   896   896 D Error   : 	at io.reactivex.internal.subscribers.LambdaSubscriber.onNext(LambdaSubscriber.java:65)
01-01 22:30:35.405   896   896 D Error   : 	at com.uber.rxdogtag.DogTagSubscriber.lambda$onNext$3$DogTagSubscriber(DogTagSubscriber.java:68)
01-01 22:30:35.405   896   896 D Error   : 	at com.uber.rxdogtag.-$$Lambda$DogTagSubscriber$efx2I-a5qPD2O4c9MrkN8T_9h9s.run(lambda)
01-01 22:30:35.405   896   896 D Error   : 	at com.uber.rxdogtag.RxDogTag.guardedDelegateCall(RxDogTag.java:220)
01-01 22:30:35.405   896   896 D Error   : 	at com.uber.rxdogtag.DogTagSubscriber.onNext(DogTagSubscriber.java:68)
01-01 22:30:35.405   896   896 D Error   : 	at io.reactivex.internal.operators.flowable.FlowableDoOnEach$DoOnEachSubscriber.onNext(FlowableDoOnEach.java:92)
01-01 22:30:35.405   896   896 D Error   : 	at io.reactivex.internal.operators.flowable.FlowableMap$MapSubscriber.onNext(FlowableMap.java:68)
01-01 22:30:35.405   896   896 D Error   : 	at io.reactivex.internal.operators.flowable.FlowableFlatMap$MergeSubscriber.tryEmit(FlowableFlatMap.java:282)
01-01 22:30:35.405   896   896 D Error   : 	at io.reactivex.internal.operators.flowable.FlowableFlatMap$InnerSubscriber.onNext(FlowableFlatMap.java:668)
01-01 22:30:35.405   896   896 D Error   : 	at io.reactivex.internal.operators.flowable.FlowableFlatMap$MergeSubscriber.drainLoop(FlowableFlatMap.java:506)
01-01 22:30:35.405   896   896 D Error   : 	at io.reactivex.internal.operators.flowable.FlowableFlatMap$MergeSubscriber.drain(FlowableFlatMap.java:371)
01-01 22:30:35.405   896   896 D Error   : 	at io.reactivex.internal.operators.flowable.FlowableFlatMap$InnerSubscriber.onSubscribe(FlowableFlatMap.java:651)
01-01 22:30:35.405   896   896 D Error   : 	at io.reactivex.internal.operators.flowable.FlowableScalarXMap$ScalarXMapFlowable.subscribeActual(FlowableScalarXMap.java:158)
01-01 22:30:35.405   896   896 D Error   : 	at io.reactivex.Flowable.subscribe(Flowable.java:14935)
01-01 22:30:35.405   896   896 D Error   : 	at io.reactivex.Flowable.subscribe(Flowable.java:14882)
01-01 22:30:35.405   896   896 D Error   : 	at io.reactivex.internal.operators.flowable.FlowableFlatMap$MergeSubscriber.onNext(FlowableFlatMap.java:163)
01-01 22:30:35.405   896   896 D Error   : 	at io.reactivex.internal.subscriptions.ScalarSubscription.request(ScalarSubscription.java:55)
01-01 22:30:35.405   896   896 D Error   : 	at io.reactivex.internal.operators.flowable.FlowableFlatMap$MergeSubscriber.onSubscribe(FlowableFlatMap.java:117)
01-01 22:30:35.405   896   896 D Error   : 	at io.reactivex.internal.operators.flowable.FlowableScalarXMap$ScalarXMapFlowable.subscribeActual(FlowableScalarXMap.java:158)
01-01 22:30:35.405   896   896 D Error   : 	at io.reactivex.Flowable.subscribe(Flowable.java:14935)
01-01 22:30:35.405   896   896 D Error   : 	at io.reactivex.Flowable.subscribe(Flowable.java:14882)
01-01 22:30:35.405   896   896 D Error   : 	at io.reactivex.internal.operators.flowable.FlowableScalarXMap$ScalarXMapFlowable.subscribeActual(FlowableScalarXMap.java:160)
01-01 22:30:35.405   896   896 D Error   : 	at io.reactivex.Flowable.subscribe(Flowable.java:14935)
01-01 22:30:35.405   896   896 D Error   : 	at io.reactivex.internal.operators.flowable.FlowableFlatMap.subscribeActual(FlowableFlatMap.java:53)
01-01 22:30:35.405   896   896 D Error   : 	at io.reactivex.Flowable.subscribe(Flowable.java:14935)
01-01 22:30:35.405   896   896 D Error   : 	at io.reactivex.Flowable.subscribe(Flowable.java:14882)
01-01 22:30:35.405   896   896 D Error   : 	at io.reactivex.internal.operators.flowable.FlowableFlatMap$MergeSubscriber.onNext(FlowableFlatMap.java:163)
01-01 22:30:35.405   896   896 D Error   : 	at io.reactivex.internal.operators.flowable.FlowableFilter$FilterSubscriber.tryOnNext(FlowableFilter.java:74)
01-01 22:30:35.405   896   896 D Error   : 	at io.reactivex.internal.operators.flowable.FlowableFilter$FilterSubscriber.onNext(FlowableFilter.java:52)
01-01 22:30:35.405   896   896 D Error   : 	at io.reactivex.internal.operators.flowable.FlowableOnBackpressureLatest$BackpressureLatestSubscriber.drain(FlowableOnBackpressureLatest.java:129)
01-01 22:30:35.405   896   896 D Error   : 	at io.reactivex.internal.operators.flowable.FlowableOnBackpressureLatest$BackpressureLatestSubscriber.onNext(FlowableOnBackpressureLatest.java:68)
01-01 22:30:35.405   896   896 D Error   : 	at io.reactivex.internal.operators.flowable.FlowableFromObservable$SubscriberObserver.onNext(FlowableFromObservable.java:54)
01-01 22:30:35.405   896   896 D Error   : 	at com.jakewhart
01-01 22:30:35.405   896   896 D Error   : ERR: TOTAL BYTES WRITTEN: 23924
01-01 22:30:35.427   896   896 I Choreographer: Skipped 66 frames!  The application may be doing too much work on its main thread.
01-01 22:30:35.430   569   895 V WindowManager: Window{ca22a3 u0 KeyguardScrim} forcing orientation to 5
01-01 22:30:35.431   569   895 V WindowManager: Eval win Window{f350f53 u0 com.roboteam.teamy.usa/com.roboteam.teamy.boot.BootActivity}: isDrawn=false, isAnimating=false
01-01 22:30:35.431   569   895 V WindowManager: Not displayed: s=null pv=true mDrawState=NO_SURFACE ah=false th=false a=false
01-01 22:30:35.431   569   895 V WindowManager: Eval win Window{4dcf2ff u0 com.roboteam.teamy.usa/com.roboteam.teamy.home.HomeActivity}: isDrawn=false, isAnimating=false
01-01 22:30:35.431   569   895 V WindowManager: Not displayed: s=null pv=false mDrawState=NO_SURFACE ah=false th=true a=false
