12-16 14:05:42.000   187   802 D gralloc : Isfb=0, [1920,1200,1920,7680], fmt=1, byte_stride=7680
12-16 14:05:42.012   187   802 D gralloc : Isfb=0, [1920,1200,1920,7680], fmt=1, byte_stride=7680
12-16 14:05:42.021   187   802 D gralloc : Isfb=0, [1920,1200,1920,7680], fmt=1, byte_stride=7680
12-16 14:05:42.042   187  2739 D gralloc : Isfb=0, [1200,1920,1200,4800], fmt=1, byte_stride=4800
12-16 14:05:42.056   187   201 D gralloc : Isfb=0, [1200,1920,1200,4800], fmt=1, byte_stride=4800
12-16 14:05:42.058   569  2570 V WindowStateAnimator: finishDrawingLocked: mDrawState=COMMIT_DRAW_PENDING WindowStateAnimator{d340e02 } in Surface(name=)
12-16 14:05:42.058   569   590 I WindowManager:   SURFACE SHOW (performShowLocked): Window{64f034d u0 com.roboteam.teamy.usa}
12-16 14:05:42.070   569   590 E WindowManager: Unknown window type: 2999
12-16 14:05:42.077   187   801 D gralloc : Isfb=0, [1200,1920,1200,4800], fmt=1, byte_stride=4800
12-16 14:05:42.087   569   590 E WindowManager: Unknown window type: 2999
12-16 14:05:42.312   227   490 D NuPlayerDriver: reset(0xb8bcfe10)
12-16 14:05:42.312   227   490 D NuPlayerDriver: notifyListener_l(0xb8bcfe10), (8, 0, 0)
12-16 14:05:42.314   227  3149 W AMessage: failed to post message as target looper for handler 0 is gone.
12-16 14:05:42.315   227  3149 D NuPlayerDriver: notifyResetComplete(0xb8bcfe10)
12-16 14:05:42.315   227   826 D NuPlayerDriver: reset(0xb8bcfe10)
12-16 14:05:42.316   227   826 E MediaPlayerFactory: 2019 03 30 -------- getPlayerType()44444444444444 call GET_PLAYER_TYPE_IMPL() !!!! 
12-16 14:05:42.322   227  3158 D NuPlayerDriver: notifyListener_l(0xb8ad7348), (1, 0, 0)
12-16 14:05:42.328   227   227 D NuPlayerDriver: start(0xb8ad7348), state is 4, eos is 0
12-16 14:05:42.328   227  3158 I GenericSource: start
12-16 14:05:42.345   227  3163 E OMXNodeInstance: setConfig(28:google.opus.decoder, ConfigPriority(0x6f800002)) ERROR: Undefined(0x80001001)
12-16 14:05:42.345   227  3163 I ACodec  : codec does not support config priority (err -2147483648)
12-16 14:05:42.346   227  3163 I MediaCodec: MediaCodec will operate in async mode
12-16 14:05:42.351   227  3158 D NuPlayerDriver: notifyListener_l(0xb8ad7348), (6, 0, 0)
12-16 14:05:42.351   227  3161 W MediaClock: reject anchor time since it is negative.
12-16 14:05:42.351   227  3161 W MediaClock: reject anchor time since it is negative.
12-16 14:05:42.351   227  3161 W MediaClock: reject anchor time since it is negative.
12-16 14:05:42.353   227  3161 W MediaClock: reject anchor time since it is negative.
12-16 14:05:42.356   227  3161 W MediaClock: reject anchor time since it is negative.
12-16 14:05:42.356   227  3161 W MediaClock: reject anchor time since it is negative.
12-16 14:05:42.356   227  3161 W MediaClock: reject anchor time since it is negative.
12-16 14:05:42.357   227  3161 W MediaClock: reject anchor time since it is negative.
12-16 14:05:42.359   227  3161 W MediaClock: reject anchor time since it is negative.
12-16 14:05:42.359   227  3161 W MediaClock: reject anchor time since it is negative.
12-16 14:05:42.360   227  3161 W MediaClock: reject anchor time since it is negative.
12-16 14:05:42.360   227  3161 W MediaClock: reject anchor time since it is negative.
12-16 14:05:42.361   227  3161 W MediaClock: reject anchor time since it is negative.
12-16 14:05:42.361   227  3161 W MediaClock: reject anchor time since it is negative.
12-16 14:05:42.362   227  3161 W MediaClock: reject anchor time since it is negative.
12-16 14:05:42.362   227  3161 W MediaClock: reject anchor time since it is negative.
12-16 14:05:42.363   227  3161 W MediaClock: reject anchor time since it is negative.
12-16 14:05:42.363   227  3161 W MediaClock: reject anchor time since it is negative.
12-16 14:05:42.364   227  3161 W MediaClock: reject anchor time since it is negative.
12-16 14:05:42.364   227  3161 W MediaClock: reject anchor time since it is negative.
12-16 14:05:42.365   227  3161 W MediaClock: reject anchor time since it is negative.
12-16 14:05:42.365   227  3161 W MediaClock: reject anchor time since it is negative.
12-16 14:05:42.366   227  3161 W MediaClock: reject anchor time since it is negative.
12-16 14:05:42.366   227  3161 W MediaClock: reject anchor time since it is negative.
12-16 14:05:42.366   227  3161 W MediaClock: reject anchor time since it is negative.
12-16 14:05:42.407   227   262 D AudioFlinger: mixer(0xb35b7008) throttle end: throttle time(10)
12-16 14:05:43.436   897   907 I art     : Background sticky concurrent mark sweep GC freed 65736(6MB) AllocSpace objects, 16(368KB) LOS objects, 9% free, 58MB/64MB, paused 5.926ms total 83.307ms
12-16 14:05:43.443  2963  2963 V FLINTEMI_LOCATION: onGoToLocationStatusChanged:
12-16 14:05:43.443  2963  2963 V FLINTEMI_LOCATION: location	=	
12-16 14:05:43.443  2963  2963 V FLINTEMI_LOCATION: status		=	calculating
12-16 14:05:43.443  2963  2963 V FLINTEMI_LOCATION: description	=	Calculating
12-16 14:05:45.030   227  3162 I NuPlayerDecoder: [audio] saw output EOS
12-16 14:05:45.661   227  3158 D NuPlayerDriver: notifyListener_l(0xb8ad7348), (2, 0, 0)
12-16 14:05:45.683   569  1159 I MediaFocusControl:  AudioFocus  abandonAudioFocus() from android.media.AudioManager@f511a21com.roboteam.teamy.assistants.ConversationMediator@2045e46
12-16 14:05:45.863  2963  2963 V FLINTEMI_LOCATION: onGoToLocationStatusChanged:
12-16 14:05:45.863  2963  2963 V FLINTEMI_LOCATION: location	=	b
12-16 14:05:45.863  2963  2963 V FLINTEMI_LOCATION: status		=	going
12-16 14:05:45.863  2963  2963 V FLINTEMI_LOCATION: description	=	Unknown
12-16 14:05:45.954  1224  3167 I PhenotypeFlagCommitter: Experiment Configs successfully retrieved for com.google.android.gms.playlog.uploader
12-16 14:05:45.965  1224  3167 I GoogleURLConnFactory: Using platform SSLCertificateSocketFactory
12-16 14:05:56.665   897   897 E ThemeUtils: View class androidx.appcompat.widget.AppCompatTextView is an AppCompat widget that can only be used with a Theme.AppCompat theme (or descendant).
12-16 14:05:56.667   897   897 E ThemeUtils: View class androidx.appcompat.widget.AppCompatTextView is an AppCompat widget that can only be used with a Theme.AppCompat theme (or descendant).
12-16 14:05:56.708  2963  2963 V FLINTEMI_LOCATION: onGoToLocationStatusChanged:
12-16 14:05:56.708  2963  2963 V FLINTEMI_LOCATION: location	=	b
12-16 14:05:56.708  2963  2963 V FLINTEMI_LOCATION: status		=	complete
12-16 14:05:56.708  2963  2963 V FLINTEMI_LOCATION: description	=	Unknown
12-16 14:05:56.708  2963  2963 I System.out: FLINTEMI: OnGoToLocationStatusChanged=COMPLETE,notify
12-16 14:05:56.708  2963  3044 D FLINTEMI_SEQUENCE: wake()
12-16 14:05:56.708  2963  3044 V FLINTEMI_STATE: wakeCondition	=	[LOCATION, COMPLETE]
12-16 14:05:56.709  2963  3044 V FLINTEMI_SPEECH: TtsRequest UUID = b499fefe-580f-4e10-9b74-66dff99fcf7c
12-16 14:05:56.709  2963  3044 D FLINTEMI_SPEECH: robot.speak( "I will wait here for 15 seconds. Please, feel free to use my hand sanitiser dispenser." )
12-16 14:05:56.714  2963  3044 D FLINTEMI_LISTENER: Instantiating new WaitSpeechListener(millis, main, dl, this, robot)
12-16 14:05:56.715   569  2573 V WindowManager: Done at AppWindowToken{e777fa7 token=Token{c841d8e ActivityRecord{356a989 u0 com.robotemi.sdk.sample/.MainActivity t236}}} -- full screen, return 0
12-16 14:05:56.715  2963  3044 V FLINTEMI_LISTENER: WaitSpeechListener: flinderstemi.util.listeners.WaitSpeechListener@c2372f9
12-16 14:05:56.715  2963  3044 D FLINTEMI_LISTENER: Adding new WaitSpeechListener: flinderstemi.util.listeners.WaitSpeechListener@c2372f9
12-16 14:05:56.715  2963  3044 D FLINTEMI_SEQUENCE: synchronised stateMachine.wait(): flinderstemi.StateMachine@ef4ab72
12-16 14:05:56.732   569   895 I WindowStateAnimator: createSurface WindowStateAnimator{508ab67 }: mDrawState=DRAW_PENDING
12-16 14:05:56.734   569   895 V WindowManager: Done at AppWindowToken{e777fa7 token=Token{c841d8e ActivityRecord{356a989 u0 com.robotemi.sdk.sample/.MainActivity t236}}} -- full screen, return 0
12-16 14:05:56.735   569   895 V WindowManager: Resize reasons for w=Window{da9d326 u0 com.roboteam.teamy.usa}:  contentInsetsChanged=false [0,0][0,0] visibleInsetsChanged=false [0,0][0,0] stableInsetsChanged=false [0,0][0,0] outsetsChanged=false [0,0][0,0] surfaceResized=true configChanged=true
12-16 14:05:56.735   569   895 V WindowManager: Resizing window Window{da9d326 u0 com.roboteam.teamy.usa} to 1920.0x1200.0
12-16 14:05:56.740   897   907 I art     : Background sticky concurrent mark sweep GC freed 55120(6MB) AllocSpace objects, 6(104KB) LOS objects, 7% free, 59MB/64MB, paused 5.363ms total 54.829ms
12-16 14:05:56.752   569   895 V WindowState: Reporting new frame to Window{da9d326 u0 com.roboteam.teamy.usa}: Rect(0, 0 - 1920, 1200)
12-16 14:05:56.752   569   895 I WindowState: Sending new config to window Window{da9d326 u0 com.roboteam.teamy.usa}: 1920.0x1200.0 / config={1.0 ?mcc?mnc en_US ldltr sw800dp w1280dp h800dp 240dpi xlrg land finger -keyb/v/h -nav/h s.4} overrideConfig={1.0 ?mcc?mnc ?locale ?layoutDir ?swdp ?wdp ?hdp ?density ?lsize ?long ?orien ?uimode ?night ?touch ?keyb/?/? ?nav/?}
12-16 14:05:56.752   569   895 I WindowState: Resizing Window{da9d326 u0 com.roboteam.teamy.usa} WITH DRAW PENDING
12-16 14:05:56.756   897  1676 D Surface : Surface::final mReqUsage=a00
12-16 14:05:56.756   897  1676 D mali_winsys: EGLint new_window_surface(egl_winsys_display*, void*, EGLSurface, EGLConfig, egl_winsys_surface**, egl_color_buffer_format*, EGLBoolean) returns 0x3000
12-16 14:05:56.767   187  2739 D gralloc : Isfb=0, [1920,1200,1920,7680], fmt=1, byte_stride=7680
12-16 14:05:56.770   569   590 E WindowManager: Unknown window type: 2999
12-16 14:05:56.775   187  2739 D gralloc : Isfb=0, [1920,1200,1920,7680], fmt=1, byte_stride=7680
12-16 14:05:56.783   187  2739 D gralloc : Isfb=0, [1920,1200,1920,7680], fmt=1, byte_stride=7680
12-16 14:05:56.787   569   896 I MediaFocusControl:  AudioFocus  requestAudioFocus() from android.media.AudioManager@f511a21com.roboteam.teamy.assistants.ConversationMediator@2045e46 req=3flags=0x0
12-16 14:05:56.789   569   583 I MediaFocusControl:  AudioFocus  requestAudioFocus() from android.media.AudioManager@f511a21com.roboteam.teamy.assistants.ConversationMediator@2045e46 req=3flags=0x0
12-16 14:05:56.795   569  1159 W AppOps  : Finishing op nesting under-run: uid 1000 pkg com.roboteam.teamy.usa code 24 time=0 duration=0 nesting=0
12-16 14:05:56.797   569  1159 V WindowManager: Done at AppWindowToken{e777fa7 token=Token{c841d8e ActivityRecord{356a989 u0 com.robotemi.sdk.sample/.MainActivity t236}}} -- full screen, return 0
12-16 14:05:56.806   569   590 E WindowManager: Unknown window type: 2999
12-16 14:05:56.810   187   801 D gralloc : Isfb=0, [1200,1920,1200,4800], fmt=1, byte_stride=4800
12-16 14:05:56.824   187  2739 D gralloc : Isfb=0, [1200,1920,1200,4800], fmt=1, byte_stride=4800
12-16 14:05:56.826   569  2573 V WindowStateAnimator: finishDrawingLocked: mDrawState=COMMIT_DRAW_PENDING WindowStateAnimator{508ab67 } in Surface(name=)
12-16 14:05:56.827   569   590 I WindowManager:   SURFACE SHOW (performShowLocked): Window{da9d326 u0 com.roboteam.teamy.usa}
12-16 14:05:56.841   569   590 E WindowManager: Unknown window type: 2999
12-16 14:05:56.847   187   203 D gralloc : Isfb=0, [1200,1920,1200,4800], fmt=1, byte_stride=4800
12-16 14:05:56.859   569   590 E WindowManager: Unknown window type: 2999
12-16 14:05:57.231   227   227 D NuPlayerDriver: reset(0xb8ad7348)
12-16 14:05:57.231   227   227 D NuPlayerDriver: notifyListener_l(0xb8ad7348), (8, 0, 0)
12-16 14:05:57.241   227  3158 W AMessage: failed to post message as target looper for handler 0 is gone.
12-16 14:05:57.243   227  3158 D NuPlayerDriver: notifyResetComplete(0xb8ad7348)
12-16 14:05:57.244   227   227 D NuPlayerDriver: reset(0xb8ad7348)
12-16 14:05:57.248   227   227 E MediaPlayerFactory: 2019 03 30 -------- getPlayerType()44444444444444 call GET_PLAYER_TYPE_IMPL() !!!! 
12-16 14:05:57.274   227  3174 D NuPlayerDriver: notifyListener_l(0xb8b9e050), (1, 0, 0)
12-16 14:05:57.289   227   227 D NuPlayerDriver: start(0xb8b9e050), state is 4, eos is 0
12-16 14:05:57.289   227  3174 I GenericSource: start
12-16 14:05:57.308   227  3179 E OMXNodeInstance: setConfig(29:google.opus.decoder, ConfigPriority(0x6f800002)) ERROR: Undefined(0x80001001)
12-16 14:05:57.308   227  3179 I ACodec  : codec does not support config priority (err -2147483648)
12-16 14:05:57.310   227  3179 I MediaCodec: MediaCodec will operate in async mode
12-16 14:05:57.323   227  3174 D NuPlayerDriver: notifyListener_l(0xb8b9e050), (6, 0, 0)
12-16 14:05:57.323   227  3177 W MediaClock: reject anchor time since it is negative.
12-16 14:05:57.324   227  3177 W MediaClock: reject anchor time since it is negative.
12-16 14:05:57.324   227  3177 W MediaClock: reject anchor time since it is negative.
12-16 14:05:57.327   227  3177 W MediaClock: reject anchor time since it is negative.
12-16 14:05:57.328   227  3177 W MediaClock: reject anchor time since it is negative.
12-16 14:05:57.329   227  3177 W MediaClock: reject anchor time since it is negative.
12-16 14:05:57.330   227  3177 W MediaClock: reject anchor time since it is negative.
12-16 14:05:57.330   227  3177 W MediaClock: reject anchor time since it is negative.
12-16 14:05:57.331   227  3177 W MediaClock: reject anchor time since it is negative.
12-16 14:05:57.333   227  3177 W MediaClock: reject anchor time since it is negative.
12-16 14:05:57.333   227  3177 W MediaClock: reject anchor time since it is negative.
12-16 14:05:57.334   227  3177 W MediaClock: reject anchor time since it is negative.
12-16 14:05:57.334   227  3177 W MediaClock: reject anchor time since it is negative.
12-16 14:05:57.335   227  3177 W MediaClock: reject anchor time since it is negative.
12-16 14:05:57.336   227  3177 W MediaClock: reject anchor time since it is negative.
12-16 14:05:57.336   227  3177 W MediaClock: reject anchor time since it is negative.
12-16 14:05:57.337   227  3177 W MediaClock: reject anchor time since it is negative.
12-16 14:05:57.338   227  3177 W MediaClock: reject anchor time since it is negative.
12-16 14:05:57.339   227  3177 W MediaClock: reject anchor time since it is negative.
12-16 14:05:57.340   227  3177 W MediaClock: reject anchor time since it is negative.
12-16 14:05:57.341   227  3177 W MediaClock: reject anchor time since it is negative.
12-16 14:05:57.342   227  3177 W MediaClock: reject anchor time since it is negative.
12-16 14:05:57.342   227  3177 W MediaClock: reject anchor time since it is negative.
12-16 14:05:57.344   227  3177 W MediaClock: reject anchor time since it is negative.
12-16 14:05:57.344   227  3177 W MediaClock: reject anchor time since it is negative.
12-16 14:05:57.400   227   262 D AudioFlinger: mixer(0xb35b7008) throttle end: throttle time(15)
12-16 14:06:00.160   569   924 W AppOps  : Finishing op nesting under-run: uid 1000 pkg com.roboteam.teamy.usa code 24 time=0 duration=0 nesting=0
12-16 14:06:00.164   569   924 V WindowManager: Done at AppWindowToken{e777fa7 token=Token{c841d8e ActivityRecord{356a989 u0 com.robotemi.sdk.sample/.MainActivity t236}}} -- full screen, return 0
12-16 14:06:00.166   569   590 E WindowManager: Unknown window type: 2999
12-16 14:06:03.226   227  3178 I NuPlayerDecoder: [audio] saw output EOS
12-16 14:06:03.817   227  3174 D NuPlayerDriver: notifyListener_l(0xb8b9e050), (2, 0, 0)
12-16 14:06:03.827   569   895 I MediaFocusControl:  AudioFocus  abandonAudioFocus() from android.media.AudioManager@f511a21com.roboteam.teamy.assistants.ConversationMediator@2045e46
12-16 14:06:03.836  2963  2963 V FLINTEMI_LISTENER: TtsRequest
12-16 14:06:03.836  2963  2963 V FLINTEMI_LISTENER: UUID	=	b499fefe-580f-4e10-9b74-66dff99fcf7c
12-16 14:06:03.836  2963  2963 V FLINTEMI_LISTENER: String	=	I will wait here for 15 seconds. Please, feel free to use my hand sanitiser dispenser.
12-16 14:06:03.836  2963  2963 V FLINTEMI_LISTENER: Status	=	COMPLETED
12-16 14:06:03.836  2963  2963 D FLINTEMI_LISTENER: TTSStatus changed to COMPLETED.
12-16 14:06:03.838  2963  2963 D FLINTEMI_UI: Thought	=	Waiting...
12-16 14:06:03.842  2963  2963 D FLINTEMI_SEQUENCE: Waiting for 15000ms starting: 2020-12-16 14:06:03
12-16 14:06:03.843  2963  2963 D FLINTEMI_LISTENER: Added DetectionListener implements OnDetectionStateChangedListener
12-16 14:06:03.843  2963  2963 V FLINTEMI_LISTENER: Added DetectionListener: flinderstemi.util.listeners.DetectionListener@7a890d7
12-16 14:06:03.844  2963  2963 D FLINTEMI_LISTENER: Removed WaitSpeechListener implements TtsListener
12-16 14:06:03.844  2963  2963 V FLINTEMI_LISTENER: Removed WaitSpeechListener: flinderstemi.util.listeners.WaitSpeechListener@c2372f9
12-16 14:06:11.132   569   820 D ConnectivityService: notifyType CAP_CHANGED for NetworkAgentInfo [WIFI () - 100]
12-16 14:06:11.154   897   897 W PathParser: Points are too far apart 4.003111663332675
12-16 14:06:11.155   897   897 W PathParser: Points are too far apart 4.003111663332675
12-16 14:06:11.155   897   897 W PathParser: Points are too far apart 4.000827221680083
12-16 14:06:18.020   569   587 D Tethering: interfaceLinkStateChanged wlan0, true
12-16 14:06:18.020   569   587 D Tethering: interfaceStatusChanged wlan0, true
12-16 14:06:18.846  2963  3173 V FLINTEMI_SEQUENCE: TimerTask doneWaiting run() triggered at 2020-12-16 14:06:18
12-16 14:06:18.847  2963  3173 D FLINTEMI_SEQUENCE: Waiting Completed
12-16 14:06:18.847  2963  3173 D FLINTEMI_LISTENER: Removed DetectionListener
12-16 14:06:18.847  2963  3173 V FLINTEMI_LISTENER: Removed DetectionListener implements OnDetectionStateChangedListener: flinderstemi.util.listeners.DetectionListener@7a890d7
12-16 14:06:18.847  2963  3173 D FLINTEMI_SEQUENCE: synchronized flinderstemi.StateMachine@ef4ab72 notify()
12-16 14:06:18.849  2963  3044 V FLINTEMI_SEQUENCE: while loop top
12-16 14:06:18.850  2963  3044 I FLINTEMI_BATTERY: SOC	=	100
12-16 14:06:18.851  2963  3044 D BATTERY : batteryState(soc)=3 [FULL]
12-16 14:06:18.851  2963  3044 D FLINTEMI_SEQUENCE: Do action at state	=	1
12-16 14:06:18.851  2963  3044 D FLINTEMI_STATE: state	=	1
12-16 14:06:18.851  2963  3044 D FLINTEMI_SEQUENCE: switch (state = PATROLLING = 1)
12-16 14:06:18.852  2963  3044 V FLINTEMI_SPEECH: TtsRequest UUID = fdc4f04e-b99a-4ca2-b47c-394927d23fa2
12-16 14:06:18.852  2963  2963 D FLINTEMI_UI: Thought	=	Going to the next waypoint ...
12-16 14:06:18.852  2963  3044 D FLINTEMI_SPEECH: robot.speak( "I'm going to the next waypoint now. Goodbye." )
12-16 14:06:18.859  2963  3044 I FLINTEMI_LOCATION: Going to the next location
12-16 14:06:18.859  2963  3044 D FLINTEMI_LOCATION: GoToLocation:
12-16 14:06:18.859  2963  3044 D FLINTEMI_LOCATION: locationIndex	=	2
12-16 14:06:18.859  2963  3044 D FLINTEMI_LOCATION: name			=	a
12-16 14:06:18.859   569  1159 I MediaFocusControl:  AudioFocus  requestAudioFocus() from android.media.AudioManager@f511a21com.roboteam.teamy.assistants.ConversationMediator@2045e46 req=3flags=0x0
12-16 14:06:18.863  2963  3044 D FLINTEMI_SEQUENCE: Finished action at state	=	1
12-16 14:06:18.863  2963  3044 D FLINTEMI_SEQUENCE: synchronise routine
12-16 14:06:18.863  2963  3044 D FLINTEMI_SEQUENCE: try wait
12-16 14:06:18.868   569  2573 I MediaFocusControl:  AudioFocus  requestAudioFocus() from android.media.AudioManager@f511a21com.roboteam.teamy.assistants.ConversationMediator@2045e46 req=3flags=0x0
12-16 14:06:18.926   897   897 E ThemeUtils: View class androidx.appcompat.widget.AppCompatTextView is an AppCompat widget that can only be used with a Theme.AppCompat theme (or descendant).
12-16 14:06:18.928   897   897 E ThemeUtils: View class androidx.appcompat.widget.AppCompatTextView is an AppCompat widget that can only be used with a Theme.AppCompat theme (or descendant).
12-16 14:06:18.970  2963  2963 V FLINTEMI_LOCATION: onGoToLocationStatusChanged:
12-16 14:06:18.970  2963  2963 V FLINTEMI_LOCATION: location	=	a
12-16 14:06:18.970  2963  2963 V FLINTEMI_LOCATION: status		=	start
12-16 14:06:18.970  2963  2963 V FLINTEMI_LOCATION: description	=	Unknown
12-16 14:06:18.976   569   581 V WindowManager: Done at AppWindowToken{e777fa7 token=Token{c841d8e ActivityRecord{356a989 u0 com.robotemi.sdk.sample/.MainActivity t236}}} -- full screen, return 0
12-16 14:06:18.996   569  2572 I WindowStateAnimator: createSurface WindowStateAnimator{54ffbb2 }: mDrawState=DRAW_PENDING
12-16 14:06:18.997   569  2572 V WindowManager: Done at AppWindowToken{e777fa7 token=Token{c841d8e ActivityRecord{356a989 u0 com.robotemi.sdk.sample/.MainActivity t236}}} -- full screen, return 0
12-16 14:06:18.997   569  2572 V WindowManager: Resize reasons for w=Window{b459bd u0 com.roboteam.teamy.usa}:  contentInsetsChanged=false [0,0][0,0] visibleInsetsChanged=false [0,0][0,0] stableInsetsChanged=false [0,0][0,0] outsetsChanged=false [0,0][0,0] surfaceResized=true configChanged=true
12-16 14:06:18.997   569  2572 V WindowManager: Resizing window Window{b459bd u0 com.roboteam.teamy.usa} to 1920.0x1200.0
12-16 14:06:19.006   569  2572 V WindowState: Reporting new frame to Window{b459bd u0 com.roboteam.teamy.usa}: Rect(0, 0 - 1920, 1200)
12-16 14:06:19.006   569  2572 I WindowState: Sending new config to window Window{b459bd u0 com.roboteam.teamy.usa}: 1920.0x1200.0 / config={1.0 ?mcc?mnc en_US ldltr sw800dp w1280dp h800dp 240dpi xlrg land finger -keyb/v/h -nav/h s.4} overrideConfig={1.0 ?mcc?mnc ?locale ?layoutDir ?swdp ?wdp ?hdp ?density ?lsize ?long ?orien ?uimode ?night ?touch ?keyb/?/? ?nav/?}
12-16 14:06:19.006   569  2572 I WindowState: Resizing Window{b459bd u0 com.roboteam.teamy.usa} WITH DRAW PENDING
12-16 14:06:19.014   897  1676 D Surface : Surface::final mReqUsage=a00
12-16 14:06:19.015   897  1676 D mali_winsys: EGLint new_window_surface(egl_winsys_display*, void*, EGLSurface, EGLConfig, egl_winsys_surface**, egl_color_buffer_format*, EGLBoolean) returns 0x3000
12-16 14:06:19.024   569   590 E WindowManager: Unknown window type: 2999
12-16 14:06:19.025   187  2739 D gralloc : Isfb=0, [1920,1200,1920,7680], fmt=1, byte_stride=7680
12-16 14:06:19.034   187  2739 D gralloc : Isfb=0, [1920,1200,1920,7680], fmt=1, byte_stride=7680
12-16 14:06:19.042   187  2739 D gralloc : Isfb=0, [1920,1200,1920,7680], fmt=1, byte_stride=7680
12-16 14:06:19.064   187  2739 D gralloc : Isfb=0, [1200,1920,1200,4800], fmt=1, byte_stride=4800
12-16 14:06:19.078   187   203 D gralloc : Isfb=0, [1200,1920,1200,4800], fmt=1, byte_stride=4800
12-16 14:06:19.081   569   583 V WindowStateAnimator: finishDrawingLocked: mDrawState=COMMIT_DRAW_PENDING WindowStateAnimator{54ffbb2 } in Surface(name=)
12-16 14:06:19.081   569   590 I WindowManager:   SURFACE SHOW (performShowLocked): Window{b459bd u0 com.roboteam.teamy.usa}
12-16 14:06:19.095   569   590 E WindowManager: Unknown window type: 2999
12-16 14:06:19.099   187   203 D gralloc : Isfb=0, [1200,1920,1200,4800], fmt=1, byte_stride=4800
12-16 14:06:19.102   227   490 D NuPlayerDriver: reset(0xb8b9e050)
12-16 14:06:19.102   227   490 D NuPlayerDriver: notifyListener_l(0xb8b9e050), (8, 0, 0)
12-16 14:06:19.106   227  3174 W AMessage: failed to post message as target looper for handler 0 is gone.
12-16 14:06:19.108   227  3174 D NuPlayerDriver: notifyResetComplete(0xb8b9e050)
12-16 14:06:19.108   227   826 D NuPlayerDriver: reset(0xb8b9e050)
12-16 14:06:19.109   227   826 E MediaPlayerFactory: 2019 03 30 -------- getPlayerType()44444444444444 call GET_PLAYER_TYPE_IMPL() !!!! 
12-16 14:06:19.112   227  3182 D NuPlayerDriver: notifyListener_l(0xb8ad7348), (1, 0, 0)
12-16 14:06:19.112   569   590 E WindowManager: Unknown window type: 2999
12-16 14:06:19.117   227   227 D NuPlayerDriver: start(0xb8ad7348), state is 4, eos is 0
12-16 14:06:19.118   227  3182 I GenericSource: start
12-16 14:06:19.127   227  3187 E OMXNodeInstance: setConfig(2a:google.opus.decoder, ConfigPriority(0x6f800002)) ERROR: Undefined(0x80001001)
12-16 14:06:19.127   227  3187 I ACodec  : codec does not support config priority (err -2147483648)
12-16 14:06:19.128   227  3187 I MediaCodec: MediaCodec will operate in async mode
12-16 14:06:19.134   227  3185 W MediaClock: reject anchor time since it is negative.
12-16 14:06:19.134   227  3185 W MediaClock: reject anchor time since it is negative.
12-16 14:06:19.134   227  3185 W MediaClock: reject anchor time since it is negative.
12-16 14:06:19.137   227  3185 W MediaClock: reject anchor time since it is negative.
12-16 14:06:19.138   227  3185 W MediaClock: reject anchor time since it is negative.
12-16 14:06:19.138   227  3185 W MediaClock: reject anchor time since it is negative.
12-16 14:06:19.138   227  3182 D NuPlayerDriver: notifyListener_l(0xb8ad7348), (6, 0, 0)
12-16 14:06:19.139   227  3185 W MediaClock: reject anchor time since it is negative.
12-16 14:06:19.140   227  3185 W MediaClock: reject anchor time since it is negative.
12-16 14:06:19.140   227  3185 W MediaClock: reject anchor time since it is negative.
12-16 14:06:19.141   227  3185 W MediaClock: reject anchor time since it is negative.
12-16 14:06:19.141   227  3185 W MediaClock: reject anchor time since it is negative.
12-16 14:06:19.141   227  3185 W MediaClock: reject anchor time since it is negative.
12-16 14:06:19.142   227  3185 W MediaClock: reject anchor time since it is negative.
12-16 14:06:19.142   227  3185 W MediaClock: reject anchor time since it is negative.
12-16 14:06:19.143   227  3185 W MediaClock: reject anchor time since it is negative.
12-16 14:06:19.143   227  3185 W MediaClock: reject anchor time since it is negative.
12-16 14:06:19.143   227  3185 W MediaClock: reject anchor time since it is negative.
12-16 14:06:19.143   227  3185 W MediaClock: reject anchor time since it is negative.
12-16 14:06:19.144   227  3185 W MediaClock: reject anchor time since it is negative.
12-16 14:06:19.144   227  3185 W MediaClock: reject anchor time since it is negative.
12-16 14:06:19.145   227  3185 W MediaClock: reject anchor time since it is negative.
12-16 14:06:19.145   227  3185 W MediaClock: reject anchor time since it is negative.
12-16 14:06:19.146   227  3185 W MediaClock: reject anchor time since it is negative.
12-16 14:06:19.146   227  3185 W MediaClock: reject anchor time since it is negative.
12-16 14:06:19.146   227  3185 W MediaClock: reject anchor time since it is negative.
12-16 14:06:19.181   227   262 D AudioFlinger: mixer(0xb35b7008) throttle end: throttle time(10)
12-16 14:06:20.458  2963  2963 V FLINTEMI_LOCATION: onGoToLocationStatusChanged:
12-16 14:06:20.458  2963  2963 V FLINTEMI_LOCATION: location	=	
12-16 14:06:20.458  2963  2963 V FLINTEMI_LOCATION: status		=	calculating
12-16 14:06:20.458  2963  2963 V FLINTEMI_LOCATION: description	=	Calculating
12-16 14:06:21.805   227  3186 I NuPlayerDecoder: [audio] saw output EOS
12-16 14:06:22.440   227  3182 D NuPlayerDriver: notifyListener_l(0xb8ad7348), (2, 0, 0)
12-16 14:06:22.473   569  1159 I MediaFocusControl:  AudioFocus  abandonAudioFocus() from android.media.AudioManager@f511a21com.roboteam.teamy.assistants.ConversationMediator@2045e46
12-16 14:06:22.871  2963  2963 V FLINTEMI_LOCATION: onGoToLocationStatusChanged:
12-16 14:06:22.871  2963  2963 V FLINTEMI_LOCATION: location	=	
12-16 14:06:22.871  2963  2963 V FLINTEMI_LOCATION: status		=	obstacle detected
12-16 14:06:22.871  2963  2963 V FLINTEMI_LOCATION: description	=	Ground Obstacle
12-16 14:06:26.816  2963  2963 V FLINTEMI_LOCATION: onGoToLocationStatusChanged:
12-16 14:06:26.816  2963  2963 V FLINTEMI_LOCATION: location	=	a
12-16 14:06:26.816  2963  2963 V FLINTEMI_LOCATION: status		=	going
12-16 14:06:26.816  2963  2963 V FLINTEMI_LOCATION: description	=	Unknown
12-16 14:06:34.774   897   897 E ThemeUtils: View class androidx.appcompat.widget.AppCompatTextView is an AppCompat widget that can only be used with a Theme.AppCompat theme (or descendant).
12-16 14:06:34.776   897   897 E ThemeUtils: View class androidx.appcompat.widget.AppCompatTextView is an AppCompat widget that can only be used with a Theme.AppCompat theme (or descendant).
12-16 14:06:34.820  2963  2963 V FLINTEMI_LOCATION: onGoToLocationStatusChanged:
12-16 14:06:34.820  2963  2963 V FLINTEMI_LOCATION: location	=	a
12-16 14:06:34.820  2963  2963 V FLINTEMI_LOCATION: status		=	complete
12-16 14:06:34.820  2963  2963 V FLINTEMI_LOCATION: description	=	Unknown
12-16 14:06:34.820  2963  2963 I System.out: FLINTEMI: OnGoToLocationStatusChanged=COMPLETE,notify
12-16 14:06:34.821  2963  3044 D FLINTEMI_SEQUENCE: wake()
12-16 14:06:34.821  2963  3044 V FLINTEMI_STATE: wakeCondition	=	[LOCATION, COMPLETE]
12-16 14:06:34.821  2963  3044 I System.out: FLINTEMI: Reset the location index to 1 from 2
12-16 14:06:34.821  2963  3044 I System.out: FLINTEMI: Loops complete=2
12-16 14:06:34.821  2963  3044 V FLINTEMI_SPEECH: TtsRequest UUID = 97214d2e-9b7b-4d67-be32-ca05f2a12e65
12-16 14:06:34.821  2963  3044 D FLINTEMI_SPEECH: robot.speak( "I will wait here for 15 seconds. Please, feel free to use my hand sanitiser dispenser." )
12-16 14:06:34.826   569   896 V WindowManager: Done at AppWindowToken{e777fa7 token=Token{c841d8e ActivityRecord{356a989 u0 com.robotemi.sdk.sample/.MainActivity t236}}} -- full screen, return 0
12-16 14:06:34.829  2963  3044 D FLINTEMI_LISTENER: Instantiating new WaitSpeechListener(millis, main, dl, this, robot)
12-16 14:06:34.829  2963  3044 V FLINTEMI_LISTENER: WaitSpeechListener: flinderstemi.util.listeners.WaitSpeechListener@af3eef0
12-16 14:06:34.829  2963  3044 D FLINTEMI_LISTENER: Adding new WaitSpeechListener: flinderstemi.util.listeners.WaitSpeechListener@af3eef0
12-16 14:06:34.829  2963  3044 D FLINTEMI_SEQUENCE: synchronised stateMachine.wait(): flinderstemi.StateMachine@ef4ab72
12-16 14:06:34.842   569   583 I WindowStateAnimator: createSurface WindowStateAnimator{b51d4b9 }: mDrawState=DRAW_PENDING
12-16 14:06:34.843   569   583 V WindowManager: Done at AppWindowToken{e777fa7 token=Token{c841d8e ActivityRecord{356a989 u0 com.robotemi.sdk.sample/.MainActivity t236}}} -- full screen, return 0
12-16 14:06:34.843   569   583 V WindowManager: Resize reasons for w=Window{9b76680 u0 com.roboteam.teamy.usa}:  contentInsetsChanged=false [0,0][0,0] visibleInsetsChanged=false [0,0][0,0] stableInsetsChanged=false [0,0][0,0] outsetsChanged=false [0,0][0,0] surfaceResized=true configChanged=true
12-16 14:06:34.844   569   583 V WindowManager: Resizing window Window{9b76680 u0 com.roboteam.teamy.usa} to 1920.0x1200.0
12-16 14:06:34.857   569   583 V WindowState: Reporting new frame to Window{9b76680 u0 com.roboteam.teamy.usa}: Rect(0, 0 - 1920, 1200)
12-16 14:06:34.857   569   583 I WindowState: Sending new config to window Window{9b76680 u0 com.roboteam.teamy.usa}: 1920.0x1200.0 / config={1.0 ?mcc?mnc en_US ldltr sw800dp w1280dp h800dp 240dpi xlrg land finger -keyb/v/h -nav/h s.4} overrideConfig={1.0 ?mcc?mnc ?locale ?layoutDir ?swdp ?wdp ?hdp ?density ?lsize ?long ?orien ?uimode ?night ?touch ?keyb/?/? ?nav/?}
12-16 14:06:34.857   569   583 I WindowState: Resizing Window{9b76680 u0 com.roboteam.teamy.usa} WITH DRAW PENDING
12-16 14:06:34.861   897  1676 D Surface : Surface::final mReqUsage=a00
12-16 14:06:34.861   897  1676 D mali_winsys: EGLint new_window_surface(egl_winsys_display*, void*, EGLSurface, EGLConfig, egl_winsys_surface**, egl_color_buffer_format*, EGLBoolean) returns 0x3000
12-16 14:06:34.873   187   801 D gralloc : Isfb=0, [1920,1200,1920,7680], fmt=1, byte_stride=7680
12-16 14:06:34.875   569   590 E WindowManager: Unknown window type: 2999
12-16 14:06:34.885   187   801 D gralloc : Isfb=0, [1920,1200,1920,7680], fmt=1, byte_stride=7680
12-16 14:06:34.898   187   801 D gralloc : Isfb=0, [1920,1200,1920,7680], fmt=1, byte_stride=7680
12-16 14:06:34.904   569  2572 I MediaFocusControl:  AudioFocus  requestAudioFocus() from android.media.AudioManager@f511a21com.roboteam.teamy.assistants.ConversationMediator@2045e46 req=3flags=0x0
12-16 14:06:34.906   569   580 I MediaFocusControl:  AudioFocus  requestAudioFocus() from android.media.AudioManager@f511a21com.roboteam.teamy.assistants.ConversationMediator@2045e46 req=3flags=0x0
12-16 14:06:34.914   569   924 W AppOps  : Finishing op nesting under-run: uid 1000 pkg com.roboteam.teamy.usa code 24 time=0 duration=0 nesting=0
12-16 14:06:34.915   569   924 V WindowManager: Done at AppWindowToken{e777fa7 token=Token{c841d8e ActivityRecord{356a989 u0 com.robotemi.sdk.sample/.MainActivity t236}}} -- full screen, return 0
12-16 14:06:34.927   569   590 E WindowManager: Unknown window type: 2999
12-16 14:06:34.934   187  2739 D gralloc : Isfb=0, [1200,1920,1200,4800], fmt=1, byte_stride=4800
12-16 14:06:34.952   187   801 D gralloc : Isfb=0, [1200,1920,1200,4800], fmt=1, byte_stride=4800
12-16 14:06:34.954   569   923 V WindowStateAnimator: finishDrawingLocked: mDrawState=COMMIT_DRAW_PENDING WindowStateAnimator{b51d4b9 } in Surface(name=)
12-16 14:06:34.955   569   590 I WindowManager:   SURFACE SHOW (performShowLocked): Window{9b76680 u0 com.roboteam.teamy.usa}
12-16 14:06:34.962   569   590 E WindowManager: Unknown window type: 2999
12-16 14:06:34.980   569   590 E WindowManager: Unknown window type: 2999
12-16 14:06:34.986   187   201 D gralloc : Isfb=0, [1200,1920,1200,4800], fmt=1, byte_stride=4800
12-16 14:06:35.272   569   820 D ConnectivityService: notifyType CAP_CHANGED for NetworkAgentInfo [WIFI () - 100]
12-16 14:06:35.365   227   227 D NuPlayerDriver: reset(0xb8ad7348)
12-16 14:06:35.365   227   227 D NuPlayerDriver: notifyListener_l(0xb8ad7348), (8, 0, 0)
12-16 14:06:35.371   227  3182 W AMessage: failed to post message as target looper for handler 0 is gone.
12-16 14:06:35.373   227  3182 D NuPlayerDriver: notifyResetComplete(0xb8ad7348)
12-16 14:06:35.373   227   490 D NuPlayerDriver: reset(0xb8ad7348)
12-16 14:06:35.376   227   490 E MediaPlayerFactory: 2019 03 30 -------- getPlayerType()44444444444444 call GET_PLAYER_TYPE_IMPL() !!!! 
12-16 14:06:35.394   227  3192 D NuPlayerDriver: notifyListener_l(0xb8ad7348), (1, 0, 0)
12-16 14:06:35.405   227   826 D NuPlayerDriver: start(0xb8ad7348), state is 4, eos is 0
12-16 14:06:35.405   227  3192 I GenericSource: start
12-16 14:06:35.421   227  3197 E OMXNodeInstance: setConfig(2b:google.opus.decoder, ConfigPriority(0x6f800002)) ERROR: Undefined(0x80001001)
12-16 14:06:35.422   227  3197 I ACodec  : codec does not support config priority (err -2147483648)
12-16 14:06:35.424   227  3197 I MediaCodec: MediaCodec will operate in async mode
12-16 14:06:35.435   227  3192 D NuPlayerDriver: notifyListener_l(0xb8ad7348), (6, 0, 0)
12-16 14:06:35.435   227  3195 W MediaClock: reject anchor time since it is negative.
12-16 14:06:35.436   227  3195 W MediaClock: reject anchor time since it is negative.
12-16 14:06:35.437   227  3195 W MediaClock: reject anchor time since it is negative.
12-16 14:06:35.442   227  3195 W MediaClock: reject anchor time since it is negative.
12-16 14:06:35.443   227  3195 W MediaClock: reject anchor time since it is negative.
12-16 14:06:35.445   227  3195 W MediaClock: reject anchor time since it is negative.
12-16 14:06:35.445   227  3195 W MediaClock: reject anchor time since it is negative.
12-16 14:06:35.446   227  3195 W MediaClock: reject anchor time since it is negative.
12-16 14:06:35.447   227  3195 W MediaClock: reject anchor time since it is negative.
12-16 14:06:35.448   227  3195 W MediaClock: reject anchor time since it is negative.
12-16 14:06:35.449   227  3195 W MediaClock: reject anchor time since it is negative.
12-16 14:06:35.449   227  3195 W MediaClock: reject anchor time since it is negative.
12-16 14:06:35.450   227  3195 W MediaClock: reject anchor time since it is negative.
12-16 14:06:35.451   227  3195 W MediaClock: reject anchor time since it is negative.
12-16 14:06:35.451   227  3195 W MediaClock: reject anchor time since it is negative.
12-16 14:06:35.452   227  3195 W MediaClock: reject anchor time since it is negative.
12-16 14:06:35.453   227  3195 W MediaClock: reject anchor time since it is negative.
12-16 14:06:35.454   227  3195 W MediaClock: reject anchor time since it is negative.
12-16 14:06:35.454   227  3195 W MediaClock: reject anchor time since it is negative.
12-16 14:06:35.455   227  3195 W MediaClock: reject anchor time since it is negative.
12-16 14:06:35.456   227  3195 W MediaClock: reject anchor time since it is negative.
12-16 14:06:35.457   227  3195 W MediaClock: reject anchor time since it is negative.
12-16 14:06:35.458   227  3195 W MediaClock: reject anchor time since it is negative.
12-16 14:06:35.458   227  3195 W MediaClock: reject anchor time since it is negative.
12-16 14:06:35.459   227  3195 W MediaClock: reject anchor time since it is negative.
12-16 14:06:35.480   227   262 D AudioFlinger: mixer(0xb35b7008) throttle end: throttle time(10)
12-16 14:06:38.263   569   896 W AppOps  : Finishing op nesting under-run: uid 1000 pkg com.roboteam.teamy.usa code 24 time=0 duration=0 nesting=0
12-16 14:06:38.266   569   896 V WindowManager: Done at AppWindowToken{e777fa7 token=Token{c841d8e ActivityRecord{356a989 u0 com.robotemi.sdk.sample/.MainActivity t236}}} -- full screen, return 0
12-16 14:06:38.270   569   590 E WindowManager: Unknown window type: 2999
12-16 14:06:38.346   897   907 I art     : Background sticky concurrent mark sweep GC freed 239132(15MB) AllocSpace objects, 15(300KB) LOS objects, 23% free, 50MB/65MB, paused 3.344ms total 106.562ms
12-16 14:06:41.318   227  3196 I NuPlayerDecoder: [audio] saw output EOS
12-16 14:06:41.940   227  3192 D NuPlayerDriver: notifyListener_l(0xb8ad7348), (2, 0, 0)
12-16 14:06:41.953   569  2572 I MediaFocusControl:  AudioFocus  abandonAudioFocus() from android.media.AudioManager@f511a21com.roboteam.teamy.assistants.ConversationMediator@2045e46
12-16 14:06:41.962  2963  2963 V FLINTEMI_LISTENER: TtsRequest
12-16 14:06:41.962  2963  2963 V FLINTEMI_LISTENER: UUID	=	97214d2e-9b7b-4d67-be32-ca05f2a12e65
12-16 14:06:41.962  2963  2963 V FLINTEMI_LISTENER: String	=	I will wait here for 15 seconds. Please, feel free to use my hand sanitiser dispenser.
12-16 14:06:41.962  2963  2963 V FLINTEMI_LISTENER: Status	=	COMPLETED
12-16 14:06:41.962  2963  2963 D FLINTEMI_LISTENER: TTSStatus changed to COMPLETED.
12-16 14:06:41.964  2963  2963 D FLINTEMI_UI: Thought	=	Waiting...
12-16 14:06:41.968  2963  2963 D FLINTEMI_SEQUENCE: Waiting for 15000ms starting: 2020-12-16 14:06:41
12-16 14:06:41.971  2963  2963 D FLINTEMI_LISTENER: Added DetectionListener implements OnDetectionStateChangedListener
12-16 14:06:41.972  2963  2963 V FLINTEMI_LISTENER: Added DetectionListener: flinderstemi.util.listeners.DetectionListener@7a890d7
12-16 14:06:41.972  2963  2963 D FLINTEMI_LISTENER: Removed WaitSpeechListener implements TtsListener
12-16 14:06:41.972  2963  2963 V FLINTEMI_LISTENER: Removed WaitSpeechListener: flinderstemi.util.listeners.WaitSpeechListener@af3eef0
12-16 14:06:56.975  2963  3191 V FLINTEMI_SEQUENCE: TimerTask doneWaiting run() triggered at 2020-12-16 14:06:56
12-16 14:06:56.976  2963  3191 D FLINTEMI_SEQUENCE: Waiting Completed
12-16 14:06:56.976  2963  3191 D FLINTEMI_LISTENER: Removed DetectionListener
12-16 14:06:56.976  2963  3191 V FLINTEMI_LISTENER: Removed DetectionListener implements OnDetectionStateChangedListener: flinderstemi.util.listeners.DetectionListener@7a890d7
12-16 14:06:56.976  2963  3191 D FLINTEMI_SEQUENCE: synchronized flinderstemi.StateMachine@ef4ab72 notify()
12-16 14:06:56.977  2963  3044 V FLINTEMI_SEQUENCE: while loop top
12-16 14:06:56.979  2963  3044 I FLINTEMI_BATTERY: SOC	=	100
12-16 14:06:56.979  2963  3044 D BATTERY : batteryState(soc)=3 [FULL]
12-16 14:06:56.979  2963  3044 D FLINTEMI_SEQUENCE: Do action at state	=	1
12-16 14:06:56.979  2963  3044 D FLINTEMI_STATE: state	=	1
12-16 14:06:56.979  2963  3044 D FLINTEMI_SEQUENCE: switch (state = PATROLLING = 1)
12-16 14:06:56.980  2963  3044 V FLINTEMI_SPEECH: TtsRequest UUID = e8eb1506-5fdf-4b35-9991-29974ef73c33
12-16 14:06:56.980  2963  2963 D FLINTEMI_UI: Thought	=	Going to the next waypoint ...
12-16 14:06:56.980  2963  3044 D FLINTEMI_SPEECH: robot.speak( "I'm going to the next waypoint now. Goodbye." )
12-16 14:06:56.987  2963  3044 I FLINTEMI_LOCATION: Going to the next location
12-16 14:06:56.987  2963  3044 D FLINTEMI_LOCATION: GoToLocation:
12-16 14:06:56.987  2963  3044 D FLINTEMI_LOCATION: locationIndex	=	1
12-16 14:06:56.987  2963  3044 D FLINTEMI_LOCATION: name			=	b
12-16 14:06:56.989   569  2573 I MediaFocusControl:  AudioFocus  requestAudioFocus() from android.media.AudioManager@f511a21com.roboteam.teamy.assistants.ConversationMediator@2045e46 req=3flags=0x0
12-16 14:06:56.989  2963  3044 D FLINTEMI_SEQUENCE: Finished action at state	=	1
12-16 14:06:56.989  2963  3044 D FLINTEMI_SEQUENCE: synchronise routine
12-16 14:06:56.989  2963  3044 D FLINTEMI_SEQUENCE: try wait
12-16 14:06:56.994   569  1159 I MediaFocusControl:  AudioFocus  requestAudioFocus() from android.media.AudioManager@f511a21com.roboteam.teamy.assistants.ConversationMediator@2045e46 req=3flags=0x0
12-16 14:06:57.053   897   897 E ThemeUtils: View class androidx.appcompat.widget.AppCompatTextView is an AppCompat widget that can only be used with a Theme.AppCompat theme (or descendant).
12-16 14:06:57.055   897   897 E ThemeUtils: View class androidx.appcompat.widget.AppCompatTextView is an AppCompat widget that can only be used with a Theme.AppCompat theme (or descendant).
12-16 14:06:57.090  2963  2963 V FLINTEMI_LOCATION: onGoToLocationStatusChanged:
12-16 14:06:57.090  2963  2963 V FLINTEMI_LOCATION: location	=	b
12-16 14:06:57.090  2963  2963 V FLINTEMI_LOCATION: status		=	start
12-16 14:06:57.090  2963  2963 V FLINTEMI_LOCATION: description	=	Unknown
12-16 14:06:57.099   569   581 V WindowManager: Done at AppWindowToken{e777fa7 token=Token{c841d8e ActivityRecord{356a989 u0 com.robotemi.sdk.sample/.MainActivity t236}}} -- full screen, return 0
12-16 14:06:57.112   569   895 I WindowStateAnimator: createSurface WindowStateAnimator{e6c6aac }: mDrawState=DRAW_PENDING
12-16 14:06:57.114   569   895 V WindowManager: Done at AppWindowToken{e777fa7 token=Token{c841d8e ActivityRecord{356a989 u0 com.robotemi.sdk.sample/.MainActivity t236}}} -- full screen, return 0
12-16 14:06:57.115   569   895 V WindowManager: Resize reasons for w=Window{175a05f u0 com.roboteam.teamy.usa}:  contentInsetsChanged=false [0,0][0,0] visibleInsetsChanged=false [0,0][0,0] stableInsetsChanged=false [0,0][0,0] outsetsChanged=false [0,0][0,0] surfaceResized=true configChanged=true
12-16 14:06:57.115   569   895 V WindowManager: Resizing window Window{175a05f u0 com.roboteam.teamy.usa} to 1920.0x1200.0
12-16 14:06:57.128   569   895 V WindowState: Reporting new frame to Window{175a05f u0 com.roboteam.teamy.usa}: Rect(0, 0 - 1920, 1200)
12-16 14:06:57.128   569   895 I WindowState: Sending new config to window Window{175a05f u0 com.roboteam.teamy.usa}: 1920.0x1200.0 / config={1.0 ?mcc?mnc en_US ldltr sw800dp w1280dp h800dp 240dpi xlrg land finger -keyb/v/h -nav/h s.4} overrideConfig={1.0 ?mcc?mnc ?locale ?layoutDir ?swdp ?wdp ?hdp ?density ?lsize ?long ?orien ?uimode ?night ?touch ?keyb/?/? ?nav/?}
12-16 14:06:57.128   569   895 I WindowState: Resizing Window{175a05f u0 com.roboteam.teamy.usa} WITH DRAW PENDING
12-16 14:06:57.133   897  1676 D Surface : Surface::final mReqUsage=a00
12-16 14:06:57.133   897  1676 D mali_winsys: EGLint new_window_surface(egl_winsys_display*, void*, EGLSurface, EGLConfig, egl_winsys_surface**, egl_color_buffer_format*, EGLBoolean) returns 0x3000
12-16 14:06:57.144   187   203 D gralloc : Isfb=0, [1920,1200,1920,7680], fmt=1, byte_stride=7680
12-16 14:06:57.145   569   590 E WindowManager: Unknown window type: 2999
12-16 14:06:57.153   187   203 D gralloc : Isfb=0, [1920,1200,1920,7680], fmt=1, byte_stride=7680
12-16 14:06:57.162   187   203 D gralloc : Isfb=0, [1920,1200,1920,7680], fmt=1, byte_stride=7680
12-16 14:06:57.183   187   203 D gralloc : Isfb=0, [1200,1920,1200,4800], fmt=1, byte_stride=4800
12-16 14:06:57.198   187  2739 D gralloc : Isfb=0, [1200,1920,1200,4800], fmt=1, byte_stride=4800
12-16 14:06:57.200   569   924 V WindowStateAnimator: finishDrawingLocked: mDrawState=COMMIT_DRAW_PENDING WindowStateAnimator{e6c6aac } in Surface(name=)
12-16 14:06:57.200   569   590 I WindowManager:   SURFACE SHOW (performShowLocked): Window{175a05f u0 com.roboteam.teamy.usa}
12-16 14:06:57.217   569   590 E WindowManager: Unknown window type: 2999
12-16 14:06:57.219   187   201 D gralloc : Isfb=0, [1200,1920,1200,4800], fmt=1, byte_stride=4800
12-16 14:06:57.229   227   490 D NuPlayerDriver: reset(0xb8ad7348)
12-16 14:06:57.229   227   490 D NuPlayerDriver: notifyListener_l(0xb8ad7348), (8, 0, 0)
12-16 14:06:57.233   227  3192 W AMessage: failed to post message as target looper for handler 0 is gone.
12-16 14:06:57.234   569   590 E WindowManager: Unknown window type: 2999
12-16 14:06:57.235   227  3192 D NuPlayerDriver: notifyResetComplete(0xb8ad7348)
12-16 14:06:57.235   227   227 D NuPlayerDriver: reset(0xb8ad7348)
12-16 14:06:57.238   227   227 E MediaPlayerFactory: 2019 03 30 -------- getPlayerType()44444444444444 call GET_PLAYER_TYPE_IMPL() !!!! 
12-16 14:06:57.243   227  3200 D NuPlayerDriver: notifyListener_l(0xb8ad7348), (1, 0, 0)
12-16 14:06:57.249   227   826 D NuPlayerDriver: start(0xb8ad7348), state is 4, eos is 0
12-16 14:06:57.249   227  3200 I GenericSource: start
12-16 14:06:57.259   227  3205 E OMXNodeInstance: setConfig(2c:google.opus.decoder, ConfigPriority(0x6f800002)) ERROR: Undefined(0x80001001)
12-16 14:06: