01-01 22:30:33.017   227  1274 I RockFFPlayer: avformat_open_input return fail
01-01 22:30:33.017   227  1274 E RockFFPlayerBase: openContext : out,ret = -2
01-01 22:30:33.017   227  1274 D RockFFPlayer: retry open context, 8 
01-01 22:30:33.017   227  1274 E RockFFPlayerBase: openContext : in
01-01 22:30:33.017   227  1274 E RockFFPlayer: ffmpeg version v2.1: git-2019-01-24-3629521
01-01 22:30:33.017   227  1274 E RockFFPlayer: init_input:avio_open2 failed
01-01 22:30:33.017   227  1274 E RockFFPlayer: init_input failed
01-01 22:30:33.017   227  1274 I RockFFPlayer: avformat_open_input return fail
01-01 22:30:33.017   227  1274 E RockFFPlayerBase: openContext : out,ret = -2
01-01 22:30:33.017   227  1274 D RockFFPlayer: retry open context, 11 
01-01 22:30:33.017   227  1274 E RockFFPlayerBase: openContext : in
01-01 22:30:33.017   227  1274 E RockFFPlayer: ffmpeg version v2.1: git-2019-01-24-3629521
01-01 22:30:33.017   227  1274 E RockFFPlayer: init_input:avio_open2 failed
01-01 22:30:33.017   227  1274 E RockFFPlayer: init_input failed
01-01 22:30:33.017   227  1274 I RockFFPlayer: avformat_open_input return fail
01-01 22:30:33.017   227  1274 E RockFFPlayerBase: openContext : out,ret = -2
01-01 22:30:33.017   227  1274 D RockFFPlayer: retry open context, 14 
01-01 22:30:33.017   227  1274 E MediaPlayer: error (1, -2147483648)
01-01 22:30:33.017   227  1274 D RockFFPlayer: startPlayer(): prepareDataSource error
01-01 22:30:33.017   227  1274 D RockFFPlayerBase: dumpStatus(): Error status
01-01 22:30:33.017   227  1274 E MediaPlayer: error (1, -2147483648)
01-01 22:30:33.018   227   564 I CameraClient: Opening camera 1
01-01 22:30:33.018   227   564 D CameraHal: camera_get_camera_info(1312): camera_get_camera_info(1312): camera_1 facing(1), orientation(270)
01-01 22:30:33.018   227   564 I CameraHal: camera_device_open(500): camera_device open
01-01 22:30:33.019   227   564 D CameraHal: gCameraHalLogLevel: 0
01-01 22:30:33.019   227   564 D CameraHal: CameraHal(133): it is a isp  camera
01-01 22:30:33.019   227   564 D CameraHal: Calling process is: /system/bin/mediaserver
01-01 22:30:33.019   227   564 I vpu_mem_pool: pid 227, open_vpu_memory_pool:473: success
01-01 22:30:33.019   227  1276 I vpu_mem_pool: pid 227, vpu_mem_allocator:717: vpu memory pool size (80000)
01-01 22:30:33.019   227   564 E CameraHal_Marvin: HAL-MOCKUP: Open (/dev/camsys_marvin1) failed, error=(No such file or directory),try to open /dev/camsys_marvin 
01-01 22:30:33.019   227  1276 I vpu_mem_pool: pid 227, vpu_mem_allocator:720: ion_alloc_fd success, memory fd 39
01-01 22:30:33.019   227  1276 I vpu_mem_pool: pid 227, vpu_mem_allocator:717: vpu memory pool size (160000)
01-01 22:30:33.019   227  1276 I vpu_mem_pool: pid 227, vpu_mem_allocator:720: ion_alloc_fd success, memory fd 41
01-01 22:30:33.019   227  1276 I vpu_mem_pool: pid 227, vpu_mem_allocator:717: vpu memory pool size (240000)
01-01 22:30:33.019   227  1276 I vpu_mem_pool: pid 227, vpu_mem_allocator:720: ion_alloc_fd success, memory fd 42
01-01 22:30:33.019   227  1276 I vpu_mem_pool: pid 227, vpu_mem_allocator:717: vpu memory pool size (320000)
01-01 22:30:33.019   227  1276 I vpu_mem_pool: pid 227, vpu_mem_allocator:720: ion_alloc_fd success, memory fd 43
01-01 22:30:33.019   227  1276 I vpu_mem_pool: pid 227, vpu_mem_allocator:717: vpu memory pool size (400000)
01-01 22:30:33.019   227  1276 I vpu_mem_pool: pid 227, vpu_mem_allocator:720: ion_alloc_fd success, memory fd 44
01-01 22:30:33.020   227  1276 I vpu_mem_pool: pid 227, vpu_mem_allocator:717: vpu memory pool size (480000)
01-01 22:30:33.020   227  1276 I vpu_mem_pool: pid 227, vpu_mem_allocator:720: ion_alloc_fd success, memory fd 45
01-01 22:30:33.022   227  1276 I vpu_mem_pool: pid 227, vpu_mem_allocator:717: vpu memory pool size (560000)
01-01 22:30:33.022   227  1276 I vpu_mem_pool: pid 227, vpu_mem_allocator:720: ion_alloc_fd success, memory fd 46
01-01 22:30:33.022   227  1276 I vpu_mem_pool: pid 227, vpu_mem_allocator:717: vpu memory pool size (640000)
01-01 22:30:33.022   227  1276 I vpu_mem_pool: pid 227, vpu_mem_allocator:720: ion_alloc_fd success, memory fd 47
01-01 22:30:33.022   227  1276 I vpu_mem_pool: pid 227, vpu_mem_allocator:717: vpu memory pool size (720000)
01-01 22:30:33.022   227  1276 I vpu_mem_pool: pid 227, vpu_mem_allocator:720: ion_alloc_fd success, memory fd 48
01-01 22:30:33.022   227  1276 I vpu_mem_pool: pid 227, vpu_mem_allocator:717: vpu memory pool size (800000)
01-01 22:30:33.022   227  1276 I vpu_mem_pool: pid 227, vpu_mem_allocator:720: ion_alloc_fd success, memory fd 49
01-01 22:30:33.022   227   564 E CameraHal_Marvin: CAMERIC_ISP_FLT_DRV: CamerIcIspFltSetFilterParameter: 444 (exit)
01-01 22:30:33.022   227   564 E CameraHal: disconnectCamera(1779): getFocusLimits failed!
01-01 22:30:33.050   685  1128 I vol.Events: writeEvent mute_changed STREAM_ALARM true
01-01 22:30:33.178   569   589 D BluetoothManagerService: Added callback: android.bluetooth.IBluetoothManagerCallback$Stub$Proxy@7acf411:true
01-01 22:30:33.274   227   564 E CameraHal_Marvin: IMX214: Sensor_IsiCheckSensorConnectionIss RevId = 0x00000000, value = 0x00000000 
01-01 22:30:33.275   227   564 D CameraHal_Marvin: 
01-01 22:30:33.275   227   564 D CameraHal_Marvin: 
01-01 22:30:33.275   227   564 D CameraHal_Marvin: 
01-01 22:30:33.275   227   564 D CameraHal_Marvin: CameraHal Version Check:
01-01 22:30:33.275   227   564 D CameraHal_Marvin:     CamSys_Head.h version: 
01-01 22:30:33.275   227   564 D CameraHal_Marvin:        kernel: (0x) v0.b.0
01-01 22:30:33.275   227   564 D CameraHal_Marvin:        libisp_siliconimage_isp.so: (0x) v0.b.0
01-01 22:30:33.275   227   564 D CameraHal_Marvin:     LibIsp version: 
01-01 22:30:33.275   227   564 D CameraHal_Marvin:        local: (0x) v1.36.0
01-01 22:30:33.275   227   564 D CameraHal_Marvin:        camera.rk30board.so: (0x) v1.36.0
01-01 22:30:33.275   227   564 D CameraHal_Marvin:     Sensor ISI version: 
01-01 22:30:33.275   227   564 D CameraHal_Marvin:         libisp_isi_drv_XXX: (0x) v0.c.0
01-01 22:30:33.275   227   564 D CameraHal_Marvin:         libisp_siliconimage_isp.so: (0x) v0.c.0
01-01 22:30:33.275   227   564 D CameraHal_Marvin:     Tunning XML version:
01-01 22:30:33.275   227   564 D CameraHal_Marvin:         libisp_isi_drv_XXX: (09-Jun-2015_ZYL-OYYF_IMX214_50013A7_v0.1.0)
01-01 22:30:33.275   227   564 D CameraHal_Marvin:         Calibdb: (06-Jun-2018_OYYF_IMX214_guangjiao_v0.1.0)
01-01 22:30:33.275   227   564 D CameraHal_Marvin:     sensor name IMX214: 
01-01 22:30:33.275   227   564 D CameraHal_Marvin:        sensor drv version: (0x) v0.6.0
01-01 22:30:33.275   227   564 D CameraHal_Marvin: 
01-01 22:30:33.275   227   564 D CameraHal_Marvin: 
01-01 22:30:33.275   227   564 D CameraHal_Marvin: 
01-01 22:30:33.275   227   564 E CameraHal_Marvin: CAM_API_CAMENGINE: Request 640x480, Exp(>= 0.000000), Fps(>= 15fps) 
01-01 22:30:33.275   227   564 E CameraHal_Marvin: CAM_API_CAMENGINE: getPreferedSensorRes is 2104x1560@25fps
01-01 22:30:33.275   227   564 D CameraHal: setupPreview(260): isp out put format is YUV420SP.
01-01 22:30:33.276   227   564 D CameraHal: setupPreview(272): Sensor output: 2104x1560 --(0,0,2104,1560)--> User request: 640x480
01-01 22:30:33.277   227   564 E CameraHal_Marvin: IMX214: Sensor_IsiCheckSensorConnectionIss RevId = 0x00000000, value = 0x00000000 
01-01 22:30:33.277   227   564 E CameraHal_Marvin: IMX214: Sensor_IsiSetupSensorIss (enter)
01-01 22:30:33.292   699   699 D SensorManager: aidl getSensorManager:android.hardware.ISensorManager$Stub$Proxy@cc06403
01-01 22:30:33.302  1003  1003 D GeofencerStateMachine: Creating GeofencerStateMachine
01-01 22:30:33.308  1003  1003 D SensorManager: aidl getSensorManager:android.hardware.ISensorManager$Stub$Proxy@8befc5e
01-01 22:30:33.388  1003  1003 I GCoreNlp: shouldConfirmNlp, NLP off. Ensuring opt-in disabled
01-01 22:30:33.409  1003  1003 V GeofencerHelper: Initializing geofence's system cache.
01-01 22:30:33.419  1003  1311 D GeofenceStateCache: Recovered 0 geofences.
01-01 22:30:33.438   569   589 D BluetoothManagerService: Added callback: android.bluetooth.IBluetoothManagerCallback$Stub$Proxy@8d2de47:true
01-01 22:30:33.443  1003  1311 I GeofencerStateMachine: Network location disabled.
01-01 22:30:33.470  1003  1003 I GCoreUlr: Starting service, intent=Intent { act=com.google.android.location.reporting.ACTION_UPDATE_WORLD cmp=com.google.android.gms/com.google.android.location.reporting.service.DispatchingService (has extras) }, extras=Bundle[{receiverAction=android.location.PROVIDERS_CHANGED}]
01-01 22:30:33.515   227   564 E CameraHal_Marvin: IMX214: Sensor_IsiSetupSensorIss: (exit)
01-01 22:30:33.518   227   564 E CameraHal_Marvin: HAL-MOCKUP: PHY ADDR (0x10000000),iommu addr (0x10000000)
01-01 22:30:33.521   227   564 E CameraHal_Marvin: HAL-MOCKUP: PHY ADDR (0x112ca000),iommu addr (0x112ca000)
01-01 22:30:33.523   227   564 E CameraHal_Marvin: HAL-MOCKUP: PHY ADDR (0x12594000),iommu addr (0x12594000)
01-01 22:30:33.525   227   564 E CameraHal_Marvin: HAL-MOCKUP: PHY ADDR (0x1385e000),iommu addr (0x1385e000)
01-01 22:30:33.526   227   564 E CameraHal_Marvin: IMX214: Sensor_IsiGetAfpsInfoHelperIss: (-----------oyyf enter) pAfpsInfo->AecMaxIntTime(0.000000) pSensorCtx->AecMaxIntegrationTime(0.039981)
01-01 22:30:33.536   227   564 E CameraHal_Marvin: IMX214: Sensor_IsiGetAfpsInfoHelperIss: (-----------oyyf exit) pAfpsInfo->AecMaxIntTime(0.033303) pSensorCtx->AecMaxIntegrationTime(0.033303)
01-01 22:30:33.536   227   564 E CameraHal_Marvin: IMX214: Sensor_IsiGetAfpsInfoHelperIss: (-----------oyyf enter) pAfpsInfo->AecMaxIntTime(0.033303) pSensorCtx->AecMaxIntegrationTime(0.033303)
01-01 22:30:33.546   227   564 E CameraHal_Marvin: IMX214: Sensor_IsiGetAfpsInfoHelperIss: (-----------oyyf exit) pAfpsInfo->AecMaxIntTime(0.039981) pSensorCtx->AecMaxIntegrationTime(0.039981)
01-01 22:30:33.546   227   564 E CameraHal_Marvin: IMX214: Sensor_IsiGetAfpsInfoHelperIss: (-----------oyyf enter) pAfpsInfo->AecMaxIntTime(0.039981) pSensorCtx->AecMaxIntegrationTime(0.039981)
01-01 22:30:33.556   227   564 E CameraHal_Marvin: IMX214: Sensor_IsiGetAfpsInfoHelperIss: (-----------oyyf exit) pAfpsInfo->AecMaxIntTime(0.049997) pSensorCtx->AecMaxIntegrationTime(0.049997)
01-01 22:30:33.556   227   564 E CameraHal_Marvin: IMX214: Sensor_IsiGetAfpsInfoHelperIss: (-----------oyyf enter) pAfpsInfo->AecMaxIntTime(0.049997) pSensorCtx->AecMaxIntegrationTime(0.049997)
01-01 22:30:33.565  1003  1319 D SensorManager: aidl getSensorManager:android.hardware.ISensorManager$Stub$Proxy@e97ccb3
01-01 22:30:33.566   227   564 E CameraHal_Marvin: IMX214: Sensor_IsiGetAfpsInfoHelperIss: (-----------oyyf exit) pAfpsInfo->AecMaxIntTime(0.066690) pSensorCtx->AecMaxIntegrationTime(0.066690)
01-01 22:30:33.566   227   564 E CameraHal_Marvin: IMX214: Sensor_IsiGetAfpsInfoHelperIss: (-----------oyyf enter) pAfpsInfo->AecMaxIntTime(0.066690) pSensorCtx->AecMaxIntegrationTime(0.066690)
01-01 22:30:33.572  1003  1003 V GoogleSignatureVerifier: com.google.android.gms signature not valid.  Found: 
01-01 22:30:33.572  1003  1003 V GoogleSignatureVerifier: MIIEQzCCAyugAwIBAgIJAMLgh0ZkSjCNMA0GCSqGSIb3DQEBBAUAMHQxCzAJBgNVBAYTAlVTMRMw
01-01 22:30:33.572  1003  1003 V GoogleSignatureVerifier: EQYDVQQIEwpDYWxpZm9ybmlhMRYwFAYDVQQHEw1Nb3VudGFpbiBWaWV3MRQwEgYDVQQKEwtHb29n
01-01 22:30:33.572  1003  1003 V GoogleSignatureVerifier: bGUgSW5jLjEQMA4GA1UECxMHQW5kcm9pZDEQMA4GA1UEAxMHQW5kcm9pZDAeFw0wODA4MjEyMzEz
01-01 22:30:33.572  1003  1003 V GoogleSignatureVerifier: MzRaFw0zNjAxMDcyMzEzMzRaMHQxCzAJBgNVBAYTAlVTMRMwEQYDVQQIEwpDYWxpZm9ybmlhMRYw
01-01 22:30:33.572  1003  1003 V GoogleSignatureVerifier: FAYDVQQHEw1Nb3VudGFpbiBWaWV3MRQwEgYDVQQKEwtHb29nbGUgSW5jLjEQMA4GA1UECxMHQW5k
01-01 22:30:33.572  1003  1003 V GoogleSignatureVerifier: cm9pZDEQMA4GA1UEAxMHQW5kcm9pZDCCASAwDQYJKoZIhvcNAQEBBQADggENADCCAQgCggEBAKtW
01-01 22:30:33.572  1003  1003 V GoogleSignatureVerifier: LgDYO6IIrgqWbxJOKdoR8qtW0I9Y4sypEwPpt1TTcvZApxsdyxMJZ2JORland2qSGT2y5b+3JKke
01-01 22:30:33.572  1003  1003 V GoogleSignatureVerifier: dxiLDmpHpDsz2WCbdxgxRczfey5YZnTJ4VZbH0xqWVW/8lGmPav5xVwnIiJS6HXk+BVKZF+JcWjA
01-01 22:30:33.572  1003  1003 V GoogleSignatureVerifier: sb/GEuq/eFdpuzSqeYTcfi6idkyugwfYwXFU1+5fZKUaRKYCwkkFQVfcAs1fXA5V+++FGfvjJ/Cx
01-01 22:30:33.572  1003  1003 V GoogleSignatureVerifier: URaSxaBvGdGDhfXE28LWuT9ozCl5xw4Yq5OGazvV24mZVSoOO0yZ31j7kYvtwYK6NeADwbSxDdJE
01-01 22:30:33.572  1003  1003 V GoogleSignatureVerifier: qO4k//0zOHKrUiGYXtqw/A0LFFtqoZKFjnkCAQOjgdkwgdYwHQYDVR0OBBYEFMd9jMIhF1Ylmn/T
01-01 22:30:33.572  1003  1003 V GoogleSignatureVerifier: gt9r45jk14alMIGmBgNVHSMEgZ4wgZuAFMd9jMIhF1Ylmn/Tgt9r45jk14aloXikdjB0MQswCQYD
01-01 22:30:33.572  1003  1003 V GoogleSignatureVerifier: VQQGEwJVUzETMBEGA1UECBMKQ2FsaWZvcm5pYTEWMBQGA1UEBxMNTW91bnRhaW4gVmlldzEUMBIG
01-01 22:30:33.572  1003  1003 V GoogleSignatureVerifier: A1UEChMLR29vZ2xlIEluYy4xEDAOBgNVBAsTB0FuZHJvaWQxEDAOBgNVBAMTB0FuZHJvaWSCCQDC
01-01 22:30:33.572  1003  1003 V GoogleSignatureVerifier: 4IdGZEowjTAMBgNVHRMEBTADAQH/MA0GCSqGSIb3DQEBBAUAA4IBAQBt0lLO74UwLDYKqs6Tm8/y
01-01 22:30:33.572  1003  1003 V GoogleSignatureVerifier: zKkEu116FmH4rkaymUIE0P9KaMftGlMexFlaYjzmB2OxZyl6euNXEsQH8gjwyxCUKRJNexBiGcCE
01-01 22:30:33.572  1003  1003 V GoogleSignatureVerifier: yj6z+a1fuHHvkiaai+KL8W1EyNmgjmyy8AW7P+LLlkR+ho5zEHatRbM/YAnqGcFh5iZBqpknHf1S
01-01 22:30:33.572  1003  1003 V GoogleSignatureVerifier: KMXFh4dd239FJ1jWYfbMDMy3NS5CTMQ2XFI1MvcyUTdZPErjQfTbQe3aDQsQcafEQPD+nqActifK
01-01 22:30:33.572  1003  1003 V GoogleSignatureVerifier: Z0Np0IS9L9kR/wbNvyz6ENwPiTrjV2KRkEjH78ZMcUQXg0L3BYHJ3lc69Vs5Ddf9uUGGMYldX3Wf
01-01 22:30:33.572  1003  1003 V GoogleSignatureVerifier: MBEmh/9iFBDAaTCK
01-01 22:30:33.577   227   564 E CameraHal_Marvin: IMX214: Sensor_IsiGetAfpsInfoHelperIss: (-----------oyyf exit) pAfpsInfo->AecMaxIntTime(0.100077) pSensorCtx->AecMaxIntegrationTime(0.100077)
01-01 22:30:33.577  1003  1003 I DynamiteModule: Considering local module com.google.android.gms.googlecertificates:1 and remote module com.google.android.gms.googlecertificates:1
01-01 22:30:33.577  1003  1003 I DynamiteModule: Selected remote version of com.google.android.gms.googlecertificates, version >= 1
01-01 22:30:33.578   227   564 E CameraHal_Marvin: CAMERIC_ISP_FLT_DRV: CamerIcIspFltSetFilterParameterRegValue: 333 (exit) oyyf s=6 d=3 sh0=28 sh1=20 min=22
01-01 22:30:33.578   227   564 E CameraHal_Marvin: ADPF: AdpfApplyConfiguration:111 filterenable(1.000000) gain(1.000000) denoise 3, sharp 6 frame_cnt:0
01-01 22:30:33.579   227   564 E CameraHal_Marvin: IMX214: Sensor_IsiMdiFocusGet: dw9714 value = 0x00 0x00
01-01 22:30:33.579   227   564 E CameraHal_Marvin: CAMERIC_ISP_FLT_DRV: CamerIcIspFltSetFilterParameter: 444 (exit)
01-01 22:30:33.581   227   564 E CameraHal_Marvin: IMX214: Sensor_IsiCheckSensorConnectionIss RevId = 0x00000000, value = 0x00000000 
01-01 22:30:33.583   227   564 E CameraHal_Marvin: IMX214: Sensor_IsiMdiFocusGet: dw9714 value = 0x00 0x00
01-01 22:30:33.583   227   564 D CameraHal: initDefaultParameters(1224): Support Preview format: yuv420sp,yuv420p    yuv420sp(default)
01-01 22:30:33.583   227   564 D CameraHal: initDefaultParameters(1226): Support Preview sizes: 176x144,320x240,352x288,640x480,720x480,800x600,1600x1200,2048x1536,4208x3120,1280x720,1920x1080,2104x1560,2064x1548    2104x1560(default)    0x0(force)
01-01 22:30:33.583   227   564 D CameraHal: initDefaultParameters(1227): Support Preview FPS range: (3000,30000),(30000,30000)
01-01 22:30:33.583   227   564 D CameraHal: initDefaultParameters(1228): Support Preview framerate: 10,15,30
01-01 22:30:33.583   227   564 D CameraHal: initDefaultParameters(1229): Support Picture sizes: 4208x3120,4128x3096,3264x2448,2592x1944,1600x1200,640x480,352x288,320x240,176x144    4208x3120(default)
01-01 22:30:33.583   227   564 D CameraHal: initDefaultParameters(1230): Support Focus: fixed  Focus zone: 0
01-01 22:30:33.583   227   564 D CameraHal: initDefaultParameters(1233): Support AWB: auto,incandescent,fluorescent,daylight 
01-01 22:30:33.583   227   564 D CameraHal: initDefaultParameters(1234): Support FOV test h(60.000000) v(60.000000)
01-01 22:30:33.583   227   564 D CameraHal: Calling process is: /system/bin/mediaserver
01-01 22:30:33.584   227  1357 D CameraHal: commandThread(1011): commandThread(1011): receive CMD_PREVIEW_CAPTURE_CANCEL
01-01 22:30:33.584   227  1357 D CameraHal: commandThread(1019): commandThread(1019): CMD_PREVIEW_CAPTURE_CANCEL out
01-01 22:30:33.584   227   564 D CameraHal: cancelPicture(588): cancel picture OK.
01-01 22:30:33.584   227  1357 D CameraHal: commandThread(939): commandThread(939):receive CMD_PREVIEW_STOP
01-01 22:30:33.585   227  1357 D CameraHal: commandThread(960): commandThread(960): CMD_PREVIEW_STOP out
01-01 22:30:33.585   227   564 D CameraHal: stopPreview(389): stop preview OK.
01-01 22:30:33.585   227  1357 D CameraHal: commandThread(1011): commandThread(1011): receive CMD_PREVIEW_CAPTURE_CANCEL
01-01 22:30:33.585   227  1357 D CameraHal: commandThread(1019): commandThread(1019): CMD_PREVIEW_CAPTURE_CANCEL out
01-01 22:30:33.585   227   564 D CameraHal: cancelPicture(588): cancel picture OK.
01-01 22:30:33.585   227   564 I CameraFlashlight: Destroying camera 1
01-01 22:30:33.585   227   564 D CameraHal: camera_device_close(451): camera_device_close
01-01 22:30:33.585   227  1275 D CameraHal: displayThread(622): displayThread(622): receive CMD_DISPLAY_STOP
01-01 22:30:33.585   227  1275 D CameraHal: cameraDisplayBufferDestory(399): cameraDisplayBufferDestory(399): mANativeWindow is NULL, destory is ignore
01-01 22:30:33.585   227  1278 D CameraHal: encProcessThread(1658): encProcessThread(1658): receive CMD_ENCPROCESS_EXIT
01-01 22:30:33.586   227   564 I vpu_mem_pool: pid 227, close_vpu_memory_pool:501: vpu memory pool size (720000)
01-01 22:30:33.586   227   564 I vpu_mem_pool: pid 227, close_vpu_memory_pool:501: vpu memory pool size (640000)
01-01 22:30:33.586   227   564 I vpu_mem_pool: pid 227, close_vpu_memory_pool:501: vpu memory pool size (560000)
01-01 22:30:33.586   227   564 I vpu_mem_pool: pid 227, close_vpu_memory_pool:501: vpu memory pool size (480000)
01-01 22:30:33.586   227   564 I vpu_mem_pool: pid 227, close_vpu_memory_pool:501: vpu memory pool size (400000)
01-01 22:30:33.586   227   564 I vpu_mem_pool: pid 227, close_vpu_memory_pool:501: vpu memory pool size (320000)
01-01 22:30:33.586   227   564 I vpu_mem_pool: pid 227, close_vpu_memory_pool:501: vpu memory pool size (240000)
01-01 22:30:33.586   227   564 I vpu_mem_pool: pid 227, close_vpu_memory_pool:501: vpu memory pool size (160000)
01-01 22:30:33.586   227   564 I vpu_mem_pool: pid 227, close_vpu_memory_pool:501: vpu memory pool size (80000)
01-01 22:30:33.586   227   564 I vpu_mem_pool: pid 227, close_vpu_memory_pool:501: vpu memory pool size (0)
01-01 22:30:33.586   227   564 I vpu_mem_pool: pid 227, close_vpu_memory_pool:552: 
01-01 22:30:33.588  1332  1332 W System  : ClassLoader referenced unknown path: /system/priv-app/GooglePlay/lib/arm
01-01 22:30:33.592   569   623 E wifi    : wifi_get_supported_feature_set returned error = 0xffffffa1
01-01 22:30:33.659  1003  1003 W System  : ClassLoader referenced unknown path: /data/user/0/com.google.android.gms/app_chimera/m/00000003/n/armeabi
01-01 22:30:33.692   227   564 E CameraHal_Marvin: IMX214:  STREAM OFF ++++++++++++++
01-01 22:30:33.706   227  1357 D CameraHal: commandThread(1124): commandThread(1124): receive CMD_EXIT
01-01 22:30:33.707   227   564 D CameraHal: ~CameraHal(302): CameraHal destory success
01-01 22:30:33.708   227   564 I CameraService: disconnect: Disconnected client for camera 1 for PID 227
01-01 22:30:33.708   227   564 D RockFFPlayer: reset: in
01-01 22:30:33.708   227   564 D RockFFPlayerBase: dumpStatus(): Preapared
01-01 22:30:33.708   227   564 D RockFFPlayer: reset: stop_l in
01-01 22:30:33.708   227   564 D RockFFPlayer: stop_l: in
01-01 22:30:33.708   227   564 D RockFFPlayer: enter enqueueMessage
01-01 22:30:33.708   227   564 D RockFFPlayer: enqueueMessage:****1
01-01 22:30:33.708   227   564 D RockFFPlayer: enqueueMessage:****2
01-01 22:30:33.708   227   564 D RockFFPlayer: enqueueMessage:****3
01-01 22:30:33.708   227   564 D RockFFPlayer: enqueueMessage:Message 1,set signal
01-01 22:30:33.708   227   564 D RockFFPlayer: enqueueMessage:sync wait
01-01 22:30:33.708   227  1263 D RockFFPlayer: deliverMessage 
01-01 22:30:33.708   227  1263 D RockFFPlayer: run : dequeueMessage Message 4
01-01 22:30:33.708   227  1263 D RockFFPlayer: CMD_STOP
01-01 22:30:33.708   227  1263 D RockFFPlayer: doStop: in
01-01 22:30:33.708   227  1263 D RockFFPlayerBase: dumpStatus(): Preapared
01-01 22:30:33.708   227  1263 D RockFFPlayerBase: dumpStatus(): Stopped
01-01 22:30:33.708   227  1263 D RockFFPlayer: doRelease: in
01-01 22:30:33.708   227  1263 I FFIDecoder: waiting on end of decoder thread
01-01 22:30:33.708   227  1263 E FFMpegThread: DecoderAudio,wait
01-01 22:30:33.708   227  1263 E RockFFPlayerBase: FFMPlayerBase::flushRenderQueue in
01-01 22:30:33.708   227  1263 E RockFFPlayerBase: FFMPlayerBase::flushRenderQueue out
01-01 22:30:33.708   227  1263 D RockFFPlayer: doRelease: ok
01-01 22:30:33.708   227  1263 D RockFFPlayer: doStop: ok
01-01 22:30:33.708   227  1263 D RockFFPlayer: run : dequeueMessage Message 4 OK
01-01 22:30:33.708   227  1263 D RockFFPlayer: Messagecomplete type [4]
01-01 22:30:33.708   227  1263 D RockFFPlayer: run : Message 4 complete
01-01 22:30:33.708   227   564 D RockFFPlayer: enqueueMessage:sync wait ok
01-01 22:30:33.708   227   564 D RockFFPlayer: stop_l: clear queue ok
01-01 22:30:33.708   227   564 D RockFFPlayer: stop_l: create cancel thread ok
01-01 22:30:33.708   227  1358 D RockFFPlayer: CancelThread: in
01-01 22:30:33.708   227   564 D RockFFPlayer: stop_l: ok
01-01 22:30:33.708   227   564 D RockFFPlayer: enter enqueueMessage
01-01 22:30:33.708   227   564 D RockFFPlayer: enqueueMessage:****1
01-01 22:30:33.708   227   564 D RockFFPlayer: enqueueMessage:****2
01-01 22:30:33.708   227   564 D RockFFPlayer: enqueueMessage:****3
01-01 22:30:33.708   227   564 D RockFFPlayer: enqueueMessage:Message 1,set signal
01-01 22:30:33.708   227   564 D RockFFPlayer: enqueueMessage:sync wait
01-01 22:30:33.708   227  1263 D RockFFPlayer: deliverMessage 
01-01 22:30:33.708   227  1263 D RockFFPlayer: run : dequeueMessage Message 11
01-01 22:30:33.708   227  1263 D RockFFPlayer: CMD_RESET
01-01 22:30:33.708   227  1263 D RockFFPlayerBase: dumpStatus(): Idle
01-01 22:30:33.708   227  1263 D RockFFPlayer: doReset ok
01-01 22:30:33.708   227  1263 D RockFFPlayer: run : dequeueMessage Message 11 OK
01-01 22:30:33.708   227  1263 D RockFFPlayer: Messagecomplete type [11]
01-01 22:30:33.708   227  1263 D RockFFPlayer: run : Message 11 complete
01-01 22:30:33.708   227   564 D RockFFPlayer: enqueueMessage:sync wait ok
01-01 22:30:33.708   227   564 D RockFFPlayer: reset: do reset ok
01-01 22:30:33.708   227  1263 D RockFFPlayer: signal thread out
01-01 22:30:33.708   227  1263 D RockFFPlayer: sched_thread out
01-01 22:30:33.708   227   564 D RockFFPlayer: stop:wait is ok
01-01 22:30:33.709   227   564 D RockFFPlayer: stop:ok
01-01 22:30:33.709   227   564 D RockFFPlayer: ~RkMessageQueue
01-01 22:30:33.709   227   564 D RockFFPlayer: reset: reset ok
01-01 22:30:33.709   227   564 E FFPlayer: ~FFPlayer
01-01 22:30:33.709   227  1264 I RockFFPlayer: readthread end of playing
01-01 22:30:33.709   227   564 D RockFFPlayer: reset: in
01-01 22:30:33.709   227   564 D RockFFPlayerBase: dumpStatus(): Idle
01-01 22:30:33.709   227   564 D RockFFPlayer: reset: in idle status, already reset
01-01 22:30:33.709   227   564 D RockFFPlayer: ~FFMPlayer in
01-01 22:30:33.709   227   564 D RockFFPlayer: reset: in
01-01 22:30:33.709   227   564 D RockFFPlayerBase: dumpStatus(): Idle
01-01 22:30:33.709   227   564 D RockFFPlayer: reset: in idle status, already reset
01-01 22:30:33.709   227  1358 D FFMpegThread: DecoderAudio:~PlayerThread enter mThreadStatus=-1
01-01 22:30:33.709   227  1358 E RockFFPlayerBase: closeContext : in
01-01 22:30:33.710   227  1358 E RockFFPlayerBase: closeContext : out
01-01 22:30:33.710   227  1358 D RockFFPlayer: CancelThread: ok
01-01 22:30:33.710   227   564 D RockFFPlayer: ~FFMediaSource
01-01 22:30:33.710   227   564 D RockFFPlayer: FFMediaSource context null. 
01-01 22:30:33.710   227   564 E TraceThread:     VsyncReciver(tid = 2998561072)--> [UID=7e56c6b9] pthread_join begin-->player = 0xb734b718
01-01 22:30:33.711   227   564 E TraceThread:     VsyncReciver(tid = 2998561072)--> [UID=7e56c6b9] pthread_join   end-->player = 0xb734b718
01-01 22:30:33.711   227   564 D VsyncReciver: stop_l:vsyncThread down
01-01 22:30:33.711   227   564 E TraceThread:     RockFFPlayer(tid = 3004954928)--> [UID=7e56c6b9] ~FFMPlayer Destruction; object=0xb734b718
01-01 22:30:33.711   227   564 D RockFFPlayer: ~FFMPlayer ok
01-01 22:30:33.711   227   564 D RockFFPlayerBase: ~FFMPlayerBase(():mDequeueThread down
01-01 22:30:33.711   227   564 D RockFFPlayerBase: ~RkMessageHandler
01-01 22:30:33.711   227   564 D RockFFPlayer: reset: in
01-01 22:30:33.711   227   564 D RockFFPlayerBase: dumpStatus(): Preapared
01-01 22:30:33.711   227   564 D RockFFPlayer: reset: stop_l in
01-01 22:30:33.711   227   564 D RockFFPlayer: stop_l: in
01-01 22:30:33.711   227   564 D RockFFPlayer: enter enqueueMessage
01-01 22:30:33.711   227   564 D RockFFPlayer: enqueueMessage:****1
01-01 22:30:33.711   227   564 D RockFFPlayer: enqueueMessage:****2
01-01 22:30:33.711   227   564 D RockFFPlayer: enqueueMessage:****3
01-01 22:30:33.711   227   564 D RockFFPlayer: enqueueMessage:Message 1,set signal
01-01 22:30:33.711   227   564 D RockFFPlayer: enqueueMessage:sync wait
01-01 22:30:33.711   227  1267 D RockFFPlayer: deliverMessage 
01-01 22:30:33.711   227  1267 D RockFFPlayer: run : dequeueMessage Message 4
01-01 22:30:33.711   227  1267 D RockFFPlayer: CMD_STOP
01-01 22:30:33.711   227  1267 D RockFFPlayer: doStop: in
01-01 22:30:33.711   227  1267 D RockFFPlayerBase: dumpStatus(): Preapared
01-01 22:30:33.711   227  1267 D RockFFPlayerBase: dumpStatus(): Stopped
01-01 22:30:33.711   227  1267 D RockFFPlayer: doRelease: in
01-01 22:30:33.711   227  1267 I FFIDecoder: waiting on end of decoder thread
01-01 22:30:33.711   227  1267 E FFMpegThread: DecoderAudio,wait
01-01 22:30:33.711   227  1267 E RockFFPlayerBase: FFMPlayerBase::flushRenderQueue in
01-01 22:30:33.711   227  1267 E RockFFPlayerBase: FFMPlayerBase::flushRenderQueue out
01-01 22:30:33.711   227  1267 D RockFFPlayer: doRelease: ok
01-01 22:30:33.711   227  1267 D RockFFPlayer: doStop: ok
01-01 22:30:33.711   227  1267 D RockFFPlayer: run : dequeueMessage Message 4 OK
01-01 22:30:33.711   227  1267 D RockFFPlayer: Messagecomplete type [4]
01-01 22:30:33.711   227  1267 D RockFFPlayer: run : Message 4 complete
01-01 22:30:33.711   227   564 D RockFFPlayer: enqueueMessage:sync wait ok
01-01 22:30:33.712   227   564 D RockFFPlayer: stop_l: clear queue ok
01-01 22:30:33.712   227  1268 I RockFFPlayer: readthread end of playing
01-01 22:30:33.712   227  1359 D RockFFPlayer: CancelThread: in
01-01 22:30:33.712   227  1359 D FFMpegThread: DecoderAudio:~PlayerThread enter mThreadStatus=-1
01-01 22:30:33.712   227   564 D RockFFPlayer: stop_l: create cancel thread ok
01-01 22:30:33.712   227   564 D RockFFPlayer: stop_l: ok
01-01 22:30:33.712   227   564 D RockFFPlayer: enter enqueueMessage
01-01 22:30:33.712   227   564 D RockFFPlayer: enqueueMessage:****1
01-01 22:30:33.712   227   564 D RockFFPlayer: enqueueMessage:****2
01-01 22:30:33.712   227   564 D RockFFPlayer: enqueueMessage:****3
01-01 22:30:33.712   227   564 D RockFFPlayer: enqueueMessage:Message 1,set signal
01-01 22:30:33.712   227   564 D RockFFPlayer: enqueueMessage:sync wait
01-01 22:30:33.712   227  1267 D RockFFPlayer: deliverMessage 
01-01 22:30:33.712   227  1267 D RockFFPlayer: run : dequeueMessage Message 11
01-01 22:30:33.712   227  1267 D RockFFPlayer: CMD_RESET
01-01 22:30:33.712   227  1267 D RockFFPlayerBase: dumpStatus(): Idle
01-01 22:30:33.712   227  1267 D RockFFPlayer: doReset ok
01-01 22:30:33.712   227  1267 D RockFFPlayer: run : dequeueMessage Message 11 OK
01-01 22:30:33.712   227  1267 D RockFFPlayer: Messagecomplete type [11]
01-01 22:30:33.712   227  1267 D RockFFPlayer: run : Message 11 complete
01-01 22:30:33.712   227   564 D RockFFPlayer: enqueueMessage:sync wait ok
01-01 22:30:33.712   227   564 D RockFFPlayer: reset: do reset ok
01-01 22:30:33.712   227  1267 D RockFFPlayer: signal thread out
01-01 22:30:33.712   227  1267 D RockFFPlayer: sched_thread out
01-01 22:30:33.712   227   564 D RockFFPlayer: stop:wait is ok
01-01 22:30:33.712   227   564 D RockFFPlayer: stop:ok
01-01 22:30:33.712   227   564 D RockFFPlayer: ~RkMessageQueue
01-01 22:30:33.712   227   564 D RockFFPlayer: reset: reset ok
01-01 22:30:33.712   227   564 E FFPlayer: ~FFPlayer
01-01 22:30:33.712   227   564 D RockFFPlayer: reset: in
01-01 22:30:33.712   227   564 D RockFFPlayerBase: dumpStatus(): Idle
01-01 22:30:33.712   227   564 D RockFFPlayer: reset: in idle status, already reset
01-01 22:30:33.712   227   564 D RockFFPlayer: ~FFMPlayer in
01-01 22:30:33.712   227   564 D RockFFPlayer: reset: in
01-01 22:30:33.712   227   564 D RockFFPlayerBase: dumpStatus(): Idle
01-01 22:30:33.712   227   564 D RockFFPlayer: reset: in idle status, already reset
01-01 22:30:33.712   227  1359 E RockFFPlayerBase: closeContext : in
01-01 22:30:33.712   227  1359 E RockFFPlayerBase: closeContext : out
01-01 22:30:33.712   227  1359 D RockFFPlayer: CancelThread: ok
01-01 22:30:33.713   227   564 D RockFFPlayer: ~FFMediaSource
01-01 22:30:33.713   227   564 D RockFFPlayer: FFMediaSource context null. 
01-01 22:30:33.713   227   564 E TraceThread:     VsyncReciver(tid = 2992429360)--> [UID=7e56c6b9] pthread_join begin-->player = 0xb72f0058
01-01 22:30:33.729   227   564 E TraceThread:     VsyncReciver(tid = 2992429360)--> [UID=7e56c6b9] pthread_join   end-->player = 0xb72f0058
01-01 22:30:33.729   227   564 D VsyncReciver: stop_l:vsyncThread down
01-01 22:30:33.729   227   564 E TraceThread:     RockFFPlayer(tid = 3004954928)--> [UID=7e56c6b9] ~FFMPlayer Destruction; object=0xb72f0058
01-01 22:30:33.729   227   564 D RockFFPlayer: ~FFMPlayer ok
01-01 22:30:33.729   227   564 D RockFFPlayerBase: ~FFMPlayerBase(():mDequeueThread down
01-01 22:30:33.729   227   564 D RockFFPlayerBase: ~RkMessageHandler
01-01 22:30:33.729   227   564 D RockFFPlayer: reset: in
01-01 22:30:33.729   227   564 D RockFFPlayerBase: dumpStatus(): Error status
01-01 22:30:33.729   227   564 D RockFFPlayer: reset: stop_l in
01-01 22:30:33.729   227   564 D RockFFPlayer: stop_l: in
01-01 22:30:33.729   227   564 D RockFFPlayer: enter enqueueMessage
01-01 22:30:33.729   227   564 D RockFFPlayer: enqueueMessage:****1
01-01 22:30:33.729   227   564 D RockFFPlayer: enqueueMessage:****2
01-01 22:30:33.729   227   564 D RockFFPlayer: enqueueMessage:****3
01-01 22:30:33.729   227   564 D RockFFPlayer: enqueueMessage:Message 1,set signal
01-01 22:30:33.729   227   564 D RockFFPlayer: enqueueMessage:sync wait
01-01 22:30:33.729   227  1273 D RockFFPlayer: deliverMessage 
01-01 22:30:33.729   227  1273 D RockFFPlayer: run : dequeueMessage Message 4
01-01 22:30:33.729   227  1273 D RockFFPlayer: CMD_STOP
01-01 22:30:33.729   227  1273 D RockFFPlayer: doStop: in
01-01 22:30:33.729   227  1273 D RockFFPlayerBase: dumpStatus(): Error status
01-01 22:30:33.729   227  1273 D RockFFPlayerBase: dumpStatus(): Stopped
01-01 22:30:33.729   227  1273 D RockFFPlayer: doRelease: in
01-01 22:30:33.729   227  1273 D RockFFPlayer: FFMediaSource setExit, but context null
01-01 22:30:33.729   227  1273 E RockFFPlayerBase: FFMPlayerBase::flushRenderQueue in
01-01 22:30:33.729   227  1273 E RockFFPlayerBase: FFMPlayerBase::flushRenderQueue out
01-01 22:30:33.729   227  1273 D RockFFPlayer: doRelease: ok
01-01 22:30:33.729   227  1273 D RockFFPlayer: doStop: ok
01-01 22:30:33.729   227  1273 D RockFFPlayer: run : dequeueMessage Message 4 OK
01-01 22:30:33.729   227  1273 D RockFFPlayer: Messagecomplete type [4]
01-01 22:30:33.729   227  1273 D RockFFPlayer: run : Message 4 complete
01-01 22:30:33.729   227   564 D RockFFPlayer: enqueueMessage:sync wait ok
01-01 22:30:33.729   227   564 D RockFFPlayer: stop_l: clear queue ok
01-01 22:30:33.730   227   564 D RockFFPlayer: stop_l: create cancel thread ok
01-01 22:30:33.730   227  1360 D RockFFPlayer: CancelThread: in
01-01 22:30:33.730   227   564 D RockFFPlayer: stop_l: ok
01-01 22:30:33.730   227   564 D RockFFPlayer: enter enqueueMessage
01-01 22:30:33.730   227   564 D RockFFPlayer: enqueueMessage:****1
01-01 22:30:33.730   227   564 D RockFFPlayer: enqueueMessage:****2
01-01 22:30:33.730   227   564 D RockFFPlayer: enqueueMessage:****3
01-01 22:30:33.730   227   564 D RockFFPlayer: enqueueMessage:Message 1,set signal
01-01 22:30:33.730   227   564 D RockFFPlayer: enqueueMessage:sync wait
01-01 22:30:33.730   227  1273 D RockFFPlayer: deliverMessage 
01-01 22:30:33.730   227  1273 D RockFFPlayer: run : dequeueMessage Message 11
01-01 22:30:33.730   227  1273 D RockFFPlayer: CMD_RESET
01-01 22:30:33.730   227  1273 D RockFFPlayerBase: dumpStatus(): Idle
01-01 22:30:33.730   227  1273 D RockFFPlayer: doReset ok
01-01 22:30:33.730   227  1273 D RockFFPlayer: run : dequeueMessage Message 11 OK
01-01 22:30:33.730   227  1273 D RockFFPlayer: Messagecomplete type [11]
01-01 22:30:33.730   227  1273 D RockFFPlayer: run : Message 11 complete
01-01 22:30:33.730   227   564 D RockFFPlayer: enqueueMessage:sync wait ok
01-01 22:30:33.730   227   564 D RockFFPlayer: reset: do reset ok
01-01 22:30:33.730   227  1360 D RockFFPlayer: processAsyncExit: wait message thread
01-01 22:30:33.730   227  1273 D RockFFPlayer: signal thread out
01-01 22:30:33.730   227  1273 D RockFFPlayer: sched_thread out
01-01 22:30:33.730   227   564 D RockFFPlayer: stop:wait is ok
01-01 22:30:33.730   227   564 D RockFFPlayer: stop:ok
01-01 22:30:33.730   227   564 D RockFFPlayer: ~RkMessageQueue
01-01 22:30:33.730   227   564 D RockFFPlayer: reset: reset ok
01-01 22:30:33.730   227  1360 E RockFFPlayerBase: closeContext : in
01-01 22:30:33.730   227   564 E FFPlayer: ~FFPlayer
01-01 22:30:33.730   227  1360 D RockFFPlayer: FFMediaSource context null. 
01-01 22:30:33.730   227  1360 E RockFFPlayerBase: closeContext : out
01-01 22:30:33.730   227  1360 D RockFFPlayer: CancelThread: ok
01-01 22:30:33.730   227   564 D RockFFPlayer: reset: in
01-01 22:30:33.730   227   564 D RockFFPlayerBase: dumpStatus(): Idle
01-01 22:30:33.730   227   564 D RockFFPlayer: reset: in idle status, already reset
01-01 22:30:33.730   227   564 D RockFFPlayer: ~FFMPlayer in
01-01 22:30:33.730   227   564 D RockFFPlayer: reset: in
01-01 22:30:33.730   227   564 D RockFFPlayerBase: dumpStatus(): Idle
01-01 22:30:33.730   227   564 D RockFFPlayer: reset: in idle status, already reset
01-01 22:30:33.730   227   564 D RockFFPlayer: ~FFMediaSource
01-01 22:30:33.730   227   564 D RockFFPlayer: FFMediaSource context null. 
01-01 22:30:33.730   227   564 E TraceThread:     VsyncReciver(tid = 2988251440)--> [UID=7e56c6b9] pthread_join begin-->player = 0xb73153b0
01-01 22:30:33.746   227   564 E TraceThread:     VsyncReciver(tid = 2988251440)--> [UID=7e56c6b9] pthread_join   end-->player = 0xb73153b0
01-01 22:30:33.746   227   564 D VsyncReciver: stop_l:vsyncThread down
01-01 22:30:33.746   227   564 E TraceThread:     RockFFPlayer(tid = 3004954928)--> [UID=7e56c6b9] ~FFMPlayer Destruction; object=0xb73153b0
01-01 22:30:33.746   227   564 D RockFFPlayer: ~FFMPlayer ok
01-01 22:30:33.746   227   564 D RockFFPlayerBase: ~FFMPlayerBase(():mDequeueThread down
01-01 22:30:33.746   227   564 D RockFFPlayerBase: ~RkMessageHandler
01-01 22:30:33.841  1003  1003 D ChimeraFileApk: Primary ABI of requesting process is armeabi-v7a
01-01 22:30:33.841  1003  1003 D ChimeraFileApk: Classloading successful. Optimized code found.
01-01 22:30:33.843  1003  1003 D GoogleCertificates: com.google.android.gms.googlecertificates module is loaded
01-01 22:30:33.857   227   227 D CameraHal: camera_get_camera_info(1312): camera_get_camera_info(1312): camera_0 facing(0), orientation(90)
01-01 22:30:33.858   227   564 D CameraHal: camera_get_camera_info(1312): camera_get_camera_info(1312): camera_0 facing(0), orientation(90)
01-01 22:30:33.864   227   227 D CameraHal: camera_get_camera_info(1312): camera_get_camera_info(1312): camera_1 facing(1), orientation(270)
01-01 22:30:33.864   227   564 D CameraHal: camera_get_camera_info(1312): camera_get_camera_info(1312): camera_1 facing(1), orientation(270)
01-01 22:30:33.916   685  1367 D OpenGLRenderer: Use EGL_SWAP_BEHAVIOR_PRESERVED: true
01-01 22:30:33.916   685  1367 D OpenGLRenderer: profile bars disabled
01-01 22:30:33.916   685  1367 D OpenGLRenderer: ambientRatio = 1.50
01-01 22:30:33.929   685   685 D PhoneStatusBar: disable: < EXPAND* icons alerts system_info BACK* HOME* RECENT* clock SEARCH* quick_settings >
01-01 22:30:33.930  1003  1003 D GoogleCertificatesImpl: Fetched 300 Google certificates
01-01 22:30:33.948   685   685 D PhoneStatusBar: heads up is enabled
01-01 22:30:33.985  1003  1319 W Settings: Setting airplane_mode_on has moved from android.provider.Settings.System to android.provider.Settings.Global, returning read-only value.
01-01 22:30:34.026  1003  1003 W System  : ClassLoader referenced unknown path: /system/priv-app/GMSCore/lib/arm
01-01 22:30:34.027  1003  1003 W System  : ClassLoader referenced unknown path: /system/priv-app/GMSCore/lib/arm
01-01 22:30:34.045  1003  1003 W linker  : /system/priv-app/GMSCore/GMSCore.apk: unused DT entry: type 0x7ffffffd arg 0xc2e
01-01 22:30:34.628  1332  1332 W Finsky  : [1] com.google.android.finsky.FinskyApp.i(1465): No account configured on this device.
01-01 22:30:34.632  1003  1376 I GCoreUlr: WorldUpdater received intent Intent { act=com.google.android.location.reporting.ACTION_UPDATE_WORLD cmp=com.google.android.gms/com.google.android.location.reporting.service.DispatchingService (has extras) } with receiverAction android.location.PROVIDERS_CHANGED
01-01 22:30:34.643  1332  1332 W Finsky  : [1] com.google.android.finsky.FinskyApp.i(1465): No account configured on this device.
01-01 22:30:34.647  1332  1332 W Finsky  : [1] com.google.android.finsky.FinskyApp.i(1465): No account configured on this device.
01-01 22:30:34.649  1332  1332 W Finsky  : [1] com.google.android.finsky.FinskyApp.i(1465): No account configured on this device.
01-01 22:30:34.671  1332  1332 I Finsky  : [1] com.google.android.finsky.FinskyApp.onCreate(428): Initializing network with DFE https://android.clients.google.com/fdfe/
01-01 22:30:34.674  1332  1332 W Finsky  : [1] com.google.android.finsky.FinskyApp.i(1465): No account configured on this device.
01-01 22:30:34.711  1003  1376 I GCoreUlr: WorldUpdater:android.location.PROVIDERS_CHANGED: Ensuring that reporting is stopped because of reasons: (no Google accounts)
01-01 22:30:34.717  1003  1376 I GCoreUlr: Unbound from all location providers
01-01 22:30:34.740  1332  1332 W Finsky  : [1] com.google.android.finsky.FinskyApp.i(1465): No account configured on this device.
01-01 22:30:34.743  1332  1332 W Finsky  : [1] com.google.android.finsky.FinskyApp.i(1465): No account configured on this device.
01-01 22:30:34.752  1332  1332 W Finsky  : [1] com.google.android.finsky.FinskyApp.i(1465): No account configured on this device.
01-01 22:30:34.753  1332  1332 W Finsky  : [1] com.google.android.finsky.FinskyApp.i(1465): No account configured on this device.
01-01 22:30:34.758  1332  1332 W Finsky  : [1] com.google.android.finsky.FinskyApp.i(1465): No account configured on this device.
01-01 22:30:34.760  1332  1332 W Finsky  : [1] com.google.android.finsky.FinskyApp.i(1465): No account configured on this device.
01-01 22:30:34.776   685   685 I mali_so : [File] : hardware/arm/maliT760/driver/product/base/src/mali_base_kbase.c; [Line] : 928; [Func] : base_context_deal_with_version_affairs_rk_ext;
01-01 22:30:34.776   685   685 I mali_so : arm_release_ver of this mali_so is 'r12p0-04rel0', rk_so_ver is '12@0', built at '17:00:15', on 'Aug 16 2016'.
01-01 22:30:34.776   685   685 I mali_so : [File] : hardware/arm/maliT760/driver/product/base/src/mali_base_kbase.c; [Line] : 955; [Func] : base_context_deal_with_version_affairs_rk_ext;
01-01 22:30:34.776   685   685 I mali_so : mali_ver_property has been set to 'r12p0-04rel0-13-12@0', to return.
01-01 22:30:34.784   685   685 D Surface : Surface::final mReqUsage=a00
01-01 22:30:34.784   685   685 D mali_winsys: EGLint new_window_surface(egl_winsys_display*, void*, EGLSurface, EGLConfig, egl_winsys_surface**, egl_color_buffer_format*, EGLBoolean) returns 0x3000
01-01 22:30:34.788   569   587 D Tethering: interfaceLinkStateChanged wlan0, true
01-01 22:30:34.788   569   587 D Tethering: interfaceStatusChanged wlan0, true
01-01 22:30:34.793   569   623 D WIFI    : Registering NetworkFactory
01-01 22:30:34.794   569   623 D WIFI_UT : Registering NetworkFactory
01-01 22:30:34.829   569   623 D WIFI    : got request NetworkRequest [ id=1, legacyType=-1, [ Capabilities: INTERNET&NOT_RESTRICTED&TRUSTED&NOT_VPN] ] with score 0
01-01 22:30:34.830   569   623 D WIFI_UT : got request NetworkRequest [ id=1, legacyType=-1, [ Capabilities: INTERNET&NOT_RESTRICTED&TRUSTED&NOT_VPN] ] with score 0
01-01 22:30:34.831   569   623 E wifi    : wifi_get_supported_feature_set returned error = 0xffffffa1
01-01 22:30:34.864  1332  1332 W Finsky  : [1] com.google.android.finsky.FinskyApp.i(1465): No account configured on this device.
01-01 22:30:34.867  1332  1332 W Finsky  : [1] com.google.android.finsky.FinskyApp.i(1465): No account configured on this device.
01-01 22:30:34.870  1332  1332 I Finsky  : [1] com.google.android.finsky.services.DailyHygiene.a(171): No need to run daily hygiene.
01-01 22:30:34.871  1332  1332 W Finsky  : [1] com.google.android.finsky.FinskyApp.i(1465): No account configured on this device.
01-01 22:30:34.883  1332  1332 W Settings: Setting download_manager_max_bytes_over_mobile has moved from android.provider.Settings.Secure to android.provider.Settings.Global.
01-01 22:30:34.884  1332  1332 W Settings: Setting download_manager_recommended_max_bytes_over_mobile has moved from android.provider.Settings.Secure to android.provider.Settings.Global.
01-01 22:30:34.913  1332  1332 W Finsky  : [1] com.google.android.finsky.FinskyApp.i(1465): No account configured on this device.
01-01 22:30:34.919  1332  1332 W Finsky  : [1] com.google.android.finsky.FinskyApp.i(1465): No account configured on this device.
01-01 22:30:34.921  1332  1332 W Finsky  : [1] com.google.android.finsky.FinskyApp.i(1465): No account configured on this device.
01-01 22:30:34.921  1332  1332 W Finsky  : [1] com.google.android.finsky.FinskyApp.i(1465): No account configured on this device.
01-01 22:30:34.923  1332  1332 W Finsky  : [1] com.google.android.finsky.FinskyApp.i(1465): No account configured on this device.
01-01 22:30:34.923  1332  1332 W Finsky  : [1] com.google.android.finsky.FinskyApp.b(1147): No account configured on this device.
01-01 22:30:34.928  1332  1332 W Finsky  : [1] com.google.android.finsky.FinskyApp.i(1465): No account configured on this device.
01-01 22:30:34.930  1332  1332 W Finsky  : [1] com.google.android.finsky.FinskyApp.i(1465): No account configured on this device.
01-01 22:30:34.934  1332  1428 W Finsky  : [112] com.google.android.finsky.FinskyApp.i(1465): No account configured on this device.
01-01 22:30:34.942  1332  1332 W Finsky  : [1] com.google.android.finsky.FinskyApp.i(1465): No account configured on this device.
01-01 22:30:34.949  1332  1332 W Finsky  : [1] com.google.android.finsky.FinskyApp.i(1465): No account configured on this device.
01-01 22:30:34.955  1332  1332 E Finsky  : [1] com.google.android.finsky.utils.aa.a(57): No permission to get location. java.lang.SecurityException: "gps" location provider requires ACCESS_FINE_LOCATION permission.
01-01 22:30:34.958  1332  1332 E Finsky  : [1] com.google.android.finsky.utils.aa.a(106): No permission to get location. java.lang.SecurityException: "fused" location provider requires ACCESS_COARSE_LOCATION or ACCESS_FINE_LOCATION permission.
01-01 22:30:35.118   191   194 D gralloc : Isfb=0, [2684,3213,2688,10752], fmt=2, byte_stride=10752
01-01 22:30:35.196  1003  1003 W InstanceID/Rpc: Found 10006
01-01 22:30:35.212  1332  1332 I Finsky  : [1] com.google.android.finsky.c.l.a(270): result=false type=4
01-01 22:30:35.213  1003  1003 I GCoreUlr: DispatchingService.onDestroy()
01-01 22:30:35.213  1003  1003 I GCoreUlr: Stopping handler for UlrDispSvcFast
01-01 22:30:35.241  1332  1332 I Finsky  : [1] com.google.android.finsky.services.bc.a(1050): Restore complete with 0 success and 0 failed.
01-01 22:30:35.273  1003  1003 I GCoreUlr: Unbound from all location providers
01-01 22:30:35.274   685   685 I Choreographer: Skipped 184 frames!  The application may be doing too much work on its main thread.
01-01 22:30:35.277   685   685 D ViewRootImpl: changeCanvasOpacity: opaque=true
01-01 22:30:35.294  1003  1003 D GCM     : COMPAT: Multi user ser=0 current=0
01-01 22:30:35.308  1433  1433 W System  : ClassLoader referenced unknown path: /system/priv-app/GMSCore/lib/arm
01-01 22:30:35.342  1433  1433 I MultiDex: VM with version 2.1.0 has multidex support
01-01 22:30:35.342  1433  1433 I MultiDex: install
01-01 22:30:35.342  1433  1433 I MultiDex: VM has multidex support, MultiDex support library is disabled.
01-01 22:30:35.384   685  1367 I OpenGLRenderer: Initialized EGL, version 1.4
01-01 22:30:35.390   685  1367 D Surface : Surface::final mReqUsage=a00
01-01 22:30:35.391   685  1367 D mali_winsys: EGLint new_window_surface(egl_winsys_display*, void*, EGLSurface, EGLConfig, egl_winsys_surface**, egl_color_buffer_format*, EGLBoolean) returns 0x3000
01-01 22:30:35.394  1433  1433 W System  : ClassLoader referenced unknown path: /system/priv-app/GMSCore/lib/arm
01-01 22:30:35.396  1433  1433 W System  : ClassLoader referenced unknown path: /system/priv-app/GMSCore/lib/arm
01-01 22:30:35.404  1003  1311 W GeofencerStateMachine: Ignoring removeGeofence because network location is disabled.
01-01 22:30:35.404  1003  1311 W GeofencerStateMachine: Ignoring removeGeofence because network location is disabled.
01-01 22:30:35.409   191   194 D gralloc : Isfb=0, [1920,1,1920,7680], fmt=1, byte_stride=7680
01-01 22:30:35.409   191   194 D gralloc : Isfb=0, [1920,1,1920,7680], fmt=1, byte_stride=7680
01-01 22:30:35.409   191   194 D gralloc : Isfb=0, [1920,1,1920,7680], fmt=1, byte_stride=7680
01-01 22:30:35.423   699  1461 D OpenGLRenderer: Use EGL_SWAP_BEHAVIOR_PRESERVED: true
01-01 22:30:35.432  1433  1433 W linker  : /system/priv-app/GMSCore/GMSCore.apk: unused DT entry: type 0x7ffffffd arg 0x4ed
01-01 22:30:35.446  1433  1433 W System  : ClassLoader referenced unknown path: /system/priv-app/GMSCore/lib/arm
01-01 22:30:35.446  1433  1433 W System  : ClassLoader referenced unknown path: /system/priv-app/GMSCore/lib/arm
01-01 22:30:35.448   569   726 E WindowManager: Unknown window type: 2999
01-01 22:30:35.479  1433  1433 W linker  : /system/priv-app/GMSCore/GMSCore.apk: unused DT entry: type 0x1d arg 0xef
01-01 22:30:35.479  1433  1433 W linker  : /system/priv-app/GMSCore/GMSCore.apk: unused DT entry: type 0x7ffffffd arg 0x1d8
01-01 22:30:35.485  1433  1433 V JNIHelp : Registering com/google/android/gms/org/conscrypt/NativeCrypto's 254 native methods...
01-01 22:30:35.509  1433  1433 I ProviderInstaller: Installed default security provider GmsCore_OpenSSL
01-01 22:30:35.524  1433  1433 D ChimeraCfgMgr: Reading stored module config
01-01 22:30:35.571  1433  1466 D NativeLibraryUtils: Install completed successfully. count=12 extracted=0
01-01 22:30:35.580  1332  1428 W Finsky  : [112] com.google.android.finsky.FinskyApp.i(1465): No account configured on this device.
01-01 22:30:35.581   569   590 E WindowManager: Unknown window type: 2999
01-01 22:30:35.599   569   590 E WindowManager: Unknown window type: 2999
01-01 22:30:35.616   569   590 E WindowManager: Unknown window type: 2999
01-01 22:30:35.634   569   590 E WindowManager: Unknown window type: 2999
01-01 22:30:35.662   699  1461 I mali_so : [File] : hardware/arm/maliT760/driver/product/base/src/mali_base_kbase.c; [Line] : 928; [Func] : base_context_deal_with_version_affairs_rk_ext;
01-01 22:30:35.662   699  1461 I mali_so : arm_release_ver of this mali_so is 'r12p0-04rel0', rk_so_ver is '12@0', built at '17:00:15', on 'Aug 16 2016'.
01-01 22:30:35.662   699  1461 I mali_so : [File] : hardware/arm/maliT760/driver/product/base/src/mali_base_kbase.c; [Line] : 955; [Func] : base_context_deal_with_version_affairs_rk_ext;
01-01 22:30:35.662   699  1461 I mali_so : mali_ver_property has been set to 'r12p0-04rel0-13-12@0', to return.
01-01 22:30:35.664   699  1461 I OpenGLRenderer: Initialized EGL, version 1.4
01-01 22:30:35.669   569   590 E WindowManager: Unknown window type: 2999
01-01 22:30:35.670   699  1461 D Surface : Surface::final mReqUsage=a00
01-01 22:30:35.670   699  1461 D mali_winsys: EGLint new_window_surface(egl_winsys_display*, void*, EGLSurface, EGLConfig, egl_winsys_surface**, egl_color_buffer_format*, EGLBoolean) returns 0x3000
