12-16 13:55:01.289  2892  2892 I ps      : type=1400 audit(0.0:135): avc: denied { getattr } for path="/proc/183" dev="proc" ino=8104 scontext=u:r:untrusted_app:s0:c512,c768 tcontext=u:r:healthd:s0 tclass=dir permissive=1
12-16 13:55:01.289  2892  2892 I ps      : type=1400 audit(0.0:136): avc: denied { search } for name="183" dev="proc" ino=8104 scontext=u:r:untrusted_app:s0:c512,c768 tcontext=u:r:healthd:s0 tclass=dir permissive=1
12-16 13:55:01.289  2892  2892 I ps      : type=1400 audit(0.0:137): avc: denied { read } for name="cmdline" dev="proc" ino=10346 scontext=u:r:untrusted_app:s0:c512,c768 tcontext=u:r:healthd:s0 tclass=file permissive=1
12-16 13:55:01.289  2892  2892 I ps      : type=1400 audit(0.0:138): avc: denied { open } for path="/proc/183/cmdline" dev="proc" ino=10346 scontext=u:r:untrusted_app:s0:c512,c768 tcontext=u:r:healthd:s0 tclass=file permissive=1
12-16 13:55:01.289  2892  2892 I ps      : type=1400 audit(0.0:139): avc: denied { getattr } for path="/proc/184" dev="proc" ino=3275 scontext=u:r:untrusted_app:s0:c512,c768 tcontext=u:r:lmkd:s0 tclass=dir permissive=1
12-16 13:55:01.289  2892  2892 I ps      : type=1400 audit(0.0:140): avc: denied { search } for name="184" dev="proc" ino=3275 scontext=u:r:untrusted_app:s0:c512,c768 tcontext=u:r:lmkd:s0 tclass=dir permissive=1
12-16 13:55:01.289  2892  2892 I ps      : type=1400 audit(0.0:141): avc: denied { read } for name="cmdline" dev="proc" ino=3316 scontext=u:r:untrusted_app:s0:c512,c768 tcontext=u:r:lmkd:s0 tclass=file permissive=1
12-16 13:55:01.289  2892  2892 I ps      : type=1400 audit(0.0:142): avc: denied { open } for path="/proc/184/cmdline" dev="proc" ino=3316 scontext=u:r:untrusted_app:s0:c512,c768 tcontext=u:r:lmkd:s0 tclass=file permissive=1
12-16 13:55:01.289  2892  2892 I ps      : type=1400 audit(0.0:143): avc: denied { read } for name="cmdline" dev="proc" ino=8136 scontext=u:r:untrusted_app:s0:c512,c768 tcontext=u:r:surfaceflinger:s0 tclass=file permissive=1
12-16 13:55:01.289  2892  2892 I ps      : type=1400 audit(0.0:144): avc: denied { open } for path="/proc/187/cmdline" dev="proc" ino=8136 scontext=u:r:untrusted_app:s0:c512,c768 tcontext=u:r:surfaceflinger:s0 tclass=file permissive=1
12-16 13:55:01.289  2892  2892 I ps      : type=1400 audit(0.0:145): avc: denied { getattr } for path="/proc/188" dev="proc" ino=3293 scontext=u:r:untrusted_app:s0:c512,c768 tcontext=u:r:zygote:s0 tclass=dir permissive=1
12-16 13:55:01.289  2892  2892 I ps      : type=1400 audit(0.0:146): avc: denied { search } for name="188" dev="proc" ino=3293 scontext=u:r:untrusted_app:s0:c512,c768 tcontext=u:r:zygote:s0 tclass=dir permissive=1
12-16 13:55:01.289  2892  2892 I ps      : type=1400 audit(0.0:147): avc: denied { read } for name="cmdline" dev="proc" ino=7166 scontext=u:r:untrusted_app:s0:c512,c768 tcontext=u:r:zygote:s0 tclass=file permissive=1
12-16 13:55:01.289  2892  2892 I ps      : type=1400 audit(0.0:148): avc: denied { open } for path="/proc/188/cmdline" dev="proc" ino=7166 scontext=u:r:untrusted_app:s0:c512,c768 tcontext=u:r:zygote:s0 tclass=file permissive=1
12-16 13:55:01.344   228   228 I SELinux : SELinux: Loaded file_contexts contexts from /file_contexts.
12-16 13:55:01.345   569   595 I PackageManager.DexOptimizer: Running dexopt (dex2oat) on: /data/app/vmdl749417461.tmp/base.apk pkg=com.robotemi.sdk.sample isa=arm vmSafeMode=false debuggable=true oatDir = /data/app/vmdl749417461.tmp/oat bootComplete=true
12-16 13:55:01.381  2897  2897 I dex2oat : /system/bin/dex2oat --debuggable
12-16 13:55:01.632  2897  2899 W dex2oat : Before Android 4.1, method int androidx.appcompat.widget.DropDownListView.lookForSelectablePosition(int, boolean) would have incorrectly overridden the package-private method in android.widget.ListView
12-16 13:55:01.666  2897  2901 W dex2oat : Before Android 4.1, method int androidx.appcompat.widget.MenuPopupWindow$MenuDropDownListView.lookForSelectablePosition(int, boolean) would have incorrectly overridden the package-private method in android.widget.ListView
12-16 13:55:01.676  2897  2899 W dex2oat : Before Android 4.1, method android.graphics.PorterDuffColorFilter androidx.vectordrawable.graphics.drawable.VectorDrawableCompat.updateTintFilter(android.graphics.PorterDuffColorFilter, android.content.res.ColorStateList, android.graphics.PorterDuff$Mode) would have incorrectly overridden the package-private method in android.graphics.drawable.Drawable
12-16 13:55:05.135  2897  2897 I dex2oat : dex2oat took 3.723s (threads: 4) arena alloc=392KB java alloc=3MB native alloc=20MB free=155KB
12-16 13:55:05.161   569   585 I ActivityManager: Force stopping com.robotemi.sdk.sample appid=10046 user=-1: uninstall pkg
12-16 13:55:05.375   569   595 I PackageManager: Package com.robotemi.sdk.sample codePath changed from /data/app/com.robotemi.sdk.sample-2 to /data/app/com.robotemi.sdk.sample-1; Retaining data and using new
12-16 13:55:05.376   569   595 W PackageManager: Code path for com.robotemi.sdk.sample changing from /data/app/com.robotemi.sdk.sample-2 to /data/app/com.robotemi.sdk.sample-1
12-16 13:55:05.376   569   585 I ActivityManager: Force stopping com.robotemi.sdk.sample appid=10046 user=-1: replace pkg
12-16 13:55:05.376   569   595 W PackageManager: Resource path for com.robotemi.sdk.sample changing from /data/app/com.robotemi.sdk.sample-2 to /data/app/com.robotemi.sdk.sample-1
12-16 13:55:05.800   569   595 W Settings: Setting install_non_market_apps has moved from android.provider.Settings.Global to android.provider.Settings.Secure, returning read-only value.
12-16 13:55:05.800   569   595 I art     : Starting a blocking GC Explicit
12-16 13:55:05.863   569   595 I art     : Explicit concurrent mark sweep GC freed 49641(2MB) AllocSpace objects, 13(444KB) LOS objects, 33% free, 7MB/11MB, paused 1.267ms total 62.965ms
12-16 13:55:05.864   569   579 I art     : WaitForGcToComplete blocked for 12.925ms for cause HeapTrim
12-16 13:55:05.876   569   595 W PackageManager: Couldn't remove dex file for package:  at location /data/app/com.robotemi.sdk.sample-2/base.apk, retcode=-1
12-16 13:55:05.877   228   228 E installd: Couldn't opendir /data/app/vmdl749417461.tmp: No such file or directory
12-16 13:55:05.878   569   595 I ActivityManager: Force stopping com.robotemi.sdk.sample appid=10046 user=0: pkg removed
12-16 13:55:05.880  2866  2866 I art     : System.exit called, status: 0
12-16 13:55:05.880  2866  2866 I AndroidRuntime: VM exiting with result code 0.
12-16 13:55:05.892   866   866 D CarrierServiceBindHelper: Receive action: android.intent.action.PACKAGE_REMOVED
12-16 13:55:05.893   569   569 D JobSchedulerService: Receieved: android.intent.action.PACKAGE_REMOVED
12-16 13:55:05.894   569   800 I InputReader: Reconfiguring input devices.  changes=0x00000010
12-16 13:55:05.900   569   800 I InputReader: Reconfiguring input devices.  changes=0x00000010
12-16 13:55:05.901   866   866 D CarrierServiceBindHelper: mHandler: 3
12-16 13:55:05.901   866   866 D CarrierServiceBindHelper: Receive action: android.intent.action.PACKAGE_ADDED
12-16 13:55:05.901   866   866 D CarrierServiceBindHelper: mHandler: 3
12-16 13:55:05.905   866   866 D CarrierServiceBindHelper: Receive action: android.intent.action.PACKAGE_REPLACED
12-16 13:55:05.906   569   800 I InputReader: Reconfiguring input devices.  changes=0x00000010
12-16 13:55:05.906   866   866 D CarrierServiceBindHelper: mHandler: 3
12-16 13:55:05.906   866   866 D CarrierConfigLoader: mHandler: 9 phoneId: 0
12-16 13:55:05.924  1750  2905 D PkgBroadcastIntentOp: Received broadcast action=android.intent.action.PACKAGE_REMOVED and uri=com.robotemi.sdk.sample
12-16 13:55:05.924  1224  1224 E NetworkScheduler.SR: Invalid parameter app
12-16 13:55:05.924  1224  1224 E NetworkScheduler.SR: Invalid package name : Perhaps you didn't include a PendingIntent in the extras?
12-16 13:55:05.975  1750  2905 D WearableController: Received broadcast action=android.intent.action.PACKAGE_REMOVED and uri=com.robotemi.sdk.sample
12-16 13:55:05.978  1750  2282 E Drive.UninstallOperation: Package still installed com.robotemi.sdk.sample
12-16 13:55:05.979  1750  2907 D gH_CompatibleDatabase: Open jvg@f0ebfb, release reference: 1
12-16 13:55:05.985  1750  2907 D gH_CompatibleDatabase: Acquire reference of jvg@f0ebfb: 2
12-16 13:55:05.986  1750  2907 D gH_MetricsDatabase: 0 metrics were deleted when clearing package com.robotemi.sdk.sample.
12-16 13:55:05.986  1750  2907 D gH_CompatibleDatabase: Release reference of jvg@f0ebfb: 1
12-16 13:55:05.986  1750  2907 D gH_CompatibleDatabase: Open jvg@d9d2418, release reference: 1
12-16 13:55:05.993  1750  2907 D gH_CompatibleDatabase: Acquire reference of jvg@d9d2418: 2
12-16 13:55:05.994  1750  2907 D gH_CompatibleDatabase: Release reference of jvg@d9d2418: 1
12-16 13:55:05.994  1750  2907 D gH_CompatibleDatabase: Open jvg@f77de71, release reference: 1
12-16 13:55:06.001  1750  2907 D gH_CompatibleDatabase: Acquire reference of jvg@f77de71: 2
12-16 13:55:06.003  1750  2907 D gH_CompatibleDatabase: Release reference of jvg@f77de71: 1
12-16 13:55:06.003  1750  2907 D gH_CompatibleDatabase: Close jvg@f0ebfb, release reference: 0
12-16 13:55:06.003  1750  2907 D gH_CompatibleDatabase: Close jvg@d9d2418, release reference: 0
12-16 13:55:06.003  1750  2907 D gH_CompatibleDatabase: Close jvg@f77de71, release reference: 0
12-16 13:55:06.006  1750  2909 E IcingInternalCorpora: Unknown Contacts update mode: MAYBE
12-16 13:55:06.009  1882  1882 W ContextImpl: Calling a method in the system process without a qualified user: android.app.ContextImpl.startService:1221 android.content.ContextWrapper.startService:581 android.content.ContextWrapper.startService:581 com.android.keychain.KeyChainBroadcastReceiver.onReceive:12 android.app.ActivityThread.handleReceiver:2725 
12-16 13:55:06.015   569   584 W Searchables: No global search activity found
12-16 13:55:06.018  1750  2905 D PkgBroadcastIntentOp: Received broadcast action=android.intent.action.PACKAGE_ADDED and uri=com.robotemi.sdk.sample
12-16 13:55:06.020  1750  2904 E IntentOperationSvc: Failed to instantiate Chimera operation impl, dropping operation
12-16 13:55:06.024   569   584 W Searchables: No global search activity found
12-16 13:55:06.025   569   584 W VoiceInteractionManagerService: no available voice recognition services found for user 0
12-16 13:55:06.026  1750  1750 D AsyncTaskServiceImpl: Submit a task: osz
12-16 13:55:06.035   569   580 I BroadcastQueue: Delay finish: com.google.android.gms/.gass.chimera.PackageChangeBroadcastReceiver
12-16 13:55:06.036  1750  2905 D WearableController: Received broadcast action=android.intent.action.PACKAGE_ADDED and uri=com.robotemi.sdk.sample
12-16 13:55:06.057   569   924 I BroadcastQueue: Resuming delayed broadcast
12-16 13:55:06.058  1750  2282 D osz     : Processing package: com.robotemi.sdk.sample
12-16 13:55:06.072  1750  2914 E IcingInternalCorpora: Unknown Contacts update mode: MAYBE
12-16 13:55:06.074  1750  2282 D GassUtils: Found app info for package com.robotemi.sdk.sample:1. Hash: f53f3538b670b2b2f99e676992ac652c277f96aef4825c29612e03d214a16d95
12-16 13:55:06.074  1750  2282 D osz     : Found info for package com.robotemi.sdk.sample in db.
12-16 13:55:06.081  1651  1651 I Finsky  : [1] com.google.android.finsky.utils.PermissionPolicies$PermissionPolicyService.onStartCommand(117): post-install permissions check for com.robotemi.sdk.sample
12-16 13:55:06.082  1651  1651 W Finsky  : [1] com.google.android.finsky.FinskyApp.i(1465): No account configured on this device.
12-16 13:55:06.093   569   924 I ActivityManager: Start proc 2915:com.svox.pico/u0a36 for broadcast com.svox.pico/.VoiceDataInstallerReceiver
12-16 13:55:06.096  1651  1651 I Finsky  : [1] com.google.android.finsky.utils.bh.run(2302): Package state data is missing for com.robotemi.sdk.sample
12-16 13:55:06.100  1651  1651 W Finsky  : [1] com.google.android.finsky.FinskyApp.i(1465): No account configured on this device.
12-16 13:55:06.218  1750  2912 I PeopleContactsSync: triggerPendingContactsCleanup: no accounts
12-16 13:55:06.255  1750  2912 I PeopleDatabaseHelper: cleanUpNonGplusAccounts done.
12-16 13:55:06.261   569   583 I ActivityManager: Start proc 2929:com.luckystar.luckstarautoinstall/1000 for broadcast com.luckystar.luckstarautoinstall/.AppInstallReceiver
12-16 13:55:06.261  2929  2929 I art     : Late-enabling -Xcheck:jni
12-16 13:55:06.285  1750  2912 I PeopleContactsSync: triggerPendingContactsCleanup: no accounts
12-16 13:55:06.412  1750  2928 W IcingInternalCorpora: getNumBytesRead when not calculated.
12-16 13:55:06.436  2929  2929 W System  : ClassLoader referenced unknown path: /system/app/TemiInstall/lib/arm
12-16 13:55:06.489  2929  2929 D ApkInstaller: Received android.intent.action.PACKAGE_ADDED
12-16 13:55:06.491  2929  2929 W ContextImpl: Calling a method in the system process without a qualified user: android.app.ContextImpl.sendBroadcast:763 android.content.ContextWrapper.sendBroadcast:396 android.content.ContextWrapper.sendBroadcast:396 com.luckystar.luckstarautoinstall.AppInstallReceiver.sendInstallResult:80 com.luckystar.luckstarautoinstall.AppInstallReceiver.onReceive:70 
12-16 13:55:06.492  2929  2929 D ApkInstaller: Broadcast com.robotemi.sdk.sample install result : true
12-16 13:55:06.495   569   895 I ActivityManager: Killing 1317:com.android.externalstorage/u0a5 (adj 15): empty #17
12-16 13:55:06.659  1750  2905 D PkgBroadcastIntentOp: Received broadcast action=android.intent.action.PACKAGE_REPLACED and uri=com.robotemi.sdk.sample
12-16 13:55:06.670  1750  1750 D AsyncTaskServiceImpl: Submit a task: osz
12-16 13:55:06.695  1224  1224 E NetworkScheduler.SR: Invalid parameter app
12-16 13:55:06.695  1224  1224 E NetworkScheduler.SR: Invalid package name : Perhaps you didn't include a PendingIntent in the extras?
12-16 13:55:06.698  2929  2929 D ApkInstaller: Received android.intent.action.PACKAGE_REPLACED
12-16 13:55:06.728  1750  2942 I PeopleContactsSync: triggerPendingContactsCleanup: no accounts
12-16 13:55:06.728  1750  2282 D osz     : Processing package: com.robotemi.sdk.sample
12-16 13:55:06.735  1750  2282 D GassUtils: Found app info for package com.robotemi.sdk.sample:1. Hash: f53f3538b670b2b2f99e676992ac652c277f96aef4825c29612e03d214a16d95
12-16 13:55:06.735  1750  2282 D osz     : Found info for package com.robotemi.sdk.sample in db.
12-16 13:55:06.739  1750  2944 E IcingInternalCorpora: Unknown Contacts update mode: MAYBE
12-16 13:55:07.209  2951  2951 I ps      : type=1400 audit(0.0:149): avc: denied { getattr } for path="/proc/1" dev="proc" ino=7923 scontext=u:r:untrusted_app:s0:c512,c768 tcontext=u:r:init:s0 tclass=dir permissive=1
12-16 13:55:07.209  2951  2951 I ps      : type=1400 audit(0.0:150): avc: denied { search } for name="1" dev="proc" ino=7923 scontext=u:r:untrusted_app:s0:c512,c768 tcontext=u:r:init:s0 tclass=dir permissive=1
12-16 13:55:07.209  2951  2951 I ps      : type=1400 audit(0.0:151): avc: denied { read } for name="cmdline" dev="proc" ino=4001 scontext=u:r:untrusted_app:s0:c512,c768 tcontext=u:r:init:s0 tclass=file permissive=1
12-16 13:55:07.209  2951  2951 I ps      : type=1400 audit(0.0:152): avc: denied { open } for path="/proc/1/cmdline" dev="proc" ino=4001 scontext=u:r:untrusted_app:s0:c512,c768 tcontext=u:r:init:s0 tclass=file permissive=1
12-16 13:55:07.219  2951  2951 I ps      : type=1400 audit(0.0:153): avc: denied { getattr } for path="/proc/157" dev="proc" ino=3264 scontext=u:r:untrusted_app:s0:c512,c768 tcontext=u:r:ueventd:s0 tclass=dir permissive=1
12-16 13:55:07.219  2951  2951 I ps      : type=1400 audit(0.0:154): avc: denied { search } for name="157" dev="proc" ino=3264 scontext=u:r:untrusted_app:s0:c512,c768 tcontext=u:r:ueventd:s0 tclass=dir permissive=1
12-16 13:55:07.219  2951  2951 I ps      : type=1400 audit(0.0:155): avc: denied { read } for name="cmdline" dev="proc" ino=10327 scontext=u:r:untrusted_app:s0:c512,c768 tcontext=u:r:ueventd:s0 tclass=file permissive=1
12-16 13:55:07.219  2951  2951 I ps      : type=1400 audit(0.0:156): avc: denied { open } for path="/proc/157/cmdline" dev="proc" ino=10327 scontext=u:r:untrusted_app:s0:c512,c768 tcontext=u:r:ueventd:s0 tclass=file permissive=1
12-16 13:55:07.219  2951  2951 I ps      : type=1400 audit(0.0:157): avc: denied { getattr } for path="/proc/223" dev="proc" ino=1026 scontext=u:r:untrusted_app:s0:c512,c768 tcontext=u:r:rild:s0 tclass=dir permissive=1
12-16 13:55:07.219  2951  2951 I ps      : type=1400 audit(0.0:158): avc: denied { search } for name="223" dev="proc" ino=1026 scontext=u:r:untrusted_app:s0:c512,c768 tcontext=u:r:rild:s0 tclass=dir permissive=1
12-16 13:55:07.219  2951  2951 I ps      : type=1400 audit(0.0:159): avc: denied { read } for name="cmdline" dev="proc" ino=8212 scontext=u:r:untrusted_app:s0:c512,c768 tcontext=u:r:rild:s0 tclass=file permissive=1
12-16 13:55:07.219  2951  2951 I ps      : type=1400 audit(0.0:160): avc: denied { open } for path="/proc/223/cmdline" dev="proc" ino=8212 scontext=u:r:untrusted_app:s0:c512,c768 tcontext=u:r:rild:s0 tclass=file permissive=1
12-16 13:55:07.219  2951  2951 I ps      : type=1400 audit(0.0:161): avc: denied { read } for name="cmdline" dev="proc" ino=8204 scontext=u:r:untrusted_app:s0:c512,c768 tcontext=u:r:netd:s0 tclass=file permissive=1
12-16 13:55:07.219  2951  2951 I ps      : type=1400 audit(0.0:162): avc: denied { open } for path="/proc/224/cmdline" dev="proc" ino=8204 scontext=u:r:untrusted_app:s0:c512,c768 tcontext=u:r:netd:s0 tclass=file permissive=1
12-16 13:55:07.219  2951  2951 I ps      : type=1400 audit(0.0:163): avc: denied { getattr } for path="/proc/225" dev="proc" ino=3339 scontext=u:r:untrusted_app:s0:c512,c768 tcontext=u:r:debuggerd:s0 tclass=dir permissive=1
12-16 13:55:07.219  2951  2951 I ps      : type=1400 audit(0.0:164): avc: denied { search } for name="225" dev="proc" ino=3339 scontext=u:r:untrusted_app:s0:c512,c768 tcontext=u:r:debuggerd:s0 tclass=dir permissive=1
12-16 13:55:07.219  2951  2951 I ps      : type=1400 audit(0.0:165): avc: denied { read } for name="cmdline" dev="proc" ino=7015 scontext=u:r:untrusted_app:s0:c512,c768 tcontext=u:r:debuggerd:s0 tclass=file permissive=1
12-16 13:55:07.219  2951  2951 I ps      : type=1400 audit(0.0:166): avc: denied { open } for path="/proc/225/cmdline" dev="proc" ino=7015 scontext=u:r:untrusted_app:s0:c512,c768 tcontext=u:r:debuggerd:s0 tclass=file permissive=1
12-16 13:55:07.229  2951  2951 I ps      : type=1400 audit(0.0:167): avc: denied { getattr } for path="/proc/226" dev="proc" ino=8183 scontext=u:r:untrusted_app:s0:c512,c768 tcontext=u:r:drmserver:s0 tclass=dir permissive=1
12-16 13:55:07.229  2951  2951 I ps      : type=1400 audit(0.0:168): avc: denied { search } for name="226" dev="proc" ino=8183 scontext=u:r:untrusted_app:s0:c512,c768 tcontext=u:r:drmserver:s0 tclass=dir permissive=1
12-16 13:55:07.229  2951  2951 I ps      : type=1400 audit(0.0:169): avc: denied { read } for name="cmdline" dev="proc" ino=10371 scontext=u:r:untrusted_app:s0:c512,c768 tcontext=u:r:drmserver:s0 tclass=file permissive=1
12-16 13:55:07.338  2947  2947 D AndroidRuntime: >>>>>> START com.android.internal.os.RuntimeInit uid 0 <<<<<<
12-16 13:55:07.342  2947  2947 D AndroidRuntime: CheckJNI is OFF
12-16 13:55:07.374  2947  2947 D ICU     : No timezone override file found: /data/misc/zoneinfo/current/icu/icu_tzdata.dat
12-16 13:55:07.423  2947  2947 E memtrack: Couldn't load memtrack module (No such file or directory)
12-16 13:55:07.423  2947  2947 E android.os.Debug: failed to load memtrack module: -2
12-16 13:55:07.425  2947  2947 I Radio-JNI: register_android_hardware_Radio DONE
12-16 13:55:07.449  2947  2947 D AndroidRuntime: Calling main entry com.android.commands.am.Am
12-16 13:55:07.451   569   896 I ActivityManager: START u0 {act=android.intent.action.MAIN cat=[android.intent.category.LAUNCHER] flg=0x10000000 cmp=com.robotemi.sdk.sample/.MainActivity} from uid 0 on display 0
12-16 13:55:07.455   187   187 D Surface : Surface::final mReqUsage=333
12-16 13:55:07.457   187   203 D gralloc : Isfb=0, [630,630,640,2560], fmt=1, byte_stride=2560
12-16 13:55:07.470   569   590 E WindowManager: Unknown window type: 2999
12-16 13:55:07.470   569   590 I WindowStateAnimator: createSurface WindowStateAnimator{57a5066 Starting com.robotemi.sdk.sample}: mDrawState=DRAW_PENDING
12-16 13:55:07.470   569   590 D WindowStateAnimator: rk_debug2 Starting com.robotemi.sdk.sample_Force_To_Dual
12-16 13:55:07.471   569   590 V WindowManager: Skipping AppWindowToken{e777fa7 token=Token{c841d8e ActivityRecord{356a989 u0 com.robotemi.sdk.sample/.MainActivity t236}}} -- hidden on top
12-16 13:55:07.471   569   590 V WindowManager: Done at AppWindowToken{9f46ad4 token=Token{e26622f ActivityRecord{3b4880e u0 com.roboteam.teamy.usa/com.roboteam.teamy.internalactivities.settings.views.activities.SettingsActivity t235}}} -- full screen, return 0
12-16 13:55:07.472   569   590 V WindowManager: Resize reasons for w=Window{b3d00c1 u0 Starting com.robotemi.sdk.sample}:  contentInsetsChanged=false [0,0][0,0] visibleInsetsChanged=false [0,0][0,0] stableInsetsChanged=false [0,0][0,0] outsetsChanged=false [0,0][0,0] surfaceResized=true configChanged=true
12-16 13:55:07.472   569   590 V WindowManager: Resizing window Window{b3d00c1 u0 Starting com.robotemi.sdk.sample} to 1920.0x1200.0
12-16 13:55:07.475  1750  2282 I Icing   : Indexing 13F8ADD7F7B9EA293B11D6F150D5708D68632F08 from com.google.android.gms
12-16 13:55:07.507   569   590 V WindowState: Reporting new frame to Window{b3d00c1 u0 Starting com.robotemi.sdk.sample}: Rect(0, 0 - 1920, 1200)
12-16 13:55:07.508   569   590 I WindowState: Sending new config to window Window{b3d00c1 u0 Starting com.robotemi.sdk.sample}: 1920.0x1200.0 / config={1.0 ?mcc?mnc en_US ldltr sw800dp w1280dp h800dp 240dpi xlrg land finger -keyb/v/h -nav/h s.4} overrideConfig={1.0 ?mcc?mnc ?locale ?layoutDir ?swdp ?wdp ?hdp ?density ?lsize ?long ?orien ?uimode ?night ?touch ?keyb/?/? ?nav/?}
12-16 13:55:07.508   569   590 I WindowState: Resizing Window{b3d00c1 u0 Starting com.robotemi.sdk.sample} WITH DRAW PENDING
12-16 13:55:07.515   569   923 V WindowManager: Clear freezing of Token{e26622f ActivityRecord{3b4880e u0 com.roboteam.teamy.usa/com.roboteam.teamy.internalactivities.settings.views.activities.SettingsActivity t235}}: hidden=false freezing=false
12-16 13:55:07.516  2947  2947 D AndroidRuntime: Shutting down VM
12-16 13:55:07.523  2963  2963 I art     : Late-enabling -Xcheck:jni
12-16 13:55:07.524   569   590 E WindowManager: Unknown window type: 2999
12-16 13:55:07.525   569   590 D Surface : Surface::final mReqUsage=33
12-16 13:55:07.526   569   923 I ActivityManager: Start proc 2963:com.robotemi.sdk.sample/u0a46 for activity com.robotemi.sdk.sample/.MainActivity
12-16 13:55:07.538   187   201 D gralloc : Isfb=0, [1920,1200,1920,7680], fmt=1, byte_stride=7680
12-16 13:55:07.555   569   580 V WindowManager: Skipping set freeze of Token{c841d8e ActivityRecord{356a989 u0 com.robotemi.sdk.sample/.MainActivity t236}}
12-16 13:55:07.555   569   580 V WindowManager: setAppVisibility(Token{c841d8e ActivityRecord{356a989 u0 com.robotemi.sdk.sample/.MainActivity t236}}, visible=true): mNextAppTransition=TRANSIT_TASK_OPEN hidden=true hiddenRequested=true Callers=com.android.server.am.ActivityStackSupervisor.realStartActivityLocked:1185 com.android.server.am.ActivityStackSupervisor.attachApplicationLocked:625 com.android.server.am.ActivityManagerService.attachApplicationLocked:6504 com.android.server.am.ActivityManagerService.attachApplication:6567 android.app.ActivityManagerNative.onTransact:507 com.android.server.am.ActivityManagerService.onTransact:2687 
12-16 13:55:07.556   569   580 V WindowManager: Done at AppWindowToken{e777fa7 token=Token{c841d8e ActivityRecord{356a989 u0 com.robotemi.sdk.sample/.MainActivity t236}}} -- full screen, return 0
12-16 13:55:07.556   569   580 V WindowManager: setAppVisibility(Token{e26622f ActivityRecord{3b4880e u0 com.roboteam.teamy.usa/com.roboteam.teamy.internalactivities.settings.views.activities.SettingsActivity t235}}, visible=false): mNextAppTransition=TRANSIT_TASK_OPEN hidden=false hiddenRequested=false Callers=com.android.server.am.ActivityStack.setVisible:1170 com.android.server.am.ActivityStack.ensureActivitiesVisibleLocked:1431 com.android.server.am.ActivityStackSupervisor.ensureActivitiesVisibleLocked:3305 com.android.server.am.ActivityManagerService.updateConfigurationLocked:17838 com.android.server.am.ActivityStackSupervisor.realStartActivityLocked:1201 com.android.server.am.ActivityStackSupervisor.attachApplicationLocked:625 
12-16 13:55:07.558   569   580 V WindowManager: Eval win Window{b3d00c1 u0 Starting com.robotemi.sdk.sample}: isDrawn=false, isAnimating=true
12-16 13:55:07.558   569   580 V WindowManager: Not displayed: s=Surface(name=Starting com.robotemi.sdk.sample_Force_To_Dual) pv=true mDrawState=DRAW_PENDING ah=false th=false a=false
12-16 13:55:07.561   569   590 V WindowStateAnimator: finishDrawingLocked: mDrawState=COMMIT_DRAW_PENDING WindowStateAnimator{57a5066 Starting com.robotemi.sdk.sample} in Surface(name=Starting com.robotemi.sdk.sample_Force_To_Dual)
12-16 13:55:07.562   569   590 V WindowManager: Eval win Window{b3d00c1 u0 Starting com.robotemi.sdk.sample}: isDrawn=true, isAnimating=true
12-16 13:55:07.564   569   590 I WindowManager:   SURFACE SHOW (performShowLocked): Window{b3d00c1 u0 Starting com.robotemi.sdk.sample}
12-16 13:55:07.571   569   590 V WindowManager: Done at AppWindowToken{e777fa7 token=Token{c841d8e ActivityRecord{356a989 u0 com.robotemi.sdk.sample/.MainActivity t236}}} -- full screen, return 0
12-16 13:55:07.572   569   590 V WindowManager: Eval win Window{b3d00c1 u0 Starting com.robotemi.sdk.sample}: isDrawn=true, isAnimating=true
12-16 13:55:07.579   569   590 E WindowManager: Unknown window type: 2999
12-16 13:55:07.580   569   590 V WindowManager: Eval win Window{b3d00c1 u0 Starting com.robotemi.sdk.sample}: isDrawn=true, isAnimating=true
12-16 13:55:07.584  2963  2963 W System  : ClassLoader referenced unknown path: /data/app/com.robotemi.sdk.sample-1/lib/arm
12-16 13:55:07.584   569  2570 V WindowManager: Done at AppWindowToken{e777fa7 token=Token{c841d8e ActivityRecord{356a989 u0 com.robotemi.sdk.sample/.MainActivity t236}}} -- full screen, return 0
12-16 13:55:07.584   569  2570 V WindowManager: Eval win Window{b3d00c1 u0 Starting com.robotemi.sdk.sample}: isDrawn=true, isAnimating=true
12-16 13:55:07.586  1750  2282 D Icing   : Loaded CLD2 Version V2.0 - 20141016
12-16 13:55:07.591  2963  2963 D TemiSdkServiceConnection: startConnection(Context)
12-16 13:55:07.591  2963  2963 D TemiSdkServiceConnection: getSdkServiceIntent()
12-16 13:55:07.593  1750  2282 I Icing   : Indexing done 13F8ADD7F7B9EA293B11D6F150D5708D68632F08
12-16 13:55:07.594   569   590 E WindowManager: Unknown window type: 2999
12-16 13:55:07.605  2963  2963 D TemiSdkServiceConnection: bindServiceUsa=true
12-16 13:55:07.611   569   590 E WindowManager: Unknown window type: 2999
12-16 13:55:07.627  2963  2963 W art     : Before Android 4.1, method android.graphics.PorterDuffColorFilter androidx.vectordrawable.graphics.drawable.VectorDrawableCompat.updateTintFilter(android.graphics.PorterDuffColorFilter, android.content.res.ColorStateList, android.graphics.PorterDuff$Mode) would have incorrectly overridden the package-private method in android.graphics.drawable.Drawable
12-16 13:55:07.637   569   590 E WindowManager: Unknown window type: 2999
12-16 13:55:07.650  2963  2963 I art     : Rejecting re-init on previously-failed class java.lang.Class<androidx.core.view.ViewCompat$2>
12-16 13:55:07.650  2963  2963 I art     : Rejecting re-init on previously-failed class java.lang.Class<androidx.core.view.ViewCompat$2>
12-16 13:55:07.654   569   590 E WindowManager: Unknown window type: 2999
12-16 13:55:07.672   569   590 E WindowManager: Unknown window type: 2999
12-16 13:55:07.690   569   590 E WindowManager: Unknown window type: 2999
12-16 13:55:07.708   569   590 E WindowManager: Unknown window type: 2999
12-16 13:55:07.725   569   590 E WindowManager: Unknown window type: 2999
12-16 13:55:07.743   569   590 E WindowManager: Unknown window type: 2999
12-16 13:55:07.761   569   590 E WindowManager: Unknown window type: 2999
12-16 13:55:07.778   569   590 E WindowManager: Unknown window type: 2999
12-16 13:55:07.779  1750  2282 I Icing   : Indexing 13F8ADD7F7B9EA293B11D6F150D5708D68632F08 from com.google.android.gms
12-16 13:55:07.780  1750  2282 I Icing   : Indexing done 13F8ADD7F7B9EA293B11D6F150D5708D68632F08
12-16 13:55:07.796   569   590 E WindowManager: Unknown window type: 2999
12-16 13:55:07.814   569   590 E WindowManager: Unknown window type: 2999
12-16 13:55:07.831   569   590 E WindowManager: Unknown window type: 2999
12-16 13:55:07.832  2963  2976 D OpenGLRenderer: Use EGL_SWAP_BEHAVIOR_PRESERVED: true
12-16 13:55:07.839  2963  2963 D TemiSdkServiceConnection: onServiceConnected(ComponentName, IBinder) (name=ComponentInfo{com.roboteam.teamy.usa/com.roboteam.teamy.sdk.SdkService}, service=android.os.BinderProxy@142840e)
12-16 13:55:07.849   569   590 E WindowManager: Unknown window type: 2999
12-16 13:55:07.851   569   590 V WindowManager: Eval win Window{b3d00c1 u0 Starting com.robotemi.sdk.sample}: isDrawn=true, isAnimating=true
12-16 13:55:07.851   569   590 V WindowManager: Eval win Window{e2d9f16 u0 com.robotemi.sdk.sample/com.robotemi.sdk.sample.MainActivity}: isDrawn=false, isAnimating=true
12-16 13:55:07.851   569   590 V WindowManager: Not displayed: s=null pv=true mDrawState=NO_SURFACE ah=false th=false a=false
12-16 13:55:07.867   569   590 E WindowManager: Unknown window type: 2999
12-16 13:55:07.868   569   583 I WindowStateAnimator: createSurface WindowStateAnimator{7dc96a2 com.robotemi.sdk.sample/com.robotemi.sdk.sample.MainActivity}: mDrawState=DRAW_PENDING
12-16 13:55:07.882   569   583 V WindowManager: Done at AppWindowToken{e777fa7 token=Token{c841d8e ActivityRecord{356a989 u0 com.robotemi.sdk.sample/.MainActivity t236}}} -- full screen, return 0
12-16 13:55:07.882   569   583 V WindowManager: Eval win Window{b3d00c1 u0 Starting com.robotemi.sdk.sample}: isDrawn=true, isAnimating=true
12-16 13:55:07.882   569   583 V WindowManager: Eval win Window{e2d9f16 u0 com.robotemi.sdk.sample/com.robotemi.sdk.sample.MainActivity}: isDrawn=false, isAnimating=true
12-16 13:55:07.882   569   583 V WindowManager: Not displayed: s=Surface(name=com.robotemi.sdk.sample/com.robotemi.sdk.sample.MainActivity) pv=true mDrawState=DRAW_PENDING ah=false th=false a=false
12-16 13:55:07.882   569   583 V WindowManager: Resize reasons for w=Window{e2d9f16 u0 com.robotemi.sdk.sample/com.robotemi.sdk.sample.MainActivity}:  contentInsetsChanged=false [0,0][0,0] visibleInsetsChanged=false [0,0][0,0] stableInsetsChanged=false [0,0][0,0] outsetsChanged=false [0,0][0,0] surfaceResized=false configChanged=true
12-16 13:55:07.882   569   583 V WindowManager: Resizing window Window{e2d9f16 u0 com.robotemi.sdk.sample/com.robotemi.sdk.sample.MainActivity} to 1920.0x1200.0
12-16 13:55:07.882   569   583 V WindowState: Reporting new frame to Window{e2d9f16 u0 com.robotemi.sdk.sample/com.robotemi.sdk.sample.MainActivity}: Rect(0, 0 - 1920, 1200)
12-16 13:55:07.882   569   583 I WindowState: Sending new config to window Window{e2d9f16 u0 com.robotemi.sdk.sample/com.robotemi.sdk.sample.MainActivity}: 1920.0x1200.0 / config={1.0 ?mcc?mnc en_US ldltr sw800dp w1280dp h800dp 240dpi xlrg land finger -keyb/v/h -nav/h s.4} overrideConfig={1.0 ?mcc?mnc ?locale ?layoutDir ?swdp ?wdp ?hdp ?density ?lsize ?long ?orien ?uimode ?night ?touch ?keyb/?/? ?nav/?}
12-16 13:55:07.882   569   583 I WindowState: Resizing Window{e2d9f16 u0 com.robotemi.sdk.sample/com.robotemi.sdk.sample.MainActivity} WITH DRAW PENDING
12-16 13:55:07.885   569   590 E WindowManager: Unknown window type: 2999
12-16 13:55:07.885  2963  2976 I mali_so : [File] : hardware/arm/maliT760/driver/product/base/src/mali_base_kbase.c; [Line] : 928; [Func] : base_context_deal_with_version_affairs_rk_ext;
12-16 13:55:07.885  2963  2976 I mali_so : arm_release_ver of this mali_so is 'r12p0-04rel0', rk_so_ver is '12@0', built at '17:00:15', on 'Aug 16 2016'.
12-16 13:55:07.885  2963  2976 I mali_so : [File] : hardware/arm/maliT760/driver/product/base/src/mali_base_kbase.c; [Line] : 955; [Func] : base_context_deal_with_version_affairs_rk_ext;
12-16 13:55:07.885  2963  2976 I mali_so : mali_ver_property has been set to 'r12p0-04rel0-13-12@0', to return.
12-16 13:55:07.886   569   590 V WindowManager: Eval win Window{b3d00c1 u0 Starting com.robotemi.sdk.sample}: isDrawn=true, isAnimating=false
12-16 13:55:07.886   569   590 V WindowManager: Eval win Window{e2d9f16 u0 com.robotemi.sdk.sample/com.robotemi.sdk.sample.MainActivity}: isDrawn=false, isAnimating=false
12-16 13:55:07.886   569   590 V WindowManager: Not displayed: s=Surface(name=com.robotemi.sdk.sample/com.robotemi.sdk.sample.MainActivity) pv=true mDrawState=DRAW_PENDING ah=false th=false a=false
12-16 13:55:07.888   569   590 V WindowManager: Eval win Window{b3d00c1 u0 Starting com.robotemi.sdk.sample}: isDrawn=true, isAnimating=false
12-16 13:55:07.888   569   590 V WindowManager: Eval win Window{e2d9f16 u0 com.robotemi.sdk.sample/com.robotemi.sdk.sample.MainActivity}: isDrawn=false, isAnimating=false
12-16 13:55:07.888   569   590 V WindowManager: Not displayed: s=Surface(name=com.robotemi.sdk.sample/com.robotemi.sdk.sample.MainActivity) pv=true mDrawState=DRAW_PENDING ah=false th=false a=false
12-16 13:55:07.890  2963  2976 I OpenGLRenderer: Initialized EGL, version 1.4
12-16 13:55:07.897  2963  2976 D Surface : Surface::final mReqUsage=a00
12-16 13:55:07.897  2963  2976 D mali_winsys: EGLint new_window_surface(egl_winsys_display*, void*, EGLSurface, EGLConfig, egl_winsys_surface**, egl_color_buffer_format*, EGLBoolean) returns 0x3000
12-16 13:55:07.902   569   590 E WindowManager: Unknown window type: 2999
12-16 13:55:07.902   187   187 W SurfaceFlinger: couldn't log to binary event log: overflow.
12-16 13:55:07.906   187   802 D gralloc : Isfb=0, [1920,1200,1920,7680], fmt=1, byte_stride=7680
12-16 13:55:07.917   187   802 D gralloc : Isfb=0, [1920,1200,1920,7680], fmt=1, byte_stride=7680
12-16 13:55:07.926   187   802 D gralloc : Isfb=0, [1920,1200,1920,7680], fmt=1, byte_stride=7680
12-16 13:55:07.972   187   203 D gralloc : Isfb=0, [1200,1920,1200,4800], fmt=1, byte_stride=4800
12-16 13:55:08.036   187   201 D gralloc : Isfb=0, [1200,1920,1200,4800], fmt=1, byte_stride=4800
12-16 13:55:08.041   569   896 V WindowStateAnimator: finishDrawingLocked: mDrawState=COMMIT_DRAW_PENDING WindowStateAnimator{7dc96a2 com.robotemi.sdk.sample/com.robotemi.sdk.sample.MainActivity} in Surface(name=com.robotemi.sdk.sample/com.robotemi.sdk.sample.MainActivity)
12-16 13:55:08.042   569   590 V WindowManager: Eval win Window{b3d00c1 u0 Starting com.robotemi.sdk.sample}: isDrawn=true, isAnimating=false
12-16 13:55:08.042   569   590 V WindowManager: Eval win Window{e2d9f16 u0 com.robotemi.sdk.sample/com.robotemi.sdk.sample.MainActivity}: isDrawn=true, isAnimating=false
12-16 13:55:08.042   569   590 V WindowManager: tokenMayBeDrawn: AppWindowToken{e777fa7 token=Token{c841d8e ActivityRecord{356a989 u0 com.robotemi.sdk.sample/.MainActivity t236}}} freezingScreen=false mAppFreezing=false
12-16 13:55:08.043   569   590 I WindowManager:   SURFACE SHOW (performShowLocked): Window{e2d9f16 u0 com.robotemi.sdk.sample/com.robotemi.sdk.sample.MainActivity}
12-16 13:55:08.044   569   590 I ActivityManager: Displayed com.robotemi.sdk.sample/.MainActivity: +529ms
12-16 13:55:08.044   569   590 E WindowManager: Unknown window type: 2999
12-16 13:55:08.061   569   590 E WindowManager: Unknown window type: 2999
12-16 13:55:08.063   187   802 D gralloc : Isfb=0, [1200,1920,1200,4800], fmt=1, byte_stride=4800
12-16 13:55:08.066   569   583 V WindowManager: setAppVisibility(Token{e26622f ActivityRecord{3b4880e u0 com.roboteam.teamy.usa/com.roboteam.teamy.internalactivities.settings.views.activities.SettingsActivity t235}}, visible=false): mNextAppTransition=TRANSIT_UNSET hidden=true hiddenRequested=true Callers=com.android.server.am.ActivityStack.stopActivityLocked:2764 com.android.server.am.ActivityStackSupervisor.activityIdleInternalLocked:2602 com.android.server.am.ActivityManagerService.activityIdle:6579 android.app.ActivityManagerNative.onTransact:522 com.android.server.am.ActivityManagerService.onTransact:2687 android.os.Binder.execTransact:453 
12-16 13:55:08.079   569   590 E WindowManager: Unknown window type: 2999
12-16 13:55:08.080   569  2570 V WindowManager: Done at AppWindowToken{e777fa7 token=Token{c841d8e ActivityRecord{356a989 u0 com.robotemi.sdk.sample/.MainActivity t236}}} -- full screen, return 0
12-16 13:55:08.097   569   590 E WindowManager: Unknown window type: 2999
12-16 13:55:08.115   569   590 E WindowManager: Unknown window type: 2999
12-16 13:55:08.132   569   590 E WindowManager: Unknown window type: 2999
12-16 13:55:08.150   569   590 E WindowManager: Unknown window type: 2999
12-16 13:55:08.168   569   590 E WindowManager: Unknown window type: 2999
12-16 13:55:08.185   569   590 E WindowManager: Unknown window type: 2999
12-16 13:55:08.203   569   590 E WindowManager: Unknown window type: 2999
12-16 13:55:08.221   569   590 E WindowManager: Unknown window type: 2999
12-16 13:55:08.238   569   590 E WindowManager: Unknown window type: 2999
12-16 13:55:08.256   569   590 E WindowManager: Unknown window type: 2999
12-16 13:55:08.274   569   590 E WindowManager: Unknown window type: 2999
12-16 13:55:13.740   569   895 I ActivityManager: Killing 1460:com.android.exchange/u0a23 (adj 15): empty #17
12-16 13:55:13.909   569   586 W art     : Long monitor contention event with owner method=void com.android.server.am.ActivityManagerService.serviceDoneExecuting(android.os.IBinder, int, int, int) from ActivityManagerService.java:16382 waiters=0 for 173ms
12-16 13:55:21.077   569   789 V AlarmManager: triggered: cmp=com.android.vending/com.google.android.finsky.services.ContentSyncService Pkg: com.android.vending
12-16 13:55:21.098  1651  1729 W Finsky  : [110] com.google.android.finsky.FinskyApp.i(1465): No account configured on this device.
12-16 13:55:21.100  1651  1729 I Finsky  : [110] com.google.android.finsky.c.e.run(1151): Replicating app states via AMAS.
12-16 13:55:21.199  1651  1729 I Finsky  : [110] com.google.android.finsky.c.c.a(311): Completed 0 account content syncs with 0 successful.
12-16 13:55:21.200  1651  1651 I Finsky  : [1] com.google.android.finsky.services.j.a(149): Installation state replication succeeded.
12-16 13:55:24.460  1750  2445 I ClearcutLoggerApiImpl: disconnect managed GoogleApiClient
12-16 13:55:36.391   569   820 D ConnectivityService: updateNetworkScore for NetworkAgentInfo [WIFI () - 100] to 56
12-16 13:55:37.856   569   587 D Tethering: interfaceLinkStateChanged wlan0, true
12-16 13:55:37.856   569   587 D Tethering: interfaceStatusChanged wlan0, true
12-16 13:55:39.414   569   820 D ConnectivityService: updateNetworkScore for NetworkAgentInfo [WIFI () - 100] to 60
12-16 13:55:51.512   569   820 D ConnectivityService: updateNetworkScore for NetworkAgentInfo [WIFI () - 100] to 56
12-16 13:56:57.886   569   587 D Tethering: interfaceLinkStateChanged wlan0, true
12-16 13:56:57.887   569   587 D Tethering: interfaceStatusChanged wlan0, true
12-16 13:56:57.997   569   820 D ConnectivityService: updateNetworkScore for NetworkAgentInfo [WIFI () - 100] to 60
12-16 13:57:00.248  1651  1726 W PlayEventLogger: No account for auth token provided
12-16 13:57:10.093   569   820 D ConnectivityService: updateNetworkScore for NetworkAgentInfo [WIFI () - 100] to 56
12-16 13:58:25.691   569   820 D ConnectivityService: updateNetworkScore for NetworkAgentInfo [WIFI () - 100] to 60
12-16 13:58:34.763   569   820 D ConnectivityService: updateNetworkScore for NetworkAgentInfo [WIFI () - 100] to 56
12-16 13:58:57.913   569   587 D Tethering: interfaceLinkStateChanged wlan0, true
12-16 13:58:57.913   569   587 D Tethering: interfaceStatusChanged wlan0, true
12-16 13:58:58.941   569   820 D ConnectivityService: updateNetworkScore for NetworkAgentInfo [WIFI () - 100] to 60
12-16 13:59:11.042   569   820 D ConnectivityService: updateNetworkScore for NetworkAgentInfo [WIFI () - 100] to 56
12-16 14:01:27.126   569   820 D ConnectivityService: updateNetworkScore for NetworkAgentInfo [WIFI () - 100] to 60
12-16 14:01:36.195   569   820 D ConnectivityService: updateNetworkScore for NetworkAgentInfo [WIFI () - 100] to 56
12-16 14:01:37.934   569   587 D Tethering: interfaceLinkStateChanged wlan0, true
12-16 14:01:37.934   569   587 D Tethering: interfaceStatusChanged wlan0, true
12-16 14:01:39.218   569   820 D ConnectivityService: updateNetworkScore for NetworkAgentInfo [WIFI () - 100] to 60
12-16 14:01:51.313   569   820 D ConnectivityService: updateNetworkScore for NetworkAgentInfo [WIFI () - 100] to 56
12-16 14:03:01.241  2963  2963 I BATTERY : 100
12-16 14:03:01.242  2963  2963 D FLINTEMI_SEQUENCE: Constructing State Machine
12-16 14:03:01.242  2963  2963 V FLINTEMI_SEQUENCE: Constructing StateMachine(Robot robot, MainActivity main)
12-16 14:03:01.242  2963  2963 V FLINTEMI_SEQUENCE: StateMachine	=	flinderstemi.StateMachine@ef4ab72
12-16 14:03:01.242  2963  2963 V FLINTEMI_SEQUENCE: robot	=	com.robotemi.sdk.Robot@695ebc3
12-16 14:03:01.242  2963  2963 V FLINTEMI_SEQUENCE: StateMachine	=	com.robotemi.sdk.sample.MainActivity@f0bcf02
12-16 14:03:01.242  2963  2963 V FLINTEMI_STATE: StateMachine getApplicationContext(), getResources()
12-16 14:03:01.243  2963  2963 D FLINTEMI_UI: Thought	=	Constructing State Machine
12-16 14:03:01.243  2963  2963 D FLINTEMI_STATE: Set Initial Conditions
12-16 14:03:01.243  2963  2963 V FLINTEMI_STATE: ICL
12-16 14:03:01.243  2963  2963 V FLINTEMI_STATE: state			=	0
12-16 14:03:01.243  2963  2963 V FLINTEMI_STATE: speechIndex		=	0
12-16 14:03:01.243  2963  2963 V FLINTEMI_STATE: locationIndex	=	1
12-16 14:03:01.243  2963  2963 V FLINTEMI_STATE: locationLoopIndex	=	0
12-16 14:03:01.248  2963  2963 D FLINTEMI_SPEECH: Populated initial speechQueue
12-16 14:03:01.248  2963  2963 V FLINTEMI_SPEECH: [TtsRequest{id=58571509-9a82-42f3-aa8b-a44d06ee8968, speech='Starting custom routine. Beep boop.', packageName='', status=PENDING, isShowOnConversationLayer=false}, TtsRequest{id=a53e90df-0688-4163-844a-ab70f74426b1, speech='I will start my patrol.', packageName='', status=PENDING, isShowOnConversationLayer=false}]
12-16 14:03:01.250  2963  2963 D FLINTEMI_LOCATION: robot.getLocations()
12-16 14:03:01.250  2963  2963 V FLINTEMI_LOCATION: Locations = [home base, b, a]
12-16 14:03:01.251  2963  2963 I System.out: FLINTEMI: Construct DetectionListener
12-16 14:03:01.251  2963  2963 I System.out: FLINTEMI: Construct TTSSequenceListener
12-16 14:03:01.251  2963  2963 D FLINTEMI_LISTENER: Instantiated new TTSSequenceListener(robot, this) implements TtsListener
12-16 14:03:01.251  2963  2963 V FLINTEMI_LISTENER: Instantiated new TTSSequenceListener: flinderstemi.util.listeners.TTSSequenceListener@29b6f15
12-16 14:03:01.251  2963  2963 D FLINTEMI_LISTENER: Added TTSSequenceListener implements TtsListener
12-16 14:03:01.251  2963  2963 V FLINTEMI_LISTENER: Added TTSSequenceListener: flinderstemi.util.listeners.TTSSequenceListener@29b6f15
12-16 14:03:01.251   227   262 D AudioHardwareTiny: start_output_stream
12-16 14:03:01.251  2963  2963 D FLINTEMI_SEQUENCE: Completed Constructing StateMachine(Robot robot, MainActivity main)
12-16 14:03:01.252  2963  2963 I System.out: FLINTEMI: Create Initialisation Routine
12-16 14:03:01.252   227   262 D alsa_route: route_info->sound_card 0, route_info->devices 0  
12-16 14:03:01.252  2963  2963 D FLINTEMI_UI: Thought	=	Initialisation
12-16 14:03:01.252   227   262 D alsa_route: route_set_controls() set route 0
12-16 14:03:01.253  2963  3044 I FLINTEMI_SEQUENCE: StateMachine is now running.
12-16 14:03:01.253  2963  3044 D FLINTEMI_SEQUENCE: StateMachine run()
12-16 14:03:01.254  2963  3044 V FLINTEMI_SEQUENCE: StateMachine run(): flinderstemi.StateMachine@ef4ab72
12-16 14:03:01.254  2963  3044 V FLINTEMI_SEQUENCE: while loop top
12-16 14:03:01.254  2963  3044 I FLINTEMI_BATTERY: SOC	=	100
12-16 14:03:01.255  2963  3044 D BATTERY : batteryState(soc)=3 [FULL]
12-16 14:03:01.255  2963  3044 D FLINTEMI_SEQUENCE: Do action at state	=	0
12-16 14:03:01.255  2963  3044 D FLINTEMI_STATE: state	=	0
12-16 14:03:01.255  2963  3044 D FLINTEMI_SEQUENCE: switch (state = GREETING = 0)
12-16 14:03:01.255  2963  3044 V FLINTEMI_SPEECH: speechQueue index	=	0
12-16 14:03:01.256  2963  3044 V FLINTEMI_SPEECH: TtsRequest UUID = 58571509-9a82-42f3-aa8b-a44d06ee8968
12-16 14:03:01.256  2963  3044 D FLINTEMI_SPEECH: robot.speak( "Starting custom routine. Beep boop." )
12-16 14:03:01.257   227   826 E MediaPlayerFactory: 2019 03 30 -------- getPlayerType()---------------- 234 !!!! 
12-16 14:03:01.258   227   826 E MediaPlayerFactory: filePath = /data/app/com.robotemi.sdk.sample-1/base.apk 
12-16 14:03:01.258   227   826 E MediaPlayerFactory: 2019 03 30 -------- getPlayerType()---------------- return STAGEFRIGHT_PLAYER !!!! 
12-16 14:03:01.258   227   826 I AwesomePlayer: AwesomePlayer::AwesomePlayer()in
12-16 14:03:01.258   227   826 I AwesomePlayer: AwesomePlayer::AwesomePlayer()aftermClient.connect()
12-16 14:03:01.264   227   826 D AwesomePlayer: the format is mimeTypeaudio/mpeg,confidence:0.400000
12-16 14:03:01.266  2963  3044 V FLINTEMI_STATE: speechIndex	=	0
12-16 14:03:01.266  2963  3044 D FLINTEMI_SEQUENCE: Finished action at state	=	0
12-16 14:03:01.266  2963  3044 D FLINTEMI_SEQUENCE: synchronise routine
12-16 14:03:01.266  2963  3044 D FLINTEMI_SEQUENCE: try wait
12-16 14:03:01.269   569  2570 I MediaFocusControl:  AudioFocus  requestAudioFocus() from android.media.AudioManager@f511a21com.roboteam.teamy.assistants.ConversationMediator@2045e46 req=3flags=0x0
12-16 14:03:01.272   569  1159 I MediaFocusControl:  AudioFocus  requestAudioFocus() from android.media.AudioManager@f511a21com.roboteam.teamy.assistants.ConversationMediator@2045e46 req=3flags=0x0
12-16 14:03:01.278   227   262 D AudioFlinger: mixer(0xb35b7008) throttle end: throttle time(10)
12-16 14:03:01.277   227  3045 I OMXCodec: --->InstantiateSoftwareCodec create OMX.google.mp3.decoder codec
12-16 14:03:01.284  2963  2963 D MediaPlayer: setSubtitleAnchor in MediaPlayer
12-16 14:03:01.319  2963  2963 I System.out: FLINTEMI: TtsRequest.getStatus()=PROCESSING:Starting custom routine. Beep boop.
12-16 14:03:01.874   227   227 E MediaPlayerFactory: 2019 03 30 -------- getPlayerType()44444444444444 call GET_PLAYER_TYPE_IMPL() !!!! 
12-16 14:03:01.900   227  3054 D NuPlayerDriver: notifyListener_l(0xb8bd95e8), (1, 0, 0)
12-16 14:03:01.900   897   897 D MediaPlayer: setSubtitleAnchor in MediaPlayer
12-16 14:03:01.916  2963  2963 I System.out: FLINTEMI: TtsRequest.getStatus()=STARTED:Starting custom routine. Beep boop.
12-16 14:03:01.919   227   490 D NuPlayerDriver: start(0xb8bd95e8), state is 4, eos is 0
12-16 14:03:01.919   227  3054 I GenericSource: start
12-16 14:03:01.941   227  3060 E OMXNodeInstance: setConfig(1e:google.opus.decoder, ConfigPriority(0x6f800002)) ERROR: Undefined(0x80001001)
12-16 14:03:01.942   227  3060 I ACodec  : codec does not support config priority (err -2147483648)
12-16 14:03:01.945   227  3060 I MediaCodec: MediaCodec will operate in async mode
12-16 14:03:01.958   227  3054 D NuPlayerDriver: notifyListener_l(0xb8bd95e8), (6, 0, 0)
12-16 14:03:01.958   227  3058 W MediaClock: reject anchor time since it is negative.
12-16 14:03:01.959   227  3058 W MediaClock: reject anchor time since it is negative.
12-16 14:03:01.959   227  3058 W MediaClock: reject anchor time since it is negative.
12-16 14:03:01.961   227  3058 W MediaClock: reject anchor time since it is negative.
12-16 14:03:01.962   227  3058 W MediaClock: reject anchor time since it is negative.
12-16 14:03:01.962   227  3058 W MediaClock: reject anchor time since it is negative.
12-16 14:03:01.965   227  3058 W MediaClock: reject anchor time since it is negative.
12-16 14:03:01.966   227  3058 W MediaClock: reject anchor time since it is negative.
12-16 14:03:01.966   227  3058 W MediaClock: reject anchor time since it is negative.
12-16 14:03:01.967   227  3058 W MediaClock: reject anchor time since it is negative.
12-16 14:03:01.968   227  3058 W MediaClock: reject anchor time since it is negative.
12-16 14:03:01.969   227  3058 W MediaClock: reject anchor time since it is negative.
12-16 14:03:01.970   227  3058 W MediaClock: reject anchor time since it is negative.
12-16 14:03:01.970   227  3058 W MediaClock: reject anchor time since it is negative.
12-16 14:03:01.972   227  3058 W MediaClock: reject anchor time since it is negative.
12-16 14:03:01.972   227  3058 W MediaClock: reject anchor time since it is negative.
12-16 14:03:01.973   227  3058 W MediaClock: reject anchor time since it is negative.
12-16 14:03:01.974   227  3058 W MediaClock: reject anchor time since it is negative.
12-16 14:03:01.974   227  3058 W MediaClock: reject anchor time since it is negative.
12-16 14:03:01.975   227  3058 W MediaClock: reject anchor time since it is negative.
12-16 14:03:01.976   227  3058 W MediaClock: reject anchor time since it is negative.
12-16 14:03:01.977   227  3058 W MediaClock: reject anchor time since it is negative.
12-16 14:03:01.978   227  3058 W MediaClock: reject anchor time since it is negative.
