01-01 22:30:41.345  1219  1234 D Error   : 	at android.os.Binder.execTransact(Binder.java:453)
01-01 22:30:41.345  1219  1234 D Error   : # via Binder call with stack:
01-01 22:30:41.345  1219  1234 D Error   : android.os.StrictMode$LogStackTrace
01-01 22:30:41.345  1219  1234 D Error   : 	at android.os.StrictMode.readAndHandleBinderCallViolations(StrictMode.java:1911)
01-01 22:30:41.345  1219  1234 D Error   : 	at android.os.Parcel.readExceptionCode(Parcel.java:1601)
01-01 22:30:41.345  1219  1234 D Error   : 	at android.os.Parcel.readException(Parcel.java:1570)
01-01 22:30:41.345  1219  1234 D Error   : 	at joh.c(SourceFile:111)
01-01 22:30:41.345  1219  1234 D Error   : 	at ihg.equals(SourceFile:78)
01-01 22:30:41.345  1219  1234 D Error   : 	at izd.b(SourceFile:245)
01-01 22:30:41.345  1219  1234 D Error   : 	at izd.a(SourceFile:152)
01-01 22:30:41.345  1219  1234 D Error   : 	at izd.b(SourceFile:137)
01-01 22:30:41.345  1219  1234 D Error   : 	at izd.b(SourceFile:99)
01-01 22:30:41.345  1219  1234 D Error   : 	at aefd.c(SourceFile:571)
01-01 22:30:41.345  1219  1234 D Error   : 	at aefd.a(SourceFile:181)
01-01 22:30:41.345  1219  1234 D Error   : 	at aefe.b(SourceFile:93)
01-01 22:30:41.345  1219  1234 D Error   : 	at qmd.a(SourceFile:74)
01-01 22:30:41.345  1219  1234 D Error   : 	at qjf.a(SourceFile:1278)
01-01 22:30:41.345  1219  1234 D Error   : 	at rah.b(SourceFile:104)
01-01 22:30:41.345  1219  1234 D Error   : 	at rah.a(SourceFile:72)
01-01 22:30:41.345  1219  1234 D Error   : 	at rai.a(SourceFile:2052)
01-01 22:30:41.345  1219  1234 D Error   : 	at rap.c(SourceFile:205)
01-01 22:30:41.345  1219  1234 D Error   : 	at qzo.onTransact(SourceFile:150)
01-01 22:30:41.345  1219  1234 D Error   : 	at android.os.Binder.execTransact(Binder.java:453)
01-01 22:30:41.345  1219  1234 D Error   : # via Binder c
01-01 22:30:41.345  1219  1234 D Error   : ERR: TOTAL BYTES WRITTEN: 121672
01-01 22:30:41.346   234   234 D WVMExtractor: Failed to open libwvm.so
01-01 22:30:41.347   234   234 D AwesomePlayer: the format is mimeTypeapplication/ogg,confidence:0.200000
01-01 22:30:41.350  1219  1525 W GCoreFlp: No location to return for getLastLocation()
01-01 22:30:41.350  1219  1234 W FusedLocationProvider: location=null
01-01 22:30:41.363  1219  1525 W GCoreFlp: No location to return for getLastLocation()
01-01 22:30:41.363  1219  1528 W FusedLocationProvider: location=null
01-01 22:30:41.373   234  2133 I OMXCodec: --->InstantiateSoftwareCodec create OMX.google.vorbis.decoder codec
01-01 22:30:41.376  1845  1845 D MediaPlayer: setSubtitleAnchor in MediaPlayer
01-01 22:30:41.380  1845  1845 D Ringtone: Successfully created local player
01-01 22:30:41.380  1845  1845 I bt_bluedroid: get_profile_interface handsfree_client
01-01 22:30:41.380  1845  1915 I bt_btif_storage: btif_storage_get_adapter_property service_mask:0x21140008
01-01 22:30:41.381  1845  2131 D HeadsetClientStateMachine: Enter Disconnected: -2
01-01 22:30:41.386  1845  1845 I BluetoothAvrcpControllerJni: classInitNative: succeeds
01-01 22:30:41.386  1845  1845 I bt_bluedroid: get_profile_interface avrcp_ctrl
01-01 22:30:41.386  1845  1845 D BluetoothAdapterService: getAdapterService() - returning com.android.bluetooth.btservice.AdapterService@d7f3250
01-01 22:30:41.389  1845  1845 D AvrcpControllerService: Received start request. Starting profile...
01-01 22:30:41.389   892   892 D BluetoothAvrcpController: Proxy object connected
01-01 22:30:41.391  1845  1845 V BluetoothAdapterState: isTurningOff()=false
01-01 22:30:41.391  1845  1845 V BluetoothAdapterState: isTurningOn()=true
01-01 22:30:41.391  1845  1845 V BluetoothAdapterState: isBleTurningOn()=false
01-01 22:30:41.391  1845  1845 V BluetoothAdapterState: isBleTurningOff()=false
01-01 22:30:41.391  1845  1845 V BluetoothAdapterState: isTurningOff()=false
01-01 22:30:41.391  1845  1845 V BluetoothAdapterState: isTurningOn()=true
01-01 22:30:41.391  1845  1845 V BluetoothAdapterState: isBleTurningOn()=false
01-01 22:30:41.391  1845  1845 V BluetoothAdapterState: isBleTurningOff()=false
01-01 22:30:41.391  1845  1845 V BluetoothAdapterState: isTurningOff()=false
01-01 22:30:41.391  1845  1845 V BluetoothAdapterState: isTurningOn()=true
01-01 22:30:41.391  1845  1845 V BluetoothAdapterState: isBleTurningOn()=false
01-01 22:30:41.391  1845  1845 V BluetoothAdapterState: isBleTurningOff()=false
01-01 22:30:41.391  1845  1845 V BluetoothAdapterState: isTurningOff()=false
01-01 22:30:41.391  1845  1845 V BluetoothAdapterState: isTurningOn()=true
01-01 22:30:41.391  1845  1845 V BluetoothAdapterState: isBleTurningOn()=false
01-01 22:30:41.391  1845  1845 V BluetoothAdapterState: isBleTurningOff()=false
01-01 22:30:41.393  1845  1845 V BluetoothAdapterState: isTurningOff()=false
01-01 22:30:41.393  1845  1845 V BluetoothAdapterState: isTurningOn()=true
01-01 22:30:41.393  1845  1845 V BluetoothAdapterState: isBleTurningOn()=false
01-01 22:30:41.393  1845  1845 V BluetoothAdapterState: isBleTurningOff()=false
01-01 22:30:41.393  1845  1845 V BluetoothAdapterState: isTurningOff()=false
01-01 22:30:41.393  1845  1845 V BluetoothAdapterState: isTurningOn()=true
01-01 22:30:41.393  1845  1845 V BluetoothAdapterState: isBleTurningOn()=false
01-01 22:30:41.393  1845  1845 V BluetoothAdapterState: isBleTurningOff()=false
01-01 22:30:41.394  1845  1911 D BluetoothAdapterState: Current state: PENDING_COMMAND, message: 2
01-01 22:30:41.394  1845  1911 D BluetoothAdapterProperties: ScanMode =  20
01-01 22:30:41.394  1845  1911 D BluetoothAdapterProperties: State =  11
01-01 22:30:41.394  1845  1911 D BluetoothAdapterProperties: Setting state to 12
01-01 22:30:41.394  1845  1911 I BluetoothAdapterState: Bluetooth adapter state changed: 11-> 12
01-01 22:30:41.394  1845  1911 I BluetoothAdapterState: Entering OnState
01-01 22:30:41.394   869   888 D BluetoothInputDevice: onBluetoothStateChange: up=true
01-01 22:30:41.395  1845  1915 D BluetoothAdapterProperties: Scan Mode:21
01-01 22:30:41.395  1845  1915 D BluetoothAdapterProperties: Discoverable Timeout:120
01-01 22:30:41.395   869  1607 D BluetoothPan: onBluetoothStateChange on: true
01-01 22:30:41.395  1845  1911 D BluetoothAdapterService: BBBBBBBBBBBBBB Enter autoConnectA2dpSink() ...
01-01 22:30:41.395   892   905 D BluetoothAvrcpController: onBluetoothStateChange: up=true
01-01 22:30:41.395   569   589 D BluetoothHeadset: onBluetoothStateChange: up=true
01-01 22:30:41.396   869   891 D BluetoothMap: onBluetoothStateChange: up=true
01-01 22:30:41.396   869   891 E BluetoothMap: Could not bind to Bluetooth MAP Service with Intent { act=android.bluetooth.IBluetoothMap }
01-01 22:30:41.396   869   888 D BluetoothPbap: onBluetoothStateChange: up=true
01-01 22:30:41.397   569   589 D BluetoothA2dp: onBluetoothStateChange: up=true
01-01 22:30:41.397   569   589 E BluetoothA2dp: Could not bind to Bluetooth A2DP Service with Intent { act=android.bluetooth.IBluetoothA2dp }
01-01 22:30:41.397   569   589 D BluetoothHeadset: onBluetoothStateChange: up=true
01-01 22:30:41.397   569   589 D BluetoothHeadset: onBluetoothStateChange: up=true
01-01 22:30:41.397   860  1208 D BluetoothHeadset: onBluetoothStateChange: up=true
01-01 22:30:41.399   569   569 I Telecom : BluetoothPhoneService: queryPhoneState
01-01 22:30:41.401   869  1435 D LocalBluetoothProfileManager: Adding local A2DP profile
01-01 22:30:41.404   869  1435 E BluetoothA2dp: Could not bind to Bluetooth A2DP Service with Intent { act=android.bluetooth.IBluetoothA2dp }
01-01 22:30:41.422  2010  2106 W art     : Verification of void ker.onCreate(android.os.Bundle) took 373.029ms
01-01 22:30:41.431  1845  1915 D BluetoothAdapterProperties: Name is: Brandon's temi
01-01 22:30:41.577  1219  1691 I GCoreUlr: WorldUpdater:android.intent.action.BOOT_COMPLETED: Ensuring that reporting is stopped because of reasons: (no Google accounts)
01-01 22:30:41.578  1219  2043 I PhenotypeFlagCommitter: Experiment Configs successfully retrieved for com.google.android.gms.lockbox
01-01 22:30:41.587  1219  1691 I GCoreUlr: Unbound from all location providers
01-01 22:30:41.595  1219  1525 W GCoreFlp: No location to return for getLastLocation()
01-01 22:30:41.596  1219  2043 W FusedLocationProvider: location=null
01-01 22:30:41.599  2010  2101 W GooglePlayServicesUtil: Google Play services out of date.  Requires 11910000 but found 9083436
01-01 22:30:41.607   569   808 E wifi    : wifi_get_supported_feature_set returned error = 0xffffffa1
01-01 22:30:41.711  2010  2101 W GooglePlayServicesUtil: Google Play services out of date.  Requires 11910000 but found 9083436
01-01 22:30:41.711  2010  2144 W GooglePlayServicesUtil: Google Play services out of date.  Requires 11910000 but found 9083436
01-01 22:30:41.823  2010  2096 E YouTube : Failed delayed event dispatch, no dispatchers.
01-01 22:30:41.832  1219  1219 I GCoreUlr: DispatchingService.onDestroy()
01-01 22:30:41.832  1219  1219 I GCoreUlr: Stopping handler for UlrDispSvcFast
01-01 22:30:41.837  1219  1219 I GCoreUlr: Unbound from all location providers
01-01 22:30:41.840   569   903 D ConnectivityService: listenForNetwork for Listen from uid/pid:10043/2010 for NetworkRequest [ id=5, legacyType=-1, [ Capabilities: INTERNET&NOT_RESTRICTED&TRUSTED] ]
01-01 22:30:41.841  1219  1537 W GeofencerStateMachine: Ignoring removeGeofence because network location is disabled.
01-01 22:30:41.843  1219  1537 W GeofencerStateMachine: Ignoring removeGeofence because network location is disabled.
01-01 22:30:42.002   234   816 D CameraHal: camera_get_camera_info(1312): camera_get_camera_info(1312): camera_0 facing(0), orientation(90)
01-01 22:30:42.003   234   504 D CameraHal: camera_get_camera_info(1312): camera_get_camera_info(1312): camera_1 facing(1), orientation(270)
01-01 22:30:42.093  2010  2205 I PrimesTesting: GserviceFlagsSupplier.get()
01-01 22:30:42.125  2010  2205 I CrashMetricService: Startup metric for 'PRIMES_CRASH_MONITORING_INITIALIZED' dropped.
01-01 22:30:42.310  2010  2010 W YT.MDX.zds: CastAppId for type 0 not found. Defaulting to mainCastAppId.
01-01 22:30:42.330  2010  2167 D SensorManager: aidl getSensorManager:android.hardware.ISensorManager$Stub$Proxy@b4d7081
01-01 22:30:42.352  2010  2010 W YT.MDX.zds: CastAppId for type 0 not found. Defaulting to mainCastAppId.
01-01 22:30:42.559   569   785 V AlarmManager: triggered: act=com.android.providers.calendar.intent.CalendarProvider2 cmp=com.android.providers.calendar/.CalendarProviderBroadcastReceiver Pkg: com.android.providers.calendar
01-01 22:30:42.928  1219  1219 V UserPresentBroadcastReceiver: Received Intent { act=android.intent.action.USER_PRESENT flg=0x24000010 cmp=com.google.android.gms/.trustagent.UserPresentBroadcastReceiver }.
01-01 22:30:43.203  1219  2269 D GCM     : GcmService start Intent { act=com.google.android.checkin.CHECKIN_COMPLETE flg=0x10 cmp=com.google.android.gms/.gcm.GcmService (has extras) } com.google.android.checkin.CHECKIN_COMPLETE
01-01 22:30:43.273  1738  1738 I CmaSystemUpdateService: receiver: Intent { act=com.google.android.gms.update.BOOT_START_SERVICE flg=0x10 pkg=com.google.android.gms cmp=com.google.android.gms/.update.SystemUpdateServiceReceiver }
01-01 22:30:43.273  1738  1738 I CmaSystemUpdateService: receiver: Intent { act=com.google.android.gms.update.BOOT_START_SERVICE flg=0x10 pkg=com.google.android.gms cmp=com.google.android.gms/.update.SystemUpdateServiceReceiver }
01-01 22:30:43.302  1738  1738 D CmaSystemUpdateService: onCreate
01-01 22:30:43.302  1738  1738 D CmaSystemUpdateService: mProcessPackageEnabled: false, mAutomaticUpdateEnabled: false
01-01 22:30:43.307  1738  1738 D CmaSystemUpdateService: onStartCommand: intent: Intent { act=com.google.android.gms.update.START_SERVICE pkg=com.google.android.gms (has extras) }
01-01 22:30:43.326  1219  2273 D GCM     : GcmService start Intent { act=com.google.android.checkin.CHECKIN_COMPLETE flg=0x10 cmp=com.google.android.gms/.gcm.GcmService (has extras) } com.google.android.checkin.CHECKIN_COMPLETE
01-01 22:30:43.328  1738  2272 I SystemUpdateTask: cancelUpdate (empty URL)
01-01 22:30:43.328  1738  2272 I CmaSystemUpdateService: active receiver: disabled
01-01 22:30:43.336  1738  1738 D CmaSystemUpdateService: onDestroy
01-01 22:30:43.393  1738  2276 V GoogleSignatureVerifier: com.google.android.gms signature not valid.  Found: 
01-01 22:30:43.393  1738  2276 V GoogleSignatureVerifier: MIIEQzCCAyugAwIBAgIJAMLgh0ZkSjCNMA0GCSqGSIb3DQEBBAUAMHQxCzAJBgNVBAYTAlVTMRMw
01-01 22:30:43.393  1738  2276 V GoogleSignatureVerifier: EQYDVQQIEwpDYWxpZm9ybmlhMRYwFAYDVQQHEw1Nb3VudGFpbiBWaWV3MRQwEgYDVQQKEwtHb29n
01-01 22:30:43.393  1738  2276 V GoogleSignatureVerifier: bGUgSW5jLjEQMA4GA1UECxMHQW5kcm9pZDEQMA4GA1UEAxMHQW5kcm9pZDAeFw0wODA4MjEyMzEz
01-01 22:30:43.393  1738  2276 V GoogleSignatureVerifier: MzRaFw0zNjAxMDcyMzEzMzRaMHQxCzAJBgNVBAYTAlVTMRMwEQYDVQQIEwpDYWxpZm9ybmlhMRYw
01-01 22:30:43.393  1738  2276 V GoogleSignatureVerifier: FAYDVQQHEw1Nb3VudGFpbiBWaWV3MRQwEgYDVQQKEwtHb29nbGUgSW5jLjEQMA4GA1UECxMHQW5k
01-01 22:30:43.393  1738  2276 V GoogleSignatureVerifier: cm9pZDEQMA4GA1UEAxMHQW5kcm9pZDCCASAwDQYJKoZIhvcNAQEBBQADggENADCCAQgCggEBAKtW
01-01 22:30:43.393  1738  2276 V GoogleSignatureVerifier: LgDYO6IIrgqWbxJOKdoR8qtW0I9Y4sypEwPpt1TTcvZApxsdyxMJZ2JORland2qSGT2y5b+3JKke
01-01 22:30:43.393  1738  2276 V GoogleSignatureVerifier: dxiLDmpHpDsz2WCbdxgxRczfey5YZnTJ4VZbH0xqWVW/8lGmPav5xVwnIiJS6HXk+BVKZF+JcWjA
01-01 22:30:43.393  1738  2276 V GoogleSignatureVerifier: sb/GEuq/eFdpuzSqeYTcfi6idkyugwfYwXFU1+5fZKUaRKYCwkkFQVfcAs1fXA5V+++FGfvjJ/Cx
01-01 22:30:43.393  1738  2276 V GoogleSignatureVerifier: URaSxaBvGdGDhfXE28LWuT9ozCl5xw4Yq5OGazvV24mZVSoOO0yZ31j7kYvtwYK6NeADwbSxDdJE
01-01 22:30:43.393  1738  2276 V GoogleSignatureVerifier: qO4k//0zOHKrUiGYXtqw/A0LFFtqoZKFjnkCAQOjgdkwgdYwHQYDVR0OBBYEFMd9jMIhF1Ylmn/T
01-01 22:30:43.393  1738  2276 V GoogleSignatureVerifier: gt9r45jk14alMIGmBgNVHSMEgZ4wgZuAFMd9jMIhF1Ylmn/Tgt9r45jk14aloXikdjB0MQswCQYD
01-01 22:30:43.393  1738  2276 V GoogleSignatureVerifier: VQQGEwJVUzETMBEGA1UECBMKQ2FsaWZvcm5pYTEWMBQGA1UEBxMNTW91bnRhaW4gVmlldzEUMBIG
01-01 22:30:43.393  1738  2276 V GoogleSignatureVerifier: A1UEChMLR29vZ2xlIEluYy4xEDAOBgNVBAsTB0FuZHJvaWQxEDAOBgNVBAMTB0FuZHJvaWSCCQDC
01-01 22:30:43.393  1738  2276 V GoogleSignatureVerifier: 4IdGZEowjTAMBgNVHRMEBTADAQH/MA0GCSqGSIb3DQEBBAUAA4IBAQBt0lLO74UwLDYKqs6Tm8/y
01-01 22:30:43.393  1738  2276 V GoogleSignatureVerifier: zKkEu116FmH4rkaymUIE0P9KaMftGlMexFlaYjzmB2OxZyl6euNXEsQH8gjwyxCUKRJNexBiGcCE
01-01 22:30:43.393  1738  2276 V GoogleSignatureVerifier: yj6z+a1fuHHvkiaai+KL8W1EyNmgjmyy8AW7P+LLlkR+ho5zEHatRbM/YAnqGcFh5iZBqpknHf1S
01-01 22:30:43.393  1738  2276 V GoogleSignatureVerifier: KMXFh4dd239FJ1jWYfbMDMy3NS5CTMQ2XFI1MvcyUTdZPErjQfTbQe3aDQsQcafEQPD+nqActifK
01-01 22:30:43.393  1738  2276 V GoogleSignatureVerifier: Z0Np0IS9L9kR/wbNvyz6ENwPiTrjV2KRkEjH78ZMcUQXg0L3BYHJ3lc69Vs5Ddf9uUGGMYldX3Wf
01-01 22:30:43.393  1738  2276 V GoogleSignatureVerifier: MBEmh/9iFBDAaTCK
01-01 22:30:43.720  1219  1219 D EasyUnlockReceiver: Received Bluetooth event: Intent { act=android.bluetooth.adapter.action.STATE_CHANGED flg=0x4000010 cmp=com.google.android.gms/.auth.easyunlock.authorization.BluetoothStateChangeReceiver (has extras) }.
01-01 22:30:43.728  1219  1219 D BtServices: Received Bluetooth event: Intent { act=android.bluetooth.adapter.action.STATE_CHANGED flg=0x4000010 cmp=com.google.android.gms/.auth.proximity.BluetoothServicesAdapterStateChangeReceiver (has extras) }.
01-01 22:30:43.735  1617  1617 W ContextImpl: Calling a method in the system process without a qualified user: android.app.ContextImpl.startService:1221 android.content.ContextWrapper.startService:581 android.content.ContextWrapper.startService:581 com.android.settings.bluetooth.DockEventReceiver.beginStartingService:134 com.android.settings.bluetooth.DockEventReceiver.onReceive:115 
01-01 22:30:43.741   569   589 D BluetoothManagerService: Added callback: android.bluetooth.IBluetoothManagerCallback$Stub$Proxy@495942:true
01-01 22:30:43.746  1219  1219 D EasyUnlockReceiver: Received Bluetooth event: Intent { act=android.bluetooth.adapter.action.STATE_CHANGED flg=0x4000010 cmp=com.google.android.gms/.auth.easyunlock.authorization.BluetoothStateChangeReceiver (has extras) }.
01-01 22:30:43.752   869   869 D BluetoothPbap: Proxy object connected
01-01 22:30:43.752   869   869 D PbapServerProfile: Bluetooth service connected
01-01 22:30:43.753  1219  2280 D EasyUnlockInitService: Handling intent for initializer IntentService.
01-01 22:30:43.754  1617  1617 D LocalBluetoothProfileManager: Adding local A2DP profile
01-01 22:30:43.756  1219  1219 D BtServices: Received Bluetooth event: Intent { act=android.bluetooth.adapter.action.STATE_CHANGED flg=0x4000010 cmp=com.google.android.gms/.auth.proximity.BluetoothServicesAdapterStateChangeReceiver (has extras) }.
01-01 22:30:43.756  1617  1617 E BluetoothA2dp: Could not bind to Bluetooth A2DP Service with Intent { act=android.bluetooth.IBluetoothA2dp }
01-01 22:30:43.762  1845  2281 W BluetoothAdapter: getBluetoothService() called with no BluetoothManagerCallback
01-01 22:30:43.769  1617  1617 D LocalBluetoothProfileManager: Adding local MAP profile
01-01 22:30:43.770  1617  1617 D BluetoothMap: Create BluetoothMap proxy object
01-01 22:30:43.771  1617  1617 E BluetoothMap: Could not bind to Bluetooth MAP Service with Intent { act=android.bluetooth.IBluetoothMap }
01-01 22:30:43.773  1219  2280 D EasyUnlockInitService: Not initializing EasyUnlock: remote_devices=0, bluetooth_on=true
01-01 22:30:43.777  1617  1617 D LocalBluetoothProfileManager: LocalBluetoothProfileManager construction complete
01-01 22:30:43.782  1617  1617 D DockEventReceiver: finishStartingService: stopping service
01-01 22:30:43.782  1617  1617 D BluetoothInputDevice: Proxy object connected
01-01 22:30:43.783  1617  1617 D HidProfile: Bluetooth service connected
01-01 22:30:43.786  1617  1617 D BluetoothPan: BluetoothPAN Proxy object connected
01-01 22:30:43.786  1617  1617 D PanProfile: Bluetooth service connected
01-01 22:30:43.786  1617  1617 D BluetoothPbap: Proxy object connected
01-01 22:30:43.786  1617  1617 D PbapServerProfile: Bluetooth service connected
01-01 22:30:43.788  1845  2290 W BluetoothAdapter: getBluetoothService() called with no BluetoothManagerCallback
01-01 22:30:43.789  1845  2290 I BtOppRfcommListener: Accept thread started.
01-01 22:30:45.054   569   808 D WifiConfigStore: Retrieve network priorities after PNO.
01-01 22:30:46.165   569   785 V AlarmManager: triggered: act=com.google.android.intent.action.GCM_RECONNECT Pkg: com.google.android.gms
01-01 22:30:46.866  1219  2140 D PlaceInferenceEngine: Stop called when not running
01-01 22:30:46.870  1219  1537 W GeofencerStateMachine: Ignoring removeGeofence because network location is disabled.
01-01 22:30:47.198  1738  1738 E ActivityThread: Service com.google.android.gms.chimera.GmsIntentOperationService has leaked IntentReceiver fvn@8a50d04 that was originally registered here. Are you missing a call to unregisterReceiver()?
01-01 22:30:47.198  1738  1738 E ActivityThread: android.app.IntentReceiverLeaked: Service com.google.android.gms.chimera.GmsIntentOperationService has leaked IntentReceiver fvn@8a50d04 that was originally registered here. Are you missing a call to unregisterReceiver()?
01-01 22:30:47.198  1738  1738 E ActivityThread: 	at android.app.LoadedApk$ReceiverDispatcher.<init>(LoadedApk.java:918)
01-01 22:30:47.198  1738  1738 E ActivityThread: 	at android.app.LoadedApk.getReceiverDispatcher(LoadedApk.java:719)
01-01 22:30:47.198  1738  1738 E ActivityThread: 	at android.app.ContextImpl.registerReceiverInternal(ContextImpl.java:1172)
01-01 22:30:47.198  1738  1738 E ActivityThread: 	at android.app.ContextImpl.registerReceiver(ContextImpl.java:1152)
01-01 22:30:47.198  1738  1738 E ActivityThread: 	at android.app.ContextImpl.registerReceiver(ContextImpl.java:1146)
01-01 22:30:47.198  1738  1738 E ActivityThread: 	at android.content.ContextWrapper.registerReceiver(ContextWrapper.java:554)
01-01 22:30:47.198  1738  1738 E ActivityThread: 	at android.content.ContextWrapper.registerReceiver(ContextWrapper.java:554)
01-01 22:30:47.198  1738  1738 E ActivityThread: 	at android.content.ContextWrapper.registerReceiver(ContextWrapper.java:554)
01-01 22:30:47.198  1738  1738 E ActivityThread: 	at com.google.android.gms.auth.setup.devicesignals.LockScreenChimeraReceiver.a(SourceFile:52)
01-01 22:30:47.198  1738  1738 E ActivityThread: 	at fvo.b(SourceFile:2036)
01-01 22:30:47.198  1738  1738 E ActivityThread: 	at com.google.android.gms.auth.account.AuthInitIntentOperation.a(SourceFile:62)
01-01 22:30:47.198  1738  1738 E ActivityThread: 	at hwg.onHandleIntent(SourceFile:60)
01-01 22:30:47.198  1738  1738 E ActivityThread: 	at com.google.android.chimera.IntentOperation.onHandleIntent(SourceFile:82)
01-01 22:30:47.198  1738  1738 E ActivityThread: 	at bfm.run(SourceFile:1885)
01-01 22:30:47.198  1738  1738 E ActivityThread: 	at java.util.concurrent.ThreadPoolExecutor.runWorker(ThreadPoolExecutor.java:1113)
01-01 22:30:47.198  1738  1738 E ActivityThread: 	at java.util.concurrent.ThreadPoolExecutor$Worker.run(ThreadPoolExecutor.java:588)
01-01 22:30:47.198  1738  1738 E ActivityThread: 	at java.lang.Thread.run(Thread.java:818)
01-01 22:30:48.353   569   808 D WifiStateMachine: shouldSwitchNetwork  txSuccessRate=0.00 rxSuccessRate=0.00 delta 1000 -> 1000
01-01 22:30:48.355   569   808 D WifiStateMachine: CMD_AUTO_CONNECT sup state ScanState my state DisconnectedState nid=0 roam=3
01-01 22:30:48.355   569   808 E WifiConfigStore: saveWifiConfigBSSID Setting BSSID for "Flinders Devices"WPA_PSK to any
01-01 22:30:48.366   569   808 D WifiStateMachine: CMD_AUTO_CONNECT will save config -> "Flinders Devices" nid=0
01-01 22:30:48.466   569   808 D WifiStateMachine: CMD_AUTO_CONNECT did save config ->  nid=0
01-01 22:30:48.473  1328  1328 I wpa_supplicant: wlan0: Trying to associate with 58:f3:9c:96:3a:4c (SSID='Flinders Devices' freq=5745 MHz)
01-01 22:30:48.543   569   587 D Tethering: interfaceLinkStateChanged wlan0, true
01-01 22:30:48.543   569   587 D Tethering: interfaceStatusChanged wlan0, true
01-01 22:30:48.575   569   587 D Tethering: interfaceLinkStateChanged wlan0, true
01-01 22:30:48.575   569   587 D Tethering: interfaceStatusChanged wlan0, true
01-01 22:30:48.576   569   587 D Tethering: interfaceLinkStateChanged wlan0, true
01-01 22:30:48.576   569   587 D Tethering: interfaceStatusChanged wlan0, true
01-01 22:30:48.592   569   587 D Tethering: interfaceLinkStateChanged wlan0, true
01-01 22:30:48.592   569   587 D Tethering: interfaceStatusChanged wlan0, true
01-01 22:30:48.593  1328  1328 I wpa_supplicant: wlan0: Associated with 58:f3:9c:96:3a:4c
01-01 22:30:48.593   569   587 D Tethering: interfaceLinkStateChanged wlan0, true
01-01 22:30:48.593   569   587 D Tethering: interfaceStatusChanged wlan0, true
01-01 22:30:48.593   569   587 D Tethering: interfaceLinkStateChanged wlan0, true
01-01 22:30:48.593   569   587 D Tethering: interfaceStatusChanged wlan0, true
01-01 22:30:48.631  1328  1328 I wpa_supplicant: wlan0: WPA: Key negotiation completed with 58:f3:9c:96:3a:4c [PTK=CCMP GTK=CCMP]
01-01 22:30:48.631  1328  1328 I wpa_supplicant: wlan0: CTRL-EVENT-CONNECTED - Connection to 58:f3:9c:96:3a:4c completed [id=0 id_str=]
01-01 22:30:48.632   569   587 D Tethering: interfaceLinkStateChanged wlan0, true
01-01 22:30:48.633   569   587 D Tethering: interfaceStatusChanged wlan0, true
01-01 22:30:48.633   569   808 D WifiConfigStore: Retrieve network priorities after PNO.
01-01 22:30:48.647   569   808 D ConnectivityService: registerNetworkAgent NetworkAgentInfo{ ni{[type: WIFI[], state: CONNECTING/CONNECTING, reason: (unspecified), extra: "Flinders Devices", roaming: false, failover: false, isAvailable: true]}  network{100}  lp{{LinkAddresses: []  Routes: [] DnsAddresses: [] Domains: null MTU: 0 TcpBufferSizes: 524288,1048576,2097152,262144,524288,1048576}}  nc{[ Transports: WIFI Capabilities: INTERNET&NOT_RESTRICTED&TRUSTED&NOT_VPN LinkUpBandwidth>=1048576Kbps LinkDnBandwidth>=1048576Kbps]}  Score{20}  everValidated{false}  lastValidated{false}  created{false} lingering{false} explicitlySelected{false} acceptUnvalidated{false} everCaptivePortalDetected{false} lastCaptivePortalDetected{false} }
01-01 22:30:48.647   569   808 E WifiConfigStore: saveWifiConfigBSSID Setting BSSID for "Flinders Devices"WPA_PSK to any
01-01 22:30:48.647   569   810 D ConnectivityService: NetworkAgentInfo [WIFI () - 100] EVENT_NETWORK_INFO_CHANGED, going from null to CONNECTING
01-01 22:30:48.660   569   808 E WifiConfigStore: saveWifiConfigBSSID Setting BSSID for "Flinders Devices"WPA_PSK to any
01-01 22:30:48.669   569   587 D Tethering: interfaceLinkStateChanged wlan0, true
01-01 22:30:48.669   569   587 D Tethering: interfaceStatusChanged wlan0, true
01-01 22:30:48.669   569   587 D Tethering: interfaceLinkStateChanged wlan0, true
01-01 22:30:48.669   569   587 D Tethering: interfaceStatusChanged wlan0, true
01-01 22:30:48.671   231   568 D CommandListener: Setting iface cfg
01-01 22:30:48.679   569   808 D WifiStateMachine: Start Dhcp Watchdog 1
01-01 22:30:48.687   569   810 D ConnectivityService: notifyType CAP_CHANGED for NetworkAgentInfo [WIFI () - 100]
01-01 22:30:48.687   569   810 D ConnectivityService: updateNetworkScore for NetworkAgentInfo [WIFI () - 100] to 60
01-01 22:30:48.720   569  2347 D DhcpClient: Receive thread started
01-01 22:30:48.797   569   808 E native  : do suspend false
01-01 22:30:48.804   569  2346 D DhcpClient: Broadcasting DHCPDISCOVER
01-01 22:30:48.811   569  2347 D DhcpClient: Received packet: cc:4b:73:82:30:50 OFFER, ip /10.128.4.144, mask /255.255.254.0, DNS servers: /10.48.0.31 /10.48.1.42 , gateways [/10.128.4.1] lease time 691200, domain isd.ad.flinders.edu.au
01-01 22:30:48.811   569  2346 D DhcpClient: Got pending lease: IP address 10.128.4.144/23 Gateway 10.128.4.1  DNS servers: [ 10.48.0.31 10.48.1.42 ] Domainsisd.ad.flinders.edu.au DHCP server /1.1.1.1 Vendor info null lease 691200 seconds
01-01 22:30:48.812   569  2346 D DhcpClient: Broadcasting DHCPREQUEST ciaddr=0.0.0.0 request=10.128.4.144 serverid=1.1.1.1
01-01 22:30:48.821   569  2347 D DhcpClient: Received packet: cc:4b:73:82:30:50 ACK: your new IP /10.128.4.144, netmask /255.255.254.0, gateways [/10.128.4.1] DNS servers: /10.48.0.31 /10.48.1.42 , lease time 691200
01-01 22:30:48.821   569  2346 D DhcpClient: Confirmed lease: IP address 10.128.4.144/23 Gateway 10.128.4.1  DNS servers: [ 10.48.0.31 10.48.1.42 ] Domainsisd.ad.flinders.edu.au DHCP server /1.1.1.1 Vendor info null lease 691200 seconds
01-01 22:30:48.822   231   568 D CommandListener: Setting iface cfg
01-01 22:30:48.827   569  2346 D DhcpClient: Scheduling renewal in 345599s
01-01 22:30:48.833   569   808 D WifiConfigStore: No blacklist allowed without epno enabled
01-01 22:30:48.833   569   810 D ConnectivityService: NetworkAgentInfo [WIFI () - 100] EVENT_NETWORK_INFO_CHANGED, going from CONNECTING to CONNECTED
01-01 22:30:48.835   569   808 E WifiStateMachine: Did not find remoteAddress {10.128.4.1} in /proc/net/arp
01-01 22:30:48.838   569   810 D ConnectivityService: Adding iface wlan0 to network 100
01-01 22:30:48.861   569   810 E ConnectivityService: Unexpected mtu value: 0, wlan0
01-01 22:30:48.862   569   810 D ConnectivityService: Adding Route [fe80::/64 -> :: wlan0] to network 100
01-01 22:30:48.863   569   810 D ConnectivityService: Adding Route [10.128.4.0/23 -> 0.0.0.0 wlan0] to network 100
01-01 22:30:48.864   569   810 D ConnectivityService: Adding Route [0.0.0.0/0 -> 10.128.4.1 wlan0] to network 100
01-01 22:30:48.864   569   810 D ConnectivityService: Setting Dns servers for network 100 to [/10.48.0.31, /10.48.1.42]
01-01 22:30:48.871   569   810 D ConnectivityService: notifyType IP_CHANGED for NetworkAgentInfo [WIFI () - 100]
01-01 22:30:48.873   569   810 D ConnectivityService: scheduleUnvalidatedPrompt 100
01-01 22:30:48.874   569   810 D ConnectivityService: updateSignalStrengthThresholds: CONNECT, sending [] to NetworkAgentInfo [WIFI () - 100]
01-01 22:30:48.874   569   810 D ConnectivityService: rematch for NetworkAgentInfo [WIFI () - 100]
01-01 22:30:48.874   569   808 D WifiNetworkAgent: NetworkAgent: Received signal strength thresholds: []
01-01 22:30:48.875   569   808 D WifiNative-HAL: stopRssiMonitoring, cmdId 0
01-01 22:30:48.879   569   810 D ConnectivityService:    accepting network in place of null
01-01 22:30:48.880   569   810 D ConnectivityService: Switching to new default network: NetworkAgentInfo{ ni{[type: WIFI[], state: CONNECTED/CONNECTED, reason: (unspecified), extra: "Flinders Devices", roaming: false, failover: false, isAvailable: true]}  network{100}  lp{{InterfaceName: wlan0 LinkAddresses: [fe80::ce4b:73ff:fe82:3050/64,10.128.4.144/23,]  Routes: [fe80::/64 -> :: wlan0,10.128.4.0/23 -> 0.0.0.0 wlan0,0.0.0.0/0 -> 10.128.4.1 wlan0,] DnsAddresses: [10.48.0.31,10.48.1.42,] Domains: isd.ad.flinders.edu.au MTU: 0 TcpBufferSizes: 524288,1048576,2097152,262144,524288,1048576}}  nc{[ Transports: WIFI Capabilities: INTERNET&NOT_RESTRICTED&TRUSTED&NOT_VPN LinkUpBandwidth>=1048576Kbps LinkDnBandwidth>=1048576Kbps SignalStrength: -61]}  Score{20}  everValidated{false}  lastValidated{false}  created{true} lingering{false} explicitlySelected{false} acceptUnvalidated{false} everCaptivePortalDetected{false} lastCaptivePortalDetected{false} }
01-01 22:30:48.900   231   568 V IdletimerController: runCmd(/system/bin/ip6tables -w -t raw -A idletimer_raw_PREROUTING -i wlan0 -j IDLETIMER --timeout 15 --label 1 --send_nl_msg 1) res_ipv4=0, res_ipv6=0
01-01 22:30:48.920   231   568 V IdletimerController: runCmd(/system/bin/ip6tables -w -t mangle -A idletimer_mangle_POSTROUTING -o wlan0 -j IDLETIMER --timeout 15 --label 1 --send_nl_msg 1) res_ipv4=0, res_ipv6=0
01-01 22:30:48.921   569   810 D ConnectivityService: Setting tx/rx TCP buffers to 524288,1048576,2097152,262144,524288,1048576
01-01 22:30:48.935   569   810 D CSLegacyTypeTracker: Sending CONNECTED broadcast for type 1 NetworkAgentInfo [WIFI () - 100] isDefaultNetwork=true
01-01 22:30:48.949   569   810 D ConnectivityService: sendStickyBroadcast: action=android.net.conn.CONNECTIVITY_CHANGE
01-01 22:30:48.949   569   810 D ConnectivityService: notifyType PRECHECK for NetworkAgentInfo [WIFI () - 100]
01-01 22:30:48.950   569   569 D Tethering: Tethering got CONNECTIVITY_ACTION
01-01 22:30:48.950   569   589 D Tethering: MasterInitialState.processMessage what=3
01-01 22:30:48.950   569   810 D ConnectivityService: setProvNotificationVisibleIntent null visible=false networkType=MOBILE extraInfo=null highPriority=false
01-01 22:30:48.953   569   810 D ConnectivityService: NetworkAgentInfo [WIFI () - 100] validation  passed
01-01 22:30:48.954   569   810 D ConnectivityService: notifyType CAP_CHANGED for NetworkAgentInfo [WIFI () - 100]
01-01 22:30:48.955   569   810 D ConnectivityService: sendStickyBroadcast: action=android.net.conn.INET_CONDITION_ACTION
01-01 22:30:48.988  1738  2369 I iu.SyncManager: SYNC; picasa accounts
01-01 22:30:48.993   569  1237 D AlarmManagerService: Setting time of day to sec=1608093982
12-16 15:16:22.924   569   785 V AlarmManager: triggered: cmp=com.google.android.gms/.checkin.EventLogServiceReceiver Pkg: com.google.android.gms
12-16 15:16:22.925   569   785 V AlarmManager: triggered: act=ScheduleConditionProvider.EVALUATE flg=0x10000000 Pkg: android
12-16 15:16:22.927  1738  1738 D NetworkLogImpl: Loaded NetworkSpeedPredictor
12-16 15:16:22.928   569   785 V AlarmManager: triggered: act=com.roboteam.teamy.marketplace.autoupdate.ACTION_SILENT_UPDATE_ALL_SKILLS Pkg: com.roboteam.teamy.usa
12-16 15:16:22.928   569   785 V AlarmManager: triggered: act=EventConditionProvider.EVALUATE flg=0x10000000 Pkg: android
12-16 15:16:22.929   569   785 V AlarmManager: triggered: cmp=com.google.android.gms/.checkin.CheckinServiceReceiver Pkg: com.google.android.gms
12-16 15:16:22.934   569   584 I UsageStatsService: Time changed in UsageStats by 314210733 seconds
12-16 15:16:22.934   569   584 I UsageStatsService: User[0] Flushing usage stats to disk
12-16 15:16:22.939  1738  1738 I iu.Environment: update connectivity state; isNetworkMetered? false, isRoaming? false, isBackgroundDataAllowed? true*
12-16 15:16:22.982   569  2363 I System  : Loaded time zone names for "" in 61ms (59ms in ICU)
12-16 15:16:22.995  1738  2369 I iu.UploadsManager: num queued entries: 0
12-16 15:16:22.996  1738  2369 I iu.UploadsManager: num updated entries: 0
12-16 15:16:22.997  1738  2369 I iu.SyncManager: NEXT; no task
12-16 15:16:23.004  1738  1738 E MDM     : [1] SitrepChimeraService.a: No Google accounts; deferring server state update.
12-16 15:16:23.008  1255  1255 D RKUpdateReceiver: action = android.net.conn.CONNECTIVITY_CHANGE
12-16 15:16:23.011  1255  1255 D RKUpdateService: onStartCommand.......
12-16 15:16:23.011  1255  1255 D RKUpdateService: command = 2 delaytime = 5000
12-16 15:16:23.011   569  2363 I System  : Loaded time zone names for "en_US" in 29ms (27ms in ICU)
12-16 15:16:23.011   569  2363 D GpsLocationProvider: NTP server returned: 1608093982921 (Wed Dec 16 15:16:22 GMT+10:30 2020) reference: 51237 certainty: 14 system time offset: 0
12-16 15:16:23.011   569   584 I UsageStatsDatabase: Time changed by +3636d16h45m33s926ms. files deleted: 0 files moved: 4
12-16 15:16:23.022   569   584 I UsageStatsService: User[0] Rollover scheduled @ 2020-12-17 10:30:00(1608163200000)
12-16 15:16:23.089  1738  2374 I EventLogChimeraService: Aggregate from 1608092534986 (log), 1608092534986 (data)
12-16 15:16:23.165   569   569 D AlarmManagerService: Kernel timezone updated to -630 minutes west of GMT
12-16 15:16:23.211  1738  2387 V CheckinChimeraService: No Subscriptions found on the device
12-16 15:16:23.211  1738  2387 I CheckinChimeraService: Checking schedule, now: 1608093983211 next: 1294423654976
12-16 15:16:23.211  1738  2387 I CheckinChimeraService: active receiver: enabled
12-16 15:16:23.212  1738  2387 I CheckinChimeraService: Preparing to send checkin request
12-16 15:16:23.212  1738  2387 I EventLogChimeraService: Accumulating logs since 1608093983130
12-16 15:16:23.227  1738  2387 I CheckinRequestBuilder: Checkin reason type: 1 attempt count: 1
12-16 15:16:23.228   569   809 D WifiService: New client listening to asynchronous messages
12-16 15:16:23.229  1738  2387 E ActivityThread: Failed to find provider info for com.google.android.wearable.settings
12-16 15:16:23.268  1738  2387 V CheckinRequestBuilder: No Subscriptions found on the device
12-16 15:16:23.314   569   903 I ActivityManager: Start proc 2392:com.google.android.gms.unstable/u0a6 for service com.google.android.gms/.droidguard.DroidGuardService
12-16 15:16:23.425  2392  2392 W System  : ClassLoader referenced unknown path: /system/priv-app/GMSCore/lib/arm
12-16 15:16:23.448  2392  2392 I MultiDex: VM with version 2.1.0 has multidex support
12-16 15:16:23.448  2392  2392 I MultiDex: install
12-16 15:16:23.448  2392  2392 I MultiDex: VM has multidex support, MultiDex support library is disabled.
12-16 15:16:23.508  2392  2392 W linker  : /system/priv-app/GMSCore/GMSCore.apk: unused DT entry: type 0x7ffffffd arg 0x4ed
12-16 15:16:23.525  2392  2392 W linker  : /system/priv-app/GMSCore/GMSCore.apk: unused DT entry: type 0x1d arg 0xef
12-16 15:16:23.525  2392  2392 W linker  : /system/priv-app/GMSCore/GMSCore.apk: unused DT entry: type 0x7ffffffd arg 0x1d8
12-16 15:16:23.531  2392  2392 V JNIHelp : Registering com/google/android/gms/org/conscrypt/NativeCrypto's 254 native methods...
12-16 15:16:23.556  2392  2392 I ProviderInstaller: Installed default security provider GmsCore_OpenSSL
12-16 15:16:23.574  2392  2392 D ChimeraCfgMgr: Reading stored module config
12-16 15:16:23.607  2392  2413 D NativeLibraryUtils: Install completed successfully. count=12 extracted=0
12-16 15:16:23.779   569   796 I InputReader: Reconfiguring input devices.  changes=0x00000010
12-16 15:16:23.783   569   584 W Searchables: No global search activity found
12-16 15:16:23.799   569   569 W BackupManagerService: Proposed transport ComponentInfo{com.google.android.gms/com.google.android.gms.backup.BackupTransportService} not whitelisted; ignoring
12-16 15:16:23.810  1219  1219 I GCoreNlp: shouldConfirmNlp, NLP off. Ensuring opt-in disabled
12-16 15:16:23.814  1738  2427 D PkgBroadcastIntentOp: Received broadcast action=android.intent.action.PACKAGE_CHANGED and uri=com.google.android.gms
12-16 15:16:23.814  1738  2427 I PkgBroadcastIntentOp: Null package name or gms related package.  Ignoring.
12-16 15:16:23.820  2403  2403 I Binder_1: type=1400 audit(0.0:17): avc: denied { search } for name="188" dev="proc" ino=2328 scontext=u:r:untrusted_app:s0:c512,c768 tcontext=u:r:zygote:s0 tclass=dir permissive=1
12-16 15:16:23.820  2403  2403 I Binder_1: type=1400 audit(0.0:18): avc: denied { read } for name="stat" dev="proc" ino=9537 scontext=u:r:untrusted_app:s0:c512,c768 tcontext=u:r:zygote:s0 tclass=file permissive=1
12-16 15:16:23.820  2403  2403 I Binder_1: type=1400 audit(0.0:19): avc: denied { open } for path="/proc/188/stat" dev="proc" ino=9537 scontext=u:r:untrusted_app:s0:c512,c768 tcontext=u:r:zygote:s0 tclass=file permissive=1
12-16 15:16:23.852  1738  2427 D WearableController: Received broadcast action=android.intent.action.PACKAGE_CHANGED and uri=com.google.android.gms
12-16 15:16:23.907  1738  2432 E IcingInternalCorpora: Unknown Contacts update mode: MAYBE
12-16 15:16:23.913  1738  2284 I Icing   : Storage manager: low false usage 1.64MB avail 8.17GB capacity 9.53GB
12-16 15:16:23.951  1738  2438 W IcingInternalCorpora: getNumBytesRead when not calculated.
12-16 15:16:24.202  2392  2403 I mali_so : [File] : hardware/arm/maliT760/driver/product/base/src/mali_base_kbase.c; [Line] : 928; [Func] : base_context_deal_with_version_affairs_rk_ext;
12-16 15:16:24.202  2392  2403 I mali_so : arm_release_ver of this mali_so is 'r12p0-04rel0', rk_so_ver is '12@0', built at '17:00:15', on 'Aug 16 2016'.
12-16 15:16:24.202  2392  2403 I mali_so : [File] : hardware/arm/maliT760/driver/product/base/src/mali_base_kbase.c; [Line] : 955; [Func] : base_context_deal_with_version_affairs_rk_ext;
12-16 15:16:24.202  2392  2403 I mali_so : mali_ver_property has been set to 'r12p0-04rel0-13-12@0', to return.
12-16 15:16:24.290  1738  2284 V GoogleSignatureVerifier: com.luckystar.luckstarautoinstall signature not valid.  Found: 
12-16 15:16:24.290  1738  2284 V GoogleSignatureVerifier: MIID+zCCAuOgAwIBAgIJAP8GQTI8+VUSMA0GCSqGSIb3DQEBCwUAMIGUMQswCQYDVQQGEwJVUzET
12-16 15:16:24.290  1738  2284 V GoogleSignatureVerifier: MBEGA1UECAwKQ2FsaWZvcm5pYTEWMBQGA1UEBwwNTW91bnRhaW4gVmlldzEQMA4GA1UECgwHQW5k
12-16 15:16:24.290  1738  2284 V GoogleSignatureVerifier: cm9pZDEQMA4GA1UECwwHQW5kcm9pZDEQMA4GA1UEAwwHQW5kcm9pZDEiMCAGCSqGSIb3DQEJARYT
12-16 15:16:24.290  1738  2284 V GoogleSignatureVerifier: YW5kcm9pZEBhbmRyb2lkLmNvbTAeFw0xNDEyMjMwNjQzNDFaFw00MjA1MTAwNjQzNDFaMIGUMQsw
12-16 15:16:24.290  1738  2284 V GoogleSignatureVerifier: CQYDVQQGEwJVUzETMBEGA1UECAwKQ2FsaWZvcm5pYTEWMBQGA1UEBwwNTW91bnRhaW4gVmlldzEQ
12-16 15:16:24.290  1738  2284 V GoogleSignatureVerifier: MA4GA1UECgwHQW5kcm9pZDEQMA4GA1UECwwHQW5kcm9pZDEQMA4GA1UEAwwHQW5kcm9pZDEiMCAG
12-16 15:16:24.290  1738  2284 V GoogleSignatureVerifier: CSqGSIb3DQEJARYTYW5kcm9pZEBhbmRyb2lkLmNvbTCCASAwDQYJKoZIhvcNAQEBBQADggENADCC
12-16 15:16:24.290  1738  2284 V GoogleSignatureVerifier: AQgCggEBAKHY8Fl4XZzpJvgHoezYjhmKPvdq9DGYVc/X9NQO5oUlYIA/Ci5rzvljz13KbNve/Kxu
12-16 15:16:24.290  1738  2284 V GoogleSignatureVerifier: Eu9HN8SzsLg9EBhghOko8JxEg7I8W6uPVOoRngNCMvXzjf6av77vxPqphlgq++Y4MIC+fiOxLd+g
12-16 15:16:24.290  1738  2284 V GoogleSignatureVerifier: pYq0p6W7RWxEgrzLHnWiCX0dRmWDs+ey2t4f1WKzGoRQQS0Tn21CViThrVEe+zNwANnhErUcvoQB
12-16 15:16:24.290  1738  2284 V GoogleSignatureVerifier: 2m4/PQotuij7LZNccHJvUOUf5/4wIZd8JOgO3VLwzFO/HhrqUjafCvkpKTjW8oQmHLUz5m40ljET
12-16 15:16:24.290  1738  2284 V GoogleSignatureVerifier: GEjqQ6AuAwmaeFT+Bwj1DUaYg+m7AzalJ2aAtHVX0FftRUkCAQOjUDBOMB0GA1UdDgQWBBQi+Lgb
12-16 15:16:24.290  1738  2284 V GoogleSignatureVerifier: yFfWSoWCbQ+NVDF4ZKTPCjAfBgNVHSMEGDAWgBQi+LgbyFfWSoWCbQ+NVDF4ZKTPCjAMBgNVHRME
12-16 15:16:24.290  1738  2284 V GoogleSignatureVerifier: BTADAQH/MA0GCSqGSIb3DQEBCwUAA4IBAQBH1kIQlSBjXRMuQdaDLytr8ZaJXIN1HApg2QA8azYQ
12-16 15:16:24.290  1738  2284 V GoogleSignatureVerifier: XOS/B16gwm6tBfh1dL86LL/7w09oM9LZv8WwtQyFNjM97vvQvkaOGW/ubhrKOk3+8HTHkEx4n7H6
12-16 15:16:24.290  1738  2284 V GoogleSignatureVerifier: tYGOLdpmWepDfBSEFuLwq6yqG6wZFdd7IKO+sPlCxqUpqg40YAb4WOwzDbiuJnswDftP3wIaaJPh
12-16 15:16:24.290  1738  2284 V GoogleSignatureVerifier: li6OIjRKyd3Sgw1MtffHOy+WSwqHLkGNgH6GAgvZlvhPA/yim+rjnE9oKV5G6PygQK7kJJjS/Lde
12-16 15:16:24.290  1738  2284 V GoogleSignatureVerifier: qxE7M7pNRYPhcLT7qhE7MiuBuyqwAMTTBoU8u3lTdOZwNErbRT5tSXkgVMffkfN7wBNqpSSY
12-16 15:16:24.293  1738  2284 V GoogleSignatureVerifier: com.luckystar.luckstarautoinstall signature not valid.  Found: 
12-16 15:16:24.293  1738  2284 V GoogleSignatureVerifier: MIID+zCCAuOgAwIBAgIJAP8GQTI8+VUSMA0GCSqGSIb3DQEBCwUAMIGUMQswCQYDVQQGEwJVUzET
12-16 15:16:24.293  1738  2284 V GoogleSignatureVerifier: MBEGA1UECAwKQ2FsaWZvcm5pYTEWMBQGA1UEBwwNTW91bnRhaW4gVmlldzEQMA4GA1UECgwHQW5k
12-16 15:16:24.293  1738  2284 V GoogleSignatureVerifier: cm9pZDEQMA4GA1UECwwHQW5kcm9pZDEQMA4GA1UEAwwHQW5kcm9pZDEiMCAGCSqGSIb3DQEJARYT
12-16 15:16:24.293  1738  2284 V GoogleSignatureVerifier: YW5kcm9pZEBhbmRyb2lkLmNvbTAeFw0xNDEyMjMwNjQzNDFaFw00MjA1MTAwNjQzNDFaMIGUMQsw
12-16 15:16:24.293  1738  2284 V GoogleSignatureVerifier: CQYDVQQGEwJVUzETMBEGA1UECAwKQ2FsaWZvcm5pYTEWMBQGA1UEBwwNTW91bnRhaW4gVmlldzEQ
12-16 15:16:24.293  1738  2284 V GoogleSignatureVerifier: MA4GA1UECgwHQW5kcm9pZDEQMA4GA1UECwwHQW5kcm9pZDEQMA4GA1UEAwwHQW5kcm9pZDEiMCAG
12-16 15:16:24.293  1738  2284 V GoogleSignatureVerifier: CSqGSIb3DQEJARYTYW5kcm9pZEBhbmRyb2lkLmNvbTCCASAwDQYJKoZIhvcNAQEBBQADggENADCC
12-16 15:16:24.293  1738  2284 V GoogleSignatureVerifier: AQgCggEBAKHY8Fl4XZzpJvgHoezYjhmKPvdq9DGYVc/X9NQO5oUlYIA/Ci5rzvljz13KbNve/Kxu
12-16 15:16:24.293  1738  2284 V GoogleSignatureVerifier: Eu9HN8SzsLg9EBhghOko8JxEg7I8W6uPVOoRngNCMvXzjf6av77vxPqphlgq++Y4MIC+fiOxLd+g
12-16 15:16:24.293  1738  2284 V GoogleSignatureVerifier: pYq0p6W7RWxEgrzLHnWiCX0dRmWDs+ey2t4f1WKzGoRQQS0Tn21CViThrVEe+zNwANnhErUcvoQB
12-16 15:16:24.293  1738  2284 V GoogleSignatureVerifier: 2m4/PQotuij7LZNccHJvUOUf5/4wIZd8JOgO3VLwzFO/HhrqUjafCvkpKTjW8oQmHLUz5m40ljET
12-16 15:16:24.293  1738  2284 V GoogleSignatureVerifier: GEjqQ6AuAwmaeFT+Bwj1DUaYg+m7AzalJ2aAtHVX0FftRUkCAQOjUDBOMB0GA1UdDgQWBBQi+Lgb
12-16 15:16:24.293  1738  2284 V GoogleSignatureVerifier: yFfWSoWCbQ+NVDF4ZKTPCjAfBgNVHSMEGDAWgBQi+LgbyFfWSoWCbQ+NVDF4ZKTPCjAMBgNVHRME
12-16 15:16:24.293  1738  2284 V GoogleSignatureVerifier: BTADAQH/MA0GCSqGSIb3DQEBCwUAA4IBAQBH1kIQlSBjXRMuQdaDLytr8ZaJXIN1HApg2QA8azYQ
12-16 15:16:24.293  1738  2284 V GoogleSignatureVerifier: XOS/B16gwm6tBfh1dL86LL/7w09oM9LZv8WwtQyFNjM97vvQvkaOGW/ubhrKOk3+8HTHkEx4n7H6
12-16 15:16:24.293  1738  2284 V GoogleSignatureVerifier: tYGOLdpmWepDfBSEFuLwq6yqG6wZFdd7IKO+sPlCxqUpqg40YAb4WOwzDbiuJnswDftP3wIaaJPh
12-16 15:16:24.293  1738  2284 V GoogleSignatureVerifier: li6OIjRKyd3Sgw1MtffHOy+WSwqHLkGNgH6GAgvZlvhPA/yim+rjnE9oKV5G6PygQK7kJJjS/Lde
12-16 15:16:24.293  1738  2284 V GoogleSignatureVerifier: qxE7M7pNRYPhcLT7qhE7MiuBuyqwAMTTBoU8u3lTdOZwNErbRT5tSXkgVMffkfN7wBNqpSSY
12-16 15:16:24.300  2403  2403 I Binder_1: type=1400 audit(0.0:20): avc: denied { read } for name="/" dev="tmpfs" ino=2148 scontext=u:r:untrusted_app:s0:c512,c768 tcontext=u:object_r:device:s0 tclass=dir permissive=1
12-16 15:16:24.300  2403  2403 I Binder_1: type=1400 audit(0.0:21): avc: denied { open } for path="/dev" dev="tmpfs" ino=2148 scontext=u:r:untrusted_app:s0:c512,c768 tcontext=u:object_r:device:s0 tclass=dir permissive=1
12-16 15:16:24.307  1738  2284 V GoogleSignatureVerifier: com.android.inputdevices signature not valid.  Found: 
12-16 15:16:24.307  1738  2284 V GoogleSignatureVerifier: MIID+zCCAuOgAwIBAgIJAP8GQTI8+VUSMA0GCSqGSIb3DQEBCwUAMIGUMQswCQYDVQQGEwJVUzET
12-16 15:16:24.307  1738  2284 V GoogleSignatureVerifier: MBEGA1UECAwKQ2FsaWZvcm5pYTEWMBQGA1UEBwwNTW91bnRhaW4gVmlldzEQMA4GA1UECgwHQW5k
12-16 15:16:24.307  1738  2284 V GoogleSignatureVerifier: cm9pZDEQMA4GA1UECwwHQW5kcm9pZDEQMA4GA1UEAwwHQW5kcm9pZDEiMCAGCSqGSIb3DQEJARYT
12-16 15:16:24.307  1738  2284 V GoogleSignatureVerifier: YW5kcm9pZEBhbmRyb2lkLmNvbTAeFw0xNDEyMjMwNjQzNDFaFw00MjA1MTAwNjQzNDFaMIGUMQsw
12-16 15:16:24.307  1738  2284 V GoogleSignatureVerifier: CQYDVQQGEwJVUzETMBEGA1UECAwKQ2FsaWZvcm5pYTEWMBQGA1UEBwwNTW91bnRhaW4gVmlldzEQ
12-16 15:16:24.307  1738  2284 V GoogleSignatureVerifier: MA4GA1UECgwHQW5kcm9pZDEQMA4GA1UECwwHQW5kcm9pZDEQMA4GA