12-17 10:55:36.153  2693  2693 E memtrack: Couldn't load memtrack module (No such file or directory)
12-17 10:55:36.153  2693  2693 E android.os.Debug: failed to load memtrack module: -2
12-17 10:55:36.155  2693  2693 I Radio-JNI: register_android_hardware_Radio DONE
12-17 10:55:36.182  2693  2693 D AndroidRuntime: Calling main entry com.android.commands.pm.Pm
12-17 10:55:36.192  2693  2693 I art     : System.exit called, status: 1
12-17 10:55:36.192  2693  2693 I AndroidRuntime: VM exiting with result code 1.
12-17 10:55:36.944  2709  2709 D AndroidRuntime: >>>>>> START com.android.internal.os.RuntimeInit uid 0 <<<<<<
12-17 10:55:36.947  2709  2709 D AndroidRuntime: CheckJNI is OFF
12-17 10:55:36.980  2709  2709 D ICU     : No timezone override file found: /data/misc/zoneinfo/current/icu/icu_tzdata.dat
12-17 10:55:37.010  2709  2709 E memtrack: Couldn't load memtrack module (No such file or directory)
12-17 10:55:37.010  2709  2709 E android.os.Debug: failed to load memtrack module: -2
12-17 10:55:37.013  2709  2709 I Radio-JNI: register_android_hardware_Radio DONE
12-17 10:55:37.037  2709  2709 D AndroidRuntime: Calling main entry com.android.commands.pm.Pm
12-17 10:55:37.047  2709  2709 I art     : System.exit called, status: 1
12-17 10:55:37.047  2709  2709 I AndroidRuntime: VM exiting with result code 1.
12-17 10:55:43.161  1247  2026 D RKUpdateService: request remote server error...
12-17 10:55:43.494   569   792 V AlarmManager: triggered: act=com.google.android.gms.gcm.ACTION_CHECK_QUEUE Pkg: com.google.android.gms
12-17 10:55:43.581  2011  2011 W YT.MDX.zds: CastAppId for type 0 not found. Defaulting to mainCastAppId.
12-17 10:55:43.586  2011  2011 W GooglePlayServicesUtil: Google Play services out of date.  Requires 11910000 but found 9083436
12-17 10:55:43.587  2011  2011 E ccl_pmg : [vnull] Couldn't find the appropriate version of Google Play Services
12-17 10:55:43.702  1760  1760 I CastSocket: 23 >= 18. Adding new CastClientAuthKeyManager.
12-17 10:55:43.727  1760  1760 W CastMediaRouteProvider: Invalid control category: MDX_MEDIA_ROUTE_CONTROL_CATEGORY
12-17 10:55:43.728  1760  1760 W CastMediaRouteProvider: Invalid control category: android.media.intent.category.LIVE_AUDIO
12-17 10:55:44.372  1760  2303 D MdnsClient: #acquireLock. Multicast lock not held. Acquiring
12-17 10:55:48.023   569   588 D Tethering: interfaceLinkStateChanged wlan0, true
12-17 10:55:48.023   569   588 D Tethering: interfaceStatusChanged wlan0, true
12-17 10:55:51.669  2011  2011 W YT.MDX.DiscoveryControl: cancelDiscoveryRequest ignored requester com.google.android.libraries.youtube.mdx.background.MdxBackgroundScanJobService@24f3a36
12-17 10:55:51.991  1760  2303 D MdnsClient: Multicast lock held. Releasing
12-17 10:55:58.552   569   586 I ActivityManager: Waited long enough for: ServiceRecord{14c9973 u0 com.google.android.youtube/com.firebase.jobdispatcher.GooglePlayReceiver}
12-17 10:56:00.752   569   817 D ConnectivityService: updateNetworkScore for NetworkAgentInfo [WIFI () - 100] to 56
12-17 10:56:02.297   569   588 D Tethering: interfaceLinkStateChanged wlan0, true
12-17 10:56:02.297   569   588 D Tethering: interfaceStatusChanged wlan0, true
12-17 10:56:03.776   569   817 D ConnectivityService: updateNetworkScore for NetworkAgentInfo [WIFI () - 100] to 60
12-17 10:56:05.465   223   274 D AudioHardwareTiny: start_output_stream
12-17 10:56:05.466   223   274 D alsa_route: route_info->sound_card 0, route_info->devices 0  
12-17 10:56:05.466   223   274 D alsa_route: route_set_controls() set route 0
12-17 10:56:06.398   896  1481 E ThemeUtils: View class androidx.appcompat.widget.AppCompatImageView is an AppCompat widget that can only be used with a Theme.AppCompat theme (or descendant).
12-17 10:56:06.400   896  1481 E ThemeUtils: View class androidx.appcompat.widget.AppCompatTextView is an AppCompat widget that can only be used with a Theme.AppCompat theme (or descendant).
12-17 10:56:06.401   896  1481 E ThemeUtils: View class androidx.appcompat.widget.AppCompatTextView is an AppCompat widget that can only be used with a Theme.AppCompat theme (or descendant).
12-17 10:56:06.406   896  1481 E ThemeUtils: View class androidx.appcompat.widget.AppCompatButton is an AppCompat widget that can only be used with a Theme.AppCompat theme (or descendant).
12-17 10:56:06.411   896  1481 E ThemeUtils: View class androidx.appcompat.widget.AppCompatButton is an AppCompat widget that can only be used with a Theme.AppCompat theme (or descendant).
12-17 10:56:06.434   223   464 E MediaPlayerFactory: 2019 03 30 -------- getPlayerType()---------------- 234 !!!! 
12-17 10:56:06.434   223   464 E MediaPlayerFactory: filePath = /data/app/com.roboteam.teamy.usa-1/base.apk 
12-17 10:56:06.434   223   464 E MediaPlayerFactory: 2019 03 30 -------- getPlayerType()---------------- return STAGEFRIGHT_PLAYER !!!! 
12-17 10:56:06.434   223   464 I AwesomePlayer: AwesomePlayer::AwesomePlayer()in
12-17 10:56:06.435   223   464 I AwesomePlayer: AwesomePlayer::AwesomePlayer()aftermClient.connect()
12-17 10:56:06.452   223   464 D AwesomePlayer: the format is mimeTypeaudio/x-wav,confidence:0.400000
12-17 10:56:06.466   569   894 V WindowManager: Done at AppWindowToken{88a4d91 token=Token{c055bb8 ActivityRecord{dbebe1b u0 com.roboteam.teamy.usa/com.roboteam.teamy.robox.map.activity.MapFlowActivity t1758}}} -- full screen, return 0
12-17 10:56:06.467   569   894 V WindowManager: Eval win Window{4dcf2ff u0 com.roboteam.teamy.usa/com.roboteam.teamy.home.HomeActivity}: isDrawn=false, isAnimating=false
12-17 10:56:06.467   569   894 V WindowManager: Not displayed: s=null pv=true mDrawState=NO_SURFACE ah=false th=true a=false
12-17 10:56:06.469   896  1481 D MediaPlayer: setSubtitleAnchor in MediaPlayer
12-17 10:56:06.478   569   591 E WindowManager: Unknown window type: 2999
12-17 10:56:06.499   569   923 I WindowStateAnimator: createSurface WindowStateAnimator{1907351 }: mDrawState=DRAW_PENDING
12-17 10:56:06.500   569   923 V WindowManager: Done at AppWindowToken{88a4d91 token=Token{c055bb8 ActivityRecord{dbebe1b u0 com.roboteam.teamy.usa/com.roboteam.teamy.robox.map.activity.MapFlowActivity t1758}}} -- full screen, return 0
12-17 10:56:06.501   569   923 V WindowManager: Resize reasons for w=Window{7d98078 u0 com.roboteam.teamy.usa}:  contentInsetsChanged=false [0,0][0,0] visibleInsetsChanged=false [0,0][0,0] stableInsetsChanged=false [0,0][0,0] outsetsChanged=false [0,0][0,0] surfaceResized=false configChanged=true
12-17 10:56:06.501   569   923 V WindowManager: Resizing window Window{7d98078 u0 com.roboteam.teamy.usa} to 1920.0x243.0
12-17 10:56:06.501   569   923 V WindowManager: Eval win Window{4dcf2ff u0 com.roboteam.teamy.usa/com.roboteam.teamy.home.HomeActivity}: isDrawn=false, isAnimating=false
12-17 10:56:06.501   569   923 V WindowManager: Not displayed: s=null pv=true mDrawState=NO_SURFACE ah=false th=true a=false
12-17 10:56:06.501   569   923 V WindowState: Reporting new frame to Window{7d98078 u0 com.roboteam.teamy.usa}: Rect(0, 0 - 1920, 243)
12-17 10:56:06.501   569   923 I WindowState: Sending new config to window Window{7d98078 u0 com.roboteam.teamy.usa}: 1920.0x243.0 / config={1.0 ?mcc?mnc en_US ldltr sw800dp w1280dp h800dp 240dpi xlrg land finger -keyb/v/h -nav/h s.4} overrideConfig={1.0 ?mcc?mnc ?locale ?layoutDir ?swdp ?wdp ?hdp ?density ?lsize ?long ?orien ?uimode ?night ?touch ?keyb/?/? ?nav/?}
12-17 10:56:06.501   569   923 I WindowState: Resizing Window{7d98078 u0 com.roboteam.teamy.usa} WITH DRAW PENDING
12-17 10:56:06.503   896  1685 D Surface : Surface::final mReqUsage=a00
12-17 10:56:06.503   896  1685 D mali_winsys: EGLint new_window_surface(egl_winsys_display*, void*, EGLSurface, EGLConfig, egl_winsys_surface**, egl_color_buffer_format*, EGLBoolean) returns 0x3000
12-17 10:56:06.506   187   205 D gralloc : Isfb=0, [1920,243,1920,7680], fmt=1, byte_stride=7680
12-17 10:56:06.509   187   205 D gralloc : Isfb=0, [1920,243,1920,7680], fmt=1, byte_stride=7680
12-17 10:56:06.511   187   205 D gralloc : Isfb=0, [1920,243,1920,7680], fmt=1, byte_stride=7680
12-17 10:56:06.514   569   591 E WindowManager: Unknown window type: 2999
12-17 10:56:06.516   569   581 V WindowManager: setAppVisibility(Token{c055bb8 ActivityRecord{dbebe1b u0 com.roboteam.teamy.usa/com.roboteam.teamy.robox.map.activity.MapFlowActivity t1758 f}}, visible=false): mNextAppTransition=TRANSIT_TASK_CLOSE hidden=false hiddenRequested=false Callers=com.android.server.am.ActivityStack.finishActivityLocked:2971 com.android.server.am.ActivityStack.requestFinishActivityLocked:2803 com.android.server.am.ActivityManagerService.finishActivity:4621 android.app.ActivityManagerNative.onTransact:350 com.android.server.am.ActivityManagerService.onTransact:2687 android.os.Binder.execTransact:453 
12-17 10:56:06.517   223   274 D AudioFlinger: mixer(0xb3641008) throttle end: throttle time(10)
12-17 10:56:06.522   187   187 D Surface : Surface::final mReqUsage=333
12-17 10:56:06.524   187   205 D gralloc : Isfb=0, [630,630,640,2560], fmt=1, byte_stride=2560
12-17 10:56:06.560   187  1133 D gralloc : Isfb=0, [243,1920,256,1024], fmt=1, byte_stride=1024
12-17 10:56:06.568   187   205 D gralloc : Isfb=0, [243,1920,256,1024], fmt=1, byte_stride=1024
12-17 10:56:06.570   569   922 V WindowStateAnimator: finishDrawingLocked: mDrawState=COMMIT_DRAW_PENDING WindowStateAnimator{1907351 } in Surface(name=)
12-17 10:56:06.570   569   591 I WindowManager:   SURFACE SHOW (performShowLocked): Window{7d98078 u0 com.roboteam.teamy.usa}
12-17 10:56:06.571   569   591 V WindowManager: Eval win Window{4dcf2ff u0 com.roboteam.teamy.usa/com.roboteam.teamy.home.HomeActivity}: isDrawn=false, isAnimating=false
12-17 10:56:06.571   569   591 V WindowManager: Not displayed: s=null pv=true mDrawState=NO_SURFACE ah=false th=true a=false
12-17 10:56:06.575   569   894 V WindowManager: Clear freezing of Token{c055bb8 ActivityRecord{dbebe1b u0 com.roboteam.teamy.usa/com.roboteam.teamy.robox.map.activity.MapFlowActivity t1758 f}}: hidden=false freezing=false
12-17 10:56:06.576   569   894 V WindowManager: Eval win Window{4dcf2ff u0 com.roboteam.teamy.usa/com.roboteam.teamy.home.HomeActivity}: isDrawn=false, isAnimating=false
12-17 10:56:06.576   569   894 V WindowManager: Not displayed: s=null pv=true mDrawState=NO_SURFACE ah=false th=true a=false
12-17 10:56:06.578   569   894 V WindowManager: setAppVisibility(Token{dd9acc4 ActivityRecord{694bbd7 u0 com.roboteam.teamy.usa/com.roboteam.teamy.home.HomeActivity t1756}}, visible=true): mNextAppTransition=TRANSIT_TASK_CLOSE hidden=true hiddenRequested=true Callers=com.android.server.am.ActivityStack.resumeTopActivityInnerLocked:1934 com.android.server.am.ActivityStack.resumeTopActivityLocked:1587 com.android.server.am.ActivityStack.resumeTopActivityLocked:1570 com.android.server.am.ActivityStackSupervisor.resumeTopActivitiesLocked:2747 com.android.server.am.ActivityStack.completePauseLocked:1080 com.android.server.am.ActivityStack.activityPausedLocked:943 
12-17 10:56:06.578   569   894 V WindowManager: Done at AppWindowToken{bea77ad token=Token{dd9acc4 ActivityRecord{694bbd7 u0 com.roboteam.teamy.usa/com.roboteam.teamy.home.HomeActivity t1756}}} -- full screen, return 0
12-17 10:56:06.579   569   894 V WindowManager: Eval win Window{4dcf2ff u0 com.roboteam.teamy.usa/com.roboteam.teamy.home.HomeActivity}: isDrawn=false, isAnimating=true
12-17 10:56:06.579   569   894 V WindowManager: Not displayed: s=null pv=true mDrawState=NO_SURFACE ah=false th=false a=false
12-17 10:56:06.584   569   591 E WindowManager: Unknown window type: 2999
12-17 10:56:06.585   569   591 V WindowManager: Eval win Window{4dcf2ff u0 com.roboteam.teamy.usa/com.roboteam.teamy.home.HomeActivity}: isDrawn=false, isAnimating=true
12-17 10:56:06.585   569   591 V WindowManager: Not displayed: s=null pv=true mDrawState=NO_SURFACE ah=false th=false a=false
12-17 10:56:06.590   187   207 D gralloc : Isfb=0, [243,1920,256,1024], fmt=1, byte_stride=1024
12-17 10:56:06.602   569   591 E WindowManager: Unknown window type: 2999
12-17 10:56:06.619   569   591 E WindowManager: Unknown window type: 2999
12-17 10:56:06.625   896   896 W ContextImpl: Calling a method in the system process without a qualified user: android.app.ContextImpl.startActivity:658 android.content.ContextWrapper.startActivity:331 com.roboteam.teamy.shared.activitylauncher.ActivityLauncher.startActivity:16 com.roboteam.teamy.kiosk.KioskAppLauncher.launch:59 com.roboteam.teamy.home.HomeActivity.showKioskMode:181 
12-17 10:56:06.625   896   896 W ContextImpl: Calling a method in the system process without a qualified user: android.app.ContextImpl.startActivity:670 android.app.ContextImpl.startActivity:659 android.content.ContextWrapper.startActivity:331 com.roboteam.teamy.shared.activitylauncher.ActivityLauncher.startActivity:16 com.roboteam.teamy.kiosk.KioskAppLauncher.launch:59 
12-17 10:56:06.626   569  1292 I ActivityManager: START u0 {act=android.intent.action.MAIN cat=[android.intent.category.LAUNCHER] flg=0x34004000 pkg=com.robotemi.sdk.sample cmp=com.robotemi.sdk.sample/.MainActivity} from uid 1000 on display 0
12-17 10:56:06.635   569  1292 V WindowManager: Eval win Window{4dcf2ff u0 com.roboteam.teamy.usa/com.roboteam.teamy.home.HomeActivity}: isDrawn=false, isAnimating=true
12-17 10:56:06.635   569  1292 V WindowManager: Not displayed: s=null pv=true mDrawState=NO_SURFACE ah=false th=false a=false
12-17 10:56:06.637   569  1292 V WindowManager: Eval win Window{4dcf2ff u0 com.roboteam.teamy.usa/com.roboteam.teamy.home.HomeActivity}: isDrawn=false, isAnimating=true
12-17 10:56:06.637   569  1292 V WindowManager: Not displayed: s=null pv=true mDrawState=NO_SURFACE ah=false th=false a=false
12-17 10:56:06.641   569   591 E WindowManager: Unknown window type: 2999
12-17 10:56:06.642   569   591 I WindowStateAnimator: createSurface WindowStateAnimator{a4cdbbc Starting com.robotemi.sdk.sample}: mDrawState=DRAW_PENDING
12-17 10:56:06.642   569   591 D WindowStateAnimator: rk_debug2 Starting com.robotemi.sdk.sample_Force_To_Dual
12-17 10:56:06.643   569   591 V WindowManager: Skipping AppWindowToken{b6bcd53 token=Token{8bc1cb7 ActivityRecord{f49f7b6 u0 com.robotemi.sdk.sample/.MainActivity t1759}}} -- hidden on top
12-17 10:56:06.643   569   591 V WindowManager: Skipping AppWindowToken{88a4d91 token=Token{c055bb8 ActivityRecord{dbebe1b u0 com.roboteam.teamy.usa/com.roboteam.teamy.robox.map.activity.MapFlowActivity t1758}}} -- going to hide
12-17 10:56:06.643   569   591 V WindowManager: Done at AppWindowToken{bea77ad token=Token{dd9acc4 ActivityRecord{694bbd7 u0 com.roboteam.teamy.usa/com.roboteam.teamy.home.HomeActivity t1756}}} -- full screen, return 0
12-17 10:56:06.643   569   591 V WindowManager: Resize reasons for w=Window{d5bebaf u0 Starting com.robotemi.sdk.sample}:  contentInsetsChanged=false [0,0][0,0] visibleInsetsChanged=false [0,0][0,0] stableInsetsChanged=false [0,0][0,0] outsetsChanged=false [0,0][0,0] surfaceResized=true configChanged=true
12-17 10:56:06.643   569   591 V WindowManager: Resizing window Window{d5bebaf u0 Starting com.robotemi.sdk.sample} to 1920.0x1200.0
12-17 10:56:06.643   569   591 V WindowManager: Eval win Window{4dcf2ff u0 com.roboteam.teamy.usa/com.roboteam.teamy.home.HomeActivity}: isDrawn=false, isAnimating=true
12-17 10:56:06.643   569   591 V WindowManager: Not displayed: s=null pv=true mDrawState=NO_SURFACE ah=false th=false a=false
12-17 10:56:06.655   569   591 V WindowState: Reporting new frame to Window{d5bebaf u0 Starting com.robotemi.sdk.sample}: Rect(0, 0 - 1920, 1200)
12-17 10:56:06.655   569   591 I WindowState: Sending new config to window Window{d5bebaf u0 Starting com.robotemi.sdk.sample}: 1920.0x1200.0 / config={1.0 ?mcc?mnc en_US ldltr sw800dp w1280dp h800dp 240dpi xlrg land finger -keyb/v/h -nav/h s.4} overrideConfig={1.0 ?mcc?mnc ?locale ?layoutDir ?swdp ?wdp ?hdp ?density ?lsize ?long ?orien ?uimode ?night ?touch ?keyb/?/? ?nav/?}
12-17 10:56:06.655   569   591 I WindowState: Resizing Window{d5bebaf u0 Starting com.robotemi.sdk.sample} WITH DRAW PENDING
12-17 10:56:06.656   569   591 V WindowManager: Eval win Window{4dcf2ff u0 com.roboteam.teamy.usa/com.roboteam.teamy.home.HomeActivity}: isDrawn=false, isAnimating=true
12-17 10:56:06.656   569   591 V WindowManager: Not displayed: s=null pv=true mDrawState=NO_SURFACE ah=false th=false a=false
12-17 10:56:06.658   569   895 V WindowManager: Eval win Window{4dcf2ff u0 com.roboteam.teamy.usa/com.roboteam.teamy.home.HomeActivity}: isDrawn=false, isAnimating=true
12-17 10:56:06.658   569   895 V WindowManager: Not displayed: s=null pv=true mDrawState=NO_SURFACE ah=false th=false a=false
12-17 10:56:06.659   569   591 E WindowManager: Unknown window type: 2999
12-17 10:56:06.660   569   591 D Surface : Surface::final mReqUsage=33
12-17 10:56:06.660   569   584 I WindowStateAnimator: createSurface WindowStateAnimator{d150745 com.roboteam.teamy.usa/com.roboteam.teamy.home.HomeActivity}: mDrawState=DRAW_PENDING
12-17 10:56:06.662   569   584 V WindowManager: Skipping AppWindowToken{b6bcd53 token=Token{8bc1cb7 ActivityRecord{f49f7b6 u0 com.robotemi.sdk.sample/.MainActivity t1759}}} -- hidden on top
12-17 10:56:06.662   569   584 V WindowManager: Skipping AppWindowToken{88a4d91 token=Token{c055bb8 ActivityRecord{dbebe1b u0 com.roboteam.teamy.usa/com.roboteam.teamy.robox.map.activity.MapFlowActivity t1758}}} -- hidden on top
12-17 10:56:06.662   569   584 V WindowManager: Done at AppWindowToken{bea77ad token=Token{dd9acc4 ActivityRecord{694bbd7 u0 com.roboteam.teamy.usa/com.roboteam.teamy.home.HomeActivity t1756}}} -- full screen, return 0
12-17 10:56:06.662   569   584 V WindowManager: Eval win Window{4dcf2ff u0 com.roboteam.teamy.usa/com.roboteam.teamy.home.HomeActivity}: isDrawn=false, isAnimating=true
12-17 10:56:06.662   569   584 V WindowManager: Not displayed: s=Surface(name=com.roboteam.teamy.usa/com.roboteam.teamy.home.HomeActivity) pv=true mDrawState=DRAW_PENDING ah=false th=false a=false
12-17 10:56:06.665   896  1685 D Surface : Surface::final mReqUsage=a00
12-17 10:56:06.665   896  1685 D mali_winsys: EGLint new_window_surface(egl_winsys_display*, void*, EGLSurface, EGLConfig, egl_winsys_surface**, egl_color_buffer_format*, EGLBoolean) returns 0x3000
12-17 10:56:06.674   187  1134 D gralloc : Isfb=0, [1920,1200,1920,7680], fmt=1, byte_stride=7680
12-17 10:56:06.682   187   207 D gralloc : Isfb=0, [1920,1200,1920,7680], fmt=1, byte_stride=7680
12-17 10:56:06.695   187   207 D gralloc : Isfb=0, [1920,1200,1920,7680], fmt=1, byte_stride=7680
12-17 10:56:06.703   569   591 V WindowStateAnimator: finishDrawingLocked: mDrawState=COMMIT_DRAW_PENDING WindowStateAnimator{a4cdbbc Starting com.robotemi.sdk.sample} in Surface(name=Starting com.robotemi.sdk.sample_Force_To_Dual)
12-17 10:56:06.703   569   591 E WindowManager: Unknown window type: 2999
12-17 10:56:06.704   569   591 V WindowManager: Eval win Window{4dcf2ff u0 com.roboteam.teamy.usa/com.roboteam.teamy.home.HomeActivity}: isDrawn=false, isAnimating=true
12-17 10:56:06.704   569   591 V WindowManager: Not displayed: s=Surface(name=com.roboteam.teamy.usa/com.roboteam.teamy.home.HomeActivity) pv=true mDrawState=DRAW_PENDING ah=false th=false a=true
12-17 10:56:06.704   187   207 D gralloc : Isfb=0, [1920,1200,1920,7680], fmt=1, byte_stride=7680
12-17 10:56:06.709   569   922 V WindowManager: Skipping AppWindowToken{b6bcd53 token=Token{8bc1cb7 ActivityRecord{f49f7b6 u0 com.robotemi.sdk.sample/.MainActivity t1759}}} -- hidden on top
12-17 10:56:06.709   569   922 V WindowManager: Skipping AppWindowToken{88a4d91 token=Token{c055bb8 ActivityRecord{dbebe1b u0 com.roboteam.teamy.usa/com.roboteam.teamy.robox.map.activity.MapFlowActivity t1758}}} -- hidden on top
12-17 10:56:06.709   569   922 V WindowManager: Done at AppWindowToken{bea77ad token=Token{dd9acc4 ActivityRecord{694bbd7 u0 com.roboteam.teamy.usa/com.roboteam.teamy.home.HomeActivity t1756}}} -- full screen, return 0
12-17 10:56:06.709   569   591 E WindowManager: Unknown window type: 2999
12-17 10:56:06.710   569   584 V WindowManager: Clear freezing of Token{dd9acc4 ActivityRecord{694bbd7 u0 com.roboteam.teamy.usa/com.roboteam.teamy.home.HomeActivity t1756}}: hidden=true freezing=false
12-17 10:56:06.720  2743  2743 I art     : Late-enabling -Xcheck:jni
12-17 10:56:06.721   569   584 I ActivityManager: Start proc 2743:com.robotemi.sdk.sample/u0a46 for activity com.robotemi.sdk.sample/.MainActivity
12-17 10:56:06.726   569   591 E WindowManager: Unknown window type: 2999
12-17 10:56:06.743   569   591 E WindowManager: Unknown window type: 2999
12-17 10:56:06.747   569  2029 V WindowManager: Skipping set freeze of Token{8bc1cb7 ActivityRecord{f49f7b6 u0 com.robotemi.sdk.sample/.MainActivity t1759}}
12-17 10:56:06.748   569  2029 V WindowManager: setAppVisibility(Token{8bc1cb7 ActivityRecord{f49f7b6 u0 com.robotemi.sdk.sample/.MainActivity t1759}}, visible=true): mNextAppTransition=TRANSIT_TASK_OPEN hidden=true hiddenRequested=true Callers=com.android.server.am.ActivityStackSupervisor.realStartActivityLocked:1185 com.android.server.am.ActivityStackSupervisor.attachApplicationLocked:625 com.android.server.am.ActivityManagerService.attachApplicationLocked:6504 com.android.server.am.ActivityManagerService.attachApplication:6567 android.app.ActivityManagerNative.onTransact:507 com.android.server.am.ActivityManagerService.onTransact:2687 
12-17 10:56:06.748   569  2029 V WindowManager: Done at AppWindowToken{b6bcd53 token=Token{8bc1cb7 ActivityRecord{f49f7b6 u0 com.robotemi.sdk.sample/.MainActivity t1759}}} -- full screen, return 0
12-17 10:56:06.748   569  2029 V WindowManager: setAppVisibility(Token{dd9acc4 ActivityRecord{694bbd7 u0 com.roboteam.teamy.usa/com.roboteam.teamy.home.HomeActivity t1756}}, visible=false): mNextAppTransition=TRANSIT_TASK_OPEN hidden=true hiddenRequested=false Callers=com.android.server.am.ActivityStack.setVisible:1170 com.android.server.am.ActivityStack.ensureActivitiesVisibleLocked:1431 com.android.server.am.ActivityStackSupervisor.ensureActivitiesVisibleLocked:3305 com.android.server.am.ActivityManagerService.updateConfigurationLocked:17838 com.android.server.am.ActivityStackSupervisor.realStartActivityLocked:1201 com.android.server.am.ActivityStackSupervisor.attachApplicationLocked:625 
12-17 10:56:06.751   569  2029 V WindowManager: Eval win Window{d5bebaf u0 Starting com.robotemi.sdk.sample}: isDrawn=true, isAnimating=true
12-17 10:56:06.751   569  2029 V WindowManager: Eval win Window{4dcf2ff u0 com.roboteam.teamy.usa/com.roboteam.teamy.home.HomeActivity}: isDrawn=false, isAnimating=true
12-17 10:56:06.751   569  2029 V WindowManager: Not displayed: s=Surface(name=com.roboteam.teamy.usa/com.roboteam.teamy.home.HomeActivity) pv=true mDrawState=DRAW_PENDING ah=false th=true a=true
12-17 10:56:06.753   569  2029 I WindowManager:   SURFACE SHOW (performShowLocked): Window{d5bebaf u0 Starting com.robotemi.sdk.sample}
12-17 10:56:06.757   569  2029 V WindowManager: Done at AppWindowToken{b6bcd53 token=Token{8bc1cb7 ActivityRecord{f49f7b6 u0 com.robotemi.sdk.sample/.MainActivity t1759}}} -- full screen, return 0
12-17 10:56:06.759   569  2029 V WindowManager: Eval win Window{d5bebaf u0 Starting com.robotemi.sdk.sample}: isDrawn=true, isAnimating=true
12-17 10:56:06.762   569   591 E WindowManager: Unknown window type: 2999
12-17 10:56:06.763   569   591 V WindowManager: Eval win Window{d5bebaf u0 Starting com.robotemi.sdk.sample}: isDrawn=true, isAnimating=true
12-17 10:56:06.770   187  1133 D gralloc : Isfb=0, [1200,1920,1200,4800], fmt=1, byte_stride=4800
12-17 10:56:06.779   569   591 E WindowManager: Unknown window type: 2999
12-17 10:56:06.784   187   205 D gralloc : Isfb=0, [1200,1920,1200,4800], fmt=1, byte_stride=4800
12-17 10:56:06.787   569   895 V WindowStateAnimator: finishDrawingLocked: mDrawState=COMMIT_DRAW_PENDING WindowStateAnimator{d150745 com.roboteam.teamy.usa/com.roboteam.teamy.home.HomeActivity} in Surface(name=com.roboteam.teamy.usa/com.roboteam.teamy.home.HomeActivity)
12-17 10:56:06.788   569   591 V WindowManager: Eval win Window{d5bebaf u0 Starting com.robotemi.sdk.sample}: isDrawn=true, isAnimating=true
12-17 10:56:06.790  2743  2743 W System  : ClassLoader referenced unknown path: /data/app/com.robotemi.sdk.sample-1/lib/arm
12-17 10:56:06.790   569   922 I WindowStateAnimator: createSurface WindowStateAnimator{93b16f2 }: mDrawState=DRAW_PENDING
12-17 10:56:06.798   569   922 V WindowManager: Done at AppWindowToken{b6bcd53 token=Token{8bc1cb7 ActivityRecord{f49f7b6 u0 com.robotemi.sdk.sample/.MainActivity t1759}}} -- full screen, return 0
12-17 10:56:06.798   569   922 V WindowManager: Resize reasons for w=Window{b8593cb u0 com.roboteam.teamy.usa}:  contentInsetsChanged=false [0,0][0,0] visibleInsetsChanged=false [0,0][0,0] stableInsetsChanged=false [0,0][0,0] outsetsChanged=false [0,0][0,0] surfaceResized=true configChanged=true
12-17 10:56:06.798   569   922 V WindowManager: Resizing window Window{b8593cb u0 com.roboteam.teamy.usa} to 1920.0x41.0
12-17 10:56:06.798   569   922 V WindowManager: Eval win Window{d5bebaf u0 Starting com.robotemi.sdk.sample}: isDrawn=true, isAnimating=true
12-17 10:56:06.814   569   922 V WindowState: Reporting new frame to Window{b8593cb u0 com.roboteam.teamy.usa}: Rect(0, 0 - 1920, 41)
12-17 10:56:06.814   569   922 I WindowState: Sending new config to window Window{b8593cb u0 com.roboteam.teamy.usa}: 1920.0x41.0 / config={1.0 ?mcc?mnc en_US ldltr sw800dp w1280dp h800dp 240dpi xlrg land finger -keyb/v/h -nav/h s.4} overrideConfig={1.0 ?mcc?mnc ?locale ?layoutDir ?swdp ?wdp ?hdp ?density ?lsize ?long ?orien ?uimode ?night ?touch ?keyb/?/? ?nav/?}
12-17 10:56:06.814   569   922 I WindowState: Resizing Window{b8593cb u0 com.roboteam.teamy.usa} WITH DRAW PENDING
12-17 10:56:06.815   569   922 V WindowManager: Eval win Window{d5bebaf u0 Starting com.robotemi.sdk.sample}: isDrawn=true, isAnimating=true
12-17 10:56:06.816   569   591 E WindowManager: Unknown window type: 2999
12-17 10:56:06.817   896  1685 D Surface : Surface::final mReqUsage=a00
12-17 10:56:06.818   896  1685 D mali_winsys: EGLint new_window_surface(egl_winsys_display*, void*, EGLSurface, EGLConfig, egl_winsys_surface**, egl_color_buffer_format*, EGLBoolean) returns 0x3000
12-17 10:56:06.820   187  1133 D gralloc : Isfb=0, [1920,41,1920,7680], fmt=1, byte_stride=7680
12-17 10:56:06.821   187  1133 D gralloc : Isfb=0, [1920,41,1920,7680], fmt=1, byte_stride=7680
12-17 10:56:06.821   187  1133 D gralloc : Isfb=0, [1920,41,1920,7680], fmt=1, byte_stride=7680
12-17 10:56:06.832   569   591 E WindowManager: Unknown window type: 2999
12-17 10:56:06.850   569   591 E WindowManager: Unknown window type: 2999
12-17 10:56:06.867   569   591 E WindowManager: Unknown window type: 2999
12-17 10:56:06.885   569   591 E WindowManager: Unknown window type: 2999
12-17 10:56:06.903   569   591 E WindowManager: Unknown window type: 2999
12-17 10:56:06.913   187  1133 D gralloc : Isfb=0, [41,1920,48,192], fmt=1, byte_stride=192
12-17 10:56:06.921   569   591 E WindowManager: Unknown window type: 2999
12-17 10:56:06.926   187   205 D gralloc : Isfb=0, [41,1920,48,192], fmt=1, byte_stride=192
12-17 10:56:06.937   569  2029 V WindowStateAnimator: finishDrawingLocked: mDrawState=COMMIT_DRAW_PENDING WindowStateAnimator{93b16f2 } in Surface(name=)
12-17 10:56:06.938   569   591 I WindowManager:   SURFACE SHOW (performShowLocked): Window{b8593cb u0 com.roboteam.teamy.usa}
12-17 10:56:06.938   569   591 V WindowManager: Eval win Window{d5bebaf u0 Starting com.robotemi.sdk.sample}: isDrawn=true, isAnimating=true
12-17 10:56:06.940   569   591 E WindowManager: Unknown window type: 2999
12-17 10:56:06.956   569   591 V WindowManager: Eval win Window{d5bebaf u0 Starting com.robotemi.sdk.sample}: isDrawn=true, isAnimating=true
12-17 10:56:06.957  2743  2743 D TemiSdkServiceConnection: startConnection(Context)
12-17 10:56:06.957  2743  2743 D TemiSdkServiceConnection: getSdkServiceIntent()
12-17 10:56:06.957   569   591 E WindowManager: Unknown window type: 2999
12-17 10:56:06.960  2743  2743 D TemiSdkServiceConnection: bindServiceUsa=true
12-17 10:56:06.974   569  1292 V WindowManager: Done at AppWindowToken{b6bcd53 token=Token{8bc1cb7 ActivityRecord{f49f7b6 u0 com.robotemi.sdk.sample/.MainActivity t1759}}} -- full screen, return 0
12-17 10:56:06.974   569  1292 V WindowManager: Eval win Window{d5bebaf u0 Starting com.robotemi.sdk.sample}: isDrawn=true, isAnimating=true
12-17 10:56:06.976   569   591 E WindowManager: Unknown window type: 2999
12-17 10:56:07.004   569   591 E WindowManager: Unknown window type: 2999
12-17 10:56:07.021   187  1134 D gralloc : Isfb=0, [41,1920,48,192], fmt=1, byte_stride=192
12-17 10:56:07.026   569   591 E WindowManager: Unknown window type: 2999
12-17 10:56:07.047   569   591 E WindowManager: Unknown window type: 2999
12-17 10:56:07.060  2743  2743 W art     : Before Android 4.1, method android.graphics.PorterDuffColorFilter androidx.vectordrawable.graphics.drawable.VectorDrawableCompat.updateTintFilter(android.graphics.PorterDuffColorFilter, android.content.res.ColorStateList, android.graphics.PorterDuff$Mode) would have incorrectly overridden the package-private method in android.graphics.drawable.Drawable
12-17 10:56:07.079   569   591 E WindowManager: Unknown window type: 2999
12-17 10:56:07.100   569   591 V WindowManager: Eval win Window{d5bebaf u0 Starting com.robotemi.sdk.sample}: isDrawn=true, isAnimating=false
12-17 10:56:07.103   569   591 V WindowManager: Eval win Window{d5bebaf u0 Starting com.robotemi.sdk.sample}: isDrawn=true, isAnimating=false
12-17 10:56:07.113  2743  2743 I art     : Rejecting re-init on previously-failed class java.lang.Class<androidx.core.view.ViewCompat$2>
12-17 10:56:07.113  2743  2743 I art     : Rejecting re-init on previously-failed class java.lang.Class<androidx.core.view.ViewCompat$2>
12-17 10:56:07.115   569   591 E WindowManager: Unknown window type: 2999
12-17 10:56:07.295   223  2742 I AudioSink: callbackwrapper: EVENT_UNDERRUN (discarded)
12-17 10:56:07.352  2743  2759 D OpenGLRenderer: Use EGL_SWAP_BEHAVIOR_PRESERVED: true
12-17 10:56:07.362  2743  2743 D TemiSdkServiceConnection: onServiceConnected(ComponentName, IBinder) (name=ComponentInfo{com.roboteam.teamy.usa/com.roboteam.teamy.sdk.SdkService}, service=android.os.BinderProxy@7c514ba)
12-17 10:56:07.392   569   582 V WindowManager: Done at AppWindowToken{b6bcd53 token=Token{8bc1cb7 ActivityRecord{f49f7b6 u0 com.robotemi.sdk.sample/.MainActivity t1759}}} -- full screen, return 0
12-17 10:56:07.418   569   895 I WindowStateAnimator: createSurface WindowStateAnimator{d9a3c6d com.robotemi.sdk.sample/com.robotemi.sdk.sample.MainActivity}: mDrawState=DRAW_PENDING
12-17 10:56:07.420   569   895 V WindowManager: Done at AppWindowToken{b6bcd53 token=Token{8bc1cb7 ActivityRecord{f49f7b6 u0 com.robotemi.sdk.sample/.MainActivity t1759}}} -- full screen, return 0
12-17 10:56:07.420   569   895 V WindowManager: Eval win Window{d5bebaf u0 Starting com.robotemi.sdk.sample}: isDrawn=true, isAnimating=false
12-17 10:56:07.420   569   895 V WindowManager: Eval win Window{40705bb u0 com.robotemi.sdk.sample/com.robotemi.sdk.sample.MainActivity}: isDrawn=false, isAnimating=false
12-17 10:56:07.420   569   895 V WindowManager: Not displayed: s=Surface(name=com.robotemi.sdk.sample/com.robotemi.sdk.sample.MainActivity) pv=true mDrawState=DRAW_PENDING ah=false th=false a=false
12-17 10:56:07.420   569   895 V WindowManager: Resize reasons for w=Window{40705bb u0 com.robotemi.sdk.sample/com.robotemi.sdk.sample.MainActivity}:  contentInsetsChanged=false [0,0][0,0] visibleInsetsChanged=false [0,0][0,0] stableInsetsChanged=false [0,0][0,0] outsetsChanged=false [0,0][0,0] surfaceResized=true configChanged=true
12-17 10:56:07.420   569   895 V WindowManager: Resizing window Window{40705bb u0 com.robotemi.sdk.sample/com.robotemi.sdk.sample.MainActivity} to 1920.0x1200.0
12-17 10:56:07.433   569   895 V WindowState: Reporting new frame to Window{40705bb u0 com.robotemi.sdk.sample/com.robotemi.sdk.sample.MainActivity}: Rect(0, 0 - 1920, 1200)
12-17 10:56:07.433   569   895 I WindowState: Sending new config to window Window{40705bb u0 com.robotemi.sdk.sample/com.robotemi.sdk.sample.MainActivity}: 1920.0x1200.0 / config={1.0 ?mcc?mnc en_US ldltr sw800dp w1280dp h800dp 240dpi xlrg land finger -keyb/v/h -nav/h s.4} overrideConfig={1.0 ?mcc?mnc ?locale ?layoutDir ?swdp ?wdp ?hdp ?density ?lsize ?long ?orien ?uimode ?night ?touch ?keyb/?/? ?nav/?}
12-17 10:56:07.433   569   895 I WindowState: Resizing Window{40705bb u0 com.robotemi.sdk.sample/com.robotemi.sdk.sample.MainActivity} WITH DRAW PENDING
12-17 10:56:07.437   569   895 V WindowManager: Eval win Window{d5bebaf u0 Starting com.robotemi.sdk.sample}: isDrawn=true, isAnimating=false
12-17 10:56:07.437   569   895 V WindowManager: Eval win Window{40705bb u0 com.robotemi.sdk.sample/com.robotemi.sdk.sample.MainActivity}: isDrawn=false, isAnimating=false
12-17 10:56:07.437   569   895 V WindowManager: Not displayed: s=Surface(name=com.robotemi.sdk.sample/com.robotemi.sdk.sample.MainActivity) pv=true mDrawState=DRAW_PENDING ah=false th=false a=false
12-17 10:56:07.438   569  2029 I WindowStateAnimator: createSurface WindowStateAnimator{26320a2 }: mDrawState=DRAW_PENDING
12-17 10:56:07.440  2743  2759 I mali_so : [File] : hardware/arm/maliT760/driver/product/base/src/mali_base_kbase.c; [Line] : 928; [Func] : base_context_deal_with_version_affairs_rk_ext;
12-17 10:56:07.440  2743  2759 I mali_so : arm_release_ver of this mali_so is 'r12p0-04rel0', rk_so_ver is '12@0', built at '17:00:15', on 'Aug 16 2016'.
12-17 10:56:07.440  2743  2759 I mali_so : [File] : hardware/arm/maliT760/driver/product/base/src/mali_base_kbase.c; [Line] : 955; [Func] : base_context_deal_with_version_affairs_rk_ext;
12-17 10:56:07.440  2743  2759 I mali_so : mali_ver_property has been set to 'r12p0-04rel0-13-12@0', to return.
12-17 10:56:07.441   569  2029 V WindowManager: Done at AppWindowToken{b6bcd53 token=Token{8bc1cb7 ActivityRecord{f49f7b6 u0 com.robotemi.sdk.sample/.MainActivity t1759}}} -- full screen, return 0
12-17 10:56:07.441   569  2029 V WindowManager: Resize reasons for w=Window{8e8c84 u0 com.roboteam.teamy.usa}:  contentInsetsChanged=false [0,0][0,0] visibleInsetsChanged=false [0,0][0,0] stableInsetsChanged=false [0,0][0,0] outsetsChanged=false [0,0][0,0] surfaceResized=true configChanged=true
12-17 10:56:07.441   569  2029 V WindowManager: Resizing window Window{8e8c84 u0 com.roboteam.teamy.usa} to 1920.0x98.0
12-17 10:56:07.441   569  2029 V WindowManager: Eval win Window{d5bebaf u0 Starting com.robotemi.sdk.sample}: isDrawn=true, isAnimating=false
12-17 10:56:07.441   569  2029 V WindowManager: Eval win Window{40705bb u0 com.robotemi.sdk.sample/com.robotemi.sdk.sample.MainActivity}: isDrawn=false, isAnimating=false
12-17 10:56:07.441   569  2029 V WindowManager: Not displayed: s=Surface(name=com.robotemi.sdk.sample/com.robotemi.sdk.sample.MainActivity) pv=true mDrawState=DRAW_PENDING ah=false th=false a=false
12-17 10:56:07.442  2743  2759 I OpenGLRenderer: Initialized EGL, version 1.4
12-17 10:56:07.447  2743  2759 D Surface : Surface::final mReqUsage=a00
12-17 10:56:07.447  2743  2759 D mali_winsys: EGLint new_window_surface(egl_winsys_display*, void*, EGLSurface, EGLConfig, egl_winsys_surface**, egl_color_buffer_format*, EGLBoolean) returns 0x3000
12-17 10:56:07.451   569  2029 V WindowState: Reporting new frame to Window{8e8c84 u0 com.roboteam.teamy.usa}: Rect(0, 0 - 1920, 98)
12-17 10:56:07.451   569  2029 I WindowState: Sending new config to window Window{8e8c84 u0 com.roboteam.teamy.usa}: 1920.0x98.0 / config={1.0 ?mcc?mnc en_US ldltr sw800dp w1280dp h800dp 240dpi xlrg land finger -keyb/v/h -nav/h s.4} overrideConfig={1.0 ?mcc?mnc ?locale ?layoutDir ?swdp ?wdp ?hdp ?density ?lsize ?long ?orien ?uimode ?night ?touch ?keyb/?/? ?nav/?}
12-17 10:56:07.451   569  2029 I WindowState: Resizing Window{8e8c84 u0 com.roboteam.teamy.usa} WITH DRAW PENDING
12-17 10:56:07.452   569  2029 V WindowManager: Eval win Window{d5bebaf u0 Starting com.robotemi.sdk.sample}: isDrawn=true, isAnimating=false
12-17 10:56:07.453   569  2029 V WindowManager: Eval win Window{40705bb u0 com.robotemi.sdk.sample/com.robotemi.sdk.sample.MainActivity}: isDrawn=false, isAnimating=false
12-17 10:56:07.453   569  2029 V WindowManager: Not displayed: s=Surface(name=com.robotemi.sdk.sample/com.robotemi.sdk.sample.MainActivity) pv=true mDrawState=DRAW_PENDING ah=false th=false a=false
12-17 10:56:07.457   896  1685 D Surface : Surface::final mReqUsage=a00
12-17 10:56:07.457   896  1685 D mali_winsys: EGLint new_window_surface(egl_winsys_display*, void*, EGLSurface, EGLConfig, egl_winsys_surface**, egl_color_buffer_format*, EGLBoolean) returns 0x3000
12-17 10:56:07.457   187   207 D gralloc : Isfb=0, [1920,1200,1920,7680], fmt=1, byte_stride=7680
12-17 10:56:07.459   187   205 D gralloc : Isfb=0, [1920,98,1920,7680], fmt=1, byte_stride=7680
12-17 10:56:07.460   187   205 D gralloc : Isfb=0, [1920,98,1920,7680], fmt=1, byte_stride=7680
12-17 10:56:07.461   187   205 D gralloc : Isfb=0, [1920,98,1920,7680], fmt=1, byte_stride=7680
12-17 10:56:07.465   187   207 D gralloc : Isfb=0, [1920,1200,1920,7680], fmt=1, byte_stride=7680
12-17 10:56:07.465   569   582 V WindowManager: Done at AppWindowToken{b6bcd53 token=Token{8bc1cb7 ActivityRecord{f49f7b6 u0 com.robotemi.sdk.sample/.MainActivity t1759}}} -- full screen, return 0
12-17 10:56:07.468   569  1292 V WindowManager: Eval win Window{d5bebaf u0 Starting com.robotemi.sdk.sample}: isDrawn=true, isAnimating=false
12-17 10:56:07.468   569  1292 V WindowManager: Eval win Window{40705bb u0 com.robotemi.sdk.sample/com.robotemi.sdk.sample.MainActivity}: isDrawn=false, isAnimating=false
12-17 10:56:07.468   569  1292 V WindowManager: Not displayed: s=Surface(name=com.robotemi.sdk.sample/com.robotemi.sdk.sample.MainActivity) pv=true mDrawState=DRAW_PENDING ah=false th=false a=false
12-17 10:56:07.469   569   591 E WindowManager: Unknown window type: 2999
12-17 10:56:07.473   187   207 D gralloc : Isfb=0, [1920,1200,1920,7680], fmt=1, byte_stride=7680
12-17 10:56:07.473   896   896 W PathParser: Points are too far apart 4.0031112208253035
12-17 10:56:07.473   896   896 W PathParser: Points are too far apart 4.00311413144027
12-17 10:56:07.473   896   896 W PathParser: Points are too far apart 4.000825805473369
12-17 10:56:07.475   896   896 W PathParser: Points are too far apart 4.000001541292032
12-17 10:56:07.475   896   896 W PathParser: Points are too far apart 4.000001541292032
12-17 10:56:07.475   896   896 W PathParser: Points are too far apart 4.000001541292032
12-17 10:56:07.475   896   896 W PathParser: Points are too far apart 4.000000192661488
12-17 10:56:07.475   896   896 W PathParser: Points are too far apart 4.000000192661488
12-17 10:56:07.475   896   896 W PathParser: Points are too far apart 4.000000192661488
12-17 10:56:07.482   187   205 D gralloc : Isfb=0, [98,1920,112,448], fmt=1, byte_stride=448
12-17 10:56:07.486   569   591 E WindowManager: Unknown window type: 2999
12-17 10:56:07.492   187  1133 D gralloc : Isfb=0, [1200,1920,1200,4800], fmt=1, byte_stride=4800
12-17 10:56:07.494   187  1134 D gralloc : Isfb=0, [98,1920,112,448], fmt=1, byte_stride=448
12-17 10:56:07.496   569   894 V WindowStateAnimator: finishDrawingLocked: mDrawState=COMMIT_DRAW_PENDING WindowStateAnimator{26320a2 } in Surface(name=)
12-17 10:56:07.496   569   591 I WindowManager:   SURFACE SHOW (performShowLocked): Window{8e8c84 u0 com.roboteam.teamy.usa}
12-17 10:56:07.496   569   591 V WindowManager: Eval win Window{d5bebaf u0 Starting com.robotemi.sdk.sample}: isDrawn=true, isAnimating=false
12-17 10:56:07.496   569   591 V WindowManager: Eval win Window{40705bb u0 com.robotemi.sdk.sample/com.robotemi.sdk.sample.MainActivity}: isDrawn=false, isAnimating=false
12-17 10:56:07.496   569   591 V WindowManager: Not displayed: s=Surface(name=com.robotemi.sdk.sample/com.robotemi.sdk.sample.MainActivity) pv=true mDrawState=DRAW_PENDING ah=false th=false a=false
12-17 10:56:07.498   569   922 I WindowStateAnimator: createSurface WindowStateAnimator{c58ed8f }: mDrawState=DRAW_PENDING
12-17 10:56:07.500   569   922 V WindowManager: Done at AppWindowToken{b6bcd53 token=Token{8bc1cb7 ActivityRecord{f49f7b6 u0 com.robotemi.sdk.sample/.MainActivity t1759}}} -- full screen, return 0
12-17 10:56:07.501   569   922 V WindowManager: Resize reasons for w=Window{aa9ecf0 u0 com.roboteam.teamy.usa}:  contentInsetsChanged=false [0,0][0,0] visibleInsetsChanged=false [0,0][0,0] stableInsetsChanged=false [0,0][0,0] outsetsChanged=false [0,0][0,0] surfaceResized=true configChanged=true
12-17 10:56:07.501   569   922 V WindowManager: Resizing window Window{aa9ecf0 u0 com.roboteam.teamy.usa} to 1920.0x30.0
12-17 10:56:07.501   569   922 V WindowManager: Eval win Window{d5bebaf u0 Starting com.robotemi.sdk.sample}: isDrawn=true, isAnimating=false
12-17 10:56:07.501   569   922 V WindowManager: Eval win Window{40705bb u0 com.robotemi.sdk.sample/com.robotemi.sdk.sample.MainActivity}: isDrawn=false, isAnimating=false
12-17 10:56:07.501   569   922 V WindowManager: Not displayed: s=Surface(name=com.robotemi.sdk.sample/com.robotemi.sdk.sample.MainActivity) pv=true mDrawState=DRAW_PENDING ah=false th=false a=false
12-17 10:56:07.504   569   922 V WindowState: Reporting new frame to Window{aa9ecf0 u0 com.roboteam.teamy.usa}: Rect(0, 1170 - 1920, 1200)
12-17 10:56:07.504   569   922 I WindowState: Sending new config to window Window{aa9ecf0 u0 com.roboteam.teamy.usa}: 1920.0x30.0 / config={1.0 ?mcc?mnc en_US ldltr sw800dp w1280dp h800dp 240dpi xlrg land finger -keyb/v/h -nav/h s.4} overrideConfig={1.0 ?mcc?mnc ?locale ?layoutDir ?swdp ?wdp ?hdp ?density ?lsize ?long ?orien ?uimode ?night ?touch ?keyb/?/? ?nav/?}
12-17 10:56:07.504   569   922 I WindowState: Resizing Window{aa9ecf0 u0 com.roboteam.teamy.usa} WITH DRAW PENDING
12-17 10:56:07.505   569   922 V WindowManager: Eval win Window{d5bebaf u0 Starting com.robotemi.sdk.sample}: isDrawn=true, isAnimating=false
12-17 10:56:07.505   569   922 V WindowManager: Eval win Window{40705bb u0 com.robotemi.sdk.sample/com.robotemi.sdk.sample.MainActivity}: isDrawn=false, isAnimating=false
12-17 10:56:07.505   569   922 V WindowManager: Not displayed: s=Surface(name=com.robotemi.sdk.sample/com.robotemi.sdk.sample.MainActivity) pv=true mDrawState=DRAW_PENDING ah=false th=false a=false
12-17 10:56:07.508   569   591 E WindowManager: Unknown window type: 2999
12-17 10:56:07.509   187   205 D gralloc : Isfb=0, [1200,1920,1200,4800], fmt=1, byte_stride=4800
12-17 10:56:07.510   569   591 V WindowManager: Eval win Window{d5bebaf u0 Starting com.robotemi.sdk.sample}: isDrawn=true, isAnimating=false
12-17 10:56:07.510   896  1685 D Surface : Surface::final mReqUsage=a00
12-17 10:56:07.510   569   591 V WindowManager: Eval win Window{40705bb u0 com.robotemi.sdk.sample/com.robotemi.sdk.sample.MainActivity}: isDrawn=false, isAnimating=false
12-17 10:56:07.510   569   591 V WindowManager: Not displayed: s=Surface(name=com.robotemi.sdk.sample/com.robotemi.sdk.sample.MainActivity) pv=true mDrawState=DRAW_PENDING ah=false th=false a=false
12-17 10:56:07.510   896  1685 D mali_winsys: EGLint new_window_surface(egl_winsys_display*, void*, EGLSurface, EGLConfig, egl_winsys_surface**, egl_color_buffer_format*, EGLBoolean) returns 0x3000
12-17 10:56:07.513   187  1134 D gralloc : Isfb=0, [1920,30,1920,7680], fmt=1, byte_stride=7680
12-17 10:56:07.517   569   895 V WindowStateAnimator: finishDrawingLocked: mDrawState=COMMIT_DRAW_PENDING WindowStateAnimator{d9a3c6d com.robotemi.sdk.sample/com.robotemi.sdk.sample.MainActivity} in Surface(name=com.robotemi.sdk.sample/com.robotemi.sdk.sample.MainActivity)
12-17 10:56:07.517   569   591 V WindowManager: Eval win Window{d5bebaf u0 Starting com.robotemi.sdk.sample}: isDrawn=true, isAnimating=false
12-17 10:56:07.517   569   591 V WindowManager: Eval win Window{40705bb u0 com.robotemi.sdk.sample/com.robotemi.sdk.sample.MainActivity}: isDrawn=true, isAnimating=false
12-17 10:56:07.517   569   591 V WindowManager: tokenMayBeDrawn: AppWindowToken{b6bcd53 token=Token{8bc1cb7 ActivityRecord{f49f7b6 u0 com.robotemi.sdk.sample/.MainActivity t1759}}} freezingScreen=false mAppFreezing=false
12-17 10:56:07.517   187  1134 D gralloc : Isfb=0, [1920,30,1920,7680], fmt=1, byte_stride=7680
12-17 10:56:07.518   187  1134 D gralloc : Isfb=0, [1920,30,1920,7680], fmt=1, byte_stride=7680
12-17 10:56:07.518   569   591 I WindowManager:   SURFACE SHOW (performShowLocked): Window{40705bb u0 com.robotemi.sdk.sample/com.robotemi.sdk.sample.MainActivity}
12-17 10:56:07.519   569   591 I ActivityManager: Displayed com.robotemi.sdk.sample/.MainActivity: +809ms
12-17 10:56:07.524   569   591 E WindowManager: Unknown window type: 2999
12-17 10:56:07.532   187  1133 D gralloc : Isfb=0, [30,1920,32,128], fmt=1, byte_stride=128
12-17 10:56:07.539   569   591 E WindowManager: Unknown window type: 2999
12-17 10:56:07.540   187  2770 D gralloc : Isfb=0, [1200,1920,1200,4800], fmt=1, byte_stride=4800
12-17 10:56:07.540   187  1134 D gralloc : Isfb=0, [30,1920,32,128], fmt=1, byte_stride=128
12-17 10:56:07.542   569   582 V WindowStateAnimator: finishDrawingLocked: mDrawState=COMMIT_DRAW_PENDING WindowStateAnimator{c58ed8f } in Surface(name=)
12-17 10:56:07.542   569   591 I WindowManager:   SURFACE SHOW (performShowLocked): Window{aa9ecf0 u0 com.roboteam.teamy.usa}
12-17 10:56:07.545   569  1292 V WindowManager: setAppVisibility(Token{dd9acc4 ActivityRecord{694bbd7 u0 com.roboteam.teamy.usa/com.roboteam.teamy.home.HomeActivity t1756}}, visible=false): mNextAppTransition=TRANSIT_UNSET hidden=true hiddenRequested=true Callers=com.android.server.am.ActivityStack.