12-11 14:46:42.149  1468  1955 V GoogleSignatureVerifier: MBEGA1UECAwKQ2FsaWZvcm5pYTEWMBQGA1UEBwwNTW91bnRhaW4gVmlldzEQMA4GA1UECgwHQW5k
12-11 14:46:42.149  1468  1955 V GoogleSignatureVerifier: cm9pZDEQMA4GA1UECwwHQW5kcm9pZDEQMA4GA1UEAwwHQW5kcm9pZDEiMCAGCSqGSIb3DQEJARYT
12-11 14:46:42.149  1468  1955 V GoogleSignatureVerifier: YW5kcm9pZEBhbmRyb2lkLmNvbTAeFw0xNDEyMjMwNjQzNDFaFw00MjA1MTAwNjQzNDFaMIGUMQsw
12-11 14:46:42.149  1468  1955 V GoogleSignatureVerifier: CQYDVQQGEwJVUzETMBEGA1UECAwKQ2FsaWZvcm5pYTEWMBQGA1UEBwwNTW91bnRhaW4gVmlldzEQ
12-11 14:46:42.149  1468  1955 V GoogleSignatureVerifier: MA4GA1UECgwHQW5kcm9pZDEQMA4GA1UECwwHQW5kcm9pZDEQMA4GA1UEAwwHQW5kcm9pZDEiMCAG
12-11 14:46:42.149  1468  1955 V GoogleSignatureVerifier: CSqGSIb3DQEJARYTYW5kcm9pZEBhbmRyb2lkLmNvbTCCASAwDQYJKoZIhvcNAQEBBQADggENADCC
12-11 14:46:42.149  1468  1955 V GoogleSignatureVerifier: AQgCggEBAKHY8Fl4XZzpJvgHoezYjhmKPvdq9DGYVc/X9NQO5oUlYIA/Ci5rzvljz13KbNve/Kxu
12-11 14:46:42.149  1468  1955 V GoogleSignatureVerifier: Eu9HN8SzsLg9EBhghOko8JxEg7I8W6uPVOoRngNCMvXzjf6av77vxPqphlgq++Y4MIC+fiOxLd+g
12-11 14:46:42.149  1468  1955 V GoogleSignatureVerifier: pYq0p6W7RWxEgrzLHnWiCX0dRmWDs+ey2t4f1WKzGoRQQS0Tn21CViThrVEe+zNwANnhErUcvoQB
12-11 14:46:42.149  1468  1955 V GoogleSignatureVerifier: 2m4/PQotuij7LZNccHJvUOUf5/4wIZd8JOgO3VLwzFO/HhrqUjafCvkpKTjW8oQmHLUz5m40ljET
12-11 14:46:42.149  1468  1955 V GoogleSignatureVerifier: GEjqQ6AuAwmaeFT+Bwj1DUaYg+m7AzalJ2aAtHVX0FftRUkCAQOjUDBOMB0GA1UdDgQWBBQi+Lgb
12-11 14:46:42.149  1468  1955 V GoogleSignatureVerifier: yFfWSoWCbQ+NVDF4ZKTPCjAfBgNVHSMEGDAWgBQi+LgbyFfWSoWCbQ+NVDF4ZKTPCjAMBgNVHRME
12-11 14:46:42.149  1468  1955 V GoogleSignatureVerifier: BTADAQH/MA0GCSqGSIb3DQEBCwUAA4IBAQBH1kIQlSBjXRMuQdaDLytr8ZaJXIN1HApg2QA8azYQ
12-11 14:46:42.149  1468  1955 V GoogleSignatureVerifier: XOS/B16gwm6tBfh1dL86LL/7w09oM9LZv8WwtQyFNjM97vvQvkaOGW/ubhrKOk3+8HTHkEx4n7H6
12-11 14:46:42.149  1468  1955 V GoogleSignatureVerifier: tYGOLdpmWepDfBSEFuLwq6yqG6wZFdd7IKO+sPlCxqUpqg40YAb4WOwzDbiuJnswDftP3wIaaJPh
12-11 14:46:42.149  1468  1955 V GoogleSignatureVerifier: li6OIjRKyd3Sgw1MtffHOy+WSwqHLkGNgH6GAgvZlvhPA/yim+rjnE9oKV5G6PygQK7kJJjS/Lde
12-11 14:46:42.149  1468  1955 V GoogleSignatureVerifier: qxE7M7pNRYPhcLT7qhE7MiuBuyqwAMTTBoU8u3lTdOZwNErbRT5tSXkgVMffkfN7wBNqpSSY
12-11 14:46:42.165  1468  1955 V GoogleSignatureVerifier: com.roboteam.teamy.weatherskill.usa signature not valid.  Found: 
12-11 14:46:42.165  1468  1955 V GoogleSignatureVerifier: MIID+zCCAuOgAwIBAgIJAP8GQTI8+VUSMA0GCSqGSIb3DQEBCwUAMIGUMQswCQYDVQQGEwJVUzET
12-11 14:46:42.165  1468  1955 V GoogleSignatureVerifier: MBEGA1UECAwKQ2FsaWZvcm5pYTEWMBQGA1UEBwwNTW91bnRhaW4gVmlldzEQMA4GA1UECgwHQW5k
12-11 14:46:42.165  1468  1955 V GoogleSignatureVerifier: cm9pZDEQMA4GA1UECwwHQW5kcm9pZDEQMA4GA1UEAwwHQW5kcm9pZDEiMCAGCSqGSIb3DQEJARYT
12-11 14:46:42.165  1468  1955 V GoogleSignatureVerifier: YW5kcm9pZEBhbmRyb2lkLmNvbTAeFw0xNDEyMjMwNjQzNDFaFw00MjA1MTAwNjQzNDFaMIGUMQsw
12-11 14:46:42.165  1468  1955 V GoogleSignatureVerifier: CQYDVQQGEwJVUzETMBEGA1UECAwKQ2FsaWZvcm5pYTEWMBQGA1UEBwwNTW91bnRhaW4gVmlldzEQ
12-11 14:46:42.165  1468  1955 V GoogleSignatureVerifier: MA4GA1UECgwHQW5kcm9pZDEQMA4GA1UECwwHQW5kcm9pZDEQMA4GA1UEAwwHQW5kcm9pZDEiMCAG
12-11 14:46:42.165  1468  1955 V GoogleSignatureVerifier: CSqGSIb3DQEJARYTYW5kcm9pZEBhbmRyb2lkLmNvbTCCASAwDQYJKoZIhvcNAQEBBQADggENADCC
12-11 14:46:42.165  1468  1955 V GoogleSignatureVerifier: AQgCggEBAKHY8Fl4XZzpJvgHoezYjhmKPvdq9DGYVc/X9NQO5oUlYIA/Ci5rzvljz13KbNve/Kxu
12-11 14:46:42.165  1468  1955 V GoogleSignatureVerifier: Eu9HN8SzsLg9EBhghOko8JxEg7I8W6uPVOoRngNCMvXzjf6av77vxPqphlgq++Y4MIC+fiOxLd+g
12-11 14:46:42.165  1468  1955 V GoogleSignatureVerifier: pYq0p6W7RWxEgrzLHnWiCX0dRmWDs+ey2t4f1WKzGoRQQS0Tn21CViThrVEe+zNwANnhErUcvoQB
12-11 14:46:42.165  1468  1955 V GoogleSignatureVerifier: 2m4/PQotuij7LZNccHJvUOUf5/4wIZd8JOgO3VLwzFO/HhrqUjafCvkpKTjW8oQmHLUz5m40ljET
12-11 14:46:42.165  1468  1955 V GoogleSignatureVerifier: GEjqQ6AuAwmaeFT+Bwj1DUaYg+m7AzalJ2aAtHVX0FftRUkCAQOjUDBOMB0GA1UdDgQWBBQi+Lgb
12-11 14:46:42.165  1468  1955 V GoogleSignatureVerifier: yFfWSoWCbQ+NVDF4ZKTPCjAfBgNVHSMEGDAWgBQi+LgbyFfWSoWCbQ+NVDF4ZKTPCjAMBgNVHRME
12-11 14:46:42.165  1468  1955 V GoogleSignatureVerifier: BTADAQH/MA0GCSqGSIb3DQEBCwUAA4IBAQBH1kIQlSBjXRMuQdaDLytr8ZaJXIN1HApg2QA8azYQ
12-11 14:46:42.165  1468  1955 V GoogleSignatureVerifier: XOS/B16gwm6tBfh1dL86LL/7w09oM9LZv8WwtQyFNjM97vvQvkaOGW/ubhrKOk3+8HTHkEx4n7H6
12-11 14:46:42.165  1468  1955 V GoogleSignatureVerifier: tYGOLdpmWepDfBSEFuLwq6yqG6wZFdd7IKO+sPlCxqUpqg40YAb4WOwzDbiuJnswDftP3wIaaJPh
12-11 14:46:42.165  1468  1955 V GoogleSignatureVerifier: li6OIjRKyd3Sgw1MtffHOy+WSwqHLkGNgH6GAgvZlvhPA/yim+rjnE9oKV5G6PygQK7kJJjS/Lde
12-11 14:46:42.165  1468  1955 V GoogleSignatureVerifier: qxE7M7pNRYPhcLT7qhE7MiuBuyqwAMTTBoU8u3lTdOZwNErbRT5tSXkgVMffkfN7wBNqpSSY
12-11 14:46:42.188  1468  1955 V GoogleSignatureVerifier: com.roboteam.teamy.weatherskill.usa signature not valid.  Found: 
12-11 14:46:42.188  1468  1955 V GoogleSignatureVerifier: MIID+zCCAuOgAwIBAgIJAP8GQTI8+VUSMA0GCSqGSIb3DQEBCwUAMIGUMQswCQYDVQQGEwJVUzET
12-11 14:46:42.188  1468  1955 V GoogleSignatureVerifier: MBEGA1UECAwKQ2FsaWZvcm5pYTEWMBQGA1UEBwwNTW91bnRhaW4gVmlldzEQMA4GA1UECgwHQW5k
12-11 14:46:42.188  1468  1955 V GoogleSignatureVerifier: cm9pZDEQMA4GA1UECwwHQW5kcm9pZDEQMA4GA1UEAwwHQW5kcm9pZDEiMCAGCSqGSIb3DQEJARYT
12-11 14:46:42.188  1468  1955 V GoogleSignatureVerifier: YW5kcm9pZEBhbmRyb2lkLmNvbTAeFw0xNDEyMjMwNjQzNDFaFw00MjA1MTAwNjQzNDFaMIGUMQsw
12-11 14:46:42.188  1468  1955 V GoogleSignatureVerifier: CQYDVQQGEwJVUzETMBEGA1UECAwKQ2FsaWZvcm5pYTEWMBQGA1UEBwwNTW91bnRhaW4gVmlldzEQ
12-11 14:46:42.188  1468  1955 V GoogleSignatureVerifier: MA4GA1UECgwHQW5kcm9pZDEQMA4GA1UECwwHQW5kcm9pZDEQMA4GA1UEAwwHQW5kcm9pZDEiMCAG
12-11 14:46:42.188  1468  1955 V GoogleSignatureVerifier: CSqGSIb3DQEJARYTYW5kcm9pZEBhbmRyb2lkLmNvbTCCASAwDQYJKoZIhvcNAQEBBQADggENADCC
12-11 14:46:42.188  1468  1955 V GoogleSignatureVerifier: AQgCggEBAKHY8Fl4XZzpJvgHoezYjhmKPvdq9DGYVc/X9NQO5oUlYIA/Ci5rzvljz13KbNve/Kxu
12-11 14:46:42.188  1468  1955 V GoogleSignatureVerifier: Eu9HN8SzsLg9EBhghOko8JxEg7I8W6uPVOoRngNCMvXzjf6av77vxPqphlgq++Y4MIC+fiOxLd+g
12-11 14:46:42.188  1468  1955 V GoogleSignatureVerifier: pYq0p6W7RWxEgrzLHnWiCX0dRmWDs+ey2t4f1WKzGoRQQS0Tn21CViThrVEe+zNwANnhErUcvoQB
12-11 14:46:42.188  1468  1955 V GoogleSignatureVerifier: 2m4/PQotuij7LZNccHJvUOUf5/4wIZd8JOgO3VLwzFO/HhrqUjafCvkpKTjW8oQmHLUz5m40ljET
12-11 14:46:42.188  1468  1955 V GoogleSignatureVerifier: GEjqQ6AuAwmaeFT+Bwj1DUaYg+m7AzalJ2aAtHVX0FftRUkCAQOjUDBOMB0GA1UdDgQWBBQi+Lgb
12-11 14:46:42.188  1468  1955 V GoogleSignatureVerifier: yFfWSoWCbQ+NVDF4ZKTPCjAfBgNVHSMEGDAWgBQi+LgbyFfWSoWCbQ+NVDF4ZKTPCjAMBgNVHRME
12-11 14:46:42.188  1468  1955 V GoogleSignatureVerifier: BTADAQH/MA0GCSqGSIb3DQEBCwUAA4IBAQBH1kIQlSBjXRMuQdaDLytr8ZaJXIN1HApg2QA8azYQ
12-11 14:46:42.188  1468  1955 V GoogleSignatureVerifier: XOS/B16gwm6tBfh1dL86LL/7w09oM9LZv8WwtQyFNjM97vvQvkaOGW/ubhrKOk3+8HTHkEx4n7H6
12-11 14:46:42.188  1468  1955 V GoogleSignatureVerifier: tYGOLdpmWepDfBSEFuLwq6yqG6wZFdd7IKO+sPlCxqUpqg40YAb4WOwzDbiuJnswDftP3wIaaJPh
12-11 14:46:42.188  1468  1955 V GoogleSignatureVerifier: li6OIjRKyd3Sgw1MtffHOy+WSwqHLkGNgH6GAgvZlvhPA/yim+rjnE9oKV5G6PygQK7kJJjS/Lde
12-11 14:46:42.188  1468  1955 V GoogleSignatureVerifier: qxE7M7pNRYPhcLT7qhE7MiuBuyqwAMTTBoU8u3lTdOZwNErbRT5tSXkgVMffkfN7wBNqpSSY
12-11 14:46:42.222  1468  1955 V GoogleSignatureVerifier: com.android.settings signature not valid.  Found: 
12-11 14:46:42.222  1468  1955 V GoogleSignatureVerifier: MIID+zCCAuOgAwIBAgIJAP8GQTI8+VUSMA0GCSqGSIb3DQEBCwUAMIGUMQswCQYDVQQGEwJVUzET
12-11 14:46:42.222  1468  1955 V GoogleSignatureVerifier: MBEGA1UECAwKQ2FsaWZvcm5pYTEWMBQGA1UEBwwNTW91bnRhaW4gVmlldzEQMA4GA1UECgwHQW5k
12-11 14:46:42.222  1468  1955 V GoogleSignatureVerifier: cm9pZDEQMA4GA1UECwwHQW5kcm9pZDEQMA4GA1UEAwwHQW5kcm9pZDEiMCAGCSqGSIb3DQEJARYT
12-11 14:46:42.222  1468  1955 V GoogleSignatureVerifier: YW5kcm9pZEBhbmRyb2lkLmNvbTAeFw0xNDEyMjMwNjQzNDFaFw00MjA1MTAwNjQzNDFaMIGUMQsw
12-11 14:46:42.222  1468  1955 V GoogleSignatureVerifier: CQYDVQQGEwJVUzETMBEGA1UECAwKQ2FsaWZvcm5pYTEWMBQGA1UEBwwNTW91bnRhaW4gVmlldzEQ
12-11 14:46:42.222  1468  1955 V GoogleSignatureVerifier: MA4GA1UECgwHQW5kcm9pZDEQMA4GA1UECwwHQW5kcm9pZDEQMA4GA1UEAwwHQW5kcm9pZDEiMCAG
12-11 14:46:42.222  1468  1955 V GoogleSignatureVerifier: CSqGSIb3DQEJARYTYW5kcm9pZEBhbmRyb2lkLmNvbTCCASAwDQYJKoZIhvcNAQEBBQADggENADCC
12-11 14:46:42.222  1468  1955 V GoogleSignatureVerifier: AQgCggEBAKHY8Fl4XZzpJvgHoezYjhmKPvdq9DGYVc/X9NQO5oUlYIA/Ci5rzvljz13KbNve/Kxu
12-11 14:46:42.222  1468  1955 V GoogleSignatureVerifier: Eu9HN8SzsLg9EBhghOko8JxEg7I8W6uPVOoRngNCMvXzjf6av77vxPqphlgq++Y4MIC+fiOxLd+g
12-11 14:46:42.222  1468  1955 V GoogleSignatureVerifier: pYq0p6W7RWxEgrzLHnWiCX0dRmWDs+ey2t4f1WKzGoRQQS0Tn21CViThrVEe+zNwANnhErUcvoQB
12-11 14:46:42.222  1468  1955 V GoogleSignatureVerifier: 2m4/PQotuij7LZNccHJvUOUf5/4wIZd8JOgO3VLwzFO/HhrqUjafCvkpKTjW8oQmHLUz5m40ljET
12-11 14:46:42.222  1468  1955 V GoogleSignatureVerifier: GEjqQ6AuAwmaeFT+Bwj1DUaYg+m7AzalJ2aAtHVX0FftRUkCAQOjUDBOMB0GA1UdDgQWBBQi+Lgb
12-11 14:46:42.222  1468  1955 V GoogleSignatureVerifier: yFfWSoWCbQ+NVDF4ZKTPCjAfBgNVHSMEGDAWgBQi+LgbyFfWSoWCbQ+NVDF4ZKTPCjAMBgNVHRME
12-11 14:46:42.222  1468  1955 V GoogleSignatureVerifier: BTADAQH/MA0GCSqGSIb3DQEBCwUAA4IBAQBH1kIQlSBjXRMuQdaDLytr8ZaJXIN1HApg2QA8azYQ
12-11 14:46:42.222  1468  1955 V GoogleSignatureVerifier: XOS/B16gwm6tBfh1dL86LL/7w09oM9LZv8WwtQyFNjM97vvQvkaOGW/ubhrKOk3+8HTHkEx4n7H6
12-11 14:46:42.222  1468  1955 V GoogleSignatureVerifier: tYGOLdpmWepDfBSEFuLwq6yqG6wZFdd7IKO+sPlCxqUpqg40YAb4WOwzDbiuJnswDftP3wIaaJPh
12-11 14:46:42.222  1468  1955 V GoogleSignatureVerifier: li6OIjRKyd3Sgw1MtffHOy+WSwqHLkGNgH6GAgvZlvhPA/yim+rjnE9oKV5G6PygQK7kJJjS/Lde
12-11 14:46:42.222  1468  1955 V GoogleSignatureVerifier: qxE7M7pNRYPhcLT7qhE7MiuBuyqwAMTTBoU8u3lTdOZwNErbRT5tSXkgVMffkfN7wBNqpSSY
12-11 14:46:42.227  1468  1955 V GoogleSignatureVerifier: com.android.settings signature not valid.  Found: 
12-11 14:46:42.227  1468  1955 V GoogleSignatureVerifier: MIID+zCCAuOgAwIBAgIJAP8GQTI8+VUSMA0GCSqGSIb3DQEBCwUAMIGUMQswCQYDVQQGEwJVUzET
12-11 14:46:42.227  1468  1955 V GoogleSignatureVerifier: MBEGA1UECAwKQ2FsaWZvcm5pYTEWMBQGA1UEBwwNTW91bnRhaW4gVmlldzEQMA4GA1UECgwHQW5k
12-11 14:46:42.227  1468  1955 V GoogleSignatureVerifier: cm9pZDEQMA4GA1UECwwHQW5kcm9pZDEQMA4GA1UEAwwHQW5kcm9pZDEiMCAGCSqGSIb3DQEJARYT
12-11 14:46:42.227  1468  1955 V GoogleSignatureVerifier: YW5kcm9pZEBhbmRyb2lkLmNvbTAeFw0xNDEyMjMwNjQzNDFaFw00MjA1MTAwNjQzNDFaMIGUMQsw
12-11 14:46:42.227  1468  1955 V GoogleSignatureVerifier: CQYDVQQGEwJVUzETMBEGA1UECAwKQ2FsaWZvcm5pYTEWMBQGA1UEBwwNTW91bnRhaW4gVmlldzEQ
12-11 14:46:42.227  1468  1955 V GoogleSignatureVerifier: MA4GA1UECgwHQW5kcm9pZDEQMA4GA1UECwwHQW5kcm9pZDEQMA4GA1UEAwwHQW5kcm9pZDEiMCAG
12-11 14:46:42.227  1468  1955 V GoogleSignatureVerifier: CSqGSIb3DQEJARYTYW5kcm9pZEBhbmRyb2lkLmNvbTCCASAwDQYJKoZIhvcNAQEBBQADggENADCC
12-11 14:46:42.227  1468  1955 V GoogleSignatureVerifier: AQgCggEBAKHY8Fl4XZzpJvgHoezYjhmKPvdq9DGYVc/X9NQO5oUlYIA/Ci5rzvljz13KbNve/Kxu
12-11 14:46:42.227  1468  1955 V GoogleSignatureVerifier: Eu9HN8SzsLg9EBhghOko8JxEg7I8W6uPVOoRngNCMvXzjf6av77vxPqphlgq++Y4MIC+fiOxLd+g
12-11 14:46:42.227  1468  1955 V GoogleSignatureVerifier: pYq0p6W7RWxEgrzLHnWiCX0dRmWDs+ey2t4f1WKzGoRQQS0Tn21CViThrVEe+zNwANnhErUcvoQB
12-11 14:46:42.227  1468  1955 V GoogleSignatureVerifier: 2m4/PQotuij7LZNccHJvUOUf5/4wIZd8JOgO3VLwzFO/HhrqUjafCvkpKTjW8oQmHLUz5m40ljET
12-11 14:46:42.227  1468  1955 V GoogleSignatureVerifier: GEjqQ6AuAwmaeFT+Bwj1DUaYg+m7AzalJ2aAtHVX0FftRUkCAQOjUDBOMB0GA1UdDgQWBBQi+Lgb
12-11 14:46:42.227  1468  1955 V GoogleSignatureVerifier: yFfWSoWCbQ+NVDF4ZKTPCjAfBgNVHSMEGDAWgBQi+LgbyFfWSoWCbQ+NVDF4ZKTPCjAMBgNVHRME
12-11 14:46:42.227  1468  1955 V GoogleSignatureVerifier: BTADAQH/MA0GCSqGSIb3DQEBCwUAA4IBAQBH1kIQlSBjXRMuQdaDLytr8ZaJXIN1HApg2QA8azYQ
12-11 14:46:42.227  1468  1955 V GoogleSignatureVerifier: XOS/B16gwm6tBfh1dL86LL/7w09oM9LZv8WwtQyFNjM97vvQvkaOGW/ubhrKOk3+8HTHkEx4n7H6
12-11 14:46:42.227  1468  1955 V GoogleSignatureVerifier: tYGOLdpmWepDfBSEFuLwq6yqG6wZFdd7IKO+sPlCxqUpqg40YAb4WOwzDbiuJnswDftP3wIaaJPh
12-11 14:46:42.227  1468  1955 V GoogleSignatureVerifier: li6OIjRKyd3Sgw1MtffHOy+WSwqHLkGNgH6GAgvZlvhPA/yim+rjnE9oKV5G6PygQK7kJJjS/Lde
12-11 14:46:42.227  1468  1955 V GoogleSignatureVerifier: qxE7M7pNRYPhcLT7qhE7MiuBuyqwAMTTBoU8u3lTdOZwNErbRT5tSXkgVMffkfN7wBNqpSSY
12-11 14:46:42.248  1468  1955 V GoogleSignatureVerifier: com.roboteam.teamy.usa signature not valid.  Found: 
12-11 14:46:42.248  1468  1955 V GoogleSignatureVerifier: MIID+zCCAuOgAwIBAgIJAP8GQTI8+VUSMA0GCSqGSIb3DQEBCwUAMIGUMQswCQYDVQQGEwJVUzET
12-11 14:46:42.248  1468  1955 V GoogleSignatureVerifier: MBEGA1UECAwKQ2FsaWZvcm5pYTEWMBQGA1UEBwwNTW91bnRhaW4gVmlldzEQMA4GA1UECgwHQW5k
12-11 14:46:42.248  1468  1955 V GoogleSignatureVerifier: cm9pZDEQMA4GA1UECwwHQW5kcm9pZDEQMA4GA1UEAwwHQW5kcm9pZDEiMCAGCSqGSIb3DQEJARYT
12-11 14:46:42.248  1468  1955 V GoogleSignatureVerifier: YW5kcm9pZEBhbmRyb2lkLmNvbTAeFw0xNDEyMjMwNjQzNDFaFw00MjA1MTAwNjQzNDFaMIGUMQsw
12-11 14:46:42.248  1468  1955 V GoogleSignatureVerifier: CQYDVQQGEwJVUzETMBEGA1UECAwKQ2FsaWZvcm5pYTEWMBQGA1UEBwwNTW91bnRhaW4gVmlldzEQ
12-11 14:46:42.248  1468  1955 V GoogleSignatureVerifier: MA4GA1UECgwHQW5kcm9pZDEQMA4GA1UECwwHQW5kcm9pZDEQMA4GA1UEAwwHQW5kcm9pZDEiMCAG
12-11 14:46:42.248  1468  1955 V GoogleSignatureVerifier: CSqGSIb3DQEJARYTYW5kcm9pZEBhbmRyb2lkLmNvbTCCASAwDQYJKoZIhvcNAQEBBQADggENADCC
12-11 14:46:42.248  1468  1955 V GoogleSignatureVerifier: AQgCggEBAKHY8Fl4XZzpJvgHoezYjhmKPvdq9DGYVc/X9NQO5oUlYIA/Ci5rzvljz13KbNve/Kxu
12-11 14:46:42.248  1468  1955 V GoogleSignatureVerifier: Eu9HN8SzsLg9EBhghOko8JxEg7I8W6uPVOoRngNCMvXzjf6av77vxPqphlgq++Y4MIC+fiOxLd+g
12-11 14:46:42.248  1468  1955 V GoogleSignatureVerifier: pYq0p6W7RWxEgrzLHnWiCX0dRmWDs+ey2t4f1WKzGoRQQS0Tn21CViThrVEe+zNwANnhErUcvoQB
12-11 14:46:42.248  1468  1955 V GoogleSignatureVerifier: 2m4/PQotuij7LZNccHJvUOUf5/4wIZd8JOgO3VLwzFO/HhrqUjafCvkpKTjW8oQmHLUz5m40ljET
12-11 14:46:42.248  1468  1955 V GoogleSignatureVerifier: GEjqQ6AuAwmaeFT+Bwj1DUaYg+m7AzalJ2aAtHVX0FftRUkCAQOjUDBOMB0GA1UdDgQWBBQi+Lgb
12-11 14:46:42.248  1468  1955 V GoogleSignatureVerifier: yFfWSoWCbQ+NVDF4ZKTPCjAfBgNVHSMEGDAWgBQi+LgbyFfWSoWCbQ+NVDF4ZKTPCjAMBgNVHRME
12-11 14:46:42.248  1468  1955 V GoogleSignatureVerifier: BTADAQH/MA0GCSqGSIb3DQEBCwUAA4IBAQBH1kIQlSBjXRMuQdaDLytr8ZaJXIN1HApg2QA8azYQ
12-11 14:46:42.248  1468  1955 V GoogleSignatureVerifier: XOS/B16gwm6tBfh1dL86LL/7w09oM9LZv8WwtQyFNjM97vvQvkaOGW/ubhrKOk3+8HTHkEx4n7H6
12-11 14:46:42.248  1468  1955 V GoogleSignatureVerifier: tYGOLdpmWepDfBSEFuLwq6yqG6wZFdd7IKO+sPlCxqUpqg40YAb4WOwzDbiuJnswDftP3wIaaJPh
12-11 14:46:42.248  1468  1955 V GoogleSignatureVerifier: li6OIjRKyd3Sgw1MtffHOy+WSwqHLkGNgH6GAgvZlvhPA/yim+rjnE9oKV5G6PygQK7kJJjS/Lde
12-11 14:46:42.248  1468  1955 V GoogleSignatureVerifier: qxE7M7pNRYPhcLT7qhE7MiuBuyqwAMTTBoU8u3lTdOZwNErbRT5tSXkgVMffkfN7wBNqpSSY
12-11 14:46:42.252  1468  1955 V GoogleSignatureVerifier: com.roboteam.teamy.usa signature not valid.  Found: 
12-11 14:46:42.252  1468  1955 V GoogleSignatureVerifier: MIID+zCCAuOgAwIBAgIJAP8GQTI8+VUSMA0GCSqGSIb3DQEBCwUAMIGUMQswCQYDVQQGEwJVUzET
12-11 14:46:42.252  1468  1955 V GoogleSignatureVerifier: MBEGA1UECAwKQ2FsaWZvcm5pYTEWMBQGA1UEBwwNTW91bnRhaW4gVmlldzEQMA4GA1UECgwHQW5k
12-11 14:46:42.252  1468  1955 V GoogleSignatureVerifier: cm9pZDEQMA4GA1UECwwHQW5kcm9pZDEQMA4GA1UEAwwHQW5kcm9pZDEiMCAGCSqGSIb3DQEJARYT
12-11 14:46:42.252  1468  1955 V GoogleSignatureVerifier: YW5kcm9pZEBhbmRyb2lkLmNvbTAeFw0xNDEyMjMwNjQzNDFaFw00MjA1MTAwNjQzNDFaMIGUMQsw
12-11 14:46:42.252  1468  1955 V GoogleSignatureVerifier: CQYDVQQGEwJVUzETMBEGA1UECAwKQ2FsaWZvcm5pYTEWMBQGA1UEBwwNTW91bnRhaW4gVmlldzEQ
12-11 14:46:42.252  1468  1955 V GoogleSignatureVerifier: MA4GA1UECgwHQW5kcm9pZDEQMA4GA1UECwwHQW5kcm9pZDEQMA4GA1UEAwwHQW5kcm9pZDEiMCAG
12-11 14:46:42.252  1468  1955 V GoogleSignatureVerifier: CSqGSIb3DQEJARYTYW5kcm9pZEBhbmRyb2lkLmNvbTCCASAwDQYJKoZIhvcNAQEBBQADggENADCC
12-11 14:46:42.252  1468  1955 V GoogleSignatureVerifier: AQgCggEBAKHY8Fl4XZzpJvgHoezYjhmKPvdq9DGYVc/X9NQO5oUlYIA/Ci5rzvljz13KbNve/Kxu
12-11 14:46:42.252  1468  1955 V GoogleSignatureVerifier: Eu9HN8SzsLg9EBhghOko8JxEg7I8W6uPVOoRngNCMvXzjf6av77vxPqphlgq++Y4MIC+fiOxLd+g
12-11 14:46:42.252  1468  1955 V GoogleSignatureVerifier: pYq0p6W7RWxEgrzLHnWiCX0dRmWDs+ey2t4f1WKzGoRQQS0Tn21CViThrVEe+zNwANnhErUcvoQB
12-11 14:46:42.252  1468  1955 V GoogleSignatureVerifier: 2m4/PQotuij7LZNccHJvUOUf5/4wIZd8JOgO3VLwzFO/HhrqUjafCvkpKTjW8oQmHLUz5m40ljET
12-11 14:46:42.252  1468  1955 V GoogleSignatureVerifier: GEjqQ6AuAwmaeFT+Bwj1DUaYg+m7AzalJ2aAtHVX0FftRUkCAQOjUDBOMB0GA1UdDgQWBBQi+Lgb
12-11 14:46:42.252  1468  1955 V GoogleSignatureVerifier: yFfWSoWCbQ+NVDF4ZKTPCjAfBgNVHSMEGDAWgBQi+LgbyFfWSoWCbQ+NVDF4ZKTPCjAMBgNVHRME
12-11 14:46:42.252  1468  1955 V GoogleSignatureVerifier: BTADAQH/MA0GCSqGSIb3DQEBCwUAA4IBAQBH1kIQlSBjXRMuQdaDLytr8ZaJXIN1HApg2QA8azYQ
12-11 14:46:42.252  1468  1955 V GoogleSignatureVerifier: XOS/B16gwm6tBfh1dL86LL/7w09oM9LZv8WwtQyFNjM97vvQvkaOGW/ubhrKOk3+8HTHkEx4n7H6
12-11 14:46:42.252  1468  1955 V GoogleSignatureVerifier: tYGOLdpmWepDfBSEFuLwq6yqG6wZFdd7IKO+sPlCxqUpqg40YAb4WOwzDbiuJnswDftP3wIaaJPh
12-11 14:46:42.252  1468  1955 V GoogleSignatureVerifier: li6OIjRKyd3Sgw1MtffHOy+WSwqHLkGNgH6GAgvZlvhPA/yim+rjnE9oKV5G6PygQK7kJJjS/Lde
12-11 14:46:42.252  1468  1955 V GoogleSignatureVerifier: qxE7M7pNRYPhcLT7qhE7MiuBuyqwAMTTBoU8u3lTdOZwNErbRT5tSXkgVMffkfN7wBNqpSSY
12-11 14:46:42.289  1468  1955 V GoogleSignatureVerifier: com.android.soundrecorder signature not valid.  Found: 
12-11 14:46:42.289  1468  1955 V GoogleSignatureVerifier: MIID+zCCAuOgAwIBAgIJAP8GQTI8+VUSMA0GCSqGSIb3DQEBCwUAMIGUMQswCQYDVQQGEwJVUzET
12-11 14:46:42.289  1468  1955 V GoogleSignatureVerifier: MBEGA1UECAwKQ2FsaWZvcm5pYTEWMBQGA1UEBwwNTW91bnRhaW4gVmlldzEQMA4GA1UECgwHQW5k
12-11 14:46:42.289  1468  1955 V GoogleSignatureVerifier: cm9pZDEQMA4GA1UECwwHQW5kcm9pZDEQMA4GA1UEAwwHQW5kcm9pZDEiMCAGCSqGSIb3DQEJARYT
12-11 14:46:42.289  1468  1955 V GoogleSignatureVerifier: YW5kcm9pZEBhbmRyb2lkLmNvbTAeFw0xNDEyMjMwNjQzNDFaFw00MjA1MTAwNjQzNDFaMIGUMQsw
12-11 14:46:42.289  1468  1955 V GoogleSignatureVerifier: CQYDVQQGEwJVUzETMBEGA1UECAwKQ2FsaWZvcm5pYTEWMBQGA1UEBwwNTW91bnRhaW4gVmlldzEQ
12-11 14:46:42.289  1468  1955 V GoogleSignatureVerifier: MA4GA1UECgwHQW5kcm9pZDEQMA4GA1UECwwHQW5kcm9pZDEQMA4GA1UEAwwHQW5kcm9pZDEiMCAG
12-11 14:46:42.289  1468  1955 V GoogleSignatureVerifier: CSqGSIb3DQEJARYTYW5kcm9pZEBhbmRyb2lkLmNvbTCCASAwDQYJKoZIhvcNAQEBBQADggENADCC
12-11 14:46:42.289  1468  1955 V GoogleSignatureVerifier: AQgCggEBAKHY8Fl4XZzpJvgHoezYjhmKPvdq9DGYVc/X9NQO5oUlYIA/Ci5rzvljz13KbNve/Kxu
12-11 14:46:42.289  1468  1955 V GoogleSignatureVerifier: Eu9HN8SzsLg9EBhghOko8JxEg7I8W6uPVOoRngNCMvXzjf6av77vxPqphlgq++Y4MIC+fiOxLd+g
12-11 14:46:42.289  1468  1955 V GoogleSignatureVerifier: pYq0p6W7RWxEgrzLHnWiCX0dRmWDs+ey2t4f1WKzGoRQQS0Tn21CViThrVEe+zNwANnhErUcvoQB
12-11 14:46:42.289  1468  1955 V GoogleSignatureVerifier: 2m4/PQotuij7LZNccHJvUOUf5/4wIZd8JOgO3VLwzFO/HhrqUjafCvkpKTjW8oQmHLUz5m40ljET
12-11 14:46:42.289  1468  1955 V GoogleSignatureVerifier: GEjqQ6AuAwmaeFT+Bwj1DUaYg+m7AzalJ2aAtHVX0FftRUkCAQOjUDBOMB0GA1UdDgQWBBQi+Lgb
12-11 14:46:42.289  1468  1955 V GoogleSignatureVerifier: yFfWSoWCbQ+NVDF4ZKTPCjAfBgNVHSMEGDAWgBQi+LgbyFfWSoWCbQ+NVDF4ZKTPCjAMBgNVHRME
12-11 14:46:42.289  1468  1955 V GoogleSignatureVerifier: BTADAQH/MA0GCSqGSIb3DQEBCwUAA4IBAQBH1kIQlSBjXRMuQdaDLytr8ZaJXIN1HApg2QA8azYQ
12-11 14:46:42.289  1468  1955 V GoogleSignatureVerifier: XOS/B16gwm6tBfh1dL86LL/7w09oM9LZv8WwtQyFNjM97vvQvkaOGW/ubhrKOk3+8HTHkEx4n7H6
12-11 14:46:42.289  1468  1955 V GoogleSignatureVerifier: tYGOLdpmWepDfBSEFuLwq6yqG6wZFdd7IKO+sPlCxqUpqg40YAb4WOwzDbiuJnswDftP3wIaaJPh
12-11 14:46:42.289  1468  1955 V GoogleSignatureVerifier: li6OIjRKyd3Sgw1MtffHOy+WSwqHLkGNgH6GAgvZlvhPA/yim+rjnE9oKV5G6PygQK7kJJjS/Lde
12-11 14:46:42.289  1468  1955 V GoogleSignatureVerifier: qxE7M7pNRYPhcLT7qhE7MiuBuyqwAMTTBoU8u3lTdOZwNErbRT5tSXkgVMffkfN7wBNqpSSY
12-11 14:46:42.293  1468  1955 V GoogleSignatureVerifier: com.android.soundrecorder signature not valid.  Found: 
12-11 14:46:42.293  1468  1955 V GoogleSignatureVerifier: MIID+zCCAuOgAwIBAgIJAP8GQTI8+VUSMA0GCSqGSIb3DQEBCwUAMIGUMQswCQYDVQQGEwJVUzET
12-11 14:46:42.293  1468  1955 V GoogleSignatureVerifier: MBEGA1UECAwKQ2FsaWZvcm5pYTEWMBQGA1UEBwwNTW91bnRhaW4gVmlldzEQMA4GA1UECgwHQW5k
12-11 14:46:42.293  1468  1955 V GoogleSignatureVerifier: cm9pZDEQMA4GA1UECwwHQW5kcm9pZDEQMA4GA1UEAwwHQW5kcm9pZDEiMCAGCSqGSIb3DQEJARYT
12-11 14:46:42.293  1468  1955 V GoogleSignatureVerifier: YW5kcm9pZEBhbmRyb2lkLmNvbTAeFw0xNDEyMjMwNjQzNDFaFw00MjA1MTAwNjQzNDFaMIGUMQsw
12-11 14:46:42.293  1468  1955 V GoogleSignatureVerifier: CQYDVQQGEwJVUzETMBEGA1UECAwKQ2FsaWZvcm5pYTEWMBQGA1UEBwwNTW91bnRhaW4gVmlldzEQ
12-11 14:46:42.293  1468  1955 V GoogleSignatureVerifier: MA4GA1UECgwHQW5kcm9pZDEQMA4GA1UECwwHQW5kcm9pZDEQMA4GA1UEAwwHQW5kcm9pZDEiMCAG
12-11 14:46:42.293  1468  1955 V GoogleSignatureVerifier: CSqGSIb3DQEJARYTYW5kcm9pZEBhbmRyb2lkLmNvbTCCASAwDQYJKoZIhvcNAQEBBQADggENADCC
12-11 14:46:42.293  1468  1955 V GoogleSignatureVerifier: AQgCggEBAKHY8Fl4XZzpJvgHoezYjhmKPvdq9DGYVc/X9NQO5oUlYIA/Ci5rzvljz13KbNve/Kxu
12-11 14:46:42.293  1468  1955 V GoogleSignatureVerifier: Eu9HN8SzsLg9EBhghOko8JxEg7I8W6uPVOoRngNCMvXzjf6av77vxPqphlgq++Y4MIC+fiOxLd+g
12-11 14:46:42.293  1468  1955 V GoogleSignatureVerifier: pYq0p6W7RWxEgrzLHnWiCX0dRmWDs+ey2t4f1WKzGoRQQS0Tn21CViThrVEe+zNwANnhErUcvoQB
12-11 14:46:42.293  1468  1955 V GoogleSignatureVerifier: 2m4/PQotuij7LZNccHJvUOUf5/4wIZd8JOgO3VLwzFO/HhrqUjafCvkpKTjW8oQmHLUz5m40ljET
12-11 14:46:42.293  1468  1955 V GoogleSignatureVerifier: GEjqQ6AuAwmaeFT+Bwj1DUaYg+m7AzalJ2aAtHVX0FftRUkCAQOjUDBOMB0GA1UdDgQWBBQi+Lgb
12-11 14:46:42.293  1468  1955 V GoogleSignatureVerifier: yFfWSoWCbQ+NVDF4ZKTPCjAfBgNVHSMEGDAWgBQi+LgbyFfWSoWCbQ+NVDF4ZKTPCjAMBgNVHRME
12-11 14:46:42.293  1468  1955 V GoogleSignatureVerifier: BTADAQH/MA0GCSqGSIb3DQEBCwUAA4IBAQBH1kIQlSBjXRMuQdaDLytr8ZaJXIN1HApg2QA8azYQ
12-11 14:46:42.293  1468  1955 V GoogleSignatureVerifier: XOS/B16gwm6tBfh1dL86LL/7w09oM9LZv8WwtQyFNjM97vvQvkaOGW/ubhrKOk3+8HTHkEx4n7H6
12-11 14:46:42.293  1468  1955 V GoogleSignatureVerifier: tYGOLdpmWepDfBSEFuLwq6yqG6wZFdd7IKO+sPlCxqUpqg40YAb4WOwzDbiuJnswDftP3wIaaJPh
12-11 14:46:42.293  1468  1955 V GoogleSignatureVerifier: li6OIjRKyd3Sgw1MtffHOy+WSwqHLkGNgH6GAgvZlvhPA/yim+rjnE9oKV5G6PygQK7kJJjS/Lde
12-11 14:46:42.293  1468  1955 V GoogleSignatureVerifier: qxE7M7pNRYPhcLT7qhE7MiuBuyqwAMTTBoU8u3lTdOZwNErbRT5tSXkgVMffkfN7wBNqpSSY
12-11 14:46:42.324  1468  1955 V GoogleSignatureVerifier: android signature not valid.  Found: 
12-11 14:46:42.324  1468  1955 V GoogleSignatureVerifier: MIID+zCCAuOgAwIBAgIJAP8GQTI8+VUSMA0GCSqGSIb3DQEBCwUAMIGUMQswCQYDVQQGEwJVUzET
12-11 14:46:42.324  1468  1955 V GoogleSignatureVerifier: MBEGA1UECAwKQ2FsaWZvcm5pYTEWMBQGA1UEBwwNTW91bnRhaW4gVmlldzEQMA4GA1UECgwHQW5k
12-11 14:46:42.324  1468  1955 V GoogleSignatureVerifier: cm9pZDEQMA4GA1UECwwHQW5kcm9pZDEQMA4GA1UEAwwHQW5kcm9pZDEiMCAGCSqGSIb3DQEJARYT
12-11 14:46:42.324  1468  1955 V GoogleSignatureVerifier: YW5kcm9pZEBhbmRyb2lkLmNvbTAeFw0xNDEyMjMwNjQzNDFaFw00MjA1MTAwNjQzNDFaMIGUMQsw
12-11 14:46:42.324  1468  1955 V GoogleSignatureVerifier: CQYDVQQGEwJVUzETMBEGA1UECAwKQ2FsaWZvcm5pYTEWMBQGA1UEBwwNTW91bnRhaW4gVmlldzEQ
12-11 14:46:42.324  1468  1955 V GoogleSignatureVerifier: MA4GA1UECgwHQW5kcm9pZDEQMA4GA1UECwwHQW5kcm9pZDEQMA4GA1UEAwwHQW5kcm9pZDEiMCAG
12-11 14:46:42.324  1468  1955 V GoogleSignatureVerifier: CSqGSIb3DQEJARYTYW5kcm9pZEBhbmRyb2lkLmNvbTCCASAwDQYJKoZIhvcNAQEBBQADggENADCC
12-11 14:46:42.324  1468  1955 V GoogleSignatureVerifier: AQgCggEBAKHY8Fl4XZzpJvgHoezYjhmKPvdq9DGYVc/X9NQO5oUlYIA/Ci5rzvljz13KbNve/Kxu
12-11 14:46:42.324  1468  1955 V GoogleSignatureVerifier: Eu9HN8SzsLg9EBhghOko8JxEg7I8W6uPVOoRngNCMvXzjf6av77vxPqphlgq++Y4MIC+fiOxLd+g
12-11 14:46:42.324  1468  1955 V GoogleSignatureVerifier: pYq0p6W7RWxEgrzLHnWiCX0dRmWDs+ey2t4f1WKzGoRQQS0Tn21CViThrVEe+zNwANnhErUcvoQB
12-11 14:46:42.324  1468  1955 V GoogleSignatureVerifier: 2m4/PQotuij7LZNccHJvUOUf5/4wIZd8JOgO3VLwzFO/HhrqUjafCvkpKTjW8oQmHLUz5m40ljET
12-11 14:46:42.324  1468  1955 V GoogleSignatureVerifier: GEjqQ6AuAwmaeFT+Bwj1DUaYg+m7AzalJ2aAtHVX0FftRUkCAQOjUDBOMB0GA1UdDgQWBBQi+Lgb
12-11 14:46:42.324  1468  1955 V GoogleSignatureVerifier: yFfWSoWCbQ+NVDF4ZKTPCjAfBgNVHSMEGDAWgBQi+LgbyFfWSoWCbQ+NVDF4ZKTPCjAMBgNVHRME
12-11 14:46:42.324  1468  1955 V GoogleSignatureVerifier: BTADAQH/MA0GCSqGSIb3DQEBCwUAA4IBAQBH1kIQlSBjXRMuQdaDLytr8ZaJXIN1HApg2QA8azYQ
12-11 14:46:42.324  1468  1955 V GoogleSignatureVerifier: XOS/B16gwm6tBfh1dL86LL/7w09oM9LZv8WwtQyFNjM97vvQvkaOGW/ubhrKOk3+8HTHkEx4n7H6
12-11 14:46:42.324  1468  1955 V GoogleSignatureVerifier: tYGOLdpmWepDfBSEFuLwq6yqG6wZFdd7IKO+sPlCxqUpqg40YAb4WOwzDbiuJnswDftP3wIaaJPh
12-11 14:46:42.324  1468  1955 V GoogleSignatureVerifier: li6OIjRKyd3Sgw1MtffHOy+WSwqHLkGNgH6GAgvZlvhPA/yim+rjnE9oKV5G6PygQK7kJJjS/Lde
12-11 14:46:42.324  1468  1955 V GoogleSignatureVerifier: qxE7M7pNRYPhcLT7qhE7MiuBuyqwAMTTBoU8u3lTdOZwNErbRT5tSXkgVMffkfN7wBNqpSSY
12-11 14:46:42.331  1468  1955 V GoogleSignatureVerifier: android signature not valid.  Found: 
12-11 14:46:42.331  1468  1955 V GoogleSignatureVerifier: MIID+zCCAuOgAwIBAgIJAP8GQTI8+VUSMA0GCSqGSIb3DQEBCwUAMIGUMQswCQYDVQQGEwJVUzET
12-11 14:46:42.331  1468  1955 V GoogleSignatureVerifier: MBEGA1UECAwKQ2FsaWZvcm5pYTEWMBQGA1UEBwwNTW91bnRhaW4gVmlldzEQMA4GA1UECgwHQW5k
12-11 14:46:42.331  1468  1955 V GoogleSignatureVerifier: cm9pZDEQMA4GA1UECwwHQW5kcm9pZDEQMA4GA1UEAwwHQW5kcm9pZDEiMCAGCSqGSIb3DQEJARYT
12-11 14:46:42.331  1468  1955 V GoogleSignatureVerifier: YW5kcm9pZEBhbmRyb2lkLmNvbTAeFw0xNDEyMjMwNjQzNDFaFw00MjA1MTAwNjQzNDFaMIGUMQsw
12-11 14:46:42.331  1468  1955 V GoogleSignatureVerifier: CQYDVQQGEwJVUzETMBEGA1UECAwKQ2FsaWZvcm5pYTEWMBQGA1UEBwwNTW91bnRhaW4gVmlldzEQ
12-11 14:46:42.331  1468  1955 V GoogleSignatureVerifier: MA4GA1UECgwHQW5kcm9pZDEQMA4GA1UECwwHQW5kcm9pZDEQMA4GA1UEAwwHQW5kcm9pZDEiMCAG
12-11 14:46:42.331  1468  1955 V GoogleSignatureVerifier: CSqGSIb3DQEJARYTYW5kcm9pZEBhbmRyb2lkLmNvbTCCASAwDQYJKoZIhvcNAQEBBQADggENADCC
12-11 14:46:42.331  1468  1955 V GoogleSignatureVerifier: AQgCggEBAKHY8Fl4XZzpJvgHoezYjhmKPvdq9DGYVc/X9NQO5oUlYIA/Ci5rzvljz13KbNve/Kxu
12-11 14:46:42.331  1468  1955 V GoogleSignatureVerifier: Eu9HN8SzsLg9EBhghOko8JxEg7I8W6uPVOoRngNCMvXzjf6av77vxPqphlgq++Y4MIC+fiOxLd+g
12-11 14:46:42.331  1468  1955 V GoogleSignatureVerifier: pYq0p6W7RWxEgrzLHnWiCX0dRmWDs+ey2t4f1WKzGoRQQS0Tn21CViThrVEe+zNwANnhErUcvoQB
12-11 14:46:42.331  1468  1955 V GoogleSignatureVerifier: 2m4/PQotuij7LZNccHJvUOUf5/4wIZd8JOgO3VLwzFO/HhrqUjafCvkpKTjW8oQmHLUz5m40ljET
12-11 14:46:42.331  1468  1955 V GoogleSignatureVerifier: GEjqQ6AuAwmaeFT+Bwj1DUaYg+m7AzalJ2aAtHVX0FftRUkCAQOjUDBOMB0GA1UdDgQWBBQi+Lgb
12-11 14:46:42.331  1468  1955 V GoogleSignatureVerifier: yFfWSoWCbQ+NVDF4ZKTPCjAfBgNVHSMEGDAWgBQi+LgbyFfWSoWCbQ+NVDF4ZKTPCjAMBgNVHRME
12-11 14:46:42.331  1468  1955 V GoogleSignatureVerifier: BTADAQH/MA0GCSqGSIb3DQEBCwUAA4IBAQBH1kIQlSBjXRMuQdaDLytr8ZaJXIN1HApg2QA8azYQ
12-11 14:46:42.331  1468  1955 V GoogleSignatureVerifier: XOS/B16gwm6tBfh1dL86LL/7w09oM9LZv8WwtQyFNjM97vvQvkaOGW/ubhrKOk3+8HTHkEx4n7H6
12-11 14:46:42.331  1468  1955 V GoogleSignatureVerifier: tYGOLdpmWepDfBSEFuLwq6yqG6wZFdd7IKO+sPlCxqUpqg40YAb4WOwzDbiuJnswDftP3wIaaJPh
12-11 14:46:42.331  1468  1955 V GoogleSignatureVerifier: li6OIjRKyd3Sgw1MtffHOy+WSwqHLkGNgH6GAgvZlvhPA/yim+rjnE9oKV5G6PygQK7kJJjS/Lde
12-11 14:46:42.331  1468  1955 V GoogleSignatureVerifier: qxE7M7pNRYPhcLT7qhE7MiuBuyqwAMTTBoU8u3lTdOZwNErbRT5tSXkgVMffkfN7wBNqpSSY
12-11 14:46:42.362  1468  1955 V GoogleSignatureVerifier: com.roboteam.teamy.youtubeskill.usa signature not valid.  Found: 
12-11 14:46:42.362  1468  1955 V GoogleSignatureVerifier: MIID+zCCAuOgAwIBAgIJAP8GQTI8+VUSMA0GCSqGSIb3DQEBCwUAMIGUMQswCQYDVQQGEwJVUzET
12-11 14:46:42.362  1468  1955 V GoogleSignatureVerifier: MBEGA1UECAwKQ2FsaWZvcm5pYTEWMBQGA1UEBwwNTW91bnRhaW4gVmlldzEQMA4GA1UECgwHQW5k
12-11 14:46:42.362  1468  1955 V GoogleSignatureVerifier: cm9pZDEQMA4GA1UECwwHQW5kcm9pZDEQMA4GA1UEAwwHQW5kcm9pZDEiMCAGCSqGSIb3DQEJARYT
12-11 14:46:42.362  1468  1955 V GoogleSignatureVerifier: YW5kcm9pZEBhbmRyb2lkLmNvbTAeFw0xNDEyMjMwNjQzNDFaFw00MjA1MTAwNjQzNDFaMIGUMQsw
12-11 14:46:42.362  1468  1955 V GoogleSignatureVerifier: CQYDVQQGEwJVUzETMBEGA1UECAwKQ2FsaWZvcm5pYTEWMBQGA1UEBwwNTW91bnRhaW4gVmlldzEQ
12-11 14:46:42.362  1468  1955 V GoogleSignatureVerifier: MA4GA1UECgwHQW5kcm9pZDEQMA4GA1UECwwHQW5kcm9pZDEQMA4GA1UEAwwHQW5kcm9pZDEiMCAG
12-11 14:46:42.362  1468  1955 V GoogleSignatureVerifier: CSqGSIb3DQEJARYTYW5kcm9pZEBhbmRyb2lkLmNvbTCCASAwDQYJKoZIhvcNAQEBBQADggENADCC
12-11 14:46:42.362  1468  1955 V GoogleSignatureVerifier: AQgCggEBAKHY8Fl4XZzpJvgHoezYjhmKPvdq9DGYVc/X9NQO5oUlYIA/Ci5rzvljz13KbNve/Kxu
12-11 14:46:42.362  1468  1955 V GoogleSignatureVerifier: Eu9HN8SzsLg9EBhghOko8JxEg7I8W6uPVOoRngNCMvXzjf6av77vxPqphlgq++Y4MIC+fiOxLd+g
12-11 14:46:42.362  1468  1955 V GoogleSignatureVerifier: pYq0p6W7RWxEgrzLHnWiCX0dRmWDs+ey2t4f1WKzGoRQQS0Tn21CViThrVEe+zNwANnhErUcvoQB
12-11 14:46:42.362  1468  1955 V GoogleSignatureVerifier: 2m4/PQotuij7LZNccHJvUOUf5/4wIZd8JOgO3VLwzFO/HhrqUjafCvkpKTjW8oQmHLUz5m40ljET
12-11 14:46:42.362  1468  1955 V GoogleSignatureVerifier: GEjqQ6AuAwmaeFT+Bwj1DUaYg+m7AzalJ2aAtHVX0FftRUkCAQOjUDBOMB0GA1UdDgQWBBQi+Lgb
12-11 14:46:42.362  1468  1955 V GoogleSignatureVerifier: yFfWSoWCbQ+NVDF4ZKTPCjAfBgNVHSMEGDAWgBQi+LgbyFfWSoWCbQ+NVDF4ZKTPCjAMBgNVHRME
12-11 14:46:42.362  1468  1955 V GoogleSignatureVerifier: BTADAQH/MA0GCSqGSIb3DQEBCwUAA4IBAQBH1kIQlSBjXRMuQdaDLytr8ZaJXIN1HApg2QA8azYQ
12-11 14:46:42.362  1468  1955 V GoogleSignatureVerifier: XOS/B16gwm6tBfh1dL86LL/7w09oM9LZv8WwtQyFNjM97vvQvkaOGW/ubhrKOk3+8HTHkEx4n7H6
12-11 14:46:42.362  1468  1955 V GoogleSignatureVerifier: tYGOLdpmWepDfBSEFuLwq6yqG6wZFdd7IKO+sPlCxqUpqg40YAb4WOwzDbiuJnswDftP3wIaaJPh
12-11 14:46:42.362  1468  1955 V GoogleSignatureVerifier: li6OIjRKyd3Sgw1MtffHOy+WSwqHLkGNgH6GAgvZlvhPA/yim+rjnE9oKV5G6PygQK7kJJjS/Lde
12-11 14:46:42.362  1468  1955 V GoogleSignatureVerifier: qxE7M7pNRYPhcLT7qhE7MiuBuyqwAMTTBoU8u3lTdOZwNErbRT5tSXkgVMffkfN7wBNqpSSY
12-11 14:46:42.388  1468  1955 V GoogleSignatureVerifier: com.roboteam.teamy.youtubeskill.usa signature not valid.  Found: 
12-11 14:46:42.388  1468  1955 V GoogleSignatureVerifier: MIID+zCCAuOgAwIBAgIJAP8GQTI8+VUSMA0GCSqGSIb3DQEBCwUAMIGUMQswCQYDVQQGEwJVUzET
12-11 14:46:42.388  1468  1955 V GoogleSignatureVerifier: MBEGA1UECAwKQ2FsaWZvcm5pYTEWMBQGA1UEBwwNTW91bnRhaW4gVmlldzEQMA4GA1UECgwHQW5k
12-11 14:46:42.388  1468  1955 V GoogleSignatureVerifier: cm9pZDEQMA4GA1UECwwHQW5kcm9pZDEQMA4GA1UEAwwHQW5kcm9pZDEiMCAGCSqGSIb3DQEJARYT
12-11 14:46:42.388  1468  1955 V GoogleSignatureVerifier: YW5kcm9pZEBhbmRyb2lkLmNvbTAeFw0xNDEyMjMwNjQzNDFaFw00MjA1MTAwNjQzNDFaMIGUMQsw
12-11 14:46:42.388  1468  1955 V GoogleSignatureVerifier: CQYDVQQGEwJVUzETMBEGA1UECAwKQ2FsaWZvcm5pYTEWMBQGA1UEBwwNTW91bnRhaW4gVmlldzEQ
12-11 14:46:42.388  1468  1955 V GoogleSignatureVerifier: MA4GA1UECgwHQW5kcm9pZDEQMA4GA1UECwwHQW5kcm9pZDEQMA4GA1UEAwwHQW5kcm9pZDEiMCAG
12-11 14:46:42.388  1468  1955 V GoogleSignatureVerifier: CSqGSIb3DQEJARYTYW5kcm9pZEBhbmRyb2lkLmNvbTCCASAwDQYJKoZIhvcNAQEBBQADggENADCC
12-11 14:46:42.388  1468  1955 V GoogleSignatureVerifier: AQgCggEBAKHY8Fl4XZzpJvgHoezYjhmKPvdq9DGYVc/X9NQO5oUlYIA/Ci5rzvljz13KbNve/Kxu
12-11 14:46:42.388  1468  1955 V GoogleSignatureVerifier: Eu9HN8SzsLg9EBhghOko8JxEg7I8W6uPVOoRngNCMvXzjf6av77vxPqphlgq++Y4MIC+fiOxLd+g
12-11 14:46:42.388  1468  1955 V GoogleSignatureVerifier: pYq0p6W7RWxEgrzLHnWiCX0dRmWDs+ey2t4f1WKzGoRQQS0Tn21CViThrVEe+zNwANnhErUcvoQB
12-11 14:46:42.388  1468  1955 V GoogleSignatureVerifier: 2m4/PQotuij7LZNccHJvUOUf5/4wIZd8JOgO3VLwzFO/HhrqUjafCvkpKTjW8oQmHLUz5m40ljET
12-11 14:46:42.388  1468  1955 V GoogleSignatureVerifier: GEjqQ6AuAwmaeFT+Bwj1DUaYg+m7AzalJ2aAtHVX0FftRUkCAQOjUDBOMB0GA1UdDgQWBBQi+Lgb
12-11 14:46:42.388  1468  1955 V GoogleSignatureVerifier: yFfWSoWCbQ+NVDF4ZKTPCjAfBgNVHSMEGDAWgBQi+LgbyFfWSoWCbQ+NVDF4ZKTPCjAMBgNVHRME
12-11 14:46:42.388  1468  1955 V GoogleSignatureVerifier: BTADAQH/MA0GCSqGSIb3DQEBCwUAA4IBAQBH1kIQlSBjXRMuQdaDLytr8ZaJXIN1HApg2QA8azYQ
12-11 14:46:42.388  1468  1955 V GoogleSignatureVerifier: XOS/B16gwm6tBfh1dL86LL/7w09oM9LZv8WwtQyFNjM97vvQvkaOGW/ubhrKOk3+8HTHkEx4n7H6
12-11 14:46:42.388  1468  1955 V GoogleSignatureVerifier: tYGOLdpmWepDfBSEFuLwq6yqG6wZFdd7IKO+sPlCxqUpqg40YAb4WOwzDbiuJnswDftP3wIaaJPh
12-11 14:46:42.388  1468  1955 V GoogleSignatureVerifier: li6OIjRKyd3Sgw1MtffHOy+WSwqHLkGNgH6GAgvZlvhPA/yim+rjnE9oKV5G6PygQK7kJJjS/Lde
12-11 14:46:42.388  1468  1955 V GoogleSignatureVerifier: qxE7M7pNRYPhcLT7qhE7MiuBuyqwAMTTBoU8u3lTdOZwNErbRT5tSXkgVMffkfN7wBNqpSSY
12-11 14:46:42.634  1468  1955 V GoogleSignatureVerifier: com.roboteam.teamy.newsskill.usa signature not valid.  Found: 
12-11 14:46:42.634  1468  1955 V GoogleSignatureVerifier: MIID+zCCAuOgAwIBAgIJAP8GQTI8+VUSMA0GCSqGSIb3DQEBCwUAMIGUMQswCQYDVQQGEwJVUzET
12-11 14:46:42.634  1468  1955 V GoogleSignatureVerifier: MBEGA1UECAwKQ2FsaWZvcm5pYTEWMBQGA1UEBwwNTW91bnRhaW4gVmlldzEQMA4GA1UECgwHQW5k
12-11 14:46:42.634  1468  1955 V GoogleSignatureVerifier: cm9pZDEQMA4GA1UECwwHQW5kcm9pZDEQMA4GA1UEAwwHQW5kcm9pZDEiMCAGCSqGSIb3DQEJARYT
12-11 14:46:42.634  1468  1955 V GoogleSignatureVerifier: YW5kcm9pZEBhbmRyb2lkLmNvbTAeFw0xNDEyMjMwNjQzNDFaFw00MjA1MTAwNjQzNDFaMIGUMQsw
12-11 14:46:42.634  1468  1955 V GoogleSignatureVerifier: CQYDVQQGEwJVUzETMBEGA1UECAwKQ2FsaWZvcm5pYTEWMBQGA1UEBwwNTW91bnRhaW4gVmlldzEQ
12-11 14:46:42.634  1468  1955 V GoogleSignatureVerifier: MA4GA1UECgwHQW5kcm9pZDEQMA4GA1UECwwHQW5kcm9pZDEQMA4GA1UEAwwHQW5kcm9pZDEiMCAG
12-11 14:46:42.634  1468  1955 V GoogleSignatureVerifier: CSqGSIb3DQEJARYTYW5kcm9pZEBhbmRyb2lkLmNvbTCCASAwDQYJKoZIhvcNAQEBBQADggENADCC
12-11 14:46:42.634  1468  1955 V GoogleSignatureVerifier: AQgCggEBAKHY8Fl4XZzpJvgHoezYjhmKPvdq9DGYVc/X9NQO5oUlYIA/Ci5rzvljz13KbNve/Kxu
12-11 14:46:42.634  1468  1955 V GoogleSignatureVerifier: Eu9HN8SzsLg9EBhghOko8JxEg7I8W6uPVOoRngNCMvXzjf6av77vxPqphlgq++Y4MIC+fiOxLd+g
12-11 14:46:42.634  1468  1955 V GoogleSignatureVerifier: pYq0p6W7RWxEgrzLHnWiCX0dRmWDs+ey2t4f1WKzGoRQQS0Tn21CViThrVEe+zNwANnhErUcvoQB
12-11 14:46:42.634  1468  1955 V GoogleSignatureVerifier: 2m4/PQotuij7LZNccHJvUOUf5/4wIZd8JOgO3VLwzFO/HhrqUjafCvkpKTjW8oQmHLUz5m40ljET
12-11 14:46:42.634  1468  1955 V GoogleSignatureVerifier: GEjqQ6AuAwmaeFT+Bwj1DUaYg+m7AzalJ2aAtHVX0FftRUkCAQOjUDBOMB0GA1UdDgQWBBQi+Lgb
12-11 14:46:42.634  1468  1955 V GoogleSignatureVerifier: yFfWSoWCbQ+NVDF4ZKTPCjAfBgNVHSMEGDAWgBQi+LgbyFfWSoWCbQ+NVDF4ZKTPCjAMBgNVHRME
12-11 14:46:42.634  1468  1955 V GoogleSignatureVerifier: BTADAQH/MA0GCSqGSIb3DQEBCwUAA4IBAQBH1kIQlSBjXRMuQdaDLytr8ZaJXIN1HApg2QA8azYQ
12-11 14:46:42.634  1468  1955 V GoogleSignatureVerifier: XOS/B16gwm6tBfh1dL86LL/7w09oM9LZv8WwtQyFNjM97vvQvkaOGW/ubhrKOk3+8HTHkEx4n7H6
12-11 14:46:42.634  1468  1955 V GoogleSignatureVerifier: tYGOLdpmWepDfBSEFuLwq6yqG6wZFdd7IKO+sPlCxqUpqg40YAb4WOwzDbiuJnswDftP3wIaaJPh
12-11 14:46:42.634  1468  1955 V GoogleSignatureVerifier: li6OIjRKyd3Sgw1MtffHOy+WSwqHLkGNgH6GAgvZlvhPA/yim+rjnE9oKV5G6PygQK7kJJjS/Lde
12-11 14:46:42.634  1468  1955 V GoogleSignatureVerifier: qxE7M7pNRYPhcLT7qhE7MiuBuyqwAMTTBoU8u3lTdOZwNErbRT5tSXkgVMffkfN7wBNqpSSY
12-11 14:46:42.638  1468  1955 V GoogleSignatureVerifier: com.roboteam.teamy.newsskill.usa signature not valid.  Found: 
12-11 14:46:42.638  1468  1955 V GoogleSignatureVerifier: MIID+zCCAuOgAwIBAgIJAP8GQTI8+VUSMA0GCSqGSIb3DQEBCwUAMIGUMQswCQYDVQQGEwJVUzET
12-11 14:46:42.638  1468  1955 V GoogleSignatureVerifier: MBEGA1UECAwKQ2FsaWZvcm5pYTEWMBQGA1UEBwwNTW91bnRhaW4gVmlldzEQMA4GA1UECgwHQW5k
12-11 14:46:42.638  1468  1955 V GoogleSignatureVerifier: cm9pZDEQMA4GA1UECwwHQW5kcm9pZDEQMA4GA1UEAwwHQW5kcm9pZDEiMCAGCSqGSIb3DQEJARYT
12-11 14:46:42.638  1468  1955 V GoogleSignatureVerifier: YW5kcm9pZEBhbmRyb2lkLmNvbTAeFw0xNDEyMjMwNjQzNDFaFw00MjA1MTAwNjQzNDFaMIGUMQsw
12-11 14:46:42.638  1468  1955 V GoogleSignatureVerifier: CQYDVQQGEwJVUzETMBEGA1UECAwKQ2FsaWZvcm5pYTEWMBQGA1UEBwwNTW91bnRhaW4gVmlldzEQ
12-11 14:46:42.638  1468  1955 V GoogleSignatureVerifier: MA4GA1UECgwHQW5kcm9pZDEQMA4GA1UECwwHQW5kcm9pZDEQMA4GA1UEAwwHQW5kcm9pZDEiMCAG
12-11 14:46:42.638  1468  1955 V GoogleSignatureVerifier: CSqGSIb3DQEJARYTYW5kcm9pZEBhbmRyb2lkLmNvbTCCASAwDQYJKoZIhvcNAQEBBQADggENADCC
12-11 14:46:42.638  1468  1955 V GoogleSignatureVerifier: AQgCggEBAKHY8Fl4XZzpJvgHoezYjhmKPvdq9DGYVc/X9NQO5oUlYIA/Ci5rzvljz13KbNve/Kxu
12-11 14:46:42.638  1468  1955 V GoogleSignatureVerifier: Eu9HN8SzsLg9EBhghOko8JxEg7I8W6uPVOoRngNCMvXzjf6av77vxPqphlgq++Y4MIC+fiOxLd+g
12-11 14:46:42.638  1468  1955 V GoogleSignatureVerifier: pYq0p6W7RWxEgrzLHnWiCX0dRmWDs+ey2t4f1WKzGoRQQS0Tn21CViThrVEe+zNwANnhErUcvoQB
12-11 14:46:42.638  1468  1955 V GoogleSignatureVerifier: 2m4/PQotuij7LZNccHJvUOUf5/4wIZd8JOgO3VLwzFO/HhrqUjafCvkpKTjW8oQmHLUz5m40ljET
12-11 14:46:42.638  1468  1955 V GoogleSignatureVerifier: GEjqQ6AuAwmaeFT+Bwj1DUaYg+m7AzalJ2aAtHVX0FftRUkCAQOjUDBOMB0GA1UdDgQWBBQi+Lgb
12-11 14:46:42.638  1468  1955 V GoogleSignatureVerifier: yFfWSoWCbQ+NVDF4ZKTPCjAfBgNVHSMEGDAWgBQi+LgbyFfWSoWCbQ+NVDF4ZKTPCjAMBgNVHRME
12-11 14:46:42.638  1468  1955 V GoogleSignatureVerifier: BTADAQH/MA0GCSqGSIb3DQEBCwUAA4IBAQBH1kIQlSBjXRMuQdaDLytr8ZaJXIN1HApg2QA8azYQ
12-11 14:46:42.638  1468  1955 V GoogleSignatureVerifier: XOS/B16gwm6tBfh1dL86LL/7w09oM9LZv8WwtQyFNjM97vvQvkaOGW/ubhrKOk3+8HTHkEx4n7H6
12-11 14:46:42.638  1468  1955 V GoogleSignatureVerifier: tYGOLdpmWepDfBSEFuLwq6yqG6wZFdd7IKO+sPlCxqUpqg40YAb4WOwzDbiuJnswDftP3wIaaJPh
12-11 14:46:42.638  1468  1955 V GoogleSignatureVerifier: li6OIjRKyd3Sgw1MtffHOy+WSwqHLkGNgH6GAgvZlvhPA/yim+rjnE9oKV5G6PygQK7kJJjS/Lde
12-11 14:46:42.638  1468  1955 V GoogleSignatureVerifier: qxE7M7pNRYPhcLT7qhE7MiuBuyqwAMTTBoU8u3lTdOZwNErbRT5tSXkgVMffkfN7wBNqpSSY
12-11 14:46:42.650  1468  1955 I Icing   : Internal init done: storage state 0
12-11 14:46:42.666  1468  1955 V GoogleSignatureVerifier: com.roboteam.teamy.knowledgeskill.usa signature not valid.  Found: 
12-11 14:46:42.666  1468  1955 V GoogleSignatureVerifier: MIID+zCCAuOgAwIBAgIJAP8GQTI8+VUSMA0GCSqGSIb3DQEBCwUAMIGUMQswCQYDVQQGEwJVUzET
12-11 14:46:42.666  1468  1955 V GoogleSignatureVerifier: MBEGA1UECAwKQ2FsaWZvcm5pYTEWMBQGA1UEBwwNTW91bnRhaW4gVmlldzEQMA4GA1UECgwHQW5k
12-11 14:46:42.666  1468  1955 V GoogleSignatureVerifier: cm9pZDEQMA4GA1UECwwHQW5kcm9pZDEQMA4GA1UEAwwHQW5kcm9pZDEiMCAGCSqGSIb3DQEJARYT
12-11 14:46:42.666  1468  1955 V GoogleSignatureVerifier: YW5kcm9pZEBhbmRyb2lkLmNvbTAeFw0xNDEyMjMwNjQzNDFaFw00MjA1MTAwNjQzNDFaMIGUMQsw
12-11 14:46:42.666  1468  1955 V GoogleSignatureVerifier: CQYDVQQGEwJVUzETMBEGA1UECAwKQ2FsaWZvcm5pYTEWMBQGA1UEBwwNTW91bnRhaW4gVmlldzEQ
12-11 14:46:42.666  1468  1955 V GoogleSignatureVerifier: MA4GA1UECgwHQW5kcm9pZDEQMA4GA1UECwwHQW5kcm9pZDEQMA4GA1UEAwwHQW5kcm9pZDEiMCAG
12-11 14:46:42.666  1468  1955 V GoogleSignatureVerifier: CSqGSIb3DQEJARYTYW5kcm9pZEBhbmRyb2lkLmNvbTCCASAwDQYJKoZIhvcNAQEBBQADggENADCC
12-11 14:46:42.666  1468  1955 V GoogleSignatureVerifier: AQgCggEBAKHY8Fl4XZzpJvgHoezYjhmKPvdq9DGYVc/X9NQO5oUlYIA/Ci5rzvljz13KbNve/Kxu
12-11 14:46:42.666  1468  1955 V GoogleSignatureVerifier: Eu9HN8SzsLg9EBhghOko8JxEg7I8W6uPVOoRngNCMvXzjf6av77vxPqphlgq++Y4MIC+fiOxLd+g
12-11 14:46:42.666  1468  1955 V GoogleSignatureVerifier: pYq0p6W7RWxEgrzLHnWiCX0dRmWDs+ey2t4f1WKzGoRQQS0Tn21CViThrVEe+zNwANnhErUcvoQB
12-11 14:46:42.666  1468  1955 V GoogleSignatureVerifier: 2m4/PQotuij7LZNccHJvUOUf5/4wIZd8JOgO3VLwzFO/HhrqUjafCvkpKTjW8oQmHLUz5m40ljET
12-11 14:46:42.666  1468  1955 V GoogleSignatureVerifier: GEjqQ6AuAwmaeFT+Bwj1DUaYg+m7AzalJ2aAtHVX0FftRUkCAQOjUDBOMB0GA1UdDgQWBBQi+Lgb
12-11 14:46:42.666  1468  1955 V GoogleSignatureVerifier: yFfWSoWCbQ+NVDF4ZKTPCjAfBgNVHSMEGDAWgBQi+LgbyFfWSoWCbQ+NVDF4ZKTPCjAMBgNVHRME
12-11 14:46:42.666  1468  1955 V GoogleSignatureVerifier: BTADAQH/MA0GCSqGSIb3DQEBCwUAA4IBAQBH1kIQlSBjXRMuQdaDLytr8ZaJXIN1HApg2QA8azYQ
12-11 14:46:42.666  1468  1955 V GoogleSignatureVerifier: XOS/B16gwm6tBfh1dL86LL/7w09oM9LZv8WwtQyFNjM97vvQvkaOGW/ubhrKOk3+8HTHkEx4n7H6
12-11 14:46:42.666  1468  1955 V GoogleSignatureVerifier: tYGOLdpmWepDfBSEFuLwq6yqG6wZFdd7IKO+sPlCxqUpqg40YAb4WOwzDbiuJnswDftP3wIaaJPh
12-11 14:46:42.666  1468  1955 V GoogleSignatureVerifier: li6OIjRKyd3Sgw1MtffHOy+WSwqHLkGNgH6GAgvZlvhPA/yim+rjnE9oKV5G6PygQK7kJJjS/Lde
12-11 14:46:42.666  1468  1955 V GoogleSignatureVerifier: qxE7M7pNRYPhcLT7qhE7MiuBuyqwAMTTBoU8u3lTdOZwNErbRT5tSXkgVMffkfN7wBNqpSSY
12-11 14:46:42.670  1468  1955 V GoogleSignatureVerifier: com.roboteam.teamy.knowledgeskill.usa signature not valid.  Found: 
12-11 14:46:42.670  1468  1955 V GoogleSignatureVerifier: MIID+zCCAuOgAwIBAgIJAP8GQTI8+VUSMA0GCSqGSIb3DQEBCwUAMIGUMQswCQYDVQQGEwJVUzET
12-11 14:46:42.670  1468  1955 V GoogleSignatureVerifier: MBEGA1UECAwKQ2FsaWZvcm5pYTEWMBQGA1UEBwwNTW91bnRhaW4gVmlldzEQMA4GA1UECgwHQW5k
12-11 14:46:42.670  1468  1955 V GoogleSignatureVerifier: cm9pZDEQMA4GA1UECwwHQW5kcm9pZDEQMA4GA1UEAwwHQW5kcm9pZDEiMCAGCSqGSIb3DQEJARYT
12-11 14:46:42.670  1468  1955 V GoogleSignatureVerifier: YW5kcm9pZEBhbmRyb2lkLmNvbTAeFw0xNDEyMjMwNjQzNDFaFw00MjA1MTAwNjQzNDFaMIGUMQsw
12-11 14:46:42.670  1468  1955 V GoogleSignatureVerifier: CQYDVQQGEwJVUzETMBEGA1UECAwKQ2FsaWZvcm5pYTEWMBQGA1UEBwwNTW91bnRhaW4gVmlldzEQ
12-11 14:46:42.670  1468  1955 V GoogleSignatureVerifier: MA4GA1UECgwHQW5kcm9pZDEQMA4GA1UECwwHQW5kcm9pZDEQMA4GA1UEAwwHQW5kcm9pZDEiMCAG
12-11 14:46:42.670  1468  1955 V GoogleSignatureVerifier: CSqGSIb3DQEJARYTYW5kcm9pZEBhbmRyb2lkLmNvbTCCASAwDQYJKoZIhvcNAQEBBQADggENADCC
12-11 14:46:42.670  1468  1955 V GoogleSignatureVerifier: AQgCggEBAKHY8Fl4XZzpJvgHoezYjhmKPvdq9DGYVc/X9NQO5oUlYIA/Ci5rzvljz13KbNve/Kxu
12-11 14:46:42.670  1468  1955 V GoogleSignatureVerifier: Eu9HN8SzsLg9EBhghOko8JxEg7I8W6uPVOoRngNCMvXzjf6av77vxPqphlgq++Y4MIC+fiOxLd+g
12-11 14:46:42.670  1468  1955 V GoogleSignatureVerifier: pYq0p6W7RWxEgrzLHnWiCX0dRmWDs+ey2t4f1WKzGoRQQS0Tn21CViThrVEe+zNwANnhErUcvoQB
12-11 14:46:42.670  1468  1955 V GoogleSignatureVerifier: 2m4/PQotuij7LZNccHJvUOUf5/4wIZd8JOgO3VLwzFO/HhrqUjafCvkpKTjW8oQmHLUz5m40ljET
12-11 14:46:42.670  1468  1955 V GoogleSignatureVerifier: GEjqQ6AuAwmaeFT+Bwj1DUaYg+m7AzalJ2aAtHVX0FftRUkCAQOjUDBOMB0GA1UdDgQWBBQi+Lgb
12-11 14:46:42.670  1468  1955 V GoogleSignatureVerifier: yFfWSoWCbQ+NVDF4ZKTPCjAfBgNVHSMEGDAWgBQi+LgbyFfWSoWCbQ+NVDF4ZKTPCjAMBgNVHRME
12-11 14:46:42.670  1468  1955 V GoogleSignatureVerifier: BTADAQH/MA0GCSqGSIb3DQEBCwUAA4IBAQBH1kIQlSBjXRMuQdaDLytr8ZaJXIN1HApg2QA8azYQ
12-11 14:46:42.670  1468  1955 V GoogleSignatureVerifier: XOS/B16gwm6tBfh1dL86LL/7w09oM9LZv8WwtQyFNjM97vvQvkaOGW/ubhrKOk3+8HTHkEx4n7H6
12-11 14:46:42.670  1468  1955 V GoogleSignatureVerifier: tYGOLdpmWepDfBSEFuLwq6yqG6wZFdd7IKO+sPlCxqUpqg40YAb4WOwzDbiuJnswDftP3wIaaJPh
12-11 14:46:42.670  1468  1955 V GoogleSignatureVerifier: li6OIjRKyd3Sgw1MtffHOy+WSwqHLkGNgH6GAgvZlvhPA/yim+rjnE9oKV5G6PygQK7kJJjS/Lde
12-11 14:46:42.670  1468  1955 V GoogleSignatureVerifier: qxE7M7pNRYPhcLT7qhE7MiuBuyqwAMTTBoU8u3lTdOZwNErbRT5tSXkgVMffkfN7wBNqpSSY
12-11 14:46:42.672  1468  1955 I Icing   : Post-init done
12-11 14:46:42.678  2147  2147 I Binder_1: type=1400 audit(0.0:19): avc: denied { search } for name="192" dev="proc" ino=8694 scontext=u:r:untrusted_app:s0:c512,c768 tcontext=u:r:zygote:s0 tclass=dir permissive=1
12-11 14:46:42.678  2147  2147 I Binder_1: type=1400 audit(0.0:20): avc: denied { read } for name="stat" dev="proc" ino=3018 scontext=u:r:untrusted_app:s0:c512,c768 tcontext=u:r:zygote:s0 tclass=file permissive=1
12-11 14:46:42.678  2147  2147 I Binder_1: type=1400 audit(0.0:21): avc: denied { open } for path="/proc/192/stat" dev="proc" ino=3018 scontext=u:r:untrusted_app:s0:c512,c768 tcontext=u:r:zygote:s0 tclass=file permissive=1
12-11 14:46:42.685  1468  1955 I Icing   : updateResources: need to parse pru{com.google.android.gms}
12-11 14:46:42.701  1468  2131 I CheckinUtil: Classify the device as Tablet.
12-11 14:46:42.756   700  1429 W GooglePlayServicesUtil: Google Play services out of date.  Requires 12451000 but found 9083436
12-11 14:46:42.757   700  1429 I Approov : Google SafetyNet not available
12-11 14:46:42.770   535   698 D AlarmManagerService: Setting time of day to sec=1607660202
12-11 14:46:42.796   700  1429 I Approov : robotemi, com.roboteam.teamy.usa, 2.4.0(2878), Lyj+U5T655Da3qxvHfIqLg==
12-11 14:46:42.966  1468  1476 W SQLiteConnectionPool: A SQLiteConnection object for database '/data/user/0/com.google.android.gms/databases/networkstatistics.sqlite' was leaked!  Please fix your application to end transactions in progress properly and to close the database when it is no longer needed.
12-11 14:46:42.997  1468  2131 I CheckinTask: Sending checkin request (11171 bytes)
12-11 14:46:43.198  1468  2131 I CheckinRequestBuilder: Checkin reason type: 1 attempt count: 1
12-11 14:46:43.198  1468  2131 E ActivityThread: Failed to find provider info for com.google.android.wearable.settings
12-11 14:46:43.243  2196  2196 D AndroidRuntime: >>>>>> START com.android.internal.os.RuntimeInit uid 1000 <<<<<<
12-11 14:46:43.251  2196  2196 D AndroidRuntime: CheckJNI is OFF
12-11 14:46:43.263   535   625 D ConnectivityService: notifyType CAP_CHANGED for NetworkAgentInfo [WIFI () - 100]
12-11 14:46:43.285  1468  2131 V CheckinRequestBuilder: No Subscriptions found on the device
12-11 14:46:43.298  1468  2131 I CheckinUtil: Classify the device as Tablet.
12-11 14:46:43.314  1468  2131 I CheckinTask: Checkin success: https://android.clients.google.com/checkin (1 requests sent)
12-11 14:46:43.319  1468  2131 V CheckinChimeraService: No Subscriptions found on the device
12-11 14:46:43.320  1468  2131 I CheckinChimeraService: Checking schedule, now: 1607660203320 next: 1608225939314
12-11 14:46:43.320  1468  2131 I CheckinChimeraService: active receiver: disabled
12-11 14:46:43.321  1468  1468 D CheckinChimeraService: Recording last checkin time for package unspecified as 1607660203321
12-11 14:46:43.349  2196  2196 D ICU     : No timezone override file found: /data/misc/zoneinfo/current/icu/icu_tzdata.dat
12-11 14:46:43.379  2196  2196 E memtrack: Couldn't load memtrack module (No such file or directory)
12-11 14:46:43.379  2196  2196 E android.os.Debug: failed to load memtrack module: -2
12-11 14:46:43.382  2196  2196 I Radio-JNI: register_android_hardware_Radio DONE
12-11 14:46:43.390   974  2239 D GCM     : GcmService start Intent { act=com.google.android.checkin.CHECKIN_COMPLETE flg=0x10 cmp=com.google.android.gms/.gcm.GcmService (has extras) } com.google.android.checkin.CHECKIN_COMPLETE
12-11 14:46:43.414  2196  2196 D AndroidRuntime: Calling main entry com.android.commands.pm.Pm
12-11 14:46:43.419  2196  2196 I art     : System.exit called, status: 0
12-11 14:46:43.419  2196  2196 I AndroidRuntime: VM exiting with result code 0.
12-11 14:46:43.948  1468  1955 I Icing   : Indexing 324A036CA84274905D295D63B13CB84722AE8735 from com.google.android.gms
12-11 14:46:43.964  1468  1955 I Icing   : Indexing done 324A036CA84274905D295D63B13CB84722AE8735
12-11 14:46:44.879   535   586 I ActivityManager: Waited long enough for: ServiceRecord{1200057 u0 android.rockchip.update.service/.RKUpdateService}
12-11 14:46:45.563   535   604 V AlarmManager: triggered: act=com.android.providers.calendar.intent.CalendarProvider2 cmp=com.android.providers.calendar/.CalendarProviderBroadcastReceiver Pkg: com.android.providers.calendar
12-11 14:46:45.758  1016  1712 D RKUpdateService: request remote server error...
12-11 14:46:46.645   700   710 I art     : Background sticky concurrent mark sweep GC freed 98750(9MB) AllocSpace objects, 54(1088KB) LOS objects, 13% free, 63MB/73MB, paused 7.224ms total 64.768ms
12-11 14:46:46.954   700   710 I art     : Background sticky concurrent mark sweep GC freed 46847(7MB) AllocSpace objects, 110(1900KB) LOS objects, 13% free, 63MB/73MB, paused 6.907ms total 52.699ms
12-11 14:46:48.448   535   625 D ConnectivityService: handlePromptUnvalidated 100
12-11 14:46:49.026   535  1713 D AlarmManagerService: Kernel timezone updated to -630 minutes west of GMT
12-11 14:46:49.719  1468  1680 I CheckinService: Done disabling old GoogleServicesFramework version
12-11 14:46:50.797   535   615 I InputReader: Reconfiguring input devices.  changes=0x00000010
12-11 14:46:50.802   535   585 W Searchables: No global search activity found
12-11 14:46:50.822   535   535 W BackupManagerService: Proposed transport ComponentInfo{com.google.android.gms/com.google.android.gms.backup.BackupTransportService} not whitelisted; ignoring
12-11 14:46:50.830  1468  2301 D PkgBroadcastIntentOp: Received broadcast action=android.intent.action.PACKAGE_CHANGED and uri=com.google.android.gms
12-11 14:46:50.830  1468  2301 I PkgBroadcastIntentOp: Null package name or gms related package.  Ignoring.
12-11 14:46:50.832   974   974 I GCoreNlp: shouldConfirmNlp, NLP off. Ensuring opt-in disabled
12-11 14:46:50.846  1468  2301 D WearableController: Received broadcast action=android.intent.action.PACKAGE_CHANGED and uri=com.google.android.gms
12-11 14:46:50.854  1468  1955 I Icing   : updateResources: need to parse pru{com.google.android.gms}
12-11 14:46:50.872  1468  2303 E IcingInternalCorpora: Unknown Contacts update mode: MAYBE
12-11 14:46:50.922  1468  2305 W IcingInternalCorpora: getNumBytesRead when not calculated.
12-11 14:46:51.702   535   623 D WifiStateMachine: L2Connected CMD_START_SCAN source -2 3, 4 -> obsolete
12-11 14:46:52.001  1468  1955 I Icing   : Indexing 324A036CA84274905D295D63B13CB84722AE8735 from com.google.android.gms
