01-01 22:30:41.433  1851  1922 I BluetoothAdapterState: Bluetooth adapter state changed: 15-> 11
01-01 22:30:41.437  1851  1851 D BluetoothAdapterService: getAdapterService() - returning com.android.bluetooth.btservice.AdapterService@eecb825
01-01 22:30:41.439  1851  1851 D A2dpSinkService: Received start request. Starting profile...
01-01 22:30:41.439  1851  1851 I BluetoothA2dpSinkServiceJni: classInitNative: succeeds
01-01 22:30:41.439  1851  1851 D A2dpSinkStateMachine: make
01-01 22:30:41.444  1851  1851 I bt_bluedroid: get_profile_interface a2dp_sink
01-01 22:30:41.444  1851  1851 E bt_btif : ## A2DP START MEDIA THREAD ##
01-01 22:30:41.444  1851  2131 E bt_btif : SETUP CHANNEL SERVER 0
01-01 22:30:41.445  1851  1937 I bt_btif_storage: btif_storage_get_adapter_property service_mask:0x20040008
01-01 22:30:41.445  1851  1937 I bt_btif_storage: btif_storage_get_adapter_property service_mask:0x20040008
01-01 22:30:41.468  1851  2130 D A2dpSinkStateMachine: Enter Disconnected: -2
01-01 22:30:41.468  1851  2130 D A2dpSinkStateMachine: stopPcmRead false
01-01 22:30:41.469  1851  2130 D A2dpSinkStateMachine: audioPause false
01-01 22:30:41.469  1851  1851 I BluetoothHidServiceJni: classInitNative: succeeds
01-01 22:30:41.470  1851  1851 D BluetoothAdapterService: getAdapterService() - returning com.android.bluetooth.btservice.AdapterService@eecb825
01-01 22:30:41.475  1851  1922 I BluetoothAdapterState: Entering PendingCommandState
01-01 22:30:41.477  1851  1851 D HidService: Received start request. Starting profile...
01-01 22:30:41.477  1851  1851 I bt_bluedroid: get_profile_interface hidhost
01-01 22:30:41.477  1851  1937 I bt_bta_hh: BTA_HhEnable sec_mask:0x36 p_cback:0xa1e27409
01-01 22:30:41.477  1851  1851 D HidService: setHidService(): set to: null
01-01 22:30:41.477  1851  1937 I bt_btif_storage: btif_storage_get_adapter_property service_mask:0x20140008
01-01 22:30:41.478  1851  1851 I BluetoothHealthServiceJni: classInitNative: succeeds
01-01 22:30:41.479   877   877 D BluetoothInputDevice: Proxy object connected
01-01 22:30:41.479  1851  1851 D BluetoothAdapterService: getAdapterService() - returning com.android.bluetooth.btservice.AdapterService@eecb825
01-01 22:30:41.479   877   877 D HidProfile: Bluetooth service connected
01-01 22:30:41.483  1851  1851 D HealthService: Received start request. Starting profile...
01-01 22:30:41.485  1851  1851 I bt_bluedroid: get_profile_interface health
01-01 22:30:41.486  1851  1851 I BluetoothPanServiceJni: classInitNative(L105): succeeds
01-01 22:30:41.487  1851  1851 D BluetoothAdapterService: getAdapterService() - returning com.android.bluetooth.btservice.AdapterService@eecb825
01-01 22:30:41.487   877   877 D BluetoothPan: BluetoothPAN Proxy object connected
01-01 22:30:41.488  1851  1851 D PanService: Received start request. Starting profile...
01-01 22:30:41.488  1851  1851 D BluetoothPanServiceJni: initializeNative(L110): pan
01-01 22:30:41.488  1851  1851 I bt_bluedroid: get_profile_interface pan
01-01 22:30:41.488   877   877 D PanProfile: Bluetooth service connected
01-01 22:30:41.490  1851  1851 D BluetoothAdapterService: getAdapterService() - returning com.android.bluetooth.btservice.AdapterService@eecb825
01-01 22:30:41.490  1851  1937 D BluetoothPanServiceJni: control_state_callback(L61): state:0, local_role:3, ifname:bt-pan
01-01 22:30:41.491  1851  1851 D HeadsetClientService: Received start request. Starting profile...
01-01 22:30:41.491  1851  1851 I BluetoothHeadsetClientServiceJni: classInitNative succeeds
01-01 22:30:41.492  1851  1851 D HeadsetClientStateMachine: make
01-01 22:30:41.522   223   825 E MediaPlayerFactory: 2019 03 30 -------- getPlayerType()---------------- 234 !!!! 
01-01 22:30:41.522   223   825 E MediaPlayerFactory: filePath = /system/media/audio/alarms/Alarm_Classic.ogg 
01-01 22:30:41.522   223   825 E MediaPlayerFactory: 2019 03 30 -------- getPlayerType()---------------- return STAGEFRIGHT_PLAYER !!!! 
01-01 22:30:41.522   223   825 I AwesomePlayer: AwesomePlayer::AwesomePlayer()in
01-01 22:30:41.523   223   825 I AwesomePlayer: AwesomePlayer::AwesomePlayer()aftermClient.connect()
01-01 22:30:41.535   223   825 D AwesomePlayer: the format is mimeTypeapplication/ogg,confidence:0.200000
01-01 22:30:41.551   223  2141 I OMXCodec: --->InstantiateSoftwareCodec create OMX.google.vorbis.decoder codec
01-01 22:30:41.553  1851  1851 D MediaPlayer: setSubtitleAnchor in MediaPlayer
01-01 22:30:41.557  1851  1851 D Ringtone: Successfully created local player
01-01 22:30:41.557  1851  1851 I bt_bluedroid: get_profile_interface handsfree_client
01-01 22:30:41.557  1851  1937 I bt_btif_storage: btif_storage_get_adapter_property service_mask:0x21140008
01-01 22:30:41.558  1851  2140 D HeadsetClientStateMachine: Enter Disconnected: -2
01-01 22:30:41.562  1851  1851 I BluetoothAvrcpControllerJni: classInitNative: succeeds
01-01 22:30:41.562  1851  1851 I bt_bluedroid: get_profile_interface avrcp_ctrl
01-01 22:30:41.563  1851  1851 D BluetoothAdapterService: getAdapterService() - returning com.android.bluetooth.btservice.AdapterService@eecb825
01-01 22:30:41.564   896   896 D BluetoothAvrcpController: Proxy object connected
01-01 22:30:41.565  1851  1851 D AvrcpControllerService: Received start request. Starting profile...
01-01 22:30:41.566  1851  1851 V BluetoothAdapterState: isTurningOff()=false
01-01 22:30:41.566  1851  1851 V BluetoothAdapterState: isTurningOn()=true
01-01 22:30:41.566  1851  1851 V BluetoothAdapterState: isBleTurningOn()=false
01-01 22:30:41.566  1851  1851 V BluetoothAdapterState: isBleTurningOff()=false
01-01 22:30:41.567  1851  1851 V BluetoothAdapterState: isTurningOff()=false
01-01 22:30:41.567  1851  1851 V BluetoothAdapterState: isTurningOn()=true
01-01 22:30:41.567  1851  1851 V BluetoothAdapterState: isBleTurningOn()=false
01-01 22:30:41.567  1851  1851 V BluetoothAdapterState: isBleTurningOff()=false
01-01 22:30:41.567  1851  1851 V BluetoothAdapterState: isTurningOff()=false
01-01 22:30:41.567  1851  1851 V BluetoothAdapterState: isTurningOn()=true
01-01 22:30:41.567  1851  1851 V BluetoothAdapterState: isBleTurningOn()=false
01-01 22:30:41.567  1851  1851 V BluetoothAdapterState: isBleTurningOff()=false
01-01 22:30:41.567  1851  1851 V BluetoothAdapterState: isTurningOff()=false
01-01 22:30:41.567  1851  1851 V BluetoothAdapterState: isTurningOn()=true
01-01 22:30:41.567  1851  1851 V BluetoothAdapterState: isBleTurningOn()=false
01-01 22:30:41.567  1851  1851 V BluetoothAdapterState: isBleTurningOff()=false
01-01 22:30:41.569  1851  1851 V BluetoothAdapterState: isTurningOff()=false
01-01 22:30:41.569  1851  1851 V BluetoothAdapterState: isTurningOn()=true
01-01 22:30:41.569  1851  1851 V BluetoothAdapterState: isBleTurningOn()=false
01-01 22:30:41.569  1851  1851 V BluetoothAdapterState: isBleTurningOff()=false
01-01 22:30:41.569  1851  1851 V BluetoothAdapterState: isTurningOff()=false
01-01 22:30:41.569  1851  1851 V BluetoothAdapterState: isTurningOn()=true
01-01 22:30:41.569  1851  1851 V BluetoothAdapterState: isBleTurningOn()=false
01-01 22:30:41.569  1851  1851 V BluetoothAdapterState: isBleTurningOff()=false
01-01 22:30:41.569  1851  1922 D BluetoothAdapterState: Current state: PENDING_COMMAND, message: 2
01-01 22:30:41.569  1851  1922 D BluetoothAdapterProperties: ScanMode =  20
01-01 22:30:41.569  1851  1922 D BluetoothAdapterProperties: State =  11
01-01 22:30:41.569  1851  1922 D BluetoothAdapterProperties: Setting state to 12
01-01 22:30:41.569  1851  1922 I BluetoothAdapterState: Bluetooth adapter state changed: 11-> 12
01-01 22:30:41.570   877   893 D BluetoothPbap: onBluetoothStateChange: up=true
01-01 22:30:41.570  1851  1937 D BluetoothAdapterProperties: Scan Mode:21
01-01 22:30:41.570  1851  1937 D BluetoothAdapterProperties: Discoverable Timeout:120
01-01 22:30:41.570  1851  1922 I BluetoothAdapterState: Entering OnState
01-01 22:30:41.570  1851  1922 D BluetoothAdapterService: BBBBBBBBBBBBBB Enter autoConnectA2dpSink() ...
01-01 22:30:41.571   569   590 D BluetoothHeadset: onBluetoothStateChange: up=true
01-01 22:30:41.571   877  1666 D BluetoothMap: onBluetoothStateChange: up=true
01-01 22:30:41.572   877  1666 E BluetoothMap: Could not bind to Bluetooth MAP Service with Intent { act=android.bluetooth.IBluetoothMap }
01-01 22:30:41.572   569   590 D BluetoothHeadset: onBluetoothStateChange: up=true
01-01 22:30:41.572   569   590 D BluetoothHeadset: onBluetoothStateChange: up=true
01-01 22:30:41.572   877   892 D BluetoothPan: onBluetoothStateChange on: true
01-01 22:30:41.572   569   590 D BluetoothA2dp: onBluetoothStateChange: up=true
01-01 22:30:41.573   569   590 E BluetoothA2dp: Could not bind to Bluetooth A2DP Service with Intent { act=android.bluetooth.IBluetoothA2dp }
01-01 22:30:41.573   877  1665 D BluetoothInputDevice: onBluetoothStateChange: up=true
01-01 22:30:41.573   896   907 D BluetoothAvrcpController: onBluetoothStateChange: up=true
01-01 22:30:41.573   864   878 D BluetoothHeadset: onBluetoothStateChange: up=true
01-01 22:30:41.574   569   569 I Telecom : BluetoothPhoneService: queryPhoneState
01-01 22:30:41.578   877  1460 D LocalBluetoothProfileManager: Adding local A2DP profile
01-01 22:30:41.578  2011  2022 W art     : Suspending all threads took: 49.895ms
01-01 22:30:41.583   877  1460 E BluetoothA2dp: Could not bind to Bluetooth A2DP Service with Intent { act=android.bluetooth.IBluetoothA2dp }
01-01 22:30:41.670  1851  1937 D BluetoothAdapterProperties: Name is: dalek1
01-01 22:30:41.750  1218  1680 I GCoreUlr: WorldUpdater:android.intent.action.BOOT_COMPLETED: Ensuring that reporting is stopped because of reasons: (no Google accounts)
01-01 22:30:41.753  1218  1680 I GCoreUlr: Unbound from all location providers
01-01 22:30:41.754  1218  1544 W GCoreFlp: No location to return for getLastLocation()
01-01 22:30:41.756  1218  1544 W GCoreFlp: No location to return for getLastLocation()
01-01 22:30:41.756  1218  2071 W FusedLocationProvider: location=null
01-01 22:30:41.756  1218  1230 W FusedLocationProvider: location=null
01-01 22:30:41.775   569   815 E wifi    : wifi_get_supported_feature_set returned error = 0xffffffa1
01-01 22:30:41.976   569   581 D ConnectivityService: listenForNetwork for Listen from uid/pid:10043/2011 for NetworkRequest [ id=5, legacyType=-1, [ Capabilities: INTERNET&NOT_RESTRICTED&TRUSTED] ]
01-01 22:30:42.084  2011  2214 E YouTube : Failed delayed event dispatch, no dispatchers.
01-01 22:30:42.099  1218  1218 I GCoreUlr: DispatchingService.onDestroy()
01-01 22:30:42.099  1218  1218 I GCoreUlr: Stopping handler for UlrDispSvcFast
01-01 22:30:42.102  1218  1218 I GCoreUlr: Unbound from all location providers
01-01 22:30:42.109  1218  1544 W GCoreFlp: No location to return for getLastLocation()
01-01 22:30:42.109  1218  1571 W GeofencerStateMachine: Ignoring removeGeofence because network location is disabled.
01-01 22:30:42.109  1218  1943 W FusedLocationProvider: location=null
01-01 22:30:42.115  1218  1571 W GeofencerStateMachine: Ignoring removeGeofence because network location is disabled.
01-01 22:30:42.343  2011  2022 W art     : Suspending all threads took: 113.317ms
01-01 22:30:42.404   223  1512 D CameraHal: camera_get_camera_info(1312): camera_get_camera_info(1312): camera_0 facing(0), orientation(90)
01-01 22:30:42.406   223   223 D CameraHal: camera_get_camera_info(1312): camera_get_camera_info(1312): camera_1 facing(1), orientation(270)
01-01 22:30:42.419  2011  2240 I PrimesTesting: GserviceFlagsSupplier.get()
01-01 22:30:42.449  2011  2240 I CrashMetricService: Startup metric for 'PRIMES_CRASH_MONITORING_INITIALIZED' dropped.
01-01 22:30:42.824  2011  2011 W YT.MDX.zds: CastAppId for type 0 not found. Defaulting to mainCastAppId.
01-01 22:30:42.897   569   792 V AlarmManager: triggered: act=com.android.providers.calendar.intent.CalendarProvider2 cmp=com.android.providers.calendar/.CalendarProviderBroadcastReceiver Pkg: com.android.providers.calendar
01-01 22:30:43.003  2011  2218 D SensorManager: aidl getSensorManager:android.hardware.ISensorManager$Stub$Proxy@8fcf177
01-01 22:30:43.022  2011  2011 W art     : Long monitor contention event with owner method=void aoja.<clinit>() from SourceFile:9 waiters=0 for 196ms
01-01 22:30:43.029  2011  2011 W YT.MDX.zds: CastAppId for type 0 not found. Defaulting to mainCastAppId.
01-01 22:30:43.129  1218  1218 V UserPresentBroadcastReceiver: Received Intent { act=android.intent.action.USER_PRESENT flg=0x24000010 cmp=com.google.android.gms/.trustagent.UserPresentBroadcastReceiver }.
01-01 22:30:43.334  1218  2278 D GCM     : GcmService start Intent { act=com.google.android.checkin.CHECKIN_COMPLETE flg=0x10 cmp=com.google.android.gms/.gcm.GcmService (has extras) } com.google.android.checkin.CHECKIN_COMPLETE
01-01 22:30:43.378  1760  1760 I CmaSystemUpdateService: receiver: Intent { act=com.google.android.gms.update.BOOT_START_SERVICE flg=0x10 pkg=com.google.android.gms cmp=com.google.android.gms/.update.SystemUpdateServiceReceiver }
01-01 22:30:43.379  1760  1760 I CmaSystemUpdateService: receiver: Intent { act=com.google.android.gms.update.BOOT_START_SERVICE flg=0x10 pkg=com.google.android.gms cmp=com.google.android.gms/.update.SystemUpdateServiceReceiver }
01-01 22:30:43.405  1760  1760 D CmaSystemUpdateService: onCreate
01-01 22:30:43.405  1760  1760 D CmaSystemUpdateService: mProcessPackageEnabled: false, mAutomaticUpdateEnabled: false
01-01 22:30:43.408  1760  1760 D CmaSystemUpdateService: onStartCommand: intent: Intent { act=com.google.android.gms.update.START_SERVICE pkg=com.google.android.gms (has extras) }
01-01 22:30:43.428  1760  2281 I SystemUpdateTask: cancelUpdate (empty URL)
01-01 22:30:43.429  1760  2281 I CmaSystemUpdateService: active receiver: disabled
01-01 22:30:43.439  1760  1760 D CmaSystemUpdateService: onDestroy
01-01 22:30:43.444  1218  2284 D GCM     : GcmService start Intent { act=com.google.android.checkin.CHECKIN_COMPLETE flg=0x10 cmp=com.google.android.gms/.gcm.GcmService (has extras) } com.google.android.checkin.CHECKIN_COMPLETE
01-01 22:30:43.501  1760  2291 V GoogleSignatureVerifier: com.google.android.gms signature not valid.  Found: 
01-01 22:30:43.501  1760  2291 V GoogleSignatureVerifier: MIIEQzCCAyugAwIBAgIJAMLgh0ZkSjCNMA0GCSqGSIb3DQEBBAUAMHQxCzAJBgNVBAYTAlVTMRMw
01-01 22:30:43.501  1760  2291 V GoogleSignatureVerifier: EQYDVQQIEwpDYWxpZm9ybmlhMRYwFAYDVQQHEw1Nb3VudGFpbiBWaWV3MRQwEgYDVQQKEwtHb29n
01-01 22:30:43.501  1760  2291 V GoogleSignatureVerifier: bGUgSW5jLjEQMA4GA1UECxMHQW5kcm9pZDEQMA4GA1UEAxMHQW5kcm9pZDAeFw0wODA4MjEyMzEz
01-01 22:30:43.501  1760  2291 V GoogleSignatureVerifier: MzRaFw0zNjAxMDcyMzEzMzRaMHQxCzAJBgNVBAYTAlVTMRMwEQYDVQQIEwpDYWxpZm9ybmlhMRYw
01-01 22:30:43.501  1760  2291 V GoogleSignatureVerifier: FAYDVQQHEw1Nb3VudGFpbiBWaWV3MRQwEgYDVQQKEwtHb29nbGUgSW5jLjEQMA4GA1UECxMHQW5k
01-01 22:30:43.501  1760  2291 V GoogleSignatureVerifier: cm9pZDEQMA4GA1UEAxMHQW5kcm9pZDCCASAwDQYJKoZIhvcNAQEBBQADggENADCCAQgCggEBAKtW
01-01 22:30:43.501  1760  2291 V GoogleSignatureVerifier: LgDYO6IIrgqWbxJOKdoR8qtW0I9Y4sypEwPpt1TTcvZApxsdyxMJZ2JORland2qSGT2y5b+3JKke
01-01 22:30:43.501  1760  2291 V GoogleSignatureVerifier: dxiLDmpHpDsz2WCbdxgxRczfey5YZnTJ4VZbH0xqWVW/8lGmPav5xVwnIiJS6HXk+BVKZF+JcWjA
01-01 22:30:43.501  1760  2291 V GoogleSignatureVerifier: sb/GEuq/eFdpuzSqeYTcfi6idkyugwfYwXFU1+5fZKUaRKYCwkkFQVfcAs1fXA5V+++FGfvjJ/Cx
01-01 22:30:43.501  1760  2291 V GoogleSignatureVerifier: URaSxaBvGdGDhfXE28LWuT9ozCl5xw4Yq5OGazvV24mZVSoOO0yZ31j7kYvtwYK6NeADwbSxDdJE
01-01 22:30:43.501  1760  2291 V GoogleSignatureVerifier: qO4k//0zOHKrUiGYXtqw/A0LFFtqoZKFjnkCAQOjgdkwgdYwHQYDVR0OBBYEFMd9jMIhF1Ylmn/T
01-01 22:30:43.501  1760  2291 V GoogleSignatureVerifier: gt9r45jk14alMIGmBgNVHSMEgZ4wgZuAFMd9jMIhF1Ylmn/Tgt9r45jk14aloXikdjB0MQswCQYD
01-01 22:30:43.501  1760  2291 V GoogleSignatureVerifier: VQQGEwJVUzETMBEGA1UECBMKQ2FsaWZvcm5pYTEWMBQGA1UEBxMNTW91bnRhaW4gVmlldzEUMBIG
01-01 22:30:43.501  1760  2291 V GoogleSignatureVerifier: A1UEChMLR29vZ2xlIEluYy4xEDAOBgNVBAsTB0FuZHJvaWQxEDAOBgNVBAMTB0FuZHJvaWSCCQDC
01-01 22:30:43.501  1760  2291 V GoogleSignatureVerifier: 4IdGZEowjTAMBgNVHRMEBTADAQH/MA0GCSqGSIb3DQEBBAUAA4IBAQBt0lLO74UwLDYKqs6Tm8/y
01-01 22:30:43.501  1760  2291 V GoogleSignatureVerifier: zKkEu116FmH4rkaymUIE0P9KaMftGlMexFlaYjzmB2OxZyl6euNXEsQH8gjwyxCUKRJNexBiGcCE
01-01 22:30:43.501  1760  2291 V GoogleSignatureVerifier: yj6z+a1fuHHvkiaai+KL8W1EyNmgjmyy8AW7P+LLlkR+ho5zEHatRbM/YAnqGcFh5iZBqpknHf1S
01-01 22:30:43.501  1760  2291 V GoogleSignatureVerifier: KMXFh4dd239FJ1jWYfbMDMy3NS5CTMQ2XFI1MvcyUTdZPErjQfTbQe3aDQsQcafEQPD+nqActifK
01-01 22:30:43.501  1760  2291 V GoogleSignatureVerifier: Z0Np0IS9L9kR/wbNvyz6ENwPiTrjV2KRkEjH78ZMcUQXg0L3BYHJ3lc69Vs5Ddf9uUGGMYldX3Wf
01-01 22:30:43.501  1760  2291 V GoogleSignatureVerifier: MBEmh/9iFBDAaTCK
01-01 22:30:43.767  1218  1218 D EasyUnlockReceiver: Received Bluetooth event: Intent { act=android.bluetooth.adapter.action.STATE_CHANGED flg=0x4000010 cmp=com.google.android.gms/.auth.easyunlock.authorization.BluetoothStateChangeReceiver (has extras) }.
01-01 22:30:43.772  1218  1218 D BtServices: Received Bluetooth event: Intent { act=android.bluetooth.adapter.action.STATE_CHANGED flg=0x4000010 cmp=com.google.android.gms/.auth.proximity.BluetoothServicesAdapterStateChangeReceiver (has extras) }.
01-01 22:30:43.778  1522  1522 W ContextImpl: Calling a method in the system process without a qualified user: android.app.ContextImpl.startService:1221 android.content.ContextWrapper.startService:581 android.content.ContextWrapper.startService:581 com.android.settings.bluetooth.DockEventReceiver.beginStartingService:134 com.android.settings.bluetooth.DockEventReceiver.onReceive:115 
01-01 22:30:43.783   569   590 D BluetoothManagerService: Added callback: android.bluetooth.IBluetoothManagerCallback$Stub$Proxy@9a4e248:true
01-01 22:30:43.790  1522  1522 D LocalBluetoothProfileManager: Adding local A2DP profile
01-01 22:30:43.790  1218  1218 D EasyUnlockReceiver: Received Bluetooth event: Intent { act=android.bluetooth.adapter.action.STATE_CHANGED flg=0x4000010 cmp=com.google.android.gms/.auth.easyunlock.authorization.BluetoothStateChangeReceiver (has extras) }.
01-01 22:30:43.792  1522  1522 E BluetoothA2dp: Could not bind to Bluetooth A2DP Service with Intent { act=android.bluetooth.IBluetoothA2dp }
01-01 22:30:43.798   877   877 D BluetoothPbap: Proxy object connected
01-01 22:30:43.798   877   877 D PbapServerProfile: Bluetooth service connected
01-01 22:30:43.800  1218  2296 D EasyUnlockInitService: Handling intent for initializer IntentService.
01-01 22:30:43.804  1851  2295 W BluetoothAdapter: getBluetoothService() called with no BluetoothManagerCallback
01-01 22:30:43.805  1218  1218 D BtServices: Received Bluetooth event: Intent { act=android.bluetooth.adapter.action.STATE_CHANGED flg=0x4000010 cmp=com.google.android.gms/.auth.proximity.BluetoothServicesAdapterStateChangeReceiver (has extras) }.
01-01 22:30:43.806  1522  1522 D LocalBluetoothProfileManager: Adding local MAP profile
01-01 22:30:43.807  1522  1522 D BluetoothMap: Create BluetoothMap proxy object
01-01 22:30:43.808  1522  1522 E BluetoothMap: Could not bind to Bluetooth MAP Service with Intent { act=android.bluetooth.IBluetoothMap }
01-01 22:30:43.826  1522  1522 D LocalBluetoothProfileManager: LocalBluetoothProfileManager construction complete
01-01 22:30:43.832  1218  2296 D EasyUnlockInitService: Not initializing EasyUnlock: remote_devices=0, bluetooth_on=true
01-01 22:30:43.846  1522  1522 D DockEventReceiver: finishStartingService: stopping service
01-01 22:30:43.846  1851  2309 W BluetoothAdapter: getBluetoothService() called with no BluetoothManagerCallback
01-01 22:30:43.848  1522  1522 D BluetoothInputDevice: Proxy object connected
01-01 22:30:43.849  1522  1522 D HidProfile: Bluetooth service connected
01-01 22:30:43.850  1851  2309 I BtOppRfcommListener: Accept thread started.
01-01 22:30:43.854  1522  1522 D BluetoothPan: BluetoothPAN Proxy object connected
01-01 22:30:43.854  1522  1522 D PanProfile: Bluetooth service connected
01-01 22:30:43.854  1522  1522 D BluetoothPbap: Proxy object connected
01-01 22:30:43.855  1522  1522 D PbapServerProfile: Bluetooth service connected
01-01 22:30:44.807   569   792 V AlarmManager: triggered: act=com.google.android.intent.action.GCM_RECONNECT Pkg: com.google.android.gms
01-01 22:30:47.115   569   815 D WifiConfigStore: Retrieve network priorities after PNO.
01-01 22:30:47.140  1218  2191 D PlaceInferenceEngine: Stop called when not running
01-01 22:30:47.147  1218  1571 W GeofencerStateMachine: Ignoring removeGeofence because network location is disabled.
01-01 22:30:47.835  1760  1760 E ActivityThread: Service com.google.android.gms.chimera.GmsIntentOperationService has leaked IntentReceiver fvn@f7b2309 that was originally registered here. Are you missing a call to unregisterReceiver()?
01-01 22:30:47.835  1760  1760 E ActivityThread: android.app.IntentReceiverLeaked: Service com.google.android.gms.chimera.GmsIntentOperationService has leaked IntentReceiver fvn@f7b2309 that was originally registered here. Are you missing a call to unregisterReceiver()?
01-01 22:30:47.835  1760  1760 E ActivityThread: 	at android.app.LoadedApk$ReceiverDispatcher.<init>(LoadedApk.java:918)
01-01 22:30:47.835  1760  1760 E ActivityThread: 	at android.app.LoadedApk.getReceiverDispatcher(LoadedApk.java:719)
01-01 22:30:47.835  1760  1760 E ActivityThread: 	at android.app.ContextImpl.registerReceiverInternal(ContextImpl.java:1172)
01-01 22:30:47.835  1760  1760 E ActivityThread: 	at android.app.ContextImpl.registerReceiver(ContextImpl.java:1152)
01-01 22:30:47.835  1760  1760 E ActivityThread: 	at android.app.ContextImpl.registerReceiver(ContextImpl.java:1146)
01-01 22:30:47.835  1760  1760 E ActivityThread: 	at android.content.ContextWrapper.registerReceiver(ContextWrapper.java:554)
01-01 22:30:47.835  1760  1760 E ActivityThread: 	at android.content.ContextWrapper.registerReceiver(ContextWrapper.java:554)
01-01 22:30:47.835  1760  1760 E ActivityThread: 	at android.content.ContextWrapper.registerReceiver(ContextWrapper.java:554)
01-01 22:30:47.835  1760  1760 E ActivityThread: 	at com.google.android.gms.auth.setup.devicesignals.LockScreenChimeraReceiver.a(SourceFile:52)
01-01 22:30:47.835  1760  1760 E ActivityThread: 	at fvo.b(SourceFile:2036)
01-01 22:30:47.835  1760  1760 E ActivityThread: 	at com.google.android.gms.auth.account.AuthInitIntentOperation.a(SourceFile:62)
01-01 22:30:47.835  1760  1760 E ActivityThread: 	at hwg.onHandleIntent(SourceFile:60)
01-01 22:30:47.835  1760  1760 E ActivityThread: 	at com.google.android.chimera.IntentOperation.onHandleIntent(SourceFile:82)
01-01 22:30:47.835  1760  1760 E ActivityThread: 	at bfm.run(SourceFile:1885)
01-01 22:30:47.835  1760  1760 E ActivityThread: 	at java.util.concurrent.ThreadPoolExecutor.runWorker(ThreadPoolExecutor.java:1113)
01-01 22:30:47.835  1760  1760 E ActivityThread: 	at java.util.concurrent.ThreadPoolExecutor$Worker.run(ThreadPoolExecutor.java:588)
01-01 22:30:47.835  1760  1760 E ActivityThread: 	at java.lang.Thread.run(Thread.java:818)
01-01 22:30:48.749   569   815 D WifiStateMachine: shouldSwitchNetwork  txSuccessRate=0.00 rxSuccessRate=0.00 delta 1000 -> 1000
01-01 22:30:48.750   569   815 D WifiStateMachine: CMD_AUTO_CONNECT sup state ScanState my state DisconnectedState nid=1 roam=3
01-01 22:30:48.751   569   815 E WifiConfigStore: saveWifiConfigBSSID Setting BSSID for "Flinders Devices"WPA_PSK to any
01-01 22:30:48.770   569   815 D WifiStateMachine: CMD_AUTO_CONNECT will save config -> "Flinders Devices" nid=1
01-01 22:30:48.888   569   815 D WifiStateMachine: CMD_AUTO_CONNECT did save config ->  nid=1
01-01 22:30:48.890  1310  1310 I wpa_supplicant: wlan0: Trying to associate with 58:f3:9c:96:3a:4c (SSID='Flinders Devices' freq=5745 MHz)
01-01 22:30:48.954   569   588 D Tethering: interfaceLinkStateChanged wlan0, true
01-01 22:30:48.954   569   588 D Tethering: interfaceStatusChanged wlan0, true
01-01 22:30:48.977   569   588 D Tethering: interfaceLinkStateChanged wlan0, true
01-01 22:30:48.977   569   588 D Tethering: interfaceStatusChanged wlan0, true
01-01 22:30:48.977   569   588 D Tethering: interfaceLinkStateChanged wlan0, true
01-01 22:30:48.977   569   588 D Tethering: interfaceStatusChanged wlan0, true
01-01 22:30:48.979   569   588 D Tethering: interfaceLinkStateChanged wlan0, true
01-01 22:30:48.979   569   588 D Tethering: interfaceStatusChanged wlan0, true
01-01 22:30:48.980   569   588 D Tethering: interfaceLinkStateChanged wlan0, true
01-01 22:30:48.980   569   588 D Tethering: interfaceStatusChanged wlan0, true
01-01 22:30:48.980   569   588 D Tethering: interfaceLinkStateChanged wlan0, true
01-01 22:30:48.980   569   588 D Tethering: interfaceStatusChanged wlan0, true
01-01 22:30:48.980  1310  1310 I wpa_supplicant: wlan0: Associated with 58:f3:9c:96:3a:4c
01-01 22:30:49.008  1310  1310 I wpa_supplicant: wlan0: WPA: Key negotiation completed with 58:f3:9c:96:3a:4c [PTK=CCMP GTK=CCMP]
01-01 22:30:49.008  1310  1310 I wpa_supplicant: wlan0: CTRL-EVENT-CONNECTED - Connection to 58:f3:9c:96:3a:4c completed [id=1 id_str=]
01-01 22:30:49.009   569   588 D Tethering: interfaceLinkStateChanged wlan0, true
01-01 22:30:49.009   569   588 D Tethering: interfaceStatusChanged wlan0, true
01-01 22:30:49.010   569   815 D WifiConfigStore: Retrieve network priorities after PNO.
01-01 22:30:49.024   569   815 D ConnectivityService: registerNetworkAgent NetworkAgentInfo{ ni{[type: WIFI[], state: CONNECTING/CONNECTING, reason: (unspecified), extra: "Flinders Devices", roaming: false, failover: false, isAvailable: true]}  network{100}  lp{{LinkAddresses: []  Routes: [] DnsAddresses: [] Domains: null MTU: 0 TcpBufferSizes: 524288,1048576,2097152,262144,524288,1048576}}  nc{[ Transports: WIFI Capabilities: INTERNET&NOT_RESTRICTED&TRUSTED&NOT_VPN LinkUpBandwidth>=1048576Kbps LinkDnBandwidth>=1048576Kbps]}  Score{20}  everValidated{false}  lastValidated{false}  created{false} lingering{false} explicitlySelected{false} acceptUnvalidated{false} everCaptivePortalDetected{false} lastCaptivePortalDetected{false} }
01-01 22:30:49.024   569   815 E WifiConfigStore: saveWifiConfigBSSID Setting BSSID for "Flinders Devices"WPA_PSK to any
01-01 22:30:49.024   569   817 D ConnectivityService: NetworkAgentInfo [WIFI () - 100] EVENT_NETWORK_INFO_CHANGED, going from null to CONNECTING
01-01 22:30:49.032   569   815 E WifiConfigStore: saveWifiConfigBSSID Setting BSSID for "Flinders Devices"WPA_PSK to any
01-01 22:30:49.049   220   568 D CommandListener: Setting iface cfg
01-01 22:30:49.056   569   815 D WifiStateMachine: Start Dhcp Watchdog 1
01-01 22:30:49.062   569   817 D ConnectivityService: notifyType CAP_CHANGED for NetworkAgentInfo [WIFI () - 100]
01-01 22:30:49.062   569   817 D ConnectivityService: updateNetworkScore for NetworkAgentInfo [WIFI () - 100] to 60
01-01 22:30:49.069   569   588 D Tethering: interfaceLinkStateChanged wlan0, true
01-01 22:30:49.069   569   588 D Tethering: interfaceStatusChanged wlan0, true
01-01 22:30:49.069   569   588 D Tethering: interfaceLinkStateChanged wlan0, true
01-01 22:30:49.069   569   588 D Tethering: interfaceStatusChanged wlan0, true
01-01 22:30:49.079   569  2368 D DhcpClient: Receive thread started
01-01 22:30:49.157   569   815 E native  : do suspend false
01-01 22:30:49.163   569  2367 D DhcpClient: Broadcasting DHCPDISCOVER
01-01 22:30:49.171   569  2368 D DhcpClient: Received packet: cc:4b:73:82:13:36 OFFER, ip /10.128.4.153, mask /255.255.254.0, DNS servers: /10.48.0.31 /10.48.1.42 , gateways [/10.128.4.1] lease time 691200, domain isd.ad.flinders.edu.au
01-01 22:30:49.172   569  2367 D DhcpClient: Got pending lease: IP address 10.128.4.153/23 Gateway 10.128.4.1  DNS servers: [ 10.48.0.31 10.48.1.42 ] Domainsisd.ad.flinders.edu.au DHCP server /1.1.1.1 Vendor info null lease 691200 seconds
01-01 22:30:49.173   569  2367 D DhcpClient: Broadcasting DHCPREQUEST ciaddr=0.0.0.0 request=10.128.4.153 serverid=1.1.1.1
01-01 22:30:49.179   569  2368 D DhcpClient: Received packet: cc:4b:73:82:13:36 ACK: your new IP /10.128.4.153, netmask /255.255.254.0, gateways [/10.128.4.1] DNS servers: /10.48.0.31 /10.48.1.42 , lease time 691200
01-01 22:30:49.180   569  2367 D DhcpClient: Confirmed lease: IP address 10.128.4.153/23 Gateway 10.128.4.1  DNS servers: [ 10.48.0.31 10.48.1.42 ] Domainsisd.ad.flinders.edu.au DHCP server /1.1.1.1 Vendor info null lease 691200 seconds
01-01 22:30:49.180   220   568 D CommandListener: Setting iface cfg
01-01 22:30:49.185   569  2367 D DhcpClient: Scheduling renewal in 345599s
01-01 22:30:49.193   569   815 D WifiConfigStore: No blacklist allowed without epno enabled
01-01 22:30:49.194   569   817 D ConnectivityService: NetworkAgentInfo [WIFI () - 100] EVENT_NETWORK_INFO_CHANGED, going from CONNECTING to CONNECTED
01-01 22:30:49.196   569   817 D ConnectivityService: Adding iface wlan0 to network 100
01-01 22:30:49.198   569   815 E WifiStateMachine: Did not find remoteAddress {10.128.4.1} in /proc/net/arp
01-01 22:30:49.237   569   817 E ConnectivityService: Unexpected mtu value: 0, wlan0
01-01 22:30:49.238   569   817 D ConnectivityService: Adding Route [fe80::/64 -> :: wlan0] to network 100
01-01 22:30:49.239   569   817 D ConnectivityService: Adding Route [10.128.4.0/23 -> 0.0.0.0 wlan0] to network 100
01-01 22:30:49.241   569   817 D ConnectivityService: Adding Route [0.0.0.0/0 -> 10.128.4.1 wlan0] to network 100
01-01 22:30:49.242   569   817 D ConnectivityService: Setting Dns servers for network 100 to [/10.48.0.31, /10.48.1.42]
01-01 22:30:49.248   569   817 D ConnectivityService: notifyType IP_CHANGED for NetworkAgentInfo [WIFI () - 100]
01-01 22:30:49.252   569   817 D ConnectivityService: scheduleUnvalidatedPrompt 100
01-01 22:30:49.252   569   817 D ConnectivityService: updateSignalStrengthThresholds: CONNECT, sending [] to NetworkAgentInfo [WIFI () - 100]
01-01 22:30:49.252   569   817 D ConnectivityService: rematch for NetworkAgentInfo [WIFI () - 100]
01-01 22:30:49.252   569   817 D ConnectivityService:    accepting network in place of null
01-01 22:30:49.252   569   815 D WifiNetworkAgent: NetworkAgent: Received signal strength thresholds: []
01-01 22:30:49.253   569   817 D ConnectivityService: Switching to new default network: NetworkAgentInfo{ ni{[type: WIFI[], state: CONNECTED/CONNECTED, reason: (unspecified), extra: "Flinders Devices", roaming: false, failover: false, isAvailable: true]}  network{100}  lp{{InterfaceName: wlan0 LinkAddresses: [fe80::ce4b:73ff:fe82:1336/64,10.128.4.153/23,]  Routes: [fe80::/64 -> :: wlan0,10.128.4.0/23 -> 0.0.0.0 wlan0,0.0.0.0/0 -> 10.128.4.1 wlan0,] DnsAddresses: [10.48.0.31,10.48.1.42,] Domains: isd.ad.flinders.edu.au MTU: 0 TcpBufferSizes: 524288,1048576,2097152,262144,524288,1048576}}  nc{[ Transports: WIFI Capabilities: INTERNET&NOT_RESTRICTED&TRUSTED&NOT_VPN LinkUpBandwidth>=1048576Kbps LinkDnBandwidth>=1048576Kbps SignalStrength: -64]}  Score{20}  everValidated{false}  lastValidated{false}  created{true} lingering{false} explicitlySelected{false} acceptUnvalidated{false} everCaptivePortalDetected{false} lastCaptivePortalDetected{false} }
01-01 22:30:49.253   569   815 D WifiNative-HAL: stopRssiMonitoring, cmdId 0
01-01 22:30:49.286   220   568 V IdletimerController: runCmd(/system/bin/ip6tables -w -t raw -A idletimer_raw_PREROUTING -i wlan0 -j IDLETIMER --timeout 15 --label 1 --send_nl_msg 1) res_ipv4=0, res_ipv6=0
01-01 22:30:49.309   220   568 V IdletimerController: runCmd(/system/bin/ip6tables -w -t mangle -A idletimer_mangle_POSTROUTING -o wlan0 -j IDLETIMER --timeout 15 --label 1 --send_nl_msg 1) res_ipv4=0, res_ipv6=0
01-01 22:30:49.312   569   817 D ConnectivityService: Setting tx/rx TCP buffers to 524288,1048576,2097152,262144,524288,1048576
01-01 22:30:49.319   569   817 D CSLegacyTypeTracker: Sending CONNECTED broadcast for type 1 NetworkAgentInfo [WIFI () - 100] isDefaultNetwork=true
01-01 22:30:49.320   569   817 D ConnectivityService: sendStickyBroadcast: action=android.net.conn.CONNECTIVITY_CHANGE
01-01 22:30:49.321   569   817 D ConnectivityService: notifyType PRECHECK for NetworkAgentInfo [WIFI () - 100]
01-01 22:30:49.321   569   569 D Tethering: Tethering got CONNECTIVITY_ACTION
01-01 22:30:49.322   569   817 D ConnectivityService: setProvNotificationVisibleIntent null visible=false networkType=MOBILE extraInfo=null highPriority=false
01-01 22:30:49.323   569   817 D ConnectivityService: NetworkAgentInfo [WIFI () - 100] validation  passed
01-01 22:30:49.323   569   817 D ConnectivityService: notifyType CAP_CHANGED for NetworkAgentInfo [WIFI () - 100]
01-01 22:30:49.323   569   590 D Tethering: MasterInitialState.processMessage what=3
01-01 22:30:49.325   569   817 D ConnectivityService: sendStickyBroadcast: action=android.net.conn.INET_CONDITION_ACTION
01-01 22:30:49.364  1760  2388 I iu.SyncManager: SYNC; picasa accounts
01-01 22:30:49.375  1760  1760 D NetworkLogImpl: Loaded NetworkSpeedPredictor
01-01 22:30:49.377  1760  1760 I iu.Environment: update connectivity state; isNetworkMetered? false, isRoaming? false, isBackgroundDataAllowed? true*
01-01 22:30:49.379   569  1232 D AlarmManagerService: Setting time of day to sec=1608164719
12-17 10:55:19.015   569   792 V AlarmManager: triggered: cmp=com.google.android.gms/.checkin.EventLogServiceReceiver Pkg: com.google.android.gms
12-17 10:55:19.016   569   792 V AlarmManager: triggered: act=ScheduleConditionProvider.EVALUATE flg=0x10000000 Pkg: android
12-17 10:55:19.016   569   792 V AlarmManager: triggered: act=com.roboteam.teamy.marketplace.autoupdate.ACTION_SILENT_UPDATE_ALL_SKILLS Pkg: com.roboteam.teamy.usa
12-17 10:55:19.017   569   792 V AlarmManager: triggered: act=EventConditionProvider.EVALUATE flg=0x10000000 Pkg: android
12-17 10:55:19.018   569   792 V AlarmManager: triggered: cmp=com.google.android.gms/.checkin.CheckinServiceReceiver Pkg: com.google.android.gms
12-17 10:55:19.029   569   585 I UsageStatsService: Time changed in UsageStats by 314281469 seconds
12-17 10:55:19.029   569   585 I UsageStatsService: User[0] Flushing usage stats to disk
12-17 10:55:19.043  1760  2388 I iu.UploadsManager: num queued entries: 0
12-17 10:55:19.044  1760  2388 I iu.UploadsManager: num updated entries: 0
12-17 10:55:19.045  1760  2388 I iu.SyncManager: NEXT; no task
12-17 10:55:19.076  1760  1760 E MDM     : [1] SitrepChimeraService.a: No Google accounts; deferring server state update.
12-17 10:55:19.083  1247  1247 D RKUpdateReceiver: action = android.net.conn.CONNECTIVITY_CHANGE
12-17 10:55:19.091  1247  1247 D RKUpdateService: onStartCommand.......
12-17 10:55:19.091  1247  1247 D RKUpdateService: command = 2 delaytime = 5000
12-17 10:55:19.093   569  2389 I System  : Loaded time zone names for "" in 49ms (48ms in ICU)
12-17 10:55:19.098   569   585 I UsageStatsDatabase: Time changed by +3637d12h24m29s632ms. files deleted: 0 files moved: 4
12-17 10:55:19.106   569   585 I UsageStatsService: User[0] Rollover scheduled @ 2020-12-18 10:30:00(1608249600000)
12-17 10:55:19.118   569  2389 I System  : Loaded time zone names for "en_US" in 25ms (22ms in ICU)
12-17 10:55:19.119   569  2389 D GpsLocationProvider: NTP server returned: 1608164719012 (Thu Dec 17 10:55:19 GMT+10:30 2020) reference: 50632 certainty: 13 system time offset: -31
12-17 10:55:19.153  1760  2393 I EventLogChimeraService: Aggregate from 1608164024906 (log), 1608164024822 (data)
12-17 10:55:19.244   569   569 D AlarmManagerService: Kernel timezone updated to -630 minutes west of GMT
12-17 10:55:19.271  1760  2400 V CheckinChimeraService: No Subscriptions found on the device
12-17 10:55:19.272  1760  2400 I CheckinChimeraService: Checking schedule, now: 1608164719272 next: 1294448975280
12-17 10:55:19.272  1760  2400 I CheckinChimeraService: active receiver: enabled
12-17 10:55:19.273  1760  2400 I CheckinChimeraService: Preparing to send checkin request
12-17 10:55:19.273  1760  2400 I EventLogChimeraService: Accumulating logs since 1608164719179
12-17 10:55:19.290  1760  1975 W FileUtils: Failed to chmod(/data/user/0/com.google.android.gms/shared_prefs/Checkin.xml): android.system.ErrnoException: chmod failed: ENOENT (No such file or directory)
12-17 10:55:19.303  1760  2400 I CheckinRequestBuilder: Checkin reason type: 1 attempt count: 1
12-17 10:55:19.305   569   816 D WifiService: New client listening to asynchronous messages
12-17 10:55:19.305  1760  2400 E ActivityThread: Failed to find provider info for com.google.android.wearable.settings
12-17 10:55:19.343  1760  2400 V CheckinRequestBuilder: No Subscriptions found on the device
12-17 10:55:19.394   569   895 I ActivityManager: Start proc 2409:com.google.android.gms.unstable/u0a6 for service com.google.android.gms/.droidguard.DroidGuardService
12-17 10:55:19.583  2409  2409 W System  : ClassLoader referenced unknown path: /system/priv-app/GMSCore/lib/arm
12-17 10:55:19.609  2409  2409 I MultiDex: VM with version 2.1.0 has multidex support
12-17 10:55:19.609  2409  2409 I MultiDex: install
12-17 10:55:19.609  2409  2409 I MultiDex: VM has multidex support, MultiDex support library is disabled.
12-17 10:55:19.633  2409  2409 W System  : ClassLoader referenced unknown path: /system/priv-app/GMSCore/lib/arm
12-17 10:55:19.634  2409  2409 W System  : ClassLoader referenced unknown path: /system/priv-app/GMSCore/lib/arm
12-17 10:55:19.661  2409  2409 W linker  : /system/priv-app/GMSCore/GMSCore.apk: unused DT entry: type 0x7ffffffd arg 0x4ed
12-17 10:55:19.675  2409  2409 W System  : ClassLoader referenced unknown path: /system/priv-app/GMSCore/lib/arm
12-17 10:55:19.676  2409  2409 W System  : ClassLoader referenced unknown path: /system/priv-app/GMSCore/lib/arm
12-17 10:55:19.710  2409  2409 W linker  : /system/priv-app/GMSCore/GMSCore.apk: unused DT entry: type 0x1d arg 0xef
12-17 10:55:19.710  2409  2409 W linker  : /system/priv-app/GMSCore/GMSCore.apk: unused DT entry: type 0x7ffffffd arg 0x1d8
12-17 10:55:19.723  2409  2409 V JNIHelp : Registering com/google/android/gms/org/conscrypt/NativeCrypto's 254 native methods...
12-17 10:55:19.754  2409  2409 I ProviderInstaller: Installed default security provider GmsCore_OpenSSL
12-17 10:55:19.770  2409  2409 D ChimeraCfgMgr: Reading stored module config
12-17 10:55:19.793  2409  2432 D NativeLibraryUtils: Install completed successfully. count=12 extracted=0
12-17 10:55:20.053  2409  2421 I mali_so : [File] : hardware/arm/maliT760/driver/product/base/src/mali_base_kbase.c; [Line] : 928; [Func] : base_context_deal_with_version_affairs_rk_ext;
12-17 10:55:20.053  2409  2421 I mali_so : arm_release_ver of this mali_so is 'r12p0-04rel0', rk_so_ver is '12@0', built at '17:00:15', on 'Aug 16 2016'.
12-17 10:55:20.053  2409  2421 I mali_so : [File] : hardware/arm/maliT760/driver/product/base/src/mali_base_kbase.c; [Line] : 955; [Func] : base_context_deal_with_version_affairs_rk_ext;
12-17 10:55:20.053  2409  2421 I mali_so : mali_ver_property has been set to 'r12p0-04rel0-13-12@0', to return.
12-17 10:55:20.072   569   805 I InputReader: Reconfiguring input devices.  changes=0x00000010
12-17 10:55:20.096   569   569 W BackupManagerService: Proposed transport ComponentInfo{com.google.android.gms/com.google.android.gms.backup.BackupTransportService} not whitelisted; ignoring
12-17 10:55:20.102  1760  2455 D PkgBroadcastIntentOp: Received broadcast action=android.intent.action.PACKAGE_CHANGED and uri=com.google.android.gms
12-17 10:55:20.102  1760  2455 I PkgBroadcastIntentOp: Null package name or gms related package.  Ignoring.
12-17 10:55:20.103   569   585 W Searchables: No global search activity found
12-17 10:55:20.131  1218  1218 I GCoreNlp: shouldConfirmNlp, NLP off. Ensuring opt-in disabled
12-17 10:55:20.149  1760  2455 D WearableController: Received broadcast action=android.intent.action.PACKAGE_CHANGED and uri=com.google.android.gms
12-17 10:55:20.192  1760  2461 E IcingInternalCorpora: Unknown Contacts update mode: MAYBE
12-17 10:55:20.218  1760  2303 I Icing   : Storage manager: low false usage 1.65MB avail 8.11GB capacity 9.53GB
12-17 10:55:20.236  1760  2464 W IcingInternalCorpora: getNumBytesRead when not calculated.
12-17 10:55:20.422  2421  2421 I Binder_2: type=1400 audit(0.0:17): avc: denied { search } for name="188" dev="proc" ino=3469 scontext=u:r:untrusted_app:s0:c512,c768 tcontext=u:r:zygote:s0 tclass=dir permissive=1
12-17 10:55:20.422  2421  2421 I Binder_2: type=1400 audit(0.0:18): avc: denied { read } for name="stat" dev="proc" ino=1437 scontext=u:r:untrusted_app:s0:c512,c768 tcontext=u:r:zygote:s0 tclass=file permissive=1
12-17 10:55:20.422  2421  2421 I Binder_2: type=1400 audit(0.0:19): avc: denied { read open } for path="/proc/188/stat" dev="proc" ino=1437 scontext=u:r:untrusted_app:s0:c512,c768 tcontext=u:r:zygote:s0 tclass=file permissive=1
12-17 10:55:20.522  2421  2421 I Binder_2: type=1400 audit(0.0:20): avc: denied { read } for name="/" dev="tmpfs" ino=3280 scontext=u:r:untrusted_app:s0:c512,c768 tcontext=u:object_r:device:s0 tclass=dir permissive=1
12-17 10:55:20.522  2421  2421 I Binder_2: type=1400 audit(0.0:21): avc: denied { open } for path="/dev" dev="tmpfs" ino=3280 scontext=u:r:untrusted_app:s0:c512,c768 tcontext=u:object_r:device:s0 tclass=dir permissive=1
12-17 10:55:20.635  1760  2303 V GoogleSignatureVerifier: com.luckystar.luckstarautoinstall signature not valid.  Found: 
12-17 10:55:20.635  1760  2303 V GoogleSignatureVerifier: MIID+zCCAuOgAwIBAgIJAP8GQTI8+VUSMA0GCSqGSIb3DQEBCwUAMIGUMQswCQYDVQQGEwJVUzET
12-17 10:55:20.635  1760  2303 V GoogleSignatureVerifier: MBEGA1UECAwKQ2FsaWZvcm5pYTEWMBQGA1UEBwwNTW91bnRhaW4gVmlldzEQMA4GA1UECgwHQW5k
12-17 10:55:20.635  1760  2303 V GoogleSignatureVerifier: cm9pZDEQMA4GA1UECwwHQW5kcm9pZDEQMA4GA1UEAwwHQW5kcm9pZDEiMCAGCSqGSIb3DQEJARYT
12-17 10:55:20.635  1760  2303 V GoogleSignatureVerifier: YW5kcm9pZEBhbmRyb2lkLmNvbTAeFw0xNDEyMjMwNjQzNDFaFw00MjA1MTAwNjQzNDFaMIGUMQsw
12-17 10:55:20.635  1760  2303 V GoogleSignatureVerifier: CQYDVQQGEwJVUzETMBEGA1UECAwKQ2FsaWZvcm5pYTEWMBQGA1UEBwwNTW91bnRhaW4gVmlldzEQ
12-17 10:55:20.635  1760  2303 V GoogleSignatureVerifier: MA4GA1UECgwHQW5kcm9pZDEQMA4GA1UECwwHQW5kcm9pZDEQMA4GA1UEAwwHQW5kcm9pZDEiMCAG
12-17 10:55:20.635  1760  2303 V GoogleSignatureVerifier: CSqGSIb3DQEJARYTYW5kcm9pZEBhbmRyb2lkLmNvbTCCASAwDQYJKoZIhvcNAQEBBQADggENADCC
12-17 10:55:20.635  1760  2303 V GoogleSignatureVerifier: AQgCggEBAKHY8Fl4XZzpJvgHoezYjhmKPvdq9DGYVc/X9NQO5oUlYIA/Ci5rzvljz13KbNve/Kxu
12-17 10:55:20.635  1760  2303 V GoogleSignatureVerifier: Eu9HN8SzsLg9EBhghOko8JxEg7I8W6uPVOoRngNCMvXzjf6av77vxPqphlgq++Y4MIC+fiOxLd+g
12-17 10:55:20.635  1760  2303 V GoogleSignatureVerifier: pYq0p6W7RWxEgrzLHnWiCX0dRmWDs+ey2t4f1WKzGoRQQS0Tn21CViThrVEe+zNwANnhErUcvoQB
12-17 10:55:20.635  1760  2303 V GoogleSignatureVerifier: 2m4/PQotuij7LZNccHJvUOUf5/4wIZd8JOgO3VLwzFO/HhrqUjafCvkpKTjW8oQmHLUz5m40ljET
12-17 10:55:20.635  1760  2303 V GoogleSignatureVerifier: GEjqQ6AuAwmaeFT+Bwj1DUaYg+m7AzalJ2aAtHVX0FftRUkCAQOjUDBOMB0GA1UdDgQWBBQi+Lgb
12-17 10:55:20.635  1760  2303 V GoogleSignatureVerifier: yFfWSoWCbQ+NVDF4ZKTPCjAfBgNVHSMEGDAWgBQi+LgbyFfWSoWCbQ+NVDF4ZKTPCjAMBgNVHRME
12-17 10:55:20.635  1760  2303 V GoogleSignatureVerifier: BTADAQH/MA0GCSqGSIb3DQEBCwUAA4IBAQBH1kIQlSBjXRMuQdaDLytr8ZaJXIN1HApg2QA8azYQ
12-17 10:55:20.635  1760  2303 V GoogleSignatureVerifier: XOS/B16gwm6tBfh1dL86LL/7w09oM9LZv8WwtQyFNjM97vvQvkaOGW/ubhrKOk3+8HTHkEx4n7H6
12-17 10:55:20.635  1760  2303 V GoogleSignatureVerifier: tYGOLdpmWepDfBSEFuLwq6yqG6wZFdd7IKO+sPlCxqUpqg40YAb4WOwzDbiuJnswDftP3wIaaJPh
12-17 10:55:20.635  1760  2303 V GoogleSignatureVerifier: li6OIjRKyd3Sgw1MtffHOy+WSwqHLkGNgH6GAgvZlvhPA/yim+rjnE9oKV5G6PygQK7kJJjS/Lde
12-17 10:55:20.635  1760  2303 V GoogleSignatureVerifier: qxE7M7pNRYPhcLT7qhE7MiuBuyqwAMTTBoU8u3lTdOZwNErbRT5tSXkgVMffkfN7wBNqpSSY
12-17 10:55:20.641  1760  2303 V GoogleSignatureVerifier: com.luckystar.luckstarautoinstall signature not valid.  Found: 
12-17 10:55:20.641  1760  2303 V GoogleSignatureVerifier: MIID+zCCAuOgAwIBAgIJAP8GQTI8+VUSMA0GCSqGSIb3DQEBCwUAMIGUMQswCQYDVQQGEwJVUzET
12-17 10:55:20.641  1760  2303 V GoogleSignatureVerifier: MBEGA1UECAwKQ2FsaWZvcm5pYTEWMBQGA1UEBwwNTW91bnRhaW4gVmlldzEQMA4GA1UECgwHQW5k
12-17 10:55:20.641  1760  2303 V GoogleSignatureVerifier: cm9pZDEQMA4GA1UECwwHQW5kcm9pZDEQMA4GA1UEAwwHQW5kcm9pZDEiMCAGCSqGSIb3DQEJARYT
12-17 10:55:20.641  1760  2303 V GoogleSignatureVerifier: YW5kcm9pZEBhbmRyb2lkLmNvbTAeFw0xNDEyMjMwNjQzNDFaFw00MjA1MTAwNjQzNDFaMIGUMQsw
12-17 10:55:20.641  1760  2303 V GoogleSignatureVerifier: CQYDVQQGEwJVUzETMBEGA1UECAwKQ2FsaWZvcm5pYTEWMBQGA1UEBwwNTW91bnRhaW4gVmlldzEQ
12-17 10:55:20.641  1760  2303 V GoogleSignatureVerifier: MA4GA1UECgwHQW5kcm9pZDEQMA4GA1UECwwHQW5kcm9pZDEQMA4GA1UEAwwHQW5kcm9pZDEiMCAG
12-17 10:55:20.641  1760  2303 V GoogleSignatureVerifier: CSqGSIb3DQEJARYTYW5kcm9pZEBhbmRyb2lkLmNvbTCCASAwDQYJKoZIhvcNAQEBBQADggENADCC
12-17 10:55:20.641  1760  2303 V GoogleSignatureVerifier: AQgCggEBAKHY8Fl4XZzpJvgHoezYjhmKPvdq9DGYVc/X9NQO5oUlYIA/Ci5rzvljz13KbNve/Kxu
12-17 10:55:20.641  1760  2303 V GoogleSignatureVerifier: Eu9HN8SzsLg9EBhghOko8JxEg7I8W6uPVOoRngNCMvXzjf6av77vxPqphlgq++Y4MIC+fiOxLd+g
12-17 10:55:20.641  1760  2303 V GoogleSignatureVerifier: pYq0p6W7RWxEgrzLHnWiCX0dRmWDs+ey2t4f1WKzGoRQQS0Tn21CViThrVEe+zNwANnhErUcvoQB
12-17 10:55:20.641  1760  2303 V GoogleSignatureVerifier: 2m4/PQotuij7LZNccHJvUOUf5/4wIZd8JOgO3VLwzFO/HhrqUjafCvkpKTjW8oQmHLUz5m40ljET
12-17 10:55:20.641  1760  2303 V GoogleSignatureVerifier: GEjqQ6AuAwmaeFT+Bwj1DUaYg+m7AzalJ2aAtHVX0FftRUkCAQOjUDBOMB0GA1UdDgQWBBQi+Lgb
12-17 10:55:20.641  1760  2303 V GoogleSignatureVerifier: yFfWSoWCbQ+NVDF4ZKTPCjAfBgNVHSMEGDAWgBQi+LgbyFfWSoWCbQ+NVDF4ZKTPCjAMBgNVHRME
12-17 10:55:20.641  1760  2303 V GoogleSignatureVerifier: BTADAQH/MA0GCSqGSIb3DQEBCwUAA4IBAQBH1kIQlSBjXRMuQdaDLytr8ZaJXIN1HApg2QA8azYQ
12-17 10:55:20.641  1760  2303 V GoogleSignatureVerifier: XOS/B16gwm6tBfh1dL86LL/7w09oM9LZv8WwtQyFNjM97vvQvkaOGW/ubhrKOk3+8HTHkEx4n7H6
12-17 10:55:20.641  1760  2303 V GoogleSignatureVerifier: tYGOLdpmWepDfBSEFuLwq6yqG6wZFdd7IKO+sPlCxqUpqg40YAb4WOwzDbiuJnswDftP3wIaaJPh
12-17 10:55:20.641  1760  2303 V GoogleSignatureVerifier: li6OIjRKyd3Sgw1MtffHOy+WSwqHLkGNgH6GAgvZlvhPA/yim+rjnE9oKV5G6PygQK7kJJjS/Lde
12-17 10:55:20.641  1760  2303 V GoogleSignatureVerifier: qxE7M7pNRYPhcLT7qhE7MiuBuyqwAMTTBoU8u3lTdOZwNErbRT5tSXkgVMffkfN7wBNqpSSY
12-17 10:55:20.653  1760  2400 I CheckinUtil: Classify the device as Tablet.
12-17 10:55:20.676  1760  2303 V GoogleSignatureVerifier: com.android.inputdevices signature not valid.  Found: 
12-17 10:55:20.676  1760  2303 V GoogleSignatureVerifier: MIID+zCCAuOgAwIBAgIJAP8GQTI8+VUSMA0GCSqGSIb3DQEBCwUAMIGUMQswCQYDVQQGEwJVUzET
12-17 10:55:20.676  1760  2303 V GoogleSignatureVerifier: MBEGA1UECAwKQ2FsaWZvcm5pYTEWMBQGA1UEBwwNTW91bnRhaW4gVmlldzEQMA4GA1UECgwHQW5k
12-17 10:55:20.676  1760  2303 V GoogleSignatureVerifier: cm9pZDEQMA4GA1UECwwHQW5kcm9pZDEQMA4GA1UEAwwHQW5kcm9pZDEiMCAGCSqGSIb3DQEJARYT
12-17 10:55:20.676  1760  2303 V GoogleSignatureVerifier: YW5kcm9pZEBhbmRyb2lkLmNvbTAeFw0xNDEyMjMwNjQzNDFaFw00MjA1MTAwNjQzNDFaMIGUMQsw
12-17 10:55:20.676  1760  2303 V GoogleSignatureVerifier: CQYDVQQGEwJVUzETMBEGA1UECAwKQ2FsaWZvcm5pYTEWMBQGA1UEBwwNTW91bnRhaW4gVmlldzEQ
12-17 10:55:20.676  1760  2303 V GoogleSignatureVerifier: MA4GA1UECgwHQW5kcm9pZDEQMA4GA1UECwwHQW5kcm9pZDEQMA4GA1UEAwwHQW5kcm9pZDEiMCAG
12-17 10:55:20.676  1760  2303 V GoogleSignatureVerifier: CSqGSIb3DQEJARYTYW5kcm9pZEBhbmRyb2lkLmNvbTCCASAwDQYJKoZIhvcNAQEBBQADggENADCC
12-17 10:55:20.676  1760  2303 V GoogleSignatureVerifier: AQgCggEBAKHY8Fl4XZzpJvgHoezYjhmKPvdq9DGYVc/X9NQO5oUlYIA/Ci5rzvljz13KbNve/Kxu
12-17 10:55:20.676  1760  2303 V GoogleSignatureVerifier: Eu9HN8SzsLg9EBhghOko8JxEg7I8W6uPVOoRngNCMvXzjf6av77vxPqphlgq++Y4MIC+fiOxLd+g
12-17 10:55:20.676  1760  2303 V GoogleSignatureVerifier: pYq0p6W7RWxEgrzLHnWiCX0dRmWDs+ey2t4f1WKzGoRQQS0Tn21CViThrVEe+zNwANnhErUcvoQB
12-17 10:55:20.676  1760  2303 V GoogleSignatureVerifier: 2m4/PQotuij7LZNccHJvUOUf5/4wIZd8JOgO3VLwzFO/HhrqUjafCvkpKTjW8oQmHLUz5m40ljET
12-17 10:55:20.676  1760  2303 V GoogleSignatureVerifier: GEjqQ6AuAwmaeFT+Bwj1DUaYg+m7AzalJ2aAtHVX0FftRUkCAQOjUDBOMB0GA1UdDgQWBBQi+Lgb
12-17 10:55:20.676  1760  2303 V GoogleSignatureVerifier: yFfWSoWCbQ+NVDF4ZKTPCjAfBgNVHSMEGDAWgBQi+LgbyFfWSoWCbQ+NVDF4ZKTPCjAMBgNVHRME
12-17 10:55:20.676  1760  2303 V GoogleSignatureVerifier: BTADAQH/MA0GCSqGSIb3DQEBCwUAA4IBAQBH1kIQlSBjXRMuQdaDLytr8ZaJXIN1HApg2QA8azYQ
12-17 10:55:20.676  1760  2303 V GoogleSignatureVerifier: XOS/B16gwm6tBfh1dL86LL/7w09oM9LZv8WwtQyFNjM97vvQvkaOGW/ubhrKOk3+8HTHkEx4n7H6
12-17 10:55:20.676  1760  2303 V GoogleSignatureVerifier: tYGOLdpmWepDfBSEFuLwq6yqG6wZFdd7IKO+sPlCxqUpqg40YAb4WOwzDbiuJnswDftP3wIaaJPh
12-17 10:55:20.676  1760  2303 V GoogleSignatureVerifier: li6OIjRKyd3Sgw1MtffHOy+WSwqHLkGNgH6GAgvZlvhPA/yim+rjnE9oKV5G6PygQK7kJJjS/Lde
12-17 10:55:20.676  1760  2303 V GoogleSignatureVerifier: qxE7M7pNRYPhcLT7qhE7MiuBuyqwAMTTBoU8u3lTdOZwNErbRT5tSXkgVMffkfN7wBNqpSSY
12-17 10:55:20.682  1760  2303 V GoogleSignatureVerifier: com.android.inputdevices signature not valid.  Found: 
12-17 10:55:20.682  1760  2303 V GoogleSignatureVerifier: MIID+zCCAuOgAwIBAgIJAP8GQTI8+VUSMA0GCSqGSIb3DQEBCwUAMIGUMQswCQYDVQQGEwJVUzET
12-17 10:55:20.682  1760  2303 V GoogleSignatureVerifier: MBEGA1UECAwKQ2FsaWZvcm5pYTEWMBQGA1UEBwwNTW91bnRhaW4gVmlldzEQMA4GA1UECgwHQW5k
12-17 10:55:20.682  1760  2303 V GoogleSignatureVerifier: cm9pZDEQMA4GA1UECwwHQW5kcm9pZDEQMA4GA1UEAwwHQW5kcm9pZDEiMCAGCSqGSIb3DQEJARYT
