01-01 22:30:41.296   965  1274 D Error   : # via Binder call with stack:
01-01 22:30:41.296   965  1274 D Error   : android.os.StrictMode$LogStackTrace
01-01 22:30:41.296   965  1274 D Error   : 	at android.os.StrictMode.readAndHandleBinderCallViolations(StrictMode.java:1911)
01-01 22:30:41.296   965  1274 D Error   : 	at android.os.Parcel.readExceptionCode(Parcel.java:1601)
01-01 22:30:41.296   965  1274 D Error   : 	at android.os.Parcel.readException(Parcel.java:1570)
01-01 22:30:41.296   965  1274 D Error   : 	at joh.c(SourceFile:111)
01-01 22:30:41.296   965  1274 D Error   : 	at ihg.equals(SourceFile:78)
01-01 22:30:41.296   965  1274 D Error   : 	at izd.b(SourceFile:245)
01-01 22:30:41.296   965  1274 D Error   : 	at izd.a(SourceFile:152)
01-01 22:30:41.296   965  1274 D Error   : 	at izd.b(SourceFile:137)
01-01 22:30:41.296   965  1274 D Error   : 	at izd.b(SourceFile:99)
01-01 22:30:41.296   965  1274 D Error   : 	at aefd.c(SourceFile:571)
01-01 22:30:41.296   965  1274 D Error   : 	at aefd.a(SourceFile:181)
01-01 22:30:41.296   965  1274 D Error   : 	at aefe.b(SourceFile:93)
01-01 22:30:41.296   965  1274 D Error   : 	at qmd.a(SourceFile:74)
01-01 22:30:41.296   965  1274 D Error   : 	at qjf.a(SourceFile:1278)
01-01 22:30:41.296   965  1274 D Error   : 	at rah.b(SourceFile:104)
01-01 22:30:41.296   965  1274 D Error   : 	at rah.a(SourceFile:72)
01-01 22:30:41.296   965  1274 D Error   : 	at rai.a(SourceFile:2052)
01-01 22:30:41.296   965  1274 D Error   : 	at rap.c(SourceFile:205)
01-01 22:30:41.296   965  1274 D Error   : 	at qzo.onTransact(SourceFile:150)
01-01 22:30:41.296   965  1274 D Error   : 	at android.os.Binder.execTransact(Binder.java:453)
01-01 22:30:41.296   965  1274 D Error   : # via Binder call with stack:
01-01 22:30:41.296   965  1274 D Error   : android.os.StrictMode$LogStackTrace
01-01 22:30:41.296   965  1274 D Error   : 	at android.os.StrictMode.readAndHandleBinderCallViolations(StrictMode.java:1911)
01-01 22:30:41.296   965  1274 D Error   : 	at android.os.Parcel.readExceptionCode(Parcel.java:1601)
01-01 22:30:41.296   965  1274 D Error   : 	at android.os.Parcel.readException(Parcel.java:1570)
01-01 22:30:41.296   965  1274 D Error   : 	at joh.c(SourceFile:111)
01-01 22:30:41.296   965  1274 D Error   : 	at ihg.equals(SourceFile:78)
01-01 22:30:41.296   965  1274 D Error   : 	at izd.b(SourceFile:245)
01-01 22:30:41.296   965  1274 D Error   : 	at izd.a(SourceFile:152)
01-01 22:30:41.296   965  1274 D Error   : 	at izd.b(SourceFile:137)
01-01 22:30:41.296   965  1274 D Error   : 	at izd.b(SourceFile:99)
01-01 22:30:41.296   965  1274 D Error   : 	at aefd.c(SourceFile:571)
01-01 22:30:41.296   965  1274 D Error   : 	at aefd.a(SourceFile:181)
01-01 22:30:41.296   965  1274 D Error   : 	at aefe.b(SourceFile:93)
01-01 22:30:41.296   965  1274 D Error   : 	at qmd.a(SourceFile:74)
01-01 22:30:41.296   965  1274 D Error   : 	at qjf.a(SourceFile:1278)
01-01 22:30:41.296   965  1274 D Error   : 	at rah.b(SourceFile:104)
01-01 22:30:41.296   965  1274 D Error   : 	at rah.a(SourceFile:72)
01-01 22:30:41.296   965  1274 D Error   : 	at rai.a(SourceFile:2052)
01-01 22:30:41.296   965  1274 D Error   : 	at rap.c(SourceFile:205)
01-01 22:30:41.296   965  1274 D Error   : 	at qzo.onTransact(SourceFile:150)
01-01 22:30:41.296   965  1274 D Error   : 	at android.os.Binder.execTransact(Binder.java:453)
01-01 22:30:41.296   965  1274 D Error   : # via Binder call with stack:
01-01 22:30:41.296   965  1274 D Error   : android.os.StrictMode$LogStackTrace
01-01 22:30:41.296   965  1274 D Error   : 	at android.os.StrictMode.readAndHandleBinderCallViolations(StrictMode.java:1911)
01-01 22:30:41.296   965  1274 D Error   : 	at android.os.Parcel.readExceptionCode(Parcel.java:1601)
01-01 22:30:41.296   965  1274 D Error   : 	at android.os.Parcel.readException(Parcel.java:1570)
01-01 22:30:41.296   965  1274 D Error   : 	at joh.c(SourceFile:111)
01-01 22:30:41.296   965  1274 D Error   : 	at ihg.equals(SourceFile:78)
01-01 22:30:41.296   965  1274 D Error   : 	at izd.b(SourceFile:245)
01-01 22:30:41.296   965  1274 D Error   : 	at izd.a(SourceFile:152)
01-01 22:30:41.296   965  1274 D Error   : 	at izd.b(SourceFile:137)
01-01 22:30:41.296   965  1274 D Error   : 	at izd.b(SourceFile:99)
01-01 22:30:41.296   965  1274 D Error   : 	at aefd.c(SourceFile:571)
01-01 22:30:41.296   965  1274 D Error   : 	at aefd.a(SourceFile:181)
01-01 22:30:41.296   965  1274 D Error   : 	at aefe.b(SourceFile:93)
01-01 22:30:41.296   965  1274 D Error   : 	at qmd.a(SourceFile:74)
01-01 22:30:41.296   965  1274 D Error   : 	at qjf.a(SourceFile:1278)
01-01 22:30:41.296   965  1274 D Error   : 	at rah.b(SourceFile:104)
01-01 22:30:41.296   965  1274 D Error   : 	at rah.a(SourceFile:72)
01-01 22:30:41.296   965  1274 D Error   : 	at rai.a(SourceFile:2052)
01-01 22:30:41.296   965  1274 D Error   : 	at rap.c(SourceFile:205)
01-01 22:30:41.296   965  1274 D Error   : 	at qzo.onTransact(SourceFile:150)
01-01 22:30:41.296   965  1274 D Error   : 	at android.os.Binder.execTransact(Binder.java:453)
01-01 22:30:41.296   965  1274 D Error   : # via Binder call with stack:
01-01 22:30:41.296   965  1274 D Error   : android.os.StrictMode$LogStackTrace
01-01 22:30:41.296   965  1274 D Error   : 	at android.os.StrictMode.readAndHandleBinderCallViolations(StrictMode.java:1911)
01-01 22:30:41.296   965  1274 D Error   : 	at android.os.Parcel.readExceptionCode(Parcel.java:1601)
01-01 22:30:41.296   965  1274 D Error   : 	at android.os.Parcel.readException(Parcel.java:1570)
01-01 22:30:41.296   965  1274 D Error   : 	at joh.c(SourceFile:111)
01-01 22:30:41.296   965  1274 D Error   : 	at ihg.equals(SourceFile:78)
01-01 22:30:41.296   965  1274 D Error   : 	at izd.b(SourceFile:245)
01-01 22:30:41.296   965  1274 D Error   : 	at izd.a(SourceFile:152)
01-01 22:30:41.296   965  1274 D Error   : 	at izd.b(SourceFile:137)
01-01 22:30:41.296   965  1274 D Error   : 	at izd.b(SourceFile:99)
01-01 22:30:41.296   965  1274 D Error   : 	at aefd.c(SourceFile:571)
01-01 22:30:41.296   965  1274 D Error   : 	at aefd.a(SourceFile:181)
01-01 22:30:41.296   965  1274 D Error   : 	at aefe.b(SourceFile:93)
01-01 22:30:41.296   965  1274 D Error   : 	at qmd.a(SourceFile:74)
01-01 22:30:41.296   965  1274 D Error   : 	at qjf.a(SourceFile:1278)
01-01 22:30:41.296   965  1274 D Error   : 	at rah.b(SourceFile:104)
01-01 22:30:41.296   965  1274 D Error   : 	at rah.a(SourceFile:72)
01-01 22:30:41.296   965  1274 D Error   : 	at rai.a(SourceFile:2052)
01-01 22:30:41.296   965  1274 D Error   : 	at rap.c(SourceFile:205)
01-01 22:30:41.296   965  1274 D Error   : 	at qzo.onTransact(SourceFile:150)
01-01 22:30:41.296   965  1274 D Error   : 	at android.os.Binder.execTransact(Binder.java:453)
01-01 22:30:41.296   965  1274 D Error   : # via Binder call with stack:
01-01 22:30:41.296   965  1274 D Error   : android.os.StrictMode$LogStackTrace
01-01 22:30:41.296   965  1274 D Error   : 	at android.os.StrictMode.readAndHandleBinderCallViolations(StrictMode.java:1911)
01-01 22:30:41.296   965  1274 D Error   : 	at android.os.Parcel.readExceptionCode(Parcel.java:1601)
01-01 22:30:41.296   965  1274 D Error   : 	at android.os.Parcel.readException(Parcel.java:1570)
01-01 22:30:41.296   965  1274 D Error   : 	at joh.c(SourceFile:111)
01-01 22:30:41.296   965  1274 D Error   : 	at ihg.equals(SourceFile:78)
01-01 22:30:41.296   965  1274 D Error   : 	at izd.b(SourceFile:245)
01-01 22:30:41.296   965  1274 D Error   : 	at izd.a(SourceFile:152)
01-01 22:30:41.296   965  1274 D Error   : 	at izd.b(SourceFile:137)
01-01 22:30:41.296   965  1274 D Error   : 	at izd.b(SourceFile:99)
01-01 22:30:41.296   965  1274 D Error   : 	at aefd.c(SourceFile:571)
01-01 22:30:41.296   965  1274 D Error   : 	at aefd.a(SourceFile:181)
01-01 22:30:41.296   965  1274 D Error   : 	at aefe.b(SourceFile:93)
01-01 22:30:41.296   965  1274 D Error   : 	at qmd.a(SourceFile:74)
01-01 22:30:41.296   965  1274 D Error   : 	at qjf.a(SourceFile:1278)
01-01 22:30:41.296   965  1274 D Error   : 	at rah.b(SourceFile:104)
01-01 22:30:41.296   965  1274 D Error   : 	at rah.a(Sour
01-01 22:30:41.296   965  1274 D Error   : ERR: TOTAL BYTES WRITTEN: 38440
01-01 22:30:41.296   965  1274 D StrictMode: Wrote violation #0 of 1: 38484 bytes
01-01 22:30:41.298   227  1817 I OMXCodec: --->InstantiateSoftwareCodec create OMX.google.vorbis.decoder codec
01-01 22:30:41.302  1542  1542 D MediaPlayer: setSubtitleAnchor in MediaPlayer
01-01 22:30:41.306  1542  1542 D Ringtone: Successfully created local player
01-01 22:30:41.306  1542  1542 I bt_bluedroid: get_profile_interface handsfree_client
01-01 22:30:41.306  1542  1616 I bt_btif_storage: btif_storage_get_adapter_property service_mask:0x21140008
01-01 22:30:41.307  1542  1813 D HeadsetClientStateMachine: Enter Disconnected: -2
01-01 22:30:41.312  1542  1542 I BluetoothAvrcpControllerJni: classInitNative: succeeds
01-01 22:30:41.312  1542  1542 I bt_bluedroid: get_profile_interface avrcp_ctrl
01-01 22:30:41.312  1542  1542 D BluetoothAdapterService: getAdapterService() - returning com.android.bluetooth.btservice.AdapterService@eaabfab
01-01 22:30:41.313   702   702 D BluetoothAvrcpController: Proxy object connected
01-01 22:30:41.315  1542  1542 D AvrcpControllerService: Received start request. Starting profile...
01-01 22:30:41.318   965  1274 D Error   : ERR: exClass=android.os.StrictMode$StrictModeDiskReadViolation
01-01 22:30:41.318  1542  1542 V BluetoothAdapterState: isTurningOff()=false
01-01 22:30:41.318   965  1274 D Error   : ERR: exMsg=policy=6815751 violation=2
01-01 22:30:41.318  1542  1542 V BluetoothAdapterState: isTurningOn()=true
01-01 22:30:41.318   965  1274 D Error   : ERR: file=StrictMode.java
01-01 22:30:41.318  1542  1542 V BluetoothAdapterState: isBleTurningOn()=false
01-01 22:30:41.318   965  1274 D Error   : ERR: class=android.os.StrictMode$AndroidBlockGuardPolicy
01-01 22:30:41.318  1542  1542 V BluetoothAdapterState: isBleTurningOff()=false
01-01 22:30:41.318   965  1274 D Error   : ERR: method=onReadFromDisk line=1263
01-01 22:30:41.318   965  1274 D Error   : ERR: stack=android.os.StrictMode$StrictModeDiskReadViolation: policy=6815751 violation=2
01-01 22:30:41.318   965  1274 D Error   : 	at android.os.StrictMode$AndroidBlockGuardPolicy.onReadFromDisk(StrictMode.java:1263)
01-01 22:30:41.318   965  1274 D Error   : 	at android.app.SharedPreferencesImpl.awaitLoadedLocked(SharedPreferencesImpl.java:203)
01-01 22:30:41.318   965  1274 D Error   : 	at android.app.SharedPreferencesImpl.getString(SharedPreferencesImpl.java:224)
01-01 22:30:41.318   965  1274 D Error   : 	at rah.a(SourceFile:60)
01-01 22:30:41.318   965  1274 D Error   : 	at rai.a(SourceFile:2052)
01-01 22:30:41.318   965  1274 D Error   : 	at rap.c(SourceFile:205)
01-01 22:30:41.318   965  1274 D Error   : 	at qzo.onTransact(SourceFile:150)
01-01 22:30:41.318   965  1274 D Error   : 	at android.os.Binder.execTransact(Binder.java:453)
01-01 22:30:41.318   965  1274 D Error   : # via Binder call with stack:
01-01 22:30:41.318   965  1274 D Error   : android.os.StrictMode$LogStackTrace
01-01 22:30:41.318   965  1274 D Error   : 	at android.os.StrictMode.readAndHandleBinderCallViolations(StrictMode.java:1911)
01-01 22:30:41.318   965  1274 D Error   : 	at android.os.Parcel.readExceptionCode(Parcel.java:1601)
01-01 22:30:41.318   965  1274 D Error   : 	at android.os.Parcel.readException(Parcel.java:1570)
01-01 22:30:41.318   965  1274 D Error   : 	at joh.c(SourceFile:111)
01-01 22:30:41.318   965  1274 D Error   : 	at ihg.equals(SourceFile:78)
01-01 22:30:41.318   965  1274 D Error   : 	at izd.b(SourceFile:245)
01-01 22:30:41.318   965  1274 D Error   : 	at izd.a(SourceFile:152)
01-01 22:30:41.318   965  1274 D Error   : 	at izd.b(SourceFile:137)
01-01 22:30:41.318   965  1274 D Error   : 	at izd.b(SourceFile:99)
01-01 22:30:41.318   965  1274 D Error   : 	at aefd.c(SourceFile:571)
01-01 22:30:41.318   965  1274 D Error   : 	at aefd.a(SourceFile:181)
01-01 22:30:41.318   965  1274 D Error   : 	at aefe.b(SourceFile:93)
01-01 22:30:41.318   965  1274 D Error   : 	at qmd.a(SourceFile:74)
01-01 22:30:41.318   965  1274 D Error   : 	at qjf.a(SourceFile:1278)
01-01 22:30:41.318   965  1274 D Error   : 	at rah.b(SourceFile:104)
01-01 22:30:41.318   965  1274 D Error   : 	at rah.a(SourceFile:72)
01-01 22:30:41.318   965  1274 D Error   : 	at rai.a(SourceFile:2052)
01-01 22:30:41.318   965  1274 D Error   : 	at rap.c(SourceFile:205)
01-01 22:30:41.318   965  1274 D Error   : 	at qzo.onTransact(SourceFile:150)
01-01 22:30:41.318   965  1274 D Error   : 	at android.os.Binder.execTransact(Binder.java:453)
01-01 22:30:41.318   965  1274 D Error   : # via Binder call with stack:
01-01 22:30:41.318   965  1274 D Error   : android.os.StrictMode$LogStackTrace
01-01 22:30:41.318   965  1274 D Error   : 	at android.os.StrictMode.readAndHandleBinderCallViolations(StrictMode.java:1911)
01-01 22:30:41.318   965  1274 D Error   : 	at android.os.Parcel.readExceptionCode(Parcel.java:1601)
01-01 22:30:41.318   965  1274 D Error   : 	at android.os.Parcel.readException(Parcel.java:1570)
01-01 22:30:41.318   965  1274 D Error   : 	at joh.c(SourceFile:111)
01-01 22:30:41.318   965  1274 D Error   : 	at ihg.equals(SourceFile:78)
01-01 22:30:41.318   965  1274 D Error   : 	at izd.b(SourceFile:245)
01-01 22:30:41.318   965  1274 D Error   : 	at izd.a(SourceFile:152)
01-01 22:30:41.318   965  1274 D Error   : 	at izd.b(SourceFile:137)
01-01 22:30:41.318   965  1274 D Error   : 	at izd.b(SourceFile:99)
01-01 22:30:41.318   965  1274 D Error   : 	at aefd.c(SourceFile:571)
01-01 22:30:41.318   965  1274 D Error   : 	at aefd.a(SourceFile:181)
01-01 22:30:41.318   965  1274 D Error   : 	at aefe.b(SourceFile:93)
01-01 22:30:41.318   965  1274 D Error   : 	at qmd.a(SourceFile:74)
01-01 22:30:41.318   965  1274 D Error   : 	at qjf.a(SourceFile:1278)
01-01 22:30:41.318   965  1274 D Error   : 	at rah.b(SourceFile:104)
01-01 22:30:41.318   965  1274 D Error   : 	at rah.a(SourceFile:72)
01-01 22:30:41.318   965  1274 D Error   : 	at rai.a(SourceFile:2052)
01-01 22:30:41.318   965  1274 D Error   : 	at rap.c(SourceFile:205)
01-01 22:30:41.318   965  1274 D Error   : 	at qzo.onTransact(SourceFile:150)
01-01 22:30:41.318   965  1274 D Error   : 	at android.os.Binder.execTransact(Binder.java:453)
01-01 22:30:41.318   965  1274 D Error   : # via Binder call with stack:
01-01 22:30:41.318   965  1274 D Error   : android.os.StrictMode$LogStackTrace
01-01 22:30:41.318   965  1274 D Error   : 	at android.os.StrictMode.readAndHandleBinderCallViolations(StrictMode.java:1911)
01-01 22:30:41.318   965  1274 D Error   : 	at android.os.Parcel.readExceptionCode(Parcel.java:1601)
01-01 22:30:41.318   965  1274 D Error   : 	at android.os.Parcel.readException(Parcel.java:1570)
01-01 22:30:41.318   965  1274 D Error   : 	at joh.c(SourceFile:111)
01-01 22:30:41.318   965  1274 D Error   : 	at ihg.equals(SourceFile:78)
01-01 22:30:41.318   965  1274 D Error   : 	at izd.b(SourceFile:245)
01-01 22:30:41.318   965  1274 D Error   : 	at izd.a(SourceFile:152)
01-01 22:30:41.318   965  1274 D Error   : 	at izd.b(SourceFile:137)
01-01 22:30:41.318   965  1274 D Error   : 	at izd.b(SourceFile:99)
01-01 22:30:41.318   965  1274 D Error   : 	at aefd.c(SourceFile:571)
01-01 22:30:41.318   965  1274 D Error   : 	at aefd.a(SourceFile:181)
01-01 22:30:41.318   965  1274 D Error   : 	at aefe.b(SourceFile:93)
01-01 22:30:41.318   965  1274 D Error   : 	at qmd.a(SourceFile:74)
01-01 22:30:41.318   965  1274 D Error   : 	at qjf.a(SourceFile:1278)
01-01 22:30:41.318   965  1274 D Error   : 	at rah.b(SourceFile:104)
01-01 22:30:41.318   965  1274 D Error   : 	at rah.a(SourceFile:72)
01-01 22:30:41.318   965  1274 D Error   : 	at rai.a(SourceFile:2052)
01-01 22:30:41.318   965  1274 D Error   : 	at rap.c(SourceFile:205)
01-01 22:30:41.318   965  1274 D Error   : 	at qzo.onTransact(SourceFile:150)
01-01 22:30:41.318   965  1274 D Error   : 	at android.os.Binder.execTransact(Binder.java:453)
01-01 22:30:41.318   965  1274 D Error   : # via Binder call with stack:
01-01 22:30:41.318   965  1274 D Error   : android.os.StrictMode$LogStackTrace
01-01 22:30:41.318   965  1274 D Error   : 	at android.os.StrictMode.readAndHandleBinderCallViolations(StrictMode.java:1911)
01-01 22:30:41.318   965  1274 D Error   : 	at android.os.Parcel.readExceptionCode(Parcel.java:1601)
01-01 22:30:41.318   965  1274 D Error   : 	at android.os.Parcel.readException(Parcel.java:1570)
01-01 22:30:41.318   965  1274 D Error   : 	at joh.c(SourceFile:111)
01-01 22:30:41.318   965  1274 D Error   : 	at ihg.equals(SourceFile:78)
01-01 22:30:41.318   965  1274 D Error   : 	at izd.b(SourceFile:245)
01-01 22:30:41.318   965  1274 D Error   : 	at izd.a(SourceFile:152)
01-01 22:30:41.318   965  1274 D Error   : 	at izd.b(SourceFile:137)
01-01 22:30:41.318   965  1274 D Error   : 	at izd.b(SourceFile:99)
01-01 22:30:41.318   965  1274 D Error   : 	at aefd.c(SourceFile:571)
01-01 22:30:41.318   965  1274 D Error   : 	at aefd.a(SourceFile:181)
01-01 22:30:41.318   965  1274 D Error   : 	at aefe.b(SourceFile:93)
01-01 22:30:41.318   965  1274 D Error   : 	at qmd.a(SourceFile:74)
01-01 22:30:41.318   965  1274 D Error   : 	at qjf.a(SourceFile:1278)
01-01 22:30:41.318   965  1274 D Error   : 	at rah.b(SourceFile:104)
01-01 22:30:41.318   965  1274 D Error   : 	at rah.a(SourceFile:72)
01-01 22:30:41.318   965  1274 D Error   : 	at rai.a(SourceFile:2052)
01-01 22:30:41.318   965  1274 D Error   : 	at rap.c(SourceFile:205)
01-01 22:30:41.318   965  1274 D Error   : 	at qzo.onTransact(SourceFile:150)
01-01 22:30:41.318   965  1274 D Error   : 	at android.os.Binder.execTransact(Binder.java:453)
01-01 22:30:41.318   965  1274 D Error   : # via Binder call with stack:
01-01 22:30:41.318   965  1274 D Error   : android.os.StrictMode$LogStackTrace
01-01 22:30:41.318   965  1274 D Error   : 	at android.os.StrictMode.readAndHandleBinderCallViolations(StrictMode.java:1911)
01-01 22:30:41.318   965  1274 D Error   : 	at android.os.Parcel.readExceptionCode(Parcel.java:1601)
01-01 22:30:41.318   965  1274 D Error   : 	at android.os.Parcel.readException(Parcel.java:1570)
01-01 22:30:41.318   965  1274 D Error   : 	at joh.c(SourceFile:111)
01-01 22:30:41.318   965  1274 D Error   : 	at ihg.equals(SourceFile:78)
01-01 22:30:41.318   965  1274 D Error   : 	at izd.b(SourceFile:245)
01-01 22:30:41.318   965  1274 D Error   : 	at izd.a(SourceFile:152)
01-01 22:30:41.318   965  1274 D Error   : 	at izd.b(SourceFile:137)
01-01 22:30:41.318   965  1274 D Error   : 	at izd.b(SourceFile:99)
01-01 22:30:41.318   965  1274 D Error   : 	at aefd.c(SourceFile:571)
01-01 22:30:41.318   965  1274 D Error   : 	at aefd.a(SourceFile:181)
01-01 22:30:41.318   965  1274 D Error   : 	at aefe.b(SourceFile:93)
01-01 22:30:41.318   965  1274 D Error   : 	at qmd.a(SourceFile:74)
01-01 22:30:41.318   965  1274 D Error   : 	at qjf.a(SourceFile:1278)
01-01 22:30:41.318   965  1274 D Error   : 	at rah.b(SourceFile:104)
01-01 22:30:41.318   965  1274 D Error   : 	at rah.a(Sour
01-01 22:30:41.318   965  1274 D Error   : ERR: TOTAL BYTES WRITTEN: 39924
01-01 22:30:41.318   965  1274 D StrictMode: Wrote violation #0 of 1: 39968 bytes
01-01 22:30:41.319  1542  1542 V BluetoothAdapterState: isTurningOff()=false
01-01 22:30:41.319  1542  1542 V BluetoothAdapterState: isTurningOn()=true
01-01 22:30:41.319  1542  1542 V BluetoothAdapterState: isBleTurningOn()=false
01-01 22:30:41.319  1542  1542 V BluetoothAdapterState: isBleTurningOff()=false
01-01 22:30:41.319  1542  1542 V BluetoothAdapterState: isTurningOff()=false
01-01 22:30:41.319  1542  1542 V BluetoothAdapterState: isTurningOn()=true
01-01 22:30:41.319  1542  1542 V BluetoothAdapterState: isBleTurningOn()=false
01-01 22:30:41.319  1542  1542 V BluetoothAdapterState: isBleTurningOff()=false
01-01 22:30:41.319  1542  1542 V BluetoothAdapterState: isTurningOff()=false
01-01 22:30:41.319  1542  1542 V BluetoothAdapterState: isTurningOn()=true
01-01 22:30:41.319  1542  1542 V BluetoothAdapterState: isBleTurningOn()=false
01-01 22:30:41.319  1542  1542 V BluetoothAdapterState: isBleTurningOff()=false
01-01 22:30:41.321   965  1274 D Error   : ERR: exClass=android.os.StrictMode$StrictModeDiskReadViolation
01-01 22:30:41.321   965  1274 D Error   : ERR: exMsg=policy=6815751 violation=2
01-01 22:30:41.321   965  1274 D Error   : ERR: file=StrictMode.java
01-01 22:30:41.321   965  1274 D Error   : ERR: class=android.os.StrictMode$AndroidBlockGuardPolicy
01-01 22:30:41.321   965  1274 D Error   : ERR: method=onReadFromDisk line=1263
01-01 22:30:41.322  1542  1542 V BluetoothAdapterState: isTurningOff()=false
01-01 22:30:41.322  1542  1542 V BluetoothAdapterState: isTurningOn()=true
01-01 22:30:41.322  1542  1542 V BluetoothAdapterState: isBleTurningOn()=false
01-01 22:30:41.322  1542  1542 V BluetoothAdapterState: isBleTurningOff()=false
01-01 22:30:41.322  1542  1542 V BluetoothAdapterState: isTurningOff()=false
01-01 22:30:41.322  1542  1542 V BluetoothAdapterState: isTurningOn()=true
01-01 22:30:41.322  1542  1542 V BluetoothAdapterState: isBleTurningOn()=false
01-01 22:30:41.322  1542  1542 V BluetoothAdapterState: isBleTurningOff()=false
01-01 22:30:41.322   965  1274 D Error   : ERR: stack=android.os.StrictMode$StrictModeDiskReadViolation: policy=6815751 violation=2
01-01 22:30:41.322   965  1274 D Error   : 	at android.os.StrictMode$AndroidBlockGuardPolicy.onReadFromDisk(StrictMode.java:1263)
01-01 22:30:41.322   965  1274 D Error   : 	at android.app.SharedPreferencesImpl.awaitLoadedLocked(SharedPreferencesImpl.java:203)
01-01 22:30:41.322   965  1274 D Error   : 	at android.app.SharedPreferencesImpl.getString(SharedPreferencesImpl.java:224)
01-01 22:30:41.322   965  1274 D Error   : 	at rah.a(SourceFile:60)
01-01 22:30:41.322   965  1274 D Error   : 	at rai.a(SourceFile:2052)
01-01 22:30:41.322   965  1274 D Error   : 	at rap.c(SourceFile:205)
01-01 22:30:41.322   965  1274 D Error   : 	at qzo.onTransact(SourceFile:150)
01-01 22:30:41.322   965  1274 D Error   : 	at android.os.Binder.execTransact(Binder.java:453)
01-01 22:30:41.322   965  1274 D Error   : # via Binder call with stack:
01-01 22:30:41.322   965  1274 D Error   : android.os.StrictMode$LogStackTrace
01-01 22:30:41.322   965  1274 D Error   : 	at android.os.StrictMode.readAndHandleBinderCallViolations(StrictMode.java:1911)
01-01 22:30:41.322   965  1274 D Error   : 	at android.os.Parcel.readExceptionCode(Parcel.java:1601)
01-01 22:30:41.322   965  1274 D Error   : 	at android.os.Parcel.readException(Parcel.java:1570)
01-01 22:30:41.322   965  1274 D Error   : 	at joh.c(SourceFile:111)
01-01 22:30:41.322   965  1274 D Error   : 	at ihg.equals(SourceFile:78)
01-01 22:30:41.322   965  1274 D Error   : 	at izd.b(SourceFile:245)
01-01 22:30:41.322   965  1274 D Error   : 	at izd.a(SourceFile:152)
01-01 22:30:41.322   965  1274 D Error   : 	at izd.b(SourceFile:137)
01-01 22:30:41.322   965  1274 D Error   : 	at izd.b(SourceFile:99)
01-01 22:30:41.322   965  1274 D Error   : 	at aefd.c(SourceFile:571)
01-01 22:30:41.322   965  1274 D Error   : 	at aefd.a(SourceFile:181)
01-01 22:30:41.322   965  1274 D Error   : 	at aefe.b(SourceFile:93)
01-01 22:30:41.322   965  1274 D Error   : 	at qmd.a(SourceFile:74)
01-01 22:30:41.322   965  1274 D Error   : 	at qjf.a(SourceFile:1278)
01-01 22:30:41.322   965  1274 D Error   : 	at rah.b(SourceFile:104)
01-01 22:30:41.322   965  1274 D Error   : 	at rah.a(SourceFile:72)
01-01 22:30:41.322   965  1274 D Error   : 	at rai.a(SourceFile:2052)
01-01 22:30:41.322   965  1274 D Error   : 	at rap.c(SourceFile:205)
01-01 22:30:41.322   965  1274 D Error   : 	at qzo.onTransact(SourceFile:150)
01-01 22:30:41.322   965  1274 D Error   : 	at android.os.Binder.execTransact(Binder.java:453)
01-01 22:30:41.322   965  1274 D Error   : # via Binder call with stack:
01-01 22:30:41.322   965  1274 D Error   : android.os.StrictMode$LogStackTrace
01-01 22:30:41.322   965  1274 D Error   : 	at android.os.StrictMode.readAndHandleBinderCallViolations(StrictMode.java:1911)
01-01 22:30:41.322   965  1274 D Error   : 	at android.os.Parcel.readExceptionCode(Parcel.java:1601)
01-01 22:30:41.322   965  1274 D Error   : 	at android.os.Parcel.readException(Parcel.java:1570)
01-01 22:30:41.322   965  1274 D Error   : 	at joh.c(SourceFile:111)
01-01 22:30:41.322   965  1274 D Error   : 	at ihg.equals(SourceFile:78)
01-01 22:30:41.322   965  1274 D Error   : 	at izd.b(SourceFile:245)
01-01 22:30:41.322   965  1274 D Error   : 	at izd.a(SourceFile:152)
01-01 22:30:41.322   965  1274 D Error   : 	at izd.b(SourceFile:137)
01-01 22:30:41.322   965  1274 D Error   : 	at izd.b(SourceFile:99)
01-01 22:30:41.322   965  1274 D Error   : 	at aefd.c(SourceFile:571)
01-01 22:30:41.322   965  1274 D Error   : 	at aefd.a(SourceFile:181)
01-01 22:30:41.322   965  1274 D Error   : 	at aefe.b(SourceFile:93)
01-01 22:30:41.322   965  1274 D Error   : 	at qmd.a(SourceFile:74)
01-01 22:30:41.322   965  1274 D Error   : 	at qjf.a(SourceFile:1278)
01-01 22:30:41.322   965  1274 D Error   : 	at rah.b(SourceFile:104)
01-01 22:30:41.322   965  1274 D Error   : 	at rah.a(SourceFile:72)
01-01 22:30:41.322   965  1274 D Error   : 	at rai.a(SourceFile:2052)
01-01 22:30:41.322   965  1274 D Error   : 	at rap.c(SourceFile:205)
01-01 22:30:41.322   965  1274 D Error   : 	at qzo.onTransact(SourceFile:150)
01-01 22:30:41.322   965  1274 D Error   : 	at android.os.Binder.execTransact(Binder.java:453)
01-01 22:30:41.322   965  1274 D Error   : # via Binder call with stack:
01-01 22:30:41.322   965  1274 D Error   : android.os.StrictMode$LogStackTrace
01-01 22:30:41.322   965  1274 D Error   : 	at android.os.StrictMode.readAndHandleBinderCallViolations(StrictMode.java:1911)
01-01 22:30:41.322   965  1274 D Error   : 	at android.os.Parcel.readExceptionCode(Parcel.java:1601)
01-01 22:30:41.322   965  1274 D Error   : 	at android.os.Parcel.readException(Parcel.java:1570)
01-01 22:30:41.322   965  1274 D Error   : 	at joh.c(SourceFile:111)
01-01 22:30:41.322   965  1274 D Error   : 	at ihg.equals(SourceFile:78)
01-01 22:30:41.322   965  1274 D Error   : 	at izd.b(SourceFile:245)
01-01 22:30:41.322   965  1274 D Error   : 	at izd.a(SourceFile:152)
01-01 22:30:41.322   965  1274 D Error   : 	at izd.b(SourceFile:137)
01-01 22:30:41.322   965  1274 D Error   : 	at izd.b(SourceFile:99)
01-01 22:30:41.322   965  1274 D Error   : 	at aefd.c(SourceFile:571)
01-01 22:30:41.322   965  1274 D Error   : 	at aefd.a(SourceFile:181)
01-01 22:30:41.322   965  1274 D Error   : 	at aefe.b(SourceFile:93)
01-01 22:30:41.322   965  1274 D Error   : 	at qmd.a(SourceFile:74)
01-01 22:30:41.322   965  1274 D Error   : 	at qjf.a(SourceFile:1278)
01-01 22:30:41.322   965  1274 D Error   : 	at rah.b(SourceFile:104)
01-01 22:30:41.322   965  1274 D Error   : 	at rah.a(SourceFile:72)
01-01 22:30:41.322   965  1274 D Error   : 	at rai.a(SourceFile:2052)
01-01 22:30:41.322   965  1274 D Error   : 	at rap.c(SourceFile:205)
01-01 22:30:41.322   965  1274 D Error   : 	at qzo.onTransact(SourceFile:150)
01-01 22:30:41.322   965  1274 D Error   : 	at android.os.Binder.execTransact(Binder.java:453)
01-01 22:30:41.322   965  1274 D Error   : # via Binder call with stack:
01-01 22:30:41.322   965  1274 D Error   : android.os.StrictMode$LogStackTrace
01-01 22:30:41.322   965  1274 D Error   : 	at android.os.StrictMode.readAndHandleBinderCallViolations(StrictMode.java:1911)
01-01 22:30:41.322   965  1274 D Error   : 	at android.os.Parcel.readExceptionCode(Parcel.java:1601)
01-01 22:30:41.322   965  1274 D Error   : 	at android.os.Parcel.readException(Parcel.java:1570)
01-01 22:30:41.322   965  1274 D Error   : 	at joh.c(SourceFile:111)
01-01 22:30:41.322   965  1274 D Error   : 	at ihg.equals(SourceFile:78)
01-01 22:30:41.322   965  1274 D Error   : 	at izd.b(SourceFile:245)
01-01 22:30:41.322   965  1274 D Error   : 	at izd.a(SourceFile:152)
01-01 22:30:41.322   965  1274 D Error   : 	at izd.b(SourceFile:137)
01-01 22:30:41.322   965  1274 D Error   : 	at izd.b(SourceFile:99)
01-01 22:30:41.322   965  1274 D Error   : 	at aefd.c(SourceFile:571)
01-01 22:30:41.322   965  1274 D Error   : 	at aefd.a(SourceFile:181)
01-01 22:30:41.322   965  1274 D Error   : 	at aefe.b(SourceFile:93)
01-01 22:30:41.322   965  1274 D Error   : 	at qmd.a(SourceFile:74)
01-01 22:30:41.322   965  1274 D Error   : 	at qjf.a(SourceFile:1278)
01-01 22:30:41.322   965  1274 D Error   : 	at rah.b(SourceFile:104)
01-01 22:30:41.322   965  1274 D Error   : 	at rah.a(SourceFile:72)
01-01 22:30:41.322   965  1274 D Error   : 	at rai.a(SourceFile:2052)
01-01 22:30:41.322   965  1274 D Error   : 	at rap.c(SourceFile:205)
01-01 22:30:41.322   965  1274 D Error   : 	at qzo.onTransact(SourceFile:150)
01-01 22:30:41.322   965  1274 D Error   : 	at android.os.Binder.execTransact(Binder.java:453)
01-01 22:30:41.322   965  1274 D Error   : # via Binder call with stack:
01-01 22:30:41.322   965  1274 D Error   : android.os.StrictMode$LogStackTrace
01-01 22:30:41.322   965  1274 D Error   : 	at android.os.StrictMode.readAndHandleBinderCallViolations(StrictMode.java:1911)
01-01 22:30:41.322   965  1274 D Error   : 	at android.os.Parcel.readExceptionCode(Parcel.java:1601)
01-01 22:30:41.322   965  1274 D Error   : 	at android.os.Parcel.readException(Parcel.java:1570)
01-01 22:30:41.322   965  1274 D Error   : 	at joh.c(SourceFile:111)
01-01 22:30:41.322   965  1274 D Error   : 	at ihg.equals(SourceFile:78)
01-01 22:30:41.322   965  1274 D Error   : 	at izd.b(SourceFile:245)
01-01 22:30:41.322   965  1274 D Error   : 	at izd.a(SourceFile:152)
01-01 22:30:41.322   965  1274 D Error   : 	at izd.b(SourceFile:137)
01-01 22:30:41.322   965  1274 D Error   : 	at izd.b(SourceFile:99)
01-01 22:30:41.322   965  1274 D Error   : 	at aefd.c(SourceFile:571)
01-01 22:30:41.322   965  1274 D Error   : 	at aefd.a(SourceFile:181)
01-01 22:30:41.322   965  1274 D Error   : 	at aefe.b(SourceFile:93)
01-01 22:30:41.322   965  1274 D Error   : 	at qmd.a(SourceFile:74)
01-01 22:30:41.322   965  1274 D Error   : 	at qjf.a(SourceFile:1278)
01-01 22:30:41.322   965  1274 D Error   : 	at rah.b(SourceFile:104)
01-01 22:30:41.322   965  1274 D Error   : 	at rah.a(Sour
01-01 22:30:41.322   965  1274 D Error   : ERR: TOTAL BYTES WRITTEN: 41408
01-01 22:30:41.322   965  1274 D StrictMode: Wrote violation #0 of 1: 41452 bytes
01-01 22:30:41.322  1542  1593 D BluetoothAdapterState: Current state: PENDING_COMMAND, message: 2
01-01 22:30:41.322  1542  1593 D BluetoothAdapterProperties: ScanMode =  20
01-01 22:30:41.322  1542  1593 D BluetoothAdapterProperties: State =  11
01-01 22:30:41.323  1542  1616 D BluetoothAdapterProperties: Scan Mode:21
01-01 22:30:41.324  1542  1616 D BluetoothAdapterProperties: Discoverable Timeout:120
01-01 22:30:41.324   965  1274 D Error   : ERR: exClass=android.os.StrictMode$StrictModeDiskReadViolation
01-01 22:30:41.324   965  1274 D Error   : ERR: exMsg=policy=6815751 violation=2
01-01 22:30:41.324   965  1274 D Error   : ERR: file=StrictMode.java
01-01 22:30:41.324   965  1274 D Error   : ERR: class=android.os.StrictMode$AndroidBlockGuardPolicy
01-01 22:30:41.324   965  1274 D Error   : ERR: method=onReadFromDisk line=1263
01-01 22:30:41.325   965  1274 D Error   : ERR: stack=android.os.StrictMode$StrictModeDiskReadViolation: policy=6815751 violation=2
01-01 22:30:41.325   965  1274 D Error   : 	at android.os.StrictMode$AndroidBlockGuardPolicy.onReadFromDisk(StrictMode.java:1263)
01-01 22:30:41.325   965  1274 D Error   : 	at android.app.SharedPreferencesImpl.awaitLoadedLocked(SharedPreferencesImpl.java:203)
01-01 22:30:41.325   965  1274 D Error   : 	at android.app.SharedPreferencesImpl.getString(SharedPreferencesImpl.java:224)
01-01 22:30:41.325   965  1274 D Error   : 	at rah.a(SourceFile:60)
01-01 22:30:41.325   965  1274 D Error   : 	at rai.a(SourceFile:2052)
01-01 22:30:41.325   965  1274 D Error   : 	at rap.c(SourceFile:205)
01-01 22:30:41.325   965  1274 D Error   : 	at qzo.onTransact(SourceFile:150)
01-01 22:30:41.325   965  1274 D Error   : 	at android.os.Binder.execTransact(Binder.java:453)
01-01 22:30:41.325   965  1274 D Error   : # via Binder call with stack:
01-01 22:30:41.325   965  1274 D Error   : android.os.StrictMode$LogStackTrace
01-01 22:30:41.325   965  1274 D Error   : 	at android.os.StrictMode.readAndHandleBinderCallViolations(StrictMode.java:1911)
01-01 22:30:41.325   965  1274 D Error   : 	at android.os.Parcel.readExceptionCode(Parcel.java:1601)
01-01 22:30:41.325   965  1274 D Error   : 	at android.os.Parcel.readException(Parcel.java:1570)
01-01 22:30:41.325   965  1274 D Error   : 	at joh.c(SourceFile:111)
01-01 22:30:41.325   965  1274 D Error   : 	at ihg.equals(SourceFile:78)
01-01 22:30:41.325   965  1274 D Error   : 	at izd.b(SourceFile:245)
01-01 22:30:41.325   965  1274 D Error   : 	at izd.a(SourceFile:152)
01-01 22:30:41.325   965  1274 D Error   : 	at izd.b(SourceFile:137)
01-01 22:30:41.325   965  1274 D Error   : 	at izd.b(SourceFile:99)
01-01 22:30:41.325   965  1274 D Error   : 	at aefd.c(SourceFile:571)
01-01 22:30:41.325   965  1274 D Error   : 	at aefd.a(SourceFile:181)
01-01 22:30:41.325   965  1274 D Error   : 	at aefe.b(SourceFile:93)
01-01 22:30:41.325   965  1274 D Error   : 	at qmd.a(SourceFile:74)
01-01 22:30:41.325   965  1274 D Error   : 	at qjf.a(SourceFile:1278)
01-01 22:30:41.325   965  1274 D Error   : 	at rah.b(SourceFile:104)
01-01 22:30:41.325   965  1274 D Error   : 	at rah.a(SourceFile:72)
01-01 22:30:41.325   965  1274 D Error   : 	at rai.a(SourceFile:2052)
01-01 22:30:41.325   965  1274 D Error   : 	at rap.c(SourceFile:205)
01-01 22:30:41.325   965  1274 D Error   : 	at qzo.onTransact(SourceFile:150)
01-01 22:30:41.325   965  1274 D Error   : 	at android.os.Binder.execTransact(Binder.java:453)
01-01 22:30:41.325   965  1274 D Error   : # via Binder call with stack:
01-01 22:30:41.325   965  1274 D Error   : android.os.StrictMode$LogStackTrace
01-01 22:30:41.325   965  1274 D Error   : 	at android.os.StrictMode.readAndHandleBinderCallViolations(StrictMode.java:1911)
01-01 22:30:41.325   965  1274 D Error   : 	at android.os.Parcel.readExceptionCode(Parcel.java:1601)
01-01 22:30:41.325   965  1274 D Error   : 	at android.os.Parcel.readException(Parcel.java:1570)
01-01 22:30:41.325   965  1274 D Error   : 	at joh.c(SourceFile:111)
01-01 22:30:41.325   965  1274 D Error   : 	at ihg.equals(SourceFile:78)
01-01 22:30:41.325   965  1274 D Error   : 	at izd.b(SourceFile:245)
01-01 22:30:41.325   965  1274 D Error   : 	at izd.a(SourceFile:152)
01-01 22:30:41.325   965  1274 D Error   : 	at izd.b(SourceFile:137)
01-01 22:30:41.325   965  1274 D Error   : 	at izd.b(SourceFile:99)
01-01 22:30:41.325   965  1274 D Error   : 	at aefd.c(SourceFile:571)
01-01 22:30:41.325   965  1274 D Error   : 	at aefd.a(SourceFile:181)
01-01 22:30:41.325   965  1274 D Error   : 	at aefe.b(SourceFile:93)
01-01 22:30:41.325   965  1274 D Error   : 	at qmd.a(SourceFile:74)
01-01 22:30:41.325   965  1274 D Error   : 	at qjf.a(SourceFile:1278)
01-01 22:30:41.325   965  1274 D Error   : 	at rah.b(SourceFile:104)
01-01 22:30:41.325   965  1274 D Error   : 	at rah.a(SourceFile:72)
01-01 22:30:41.325   965  1274 D Error   : 	at rai.a(SourceFile:2052)
01-01 22:30:41.325   965  1274 D Error   : 	at rap.c(SourceFile:205)
01-01 22:30:41.325   965  1274 D Error   : 	at qzo.onTransact(SourceFile:150)
01-01 22:30:41.325   965  1274 D Error   : 	at android.os.Binder.execTransact(Binder.java:453)
01-01 22:30:41.325   965  1274 D Error   : # via Binder call with stack:
01-01 22:30:41.325   965  1274 D Error   : android.os.StrictMode$LogStackTrace
01-01 22:30:41.325   965  1274 D Error   : 	at android.os.StrictMode.readAndHandleBinderCallViolations(StrictMode.java:1911)
01-01 22:30:41.325   965  1274 D Error   : 	at android.os.Parcel.readExceptionCode(Parcel.java:1601)
01-01 22:30:41.325   965  1274 D Error   : 	at android.os.Parcel.readException(Parcel.java:1570)
01-01 22:30:41.325   965  1274 D Error   : 	at joh.c(SourceFile:111)
01-01 22:30:41.325   965  1274 D Error   : 	at ihg.equals(SourceFile:78)
01-01 22:30:41.325   965  1274 D Error   : 	at izd.b(SourceFile:245)
01-01 22:30:41.325   965  1274 D Error   : 	at izd.a(SourceFile:152)
01-01 22:30:41.325   965  1274 D Error   : 	at izd.b(SourceFile:137)
01-01 22:30:41.325   965  1274 D Error   : 	at izd.b(SourceFile:99)
01-01 22:30:41.325   965  1274 D Error   : 	at aefd.c(SourceFile:571)
01-01 22:30:41.325   965  1274 D Error   : 	at aefd.a(SourceFile:181)
01-01 22:30:41.325   965  1274 D Error   : 	at aefe.b(SourceFile:93)
01-01 22:30:41.325   965  1274 D Error   : 	at qmd.a(SourceFile:74)
01-01 22:30:41.325   965  1274 D Error   : 	at qjf.a(SourceFile:1278)
01-01 22:30:41.325   965  1274 D Error   : 	at rah.b(SourceFile:104)
01-01 22:30:41.325   965  1274 D Error   : 	at rah.a(SourceFile:72)
01-01 22:30:41.325   965  1274 D Error   : 	at rai.a(SourceFile:2052)
01-01 22:30:41.325   965  1274 D Error   : 	at rap.c(SourceFile:205)
01-01 22:30:41.325   965  1274 D Error   : 	at qzo.onTransact(SourceFile:150)
01-01 22:30:41.325   965  1274 D Error   : 	at android.os.Binder.execTransact(Binder.java:453)
01-01 22:30:41.325   965  1274 D Error   : # via Binder call with stack:
01-01 22:30:41.325   965  1274 D Error   : android.os.StrictMode$LogStackTrace
01-01 22:30:41.325   965  1274 D Error   : 	at android.os.StrictMode.readAndHandleBinderCallViolations(StrictMode.java:1911)
01-01 22:30:41.325   965  1274 D Error   : 	at android.os.Parcel.readExceptionCode(Parcel.java:1601)
01-01 22:30:41.325   965  1274 D Error   : 	at android.os.Parcel.readException(Parcel.java:1570)
01-01 22:30:41.325   965  1274 D Error   : 	at joh.c(SourceFile:111)
01-01 22:30:41.325   965  1274 D Error   : 	at ihg.equals(SourceFile:78)
01-01 22:30:41.325   965  1274 D Error   : 	at izd.b(SourceFile:245)
01-01 22:30:41.325   965  1274 D Error   : 	at izd.a(SourceFile:152)
01-01 22:30:41.325   965  1274 D Error   : 	at izd.b(SourceFile:137)
01-01 22:30:41.325   965  1274 D Error   : 	at izd.b(SourceFile:99)
01-01 22:30:41.325   965  1274 D Error   : 	at aefd.c(SourceFile:571)
01-01 22:30:41.325   965  1274 D Error   : 	at aefd.a(SourceFile:181)
01-01 22:30:41.325   965  1274 D Error   : 	at aefe.b(SourceFile:93)
01-01 22:30:41.325   965  1274 D Error   : 	at qmd.a(SourceFile:74)
01-01 22:30:41.325   965  1274 D Error   : 	at qjf.a(SourceFile:1278)
01-01 22:30:41.325   965  1274 D Error   : 	at rah.b(SourceFile:104)
01-01 22:30:41.325   965  1274 D Error   : 	at rah.a(SourceFile:72)
01-01 22:30:41.325   965  1274 D Error   : 	at rai.a(SourceFile:2052)
01-01 22:30:41.325   965  1274 D Error   : 	at rap.c(SourceFile:205)
01-01 22:30:41.325   965  1274 D Error   : 	at qzo.onTransact(SourceFile:150)
01-01 22:30:41.325   965  1274 D Error   : 	at android.os.Binder.execTransact(Binder.java:453)
01-01 22:30:41.325   965  1274 D Error   : # via Binder call with stack:
01-01 22:30:41.325   965  1274 D Error   : android.os.StrictMode$LogStackTrace
01-01 22:30:41.325   965  1274 D Error   : 	at android.os.StrictMode.readAndHandleBinderCallViolations(StrictMode.java:1911)
01-01 22:30:41.325   965  1274 D Error   : 	at android.os.Parcel.readExceptionCode(Parcel.java:1601)
01-01 22:30:41.325   965  1274 D Error   : 	at android.os.Parcel.readException(Parcel.java:1570)
01-01 22:30:41.325   965  1274 D Error   : 	at joh.c(SourceFile:111)
01-01 22:30:41.325   965  1274 D Error   : 	at ihg.equals(SourceFile:78)
01-01 22:30:41.325   965  1274 D Error   : 	at izd.b(SourceFile:245)
01-01 22:30:41.325   965  1274 D Error   : 	at izd.a(SourceFile:152)
01-01 22:30:41.325   965  1274 D Error   : 	at izd.b(SourceFile:137)
01-01 22:30:41.325   965  1274 D Error   : 	at izd.b(SourceFile:99)
01-01 22:30:41.325   965  1274 D Error   : 	at aefd.c(SourceFile:571)
01-01 22:30:41.325   965  1274 D Error   : 	at aefd.a(SourceFile:181)
01-01 22:30:41.325   965  1274 D Error   : 	at aefe.b(SourceFile:93)
01-01 22:30:41.325   965  1274 D Error   : 	at qmd.a(SourceFile:74)
01-01 22:30:41.325   965  1274 D Error   : 	at qjf.a(SourceFile:1278)
01-01 22:30:41.325   965  1274 D Error   : 	at rah.b(SourceFile:104)
01-01 22:30:41.325   965  1274 D Error   : 	at rah.a(Sour
01-01 22:30:41.325   965  1274 D Error   : ERR: TOTAL BYTES WRITTEN: 42892
01-01 22:30:41.325   965  1274 D StrictMode: Wrote violation #0 of 1: 42936 bytes
01-01 22:30:41.326   965  1274 D Error   : ERR: exClass=android.os.StrictMode$StrictModeDiskReadViolation
01-01 22:30:41.326   965  1274 D Error   : ERR: exMsg=policy=6815751 violation=2
01-01 22:30:41.326   965  1274 D Error   : ERR: file=StrictMode.java
01-01 22:30:41.326   965  1274 D Error   : ERR: class=android.os.StrictMode$AndroidBlockGuardPolicy
01-01 22:30:41.326   965  1274 D Error   : ERR: method=onReadFromDisk line=1263
01-01 22:30:41.326   965  1274 D Error   : ERR: stack=android.os.StrictMode$StrictModeDiskReadViolation: policy=6815751 violation=2
01-01 22:30:41.326   965  1274 D Error   : 	at android.os.StrictMode$AndroidBlockGuardPolicy.onReadFromDisk(StrictMode.java:1263)
01-01 22:30:41.326   965  1274 D Error   : 	at android.app.SharedPreferencesImpl.awaitLoadedLocked(SharedPreferencesImpl.java:203)
01-01 22:30:41.326   965  1274 D Error   : 	at android.app.SharedPreferencesImpl.getString(SharedPreferencesImpl.java:224)
01-01 22:30:41.326   965  1274 D Error   : 	at rah.a(SourceFile:60)
01-01 22:30:41.326   965  1274 D Error   : 	at rai.a(SourceFile:2052)
01-01 22:30:41.326   965  1274 D Error   : 	at rap.c(SourceFile:205)
01-01 22:30:41.326   965  1274 D Error   : 	at qzo.onTransact(SourceFile:150)
01-01 22:30:41.326   965  1274 D Error   : 	at android.os.Binder.execTransact(Binder.java:453)
01-01 22:30:41.326   965  1274 D Error   : # via Binder call with stack:
01-01 22:30:41.326   965  1274 D Error   : android.os.StrictMode$LogStackTrace
01-01 22:30:41.326   965  1274 D Error   : 	at android.os.StrictMode.readAndHandleBinderCallViolations(StrictMode.java:1911)
01-01 22:30:41.326   965  1274 D Error   : 	at android.os.Parcel.readExceptionCode(Parcel.java:1601)
01-01 22:30:41.326   965  1274 D Error   : 	at android.os.Parcel.readException(Parcel.java:1570)
01-01 22:30:41.326   965  1274 D Error   : 	at joh.c(SourceFile:111)
01-01 22:30:41.326   965  1274 D Error   : 	at ihg.equals(SourceFile:78)
01-01 22:30:41.326   965  1274 D Error   : 	at izd.b(SourceFile:245)
01-01 22:30:41.326   965  1274 D Error   : 	at izd.a(SourceFile:152)
01-01 22:30:41.326   965  1274 D Error   : 	at izd.b(SourceFile:137)
01-01 22:30:41.326   965  1274 D Error   : 	at izd.b(SourceFile:99)
01-01 22:30:41.326   965  1274 D Error   : 	at aefd.c(SourceFile:571)
01-01 22:30:41.326   965  1274 D Error   : 	at aefd.a(SourceFile:181)
01-01 22:30:41.326   965  1274 D Error   : 	at aefe.b(SourceFile:93)
01-01 22:30:41.326   965  1274 D Error   : 	at qmd.a(SourceFile:74)
01-01 22:30:41.326   965  1274 D Error   : 	at qjf.a(SourceFile:1278)
01-01 22:30:41.326   965  1274 D Error   : 	at rah.b(SourceFile:104)
01-01 22:30:41.326   965  1274 D Error   : 	at rah.a(SourceFile:72)
01-01 22:30:41.326   965  1274 D Error   : 	at rai.a(SourceFile:2052)
01-01 22:30:41.326   965  1274 D Error   : 	at rap.c(SourceFile:205)
01-01 22:30:41.326   965  1274 D Error   : 	at qzo.onTransact(SourceFile:150)
01-01 22:30:41.326   965  1274 D Error   : 	at android.os.Binder.execTransact(Binder.java:453)
01-01 22:30:41.326   965  1274 D Error   : # via Binder call with stack:
01-01 22:30:41.326   965  1274 D Error   : android.os.StrictMode$LogStackTrace
01-01 22:30:41.326   965  1274 D Error   : 	at android.os.StrictMode.readAndHandleBinderCallViolations(StrictMode.java:1911)
01-01 22:30:41.326   965  1274 D Error   : 	at android.os.Parcel.readExceptionCode(Parcel.java:1601)
01-01 22:30:41.326   965  1274 D Error   : 	at android.os.Parcel.readException(Parcel.java:1570)
01-01 22:30:41.326   965  1274 D Error   : 	at joh.c(SourceFile:111)
01-01 22:30:41.326   965  1274 D Error   : 	at ihg.equals(SourceFile:78)
01-01 22:30:41.326   965  1274 D Error   : 	at izd.b(SourceFile:245)
01-01 22:30:41.326   965  1274 D Error   : 	at izd.a(SourceFile:152)
01-01 22:30:41.326   965  1274 D Error   : 	at izd.b(SourceFile:137)
01-01 22:30:41.326   965  1274 D Error   : 	at izd.b(SourceFile:99)
01-01 22:30:41.326   965  1274 D Error   : 	at aefd.c(SourceFile:571)
01-01 22:30:41.326   965  1274 D Error   : 	at aefd.a(SourceFile:181)
01-01 22:30:41.326   965  1274 D Error   : 	at aefe.b(SourceFile:93)
01-01 22:30:41.326   965  1274 D Error   : 	at qmd.a(SourceFile:74)
01-01 22:30:41.326   965  1274 D Error   : 	at qjf.a(SourceFile:1278)
01-01 22:30:41.326   965  1274 D Error   : 	at rah.b(SourceFile:104)
01-01 22:30:41.326   965  1274 D Error   : 	at rah.a(SourceFile:72)
01-01 22:30:41.326   965  1274 D Error   : 	at rai.a(SourceFile:2052)
01-01 22:30:41.326   965  1274 D Error   : 	at rap.c(SourceFile:205)
01-01 22:30:41.326   965  1274 D Error   : 	at qzo.onTransact(SourceFile:150)
01-01 22:30:41.326   965  1274 D Error   : 	at android.os.Binder.execTransact(Binder.java:453)
01-01 22:30:41.326   965  1274 D Error   : # via Binder call with stack:
01-01 22:30:41.326   965  1274 D Error   : android.os.StrictMode$LogStackTrace
01-01 22:30:41.326   965  1274 D Error   : 	at android.os.StrictMode.readAndHandleBinderCallViolations(StrictMode.java:1911)
01-01 22:30:41.326   965  1274 D Error   : 	at android.os.Parcel.readExceptionCode(Parcel.java:1601)
01-01 22:30:41.326   965  1274 D Error   : 	at android.os.Parcel.readException(Parcel.java:1570)
01-01 22:30:41.326   965  1274 D Error   : 	at joh.c(SourceFile:111)
01-01 22:30:41.326   965  1274 D Error   : 	at ihg.equals(SourceFile:78)
01-01 22:30:41.326   965  1274 D Error   : 	at izd.b(SourceFile:245)
01-01 22:30:41.326   965  1274 D Error   : 	at izd.a(SourceFile:152)
01-01 22:30:41.326   965  1274 D Error   : 	at izd.b(SourceFile:137)
01-01 22:30:41.326   965  1274 D Error   : 	at izd.b(SourceFile:99)
01-01 22:30:41.326   965  1274 D Error   : 	at aefd.c(SourceFile:571)
01-01 22:30:41.326   965  1274 D Error   : 	at aefd.a(SourceFile:181)
01-01 22:30:41.326   965  1274 D Error   : 	at aefe.b(SourceFile:93)
01-01 22:30:41.326   965  1274 D Error   : 	at qmd.a(SourceFile:74)
01-01 22:30:41.326   965  1274 D Error   : 	at qjf.a(SourceFile:1278)
01-01 22:30:41.326   965  1274 D Error   : 	at rah.b(SourceFile:104)
01-01 22:30:41.326   965  1274 D Error   : 	at rah.a(SourceFile:72)
01-01 22:30:41.326   965  1274 D Error   : 	at rai.a(SourceFile:2052)
01-01 22:30:41.326   965  1274 D Error   : 	at rap.c(SourceFile:205)
01-01 22:30:41.326   965  1274 D Error   : 	at qzo.onTransact(SourceFile:150)
01-01 22:30:41.326   965  1274 D Error   : 	at android.os.Binder.execTransact(Binder.java:453)
01-01 22:30:41.326   965  1274 D Error   : # via Binder call with stack:
01-01 22:30:41.326   965  1274 D Error   : android.os.StrictMode$LogStackTrace
01-01 22:30:41.326   965  1274 D Error   : 	at android.os.StrictMode.readAndHandleBinderCallViolations(StrictMode.java:1911)
01-01 22:30:41.326   965  1274 D Error   : 	at android.os.Parcel.readExceptionCode(Parcel.java:1601)
01-01 22:30:41.326   965  1274 D Error   : 	at android.os.Parcel.readException(Parcel.java:1570)
01-01 22:30:41.326   965  1274 D Error   : 	at joh.c(SourceFile:111)
01-01 22:30:41.326   965  1274 D Error   : 	at ihg.equals(SourceFile:78)
01-01 22:30:41.326   965  1274 D Error   : 	at izd.b(SourceFile:245)
01-01 22:30:41.326   965  1274 D Error   : 	at izd.a(SourceFile:152)
01-01 22:30:41.326   965  1274 D Error   : 	at izd.b(SourceFile:137)
01-01 22:30:41.326   965  1274 D Error   : 	at izd.b(SourceFile:99)
01-01 22:30:41.326   965  1274 D Error   : 	at aefd.c(SourceFile:571)
01-01 22:30:41.326   965  1274 D Error   : 	at aefd.a(SourceFile:181)
01-01 22:30:41.326   965  1274 D Error   : 	at aefe.b(SourceFile:93)
01-01 22:30:41.326   965  1274 D Error   : 	at qmd.a(SourceFile:74)
01-01 22:30:41.326   965  1274 D Error   : 	at qjf.a(SourceFile:1278)
01-01 22:30:41.326   965  1274 D Error   : 	at rah.b(SourceFile:104)
01-01 22:30:41.326   965  1274 D Error   : 	at rah.a(SourceFile:72)
01-01 22:30:41.326   965  1274 D Error   : 	at rai.a(SourceFile:2052)
01-01 22:30:41.326   965  1274 D Error   : 	at rap.c(SourceFile:205)
01-01 22:30:41.326   965  1274 D Error   : 	at qzo.onTransact(SourceFile:150)
01-01 22:30:41.326   965  1274 D Error   : 	at android.os.Binder.execTransact(Binder.java:453)
01-01 22:30:41.326   965  1274 D Error   : # via Binder call with stack:
01-01 22:30:41.326   965  1274 D Error   : android.os.StrictMode$LogStackTrace
01-01 22:30:41.326   965  1274 D Error   : 	at android.os.StrictMode.readAndHandleBinderCallViolations(StrictMode.java:1911)
01-01 22:30:41.326   965  1274 D Error   : 	at android.os.Parcel.readExceptionCode(Parcel.java:1601)
01-01 22:30:41.326   965  1274 D Error   : 	at android.os.Parcel.readException(Parcel.java:1570)
01-01 22:30:41.326   965  1274 D Error   : 	at joh.c(SourceFile:111)
01-01 22:30:41.326   965  1274 D Error   : 	at ihg.equals(SourceFile:78)
01-01 22:30:41.326   965  1274 D Error   : 	at izd.b(SourceFile:245)
01-01 22:30:41.326   965  1274 D Error   : 	at izd.a(SourceFile:152)
01-01 22:30:41.326   965  1274 D Error   : 	at izd.b(SourceFile:137)
