--------- beginning of system
01-01 22:30:28.412   571   626 D ConnectivityService: Got NetworkFactory Messenger for Telephony
01-01 22:30:28.604   571   712 I ActivityManager: Start proc 925:android.process.acore/u0a2 for content provider com.android.providers.contacts/.ContactsProvider2
01-01 22:30:29.001   571   571 I WindowStateAnimator: createSurface WindowStateAnimator{c855ca5 KeyguardScrim}: mDrawState=DRAW_PENDING
01-01 22:30:29.001   571   571 V WindowManager: Changing surface while display frozen: Window{ee3959 u0 KeyguardScrim}
01-01 22:30:29.001   571   571 D WindowStateAnimator: rk_debug2 KeyguardScrim_Force_To_Dual
01-01 22:30:29.002   571   571 V WindowManager: Window{ee3959 u0 KeyguardScrim} forcing orientation to 5
01-01 22:30:29.002   571   571 V WindowManager: Resize reasons for w=Window{ee3959 u0 KeyguardScrim}:  contentInsetsChanged=false [0,0][0,0] visibleInsetsChanged=false [0,0][0,0] stableInsetsChanged=false [0,0][0,0] outsetsChanged=false [0,0][0,0] surfaceResized=false configChanged=true
01-01 22:30:29.002   571   571 V WindowManager: Changing surface while display frozen: Window{ee3959 u0 KeyguardScrim}
01-01 22:30:29.002   571   571 V WindowManager: Orientation start waiting for draw mDrawState=DRAW_PENDING in Window{ee3959 u0 KeyguardScrim}, surface Surface(name=KeyguardScrim_Force_To_Dual)
01-01 22:30:29.002   571   571 V WindowManager: Resizing window Window{ee3959 u0 KeyguardScrim} to 1920.0x1200.0
01-01 22:30:29.003   571   571 V WindowState: Reporting new frame to Window{ee3959 u0 KeyguardScrim}: Rect(0, 0 - 1920, 1200)
01-01 22:30:29.003   571   571 I WindowState: Sending new config to window Window{ee3959 u0 KeyguardScrim}: 1920.0x1200.0 / config={1.0 ?mcc?mnc en_US ldltr sw800dp w1280dp h800dp 240dpi xlrg land finger -keyb/v/h -nav/h s.4} overrideConfig={1.0 ?mcc?mnc ?locale ?layoutDir ?swdp ?wdp ?hdp ?density ?lsize ?long ?orien ?uimode ?night ?touch ?keyb/?/? ?nav/?}
01-01 22:30:29.003   571   571 I WindowState: Resizing Window{ee3959 u0 KeyguardScrim} WITH DRAW PENDING
01-01 22:30:29.020   571   592 V WindowStateAnimator: Orientation continue waiting for draw in Window{ee3959 u0 KeyguardScrim}
01-01 22:30:29.056   571   587 I SystemServiceManager: Starting phase 600
01-01 22:30:29.059   571   587 I BackupManagerService: Backup enabled => false
01-01 22:30:29.068   571   587 E InputMethodManagerService: Ignoring updateSystemUiLocked due to an invalid token. uid:1000 token:null
01-01 22:30:29.070   571   571 I Telecom : Class: TelecomSystem.INSTANCE being set
01-01 22:30:29.070   571   571 W ContextImpl: Calling a method in the system process without a qualified user: android.app.ContextImpl.startService:1221 android.content.ContextWrapper.startService:581 com.android.server.telecom.components.TelecomService.initializeTelecomSystem:107 com.android.server.telecom.components.TelecomService.onBind:46 android.app.ActivityThread.handleBindService:2904 
01-01 22:30:29.075   571   571 D ZenLog  : intercepted: -1|android|17040348|null|1000,alarmsOnly
01-01 22:30:29.075   571   571 V NotificationService: pkg=android canInterrupt=false intercept=true
01-01 22:30:29.075   571   571 D ZenLog  : intercepted: -1|android|17040354|null|1000,alarmsOnly
01-01 22:30:29.075   571   571 V NotificationService: pkg=android canInterrupt=false intercept=true
01-01 22:30:29.093   571   571 I ActivityManager: Start proc 967:com.android.providers.calendar/u0a1 for content provider com.android.providers.calendar/.CalendarProvider2
01-01 22:30:29.345   571   587 I ActivityManager: Start proc 986:com.android.inputmethod.latin/u0a29 for service com.android.inputmethod.latin/.LatinIME
01-01 22:30:29.345   571   587 V InputMethodManagerService: Adding window token: android.os.Binder@2a23a54
01-01 22:30:29.383   571   587 I ActivityManager: Start proc 1002:com.google.android.gms.persistent/u0a6 for service com.google.android.gms/com.google.android.location.network.NetworkLocationService
01-01 22:30:29.399   571   587 E LocationManagerService: FLP HAL not supported
01-01 22:30:29.407   571   587 E LocationManagerService: Hardware Activity-Recognition not supported.
01-01 22:30:29.430   571   587 I MmsServiceBroker: Delay connecting to MmsService until an API is called
01-01 22:30:29.432   571   587 I ActivityManager: Force stopping com.android.providers.media appid=10004 user=-1: vold reset
01-01 22:30:29.444   571   587 I ActivityManager: Start proc 1031:android.rockchip.update.service/u0a39 for broadcast android.rockchip.update.service/.RKUpdateReceiver
01-01 22:30:29.462   571   592 V WindowStateAnimator: Orientation continue waiting for draw in Window{ee3959 u0 KeyguardScrim}
01-01 22:30:29.518   571   571 V WindowStateAnimator: finishDrawingLocked: mDrawState=COMMIT_DRAW_PENDING WindowStateAnimator{c855ca5 KeyguardScrim} in Surface(name=KeyguardScrim_Force_To_Dual)
01-01 22:30:29.518   571   592 I WindowManager:   SURFACE SHOW (performShowLocked): Window{ee3959 u0 KeyguardScrim}
01-01 22:30:29.518   571   592 V WindowManager: Orientation not waiting for draw in Window{ee3959 u0 KeyguardScrim}, surface Surface(name=KeyguardScrim_Force_To_Dual)
01-01 22:30:29.571   571   571 V WiredAccessoryManager: init()
01-01 22:30:29.581   571   571 V WindowManager: updateRotationUnchecked(alwaysSendConfiguration=false)
01-01 22:30:29.582   571   571 V WindowManager: Deferring rotation, display is not enabled.
01-01 22:30:29.992   571   571 I ActivityManager: Start proc 1085:com.android.externalstorage/u0a5 for broadcast com.android.externalstorage/.MountReceiver
01-01 22:30:30.261   571   623 E WifiP2pService: Unable to change interface settings: java.lang.IllegalStateException: command '22 interface setcfg p2p0 0.0.0.0 0 up' failed with '400 22 Failed to set address (No such device)'
01-01 22:30:30.598   571   727 D ConnectivityService: listenForNetwork for Listen from uid/pid:1000/700 for NetworkRequest [ id=3, legacyType=-1, [ Capabilities: INTERNET&NOT_RESTRICTED&TRUSTED&NOT_VPN] ]
01-01 22:30:30.723   571   728 I StatusBarManagerService: registerStatusBar bar=com.android.internal.statusbar.IStatusBar$Stub$Proxy@e2a66eb
01-01 22:30:30.759   571   649 V KeyValueBackupJob: Scheduling k/v pass in 242 minutes
01-01 22:30:30.836   571   625 D WifiService: New client listening to asynchronous messages
01-01 22:30:31.118   571   583 D ConnectivityService: listenForNetwork for Listen from uid/pid:10014/686 for NetworkRequest [ id=4, legacyType=-1, [] ]
--------- beginning of main
01-01 22:30:31.175   224  1160 D AudioDecoder: decodeaudio AudioOutputMode : 0, SPDIF_MODE : -1, PlayerMode : 0
01-01 22:30:31.175   224  1160 D AudioDecoder: mStream->codec->channels = 1  mStream->codec->sample_rate = 48000
01-01 22:30:31.175   224  1160 D AudioDecoder: mStream->codec->channels = 1  mStream->codec->sample_rate = 48000
01-01 22:30:31.175   224  1160 D RockFFPlayer: createAudioDecoder: create audio decoder ok
01-01 22:30:31.175   224  1160 E RockFFPlayer: createVideoDecoder: no video stream
01-01 22:30:31.175   224  1160 E RockFFPlayer: createSubtitleDecoder: no subtitle stream
01-01 22:30:31.175   224  1160 E TraceThread: TraceThread::dumpTrace() FileName:/mnt/sdcard/trace_thread.log
01-01 22:30:31.175   224  1160 D RockFFPlayerBase: dumpStatus(): Preapared
01-01 22:30:31.175   224  1160 D RockFFPlayer: Sync master clock type - 1
01-01 22:30:31.175   224  1160 I RockFFPlayer: doPrepareFinish ok
01-01 22:30:31.175   224  1160 D RockFFPlayer: run : dequeueMessage Message 1 OK
01-01 22:30:31.175   224  1160 D RockFFPlayer: Messagecomplete type [1]
01-01 22:30:31.175   224  1160 D RockFFPlayer: run : Message 1 complete
01-01 22:30:31.175   224   632 E MediaPlayerFactory: 2019 03 30 -------- getPlayerType()111111111111 return FF_PLAYER !!!! 
01-01 22:30:31.175   224   632 I MediaPlayerFactory:  createFFPlayer
01-01 22:30:31.175   224   632 E FFPlayerHelper: isBDDirectory() ,path = /system/media/audio/ui/VideoStop.ogg
01-01 22:30:31.176   224   632 E FFPlayerHelper: isBDDirectory(): no BDMV
01-01 22:30:31.176   224  1161 D RockFFPlayer: enqueueMessage:sync wait ok
01-01 22:30:31.176   224  1161 D RockFFPlayer: send do-prepare message ok
01-01 22:30:31.176   224  1161 I RockFFPlayer: decodeMovie:getCurrentStatus() = 8
01-01 22:30:31.176   224   632 D RkMemConfig: RkMemConfig init
01-01 22:30:31.176   224  1161 D FFPlayerHelper: MediaServer is SP_FOREGROUND, tid=1161
01-01 22:30:31.176   224   632 E RockFFPlayerBase: FFMPlayerBase:eDisplayIdMain
01-01 22:30:31.176   224   632 D FFPlayerHelper: MediaServer is SP_FOREGROUND, tid=632
01-01 22:30:31.176   224   632 D RkBitstreamManager: RkBitStreamHelper
01-01 22:30:31.176   224   632 D RkExtensionPlayer: RkExtensionPlayer in
01-01 22:30:31.176   224   632 E RkExtensionPlayer: createDirectory(), path = /tmp/rk_ext_subtitle/
01-01 22:30:31.176   224   632 E RkExtensionPlayer: createDirectory(), create directory = /tmp/rk_ext_subtitle/ fail,reason = No such file or directory
01-01 22:30:31.176   224   632 E RkExtensionPlayer: createDirectory(), path = /data/rk_ext_subtitle/
01-01 22:30:31.176   224   632 E RkExtensionPlayer: createDirectory(), create directory = /data/rk_ext_subtitle/ fail,reason = Permission denied
01-01 22:30:31.176   224   632 E RkExtensionPlayer: createDirectory(), path = /data/media/0/rk_ext_subtitle/
01-01 22:30:31.176   224   632 E RkExtensionPlayer: createDirectory(), create directory = /data/media/0/rk_ext_subtitle/ fail,reason = Permission denied
01-01 22:30:31.176   224   632 D RkExtensionPlayer: checkDirectoryAccess: Found no Temp Subtile Directory
01-01 22:30:31.177   224   632 E TraceThread: TraceThread::randomUID() --> [UID=7ebda33b]
01-01 22:30:31.177   224  1163 E TraceThread:     VsyncReciver(tid = 2988763440)--> [UID=7ebda33b] VsyncReciver::startthread
01-01 22:30:31.177   224   632 E TraceThread:     RockFFPlayer(tid = 3000346928)--> [UID=7ebda33b] FFMPlayer Construction; object=0xb727f3b8
01-01 22:30:31.177   224   632 I RockFFPlayer: setDataSource in 0xb727f3b8
01-01 22:30:31.177   224   632 D RockFFPlayer: start:create thread
01-01 22:30:31.177   224  1164 D RockFFPlayer: RkMessageQueue::run()
01-01 22:30:31.177   224   632 D RockFFPlayer: start:create thread ok,mThreadStatus=0
01-01 22:30:31.177   224   632 D RockFFPlayer: enter enqueueMessage
01-01 22:30:31.177   224   632 D RockFFPlayer: enqueueMessage:****1
01-01 22:30:31.177   224   632 D RockFFPlayer: enqueueMessage:****2
01-01 22:30:31.177   224   632 D RockFFPlayer: enqueueMessage:****3
01-01 22:30:31.177   224   632 D RockFFPlayer: enqueueMessage:Message 1,set signal
01-01 22:30:31.177   224   632 D RockFFPlayer: enqueueMessage:sync wait
01-01 22:30:31.177   224  1164 D RockFFPlayer: deliverMessage 
01-01 22:30:31.177   224  1164 D RockFFPlayer: run : dequeueMessage Message 20
01-01 22:30:31.177   224  1164 D RockFFPlayer: CMD_CURRENTSTATUS
01-01 22:30:31.177   224  1164 D RockFFPlayerBase: dumpStatus(): Initialized
01-01 22:30:31.177   224  1164 D RockFFPlayer: run : dequeueMessage Message 20 OK
01-01 22:30:31.177   224  1164 D RockFFPlayer: Messagecomplete type [20]
01-01 22:30:31.177   224  1164 D RockFFPlayer: run : Message 20 complete
01-01 22:30:31.177   224   632 D RockFFPlayer: enqueueMessage:sync wait ok
01-01 22:30:31.177   224   632 D RockFFPlayer: prepareAsync in
01-01 22:30:31.177   224   632 D RockFFPlayerBase: dumpStatus(): Initialized
01-01 22:30:31.177   224   632 D RockFFPlayerBase: dumpStatus(): Preparing
01-01 22:30:31.177   224  1165 I FFPlayer_Version: ******************************************
01-01 22:30:31.177   224  1165 I FFPlayer_Version: 
01-01 22:30:31.177   224  1165 I FFPlayer_Version: starting main player: v2.1 2019-03-14-11:37:59.9a7e7b0a.Zho
01-01 22:30:31.177   224  1165 I FFPlayer_Version: ffplayer running on: rk3288
01-01 22:30:31.177   224  1165 I FFPlayer_Version: 
01-01 22:30:31.177   224  1165 I FFPlayer_Version: ******************************************
01-01 22:30:31.178   224  1165 I RockFFPlayer: setDataSource(url =/system/media/audio/ui/VideoStop.ogg)
01-01 22:30:31.178   224   632 D RockFFPlayer: prepareAsync ok
01-01 22:30:31.178   224  1165 E RockFFPlayerBase: openContext : in
01-01 22:30:31.178   224  1165 E RockFFPlayer: ffmpeg version v2.1: git-2019-01-24-3629521
01-01 22:30:31.178   224  1165 E RockFFPlayer: init_input:avio_open2 failed
01-01 22:30:31.178   224  1165 E RockFFPlayer: init_input failed
01-01 22:30:31.178   224  1165 I RockFFPlayer: avformat_open_input return fail
01-01 22:30:31.178   224  1165 D RkExtensionPlayer: openContext in
01-01 22:30:31.178   224  1165 D RkExtensionPlayer: ~RkExtensionPlayer in
01-01 22:30:31.178   224  1165 D RkExtensionPlayer: RkExtensionPlayer::closeExtendSubDecoder in
01-01 22:30:31.178   224  1165 E FFExtensionSource: ~FFExtensionSource in
01-01 22:30:31.178   224  1165 D RockFFPlayer: FFMediaSource context null. 
01-01 22:30:31.178   224  1165 E FFExtensionSource: ~FFExtensionSource out
01-01 22:30:31.178   224  1165 D RockFFPlayer: ~FFMediaSource
01-01 22:30:31.178   224  1165 D RockFFPlayer: FFMediaSource context null. 
01-01 22:30:31.178   224  1165 D RkExtensionPlayer: closeExtendSubDecoder out
01-01 22:30:31.178   224  1165 E RkExtensionPlayer: deleteAllFileInDirectory(), is not exist
01-01 22:30:31.178   224  1165 E RkExtensionPlayer: deleteAllFileInDirectory(),/tmp/rk_ext_subtitle/ is not exist
01-01 22:30:31.178   224  1165 E RkExtensionPlayer: deleteAllFileInDirectory(),/data/rk_ext_subtitle/ is not exist
01-01 22:30:31.178   224  1165 E RkExtensionPlayer: deleteAllFileInDirectory(),/data/media/0/rk_ext_subtitle/ is not exist
01-01 22:30:31.178   224  1165 E RockFFPlayerBase: Fail to open ExtendSubtitle Context
01-01 22:30:31.178   224  1165 E RockFFPlayerBase: openContext : out,ret = -2
01-01 22:30:31.178   224  1165 D RockFFPlayer: retry open context, 2 
01-01 22:30:31.178   224  1165 E RockFFPlayerBase: openContext : in
01-01 22:30:31.178   224  1165 E RockFFPlayer: ffmpeg version v2.1: git-2019-01-24-3629521
01-01 22:30:31.178   224  1165 E RockFFPlayer: init_input:avio_open2 failed
01-01 22:30:31.178   224  1165 E RockFFPlayer: init_input failed
01-01 22:30:31.178   224  1165 I RockFFPlayer: avformat_open_input return fail
01-01 22:30:31.178   224  1165 E RockFFPlayerBase: openContext : out,ret = -2
01-01 22:30:31.178   224  1165 D RockFFPlayer: retry open context, 5 
01-01 22:30:31.178   224  1165 E RockFFPlayerBase: openContext : in
01-01 22:30:31.178   224  1165 E RockFFPlayer: ffmpeg version v2.1: git-2019-01-24-3629521
01-01 22:30:31.178   224  1165 E RockFFPlayer: init_input:avio_open2 failed
01-01 22:30:31.178   224  1165 E RockFFPlayer: init_input failed
01-01 22:30:31.178   224  1165 I RockFFPlayer: avformat_open_input return fail
01-01 22:30:31.178   224  1165 E RockFFPlayerBase: openContext : out,ret = -2
01-01 22:30:31.178   224  1165 D RockFFPlayer: retry open context, 8 
01-01 22:30:31.178   224  1165 E RockFFPlayerBase: openContext : in
01-01 22:30:31.178   224  1165 E RockFFPlayer: ffmpeg version v2.1: git-2019-01-24-3629521
01-01 22:30:31.178   224  1165 E RockFFPlayer: init_input:avio_open2 failed
01-01 22:30:31.178   224  1165 E RockFFPlayer: init_input failed
01-01 22:30:31.178   224  1165 I RockFFPlayer: avformat_open_input return fail
01-01 22:30:31.178   224  1165 E RockFFPlayerBase: openContext : out,ret = -2
01-01 22:30:31.178   224  1165 D RockFFPlayer: retry open context, 11 
01-01 22:30:31.178   224  1165 E RockFFPlayerBase: openContext : in
01-01 22:30:31.178   224  1165 E RockFFPlayer: ffmpeg version v2.1: git-2019-01-24-3629521
01-01 22:30:31.179   224  1165 E RockFFPlayer: init_input:avio_open2 failed
01-01 22:30:31.179   224  1165 E RockFFPlayer: init_input failed
01-01 22:30:31.179   224  1165 I RockFFPlayer: avformat_open_input return fail
01-01 22:30:31.179   224  1165 E RockFFPlayerBase: openContext : out,ret = -2
01-01 22:30:31.179   224  1165 D RockFFPlayer: retry open context, 14 
01-01 22:30:31.179   224  1165 E MediaPlayer: error (1, -2147483648)
01-01 22:30:31.179   224  1165 D RockFFPlayer: startPlayer(): prepareDataSource error
01-01 22:30:31.179   224  1165 D RockFFPlayerBase: dumpStatus(): Error status
01-01 22:30:31.179   224  1165 E MediaPlayer: error (1, -2147483648)
01-01 22:30:31.180   224   632 I CameraClient: Opening camera 0
01-01 22:30:31.180   224   632 D CameraHal: camera_get_camera_info(1312): camera_get_camera_info(1312): camera_0 facing(0), orientation(90)
01-01 22:30:31.180   224   632 I CameraHal: camera_device_open(500): camera_device open
01-01 22:30:31.180   224   632 D CameraHal: gCameraHalLogLevel: 0
01-01 22:30:31.180   224   632 D CameraHal: CameraHal(133): it is a isp  camera
01-01 22:30:31.180   224   632 D CameraHal: Calling process is: /system/bin/mediaserver
01-01 22:30:31.181   224   632 I vpu_mem_pool: pid 224, open_vpu_memory_pool:473: success
01-01 22:30:31.181   224  1167 I vpu_mem_pool: pid 224, vpu_mem_allocator:717: vpu memory pool size (80000)
01-01 22:30:31.181   224  1167 I vpu_mem_pool: pid 224, vpu_mem_allocator:720: ion_alloc_fd success, memory fd 38
01-01 22:30:31.181   224  1167 I vpu_mem_pool: pid 224, vpu_mem_allocator:717: vpu memory pool size (160000)
01-01 22:30:31.181   224  1167 I vpu_mem_pool: pid 224, vpu_mem_allocator:720: ion_alloc_fd success, memory fd 39
01-01 22:30:31.181   224  1167 I vpu_mem_pool: pid 224, vpu_mem_allocator:717: vpu memory pool size (240000)
01-01 22:30:31.181   224  1167 I vpu_mem_pool: pid 224, vpu_mem_allocator:720: ion_alloc_fd success, memory fd 41
01-01 22:30:31.181   224  1167 I vpu_mem_pool: pid 224, vpu_mem_allocator:717: vpu memory pool size (320000)
01-01 22:30:31.181   224  1167 I vpu_mem_pool: pid 224, vpu_mem_allocator:720: ion_alloc_fd success, memory fd 43
01-01 22:30:31.181   224  1167 I vpu_mem_pool: pid 224, vpu_mem_allocator:717: vpu memory pool size (400000)
01-01 22:30:31.181   224  1167 I vpu_mem_pool: pid 224, vpu_mem_allocator:720: ion_alloc_fd success, memory fd 44
01-01 22:30:31.181   224  1167 I vpu_mem_pool: pid 224, vpu_mem_allocator:717: vpu memory pool size (480000)
01-01 22:30:31.181   224  1167 I vpu_mem_pool: pid 224, vpu_mem_allocator:720: ion_alloc_fd success, memory fd 45
01-01 22:30:31.181   224  1167 I vpu_mem_pool: pid 224, vpu_mem_allocator:717: vpu memory pool size (560000)
01-01 22:30:31.181   224  1167 I vpu_mem_pool: pid 224, vpu_mem_allocator:720: ion_alloc_fd success, memory fd 46
01-01 22:30:31.181   224  1167 I vpu_mem_pool: pid 224, vpu_mem_allocator:717: vpu memory pool size (640000)
01-01 22:30:31.181   224  1167 I vpu_mem_pool: pid 224, vpu_mem_allocator:720: ion_alloc_fd success, memory fd 47
01-01 22:30:31.181   224  1167 I vpu_mem_pool: pid 224, vpu_mem_allocator:717: vpu memory pool size (720000)
01-01 22:30:31.181   224  1167 I vpu_mem_pool: pid 224, vpu_mem_allocator:720: ion_alloc_fd success, memory fd 48
01-01 22:30:31.181   224  1167 I vpu_mem_pool: pid 224, vpu_mem_allocator:717: vpu memory pool size (800000)
01-01 22:30:31.181   224  1167 I vpu_mem_pool: pid 224, vpu_mem_allocator:720: ion_alloc_fd success, memory fd 49
01-01 22:30:31.184   224   632 E CameraHal_Marvin: CAMERIC_ISP_FLT_DRV: CamerIcIspFltSetFilterParameter: 444 (exit)
01-01 22:30:31.184   224   632 E CameraHal: disconnectCamera(1779): getFocusLimits failed!
01-01 22:30:31.207   700   700 E ThemeUtils: View class com.roboteam.teamy.lui.robostatusui.topbar.tabview.TabItemImageView is an AppCompat widget that can only be used with a Theme.AppCompat theme (or descendant).
01-01 22:30:31.211   700   700 E ThemeUtils: View class com.roboteam.teamy.lui.robostatusui.topbar.tabview.TabItemTelepresenceView is an AppCompat widget that can only be used with a Theme.AppCompat theme (or descendant).
01-01 22:30:31.212   700   700 E ThemeUtils: View class com.roboteam.teamy.lui.robostatusui.topbar.tabview.TabItemImageView is an AppCompat widget that can only be used with a Theme.AppCompat theme (or descendant).
01-01 22:30:31.216   700   700 E ThemeUtils: View class com.roboteam.teamy.lui.robostatusui.topbar.tabview.TabItemImageView is an AppCompat widget that can only be used with a Theme.AppCompat theme (or descendant).
01-01 22:30:31.219   571   582 I ActivityManager: Start proc 1178:com.google.process.gapps/u0a6 for content provider com.google.android.gsf/.gservices.GservicesProvider
01-01 22:30:31.221   700   700 E ThemeUtils: View class com.roboteam.teamy.lui.robostatusui.topbar.tabview.TabItemImageView is an AppCompat widget that can only be used with a Theme.AppCompat theme (or descendant).
01-01 22:30:31.226   700   700 E ThemeUtils: View class com.roboteam.teamy.lui.robostatusui.topbar.tabview.TabContactsImageView is an AppCompat widget that can only be used with a Theme.AppCompat theme (or descendant).
01-01 22:30:31.229   700   700 E ThemeUtils: View class com.roboteam.teamy.lui.robostatusui.topbar.tabview.TabItemImageView is an AppCompat widget that can only be used with a Theme.AppCompat theme (or descendant).
01-01 22:30:31.231   700   700 E ThemeUtils: View class com.roboteam.teamy.lui.robostatusui.topbar.tabview.TabItemImageView is an AppCompat widget that can only be used with a Theme.AppCompat theme (or descendant).
01-01 22:30:31.238   700   700 E ThemeUtils: View class androidx.appcompat.widget.AppCompatImageView is an AppCompat widget that can only be used with a Theme.AppCompat theme (or descendant).
01-01 22:30:31.245  1178  1178 W System  : ClassLoader referenced unknown path: /system/priv-app/GoogleServicesFramework/lib/arm
01-01 22:30:31.266   700   700 E ThemeUtils: View class androidx.appcompat.widget.AppCompatSeekBar is an AppCompat widget that can only be used with a Theme.AppCompat theme (or descendant).
01-01 22:30:31.269   700   700 E ThemeUtils: View class androidx.appcompat.widget.AppCompatTextView is an AppCompat widget that can only be used with a Theme.AppCompat theme (or descendant).
01-01 22:30:31.271   700   700 E ThemeUtils: View class androidx.appcompat.widget.AppCompatSeekBar is an AppCompat widget that can only be used with a Theme.AppCompat theme (or descendant).
01-01 22:30:31.272   700   700 E ThemeUtils: View class androidx.appcompat.widget.AppCompatTextView is an AppCompat widget that can only be used with a Theme.AppCompat theme (or descendant).
01-01 22:30:31.289   700   700 E ThemeUtils: View class androidx.appcompat.widget.AppCompatImageView is an AppCompat widget that can only be used with a Theme.AppCompat theme (or descendant).
01-01 22:30:31.291   700   700 E ThemeUtils: View class androidx.appcompat.widget.AppCompatTextView is an AppCompat widget that can only be used with a Theme.AppCompat theme (or descendant).
01-01 22:30:31.302   700   700 E ThemeUtils: View class androidx.appcompat.widget.AppCompatImageView is an AppCompat widget that can only be used with a Theme.AppCompat theme (or descendant).
01-01 22:30:31.304   700   700 E ThemeUtils: View class androidx.appcompat.widget.AppCompatTextView is an AppCompat widget that can only be used with a Theme.AppCompat theme (or descendant).
01-01 22:30:31.319  1178  1178 I GservicesProvider: Gservices pushing to system: true; secure/global: true
01-01 22:30:31.339   700  1192 W ActivityThread: ClassLoader.getResources: The class loader returned by Thread.getContextClassLoader() may fail for processes that host multiple applications. You should explicitly specify a context class loader. For example: Thread.setContextClassLoader(getClass().getClassLoader());
01-01 22:30:31.407  1178  1178 I GoogleHttpClient: GMS http client unavailable, use old client
01-01 22:30:31.417   986  1114 I LatinIME:LogUtils: Dictionary info: dictionary = userunigram.en_US ; version = 1293883231 ; date = ?
01-01 22:30:31.430   686  1126 I vol.Events: writeEvent mute_changed STREAM_ALARM true
01-01 22:30:31.434   224   632 E CameraHal_Marvin: IMX214: Sensor_IsiCheckSensorConnectionIss RevId = 0x00000000, value = 0x00000000 
01-01 22:30:31.435   224   632 D CameraHal_Marvin: 
01-01 22:30:31.435   224   632 D CameraHal_Marvin: 
01-01 22:30:31.435   224   632 D CameraHal_Marvin: 
01-01 22:30:31.435   224   632 D CameraHal_Marvin: CameraHal Version Check:
01-01 22:30:31.435   224   632 D CameraHal_Marvin:     CamSys_Head.h version: 
01-01 22:30:31.435   224   632 D CameraHal_Marvin:        kernel: (0x) v0.b.0
01-01 22:30:31.435   224   632 D CameraHal_Marvin:        libisp_siliconimage_isp.so: (0x) v0.b.0
01-01 22:30:31.435   224   632 D CameraHal_Marvin:     LibIsp version: 
01-01 22:30:31.435   224   632 D CameraHal_Marvin:        local: (0x) v1.36.0
01-01 22:30:31.435   224   632 D CameraHal_Marvin:        camera.rk30board.so: (0x) v1.36.0
01-01 22:30:31.435   224   632 D CameraHal_Marvin:     Sensor ISI version: 
01-01 22:30:31.435   224   632 D CameraHal_Marvin:         libisp_isi_drv_XXX: (0x) v0.c.0
01-01 22:30:31.435   224   632 D CameraHal_Marvin:         libisp_siliconimage_isp.so: (0x) v0.c.0
01-01 22:30:31.435   224   632 D CameraHal_Marvin:     Tunning XML version:
01-01 22:30:31.435   224   632 D CameraHal_Marvin:         libisp_isi_drv_XXX: (09-Jun-2015_ZYL-OYYF_IMX214_50013A7_v0.1.0)
01-01 22:30:31.435   224   632 D CameraHal_Marvin:         Calibdb: (09-Jun-2015_ZYL-OYYF_IMX214_putong_v0.1.0)
01-01 22:30:31.435   224   632 D CameraHal_Marvin:     sensor name IMX214: 
01-01 22:30:31.435   224   632 D CameraHal_Marvin:        sensor drv version: (0x) v0.6.0
01-01 22:30:31.435   224   632 D CameraHal_Marvin: 
01-01 22:30:31.435   224   632 D CameraHal_Marvin: 
01-01 22:30:31.435   224   632 D CameraHal_Marvin: 
01-01 22:30:31.435   224   632 E CameraHal_Marvin: CAM_API_CAMENGINE: Request 640x480, Exp(>= 0.000000), Fps(>= 15fps) 
01-01 22:30:31.435   224   632 E CameraHal_Marvin: CAM_API_CAMENGINE: getPreferedSensorRes is 2104x1560@25fps
01-01 22:30:31.435   224   632 D CameraHal: setupPreview(260): isp out put format is YUV420SP.
01-01 22:30:31.435   224   632 D CameraHal: setupPreview(272): Sensor output: 2104x1560 --(0,0,2104,1560)--> User request: 640x480
01-01 22:30:31.436   224   632 E CameraHal_Marvin: IMX214: Sensor_IsiCheckSensorConnectionIss RevId = 0x00000000, value = 0x00000000 
01-01 22:30:31.436   224   632 E CameraHal_Marvin: IMX214: Sensor_IsiSetupSensorIss (enter)
01-01 22:30:31.438  1002  1002 W System  : ClassLoader referenced unknown path: /system/priv-app/GMSCore/lib/arm
01-01 22:30:31.439  1002  1002 W System  : ClassLoader referenced unknown path: /system/priv-app/GMSCore/lib/arm
01-01 22:30:31.447   986  1114 I LatinIME:LogUtils: Dictionary info: dictionary = UserHistoryDictionary.en_US ; version = 1293883231 ; date = ?
01-01 22:30:31.467   925   940 D ContactDirectoryManager: Found com.android.exchange.directory.provider
01-01 22:30:31.479   571  1201 I ActivityManager: Start proc 1211:com.android.exchange/u0a23 for content provider com.android.exchange/.provider.ExchangeDirectoryProvider
01-01 22:30:31.499  1002  1002 W linker  : /system/priv-app/GMSCore/GMSCore.apk: unused DT entry: type 0x7ffffffd arg 0x4ed
01-01 22:30:31.511  1002  1002 W System  : ClassLoader referenced unknown path: /system/priv-app/GMSCore/lib/arm
01-01 22:30:31.512  1002  1002 W System  : ClassLoader referenced unknown path: /system/priv-app/GMSCore/lib/arm
01-01 22:30:31.540  1002  1002 W linker  : /system/priv-app/GMSCore/GMSCore.apk: unused DT entry: type 0x1d arg 0xef
01-01 22:30:31.540  1002  1002 W linker  : /system/priv-app/GMSCore/GMSCore.apk: unused DT entry: type 0x7ffffffd arg 0x1d8
01-01 22:30:31.546  1002  1002 V JNIHelp : Registering com/google/android/gms/org/conscrypt/NativeCrypto's 254 native methods...
01-01 22:30:31.553  1211  1211 W System  : ClassLoader referenced unknown path: /system/app/Exchange2/lib/arm
01-01 22:30:31.581   571   591 D BluetoothManagerService: Added callback: android.bluetooth.IBluetoothManagerCallback$Stub$Proxy@cca03ee:true
01-01 22:30:31.644   657   657 D RecoveryReceiver: RECOVERY_STATE_FILE_TF:/mnt/external_sd/Recovery_state
01-01 22:30:31.669   224   632 E CameraHal_Marvin: IMX214: Sensor_IsiSetupSensorIss: (exit)
01-01 22:30:31.672   224   632 E CameraHal_Marvin: HAL-MOCKUP: PHY ADDR (0x10000000),iommu addr (0x10000000)
01-01 22:30:31.674   224   632 E CameraHal_Marvin: HAL-MOCKUP: PHY ADDR (0x112ca000),iommu addr (0x112ca000)
01-01 22:30:31.677   224   632 E CameraHal_Marvin: HAL-MOCKUP: PHY ADDR (0x12594000),iommu addr (0x12594000)
01-01 22:30:31.679   224   632 E CameraHal_Marvin: HAL-MOCKUP: PHY ADDR (0x1385e000),iommu addr (0x1385e000)
01-01 22:30:31.679   224   632 E CameraHal_Marvin: IMX214: Sensor_IsiGetAfpsInfoHelperIss: (-----------oyyf enter) pAfpsInfo->AecMaxIntTime(0.000000) pSensorCtx->AecMaxIntegrationTime(0.039981)
01-01 22:30:31.689   224   632 E CameraHal_Marvin: IMX214: Sensor_IsiGetAfpsInfoHelperIss: (-----------oyyf exit) pAfpsInfo->AecMaxIntTime(0.033303) pSensorCtx->AecMaxIntegrationTime(0.033303)
01-01 22:30:31.689   224   632 E CameraHal_Marvin: IMX214: Sensor_IsiGetAfpsInfoHelperIss: (-----------oyyf enter) pAfpsInfo->AecMaxIntTime(0.033303) pSensorCtx->AecMaxIntegrationTime(0.033303)
01-01 22:30:31.700   224   632 E CameraHal_Marvin: IMX214: Sensor_IsiGetAfpsInfoHelperIss: (-----------oyyf exit) pAfpsInfo->AecMaxIntTime(0.039981) pSensorCtx->AecMaxIntegrationTime(0.039981)
01-01 22:30:31.700   224   632 E CameraHal_Marvin: IMX214: Sensor_IsiGetAfpsInfoHelperIss: (-----------oyyf enter) pAfpsInfo->AecMaxIntTime(0.039981) pSensorCtx->AecMaxIntegrationTime(0.039981)
01-01 22:30:31.710   224   632 E CameraHal_Marvin: IMX214: Sensor_IsiGetAfpsInfoHelperIss: (-----------oyyf exit) pAfpsInfo->AecMaxIntTime(0.049997) pSensorCtx->AecMaxIntegrationTime(0.049997)
01-01 22:30:31.710   224   632 E CameraHal_Marvin: IMX214: Sensor_IsiGetAfpsInfoHelperIss: (-----------oyyf enter) pAfpsInfo->AecMaxIntTime(0.049997) pSensorCtx->AecMaxIntegrationTime(0.049997)
01-01 22:30:31.720   224   632 E CameraHal_Marvin: IMX214: Sensor_IsiGetAfpsInfoHelperIss: (-----------oyyf exit) pAfpsInfo->AecMaxIntTime(0.066690) pSensorCtx->AecMaxIntegrationTime(0.066690)
01-01 22:30:31.720   224   632 E CameraHal_Marvin: IMX214: Sensor_IsiGetAfpsInfoHelperIss: (-----------oyyf enter) pAfpsInfo->AecMaxIntTime(0.066690) pSensorCtx->AecMaxIntegrationTime(0.066690)
01-01 22:30:31.730   224   632 E CameraHal_Marvin: IMX214: Sensor_IsiGetAfpsInfoHelperIss: (-----------oyyf exit) pAfpsInfo->AecMaxIntTime(0.100077) pSensorCtx->AecMaxIntegrationTime(0.100077)
01-01 22:30:31.731   224   632 E CameraHal_Marvin: CAMERIC_ISP_FLT_DRV: CamerIcIspFltSetFilterParameterRegValue: 333 (exit) oyyf s=6 d=3 sh0=28 sh1=20 min=22
01-01 22:30:31.731   224   632 E CameraHal_Marvin: ADPF: AdpfApplyConfiguration:111 filterenable(1.000000) gain(1.000000) denoise 3, sharp 6 frame_cnt:0
01-01 22:30:31.732   224   632 E CameraHal_Marvin: IMX214: Sensor_IsiMdiFocusGet: dw9714 value = 0x00 0x00
01-01 22:30:31.732   224   632 E CameraHal_Marvin: CAMERIC_ISP_FLT_DRV: CamerIcIspFltSetFilterParameter: 444 (exit)
01-01 22:30:31.734   224   632 E CameraHal_Marvin: IMX214: Sensor_IsiCheckSensorConnectionIss RevId = 0x00000000, value = 0x00000000 
01-01 22:30:31.736   224   632 E CameraHal_Marvin: IMX214: Sensor_IsiMdiFocusGet: dw9714 value = 0x00 0x00
01-01 22:30:31.736   224   632 D CameraHal: initDefaultParameters(962): ------mHardInfo.mVcmInfo.mVcmDrvName is BuiltInSensor-----
01-01 22:30:31.736   224   632 D CameraHal: initDefaultParameters(1224): Support Preview format: yuv420sp,yuv420p    yuv420sp(default)
01-01 22:30:31.736   224   632 D CameraHal: initDefaultParameters(1226): Support Preview sizes: 176x144,320x240,352x288,640x480,720x480,800x600,1600x1200,2048x1536,4208x3120,1280x720,1920x1080,2104x1560,2064x1548    2104x1560(default)    0x0(force)
01-01 22:30:31.736   224   632 D CameraHal: initDefaultParameters(1227): Support Preview FPS range: (3000,30000),(30000,30000)
01-01 22:30:31.736   224   632 D CameraHal: initDefaultParameters(1228): Support Preview framerate: 10,15,30
01-01 22:30:31.736   224   632 D CameraHal: initDefaultParameters(1229): Support Picture sizes: 4208x3120,4128x3096,3264x2448,2592x1944,1600x1200,640x480,352x288,320x240,176x144    4208x3120(default)
01-01 22:30:31.736   224   632 D CameraHal: initDefaultParameters(1230): Support Focus: fixed,auto,continuous-video,continuous-picture  Focus zone: 1
01-01 22:30:31.736   224   632 D CameraHal: initDefaultParameters(1233): Support AWB: auto,incandescent,fluorescent,daylight 
01-01 22:30:31.736   224   632 D CameraHal: initDefaultParameters(1234): Support FOV test h(60.000000) v(60.000000)
01-01 22:30:31.736   224  1234 D CameraHal: commandThread(1011): commandThread(1011): receive CMD_PREVIEW_CAPTURE_CANCEL
01-01 22:30:31.737   224  1234 D CameraHal: commandThread(1019): commandThread(1019): CMD_PREVIEW_CAPTURE_CANCEL out
01-01 22:30:31.737   224   632 D CameraHal: cancelPicture(588): cancel picture OK.
01-01 22:30:31.737   224  1234 D CameraHal: commandThread(939): commandThread(939):receive CMD_PREVIEW_STOP
01-01 22:30:31.737   224  1234 D CameraHal: commandThread(960): commandThread(960): CMD_PREVIEW_STOP out
01-01 22:30:31.737   224   632 D CameraHal: stopPreview(389): stop preview OK.
01-01 22:30:31.737   224  1234 D CameraHal: commandThread(1011): commandThread(1011): receive CMD_PREVIEW_CAPTURE_CANCEL
01-01 22:30:31.738   224  1234 D CameraHal: commandThread(1019): commandThread(1019): CMD_PREVIEW_CAPTURE_CANCEL out
01-01 22:30:31.738   224   632 D CameraHal: cancelPicture(588): cancel picture OK.
01-01 22:30:31.738   224   632 I CameraFlashlight: Destroying camera 0
01-01 22:30:31.738   224   632 D CameraHal: camera_device_close(451): camera_device_close
01-01 22:30:31.738   224  1166 D CameraHal: displayThread(622): displayThread(622): receive CMD_DISPLAY_STOP
01-01 22:30:31.738   224  1166 D CameraHal: cameraDisplayBufferDestory(399): cameraDisplayBufferDestory(399): mANativeWindow is NULL, destory is ignore
01-01 22:30:31.738   224  1169 D CameraHal: encProcessThread(1658): encProcessThread(1658): receive CMD_ENCPROCESS_EXIT
01-01 22:30:31.738   224   632 I vpu_mem_pool: pid 224, close_vpu_memory_pool:501: vpu memory pool size (720000)
01-01 22:30:31.738   224   632 I vpu_mem_pool: pid 224, close_vpu_memory_pool:501: vpu memory pool size (640000)
01-01 22:30:31.738   224   632 I vpu_mem_pool: pid 224, close_vpu_memory_pool:501: vpu memory pool size (560000)
01-01 22:30:31.738   224   632 I vpu_mem_pool: pid 224, close_vpu_memory_pool:501: vpu memory pool size (480000)
01-01 22:30:31.738   224   632 I vpu_mem_pool: pid 224, close_vpu_memory_pool:501: vpu memory pool size (400000)
01-01 22:30:31.738   224   632 I vpu_mem_pool: pid 224, close_vpu_memory_pool:501: vpu memory pool size (320000)
01-01 22:30:31.738   224   632 I vpu_mem_pool: pid 224, close_vpu_memory_pool:501: vpu memory pool size (240000)
01-01 22:30:31.738   224   632 I vpu_mem_pool: pid 224, close_vpu_memory_pool:501: vpu memory pool size (160000)
01-01 22:30:31.738   224   632 I vpu_mem_pool: pid 224, close_vpu_memory_pool:501: vpu memory pool size (80000)
01-01 22:30:31.738   224   632 I vpu_mem_pool: pid 224, close_vpu_memory_pool:501: vpu memory pool size (0)
01-01 22:30:31.738   224   632 I vpu_mem_pool: pid 224, close_vpu_memory_pool:552: 
01-01 22:30:31.793   986  1114 I LatinIME:LogUtils: Dictionary info: dictionary = main:en ; version = 54 ; date = 1414726273
01-01 22:30:31.845   224   632 E CameraHal_Marvin: IMX214:  STREAM OFF ++++++++++++++
01-01 22:30:31.857   224  1234 D CameraHal: commandThread(1124): commandThread(1124): receive CMD_EXIT
01-01 22:30:31.857   224   632 D CameraHal: ~CameraHal(302): CameraHal destory success
01-01 22:30:31.858   224   632 I CameraService: disconnect: Disconnected client for camera 0 for PID 224
01-01 22:30:31.858   224   632 D RockFFPlayer: reset: in
01-01 22:30:31.858   224   632 D RockFFPlayerBase: dumpStatus(): Preapared
01-01 22:30:31.858   224   632 D RockFFPlayer: reset: stop_l in
01-01 22:30:31.858   224   632 D RockFFPlayer: stop_l: in
01-01 22:30:31.858   224   632 D RockFFPlayer: enter enqueueMessage
01-01 22:30:31.858   224   632 D RockFFPlayer: enqueueMessage:****1
01-01 22:30:31.858   224   632 D RockFFPlayer: enqueueMessage:****2
01-01 22:30:31.858   224   632 D RockFFPlayer: enqueueMessage:****3
01-01 22:30:31.858   224   632 D RockFFPlayer: enqueueMessage:Message 1,set signal
01-01 22:30:31.858   224   632 D RockFFPlayer: enqueueMessage:sync wait
01-01 22:30:31.858   224  1155 D RockFFPlayer: deliverMessage 
01-01 22:30:31.858   224  1155 D RockFFPlayer: run : dequeueMessage Message 4
01-01 22:30:31.858   224  1155 D RockFFPlayer: CMD_STOP
01-01 22:30:31.858   224  1155 D RockFFPlayer: doStop: in
01-01 22:30:31.858   224  1155 D RockFFPlayerBase: dumpStatus(): Preapared
01-01 22:30:31.858   224  1155 D RockFFPlayerBase: dumpStatus(): Stopped
01-01 22:30:31.858   224  1155 D RockFFPlayer: doRelease: in
01-01 22:30:31.858   224  1155 I FFIDecoder: waiting on end of decoder thread
01-01 22:30:31.858   224  1155 E FFMpegThread: DecoderAudio,wait
01-01 22:30:31.858   224  1155 E RockFFPlayerBase: FFMPlayerBase::flushRenderQueue in
01-01 22:30:31.858   224  1155 E RockFFPlayerBase: FFMPlayerBase::flushRenderQueue out
01-01 22:30:31.858   224  1155 D RockFFPlayer: doRelease: ok
01-01 22:30:31.858   224  1155 D RockFFPlayer: doStop: ok
01-01 22:30:31.858   224  1155 D RockFFPlayer: run : dequeueMessage Message 4 OK
01-01 22:30:31.858   224  1155 D RockFFPlayer: Messagecomplete type [4]
01-01 22:30:31.859   224  1155 D RockFFPlayer: run : Message 4 complete
01-01 22:30:31.859   224   632 D RockFFPlayer: enqueueMessage:sync wait ok
01-01 22:30:31.859   224   632 D RockFFPlayer: stop_l: clear queue ok
01-01 22:30:31.859   224   632 D RockFFPlayer: stop_l: create cancel thread ok
01-01 22:30:31.859   224  1238 D RockFFPlayer: CancelThread: in
01-01 22:30:31.859   224   632 D RockFFPlayer: stop_l: ok
01-01 22:30:31.859   224   632 D RockFFPlayer: enter enqueueMessage
01-01 22:30:31.859   224   632 D RockFFPlayer: enqueueMessage:****1
01-01 22:30:31.859   224   632 D RockFFPlayer: enqueueMessage:****2
01-01 22:30:31.859   224   632 D RockFFPlayer: enqueueMessage:****3
01-01 22:30:31.859   224   632 D RockFFPlayer: enqueueMessage:Message 1,set signal
01-01 22:30:31.859   224   632 D RockFFPlayer: enqueueMessage:sync wait
01-01 22:30:31.859   224  1155 D RockFFPlayer: deliverMessage 
01-01 22:30:31.859   224  1155 D RockFFPlayer: run : dequeueMessage Message 11
01-01 22:30:31.859   224  1155 D RockFFPlayer: CMD_RESET
01-01 22:30:31.859   224  1155 D RockFFPlayerBase: dumpStatus(): Idle
01-01 22:30:31.859   224  1155 D RockFFPlayer: doReset ok
01-01 22:30:31.859   224  1155 D RockFFPlayer: run : dequeueMessage Message 11 OK
01-01 22:30:31.859   224  1155 D RockFFPlayer: Messagecomplete type [11]
01-01 22:30:31.859   224  1155 D RockFFPlayer: run : Message 11 complete
01-01 22:30:31.859   224   632 D RockFFPlayer: enqueueMessage:sync wait ok
01-01 22:30:31.859   224   632 D RockFFPlayer: reset: do reset ok
01-01 22:30:31.859   224  1155 D RockFFPlayer: signal thread out
01-01 22:30:31.859   224  1155 D RockFFPlayer: sched_thread out
01-01 22:30:31.859   224   632 D RockFFPlayer: stop:wait is ok
01-01 22:30:31.859   224   632 D RockFFPlayer: stop:ok
01-01 22:30:31.859   224   632 D RockFFPlayer: ~RkMessageQueue
01-01 22:30:31.859   224   632 D RockFFPlayer: reset: reset ok
01-01 22:30:31.859   224   632 E FFPlayer: ~FFPlayer
01-01 22:30:31.859   224   632 D RockFFPlayer: reset: in
01-01 22:30:31.859   224   632 D RockFFPlayerBase: dumpStatus(): Idle
01-01 22:30:31.859   224   632 D RockFFPlayer: reset: in idle status, already reset
01-01 22:30:31.859   224   632 D RockFFPlayer: ~FFMPlayer in
01-01 22:30:31.859   224   632 D RockFFPlayer: reset: in
01-01 22:30:31.859   224   632 D RockFFPlayerBase: dumpStatus(): Idle
01-01 22:30:31.859   224   632 D RockFFPlayer: reset: in idle status, already reset
01-01 22:30:31.859   224  1156 I RockFFPlayer: readthread end of playing
01-01 22:30:31.859   224  1238 D FFMpegThread: DecoderAudio:~PlayerThread enter mThreadStatus=-1
01-01 22:30:31.860   224  1238 E RockFFPlayerBase: closeContext : in
01-01 22:30:31.860   224  1238 E RockFFPlayerBase: closeContext : out
01-01 22:30:31.860   224  1238 D RockFFPlayer: CancelThread: ok
01-01 22:30:31.860   224   632 D RockFFPlayer: ~FFMediaSource
01-01 22:30:31.860   224   632 D RockFFPlayer: FFMediaSource context null. 
01-01 22:30:31.860   224   632 E TraceThread:     VsyncReciver(tid = 2998147376)--> [UID=7ebda33b] pthread_join begin-->player = 0xb71b6f20
01-01 22:30:31.870  1002  1002 I ProviderInstaller: Installed default security provider GmsCore_OpenSSL
01-01 22:30:31.873   224   632 E TraceThread:     VsyncReciver(tid = 2998147376)--> [UID=7ebda33b] pthread_join   end-->player = 0xb71b6f20
01-01 22:30:31.873   224   632 D VsyncReciver: stop_l:vsyncThread down
01-01 22:30:31.873   224   632 E TraceThread:     RockFFPlayer(tid = 3000346928)--> [UID=7ebda33b] ~FFMPlayer Destruction; object=0xb71b6f20
01-01 22:30:31.874   224   632 D RockFFPlayer: ~FFMPlayer ok
01-01 22:30:31.874   224   632 D RockFFPlayerBase: ~FFMPlayerBase(():mDequeueThread down
01-01 22:30:31.874   224   632 D RockFFPlayerBase: ~RkMessageHandler
01-01 22:30:31.874   224   632 D RockFFPlayer: reset: in
01-01 22:30:31.874   224   632 D RockFFPlayerBase: dumpStatus(): Preapared
01-01 22:30:31.874   224   632 D RockFFPlayer: reset: stop_l in
01-01 22:30:31.874   224   632 D RockFFPlayer: stop_l: in
01-01 22:30:31.874   224   632 D RockFFPlayer: enter enqueueMessage
01-01 22:30:31.874   224   632 D RockFFPlayer: enqueueMessage:****1
01-01 22:30:31.874   224   632 D RockFFPlayer: enqueueMessage:****2
01-01 22:30:31.874   224   632 D RockFFPlayer: enqueueMessage:****3
01-01 22:30:31.874   224   632 D RockFFPlayer: enqueueMessage:Message 1,set signal
01-01 22:30:31.874   224   632 D RockFFPlayer: enqueueMessage:sync wait
01-01 22:30:31.874   224  1160 D RockFFPlayer: deliverMessage 
01-01 22:30:31.874   224  1160 D RockFFPlayer: run : dequeueMessage Message 4
01-01 22:30:31.874   224  1160 D RockFFPlayer: CMD_STOP
01-01 22:30:31.874   224  1160 D RockFFPlayer: doStop: in
01-01 22:30:31.874   224  1160 D RockFFPlayerBase: dumpStatus(): Preapared
01-01 22:30:31.874   224  1160 D RockFFPlayerBase: dumpStatus(): Stopped
01-01 22:30:31.874   224  1160 D RockFFPlayer: doRelease: in
01-01 22:30:31.874   224  1160 I FFIDecoder: waiting on end of decoder thread
01-01 22:30:31.874   224  1160 E FFMpegThread: DecoderAudio,wait
01-01 22:30:31.874   224  1160 E RockFFPlayerBase: FFMPlayerBase::flushRenderQueue in
01-01 22:30:31.874   224  1160 E RockFFPlayerBase: FFMPlayerBase::flushRenderQueue out
01-01 22:30:31.874   224  1160 D RockFFPlayer: doRelease: ok
01-01 22:30:31.874   224  1160 D RockFFPlayer: doStop: ok
01-01 22:30:31.874   224  1160 D RockFFPlayer: run : dequeueMessage Message 4 OK
01-01 22:30:31.874   224  1160 D RockFFPlayer: Messagecomplete type [4]
01-01 22:30:31.874   224  1160 D RockFFPlayer: run : Message 4 complete
01-01 22:30:31.874   224   632 D RockFFPlayer: enqueueMessage:sync wait ok
01-01 22:30:31.874   224   632 D RockFFPlayer: stop_l: clear queue ok
01-01 22:30:31.874   224  1239 D RockFFPlayer: CancelThread: in
01-01 22:30:31.874   224   632 D RockFFPlayer: stop_l: create cancel thread ok
01-01 22:30:31.874   224   632 D RockFFPlayer: stop_l: ok
01-01 22:30:31.874   224   632 D RockFFPlayer: enter enqueueMessage
01-01 22:30:31.874   224   632 D RockFFPlayer: enqueueMessage:****1
01-01 22:30:31.874   224   632 D RockFFPlayer: enqueueMessage:****2
01-01 22:30:31.874   224   632 D RockFFPlayer: enqueueMessage:****3
01-01 22:30:31.874   224   632 D RockFFPlayer: enqueueMessage:Message 1,set signal
01-01 22:30:31.874   224   632 D RockFFPlayer: enqueueMessage:sync wait
01-01 22:30:31.874   224  1160 D RockFFPlayer: deliverMessage 
01-01 22:30:31.874   224  1160 D RockFFPlayer: run : dequeueMessage Message 11
01-01 22:30:31.874   224  1160 D RockFFPlayer: CMD_RESET
01-01 22:30:31.874   224  1160 D RockFFPlayerBase: dumpStatus(): Idle
01-01 22:30:31.874   224  1160 D RockFFPlayer: doReset ok
01-01 22:30:31.874   224  1160 D RockFFPlayer: run : dequeueMessage Message 11 OK
01-01 22:30:31.874   224  1160 D RockFFPlayer: Messagecomplete type [11]
01-01 22:30:31.875   224  1160 D RockFFPlayer: run : Message 11 complete
01-01 22:30:31.875   224   632 D RockFFPlayer: enqueueMessage:sync wait ok
01-01 22:30:31.875   224   632 D RockFFPlayer: reset: do reset ok
01-01 22:30:31.875   224  1160 D RockFFPlayer: signal thread out
01-01 22:30:31.875   224  1160 D RockFFPlayer: sched_thread out
01-01 22:30:31.875   224   632 D RockFFPlayer: stop:wait is ok
01-01 22:30:31.875   224   632 D RockFFPlayer: stop:ok
01-01 22:30:31.875   224   632 D RockFFPlayer: ~RkMessageQueue
01-01 22:30:31.875   224   632 D RockFFPlayer: reset: reset ok
01-01 22:30:31.875   224   632 E FFPlayer: ~FFPlayer
01-01 22:30:31.875   224   632 D RockFFPlayer: reset: in
01-01 22:30:31.875   224   632 D RockFFPlayerBase: dumpStatus(): Idle
01-01 22:30:31.875   224   632 D RockFFPlayer: reset: in idle status, already reset
01-01 22:30:31.875   224   632 D RockFFPlayer: ~FFMPlayer in
01-01 22:30:31.875   224   632 D RockFFPlayer: reset: in
01-01 22:30:31.875   224   632 D RockFFPlayerBase: dumpStatus(): Idle
01-01 22:30:31.875   224   632 D RockFFPlayer: reset: in idle status, already reset
01-01 22:30:31.875   224  1161 I RockFFPlayer: readthread end of playing
01-01 22:30:31.875   224  1239 D FFMpegThread: DecoderAudio:~PlayerThread enter mThreadStatus=-1
01-01 22:30:31.876   224  1239 E RockFFPlayerBase: closeContext : in
01-01 22:30:31.876   224  1239 E RockFFPlayerBase: closeContext : out
01-01 22:30:31.876   224  1239 D RockFFPlayer: CancelThread: ok
01-01 22:30:31.876   224   632 D RockFFPlayer: ~FFMediaSource
01-01 22:30:31.876   224   632 D RockFFPlayer: FFMediaSource context null. 
01-01 22:30:31.876   224   632 E TraceThread:     VsyncReciver(tid = 2992941360)--> [UID=7ebda33b] pthread_join begin-->player = 0xb722c088
01-01 22:30:31.878   571   699 W art     : Long monitor contention event with owner method=void com.android.server.pm.UserManagerService$MainHandler.handleMessage(android.os.Message) from UserManagerService.java:2044 waiters=0 for 289ms
01-01 22:30:31.878   571   728 W art     : Long monitor contention event with owner method=void com.android.server.pm.UserManagerService$MainHandler.handleMessage(android.os.Message) from UserManagerService.java:2044 waiters=1 for 287ms
01-01 22:30:31.879   571   582 W art     : Long monitor contention event with owner method=void com.android.server.pm.UserManagerService$MainHandler.handleMessage(android.os.Message) from UserManagerService.java:2044 waiters=2 for 280ms
01-01 22:30:31.891   224   632 E TraceThread:     VsyncReciver(tid = 2992941360)--> [UID=7ebda33b] pthread_join   end-->player = 0xb722c088
01-01 22:30:31.891   224   632 D VsyncReciver: stop_l:vsyncThread down
01-01 22:30:31.891   224   632 E TraceThread:     RockFFPlayer(tid = 3000346928)--> [UID=7ebda33b] ~FFMPlayer Destruction; object=0xb722c088
01-01 22:30:31.891   224   632 D RockFFPlayer: ~FFMPlayer ok
01-01 22:30:31.892   224   632 D RockFFPlayerBase: ~FFMPlayerBase(():mDequeueThread down
01-01 22:30:31.892   224   632 D RockFFPlayerBase: ~RkMessageHandler
01-01 22:30:31.892   224   632 D RockFFPlayer: reset: in
01-01 22:30:31.892   224   632 D RockFFPlayerBase: dumpStatus(): Error status
01-01 22:30:31.892   224   632 D RockFFPlayer: reset: stop_l in
01-01 22:30:31.892   224   632 D RockFFPlayer: stop_l: in
01-01 22:30:31.892   224   632 D RockFFPlayer: enter enqueueMessage
01-01 22:30:31.892   224   632 D RockFFPlayer: enqueueMessage:****1
01-01 22:30:31.892   224   632 D RockFFPlayer: enqueueMessage:****2
01-01 22:30:31.892   224   632 D RockFFPlayer: enqueueMessage:****3
01-01 22:30:31.892   224   632 D RockFFPlayer: enqueueMessage:Message 1,set signal
01-01 22:30:31.892   224   632 D RockFFPlayer: enqueueMessage:sync wait
01-01 22:30:31.892   224  1164 D RockFFPlayer: deliverMessage 
01-01 22:30:31.892   224  1164 D RockFFPlayer: run : dequeueMessage Message 4
01-01 22:30:31.892   224  1164 D RockFFPlayer: CMD_STOP
01-01 22:30:31.892   224  1164 D RockFFPlayer: doStop: in
01-01 22:30:31.892   224  1164 D RockFFPlayerBase: dumpStatus(): Error status
01-01 22:30:31.892   224  1164 D RockFFPlayerBase: dumpStatus(): Stopped
01-01 22:30:31.892   224  1164 D RockFFPlayer: doRelease: in
01-01 22:30:31.892   224  1164 D RockFFPlayer: FFMediaSource setExit, but context null
01-01 22:30:31.892   224  1164 E RockFFPlayerBase: FFMPlayerBase::flushRenderQueue in
01-01 22:30:31.892   224  1164 E RockFFPlayerBase: FFMPlayerBase::flushRenderQueue out
01-01 22:30:31.892   224  1164 D RockFFPlayer: doRelease: ok
01-01 22:30:31.892   224  1164 D RockFFPlayer: doStop: ok
01-01 22:30:31.892   224  1164 D RockFFPlayer: run : dequeueMessage Message 4 OK
01-01 22:30:31.892   224  1164 D RockFFPlayer: Messagecomplete type [4]
01-01 22:30:31.892   224  1164 D RockFFPlayer: run : Message 4 complete
01-01 22:30:31.892   224   632 D RockFFPlayer: enqueueMessage:sync wait ok
01-01 22:30:31.892   224   632 D RockFFPlayer: stop_l: clear queue ok
01-01 22:30:31.892   224   632 D RockFFPlayer: stop_l: create cancel thread ok
01-01 22:30:31.892   224  1241 D RockFFPlayer: CancelThread: in
01-01 22:30:31.892   224   632 D RockFFPlayer: stop_l: ok
