12-16 13:52:37.346   569   590 I WindowManager:   SURFACE SHOW (performShowLocked): Window{1146248 u0 com.roboteam.teamy.usa/com.roboteam.teamy.home.HomeActivity}
12-16 13:52:37.348   569   590 V WindowManager: Done at AppWindowToken{c94a2d5 token=Token{6826b8c ActivityRecord{6d198bf u0 com.roboteam.teamy.usa/com.roboteam.teamy.home.HomeActivity t230}}} -- full screen, return 0
12-16 13:52:37.361   569   590 E WindowManager: Unknown window type: 2999
12-16 13:52:37.381   569   590 E WindowManager: Unknown window type: 2999
12-16 13:52:37.396   569   590 E WindowManager: Unknown window type: 2999
12-16 13:52:37.396   187   201 D gralloc : Isfb=0, [1200,1920,1200,4800], fmt=1, byte_stride=4800
12-16 13:52:37.403   569   583 V WindowManager: Done at AppWindowToken{c94a2d5 token=Token{6826b8c ActivityRecord{6d198bf u0 com.roboteam.teamy.usa/com.roboteam.teamy.home.HomeActivity t230}}} -- full screen, return 0
12-16 13:52:37.406   569  1159 V WindowManager: Done at AppWindowToken{c94a2d5 token=Token{6826b8c ActivityRecord{6d198bf u0 com.roboteam.teamy.usa/com.roboteam.teamy.home.HomeActivity t230}}} -- full screen, return 0
12-16 13:52:37.414   569   590 E WindowManager: Unknown window type: 2999
12-16 13:52:37.430   569   924 I WindowStateAnimator: createSurface WindowStateAnimator{8f2c777 }: mDrawState=DRAW_PENDING
12-16 13:52:37.440   569   924 V WindowManager: Done at AppWindowToken{c94a2d5 token=Token{6826b8c ActivityRecord{6d198bf u0 com.roboteam.teamy.usa/com.roboteam.teamy.home.HomeActivity t230}}} -- full screen, return 0
12-16 13:52:37.441   569   924 V WindowManager: Resize reasons for w=Window{9e6f838 u0 com.roboteam.teamy.usa}:  contentInsetsChanged=false [0,0][0,0] visibleInsetsChanged=false [0,0][0,0] stableInsetsChanged=false [0,0][0,0] outsetsChanged=false [0,0][0,0] surfaceResized=true configChanged=true
12-16 13:52:37.441   569   924 V WindowManager: Resizing window Window{9e6f838 u0 com.roboteam.teamy.usa} to 1920.0x98.0
12-16 13:52:37.456   569   924 V WindowState: Reporting new frame to Window{9e6f838 u0 com.roboteam.teamy.usa}: Rect(0, 0 - 1920, 98)
12-16 13:52:37.456   569   924 I WindowState: Sending new config to window Window{9e6f838 u0 com.roboteam.teamy.usa}: 1920.0x98.0 / config={1.0 ?mcc?mnc en_US ldltr sw800dp w1280dp h800dp 240dpi xlrg land finger -keyb/v/h -nav/h s.4} overrideConfig={1.0 ?mcc?mnc ?locale ?layoutDir ?swdp ?wdp ?hdp ?density ?lsize ?long ?orien ?uimode ?night ?touch ?keyb/?/? ?nav/?}
12-16 13:52:37.456   569   924 I WindowState: Resizing Window{9e6f838 u0 com.roboteam.teamy.usa} WITH DRAW PENDING
12-16 13:52:37.459   569   590 E WindowManager: Unknown window type: 2999
12-16 13:52:37.460   897  1676 D Surface : Surface::final mReqUsage=a00
12-16 13:52:37.461   897  1676 D mali_winsys: EGLint new_window_surface(egl_winsys_display*, void*, EGLSurface, EGLConfig, egl_winsys_surface**, egl_color_buffer_format*, EGLBoolean) returns 0x3000
12-16 13:52:37.463   187   201 D gralloc : Isfb=0, [1920,98,1920,7680], fmt=1, byte_stride=7680
12-16 13:52:37.464   187   201 D gralloc : Isfb=0, [1920,98,1920,7680], fmt=1, byte_stride=7680
12-16 13:52:37.465   187   201 D gralloc : Isfb=0, [1920,98,1920,7680], fmt=1, byte_stride=7680
12-16 13:52:37.467   569   590 E WindowManager: Unknown window type: 2999
12-16 13:52:37.475   569   923 I WindowStateAnimator: createSurface WindowStateAnimator{52f5fe4 }: mDrawState=DRAW_PENDING
12-16 13:52:37.492   569   923 V WindowManager: Done at AppWindowToken{c94a2d5 token=Token{6826b8c ActivityRecord{6d198bf u0 com.roboteam.teamy.usa/com.roboteam.teamy.home.HomeActivity t230}}} -- full screen, return 0
12-16 13:52:37.492   569   923 V WindowManager: Resize reasons for w=Window{8599576 u0 com.roboteam.teamy.usa}:  contentInsetsChanged=false [0,0][0,0] visibleInsetsChanged=false [0,0][0,0] stableInsetsChanged=false [0,0][0,0] outsetsChanged=false [0,0][0,0] surfaceResized=true configChanged=true
12-16 13:52:37.492   569   923 V WindowManager: Resizing window Window{8599576 u0 com.roboteam.teamy.usa} to 1920.0x30.0
12-16 13:52:37.509   569   923 V WindowState: Reporting new frame to Window{8599576 u0 com.roboteam.teamy.usa}: Rect(0, 1170 - 1920, 1200)
12-16 13:52:37.509   569   923 I WindowState: Sending new config to window Window{8599576 u0 com.roboteam.teamy.usa}: 1920.0x30.0 / config={1.0 ?mcc?mnc en_US ldltr sw800dp w1280dp h800dp 240dpi xlrg land finger -keyb/v/h -nav/h s.4} overrideConfig={1.0 ?mcc?mnc ?locale ?layoutDir ?swdp ?wdp ?hdp ?density ?lsize ?long ?orien ?uimode ?night ?touch ?keyb/?/? ?nav/?}
12-16 13:52:37.509   569   923 I WindowState: Resizing Window{8599576 u0 com.roboteam.teamy.usa} WITH DRAW PENDING
12-16 13:52:37.511   569   590 E WindowManager: Unknown window type: 2999
12-16 13:52:37.512   897  1676 D Surface : Surface::final mReqUsage=a00
12-16 13:52:37.513   897  1676 D mali_winsys: EGLint new_window_surface(egl_winsys_display*, void*, EGLSurface, EGLConfig, egl_winsys_surface**, egl_color_buffer_format*, EGLBoolean) returns 0x3000
12-16 13:52:37.514   187   801 D gralloc : Isfb=0, [1920,30,1920,7680], fmt=1, byte_stride=7680
12-16 13:52:37.515   187   801 D gralloc : Isfb=0, [1920,30,1920,7680], fmt=1, byte_stride=7680
12-16 13:52:37.515   187   801 D gralloc : Isfb=0, [1920,30,1920,7680], fmt=1, byte_stride=7680
12-16 13:52:37.520   569   590 E WindowManager: Unknown window type: 2999
12-16 13:52:37.523   897   897 W PathParser: Points are too far apart 4.011818525049503
12-16 13:52:37.523   897   897 W PathParser: Points are too far apart 4.005893006918181
12-16 13:52:37.523   897   897 W PathParser: Points are too far apart 4.005893006918153
12-16 13:52:37.523   897   897 W PathParser: Points are too far apart 4.0059042680068515
12-16 13:52:37.523   897   897 W PathParser: Points are too far apart 4.00590426800688
12-16 13:52:37.523   897   897 W PathParser: Points are too far apart 4.005893006918153
12-16 13:52:37.527   897   897 W PathParser: Points are too far apart 4.003111663332675
12-16 13:52:37.527   897   897 W PathParser: Points are too far apart 4.003111663332675
12-16 13:52:37.529   897   897 W PathParser: Points are too far apart 4.000001541292032
12-16 13:52:37.529   897   897 W PathParser: Points are too far apart 4.000001541292032
12-16 13:52:37.529   897   897 W PathParser: Points are too far apart 4.000001541292032
12-16 13:52:37.529   897   897 W PathParser: Points are too far apart 4.000000192661488
12-16 13:52:37.529   897   897 W PathParser: Points are too far apart 4.000000192661488
12-16 13:52:37.529   897   897 W PathParser: Points are too far apart 4.000000192661488
12-16 13:52:37.538   569   590 E WindowManager: Unknown window type: 2999
12-16 13:52:37.539   187   201 D gralloc : Isfb=0, [98,1920,112,448], fmt=1, byte_stride=448
12-16 13:52:37.544   187   203 D gralloc : Isfb=0, [98,1920,112,448], fmt=1, byte_stride=448
12-16 13:52:37.547   569   896 V WindowStateAnimator: finishDrawingLocked: mDrawState=COMMIT_DRAW_PENDING WindowStateAnimator{8f2c777 } in Surface(name=)
12-16 13:52:37.548   569   590 I WindowManager:   SURFACE SHOW (performShowLocked): Window{9e6f838 u0 com.roboteam.teamy.usa}
12-16 13:52:37.550   187  2739 D gralloc : Isfb=0, [30,1920,32,128], fmt=1, byte_stride=128
12-16 13:52:37.553   187   802 D gralloc : Isfb=0, [30,1920,32,128], fmt=1, byte_stride=128
12-16 13:52:37.555   569  1159 V WindowStateAnimator: finishDrawingLocked: mDrawState=COMMIT_DRAW_PENDING WindowStateAnimator{52f5fe4 } in Surface(name=)
12-16 13:52:37.555   569   590 I WindowManager:   SURFACE SHOW (performShowLocked): Window{8599576 u0 com.roboteam.teamy.usa}
12-16 13:52:37.557   569   590 E WindowManager: Unknown window type: 2999
12-16 13:52:37.562   897   897 W PathParser: Points are too far apart 4.000001541292032
12-16 13:52:37.562   897   897 W PathParser: Points are too far apart 4.000001541292032
12-16 13:52:37.562   897   897 W PathParser: Points are too far apart 4.000001541292032
12-16 13:52:37.562   897   897 W PathParser: Points are too far apart 4.000000192661488
12-16 13:52:37.563   897   897 W PathParser: Points are too far apart 4.000000192661488
12-16 13:52:37.563   897   897 W PathParser: Points are too far apart 4.000000192661488
12-16 13:52:37.573   569   590 E WindowManager: Unknown window type: 2999
12-16 13:52:37.591   569   590 E WindowManager: Unknown window type: 2999
12-16 13:52:37.606   187   203 D gralloc : Isfb=0, [98,1920,112,448], fmt=1, byte_stride=448
12-16 13:52:37.609   569   590 E WindowManager: Unknown window type: 2999
12-16 13:52:37.626   569   590 E WindowManager: Unknown window type: 2999
12-16 13:52:37.644   569   590 E WindowManager: Unknown window type: 2999
12-16 13:52:37.662   569   590 E WindowManager: Unknown window type: 2999
12-16 13:52:37.669   569   590 V WindowManager: Eval win Window{1146248 u0 com.roboteam.teamy.usa/com.roboteam.teamy.home.HomeActivity}: isDrawn=true, isAnimating=false
12-16 13:52:37.669   569   590 V WindowManager: tokenMayBeDrawn: AppWindowToken{c94a2d5 token=Token{6826b8c ActivityRecord{6d198bf u0 com.roboteam.teamy.usa/com.roboteam.teamy.home.HomeActivity t230}}} freezingScreen=false mAppFreezing=false
12-16 13:52:37.679   569   590 E WindowManager: Unknown window type: 2999
12-16 13:52:37.697   569   590 E WindowManager: Unknown window type: 2999
12-16 13:52:37.718   227  2738 I AudioSink: callbackwrapper: EVENT_UNDERRUN (discarded)
12-16 13:52:37.932   227   227 I FrameQueueManage: FrameQueueManage::~FrameQueueManage end!
12-16 13:52:38.534   897   907 I art     : Background sticky concurrent mark sweep GC freed 9454(1000KB) AllocSpace objects, 0(0B) LOS objects, 0% free, 71MB/71MB, paused 5.679ms total 40.979ms
12-16 13:52:38.600  1257  2017 D RKUpdateService: request remote server error...
12-16 13:52:40.756   227   262 D alsa_route: route_set_controls() set route 24
12-16 13:52:40.757   227   262 D AudioHardwareTiny: close device
12-16 13:52:41.782   569   580 W AppOps  : Finishing op nesting under-run: uid 1000 pkg com.roboteam.teamy.usa code 24 time=0 duration=0 nesting=0
12-16 13:52:41.787   569   580 V WindowManager: Done at AppWindowToken{c94a2d5 token=Token{6826b8c ActivityRecord{6d198bf u0 com.roboteam.teamy.usa/com.roboteam.teamy.home.HomeActivity t230}}} -- full screen, return 0
12-16 13:52:41.801   569   590 E WindowManager: Unknown window type: 2999
12-16 13:52:42.431   227   262 D AudioHardwareTiny: start_output_stream
12-16 13:52:42.432   227   262 D alsa_route: route_info->sound_card 0, route_info->devices 0  
12-16 13:52:42.432   227   262 D alsa_route: route_set_controls() set route 0
12-16 13:52:42.457   227   262 D AudioFlinger: mixer(0xb35b7008) throttle end: throttle time(10)
12-16 13:52:42.535   897   897 W ContextImpl: Calling a method in the system process without a qualified user: android.app.ContextImpl.startActivity:658 android.content.ContextWrapper.startActivity:331 com.roboteam.teamy.shared.activitylauncher.ActivityLauncher.startActivity:16 com.roboteam.teamy.internalactivities.list.mvp.activities.activitylauncher.TabContainerActivityLauncher.lambda$launch$1$TabContainerActivityLauncher:56 com.roboteam.teamy.internalactivities.list.mvp.activities.activitylauncher.-$$Lambda$TabContainerActivityLauncher$NiLrPNVaNkwRnPc_PXgJGBGGpYY.accept:-1 
12-16 13:52:42.535   897   897 W ContextImpl: Calling a method in the system process without a qualified user: android.app.ContextImpl.startActivity:670 android.app.ContextImpl.startActivity:659 android.content.ContextWrapper.startActivity:331 com.roboteam.teamy.shared.activitylauncher.ActivityLauncher.startActivity:16 com.roboteam.teamy.internalactivities.list.mvp.activities.activitylauncher.TabContainerActivityLauncher.lambda$launch$1$TabContainerActivityLauncher:56 
12-16 13:52:42.536   569   895 I ActivityManager: START u0 {flg=0x10000000 cmp=com.roboteam.teamy.usa/com.roboteam.teamy.internalactivities.list.mvp.activities.TabContainerActivity} from uid 1000 on display 0
12-16 13:52:42.539   569   895 V WindowState: Reporting new frame to Window{76cc7a4 u0 StatusBar}: Rect(0, 0 - 1920, 0)
12-16 13:52:42.539   569   895 V WindowState: Reporting new frame to Window{11b56e8 u0 KeyguardScrim}: Rect(0, 0 - 1920, 1200)
12-16 13:52:42.539   569   895 V WindowState: Reporting new frame to Window{3315af4 u0 com.roboteam.teamy.usa}: Rect(960, 0 - 960, 0)
12-16 13:52:42.539   569   895 I WindowState: Sending new config to window Window{3315af4 u0 com.roboteam.teamy.usa}: 0.0x0.0 / config={1.0 ?mcc?mnc en_US ldltr sw800dp w1280dp h800dp 240dpi xlrg land finger -keyb/v/h -nav/h s.4} overrideConfig={1.0 ?mcc?mnc ?locale ?layoutDir ?swdp ?wdp ?hdp ?density ?lsize ?long ?orien ?uimode ?night ?touch ?keyb/?/? ?nav/?}
12-16 13:52:42.539   569   895 V WindowState: Reporting new frame to Window{8599576 u0 com.roboteam.teamy.usa}: Rect(0, 1170 - 1920, 1200)
12-16 13:52:42.539   569   895 V WindowState: Reporting new frame to Window{9e6f838 u0 com.roboteam.teamy.usa}: Rect(0, 0 - 1920, 98)
12-16 13:52:42.539   569   895 V WindowState: Reporting new frame to Window{a392c92 u0 com.roboteam.teamy.usa}: Rect(0, 0 - 1920, 1200)
12-16 13:52:42.539   569   895 I WindowState: Sending new config to window Window{a392c92 u0 com.roboteam.teamy.usa}: 0.0x0.0 / config={1.0 ?mcc?mnc en_US ldltr sw800dp w1280dp h800dp 240dpi xlrg land finger -keyb/v/h -nav/h s.4} overrideConfig={1.0 ?mcc?mnc ?locale ?layoutDir ?swdp ?wdp ?hdp ?density ?lsize ?long ?orien ?uimode ?night ?touch ?keyb/?/? ?nav/?}
12-16 13:52:42.539   569   895 V WindowState: Reporting new frame to Window{9e7b606 u0 com.roboteam.teamy.usa}: Rect(960, 600 - 960, 600)
12-16 13:52:42.539   569   895 V WindowState: Reporting new frame to Window{1146248 u0 com.roboteam.teamy.usa/com.roboteam.teamy.home.HomeActivity}: Rect(0, 0 - 1920, 1200)
12-16 13:52:42.540   569   895 V WindowState: Reporting new frame to Window{93a081f u0 com.android.systemui.ImageWallpaper}: Rect(0, 0 - 3213, 2684)
12-16 13:52:42.540   569   580 V WindowManager: Skipping AppWindowToken{e426413 token=Token{a419302 ActivityRecord{2bb7c4d u0 com.roboteam.teamy.usa/com.roboteam.teamy.internalactivities.list.mvp.activities.TabContainerActivity t233}}} -- hidden on top
12-16 13:52:42.540   569   580 V WindowManager: Done at AppWindowToken{c94a2d5 token=Token{6826b8c ActivityRecord{6d198bf u0 com.roboteam.teamy.usa/com.roboteam.teamy.home.HomeActivity t230}}} -- full screen, return 0
12-16 13:52:42.545   569  1159 V WindowManager: Clear freezing of Token{6826b8c ActivityRecord{6d198bf u0 com.roboteam.teamy.usa/com.roboteam.teamy.home.HomeActivity t230}}: hidden=false freezing=false
12-16 13:52:42.546   569  1159 V WindowManager: Skipping set freeze of Token{a419302 ActivityRecord{2bb7c4d u0 com.roboteam.teamy.usa/com.roboteam.teamy.internalactivities.list.mvp.activities.TabContainerActivity t233}}
12-16 13:52:42.546   569   590 E WindowManager: Unknown window type: 2999
12-16 13:52:42.547   569  1159 V WindowManager: setAppVisibility(Token{a419302 ActivityRecord{2bb7c4d u0 com.roboteam.teamy.usa/com.roboteam.teamy.internalactivities.list.mvp.activities.TabContainerActivity t233}}, visible=true): mNextAppTransition=TRANSIT_TASK_OPEN hidden=true hiddenRequested=true Callers=com.android.server.am.ActivityStackSupervisor.realStartActivityLocked:1185 com.android.server.am.ActivityStackSupervisor.startSpecificActivityLocked:1384 com.android.server.am.ActivityStack.resumeTopActivityInnerLocked:2077 com.android.server.am.ActivityStack.resumeTopActivityLocked:1587 com.android.server.am.ActivityStackSupervisor.resumeTopActivitiesLocked:2735 com.android.server.am.ActivityStack.completePauseLocked:1080 
12-16 13:52:42.547   569   590 I WindowStateAnimator: createSurface WindowStateAnimator{a40428b Starting com.roboteam.teamy.usa}: mDrawState=DRAW_PENDING
12-16 13:52:42.547   569   590 D WindowStateAnimator: rk_debug2 Starting com.roboteam.teamy.usa_Force_To_Dual
12-16 13:52:42.550   569   590 V WindowManager: Done at AppWindowToken{e426413 token=Token{a419302 ActivityRecord{2bb7c4d u0 com.roboteam.teamy.usa/com.roboteam.teamy.internalactivities.list.mvp.activities.TabContainerActivity t233}}} -- full screen, return 0
12-16 13:52:42.550   569   590 V WindowManager: Eval win Window{55a805a u0 Starting com.roboteam.teamy.usa}: isDrawn=false, isAnimating=true
12-16 13:52:42.550   569   590 V WindowManager: Not displayed: s=Surface(name=Starting com.roboteam.teamy.usa_Force_To_Dual) pv=true mDrawState=DRAW_PENDING ah=false th=false a=false
12-16 13:52:42.550   569   590 V WindowManager: Resize reasons for w=Window{55a805a u0 Starting com.roboteam.teamy.usa}:  contentInsetsChanged=false [0,0][0,0] visibleInsetsChanged=false [0,0][0,0] stableInsetsChanged=false [0,0][0,0] outsetsChanged=false [0,0][0,0] surfaceResized=true configChanged=true
12-16 13:52:42.550   569   590 V WindowManager: Resizing window Window{55a805a u0 Starting com.roboteam.teamy.usa} to 1920.0x1200.0
12-16 13:52:42.562   569   590 V WindowState: Reporting new frame to Window{55a805a u0 Starting com.roboteam.teamy.usa}: Rect(0, 0 - 1920, 1200)
12-16 13:52:42.562   569   590 I WindowState: Sending new config to window Window{55a805a u0 Starting com.roboteam.teamy.usa}: 1920.0x1200.0 / config={1.0 ?mcc?mnc en_US ldltr sw800dp w1280dp h800dp 240dpi xlrg land finger -keyb/v/h -nav/h s.4} overrideConfig={1.0 ?mcc?mnc ?locale ?layoutDir ?swdp ?wdp ?hdp ?density ?lsize ?long ?orien ?uimode ?night ?touch ?keyb/?/? ?nav/?}
12-16 13:52:42.562   569   590 I WindowState: Resizing Window{55a805a u0 Starting com.roboteam.teamy.usa} WITH DRAW PENDING
12-16 13:52:42.563   569   590 V WindowManager: Eval win Window{55a805a u0 Starting com.roboteam.teamy.usa}: isDrawn=false, isAnimating=true
12-16 13:52:42.563   569   590 V WindowManager: Not displayed: s=Surface(name=Starting com.roboteam.teamy.usa_Force_To_Dual) pv=true mDrawState=DRAW_PENDING ah=false th=false a=false
12-16 13:52:42.564   569  1159 V WindowManager: Done at AppWindowToken{e426413 token=Token{a419302 ActivityRecord{2bb7c4d u0 com.roboteam.teamy.usa/com.roboteam.teamy.internalactivities.list.mvp.activities.TabContainerActivity t233}}} -- full screen, return 0
12-16 13:52:42.567   569  1159 V WindowManager: setAppVisibility(Token{6826b8c ActivityRecord{6d198bf u0 com.roboteam.teamy.usa/com.roboteam.teamy.home.HomeActivity t230}}, visible=false): mNextAppTransition=TRANSIT_TASK_OPEN hidden=false hiddenRequested=false Callers=com.android.server.am.ActivityStack.setVisible:1170 com.android.server.am.ActivityStack.ensureActivitiesVisibleLocked:1431 com.android.server.am.ActivityStackSupervisor.ensureActivitiesVisibleLocked:3305 com.android.server.am.ActivityManagerService.updateConfigurationLocked:17838 com.android.server.am.ActivityStackSupervisor.realStartActivityLocked:1201 com.android.server.am.ActivityStackSupervisor.startSpecificActivityLocked:1384 
12-16 13:52:42.569   569  1159 V WindowManager: Eval win Window{55a805a u0 Starting com.roboteam.teamy.usa}: isDrawn=false, isAnimating=true
12-16 13:52:42.569   569  1159 V WindowManager: Not displayed: s=Surface(name=Starting com.roboteam.teamy.usa_Force_To_Dual) pv=true mDrawState=DRAW_PENDING ah=false th=false a=false
12-16 13:52:42.571   569   583 V WindowManager: Done at AppWindowToken{e426413 token=Token{a419302 ActivityRecord{2bb7c4d u0 com.roboteam.teamy.usa/com.roboteam.teamy.internalactivities.list.mvp.activities.TabContainerActivity t233}}} -- full screen, return 0
12-16 13:52:42.571   569   583 V WindowManager: Eval win Window{55a805a u0 Starting com.roboteam.teamy.usa}: isDrawn=false, isAnimating=true
12-16 13:52:42.571   569   583 V WindowManager: Not displayed: s=Surface(name=Starting com.roboteam.teamy.usa_Force_To_Dual) pv=true mDrawState=DRAW_PENDING ah=false th=false a=false
12-16 13:52:42.579   569   590 E WindowManager: Unknown window type: 2999
12-16 13:52:42.580   569   590 D Surface : Surface::final mReqUsage=33
12-16 13:52:42.591   187   802 D gralloc : Isfb=0, [1920,1200,1920,7680], fmt=1, byte_stride=7680
12-16 13:52:42.611   569   590 V WindowStateAnimator: finishDrawingLocked: mDrawState=COMMIT_DRAW_PENDING WindowStateAnimator{a40428b Starting com.roboteam.teamy.usa} in Surface(name=Starting com.roboteam.teamy.usa_Force_To_Dual)
12-16 13:52:42.611   569   590 E WindowManager: Unknown window type: 2999
12-16 13:52:42.612   569   590 V WindowManager: Eval win Window{55a805a u0 Starting com.roboteam.teamy.usa}: isDrawn=true, isAnimating=true
12-16 13:52:42.612   569   590 V WindowManager: Eval win Window{234ff81 u0 com.roboteam.teamy.usa/com.roboteam.teamy.internalactivities.list.mvp.activities.TabContainerActivity}: isDrawn=false, isAnimating=true
12-16 13:52:42.612   569   590 V WindowManager: Not displayed: s=null pv=true mDrawState=NO_SURFACE ah=false th=false a=false
12-16 13:52:42.613   569   590 I WindowManager:   SURFACE SHOW (performShowLocked): Window{55a805a u0 Starting com.roboteam.teamy.usa}
12-16 13:52:42.615   569   590 V WindowManager: Done at AppWindowToken{e426413 token=Token{a419302 ActivityRecord{2bb7c4d u0 com.roboteam.teamy.usa/com.roboteam.teamy.internalactivities.list.mvp.activities.TabContainerActivity t233}}} -- full screen, return 0
12-16 13:52:42.615   569   590 V WindowManager: Eval win Window{55a805a u0 Starting com.roboteam.teamy.usa}: isDrawn=true, isAnimating=true
12-16 13:52:42.615   569   590 V WindowManager: Eval win Window{234ff81 u0 com.roboteam.teamy.usa/com.roboteam.teamy.internalactivities.list.mvp.activities.TabContainerActivity}: isDrawn=false, isAnimating=true
12-16 13:52:42.615   569   590 V WindowManager: Not displayed: s=null pv=true mDrawState=NO_SURFACE ah=false th=false a=false
12-16 13:52:42.616   569   583 I WindowStateAnimator: createSurface WindowStateAnimator{748c0b2 com.roboteam.teamy.usa/com.roboteam.teamy.internalactivities.list.mvp.activities.TabContainerActivity}: mDrawState=DRAW_PENDING
12-16 13:52:42.621   569   583 V WindowManager: Done at AppWindowToken{e426413 token=Token{a419302 ActivityRecord{2bb7c4d u0 com.roboteam.teamy.usa/com.roboteam.teamy.internalactivities.list.mvp.activities.TabContainerActivity t233}}} -- full screen, return 0
12-16 13:52:42.621   569   583 V WindowManager: Eval win Window{55a805a u0 Starting com.roboteam.teamy.usa}: isDrawn=true, isAnimating=true
12-16 13:52:42.621   569   583 V WindowManager: Eval win Window{234ff81 u0 com.roboteam.teamy.usa/com.roboteam.teamy.internalactivities.list.mvp.activities.TabContainerActivity}: isDrawn=false, isAnimating=true
12-16 13:52:42.622   569   583 V WindowManager: Not displayed: s=Surface(name=com.roboteam.teamy.usa/com.roboteam.teamy.internalactivities.list.mvp.activities.TabContainerActivity) pv=true mDrawState=DRAW_PENDING ah=false th=false a=false
12-16 13:52:42.622   569   583 V WindowManager: Resize reasons for w=Window{234ff81 u0 com.roboteam.teamy.usa/com.roboteam.teamy.internalactivities.list.mvp.activities.TabContainerActivity}:  contentInsetsChanged=false [0,0][0,0] visibleInsetsChanged=false [0,0][0,0] stableInsetsChanged=false [0,0][0,0] outsetsChanged=false [0,0][0,0] surfaceResized=false configChanged=true
12-16 13:52:42.622   569   583 V WindowManager: Resizing window Window{234ff81 u0 com.roboteam.teamy.usa/com.roboteam.teamy.internalactivities.list.mvp.activities.TabContainerActivity} to 1920.0x1200.0
12-16 13:52:42.622   569   583 V WindowState: Reporting new frame to Window{234ff81 u0 com.roboteam.teamy.usa/com.roboteam.teamy.internalactivities.list.mvp.activities.TabContainerActivity}: Rect(0, 0 - 1920, 1200)
12-16 13:52:42.622   569   583 I WindowState: Sending new config to window Window{234ff81 u0 com.roboteam.teamy.usa/com.roboteam.teamy.internalactivities.list.mvp.activities.TabContainerActivity}: 1920.0x1200.0 / config={1.0 ?mcc?mnc en_US ldltr sw800dp w1280dp h800dp 240dpi xlrg land finger -keyb/v/h -nav/h s.4} overrideConfig={1.0 ?mcc?mnc ?locale ?layoutDir ?swdp ?wdp ?hdp ?density ?lsize ?long ?orien ?uimode ?night ?touch ?keyb/?/? ?nav/?}
12-16 13:52:42.622   569   583 I WindowState: Resizing Window{234ff81 u0 com.roboteam.teamy.usa/com.roboteam.teamy.internalactivities.list.mvp.activities.TabContainerActivity} WITH DRAW PENDING
12-16 13:52:42.623   569   590 E WindowManager: Unknown window type: 2999
12-16 13:52:42.624   897  1676 D Surface : Surface::final mReqUsage=a00
12-16 13:52:42.624   897  1676 D mali_winsys: EGLint new_window_surface(egl_winsys_display*, void*, EGLSurface, EGLConfig, egl_winsys_surface**, egl_color_buffer_format*, EGLBoolean) returns 0x3000
12-16 13:52:42.632   187   802 D gralloc : Isfb=0, [1920,1200,1920,7680], fmt=1, byte_stride=7680
12-16 13:52:42.633   569   590 E WindowManager: Unknown window type: 2999
12-16 13:52:42.634   569   590 V WindowManager: Eval win Window{55a805a u0 Starting com.roboteam.teamy.usa}: isDrawn=true, isAnimating=true
12-16 13:52:42.634   569   590 V WindowManager: Eval win Window{234ff81 u0 com.roboteam.teamy.usa/com.roboteam.teamy.internalactivities.list.mvp.activities.TabContainerActivity}: isDrawn=false, isAnimating=true
12-16 13:52:42.634   569   590 V WindowManager: Not displayed: s=Surface(name=com.roboteam.teamy.usa/com.roboteam.teamy.internalactivities.list.mvp.activities.TabContainerActivity) pv=true mDrawState=DRAW_PENDING ah=false th=false a=true
12-16 13:52:42.650   569   590 E WindowManager: Unknown window type: 2999
12-16 13:52:42.651   187   802 D gralloc : Isfb=0, [1920,1200,1920,7680], fmt=1, byte_stride=7680
12-16 13:52:42.668   187   802 D gralloc : Isfb=0, [1920,1200,1920,7680], fmt=1, byte_stride=7680
12-16 13:52:42.668   569   590 E WindowManager: Unknown window type: 2999
12-16 13:52:42.685   569   590 E WindowManager: Unknown window type: 2999
12-16 13:52:42.703   569   590 E WindowManager: Unknown window type: 2999
12-16 13:52:42.721   569   590 E WindowManager: Unknown window type: 2999
12-16 13:52:42.739   569   590 E WindowManager: Unknown window type: 2999
12-16 13:52:42.756   569   590 E WindowManager: Unknown window type: 2999
12-16 13:52:42.765   187   203 D gralloc : Isfb=0, [1200,1920,1200,4800], fmt=1, byte_stride=4800
12-16 13:52:42.774   569   590 E WindowManager: Unknown window type: 2999
12-16 13:52:42.778   187  2739 D gralloc : Isfb=0, [1200,1920,1200,4800], fmt=1, byte_stride=4800
12-16 13:52:42.780   569   923 V WindowStateAnimator: finishDrawingLocked: mDrawState=COMMIT_DRAW_PENDING WindowStateAnimator{748c0b2 com.roboteam.teamy.usa/com.roboteam.teamy.internalactivities.list.mvp.activities.TabContainerActivity} in Surface(name=com.roboteam.teamy.usa/com.roboteam.teamy.internalactivities.list.mvp.activities.TabContainerActivity)
12-16 13:52:42.781   569   590 V WindowManager: Eval win Window{55a805a u0 Starting com.roboteam.teamy.usa}: isDrawn=true, isAnimating=true
12-16 13:52:42.781   569   590 V WindowManager: Eval win Window{234ff81 u0 com.roboteam.teamy.usa/com.roboteam.teamy.internalactivities.list.mvp.activities.TabContainerActivity}: isDrawn=true, isAnimating=true
12-16 13:52:42.781   569   590 V WindowManager: tokenMayBeDrawn: AppWindowToken{e426413 token=Token{a419302 ActivityRecord{2bb7c4d u0 com.roboteam.teamy.usa/com.roboteam.teamy.internalactivities.list.mvp.activities.TabContainerActivity t233}}} freezingScreen=false mAppFreezing=false
12-16 13:52:42.787   569   590 I WindowManager:   SURFACE SHOW (performShowLocked): Window{234ff81 u0 com.roboteam.teamy.usa/com.roboteam.teamy.internalactivities.list.mvp.activities.TabContainerActivity}
12-16 13:52:42.787   569   590 I ActivityManager: Displayed com.roboteam.teamy.usa/com.roboteam.teamy.internalactivities.list.mvp.activities.TabContainerActivity: +241ms
12-16 13:52:42.792   569   590 E WindowManager: Unknown window type: 2999
12-16 13:52:42.799   569   580 V WindowManager: Done at AppWindowToken{e426413 token=Token{a419302 ActivityRecord{2bb7c4d u0 com.roboteam.teamy.usa/com.roboteam.teamy.internalactivities.list.mvp.activities.TabContainerActivity t233}}} -- full screen, return 0
12-16 13:52:42.809   569   590 E WindowManager: Unknown window type: 2999
12-16 13:52:42.811   897   897 D InfinitePagerAdapter: instantiateItem: real position: 400
12-16 13:52:42.811   897   897 D InfinitePagerAdapter: instantiateItem: virtual position: 0
12-16 13:52:42.827   569   590 E WindowManager: Unknown window type: 2999
12-16 13:52:42.845   569   590 E WindowManager: Unknown window type: 2999
12-16 13:52:42.846   897   897 D InfinitePagerAdapter: instantiateItem: real position: 399
12-16 13:52:42.846   897   897 D InfinitePagerAdapter: instantiateItem: virtual position: 3
12-16 13:52:42.853   897   897 D InfinitePagerAdapter: instantiateItem: real position: 401
12-16 13:52:42.853   897   897 D InfinitePagerAdapter: instantiateItem: virtual position: 1
12-16 13:52:42.862   569   590 E WindowManager: Unknown window type: 2999
12-16 13:52:42.880   569   590 E WindowManager: Unknown window type: 2999
12-16 13:52:42.898   569   590 E WindowManager: Unknown window type: 2999
12-16 13:52:42.916   569   590 E WindowManager: Unknown window type: 2999
12-16 13:52:42.917   569   590 V WindowManager: Eval win Window{234ff81 u0 com.roboteam.teamy.usa/com.roboteam.teamy.internalactivities.list.mvp.activities.TabContainerActivity}: isDrawn=true, isAnimating=false
12-16 13:52:42.917   569   590 V WindowManager: tokenMayBeDrawn: AppWindowToken{e426413 token=Token{a419302 ActivityRecord{2bb7c4d u0 com.roboteam.teamy.usa/com.roboteam.teamy.internalactivities.list.mvp.activities.TabContainerActivity t233}}} freezingScreen=false mAppFreezing=false
12-16 13:52:42.919   569   585 V WindowManager: setAppVisibility(Token{6826b8c ActivityRecord{6d198bf u0 com.roboteam.teamy.usa/com.roboteam.teamy.home.HomeActivity t230}}, visible=false): mNextAppTransition=TRANSIT_UNSET hidden=true hiddenRequested=true Callers=com.android.server.am.ActivityStack.stopActivityLocked:2764 com.android.server.am.ActivityStackSupervisor.activityIdleInternalLocked:2602 com.android.server.am.ActivityStackSupervisor$ActivityStackSupervisorHandler.activityIdleInternal:4017 com.android.server.am.ActivityStackSupervisor$ActivityStackSupervisorHandler.handleMessage:4040 android.os.Handler.dispatchMessage:102 android.os.Looper.loop:148 
12-16 13:52:42.933   569   590 E WindowManager: Unknown window type: 2999
12-16 13:52:42.951   569   590 E WindowManager: Unknown window type: 2999
12-16 13:52:42.969   569   590 E WindowManager: Unknown window type: 2999
12-16 13:52:42.986   569   590 E WindowManager: Unknown window type: 2999
12-16 13:52:43.004   569   590 E WindowManager: Unknown window type: 2999
12-16 13:52:43.023   187   802 D gralloc : Isfb=0, [1200,1920,1200,4800], fmt=1, byte_stride=4800
12-16 13:52:43.030   569   923 V WindowManager: Done at AppWindowToken{e426413 token=Token{a419302 ActivityRecord{2bb7c4d u0 com.roboteam.teamy.usa/com.roboteam.teamy.internalactivities.list.mvp.activities.TabContainerActivity t233}}} -- full screen, return 0
12-16 13:52:43.039   569   590 E WindowManager: Unknown window type: 2999
12-16 13:52:43.495   897   897 W PathParser: Points are too far apart 4.000000321174563
12-16 13:52:43.495   897   897 W PathParser: Points are too far apart 4.002842791461067
12-16 13:52:43.495   897   897 W PathParser: Points are too far apart 4.002973474951264
12-16 13:52:44.427   897   897 W ContextImpl: Calling a method in the system process without a qualified user: android.app.ContextImpl.startActivity:658 android.content.ContextWrapper.startActivity:331 com.roboteam.teamy.shared.activitylauncher.ActivityLauncher.startActivity:16 com.roboteam.teamy.sdk.SkillsManager.startSkill:368 com.roboteam.teamy.sdk.OpenSkillByTouch.open:48 
12-16 13:52:44.428   897   897 W ContextImpl: Calling a method in the system process without a qualified user: android.app.ContextImpl.startActivity:670 android.app.ContextImpl.startActivity:659 android.content.ContextWrapper.startActivity:331 com.roboteam.teamy.shared.activitylauncher.ActivityLauncher.startActivity:16 com.roboteam.teamy.sdk.SkillsManager.startSkill:368 
12-16 13:52:44.428   569  1159 I ActivityManager: START u0 {act=android.intent.action.MAIN cat=[android.intent.category.LAUNCHER] flg=0x10004000 pkg=com.robotemi.sdk.sample cmp=com.robotemi.sdk.sample/.MainActivity (has extras)} from uid 1000 on display 0
12-16 13:52:44.436   187   187 D Surface : Surface::final mReqUsage=333
12-16 13:52:44.439   187   201 D gralloc : Isfb=0, [630,630,640,2560], fmt=1, byte_stride=2560
12-16 13:52:44.450   569   590 E WindowManager: Unknown window type: 2999
12-16 13:52:44.451   569   590 I WindowStateAnimator: createSurface WindowStateAnimator{b80a044 Starting com.robotemi.sdk.sample}: mDrawState=DRAW_PENDING
12-16 13:52:44.451   569   590 D WindowStateAnimator: rk_debug2 Starting com.robotemi.sdk.sample_Force_To_Dual
12-16 13:52:44.464   569   590 V WindowManager: Skipping AppWindowToken{f31252d token=Token{5707ac ActivityRecord{624915f u0 com.robotemi.sdk.sample/.MainActivity t234}}} -- hidden on top
12-16 13:52:44.464   569   590 V WindowManager: Done at AppWindowToken{e426413 token=Token{a419302 ActivityRecord{2bb7c4d u0 com.roboteam.teamy.usa/com.roboteam.teamy.internalactivities.list.mvp.activities.TabContainerActivity t233}}} -- full screen, return 0
12-16 13:52:44.465   569   590 V WindowManager: Resize reasons for w=Window{2794d57 u0 Starting com.robotemi.sdk.sample}:  contentInsetsChanged=false [0,0][0,0] visibleInsetsChanged=false [0,0][0,0] stableInsetsChanged=false [0,0][0,0] outsetsChanged=false [0,0][0,0] surfaceResized=true configChanged=true
12-16 13:52:44.465   569   590 V WindowManager: Resizing window Window{2794d57 u0 Starting com.robotemi.sdk.sample} to 1920.0x1200.0
12-16 13:52:44.468   569   590 V WindowState: Reporting new frame to Window{2794d57 u0 Starting com.robotemi.sdk.sample}: Rect(0, 0 - 1920, 1200)
12-16 13:52:44.468   569   590 I WindowState: Sending new config to window Window{2794d57 u0 Starting com.robotemi.sdk.sample}: 1920.0x1200.0 / config={1.0 ?mcc?mnc en_US ldltr sw800dp w1280dp h800dp 240dpi xlrg land finger -keyb/v/h -nav/h s.4} overrideConfig={1.0 ?mcc?mnc ?locale ?layoutDir ?swdp ?wdp ?hdp ?density ?lsize ?long ?orien ?uimode ?night ?touch ?keyb/?/? ?nav/?}
12-16 13:52:44.468   569   590 I WindowState: Resizing Window{2794d57 u0 Starting com.robotemi.sdk.sample} WITH DRAW PENDING
12-16 13:52:44.473   569   590 E WindowManager: Unknown window type: 2999
12-16 13:52:44.474   569   590 D Surface : Surface::final mReqUsage=33
12-16 13:52:44.484   187   801 D gralloc : Isfb=0, [1920,1200,1920,7680], fmt=1, byte_stride=7680
12-16 13:52:44.489   569  2570 V WindowManager: Clear freezing of Token{a419302 ActivityRecord{2bb7c4d u0 com.roboteam.teamy.usa/com.roboteam.teamy.internalactivities.list.mvp.activities.TabContainerActivity t233}}: hidden=false freezing=false
12-16 13:52:44.502  2748  2748 I art     : Late-enabling -Xcheck:jni
12-16 13:52:44.503   569  2570 I ActivityManager: Start proc 2748:com.robotemi.sdk.sample/u0a46 for activity com.robotemi.sdk.sample/.MainActivity
12-16 13:52:44.512   569   590 V WindowStateAnimator: finishDrawingLocked: mDrawState=COMMIT_DRAW_PENDING WindowStateAnimator{b80a044 Starting com.robotemi.sdk.sample} in Surface(name=Starting com.robotemi.sdk.sample_Force_To_Dual)
12-16 13:52:44.522   569   581 V WindowManager: Skipping set freeze of Token{5707ac ActivityRecord{624915f u0 com.robotemi.sdk.sample/.MainActivity t234}}
12-16 13:52:44.522   569   581 V WindowManager: setAppVisibility(Token{5707ac ActivityRecord{624915f u0 com.robotemi.sdk.sample/.MainActivity t234}}, visible=true): mNextAppTransition=TRANSIT_TASK_OPEN hidden=true hiddenRequested=true Callers=com.android.server.am.ActivityStackSupervisor.realStartActivityLocked:1185 com.android.server.am.ActivityStackSupervisor.attachApplicationLocked:625 com.android.server.am.ActivityManagerService.attachApplicationLocked:6504 com.android.server.am.ActivityManagerService.attachApplication:6567 android.app.ActivityManagerNative.onTransact:507 com.android.server.am.ActivityManagerService.onTransact:2687 
12-16 13:52:44.522   569   581 V WindowManager: Done at AppWindowToken{f31252d token=Token{5707ac ActivityRecord{624915f u0 com.robotemi.sdk.sample/.MainActivity t234}}} -- full screen, return 0
12-16 13:52:44.523   569   581 V WindowManager: setAppVisibility(Token{a419302 ActivityRecord{2bb7c4d u0 com.roboteam.teamy.usa/com.roboteam.teamy.internalactivities.list.mvp.activities.TabContainerActivity t233}}, visible=false): mNextAppTransition=TRANSIT_TASK_OPEN hidden=false hiddenRequested=false Callers=com.android.server.am.ActivityStack.setVisible:1170 com.android.server.am.ActivityStack.ensureActivitiesVisibleLocked:1431 com.android.server.am.ActivityStackSupervisor.ensureActivitiesVisibleLocked:3305 com.android.server.am.ActivityManagerService.updateConfigurationLocked:17838 com.android.server.am.ActivityStackSupervisor.realStartActivityLocked:1201 com.android.server.am.ActivityStackSupervisor.attachApplicationLocked:625 
12-16 13:52:44.525   569   581 V WindowManager: Eval win Window{2794d57 u0 Starting com.robotemi.sdk.sample}: isDrawn=true, isAnimating=true
12-16 13:52:44.526   569   581 I WindowManager:   SURFACE SHOW (performShowLocked): Window{2794d57 u0 Starting com.robotemi.sdk.sample}
12-16 13:52:44.529   569   581 V WindowManager: Done at AppWindowToken{f31252d token=Token{5707ac ActivityRecord{624915f u0 com.robotemi.sdk.sample/.MainActivity t234}}} -- full screen, return 0
12-16 13:52:44.530   569   581 V WindowManager: Eval win Window{2794d57 u0 Starting com.robotemi.sdk.sample}: isDrawn=true, isAnimating=true
12-16 13:52:44.531   569   590 E WindowManager: Unknown window type: 2999
12-16 13:52:44.543   569   590 V WindowManager: Eval win Window{2794d57 u0 Starting com.robotemi.sdk.sample}: isDrawn=true, isAnimating=true
12-16 13:52:44.545   569   590 E WindowManager: Unknown window type: 2999
12-16 13:52:44.554   897  1676 D OpenGLRenderer: endAllStagingAnimators on 0xb8d61e58 (FrameLayout) with handle 0xb8a5a148
12-16 13:52:44.555   569  2572 V WindowManager: Done at AppWindowToken{f31252d token=Token{5707ac ActivityRecord{624915f u0 com.robotemi.sdk.sample/.MainActivity t234}}} -- full screen, return 0
12-16 13:52:44.556   569  2572 V WindowManager: Eval win Window{2794d57 u0 Starting com.robotemi.sdk.sample}: isDrawn=true, isAnimating=true
12-16 13:52:44.561   569   590 E WindowManager: Unknown window type: 2999
12-16 13:52:44.578   569   590 E WindowManager: Unknown window type: 2999
12-16 13:52:44.580  2748  2748 W System  : ClassLoader referenced unknown path: /data/app/com.robotemi.sdk.sample-2/lib/arm
12-16 13:52:44.596   569   590 E WindowManager: Unknown window type: 2999
12-16 13:52:44.614   569   590 E WindowManager: Unknown window type: 2999
12-16 13:52:44.631   569   590 E WindowManager: Unknown window type: 2999
12-16 13:52:44.649   569   590 E WindowManager: Unknown window type: 2999
12-16 13:52:44.667   569   590 E WindowManager: Unknown window type: 2999
12-16 13:52:44.684   569   590 E WindowManager: Unknown window type: 2999
12-16 13:52:44.702   569   590 E WindowManager: Unknown window type: 2999
12-16 13:52:44.705  2748  2748 D TemiSdkServiceConnection: startConnection(Context)
12-16 13:52:44.705  2748  2748 D TemiSdkServiceConnection: getSdkServiceIntent()
12-16 13:52:44.707  2748  2748 D TemiSdkServiceConnection: bindServiceUsa=true
12-16 13:52:44.720   569   590 E WindowManager: Unknown window type: 2999
12-16 13:52:44.737   569   590 E WindowManager: Unknown window type: 2999
12-16 13:52:44.755   569   590 E WindowManager: Unknown window type: 2999
12-16 13:52:44.773   569   590 E WindowManager: Unknown window type: 2999
12-16 13:52:44.791   569   590 E WindowManager: Unknown window type: 2999
12-16 13:52:44.808   569   590 E WindowManager: Unknown window type: 2999
12-16 13:52:44.809   569   590 V WindowManager: Eval win Window{2794d57 u0 Starting com.robotemi.sdk.sample}: isDrawn=true, isAnimating=true
12-16 13:52:44.814  2748  2748 W art     : Before Android 4.1, method android.graphics.PorterDuffColorFilter androidx.vectordrawable.graphics.drawable.VectorDrawableCompat.updateTintFilter(android.graphics.PorterDuffColorFilter, android.content.res.ColorStateList, android.graphics.PorterDuff$Mode) would have incorrectly overridden the package-private method in android.graphics.drawable.Drawable
12-16 13:52:44.826   569   590 E WindowManager: Unknown window type: 2999
12-16 13:52:44.827   569   590 V WindowManager: Eval win Window{2794d57 u0 Starting com.robotemi.sdk.sample}: isDrawn=true, isAnimating=false
12-16 13:52:44.829   569   590 V WindowManager: Eval win Window{2794d57 u0 Starting com.robotemi.sdk.sample}: isDrawn=true, isAnimating=false
12-16 13:52:44.844   187   187 W SurfaceFlinger: couldn't log to binary event log: overflow.
12-16 13:52:44.846   569   590 E WindowManager: Unknown window type: 2999
12-16 13:52:44.866  2748  2748 I art     : Rejecting re-init on previously-failed class java.lang.Class<androidx.core.view.ViewCompat$2>
12-16 13:52:44.866  2748  2748 I art     : Rejecting re-init on previously-failed class java.lang.Class<androidx.core.view.ViewCompat$2>
12-16 13:52:45.070  2748  2763 D OpenGLRenderer: Use EGL_SWAP_BEHAVIOR_PRESERVED: true
12-16 13:52:45.075  2748  2748 D TemiSdkServiceConnection: onServiceConnected(ComponentName, IBinder) (name=ComponentInfo{com.roboteam.teamy.usa/com.roboteam.teamy.sdk.SdkService}, service=android.os.BinderProxy@d0c9a09)
12-16 13:52:45.116   569  2572 I WindowStateAnimator: createSurface WindowStateAnimator{b8d71e0 com.robotemi.sdk.sample/com.robotemi.sdk.sample.MainActivity}: mDrawState=DRAW_PENDING
12-16 13:52:45.117   569  2572 V WindowManager: Done at AppWindowToken{f31252d token=Token{5707ac ActivityRecord{624915f u0 com.robotemi.sdk.sample/.MainActivity t234}}} -- full screen, return 0
12-16 13:52:45.117   569  2572 V WindowManager: Eval win Window{2794d57 u0 Starting com.robotemi.sdk.sample}: isDrawn=true, isAnimating=false
12-16 13:52:45.117   569  2572 V WindowManager: Eval win Window{ceea274 u0 com.robotemi.sdk.sample/com.robotemi.sdk.sample.MainActivity}: isDrawn=false, isAnimating=false
12-16 13:52:45.117   569  2572 V WindowManager: Not displayed: s=Surface(name=com.robotemi.sdk.sample/com.robotemi.sdk.sample.MainActivity) pv=true mDrawState=DRAW_PENDING ah=false th=false a=false
12-16 13:52:45.117   569  2572 V WindowManager: Resize reasons for w=Window{ceea274 u0 com.robotemi.sdk.sample/com.robotemi.sdk.sample.MainActivity}:  contentInsetsChanged=false [0,0][0,0] visibleInsetsChanged=false [0,0][0,0] stableInsetsChanged=false [0,0][0,0] outsetsChanged=false [0,0][0,0] surfaceResized=true configChanged=true
12-16 13:52:45.117   569  2572 V WindowManager: Resizing window Window{ceea274 u0 com.robotemi.sdk.sample/com.robotemi.sdk.sample.MainActivity} to 1920.0x1200.0
12-16 13:52:45.127   569  2572 V WindowState: Reporting new frame to Window{ceea274 u0 com.robotemi.sdk.sample/com.robotemi.sdk.sample.MainActivity}: Rect(0, 0 - 1920, 1200)
12-16 13:52:45.127   569  2572 I WindowState: Sending new config to window Window{ceea274 u0 com.robotemi.sdk.sample/com.robotemi.sdk.sample.MainActivity}: 1920.0x1200.0 / config={1.0 ?mcc?mnc en_US ldltr sw800dp w1280dp h800dp 240dpi xlrg land finger -keyb/v/h -nav/h s.4} overrideConfig={1.0 ?mcc?mnc ?locale ?layoutDir ?swdp ?wdp ?hdp ?density ?lsize ?long ?orien ?uimode ?night ?touch ?keyb/?/? ?nav/?}
12-16 13:52:45.127   569  2572 I WindowState: Resizing Window{ceea274 u0 com.robotemi.sdk.sample/com.robotemi.sdk.sample.MainActivity} WITH DRAW PENDING
12-16 13:52:45.127   569  2572 V WindowManager: Eval win Window{2794d57 u0 Starting com.robotemi.sdk.sample}: isDrawn=true, isAnimating=false
12-16 13:52:45.128   569  2572 V WindowManager: Eval win Window{ceea274 u0 com.robotemi.sdk.sample/com.robotemi.sdk.sample.MainActivity}: isDrawn=false, isAnimating=false
12-16 13:52:45.128   569  2572 V WindowManager: Not displayed: s=Surface(name=com.robotemi.sdk.sample/com.robotemi.sdk.sample.MainActivity) pv=true mDrawState=DRAW_PENDING ah=false th=false a=false
12-16 13:52:45.130  2748  2763 I mali_so : [File] : hardware/arm/maliT760/driver/product/base/src/mali_base_kbase.c; [Line] : 928; [Func] : base_context_deal_with_version_affairs_rk_ext;
12-16 13:52:45.130  2748  2763 I mali_so : arm_release_ver of this mali_so is 'r12p0-04rel0', rk_so_ver is '12@0', built at '17:00:15', on 'Aug 16 2016'.
12-16 13:52:45.130  2748  2763 I mali_so : [File] : hardware/arm/maliT760/driver/product/base/src/mali_base_kbase.c; [Line] : 955; [Func] : base_context_deal_with_version_affairs_rk_ext;
12-16 13:52:45.130  2748  2763 I mali_so : mali_ver_property has been set to 'r12p0-04rel0-13-12@0', to return.
12-16 13:52:45.133  2748  2763 I OpenGLRenderer: Initialized EGL, version 1.4
12-16 13:52:45.138  2748  2763 D Surface : Surface::final mReqUsage=a00
12-16 13:52:45.138  2748  2763 D mali_winsys: EGLint new_window_surface(egl_winsys_display*, void*, EGLSurface, EGLConfig, egl_winsys_surface**, egl_color_buffer_format*, EGLBoolean) returns 0x3000
12-16 13:52:45.144   187   203 D gralloc : Isfb=0, [1920,1200,1920,7680], fmt=1, byte_stride=7680
12-16 13:52:45.144   569   590 E WindowManager: Unknown window type: 2999
12-16 13:52:45.150   187   203 D gralloc : Isfb=0, [1920,1200,1920,7680], fmt=1, byte_stride=7680
12-16 13:52:45.156   187   203 D gralloc : Isfb=0, [1920,1200,1920,7680], fmt=1, byte_stride=7680
12-16 13:52:45.174   187   801 D gralloc : Isfb=0, [1200,1920,1200,4800], fmt=1, byte_stride=4800
12-16 13:52:45.190   187   201 D gralloc : Isfb=0, [1200,1920,1200,4800], fmt=1, byte_stride=4800
12-16 13:52:45.195   569   924 V WindowStateAnimator: finishDrawingLocked: mDrawState=COMMIT_DRAW_PENDING WindowStateAnimator{b8d71e0 com.robotemi.sdk.sample/com.robotemi.sdk.sample.MainActivity} in Surface(name=com.robotemi.sdk.sample/com.robotemi.sdk.sample.MainActivity)
12-16 13:52:45.196   569   590 V WindowManager: Eval win Window{2794d57 u0 Starting com.robotemi.sdk.sample}: isDrawn=true, isAnimating=false
12-16 13:52:45.196   569   590 V WindowManager: Eval win Window{ceea274 u0 com.robotemi.sdk.sample/com.robotemi.sdk.sample.MainActivity}: isDrawn=true, isAnimating=false
12-16 13:52:45.196   569   590 V WindowManager: tokenMayBeDrawn: AppWindowToken{f31252d token=Token{5707ac ActivityRecord{624915f u0 com.robotemi.sdk.sample/.MainActivity t234}}} freezingScreen=false mAppFreezing=false
12-16 13:52:45.197   569   590 I WindowManager:   SURFACE SHOW (performShowLocked): Window{ceea274 u0 com.robotemi.sdk.sample/com.robotemi.sdk.sample.MainActivity}
12-16 13:52:45.197   569   590 I ActivityManager: Displayed com.robotemi.sdk.sample/.MainActivity: +707ms
12-16 13:52:45.197   569   590 E WindowManager: Unknown window type: 2999
12-16 13:52:45.212   187   801 D gralloc : Isfb=0, [1200,1920,1200,4800], fmt=1, byte_stride=4800
12-16 13:52:45.214   569  2573 V WindowManager: setAppVisibility(Token{a419302 ActivityRecord{2bb7c4d u0 com.roboteam.teamy.usa/com.roboteam.teamy.internalactivities.list.mvp.activities.TabContainerActivity t233}}, visible=false): mNextAppTransition=TRANSIT_UNSET hidden=true hiddenRequested=true Callers=com.android.server.am.ActivityStack.stopActivityLocked:2764 com.android.server.am.ActivityStackSupervisor.activityIdleInternalLocked:2602 com.android.server.am.ActivityManagerService.activityIdle:6579 android.app.ActivityManagerNative.onTransact:522 com.android.server.am.ActivityManagerService.onTransact:2687 android.os.Binder.execTransact:453 
12-16 13:52:45.215   569   590 E WindowManager: Unknown window type: 2999
12-16 13:52:45.233   569   590 E WindowManager: Unknown window type: 2999
12-16 13:52:45.250   569   590 E WindowManager: Unknown window type: 2999
12-16 13:52:45.268   569   590 E WindowManager: Unknown window type: 2999
12-16 13:52:45.286   569   590 E WindowManager: Unknown window type: 2999
12-16 13:52:45.304   569   590 E WindowManager: Unknown window type: 2999
12-16 13:52:45.322   569   590 E WindowManager: Unknown window type: 2999
12-16 13:52:45.340   569   590 E WindowManager: Unknown window type: 2999
12-16 13:52:45.357   569   590 E WindowManager: Unknown window type: 2999
12-16 13:52:45.375   569   590 E WindowManager: Unknown window type: 2999
12-16 13:52:45.393   569   590 E WindowManager: Unknown window type: 2999
12-16 13:52:45.410   569   590 E WindowManager: Unknown window type: 2999
12-16 13:52:45.446   569   590 E WindowManager: Unknown window type: 2999
12-16 13:52:45.724   897   897 W ContextImpl: Calling a method in the system process without a qualified user: android.app.ContextImpl.startActivity:658 android.content.ContextWrapper.startActivity:331 com.roboteam.teamy.shared.activitylauncher.ActivityLauncher.startActivity:16 com.roboteam.teamy.internalactivities.list.mvp.activities.activitylauncher.TabContainerActivityLauncher.lambda$launch$1$TabContainerActivityLauncher:56 com.roboteam.teamy.internalactivities.list.mvp.activities.activitylauncher.-$$Lambda$TabContainerActivityLauncher$NiLrPNVaNkwRnPc_PXgJGBGGpYY.accept:-1 
12-16 13:52:45.724   897   897 W ContextImpl: Calling a method in the system process without a qualified user: android.app.ContextImpl.startActivity:670 android.app.ContextImpl.startActivity:659 android.content.ContextWrapper.startActivity:331 com.roboteam.teamy.shared.activitylauncher.ActivityLauncher.startActivity:16 com.roboteam.teamy.internalactivities.list.mvp.activities.activitylauncher.TabContainerActivityLauncher.lambda$launch$1$TabContainerActivityLauncher:56 
