12-11 13:00:49.949  1453  1943 V GoogleSignatureVerifier: qxE7M7pNRYPhcLT7qhE7MiuBuyqwAMTTBoU8u3lTdOZwNErbRT5tSXkgVMffkfN7wBNqpSSY
12-11 13:00:49.954  1453  1943 V GoogleSignatureVerifier: com.roboteam.teamy.weatherskill.usa signature not valid.  Found: 
12-11 13:00:49.954  1453  1943 V GoogleSignatureVerifier: MIID+zCCAuOgAwIBAgIJAP8GQTI8+VUSMA0GCSqGSIb3DQEBCwUAMIGUMQswCQYDVQQGEwJVUzET
12-11 13:00:49.954  1453  1943 V GoogleSignatureVerifier: MBEGA1UECAwKQ2FsaWZvcm5pYTEWMBQGA1UEBwwNTW91bnRhaW4gVmlldzEQMA4GA1UECgwHQW5k
12-11 13:00:49.954  1453  1943 V GoogleSignatureVerifier: cm9pZDEQMA4GA1UECwwHQW5kcm9pZDEQMA4GA1UEAwwHQW5kcm9pZDEiMCAGCSqGSIb3DQEJARYT
12-11 13:00:49.954  1453  1943 V GoogleSignatureVerifier: YW5kcm9pZEBhbmRyb2lkLmNvbTAeFw0xNDEyMjMwNjQzNDFaFw00MjA1MTAwNjQzNDFaMIGUMQsw
12-11 13:00:49.954  1453  1943 V GoogleSignatureVerifier: CQYDVQQGEwJVUzETMBEGA1UECAwKQ2FsaWZvcm5pYTEWMBQGA1UEBwwNTW91bnRhaW4gVmlldzEQ
12-11 13:00:49.954  1453  1943 V GoogleSignatureVerifier: MA4GA1UECgwHQW5kcm9pZDEQMA4GA1UECwwHQW5kcm9pZDEQMA4GA1UEAwwHQW5kcm9pZDEiMCAG
12-11 13:00:49.954  1453  1943 V GoogleSignatureVerifier: CSqGSIb3DQEJARYTYW5kcm9pZEBhbmRyb2lkLmNvbTCCASAwDQYJKoZIhvcNAQEBBQADggENADCC
12-11 13:00:49.954  1453  1943 V GoogleSignatureVerifier: AQgCggEBAKHY8Fl4XZzpJvgHoezYjhmKPvdq9DGYVc/X9NQO5oUlYIA/Ci5rzvljz13KbNve/Kxu
12-11 13:00:49.954  1453  1943 V GoogleSignatureVerifier: Eu9HN8SzsLg9EBhghOko8JxEg7I8W6uPVOoRngNCMvXzjf6av77vxPqphlgq++Y4MIC+fiOxLd+g
12-11 13:00:49.954  1453  1943 V GoogleSignatureVerifier: pYq0p6W7RWxEgrzLHnWiCX0dRmWDs+ey2t4f1WKzGoRQQS0Tn21CViThrVEe+zNwANnhErUcvoQB
12-11 13:00:49.954  1453  1943 V GoogleSignatureVerifier: 2m4/PQotuij7LZNccHJvUOUf5/4wIZd8JOgO3VLwzFO/HhrqUjafCvkpKTjW8oQmHLUz5m40ljET
12-11 13:00:49.954  1453  1943 V GoogleSignatureVerifier: GEjqQ6AuAwmaeFT+Bwj1DUaYg+m7AzalJ2aAtHVX0FftRUkCAQOjUDBOMB0GA1UdDgQWBBQi+Lgb
12-11 13:00:49.954  1453  1943 V GoogleSignatureVerifier: yFfWSoWCbQ+NVDF4ZKTPCjAfBgNVHSMEGDAWgBQi+LgbyFfWSoWCbQ+NVDF4ZKTPCjAMBgNVHRME
12-11 13:00:49.954  1453  1943 V GoogleSignatureVerifier: BTADAQH/MA0GCSqGSIb3DQEBCwUAA4IBAQBH1kIQlSBjXRMuQdaDLytr8ZaJXIN1HApg2QA8azYQ
12-11 13:00:49.954  1453  1943 V GoogleSignatureVerifier: XOS/B16gwm6tBfh1dL86LL/7w09oM9LZv8WwtQyFNjM97vvQvkaOGW/ubhrKOk3+8HTHkEx4n7H6
12-11 13:00:49.954  1453  1943 V GoogleSignatureVerifier: tYGOLdpmWepDfBSEFuLwq6yqG6wZFdd7IKO+sPlCxqUpqg40YAb4WOwzDbiuJnswDftP3wIaaJPh
12-11 13:00:49.954  1453  1943 V GoogleSignatureVerifier: li6OIjRKyd3Sgw1MtffHOy+WSwqHLkGNgH6GAgvZlvhPA/yim+rjnE9oKV5G6PygQK7kJJjS/Lde
12-11 13:00:49.954  1453  1943 V GoogleSignatureVerifier: qxE7M7pNRYPhcLT7qhE7MiuBuyqwAMTTBoU8u3lTdOZwNErbRT5tSXkgVMffkfN7wBNqpSSY
12-11 13:00:49.963  2134  2134 W System  : ClassLoader referenced unknown path: /system/priv-app/GMSCore/lib/arm
12-11 13:00:49.964  2134  2134 W System  : ClassLoader referenced unknown path: /system/priv-app/GMSCore/lib/arm
12-11 13:00:49.968  1453  1943 V GoogleSignatureVerifier: com.android.settings signature not valid.  Found: 
12-11 13:00:49.968  1453  1943 V GoogleSignatureVerifier: MIID+zCCAuOgAwIBAgIJAP8GQTI8+VUSMA0GCSqGSIb3DQEBCwUAMIGUMQswCQYDVQQGEwJVUzET
12-11 13:00:49.968  1453  1943 V GoogleSignatureVerifier: MBEGA1UECAwKQ2FsaWZvcm5pYTEWMBQGA1UEBwwNTW91bnRhaW4gVmlldzEQMA4GA1UECgwHQW5k
12-11 13:00:49.968  1453  1943 V GoogleSignatureVerifier: cm9pZDEQMA4GA1UECwwHQW5kcm9pZDEQMA4GA1UEAwwHQW5kcm9pZDEiMCAGCSqGSIb3DQEJARYT
12-11 13:00:49.968  1453  1943 V GoogleSignatureVerifier: YW5kcm9pZEBhbmRyb2lkLmNvbTAeFw0xNDEyMjMwNjQzNDFaFw00MjA1MTAwNjQzNDFaMIGUMQsw
12-11 13:00:49.968  1453  1943 V GoogleSignatureVerifier: CQYDVQQGEwJVUzETMBEGA1UECAwKQ2FsaWZvcm5pYTEWMBQGA1UEBwwNTW91bnRhaW4gVmlldzEQ
12-11 13:00:49.968  1453  1943 V GoogleSignatureVerifier: MA4GA1UECgwHQW5kcm9pZDEQMA4GA1UECwwHQW5kcm9pZDEQMA4GA1UEAwwHQW5kcm9pZDEiMCAG
12-11 13:00:49.968  1453  1943 V GoogleSignatureVerifier: CSqGSIb3DQEJARYTYW5kcm9pZEBhbmRyb2lkLmNvbTCCASAwDQYJKoZIhvcNAQEBBQADggENADCC
12-11 13:00:49.968  1453  1943 V GoogleSignatureVerifier: AQgCggEBAKHY8Fl4XZzpJvgHoezYjhmKPvdq9DGYVc/X9NQO5oUlYIA/Ci5rzvljz13KbNve/Kxu
12-11 13:00:49.968  1453  1943 V GoogleSignatureVerifier: Eu9HN8SzsLg9EBhghOko8JxEg7I8W6uPVOoRngNCMvXzjf6av77vxPqphlgq++Y4MIC+fiOxLd+g
12-11 13:00:49.968  1453  1943 V GoogleSignatureVerifier: pYq0p6W7RWxEgrzLHnWiCX0dRmWDs+ey2t4f1WKzGoRQQS0Tn21CViThrVEe+zNwANnhErUcvoQB
12-11 13:00:49.968  1453  1943 V GoogleSignatureVerifier: 2m4/PQotuij7LZNccHJvUOUf5/4wIZd8JOgO3VLwzFO/HhrqUjafCvkpKTjW8oQmHLUz5m40ljET
12-11 13:00:49.968  1453  1943 V GoogleSignatureVerifier: GEjqQ6AuAwmaeFT+Bwj1DUaYg+m7AzalJ2aAtHVX0FftRUkCAQOjUDBOMB0GA1UdDgQWBBQi+Lgb
12-11 13:00:49.968  1453  1943 V GoogleSignatureVerifier: yFfWSoWCbQ+NVDF4ZKTPCjAfBgNVHSMEGDAWgBQi+LgbyFfWSoWCbQ+NVDF4ZKTPCjAMBgNVHRME
12-11 13:00:49.968  1453  1943 V GoogleSignatureVerifier: BTADAQH/MA0GCSqGSIb3DQEBCwUAA4IBAQBH1kIQlSBjXRMuQdaDLytr8ZaJXIN1HApg2QA8azYQ
12-11 13:00:49.968  1453  1943 V GoogleSignatureVerifier: XOS/B16gwm6tBfh1dL86LL/7w09oM9LZv8WwtQyFNjM97vvQvkaOGW/ubhrKOk3+8HTHkEx4n7H6
12-11 13:00:49.968  1453  1943 V GoogleSignatureVerifier: tYGOLdpmWepDfBSEFuLwq6yqG6wZFdd7IKO+sPlCxqUpqg40YAb4WOwzDbiuJnswDftP3wIaaJPh
12-11 13:00:49.968  1453  1943 V GoogleSignatureVerifier: li6OIjRKyd3Sgw1MtffHOy+WSwqHLkGNgH6GAgvZlvhPA/yim+rjnE9oKV5G6PygQK7kJJjS/Lde
12-11 13:00:49.968  1453  1943 V GoogleSignatureVerifier: qxE7M7pNRYPhcLT7qhE7MiuBuyqwAMTTBoU8u3lTdOZwNErbRT5tSXkgVMffkfN7wBNqpSSY
12-11 13:00:49.972  1453  1943 V GoogleSignatureVerifier: com.android.settings signature not valid.  Found: 
12-11 13:00:49.972  1453  1943 V GoogleSignatureVerifier: MIID+zCCAuOgAwIBAgIJAP8GQTI8+VUSMA0GCSqGSIb3DQEBCwUAMIGUMQswCQYDVQQGEwJVUzET
12-11 13:00:49.972  1453  1943 V GoogleSignatureVerifier: MBEGA1UECAwKQ2FsaWZvcm5pYTEWMBQGA1UEBwwNTW91bnRhaW4gVmlldzEQMA4GA1UECgwHQW5k
12-11 13:00:49.972  1453  1943 V GoogleSignatureVerifier: cm9pZDEQMA4GA1UECwwHQW5kcm9pZDEQMA4GA1UEAwwHQW5kcm9pZDEiMCAGCSqGSIb3DQEJARYT
12-11 13:00:49.972  1453  1943 V GoogleSignatureVerifier: YW5kcm9pZEBhbmRyb2lkLmNvbTAeFw0xNDEyMjMwNjQzNDFaFw00MjA1MTAwNjQzNDFaMIGUMQsw
12-11 13:00:49.972  1453  1943 V GoogleSignatureVerifier: CQYDVQQGEwJVUzETMBEGA1UECAwKQ2FsaWZvcm5pYTEWMBQGA1UEBwwNTW91bnRhaW4gVmlldzEQ
12-11 13:00:49.972  1453  1943 V GoogleSignatureVerifier: MA4GA1UECgwHQW5kcm9pZDEQMA4GA1UECwwHQW5kcm9pZDEQMA4GA1UEAwwHQW5kcm9pZDEiMCAG
12-11 13:00:49.972  1453  1943 V GoogleSignatureVerifier: CSqGSIb3DQEJARYTYW5kcm9pZEBhbmRyb2lkLmNvbTCCASAwDQYJKoZIhvcNAQEBBQADggENADCC
12-11 13:00:49.972  1453  1943 V GoogleSignatureVerifier: AQgCggEBAKHY8Fl4XZzpJvgHoezYjhmKPvdq9DGYVc/X9NQO5oUlYIA/Ci5rzvljz13KbNve/Kxu
12-11 13:00:49.972  1453  1943 V GoogleSignatureVerifier: Eu9HN8SzsLg9EBhghOko8JxEg7I8W6uPVOoRngNCMvXzjf6av77vxPqphlgq++Y4MIC+fiOxLd+g
12-11 13:00:49.972  1453  1943 V GoogleSignatureVerifier: pYq0p6W7RWxEgrzLHnWiCX0dRmWDs+ey2t4f1WKzGoRQQS0Tn21CViThrVEe+zNwANnhErUcvoQB
12-11 13:00:49.972  1453  1943 V GoogleSignatureVerifier: 2m4/PQotuij7LZNccHJvUOUf5/4wIZd8JOgO3VLwzFO/HhrqUjafCvkpKTjW8oQmHLUz5m40ljET
12-11 13:00:49.972  1453  1943 V GoogleSignatureVerifier: GEjqQ6AuAwmaeFT+Bwj1DUaYg+m7AzalJ2aAtHVX0FftRUkCAQOjUDBOMB0GA1UdDgQWBBQi+Lgb
12-11 13:00:49.972  1453  1943 V GoogleSignatureVerifier: yFfWSoWCbQ+NVDF4ZKTPCjAfBgNVHSMEGDAWgBQi+LgbyFfWSoWCbQ+NVDF4ZKTPCjAMBgNVHRME
12-11 13:00:49.972  1453  1943 V GoogleSignatureVerifier: BTADAQH/MA0GCSqGSIb3DQEBCwUAA4IBAQBH1kIQlSBjXRMuQdaDLytr8ZaJXIN1HApg2QA8azYQ
12-11 13:00:49.972  1453  1943 V GoogleSignatureVerifier: XOS/B16gwm6tBfh1dL86LL/7w09oM9LZv8WwtQyFNjM97vvQvkaOGW/ubhrKOk3+8HTHkEx4n7H6
12-11 13:00:49.972  1453  1943 V GoogleSignatureVerifier: tYGOLdpmWepDfBSEFuLwq6yqG6wZFdd7IKO+sPlCxqUpqg40YAb4WOwzDbiuJnswDftP3wIaaJPh
12-11 13:00:49.972  1453  1943 V GoogleSignatureVerifier: li6OIjRKyd3Sgw1MtffHOy+WSwqHLkGNgH6GAgvZlvhPA/yim+rjnE9oKV5G6PygQK7kJJjS/Lde
12-11 13:00:49.972  1453  1943 V GoogleSignatureVerifier: qxE7M7pNRYPhcLT7qhE7MiuBuyqwAMTTBoU8u3lTdOZwNErbRT5tSXkgVMffkfN7wBNqpSSY
12-11 13:00:49.986  2134  2134 W linker  : /system/priv-app/GMSCore/GMSCore.apk: unused DT entry: type 0x7ffffffd arg 0x4ed
12-11 13:00:49.995  1453  1943 V GoogleSignatureVerifier: com.roboteam.teamy.usa signature not valid.  Found: 
12-11 13:00:49.995  1453  1943 V GoogleSignatureVerifier: MIID+zCCAuOgAwIBAgIJAP8GQTI8+VUSMA0GCSqGSIb3DQEBCwUAMIGUMQswCQYDVQQGEwJVUzET
12-11 13:00:49.995  1453  1943 V GoogleSignatureVerifier: MBEGA1UECAwKQ2FsaWZvcm5pYTEWMBQGA1UEBwwNTW91bnRhaW4gVmlldzEQMA4GA1UECgwHQW5k
12-11 13:00:49.995  1453  1943 V GoogleSignatureVerifier: cm9pZDEQMA4GA1UECwwHQW5kcm9pZDEQMA4GA1UEAwwHQW5kcm9pZDEiMCAGCSqGSIb3DQEJARYT
12-11 13:00:49.995  1453  1943 V GoogleSignatureVerifier: YW5kcm9pZEBhbmRyb2lkLmNvbTAeFw0xNDEyMjMwNjQzNDFaFw00MjA1MTAwNjQzNDFaMIGUMQsw
12-11 13:00:49.995  1453  1943 V GoogleSignatureVerifier: CQYDVQQGEwJVUzETMBEGA1UECAwKQ2FsaWZvcm5pYTEWMBQGA1UEBwwNTW91bnRhaW4gVmlldzEQ
12-11 13:00:49.995  1453  1943 V GoogleSignatureVerifier: MA4GA1UECgwHQW5kcm9pZDEQMA4GA1UECwwHQW5kcm9pZDEQMA4GA1UEAwwHQW5kcm9pZDEiMCAG
12-11 13:00:49.995  1453  1943 V GoogleSignatureVerifier: CSqGSIb3DQEJARYTYW5kcm9pZEBhbmRyb2lkLmNvbTCCASAwDQYJKoZIhvcNAQEBBQADggENADCC
12-11 13:00:49.995  1453  1943 V GoogleSignatureVerifier: AQgCggEBAKHY8Fl4XZzpJvgHoezYjhmKPvdq9DGYVc/X9NQO5oUlYIA/Ci5rzvljz13KbNve/Kxu
12-11 13:00:49.995  1453  1943 V GoogleSignatureVerifier: Eu9HN8SzsLg9EBhghOko8JxEg7I8W6uPVOoRngNCMvXzjf6av77vxPqphlgq++Y4MIC+fiOxLd+g
12-11 13:00:49.995  1453  1943 V GoogleSignatureVerifier: pYq0p6W7RWxEgrzLHnWiCX0dRmWDs+ey2t4f1WKzGoRQQS0Tn21CViThrVEe+zNwANnhErUcvoQB
12-11 13:00:49.995  1453  1943 V GoogleSignatureVerifier: 2m4/PQotuij7LZNccHJvUOUf5/4wIZd8JOgO3VLwzFO/HhrqUjafCvkpKTjW8oQmHLUz5m40ljET
12-11 13:00:49.995  1453  1943 V GoogleSignatureVerifier: GEjqQ6AuAwmaeFT+Bwj1DUaYg+m7AzalJ2aAtHVX0FftRUkCAQOjUDBOMB0GA1UdDgQWBBQi+Lgb
12-11 13:00:49.995  1453  1943 V GoogleSignatureVerifier: yFfWSoWCbQ+NVDF4ZKTPCjAfBgNVHSMEGDAWgBQi+LgbyFfWSoWCbQ+NVDF4ZKTPCjAMBgNVHRME
12-11 13:00:49.995  1453  1943 V GoogleSignatureVerifier: BTADAQH/MA0GCSqGSIb3DQEBCwUAA4IBAQBH1kIQlSBjXRMuQdaDLytr8ZaJXIN1HApg2QA8azYQ
12-11 13:00:49.995  1453  1943 V GoogleSignatureVerifier: XOS/B16gwm6tBfh1dL86LL/7w09oM9LZv8WwtQyFNjM97vvQvkaOGW/ubhrKOk3+8HTHkEx4n7H6
12-11 13:00:49.995  1453  1943 V GoogleSignatureVerifier: tYGOLdpmWepDfBSEFuLwq6yqG6wZFdd7IKO+sPlCxqUpqg40YAb4WOwzDbiuJnswDftP3wIaaJPh
12-11 13:00:49.995  1453  1943 V GoogleSignatureVerifier: li6OIjRKyd3Sgw1MtffHOy+WSwqHLkGNgH6GAgvZlvhPA/yim+rjnE9oKV5G6PygQK7kJJjS/Lde
12-11 13:00:49.995  1453  1943 V GoogleSignatureVerifier: qxE7M7pNRYPhcLT7qhE7MiuBuyqwAMTTBoU8u3lTdOZwNErbRT5tSXkgVMffkfN7wBNqpSSY
12-11 13:00:49.998  2134  2134 W System  : ClassLoader referenced unknown path: /system/priv-app/GMSCore/lib/arm
12-11 13:00:49.999  2134  2134 W System  : ClassLoader referenced unknown path: /system/priv-app/GMSCore/lib/arm
12-11 13:00:49.999  1453  1943 V GoogleSignatureVerifier: com.roboteam.teamy.usa signature not valid.  Found: 
12-11 13:00:49.999  1453  1943 V GoogleSignatureVerifier: MIID+zCCAuOgAwIBAgIJAP8GQTI8+VUSMA0GCSqGSIb3DQEBCwUAMIGUMQswCQYDVQQGEwJVUzET
12-11 13:00:49.999  1453  1943 V GoogleSignatureVerifier: MBEGA1UECAwKQ2FsaWZvcm5pYTEWMBQGA1UEBwwNTW91bnRhaW4gVmlldzEQMA4GA1UECgwHQW5k
12-11 13:00:49.999  1453  1943 V GoogleSignatureVerifier: cm9pZDEQMA4GA1UECwwHQW5kcm9pZDEQMA4GA1UEAwwHQW5kcm9pZDEiMCAGCSqGSIb3DQEJARYT
12-11 13:00:49.999  1453  1943 V GoogleSignatureVerifier: YW5kcm9pZEBhbmRyb2lkLmNvbTAeFw0xNDEyMjMwNjQzNDFaFw00MjA1MTAwNjQzNDFaMIGUMQsw
12-11 13:00:49.999  1453  1943 V GoogleSignatureVerifier: CQYDVQQGEwJVUzETMBEGA1UECAwKQ2FsaWZvcm5pYTEWMBQGA1UEBwwNTW91bnRhaW4gVmlldzEQ
12-11 13:00:49.999  1453  1943 V GoogleSignatureVerifier: MA4GA1UECgwHQW5kcm9pZDEQMA4GA1UECwwHQW5kcm9pZDEQMA4GA1UEAwwHQW5kcm9pZDEiMCAG
12-11 13:00:49.999  1453  1943 V GoogleSignatureVerifier: CSqGSIb3DQEJARYTYW5kcm9pZEBhbmRyb2lkLmNvbTCCASAwDQYJKoZIhvcNAQEBBQADggENADCC
12-11 13:00:49.999  1453  1943 V GoogleSignatureVerifier: AQgCggEBAKHY8Fl4XZzpJvgHoezYjhmKPvdq9DGYVc/X9NQO5oUlYIA/Ci5rzvljz13KbNve/Kxu
12-11 13:00:49.999  1453  1943 V GoogleSignatureVerifier: Eu9HN8SzsLg9EBhghOko8JxEg7I8W6uPVOoRngNCMvXzjf6av77vxPqphlgq++Y4MIC+fiOxLd+g
12-11 13:00:49.999  1453  1943 V GoogleSignatureVerifier: pYq0p6W7RWxEgrzLHnWiCX0dRmWDs+ey2t4f1WKzGoRQQS0Tn21CViThrVEe+zNwANnhErUcvoQB
12-11 13:00:49.999  1453  1943 V GoogleSignatureVerifier: 2m4/PQotuij7LZNccHJvUOUf5/4wIZd8JOgO3VLwzFO/HhrqUjafCvkpKTjW8oQmHLUz5m40ljET
12-11 13:00:49.999  1453  1943 V GoogleSignatureVerifier: GEjqQ6AuAwmaeFT+Bwj1DUaYg+m7AzalJ2aAtHVX0FftRUkCAQOjUDBOMB0GA1UdDgQWBBQi+Lgb
12-11 13:00:49.999  1453  1943 V GoogleSignatureVerifier: yFfWSoWCbQ+NVDF4ZKTPCjAfBgNVHSMEGDAWgBQi+LgbyFfWSoWCbQ+NVDF4ZKTPCjAMBgNVHRME
12-11 13:00:49.999  1453  1943 V GoogleSignatureVerifier: BTADAQH/MA0GCSqGSIb3DQEBCwUAA4IBAQBH1kIQlSBjXRMuQdaDLytr8ZaJXIN1HApg2QA8azYQ
12-11 13:00:49.999  1453  1943 V GoogleSignatureVerifier: XOS/B16gwm6tBfh1dL86LL/7w09oM9LZv8WwtQyFNjM97vvQvkaOGW/ubhrKOk3+8HTHkEx4n7H6
12-11 13:00:49.999  1453  1943 V GoogleSignatureVerifier: tYGOLdpmWepDfBSEFuLwq6yqG6wZFdd7IKO+sPlCxqUpqg40YAb4WOwzDbiuJnswDftP3wIaaJPh
12-11 13:00:49.999  1453  1943 V GoogleSignatureVerifier: li6OIjRKyd3Sgw1MtffHOy+WSwqHLkGNgH6GAgvZlvhPA/yim+rjnE9oKV5G6PygQK7kJJjS/Lde
12-11 13:00:49.999  1453  1943 V GoogleSignatureVerifier: qxE7M7pNRYPhcLT7qhE7MiuBuyqwAMTTBoU8u3lTdOZwNErbRT5tSXkgVMffkfN7wBNqpSSY
12-11 13:00:50.018  1453  1943 V GoogleSignatureVerifier: com.android.soundrecorder signature not valid.  Found: 
12-11 13:00:50.018  1453  1943 V GoogleSignatureVerifier: MIID+zCCAuOgAwIBAgIJAP8GQTI8+VUSMA0GCSqGSIb3DQEBCwUAMIGUMQswCQYDVQQGEwJVUzET
12-11 13:00:50.018  1453  1943 V GoogleSignatureVerifier: MBEGA1UECAwKQ2FsaWZvcm5pYTEWMBQGA1UEBwwNTW91bnRhaW4gVmlldzEQMA4GA1UECgwHQW5k
12-11 13:00:50.018  1453  1943 V GoogleSignatureVerifier: cm9pZDEQMA4GA1UECwwHQW5kcm9pZDEQMA4GA1UEAwwHQW5kcm9pZDEiMCAGCSqGSIb3DQEJARYT
12-11 13:00:50.018  1453  1943 V GoogleSignatureVerifier: YW5kcm9pZEBhbmRyb2lkLmNvbTAeFw0xNDEyMjMwNjQzNDFaFw00MjA1MTAwNjQzNDFaMIGUMQsw
12-11 13:00:50.018  1453  1943 V GoogleSignatureVerifier: CQYDVQQGEwJVUzETMBEGA1UECAwKQ2FsaWZvcm5pYTEWMBQGA1UEBwwNTW91bnRhaW4gVmlldzEQ
12-11 13:00:50.018  1453  1943 V GoogleSignatureVerifier: MA4GA1UECgwHQW5kcm9pZDEQMA4GA1UECwwHQW5kcm9pZDEQMA4GA1UEAwwHQW5kcm9pZDEiMCAG
12-11 13:00:50.018  1453  1943 V GoogleSignatureVerifier: CSqGSIb3DQEJARYTYW5kcm9pZEBhbmRyb2lkLmNvbTCCASAwDQYJKoZIhvcNAQEBBQADggENADCC
12-11 13:00:50.018  1453  1943 V GoogleSignatureVerifier: AQgCggEBAKHY8Fl4XZzpJvgHoezYjhmKPvdq9DGYVc/X9NQO5oUlYIA/Ci5rzvljz13KbNve/Kxu
12-11 13:00:50.018  1453  1943 V GoogleSignatureVerifier: Eu9HN8SzsLg9EBhghOko8JxEg7I8W6uPVOoRngNCMvXzjf6av77vxPqphlgq++Y4MIC+fiOxLd+g
12-11 13:00:50.018  1453  1943 V GoogleSignatureVerifier: pYq0p6W7RWxEgrzLHnWiCX0dRmWDs+ey2t4f1WKzGoRQQS0Tn21CViThrVEe+zNwANnhErUcvoQB
12-11 13:00:50.018  1453  1943 V GoogleSignatureVerifier: 2m4/PQotuij7LZNccHJvUOUf5/4wIZd8JOgO3VLwzFO/HhrqUjafCvkpKTjW8oQmHLUz5m40ljET
12-11 13:00:50.018  1453  1943 V GoogleSignatureVerifier: GEjqQ6AuAwmaeFT+Bwj1DUaYg+m7AzalJ2aAtHVX0FftRUkCAQOjUDBOMB0GA1UdDgQWBBQi+Lgb
12-11 13:00:50.018  1453  1943 V GoogleSignatureVerifier: yFfWSoWCbQ+NVDF4ZKTPCjAfBgNVHSMEGDAWgBQi+LgbyFfWSoWCbQ+NVDF4ZKTPCjAMBgNVHRME
12-11 13:00:50.018  1453  1943 V GoogleSignatureVerifier: BTADAQH/MA0GCSqGSIb3DQEBCwUAA4IBAQBH1kIQlSBjXRMuQdaDLytr8ZaJXIN1HApg2QA8azYQ
12-11 13:00:50.018  1453  1943 V GoogleSignatureVerifier: XOS/B16gwm6tBfh1dL86LL/7w09oM9LZv8WwtQyFNjM97vvQvkaOGW/ubhrKOk3+8HTHkEx4n7H6
12-11 13:00:50.018  1453  1943 V GoogleSignatureVerifier: tYGOLdpmWepDfBSEFuLwq6yqG6wZFdd7IKO+sPlCxqUpqg40YAb4WOwzDbiuJnswDftP3wIaaJPh
12-11 13:00:50.018  1453  1943 V GoogleSignatureVerifier: li6OIjRKyd3Sgw1MtffHOy+WSwqHLkGNgH6GAgvZlvhPA/yim+rjnE9oKV5G6PygQK7kJJjS/Lde
12-11 13:00:50.018  1453  1943 V GoogleSignatureVerifier: qxE7M7pNRYPhcLT7qhE7MiuBuyqwAMTTBoU8u3lTdOZwNErbRT5tSXkgVMffkfN7wBNqpSSY
12-11 13:00:50.019  2134  2134 W linker  : /system/priv-app/GMSCore/GMSCore.apk: unused DT entry: type 0x1d arg 0xef
12-11 13:00:50.019  2134  2134 W linker  : /system/priv-app/GMSCore/GMSCore.apk: unused DT entry: type 0x7ffffffd arg 0x1d8
12-11 13:00:50.022  1453  1943 V GoogleSignatureVerifier: com.android.soundrecorder signature not valid.  Found: 
12-11 13:00:50.022  1453  1943 V GoogleSignatureVerifier: MIID+zCCAuOgAwIBAgIJAP8GQTI8+VUSMA0GCSqGSIb3DQEBCwUAMIGUMQswCQYDVQQGEwJVUzET
12-11 13:00:50.022  1453  1943 V GoogleSignatureVerifier: MBEGA1UECAwKQ2FsaWZvcm5pYTEWMBQGA1UEBwwNTW91bnRhaW4gVmlldzEQMA4GA1UECgwHQW5k
12-11 13:00:50.022  1453  1943 V GoogleSignatureVerifier: cm9pZDEQMA4GA1UECwwHQW5kcm9pZDEQMA4GA1UEAwwHQW5kcm9pZDEiMCAGCSqGSIb3DQEJARYT
12-11 13:00:50.022  1453  1943 V GoogleSignatureVerifier: YW5kcm9pZEBhbmRyb2lkLmNvbTAeFw0xNDEyMjMwNjQzNDFaFw00MjA1MTAwNjQzNDFaMIGUMQsw
12-11 13:00:50.022  1453  1943 V GoogleSignatureVerifier: CQYDVQQGEwJVUzETMBEGA1UECAwKQ2FsaWZvcm5pYTEWMBQGA1UEBwwNTW91bnRhaW4gVmlldzEQ
12-11 13:00:50.022  1453  1943 V GoogleSignatureVerifier: MA4GA1UECgwHQW5kcm9pZDEQMA4GA1UECwwHQW5kcm9pZDEQMA4GA1UEAwwHQW5kcm9pZDEiMCAG
12-11 13:00:50.022  1453  1943 V GoogleSignatureVerifier: CSqGSIb3DQEJARYTYW5kcm9pZEBhbmRyb2lkLmNvbTCCASAwDQYJKoZIhvcNAQEBBQADggENADCC
12-11 13:00:50.022  1453  1943 V GoogleSignatureVerifier: AQgCggEBAKHY8Fl4XZzpJvgHoezYjhmKPvdq9DGYVc/X9NQO5oUlYIA/Ci5rzvljz13KbNve/Kxu
12-11 13:00:50.022  1453  1943 V GoogleSignatureVerifier: Eu9HN8SzsLg9EBhghOko8JxEg7I8W6uPVOoRngNCMvXzjf6av77vxPqphlgq++Y4MIC+fiOxLd+g
12-11 13:00:50.022  1453  1943 V GoogleSignatureVerifier: pYq0p6W7RWxEgrzLHnWiCX0dRmWDs+ey2t4f1WKzGoRQQS0Tn21CViThrVEe+zNwANnhErUcvoQB
12-11 13:00:50.022  1453  1943 V GoogleSignatureVerifier: 2m4/PQotuij7LZNccHJvUOUf5/4wIZd8JOgO3VLwzFO/HhrqUjafCvkpKTjW8oQmHLUz5m40ljET
12-11 13:00:50.022  1453  1943 V GoogleSignatureVerifier: GEjqQ6AuAwmaeFT+Bwj1DUaYg+m7AzalJ2aAtHVX0FftRUkCAQOjUDBOMB0GA1UdDgQWBBQi+Lgb
12-11 13:00:50.022  1453  1943 V GoogleSignatureVerifier: yFfWSoWCbQ+NVDF4ZKTPCjAfBgNVHSMEGDAWgBQi+LgbyFfWSoWCbQ+NVDF4ZKTPCjAMBgNVHRME
12-11 13:00:50.022  1453  1943 V GoogleSignatureVerifier: BTADAQH/MA0GCSqGSIb3DQEBCwUAA4IBAQBH1kIQlSBjXRMuQdaDLytr8ZaJXIN1HApg2QA8azYQ
12-11 13:00:50.022  1453  1943 V GoogleSignatureVerifier: XOS/B16gwm6tBfh1dL86LL/7w09oM9LZv8WwtQyFNjM97vvQvkaOGW/ubhrKOk3+8HTHkEx4n7H6
12-11 13:00:50.022  1453  1943 V GoogleSignatureVerifier: tYGOLdpmWepDfBSEFuLwq6yqG6wZFdd7IKO+sPlCxqUpqg40YAb4WOwzDbiuJnswDftP3wIaaJPh
12-11 13:00:50.022  1453  1943 V GoogleSignatureVerifier: li6OIjRKyd3Sgw1MtffHOy+WSwqHLkGNgH6GAgvZlvhPA/yim+rjnE9oKV5G6PygQK7kJJjS/Lde
12-11 13:00:50.022  1453  1943 V GoogleSignatureVerifier: qxE7M7pNRYPhcLT7qhE7MiuBuyqwAMTTBoU8u3lTdOZwNErbRT5tSXkgVMffkfN7wBNqpSSY
12-11 13:00:50.024  2134  2134 V JNIHelp : Registering com/google/android/gms/org/conscrypt/NativeCrypto's 254 native methods...
12-11 13:00:50.038  1453  1943 V GoogleSignatureVerifier: android signature not valid.  Found: 
12-11 13:00:50.038  1453  1943 V GoogleSignatureVerifier: MIID+zCCAuOgAwIBAgIJAP8GQTI8+VUSMA0GCSqGSIb3DQEBCwUAMIGUMQswCQYDVQQGEwJVUzET
12-11 13:00:50.038  1453  1943 V GoogleSignatureVerifier: MBEGA1UECAwKQ2FsaWZvcm5pYTEWMBQGA1UEBwwNTW91bnRhaW4gVmlldzEQMA4GA1UECgwHQW5k
12-11 13:00:50.038  1453  1943 V GoogleSignatureVerifier: cm9pZDEQMA4GA1UECwwHQW5kcm9pZDEQMA4GA1UEAwwHQW5kcm9pZDEiMCAGCSqGSIb3DQEJARYT
12-11 13:00:50.038  1453  1943 V GoogleSignatureVerifier: YW5kcm9pZEBhbmRyb2lkLmNvbTAeFw0xNDEyMjMwNjQzNDFaFw00MjA1MTAwNjQzNDFaMIGUMQsw
12-11 13:00:50.038  1453  1943 V GoogleSignatureVerifier: CQYDVQQGEwJVUzETMBEGA1UECAwKQ2FsaWZvcm5pYTEWMBQGA1UEBwwNTW91bnRhaW4gVmlldzEQ
12-11 13:00:50.038  1453  1943 V GoogleSignatureVerifier: MA4GA1UECgwHQW5kcm9pZDEQMA4GA1UECwwHQW5kcm9pZDEQMA4GA1UEAwwHQW5kcm9pZDEiMCAG
12-11 13:00:50.038  1453  1943 V GoogleSignatureVerifier: CSqGSIb3DQEJARYTYW5kcm9pZEBhbmRyb2lkLmNvbTCCASAwDQYJKoZIhvcNAQEBBQADggENADCC
12-11 13:00:50.038  1453  1943 V GoogleSignatureVerifier: AQgCggEBAKHY8Fl4XZzpJvgHoezYjhmKPvdq9DGYVc/X9NQO5oUlYIA/Ci5rzvljz13KbNve/Kxu
12-11 13:00:50.038  1453  1943 V GoogleSignatureVerifier: Eu9HN8SzsLg9EBhghOko8JxEg7I8W6uPVOoRngNCMvXzjf6av77vxPqphlgq++Y4MIC+fiOxLd+g
12-11 13:00:50.038  1453  1943 V GoogleSignatureVerifier: pYq0p6W7RWxEgrzLHnWiCX0dRmWDs+ey2t4f1WKzGoRQQS0Tn21CViThrVEe+zNwANnhErUcvoQB
12-11 13:00:50.038  1453  1943 V GoogleSignatureVerifier: 2m4/PQotuij7LZNccHJvUOUf5/4wIZd8JOgO3VLwzFO/HhrqUjafCvkpKTjW8oQmHLUz5m40ljET
12-11 13:00:50.038  1453  1943 V GoogleSignatureVerifier: GEjqQ6AuAwmaeFT+Bwj1DUaYg+m7AzalJ2aAtHVX0FftRUkCAQOjUDBOMB0GA1UdDgQWBBQi+Lgb
12-11 13:00:50.038  1453  1943 V GoogleSignatureVerifier: yFfWSoWCbQ+NVDF4ZKTPCjAfBgNVHSMEGDAWgBQi+LgbyFfWSoWCbQ+NVDF4ZKTPCjAMBgNVHRME
12-11 13:00:50.038  1453  1943 V GoogleSignatureVerifier: BTADAQH/MA0GCSqGSIb3DQEBCwUAA4IBAQBH1kIQlSBjXRMuQdaDLytr8ZaJXIN1HApg2QA8azYQ
12-11 13:00:50.038  1453  1943 V GoogleSignatureVerifier: XOS/B16gwm6tBfh1dL86LL/7w09oM9LZv8WwtQyFNjM97vvQvkaOGW/ubhrKOk3+8HTHkEx4n7H6
12-11 13:00:50.038  1453  1943 V GoogleSignatureVerifier: tYGOLdpmWepDfBSEFuLwq6yqG6wZFdd7IKO+sPlCxqUpqg40YAb4WOwzDbiuJnswDftP3wIaaJPh
12-11 13:00:50.038  1453  1943 V GoogleSignatureVerifier: li6OIjRKyd3Sgw1MtffHOy+WSwqHLkGNgH6GAgvZlvhPA/yim+rjnE9oKV5G6PygQK7kJJjS/Lde
12-11 13:00:50.038  1453  1943 V GoogleSignatureVerifier: qxE7M7pNRYPhcLT7qhE7MiuBuyqwAMTTBoU8u3lTdOZwNErbRT5tSXkgVMffkfN7wBNqpSSY
12-11 13:00:50.042  1453  1943 V GoogleSignatureVerifier: android signature not valid.  Found: 
12-11 13:00:50.042  1453  1943 V GoogleSignatureVerifier: MIID+zCCAuOgAwIBAgIJAP8GQTI8+VUSMA0GCSqGSIb3DQEBCwUAMIGUMQswCQYDVQQGEwJVUzET
12-11 13:00:50.042  1453  1943 V GoogleSignatureVerifier: MBEGA1UECAwKQ2FsaWZvcm5pYTEWMBQGA1UEBwwNTW91bnRhaW4gVmlldzEQMA4GA1UECgwHQW5k
12-11 13:00:50.042  1453  1943 V GoogleSignatureVerifier: cm9pZDEQMA4GA1UECwwHQW5kcm9pZDEQMA4GA1UEAwwHQW5kcm9pZDEiMCAGCSqGSIb3DQEJARYT
12-11 13:00:50.042  1453  1943 V GoogleSignatureVerifier: YW5kcm9pZEBhbmRyb2lkLmNvbTAeFw0xNDEyMjMwNjQzNDFaFw00MjA1MTAwNjQzNDFaMIGUMQsw
12-11 13:00:50.042  1453  1943 V GoogleSignatureVerifier: CQYDVQQGEwJVUzETMBEGA1UECAwKQ2FsaWZvcm5pYTEWMBQGA1UEBwwNTW91bnRhaW4gVmlldzEQ
12-11 13:00:50.042  1453  1943 V GoogleSignatureVerifier: MA4GA1UECgwHQW5kcm9pZDEQMA4GA1UECwwHQW5kcm9pZDEQMA4GA1UEAwwHQW5kcm9pZDEiMCAG
12-11 13:00:50.042  1453  1943 V GoogleSignatureVerifier: CSqGSIb3DQEJARYTYW5kcm9pZEBhbmRyb2lkLmNvbTCCASAwDQYJKoZIhvcNAQEBBQADggENADCC
12-11 13:00:50.042  1453  1943 V GoogleSignatureVerifier: AQgCggEBAKHY8Fl4XZzpJvgHoezYjhmKPvdq9DGYVc/X9NQO5oUlYIA/Ci5rzvljz13KbNve/Kxu
12-11 13:00:50.042  1453  1943 V GoogleSignatureVerifier: Eu9HN8SzsLg9EBhghOko8JxEg7I8W6uPVOoRngNCMvXzjf6av77vxPqphlgq++Y4MIC+fiOxLd+g
12-11 13:00:50.042  1453  1943 V GoogleSignatureVerifier: pYq0p6W7RWxEgrzLHnWiCX0dRmWDs+ey2t4f1WKzGoRQQS0Tn21CViThrVEe+zNwANnhErUcvoQB
12-11 13:00:50.042  1453  1943 V GoogleSignatureVerifier: 2m4/PQotuij7LZNccHJvUOUf5/4wIZd8JOgO3VLwzFO/HhrqUjafCvkpKTjW8oQmHLUz5m40ljET
12-11 13:00:50.042  1453  1943 V GoogleSignatureVerifier: GEjqQ6AuAwmaeFT+Bwj1DUaYg+m7AzalJ2aAtHVX0FftRUkCAQOjUDBOMB0GA1UdDgQWBBQi+Lgb
12-11 13:00:50.042  1453  1943 V GoogleSignatureVerifier: yFfWSoWCbQ+NVDF4ZKTPCjAfBgNVHSMEGDAWgBQi+LgbyFfWSoWCbQ+NVDF4ZKTPCjAMBgNVHRME
12-11 13:00:50.042  1453  1943 V GoogleSignatureVerifier: BTADAQH/MA0GCSqGSIb3DQEBCwUAA4IBAQBH1kIQlSBjXRMuQdaDLytr8ZaJXIN1HApg2QA8azYQ
12-11 13:00:50.042  1453  1943 V GoogleSignatureVerifier: XOS/B16gwm6tBfh1dL86LL/7w09oM9LZv8WwtQyFNjM97vvQvkaOGW/ubhrKOk3+8HTHkEx4n7H6
12-11 13:00:50.042  1453  1943 V GoogleSignatureVerifier: tYGOLdpmWepDfBSEFuLwq6yqG6wZFdd7IKO+sPlCxqUpqg40YAb4WOwzDbiuJnswDftP3wIaaJPh
12-11 13:00:50.042  1453  1943 V GoogleSignatureVerifier: li6OIjRKyd3Sgw1MtffHOy+WSwqHLkGNgH6GAgvZlvhPA/yim+rjnE9oKV5G6PygQK7kJJjS/Lde
12-11 13:00:50.042  1453  1943 V GoogleSignatureVerifier: qxE7M7pNRYPhcLT7qhE7MiuBuyqwAMTTBoU8u3lTdOZwNErbRT5tSXkgVMffkfN7wBNqpSSY
12-11 13:00:50.053  2134  2134 I ProviderInstaller: Installed default security provider GmsCore_OpenSSL
12-11 13:00:50.058  1453  1943 V GoogleSignatureVerifier: com.roboteam.teamy.youtubeskill.usa signature not valid.  Found: 
12-11 13:00:50.058  1453  1943 V GoogleSignatureVerifier: MIID+zCCAuOgAwIBAgIJAP8GQTI8+VUSMA0GCSqGSIb3DQEBCwUAMIGUMQswCQYDVQQGEwJVUzET
12-11 13:00:50.058  1453  1943 V GoogleSignatureVerifier: MBEGA1UECAwKQ2FsaWZvcm5pYTEWMBQGA1UEBwwNTW91bnRhaW4gVmlldzEQMA4GA1UECgwHQW5k
12-11 13:00:50.058  1453  1943 V GoogleSignatureVerifier: cm9pZDEQMA4GA1UECwwHQW5kcm9pZDEQMA4GA1UEAwwHQW5kcm9pZDEiMCAGCSqGSIb3DQEJARYT
12-11 13:00:50.058  1453  1943 V GoogleSignatureVerifier: YW5kcm9pZEBhbmRyb2lkLmNvbTAeFw0xNDEyMjMwNjQzNDFaFw00MjA1MTAwNjQzNDFaMIGUMQsw
12-11 13:00:50.058  1453  1943 V GoogleSignatureVerifier: CQYDVQQGEwJVUzETMBEGA1UECAwKQ2FsaWZvcm5pYTEWMBQGA1UEBwwNTW91bnRhaW4gVmlldzEQ
12-11 13:00:50.058  1453  1943 V GoogleSignatureVerifier: MA4GA1UECgwHQW5kcm9pZDEQMA4GA1UECwwHQW5kcm9pZDEQMA4GA1UEAwwHQW5kcm9pZDEiMCAG
12-11 13:00:50.058  1453  1943 V GoogleSignatureVerifier: CSqGSIb3DQEJARYTYW5kcm9pZEBhbmRyb2lkLmNvbTCCASAwDQYJKoZIhvcNAQEBBQADggENADCC
12-11 13:00:50.058  1453  1943 V GoogleSignatureVerifier: AQgCggEBAKHY8Fl4XZzpJvgHoezYjhmKPvdq9DGYVc/X9NQO5oUlYIA/Ci5rzvljz13KbNve/Kxu
12-11 13:00:50.058  1453  1943 V GoogleSignatureVerifier: Eu9HN8SzsLg9EBhghOko8JxEg7I8W6uPVOoRngNCMvXzjf6av77vxPqphlgq++Y4MIC+fiOxLd+g
12-11 13:00:50.058  1453  1943 V GoogleSignatureVerifier: pYq0p6W7RWxEgrzLHnWiCX0dRmWDs+ey2t4f1WKzGoRQQS0Tn21CViThrVEe+zNwANnhErUcvoQB
12-11 13:00:50.058  1453  1943 V GoogleSignatureVerifier: 2m4/PQotuij7LZNccHJvUOUf5/4wIZd8JOgO3VLwzFO/HhrqUjafCvkpKTjW8oQmHLUz5m40ljET
12-11 13:00:50.058  1453  1943 V GoogleSignatureVerifier: GEjqQ6AuAwmaeFT+Bwj1DUaYg+m7AzalJ2aAtHVX0FftRUkCAQOjUDBOMB0GA1UdDgQWBBQi+Lgb
12-11 13:00:50.058  1453  1943 V GoogleSignatureVerifier: yFfWSoWCbQ+NVDF4ZKTPCjAfBgNVHSMEGDAWgBQi+LgbyFfWSoWCbQ+NVDF4ZKTPCjAMBgNVHRME
12-11 13:00:50.058  1453  1943 V GoogleSignatureVerifier: BTADAQH/MA0GCSqGSIb3DQEBCwUAA4IBAQBH1kIQlSBjXRMuQdaDLytr8ZaJXIN1HApg2QA8azYQ
12-11 13:00:50.058  1453  1943 V GoogleSignatureVerifier: XOS/B16gwm6tBfh1dL86LL/7w09oM9LZv8WwtQyFNjM97vvQvkaOGW/ubhrKOk3+8HTHkEx4n7H6
12-11 13:00:50.058  1453  1943 V GoogleSignatureVerifier: tYGOLdpmWepDfBSEFuLwq6yqG6wZFdd7IKO+sPlCxqUpqg40YAb4WOwzDbiuJnswDftP3wIaaJPh
12-11 13:00:50.058  1453  1943 V GoogleSignatureVerifier: li6OIjRKyd3Sgw1MtffHOy+WSwqHLkGNgH6GAgvZlvhPA/yim+rjnE9oKV5G6PygQK7kJJjS/Lde
12-11 13:00:50.058  1453  1943 V GoogleSignatureVerifier: qxE7M7pNRYPhcLT7qhE7MiuBuyqwAMTTBoU8u3lTdOZwNErbRT5tSXkgVMffkfN7wBNqpSSY
12-11 13:00:50.062  1453  1943 V GoogleSignatureVerifier: com.roboteam.teamy.youtubeskill.usa signature not valid.  Found: 
12-11 13:00:50.062  1453  1943 V GoogleSignatureVerifier: MIID+zCCAuOgAwIBAgIJAP8GQTI8+VUSMA0GCSqGSIb3DQEBCwUAMIGUMQswCQYDVQQGEwJVUzET
12-11 13:00:50.062  1453  1943 V GoogleSignatureVerifier: MBEGA1UECAwKQ2FsaWZvcm5pYTEWMBQGA1UEBwwNTW91bnRhaW4gVmlldzEQMA4GA1UECgwHQW5k
12-11 13:00:50.062  1453  1943 V GoogleSignatureVerifier: cm9pZDEQMA4GA1UECwwHQW5kcm9pZDEQMA4GA1UEAwwHQW5kcm9pZDEiMCAGCSqGSIb3DQEJARYT
12-11 13:00:50.062  1453  1943 V GoogleSignatureVerifier: YW5kcm9pZEBhbmRyb2lkLmNvbTAeFw0xNDEyMjMwNjQzNDFaFw00MjA1MTAwNjQzNDFaMIGUMQsw
12-11 13:00:50.062  1453  1943 V GoogleSignatureVerifier: CQYDVQQGEwJVUzETMBEGA1UECAwKQ2FsaWZvcm5pYTEWMBQGA1UEBwwNTW91bnRhaW4gVmlldzEQ
12-11 13:00:50.062  1453  1943 V GoogleSignatureVerifier: MA4GA1UECgwHQW5kcm9pZDEQMA4GA1UECwwHQW5kcm9pZDEQMA4GA1UEAwwHQW5kcm9pZDEiMCAG
12-11 13:00:50.062  1453  1943 V GoogleSignatureVerifier: CSqGSIb3DQEJARYTYW5kcm9pZEBhbmRyb2lkLmNvbTCCASAwDQYJKoZIhvcNAQEBBQADggENADCC
12-11 13:00:50.062  1453  1943 V GoogleSignatureVerifier: AQgCggEBAKHY8Fl4XZzpJvgHoezYjhmKPvdq9DGYVc/X9NQO5oUlYIA/Ci5rzvljz13KbNve/Kxu
12-11 13:00:50.062  1453  1943 V GoogleSignatureVerifier: Eu9HN8SzsLg9EBhghOko8JxEg7I8W6uPVOoRngNCMvXzjf6av77vxPqphlgq++Y4MIC+fiOxLd+g
12-11 13:00:50.062  1453  1943 V GoogleSignatureVerifier: pYq0p6W7RWxEgrzLHnWiCX0dRmWDs+ey2t4f1WKzGoRQQS0Tn21CViThrVEe+zNwANnhErUcvoQB
12-11 13:00:50.062  1453  1943 V GoogleSignatureVerifier: 2m4/PQotuij7LZNccHJvUOUf5/4wIZd8JOgO3VLwzFO/HhrqUjafCvkpKTjW8oQmHLUz5m40ljET
12-11 13:00:50.062  1453  1943 V GoogleSignatureVerifier: GEjqQ6AuAwmaeFT+Bwj1DUaYg+m7AzalJ2aAtHVX0FftRUkCAQOjUDBOMB0GA1UdDgQWBBQi+Lgb
12-11 13:00:50.062  1453  1943 V GoogleSignatureVerifier: yFfWSoWCbQ+NVDF4ZKTPCjAfBgNVHSMEGDAWgBQi+LgbyFfWSoWCbQ+NVDF4ZKTPCjAMBgNVHRME
12-11 13:00:50.062  1453  1943 V GoogleSignatureVerifier: BTADAQH/MA0GCSqGSIb3DQEBCwUAA4IBAQBH1kIQlSBjXRMuQdaDLytr8ZaJXIN1HApg2QA8azYQ
12-11 13:00:50.062  1453  1943 V GoogleSignatureVerifier: XOS/B16gwm6tBfh1dL86LL/7w09oM9LZv8WwtQyFNjM97vvQvkaOGW/ubhrKOk3+8HTHkEx4n7H6
12-11 13:00:50.062  1453  1943 V GoogleSignatureVerifier: tYGOLdpmWepDfBSEFuLwq6yqG6wZFdd7IKO+sPlCxqUpqg40YAb4WOwzDbiuJnswDftP3wIaaJPh
12-11 13:00:50.062  1453  1943 V GoogleSignatureVerifier: li6OIjRKyd3Sgw1MtffHOy+WSwqHLkGNgH6GAgvZlvhPA/yim+rjnE9oKV5G6PygQK7kJJjS/Lde
12-11 13:00:50.062  1453  1943 V GoogleSignatureVerifier: qxE7M7pNRYPhcLT7qhE7MiuBuyqwAMTTBoU8u3lTdOZwNErbRT5tSXkgVMffkfN7wBNqpSSY
12-11 13:00:50.072  2134  2134 D ChimeraCfgMgr: Reading stored module config
12-11 13:00:50.087  2134  2159 D NativeLibraryUtils: Install completed successfully. count=12 extracted=0
12-11 13:00:50.099  1453  1943 V GoogleSignatureVerifier: com.roboteam.teamy.newsskill.usa signature not valid.  Found: 
12-11 13:00:50.099  1453  1943 V GoogleSignatureVerifier: MIID+zCCAuOgAwIBAgIJAP8GQTI8+VUSMA0GCSqGSIb3DQEBCwUAMIGUMQswCQYDVQQGEwJVUzET
12-11 13:00:50.099  1453  1943 V GoogleSignatureVerifier: MBEGA1UECAwKQ2FsaWZvcm5pYTEWMBQGA1UEBwwNTW91bnRhaW4gVmlldzEQMA4GA1UECgwHQW5k
12-11 13:00:50.099  1453  1943 V GoogleSignatureVerifier: cm9pZDEQMA4GA1UECwwHQW5kcm9pZDEQMA4GA1UEAwwHQW5kcm9pZDEiMCAGCSqGSIb3DQEJARYT
12-11 13:00:50.099  1453  1943 V GoogleSignatureVerifier: YW5kcm9pZEBhbmRyb2lkLmNvbTAeFw0xNDEyMjMwNjQzNDFaFw00MjA1MTAwNjQzNDFaMIGUMQsw
12-11 13:00:50.099  1453  1943 V GoogleSignatureVerifier: CQYDVQQGEwJVUzETMBEGA1UECAwKQ2FsaWZvcm5pYTEWMBQGA1UEBwwNTW91bnRhaW4gVmlldzEQ
12-11 13:00:50.099  1453  1943 V GoogleSignatureVerifier: MA4GA1UECgwHQW5kcm9pZDEQMA4GA1UECwwHQW5kcm9pZDEQMA4GA1UEAwwHQW5kcm9pZDEiMCAG
12-11 13:00:50.099  1453  1943 V GoogleSignatureVerifier: CSqGSIb3DQEJARYTYW5kcm9pZEBhbmRyb2lkLmNvbTCCASAwDQYJKoZIhvcNAQEBBQADggENADCC
12-11 13:00:50.099  1453  1943 V GoogleSignatureVerifier: AQgCggEBAKHY8Fl4XZzpJvgHoezYjhmKPvdq9DGYVc/X9NQO5oUlYIA/Ci5rzvljz13KbNve/Kxu
12-11 13:00:50.099  1453  1943 V GoogleSignatureVerifier: Eu9HN8SzsLg9EBhghOko8JxEg7I8W6uPVOoRngNCMvXzjf6av77vxPqphlgq++Y4MIC+fiOxLd+g
12-11 13:00:50.099  1453  1943 V GoogleSignatureVerifier: pYq0p6W7RWxEgrzLHnWiCX0dRmWDs+ey2t4f1WKzGoRQQS0Tn21CViThrVEe+zNwANnhErUcvoQB
12-11 13:00:50.099  1453  1943 V GoogleSignatureVerifier: 2m4/PQotuij7LZNccHJvUOUf5/4wIZd8JOgO3VLwzFO/HhrqUjafCvkpKTjW8oQmHLUz5m40ljET
12-11 13:00:50.099  1453  1943 V GoogleSignatureVerifier: GEjqQ6AuAwmaeFT+Bwj1DUaYg+m7AzalJ2aAtHVX0FftRUkCAQOjUDBOMB0GA1UdDgQWBBQi+Lgb
12-11 13:00:50.099  1453  1943 V GoogleSignatureVerifier: yFfWSoWCbQ+NVDF4ZKTPCjAfBgNVHSMEGDAWgBQi+LgbyFfWSoWCbQ+NVDF4ZKTPCjAMBgNVHRME
12-11 13:00:50.099  1453  1943 V GoogleSignatureVerifier: BTADAQH/MA0GCSqGSIb3DQEBCwUAA4IBAQBH1kIQlSBjXRMuQdaDLytr8ZaJXIN1HApg2QA8azYQ
12-11 13:00:50.099  1453  1943 V GoogleSignatureVerifier: XOS/B16gwm6tBfh1dL86LL/7w09oM9LZv8WwtQyFNjM97vvQvkaOGW/ubhrKOk3+8HTHkEx4n7H6
12-11 13:00:50.099  1453  1943 V GoogleSignatureVerifier: tYGOLdpmWepDfBSEFuLwq6yqG6wZFdd7IKO+sPlCxqUpqg40YAb4WOwzDbiuJnswDftP3wIaaJPh
12-11 13:00:50.099  1453  1943 V GoogleSignatureVerifier: li6OIjRKyd3Sgw1MtffHOy+WSwqHLkGNgH6GAgvZlvhPA/yim+rjnE9oKV5G6PygQK7kJJjS/Lde
12-11 13:00:50.099  1453  1943 V GoogleSignatureVerifier: qxE7M7pNRYPhcLT7qhE7MiuBuyqwAMTTBoU8u3lTdOZwNErbRT5tSXkgVMffkfN7wBNqpSSY
12-11 13:00:50.104  1453  1943 V GoogleSignatureVerifier: com.roboteam.teamy.newsskill.usa signature not valid.  Found: 
12-11 13:00:50.104  1453  1943 V GoogleSignatureVerifier: MIID+zCCAuOgAwIBAgIJAP8GQTI8+VUSMA0GCSqGSIb3DQEBCwUAMIGUMQswCQYDVQQGEwJVUzET
12-11 13:00:50.104  1453  1943 V GoogleSignatureVerifier: MBEGA1UECAwKQ2FsaWZvcm5pYTEWMBQGA1UEBwwNTW91bnRhaW4gVmlldzEQMA4GA1UECgwHQW5k
12-11 13:00:50.104  1453  1943 V GoogleSignatureVerifier: cm9pZDEQMA4GA1UECwwHQW5kcm9pZDEQMA4GA1UEAwwHQW5kcm9pZDEiMCAGCSqGSIb3DQEJARYT
12-11 13:00:50.104  1453  1943 V GoogleSignatureVerifier: YW5kcm9pZEBhbmRyb2lkLmNvbTAeFw0xNDEyMjMwNjQzNDFaFw00MjA1MTAwNjQzNDFaMIGUMQsw
12-11 13:00:50.104  1453  1943 V GoogleSignatureVerifier: CQYDVQQGEwJVUzETMBEGA1UECAwKQ2FsaWZvcm5pYTEWMBQGA1UEBwwNTW91bnRhaW4gVmlldzEQ
12-11 13:00:50.104  1453  1943 V GoogleSignatureVerifier: MA4GA1UECgwHQW5kcm9pZDEQMA4GA1UECwwHQW5kcm9pZDEQMA4GA1UEAwwHQW5kcm9pZDEiMCAG
12-11 13:00:50.104  1453  1943 V GoogleSignatureVerifier: CSqGSIb3DQEJARYTYW5kcm9pZEBhbmRyb2lkLmNvbTCCASAwDQYJKoZIhvcNAQEBBQADggENADCC
12-11 13:00:50.104  1453  1943 V GoogleSignatureVerifier: AQgCggEBAKHY8Fl4XZzpJvgHoezYjhmKPvdq9DGYVc/X9NQO5oUlYIA/Ci5rzvljz13KbNve/Kxu
12-11 13:00:50.104  1453  1943 V GoogleSignatureVerifier: Eu9HN8SzsLg9EBhghOko8JxEg7I8W6uPVOoRngNCMvXzjf6av77vxPqphlgq++Y4MIC+fiOxLd+g
12-11 13:00:50.104  1453  1943 V GoogleSignatureVerifier: pYq0p6W7RWxEgrzLHnWiCX0dRmWDs+ey2t4f1WKzGoRQQS0Tn21CViThrVEe+zNwANnhErUcvoQB
12-11 13:00:50.104  1453  1943 V GoogleSignatureVerifier: 2m4/PQotuij7LZNccHJvUOUf5/4wIZd8JOgO3VLwzFO/HhrqUjafCvkpKTjW8oQmHLUz5m40ljET
12-11 13:00:50.104  1453  1943 V GoogleSignatureVerifier: GEjqQ6AuAwmaeFT+Bwj1DUaYg+m7AzalJ2aAtHVX0FftRUkCAQOjUDBOMB0GA1UdDgQWBBQi+Lgb
12-11 13:00:50.104  1453  1943 V GoogleSignatureVerifier: yFfWSoWCbQ+NVDF4ZKTPCjAfBgNVHSMEGDAWgBQi+LgbyFfWSoWCbQ+NVDF4ZKTPCjAMBgNVHRME
12-11 13:00:50.104  1453  1943 V GoogleSignatureVerifier: BTADAQH/MA0GCSqGSIb3DQEBCwUAA4IBAQBH1kIQlSBjXRMuQdaDLytr8ZaJXIN1HApg2QA8azYQ
12-11 13:00:50.104  1453  1943 V GoogleSignatureVerifier: XOS/B16gwm6tBfh1dL86LL/7w09oM9LZv8WwtQyFNjM97vvQvkaOGW/ubhrKOk3+8HTHkEx4n7H6
12-11 13:00:50.104  1453  1943 V GoogleSignatureVerifier: tYGOLdpmWepDfBSEFuLwq6yqG6wZFdd7IKO+sPlCxqUpqg40YAb4WOwzDbiuJnswDftP3wIaaJPh
12-11 13:00:50.104  1453  1943 V GoogleSignatureVerifier: li6OIjRKyd3Sgw1MtffHOy+WSwqHLkGNgH6GAgvZlvhPA/yim+rjnE9oKV5G6PygQK7kJJjS/Lde
12-11 13:00:50.104  1453  1943 V GoogleSignatureVerifier: qxE7M7pNRYPhcLT7qhE7MiuBuyqwAMTTBoU8u3lTdOZwNErbRT5tSXkgVMffkfN7wBNqpSSY
12-11 13:00:50.118  1453  1943 V GoogleSignatureVerifier: com.roboteam.teamy.knowledgeskill.usa signature not valid.  Found: 
12-11 13:00:50.118  1453  1943 V GoogleSignatureVerifier: MIID+zCCAuOgAwIBAgIJAP8GQTI8+VUSMA0GCSqGSIb3DQEBCwUAMIGUMQswCQYDVQQGEwJVUzET
12-11 13:00:50.118  1453  1943 V GoogleSignatureVerifier: MBEGA1UECAwKQ2FsaWZvcm5pYTEWMBQGA1UEBwwNTW91bnRhaW4gVmlldzEQMA4GA1UECgwHQW5k
12-11 13:00:50.118  1453  1943 V GoogleSignatureVerifier: cm9pZDEQMA4GA1UECwwHQW5kcm9pZDEQMA4GA1UEAwwHQW5kcm9pZDEiMCAGCSqGSIb3DQEJARYT
12-11 13:00:50.118  1453  1943 V GoogleSignatureVerifier: YW5kcm9pZEBhbmRyb2lkLmNvbTAeFw0xNDEyMjMwNjQzNDFaFw00MjA1MTAwNjQzNDFaMIGUMQsw
12-11 13:00:50.118  1453  1943 V GoogleSignatureVerifier: CQYDVQQGEwJVUzETMBEGA1UECAwKQ2FsaWZvcm5pYTEWMBQGA1UEBwwNTW91bnRhaW4gVmlldzEQ
12-11 13:00:50.118  1453  1943 V GoogleSignatureVerifier: MA4GA1UECgwHQW5kcm9pZDEQMA4GA1UECwwHQW5kcm9pZDEQMA4GA1UEAwwHQW5kcm9pZDEiMCAG
12-11 13:00:50.118  1453  1943 V GoogleSignatureVerifier: CSqGSIb3DQEJARYTYW5kcm9pZEBhbmRyb2lkLmNvbTCCASAwDQYJKoZIhvcNAQEBBQADggENADCC
12-11 13:00:50.118  1453  1943 V GoogleSignatureVerifier: AQgCggEBAKHY8Fl4XZzpJvgHoezYjhmKPvdq9DGYVc/X9NQO5oUlYIA/Ci5rzvljz13KbNve/Kxu
12-11 13:00:50.118  1453  1943 V GoogleSignatureVerifier: Eu9HN8SzsLg9EBhghOko8JxEg7I8W6uPVOoRngNCMvXzjf6av77vxPqphlgq++Y4MIC+fiOxLd+g
12-11 13:00:50.118  1453  1943 V GoogleSignatureVerifier: pYq0p6W7RWxEgrzLHnWiCX0dRmWDs+ey2t4f1WKzGoRQQS0Tn21CViThrVEe+zNwANnhErUcvoQB
12-11 13:00:50.118  1453  1943 V GoogleSignatureVerifier: 2m4/PQotuij7LZNccHJvUOUf5/4wIZd8JOgO3VLwzFO/HhrqUjafCvkpKTjW8oQmHLUz5m40ljET
12-11 13:00:50.118  1453  1943 V GoogleSignatureVerifier: GEjqQ6AuAwmaeFT+Bwj1DUaYg+m7AzalJ2aAtHVX0FftRUkCAQOjUDBOMB0GA1UdDgQWBBQi+Lgb
12-11 13:00:50.118  1453  1943 V GoogleSignatureVerifier: yFfWSoWCbQ+NVDF4ZKTPCjAfBgNVHSMEGDAWgBQi+LgbyFfWSoWCbQ+NVDF4ZKTPCjAMBgNVHRME
12-11 13:00:50.118  1453  1943 V GoogleSignatureVerifier: BTADAQH/MA0GCSqGSIb3DQEBCwUAA4IBAQBH1kIQlSBjXRMuQdaDLytr8ZaJXIN1HApg2QA8azYQ
12-11 13:00:50.118  1453  1943 V GoogleSignatureVerifier: XOS/B16gwm6tBfh1dL86LL/7w09oM9LZv8WwtQyFNjM97vvQvkaOGW/ubhrKOk3+8HTHkEx4n7H6
12-11 13:00:50.118  1453  1943 V GoogleSignatureVerifier: tYGOLdpmWepDfBSEFuLwq6yqG6wZFdd7IKO+sPlCxqUpqg40YAb4WOwzDbiuJnswDftP3wIaaJPh
12-11 13:00:50.118  1453  1943 V GoogleSignatureVerifier: li6OIjRKyd3Sgw1MtffHOy+WSwqHLkGNgH6GAgvZlvhPA/yim+rjnE9oKV5G6PygQK7kJJjS/Lde
12-11 13:00:50.118  1453  1943 V GoogleSignatureVerifier: qxE7M7pNRYPhcLT7qhE7MiuBuyqwAMTTBoU8u3lTdOZwNErbRT5tSXkgVMffkfN7wBNqpSSY
12-11 13:00:50.123  1453  1943 V GoogleSignatureVerifier: com.roboteam.teamy.knowledgeskill.usa signature not valid.  Found: 
12-11 13:00:50.123  1453  1943 V GoogleSignatureVerifier: MIID+zCCAuOgAwIBAgIJAP8GQTI8+VUSMA0GCSqGSIb3DQEBCwUAMIGUMQswCQYDVQQGEwJVUzET
12-11 13:00:50.123  1453  1943 V GoogleSignatureVerifier: MBEGA1UECAwKQ2FsaWZvcm5pYTEWMBQGA1UEBwwNTW91bnRhaW4gVmlldzEQMA4GA1UECgwHQW5k
12-11 13:00:50.123  1453  1943 V GoogleSignatureVerifier: cm9pZDEQMA4GA1UECwwHQW5kcm9pZDEQMA4GA1UEAwwHQW5kcm9pZDEiMCAGCSqGSIb3DQEJARYT
12-11 13:00:50.123  1453  1943 V GoogleSignatureVerifier: YW5kcm9pZEBhbmRyb2lkLmNvbTAeFw0xNDEyMjMwNjQzNDFaFw00MjA1MTAwNjQzNDFaMIGUMQsw
12-11 13:00:50.123  1453  1943 V GoogleSignatureVerifier: CQYDVQQGEwJVUzETMBEGA1UECAwKQ2FsaWZvcm5pYTEWMBQGA1UEBwwNTW91bnRhaW4gVmlldzEQ
12-11 13:00:50.123  1453  1943 V GoogleSignatureVerifier: MA4GA1UECgwHQW5kcm9pZDEQMA4GA1UECwwHQW5kcm9pZDEQMA4GA1UEAwwHQW5kcm9pZDEiMCAG
12-11 13:00:50.123  1453  1943 V GoogleSignatureVerifier: CSqGSIb3DQEJARYTYW5kcm9pZEBhbmRyb2lkLmNvbTCCASAwDQYJKoZIhvcNAQEBBQADggENADCC
12-11 13:00:50.123  1453  1943 V GoogleSignatureVerifier: AQgCggEBAKHY8Fl4XZzpJvgHoezYjhmKPvdq9DGYVc/X9NQO5oUlYIA/Ci5rzvljz13KbNve/Kxu
12-11 13:00:50.123  1453  1943 V GoogleSignatureVerifier: Eu9HN8SzsLg9EBhghOko8JxEg7I8W6uPVOoRngNCMvXzjf6av77vxPqphlgq++Y4MIC+fiOxLd+g
12-11 13:00:50.123  1453  1943 V GoogleSignatureVerifier: pYq0p6W7RWxEgrzLHnWiCX0dRmWDs+ey2t4f1WKzGoRQQS0Tn21CViThrVEe+zNwANnhErUcvoQB
12-11 13:00:50.123  1453  1943 V GoogleSignatureVerifier: 2m4/PQotuij7LZNccHJvUOUf5/4wIZd8JOgO3VLwzFO/HhrqUjafCvkpKTjW8oQmHLUz5m40ljET
12-11 13:00:50.123  1453  1943 V GoogleSignatureVerifier: GEjqQ6AuAwmaeFT+Bwj1DUaYg+m7AzalJ2aAtHVX0FftRUkCAQOjUDBOMB0GA1UdDgQWBBQi+Lgb
12-11 13:00:50.123  1453  1943 V GoogleSignatureVerifier: yFfWSoWCbQ+NVDF4ZKTPCjAfBgNVHSMEGDAWgBQi+LgbyFfWSoWCbQ+NVDF4ZKTPCjAMBgNVHRME
12-11 13:00:50.123  1453  1943 V GoogleSignatureVerifier: BTADAQH/MA0GCSqGSIb3DQEBCwUAA4IBAQBH1kIQlSBjXRMuQdaDLytr8ZaJXIN1HApg2QA8azYQ
12-11 13:00:50.123  1453  1943 V GoogleSignatureVerifier: XOS/B16gwm6tBfh1dL86LL/7w09oM9LZv8WwtQyFNjM97vvQvkaOGW/ubhrKOk3+8HTHkEx4n7H6
12-11 13:00:50.123  1453  1943 V GoogleSignatureVerifier: tYGOLdpmWepDfBSEFuLwq6yqG6wZFdd7IKO+sPlCxqUpqg40YAb4WOwzDbiuJnswDftP3wIaaJPh
12-11 13:00:50.123  1453  1943 V GoogleSignatureVerifier: li6OIjRKyd3Sgw1MtffHOy+WSwqHLkGNgH6GAgvZlvhPA/yim+rjnE9oKV5G6PygQK7kJJjS/Lde
12-11 13:00:50.123  1453  1943 V GoogleSignatureVerifier: qxE7M7pNRYPhcLT7qhE7MiuBuyqwAMTTBoU8u3lTdOZwNErbRT5tSXkgVMffkfN7wBNqpSSY
12-11 13:00:50.147  1453  1943 I Icing   : Internal init done: storage state 0
12-11 13:00:50.184  1453  1943 I Icing   : No maintenance for too long
12-11 13:00:50.184  1453  1943 I Icing   : Performing maintenance.
12-11 13:00:50.250  1453  1943 V GoogleSignatureVerifier: com.roboteam.teamy.usa signature not valid.  Found: 
12-11 13:00:50.250  1453  1943 V GoogleSignatureVerifier: MIID+zCCAuOgAwIBAgIJAP8GQTI8+VUSMA0GCSqGSIb3DQEBCwUAMIGUMQswCQYDVQQGEwJVUzET
12-11 13:00:50.250  1453  1943 V GoogleSignatureVerifier: MBEGA1UECAwKQ2FsaWZvcm5pYTEWMBQGA1UEBwwNTW91bnRhaW4gVmlldzEQMA4GA1UECgwHQW5k
12-11 13:00:50.250  1453  1943 V GoogleSignatureVerifier: cm9pZDEQMA4GA1UECwwHQW5kcm9pZDEQMA4GA1UEAwwHQW5kcm9pZDEiMCAGCSqGSIb3DQEJARYT
12-11 13:00:50.250  1453  1943 V GoogleSignatureVerifier: YW5kcm9pZEBhbmRyb2lkLmNvbTAeFw0xNDEyMjMwNjQzNDFaFw00MjA1MTAwNjQzNDFaMIGUMQsw
12-11 13:00:50.250  1453  1943 V GoogleSignatureVerifier: CQYDVQQGEwJVUzETMBEGA1UECAwKQ2FsaWZvcm5pYTEWMBQGA1UEBwwNTW91bnRhaW4gVmlldzEQ
12-11 13:00:50.250  1453  1943 V GoogleSignatureVerifier: MA4GA1UECgwHQW5kcm9pZDEQMA4GA1UECwwHQW5kcm9pZDEQMA4GA1UEAwwHQW5kcm9pZDEiMCAG
12-11 13:00:50.250  1453  1943 V GoogleSignatureVerifier: CSqGSIb3DQEJARYTYW5kcm9pZEBhbmRyb2lkLmNvbTCCASAwDQYJKoZIhvcNAQEBBQADggENADCC
12-11 13:00:50.250  1453  1943 V GoogleSignatureVerifier: AQgCggEBAKHY8Fl4XZzpJvgHoezYjhmKPvdq9DGYVc/X9NQO5oUlYIA/Ci5rzvljz13KbNve/Kxu
12-11 13:00:50.250  1453  1943 V GoogleSignatureVerifier: Eu9HN8SzsLg9EBhghOko8JxEg7I8W6uPVOoRngNCMvXzjf6av77vxPqphlgq++Y4MIC+fiOxLd+g
12-11 13:00:50.250  1453  1943 V GoogleSignatureVerifier: pYq0p6W7RWxEgrzLHnWiCX0dRmWDs+ey2t4f1WKzGoRQQS0Tn21CViThrVEe+zNwANnhErUcvoQB
12-11 13:00:50.250  1453  1943 V GoogleSignatureVerifier: 2m4/PQotuij7LZNccHJvUOUf5/4wIZd8JOgO3VLwzFO/HhrqUjafCvkpKTjW8oQmHLUz5m40ljET
12-11 13:00:50.250  1453  1943 V GoogleSignatureVerifier: GEjqQ6AuAwmaeFT+Bwj1DUaYg+m7AzalJ2aAtHVX0FftRUkCAQOjUDBOMB0GA1UdDgQWBBQi+Lgb
12-11 13:00:50.250  1453  1943 V GoogleSignatureVerifier: yFfWSoWCbQ+NVDF4ZKTPCjAfBgNVHSMEGDAWgBQi+LgbyFfWSoWCbQ+NVDF4ZKTPCjAMBgNVHRME
12-11 13:00:50.250  1453  1943 V GoogleSignatureVerifier: BTADAQH/MA0GCSqGSIb3DQEBCwUAA4IBAQBH1kIQlSBjXRMuQdaDLytr8ZaJXIN1HApg2QA8azYQ
12-11 13:00:50.250  1453  1943 V GoogleSignatureVerifier: XOS/B16gwm6tBfh1dL86LL/7w09oM9LZv8WwtQyFNjM97vvQvkaOGW/ubhrKOk3+8HTHkEx4n7H6
12-11 13:00:50.250  1453  1943 V GoogleSignatureVerifier: tYGOLdpmWepDfBSEFuLwq6yqG6wZFdd7IKO+sPlCxqUpqg40YAb4WOwzDbiuJnswDftP3wIaaJPh
12-11 13:00:50.250  1453  1943 V GoogleSignatureVerifier: li6OIjRKyd3Sgw1MtffHOy+WSwqHLkGNgH6GAgvZlvhPA/yim+rjnE9oKV5G6PygQK7kJJjS/Lde
12-11 13:00:50.250  1453  1943 V GoogleSignatureVerifier: qxE7M7pNRYPhcLT7qhE7MiuBuyqwAMTTBoU8u3lTdOZwNErbRT5tSXkgVMffkfN7wBNqpSSY
12-11 13:00:50.254  1453  1943 V GoogleSignatureVerifier: com.roboteam.teamy.usa signature not valid.  Found: 
12-11 13:00:50.254  1453  1943 V GoogleSignatureVerifier: MIID+zCCAuOgAwIBAgIJAP8GQTI8+VUSMA0GCSqGSIb3DQEBCwUAMIGUMQswCQYDVQQGEwJVUzET
12-11 13:00:50.254  1453  1943 V GoogleSignatureVerifier: MBEGA1UECAwKQ2FsaWZvcm5pYTEWMBQGA1UEBwwNTW91bnRhaW4gVmlldzEQMA4GA1UECgwHQW5k
12-11 13:00:50.254  1453  1943 V GoogleSignatureVerifier: cm9pZDEQMA4GA1UECwwHQW5kcm9pZDEQMA4GA1UEAwwHQW5kcm9pZDEiMCAGCSqGSIb3DQEJARYT
12-11 13:00:50.254  1453  1943 V GoogleSignatureVerifier: YW5kcm9pZEBhbmRyb2lkLmNvbTAeFw0xNDEyMjMwNjQzNDFaFw00MjA1MTAwNjQzNDFaMIGUMQsw
12-11 13:00:50.254  1453  1943 V GoogleSignatureVerifier: CQYDVQQGEwJVUzETMBEGA1UECAwKQ2FsaWZvcm5pYTEWMBQGA1UEBwwNTW91bnRhaW4gVmlldzEQ
12-11 13:00:50.254  1453  1943 V GoogleSignatureVerifier: MA4GA1UECgwHQW5kcm9pZDEQMA4GA1UECwwHQW5kcm9pZDEQMA4GA1UEAwwHQW5kcm9pZDEiMCAG
12-11 13:00:50.254  1453  1943 V GoogleSignatureVerifier: CSqGSIb3DQEJARYTYW5kcm9pZEBhbmRyb2lkLmNvbTCCASAwDQYJKoZIhvcNAQEBBQADggENADCC
12-11 13:00:50.254  1453  1943 V GoogleSignatureVerifier: AQgCggEBAKHY8Fl4XZzpJvgHoezYjhmKPvdq9DGYVc/X9NQO5oUlYIA/Ci5rzvljz13KbNve/Kxu
12-11 13:00:50.254  1453  1943 V GoogleSignatureVerifier: Eu9HN8SzsLg9EBhghOko8JxEg7I8W6uPVOoRngNCMvXzjf6av77vxPqphlgq++Y4MIC+fiOxLd+g
12-11 13:00:50.254  1453  1943 V GoogleSignatureVerifier: pYq0p6W7RWxEgrzLHnWiCX0dRmWDs+ey2t4f1WKzGoRQQS0Tn21CViThrVEe+zNwANnhErUcvoQB
12-11 13:00:50.254  1453  1943 V GoogleSignatureVerifier: 2m4/PQotuij7LZNccHJvUOUf5/4wIZd8JOgO3VLwzFO/HhrqUjafCvkpKTjW8oQmHLUz5m40ljET
12-11 13:00:50.254  1453  1943 V GoogleSignatureVerifier: GEjqQ6AuAwmaeFT+Bwj1DUaYg+m7AzalJ2aAtHVX0FftRUkCAQOjUDBOMB0GA1UdDgQWBBQi+Lgb
12-11 13:00:50.254  1453  1943 V GoogleSignatureVerifier: yFfWSoWCbQ+NVDF4ZKTPCjAfBgNVHSMEGDAWgBQi+LgbyFfWSoWCbQ+NVDF4ZKTPCjAMBgNVHRME
12-11 13:00:50.254  1453  1943 V GoogleSignatureVerifier: BTADAQH/MA0GCSqGSIb3DQEBCwUAA4IBAQBH1kIQlSBjXRMuQdaDLytr8ZaJXIN1HApg2QA8azYQ
12-11 13:00:50.254  1453  1943 V GoogleSignatureVerifier: XOS/B16gwm6tBfh1dL86LL/7w09oM9LZv8WwtQyFNjM97vvQvkaOGW/ubhrKOk3+8HTHkEx4n7H6
12-11 13:00:50.254  1453  1943 V GoogleSignatureVerifier: tYGOLdpmWepDfBSEFuLwq6yqG6wZFdd7IKO+sPlCxqUpqg40YAb4WOwzDbiuJnswDftP3wIaaJPh
12-11 13:00:50.254  1453  1943 V GoogleSignatureVerifier: li6OIjRKyd3Sgw1MtffHOy+WSwqHLkGNgH6GAgvZlvhPA/yim+rjnE9oKV5G6PygQK7kJJjS/Lde
12-11 13:00:50.254  1453  1943 V GoogleSignatureVerifier: qxE7M7pNRYPhcLT7qhE7MiuBuyqwAMTTBoU8u3lTdOZwNErbRT5tSXkgVMffkfN7wBNqpSSY
12-11 13:00:50.262  1453  1943 V GoogleSignat