12-11 16:18:12.555  2155  2155 D ChimeraCfgMgr: Reading stored module config
12-11 16:18:12.558  1456  1973 V GoogleSignatureVerifier: com.roboteam.teamy.usa signature not valid.  Found: 
12-11 16:18:12.558  1456  1973 V GoogleSignatureVerifier: MIID+zCCAuOgAwIBAgIJAP8GQTI8+VUSMA0GCSqGSIb3DQEBCwUAMIGUMQswCQYDVQQGEwJVUzET
12-11 16:18:12.558  1456  1973 V GoogleSignatureVerifier: MBEGA1UECAwKQ2FsaWZvcm5pYTEWMBQGA1UEBwwNTW91bnRhaW4gVmlldzEQMA4GA1UECgwHQW5k
12-11 16:18:12.558  1456  1973 V GoogleSignatureVerifier: cm9pZDEQMA4GA1UECwwHQW5kcm9pZDEQMA4GA1UEAwwHQW5kcm9pZDEiMCAGCSqGSIb3DQEJARYT
12-11 16:18:12.558  1456  1973 V GoogleSignatureVerifier: YW5kcm9pZEBhbmRyb2lkLmNvbTAeFw0xNDEyMjMwNjQzNDFaFw00MjA1MTAwNjQzNDFaMIGUMQsw
12-11 16:18:12.558  1456  1973 V GoogleSignatureVerifier: CQYDVQQGEwJVUzETMBEGA1UECAwKQ2FsaWZvcm5pYTEWMBQGA1UEBwwNTW91bnRhaW4gVmlldzEQ
12-11 16:18:12.558  1456  1973 V GoogleSignatureVerifier: MA4GA1UECgwHQW5kcm9pZDEQMA4GA1UECwwHQW5kcm9pZDEQMA4GA1UEAwwHQW5kcm9pZDEiMCAG
12-11 16:18:12.558  1456  1973 V GoogleSignatureVerifier: CSqGSIb3DQEJARYTYW5kcm9pZEBhbmRyb2lkLmNvbTCCASAwDQYJKoZIhvcNAQEBBQADggENADCC
12-11 16:18:12.558  1456  1973 V GoogleSignatureVerifier: AQgCggEBAKHY8Fl4XZzpJvgHoezYjhmKPvdq9DGYVc/X9NQO5oUlYIA/Ci5rzvljz13KbNve/Kxu
12-11 16:18:12.558  1456  1973 V GoogleSignatureVerifier: Eu9HN8SzsLg9EBhghOko8JxEg7I8W6uPVOoRngNCMvXzjf6av77vxPqphlgq++Y4MIC+fiOxLd+g
12-11 16:18:12.558  1456  1973 V GoogleSignatureVerifier: pYq0p6W7RWxEgrzLHnWiCX0dRmWDs+ey2t4f1WKzGoRQQS0Tn21CViThrVEe+zNwANnhErUcvoQB
12-11 16:18:12.558  1456  1973 V GoogleSignatureVerifier: 2m4/PQotuij7LZNccHJvUOUf5/4wIZd8JOgO3VLwzFO/HhrqUjafCvkpKTjW8oQmHLUz5m40ljET
12-11 16:18:12.558  1456  1973 V GoogleSignatureVerifier: GEjqQ6AuAwmaeFT+Bwj1DUaYg+m7AzalJ2aAtHVX0FftRUkCAQOjUDBOMB0GA1UdDgQWBBQi+Lgb
12-11 16:18:12.558  1456  1973 V GoogleSignatureVerifier: yFfWSoWCbQ+NVDF4ZKTPCjAfBgNVHSMEGDAWgBQi+LgbyFfWSoWCbQ+NVDF4ZKTPCjAMBgNVHRME
12-11 16:18:12.558  1456  1973 V GoogleSignatureVerifier: BTADAQH/MA0GCSqGSIb3DQEBCwUAA4IBAQBH1kIQlSBjXRMuQdaDLytr8ZaJXIN1HApg2QA8azYQ
12-11 16:18:12.558  1456  1973 V GoogleSignatureVerifier: XOS/B16gwm6tBfh1dL86LL/7w09oM9LZv8WwtQyFNjM97vvQvkaOGW/ubhrKOk3+8HTHkEx4n7H6
12-11 16:18:12.558  1456  1973 V GoogleSignatureVerifier: tYGOLdpmWepDfBSEFuLwq6yqG6wZFdd7IKO+sPlCxqUpqg40YAb4WOwzDbiuJnswDftP3wIaaJPh
12-11 16:18:12.558  1456  1973 V GoogleSignatureVerifier: li6OIjRKyd3Sgw1MtffHOy+WSwqHLkGNgH6GAgvZlvhPA/yim+rjnE9oKV5G6PygQK7kJJjS/Lde
12-11 16:18:12.558  1456  1973 V GoogleSignatureVerifier: qxE7M7pNRYPhcLT7qhE7MiuBuyqwAMTTBoU8u3lTdOZwNErbRT5tSXkgVMffkfN7wBNqpSSY
12-11 16:18:12.566  1456  1973 V GoogleSignatureVerifier: com.roboteam.teamy.usa signature not valid.  Found: 
12-11 16:18:12.566  1456  1973 V GoogleSignatureVerifier: MIID+zCCAuOgAwIBAgIJAP8GQTI8+VUSMA0GCSqGSIb3DQEBCwUAMIGUMQswCQYDVQQGEwJVUzET
12-11 16:18:12.566  1456  1973 V GoogleSignatureVerifier: MBEGA1UECAwKQ2FsaWZvcm5pYTEWMBQGA1UEBwwNTW91bnRhaW4gVmlldzEQMA4GA1UECgwHQW5k
12-11 16:18:12.566  1456  1973 V GoogleSignatureVerifier: cm9pZDEQMA4GA1UECwwHQW5kcm9pZDEQMA4GA1UEAwwHQW5kcm9pZDEiMCAGCSqGSIb3DQEJARYT
12-11 16:18:12.566  1456  1973 V GoogleSignatureVerifier: YW5kcm9pZEBhbmRyb2lkLmNvbTAeFw0xNDEyMjMwNjQzNDFaFw00MjA1MTAwNjQzNDFaMIGUMQsw
12-11 16:18:12.566  1456  1973 V GoogleSignatureVerifier: CQYDVQQGEwJVUzETMBEGA1UECAwKQ2FsaWZvcm5pYTEWMBQGA1UEBwwNTW91bnRhaW4gVmlldzEQ
12-11 16:18:12.566  1456  1973 V GoogleSignatureVerifier: MA4GA1UECgwHQW5kcm9pZDEQMA4GA1UECwwHQW5kcm9pZDEQMA4GA1UEAwwHQW5kcm9pZDEiMCAG
12-11 16:18:12.566  1456  1973 V GoogleSignatureVerifier: CSqGSIb3DQEJARYTYW5kcm9pZEBhbmRyb2lkLmNvbTCCASAwDQYJKoZIhvcNAQEBBQADggENADCC
12-11 16:18:12.566  1456  1973 V GoogleSignatureVerifier: AQgCggEBAKHY8Fl4XZzpJvgHoezYjhmKPvdq9DGYVc/X9NQO5oUlYIA/Ci5rzvljz13KbNve/Kxu
12-11 16:18:12.566  1456  1973 V GoogleSignatureVerifier: Eu9HN8SzsLg9EBhghOko8JxEg7I8W6uPVOoRngNCMvXzjf6av77vxPqphlgq++Y4MIC+fiOxLd+g
12-11 16:18:12.566  1456  1973 V GoogleSignatureVerifier: pYq0p6W7RWxEgrzLHnWiCX0dRmWDs+ey2t4f1WKzGoRQQS0Tn21CViThrVEe+zNwANnhErUcvoQB
12-11 16:18:12.566  1456  1973 V GoogleSignatureVerifier: 2m4/PQotuij7LZNccHJvUOUf5/4wIZd8JOgO3VLwzFO/HhrqUjafCvkpKTjW8oQmHLUz5m40ljET
12-11 16:18:12.566  1456  1973 V GoogleSignatureVerifier: GEjqQ6AuAwmaeFT+Bwj1DUaYg+m7AzalJ2aAtHVX0FftRUkCAQOjUDBOMB0GA1UdDgQWBBQi+Lgb
12-11 16:18:12.566  1456  1973 V GoogleSignatureVerifier: yFfWSoWCbQ+NVDF4ZKTPCjAfBgNVHSMEGDAWgBQi+LgbyFfWSoWCbQ+NVDF4ZKTPCjAMBgNVHRME
12-11 16:18:12.566  1456  1973 V GoogleSignatureVerifier: BTADAQH/MA0GCSqGSIb3DQEBCwUAA4IBAQBH1kIQlSBjXRMuQdaDLytr8ZaJXIN1HApg2QA8azYQ
12-11 16:18:12.566  1456  1973 V GoogleSignatureVerifier: XOS/B16gwm6tBfh1dL86LL/7w09oM9LZv8WwtQyFNjM97vvQvkaOGW/ubhrKOk3+8HTHkEx4n7H6
12-11 16:18:12.566  1456  1973 V GoogleSignatureVerifier: tYGOLdpmWepDfBSEFuLwq6yqG6wZFdd7IKO+sPlCxqUpqg40YAb4WOwzDbiuJnswDftP3wIaaJPh
12-11 16:18:12.566  1456  1973 V GoogleSignatureVerifier: li6OIjRKyd3Sgw1MtffHOy+WSwqHLkGNgH6GAgvZlvhPA/yim+rjnE9oKV5G6PygQK7kJJjS/Lde
12-11 16:18:12.566  1456  1973 V GoogleSignatureVerifier: qxE7M7pNRYPhcLT7qhE7MiuBuyqwAMTTBoU8u3lTdOZwNErbRT5tSXkgVMffkfN7wBNqpSSY
12-11 16:18:12.586  2155  2175 D NativeLibraryUtils: Install completed successfully. count=12 extracted=0
12-11 16:18:12.600  1456  1973 V GoogleSignatureVerifier: com.android.soundrecorder signature not valid.  Found: 
12-11 16:18:12.600  1456  1973 V GoogleSignatureVerifier: MIID+zCCAuOgAwIBAgIJAP8GQTI8+VUSMA0GCSqGSIb3DQEBCwUAMIGUMQswCQYDVQQGEwJVUzET
12-11 16:18:12.600  1456  1973 V GoogleSignatureVerifier: MBEGA1UECAwKQ2FsaWZvcm5pYTEWMBQGA1UEBwwNTW91bnRhaW4gVmlldzEQMA4GA1UECgwHQW5k
12-11 16:18:12.600  1456  1973 V GoogleSignatureVerifier: cm9pZDEQMA4GA1UECwwHQW5kcm9pZDEQMA4GA1UEAwwHQW5kcm9pZDEiMCAGCSqGSIb3DQEJARYT
12-11 16:18:12.600  1456  1973 V GoogleSignatureVerifier: YW5kcm9pZEBhbmRyb2lkLmNvbTAeFw0xNDEyMjMwNjQzNDFaFw00MjA1MTAwNjQzNDFaMIGUMQsw
12-11 16:18:12.600  1456  1973 V GoogleSignatureVerifier: CQYDVQQGEwJVUzETMBEGA1UECAwKQ2FsaWZvcm5pYTEWMBQGA1UEBwwNTW91bnRhaW4gVmlldzEQ
12-11 16:18:12.600  1456  1973 V GoogleSignatureVerifier: MA4GA1UECgwHQW5kcm9pZDEQMA4GA1UECwwHQW5kcm9pZDEQMA4GA1UEAwwHQW5kcm9pZDEiMCAG
12-11 16:18:12.600  1456  1973 V GoogleSignatureVerifier: CSqGSIb3DQEJARYTYW5kcm9pZEBhbmRyb2lkLmNvbTCCASAwDQYJKoZIhvcNAQEBBQADggENADCC
12-11 16:18:12.600  1456  1973 V GoogleSignatureVerifier: AQgCggEBAKHY8Fl4XZzpJvgHoezYjhmKPvdq9DGYVc/X9NQO5oUlYIA/Ci5rzvljz13KbNve/Kxu
12-11 16:18:12.600  1456  1973 V GoogleSignatureVerifier: Eu9HN8SzsLg9EBhghOko8JxEg7I8W6uPVOoRngNCMvXzjf6av77vxPqphlgq++Y4MIC+fiOxLd+g
12-11 16:18:12.600  1456  1973 V GoogleSignatureVerifier: pYq0p6W7RWxEgrzLHnWiCX0dRmWDs+ey2t4f1WKzGoRQQS0Tn21CViThrVEe+zNwANnhErUcvoQB
12-11 16:18:12.600  1456  1973 V GoogleSignatureVerifier: 2m4/PQotuij7LZNccHJvUOUf5/4wIZd8JOgO3VLwzFO/HhrqUjafCvkpKTjW8oQmHLUz5m40ljET
12-11 16:18:12.600  1456  1973 V GoogleSignatureVerifier: GEjqQ6AuAwmaeFT+Bwj1DUaYg+m7AzalJ2aAtHVX0FftRUkCAQOjUDBOMB0GA1UdDgQWBBQi+Lgb
12-11 16:18:12.600  1456  1973 V GoogleSignatureVerifier: yFfWSoWCbQ+NVDF4ZKTPCjAfBgNVHSMEGDAWgBQi+LgbyFfWSoWCbQ+NVDF4ZKTPCjAMBgNVHRME
12-11 16:18:12.600  1456  1973 V GoogleSignatureVerifier: BTADAQH/MA0GCSqGSIb3DQEBCwUAA4IBAQBH1kIQlSBjXRMuQdaDLytr8ZaJXIN1HApg2QA8azYQ
12-11 16:18:12.600  1456  1973 V GoogleSignatureVerifier: XOS/B16gwm6tBfh1dL86LL/7w09oM9LZv8WwtQyFNjM97vvQvkaOGW/ubhrKOk3+8HTHkEx4n7H6
12-11 16:18:12.600  1456  1973 V GoogleSignatureVerifier: tYGOLdpmWepDfBSEFuLwq6yqG6wZFdd7IKO+sPlCxqUpqg40YAb4WOwzDbiuJnswDftP3wIaaJPh
12-11 16:18:12.600  1456  1973 V GoogleSignatureVerifier: li6OIjRKyd3Sgw1MtffHOy+WSwqHLkGNgH6GAgvZlvhPA/yim+rjnE9oKV5G6PygQK7kJJjS/Lde
12-11 16:18:12.600  1456  1973 V GoogleSignatureVerifier: qxE7M7pNRYPhcLT7qhE7MiuBuyqwAMTTBoU8u3lTdOZwNErbRT5tSXkgVMffkfN7wBNqpSSY
12-11 16:18:12.606  1456  1973 V GoogleSignatureVerifier: com.android.soundrecorder signature not valid.  Found: 
12-11 16:18:12.606  1456  1973 V GoogleSignatureVerifier: MIID+zCCAuOgAwIBAgIJAP8GQTI8+VUSMA0GCSqGSIb3DQEBCwUAMIGUMQswCQYDVQQGEwJVUzET
12-11 16:18:12.606  1456  1973 V GoogleSignatureVerifier: MBEGA1UECAwKQ2FsaWZvcm5pYTEWMBQGA1UEBwwNTW91bnRhaW4gVmlldzEQMA4GA1UECgwHQW5k
12-11 16:18:12.606  1456  1973 V GoogleSignatureVerifier: cm9pZDEQMA4GA1UECwwHQW5kcm9pZDEQMA4GA1UEAwwHQW5kcm9pZDEiMCAGCSqGSIb3DQEJARYT
12-11 16:18:12.606  1456  1973 V GoogleSignatureVerifier: YW5kcm9pZEBhbmRyb2lkLmNvbTAeFw0xNDEyMjMwNjQzNDFaFw00MjA1MTAwNjQzNDFaMIGUMQsw
12-11 16:18:12.606  1456  1973 V GoogleSignatureVerifier: CQYDVQQGEwJVUzETMBEGA1UECAwKQ2FsaWZvcm5pYTEWMBQGA1UEBwwNTW91bnRhaW4gVmlldzEQ
12-11 16:18:12.606  1456  1973 V GoogleSignatureVerifier: MA4GA1UECgwHQW5kcm9pZDEQMA4GA1UECwwHQW5kcm9pZDEQMA4GA1UEAwwHQW5kcm9pZDEiMCAG
12-11 16:18:12.606  1456  1973 V GoogleSignatureVerifier: CSqGSIb3DQEJARYTYW5kcm9pZEBhbmRyb2lkLmNvbTCCASAwDQYJKoZIhvcNAQEBBQADggENADCC
12-11 16:18:12.606  1456  1973 V GoogleSignatureVerifier: AQgCggEBAKHY8Fl4XZzpJvgHoezYjhmKPvdq9DGYVc/X9NQO5oUlYIA/Ci5rzvljz13KbNve/Kxu
12-11 16:18:12.606  1456  1973 V GoogleSignatureVerifier: Eu9HN8SzsLg9EBhghOko8JxEg7I8W6uPVOoRngNCMvXzjf6av77vxPqphlgq++Y4MIC+fiOxLd+g
12-11 16:18:12.606  1456  1973 V GoogleSignatureVerifier: pYq0p6W7RWxEgrzLHnWiCX0dRmWDs+ey2t4f1WKzGoRQQS0Tn21CViThrVEe+zNwANnhErUcvoQB
12-11 16:18:12.606  1456  1973 V GoogleSignatureVerifier: 2m4/PQotuij7LZNccHJvUOUf5/4wIZd8JOgO3VLwzFO/HhrqUjafCvkpKTjW8oQmHLUz5m40ljET
12-11 16:18:12.606  1456  1973 V GoogleSignatureVerifier: GEjqQ6AuAwmaeFT+Bwj1DUaYg+m7AzalJ2aAtHVX0FftRUkCAQOjUDBOMB0GA1UdDgQWBBQi+Lgb
12-11 16:18:12.606  1456  1973 V GoogleSignatureVerifier: yFfWSoWCbQ+NVDF4ZKTPCjAfBgNVHSMEGDAWgBQi+LgbyFfWSoWCbQ+NVDF4ZKTPCjAMBgNVHRME
12-11 16:18:12.606  1456  1973 V GoogleSignatureVerifier: BTADAQH/MA0GCSqGSIb3DQEBCwUAA4IBAQBH1kIQlSBjXRMuQdaDLytr8ZaJXIN1HApg2QA8azYQ
12-11 16:18:12.606  1456  1973 V GoogleSignatureVerifier: XOS/B16gwm6tBfh1dL86LL/7w09oM9LZv8WwtQyFNjM97vvQvkaOGW/ubhrKOk3+8HTHkEx4n7H6
12-11 16:18:12.606  1456  1973 V GoogleSignatureVerifier: tYGOLdpmWepDfBSEFuLwq6yqG6wZFdd7IKO+sPlCxqUpqg40YAb4WOwzDbiuJnswDftP3wIaaJPh
12-11 16:18:12.606  1456  1973 V GoogleSignatureVerifier: li6OIjRKyd3Sgw1MtffHOy+WSwqHLkGNgH6GAgvZlvhPA/yim+rjnE9oKV5G6PygQK7kJJjS/Lde
12-11 16:18:12.606  1456  1973 V GoogleSignatureVerifier: qxE7M7pNRYPhcLT7qhE7MiuBuyqwAMTTBoU8u3lTdOZwNErbRT5tSXkgVMffkfN7wBNqpSSY
12-11 16:18:12.623  1456  1973 V GoogleSignatureVerifier: android signature not valid.  Found: 
12-11 16:18:12.623  1456  1973 V GoogleSignatureVerifier: MIID+zCCAuOgAwIBAgIJAP8GQTI8+VUSMA0GCSqGSIb3DQEBCwUAMIGUMQswCQYDVQQGEwJVUzET
12-11 16:18:12.623  1456  1973 V GoogleSignatureVerifier: MBEGA1UECAwKQ2FsaWZvcm5pYTEWMBQGA1UEBwwNTW91bnRhaW4gVmlldzEQMA4GA1UECgwHQW5k
12-11 16:18:12.623  1456  1973 V GoogleSignatureVerifier: cm9pZDEQMA4GA1UECwwHQW5kcm9pZDEQMA4GA1UEAwwHQW5kcm9pZDEiMCAGCSqGSIb3DQEJARYT
12-11 16:18:12.623  1456  1973 V GoogleSignatureVerifier: YW5kcm9pZEBhbmRyb2lkLmNvbTAeFw0xNDEyMjMwNjQzNDFaFw00MjA1MTAwNjQzNDFaMIGUMQsw
12-11 16:18:12.623  1456  1973 V GoogleSignatureVerifier: CQYDVQQGEwJVUzETMBEGA1UECAwKQ2FsaWZvcm5pYTEWMBQGA1UEBwwNTW91bnRhaW4gVmlldzEQ
12-11 16:18:12.623  1456  1973 V GoogleSignatureVerifier: MA4GA1UECgwHQW5kcm9pZDEQMA4GA1UECwwHQW5kcm9pZDEQMA4GA1UEAwwHQW5kcm9pZDEiMCAG
12-11 16:18:12.623  1456  1973 V GoogleSignatureVerifier: CSqGSIb3DQEJARYTYW5kcm9pZEBhbmRyb2lkLmNvbTCCASAwDQYJKoZIhvcNAQEBBQADggENADCC
12-11 16:18:12.623  1456  1973 V GoogleSignatureVerifier: AQgCggEBAKHY8Fl4XZzpJvgHoezYjhmKPvdq9DGYVc/X9NQO5oUlYIA/Ci5rzvljz13KbNve/Kxu
12-11 16:18:12.623  1456  1973 V GoogleSignatureVerifier: Eu9HN8SzsLg9EBhghOko8JxEg7I8W6uPVOoRngNCMvXzjf6av77vxPqphlgq++Y4MIC+fiOxLd+g
12-11 16:18:12.623  1456  1973 V GoogleSignatureVerifier: pYq0p6W7RWxEgrzLHnWiCX0dRmWDs+ey2t4f1WKzGoRQQS0Tn21CViThrVEe+zNwANnhErUcvoQB
12-11 16:18:12.623  1456  1973 V GoogleSignatureVerifier: 2m4/PQotuij7LZNccHJvUOUf5/4wIZd8JOgO3VLwzFO/HhrqUjafCvkpKTjW8oQmHLUz5m40ljET
12-11 16:18:12.623  1456  1973 V GoogleSignatureVerifier: GEjqQ6AuAwmaeFT+Bwj1DUaYg+m7AzalJ2aAtHVX0FftRUkCAQOjUDBOMB0GA1UdDgQWBBQi+Lgb
12-11 16:18:12.623  1456  1973 V GoogleSignatureVerifier: yFfWSoWCbQ+NVDF4ZKTPCjAfBgNVHSMEGDAWgBQi+LgbyFfWSoWCbQ+NVDF4ZKTPCjAMBgNVHRME
12-11 16:18:12.623  1456  1973 V GoogleSignatureVerifier: BTADAQH/MA0GCSqGSIb3DQEBCwUAA4IBAQBH1kIQlSBjXRMuQdaDLytr8ZaJXIN1HApg2QA8azYQ
12-11 16:18:12.623  1456  1973 V GoogleSignatureVerifier: XOS/B16gwm6tBfh1dL86LL/7w09oM9LZv8WwtQyFNjM97vvQvkaOGW/ubhrKOk3+8HTHkEx4n7H6
12-11 16:18:12.623  1456  1973 V GoogleSignatureVerifier: tYGOLdpmWepDfBSEFuLwq6yqG6wZFdd7IKO+sPlCxqUpqg40YAb4WOwzDbiuJnswDftP3wIaaJPh
12-11 16:18:12.623  1456  1973 V GoogleSignatureVerifier: li6OIjRKyd3Sgw1MtffHOy+WSwqHLkGNgH6GAgvZlvhPA/yim+rjnE9oKV5G6PygQK7kJJjS/Lde
12-11 16:18:12.623  1456  1973 V GoogleSignatureVerifier: qxE7M7pNRYPhcLT7qhE7MiuBuyqwAMTTBoU8u3lTdOZwNErbRT5tSXkgVMffkfN7wBNqpSSY
12-11 16:18:12.628  1456  1973 V GoogleSignatureVerifier: android signature not valid.  Found: 
12-11 16:18:12.628  1456  1973 V GoogleSignatureVerifier: MIID+zCCAuOgAwIBAgIJAP8GQTI8+VUSMA0GCSqGSIb3DQEBCwUAMIGUMQswCQYDVQQGEwJVUzET
12-11 16:18:12.628  1456  1973 V GoogleSignatureVerifier: MBEGA1UECAwKQ2FsaWZvcm5pYTEWMBQGA1UEBwwNTW91bnRhaW4gVmlldzEQMA4GA1UECgwHQW5k
12-11 16:18:12.628  1456  1973 V GoogleSignatureVerifier: cm9pZDEQMA4GA1UECwwHQW5kcm9pZDEQMA4GA1UEAwwHQW5kcm9pZDEiMCAGCSqGSIb3DQEJARYT
12-11 16:18:12.628  1456  1973 V GoogleSignatureVerifier: YW5kcm9pZEBhbmRyb2lkLmNvbTAeFw0xNDEyMjMwNjQzNDFaFw00MjA1MTAwNjQzNDFaMIGUMQsw
12-11 16:18:12.628  1456  1973 V GoogleSignatureVerifier: CQYDVQQGEwJVUzETMBEGA1UECAwKQ2FsaWZvcm5pYTEWMBQGA1UEBwwNTW91bnRhaW4gVmlldzEQ
12-11 16:18:12.628  1456  1973 V GoogleSignatureVerifier: MA4GA1UECgwHQW5kcm9pZDEQMA4GA1UECwwHQW5kcm9pZDEQMA4GA1UEAwwHQW5kcm9pZDEiMCAG
12-11 16:18:12.628  1456  1973 V GoogleSignatureVerifier: CSqGSIb3DQEJARYTYW5kcm9pZEBhbmRyb2lkLmNvbTCCASAwDQYJKoZIhvcNAQEBBQADggENADCC
12-11 16:18:12.628  1456  1973 V GoogleSignatureVerifier: AQgCggEBAKHY8Fl4XZzpJvgHoezYjhmKPvdq9DGYVc/X9NQO5oUlYIA/Ci5rzvljz13KbNve/Kxu
12-11 16:18:12.628  1456  1973 V GoogleSignatureVerifier: Eu9HN8SzsLg9EBhghOko8JxEg7I8W6uPVOoRngNCMvXzjf6av77vxPqphlgq++Y4MIC+fiOxLd+g
12-11 16:18:12.628  1456  1973 V GoogleSignatureVerifier: pYq0p6W7RWxEgrzLHnWiCX0dRmWDs+ey2t4f1WKzGoRQQS0Tn21CViThrVEe+zNwANnhErUcvoQB
12-11 16:18:12.628  1456  1973 V GoogleSignatureVerifier: 2m4/PQotuij7LZNccHJvUOUf5/4wIZd8JOgO3VLwzFO/HhrqUjafCvkpKTjW8oQmHLUz5m40ljET
12-11 16:18:12.628  1456  1973 V GoogleSignatureVerifier: GEjqQ6AuAwmaeFT+Bwj1DUaYg+m7AzalJ2aAtHVX0FftRUkCAQOjUDBOMB0GA1UdDgQWBBQi+Lgb
12-11 16:18:12.628  1456  1973 V GoogleSignatureVerifier: yFfWSoWCbQ+NVDF4ZKTPCjAfBgNVHSMEGDAWgBQi+LgbyFfWSoWCbQ+NVDF4ZKTPCjAMBgNVHRME
12-11 16:18:12.628  1456  1973 V GoogleSignatureVerifier: BTADAQH/MA0GCSqGSIb3DQEBCwUAA4IBAQBH1kIQlSBjXRMuQdaDLytr8ZaJXIN1HApg2QA8azYQ
12-11 16:18:12.628  1456  1973 V GoogleSignatureVerifier: XOS/B16gwm6tBfh1dL86LL/7w09oM9LZv8WwtQyFNjM97vvQvkaOGW/ubhrKOk3+8HTHkEx4n7H6
12-11 16:18:12.628  1456  1973 V GoogleSignatureVerifier: tYGOLdpmWepDfBSEFuLwq6yqG6wZFdd7IKO+sPlCxqUpqg40YAb4WOwzDbiuJnswDftP3wIaaJPh
12-11 16:18:12.628  1456  1973 V GoogleSignatureVerifier: li6OIjRKyd3Sgw1MtffHOy+WSwqHLkGNgH6GAgvZlvhPA/yim+rjnE9oKV5G6PygQK7kJJjS/Lde
12-11 16:18:12.628  1456  1973 V GoogleSignatureVerifier: qxE7M7pNRYPhcLT7qhE7MiuBuyqwAMTTBoU8u3lTdOZwNErbRT5tSXkgVMffkfN7wBNqpSSY
12-11 16:18:12.651  1456  1973 V GoogleSignatureVerifier: com.roboteam.teamy.youtubeskill.usa signature not valid.  Found: 
12-11 16:18:12.651  1456  1973 V GoogleSignatureVerifier: MIID+zCCAuOgAwIBAgIJAP8GQTI8+VUSMA0GCSqGSIb3DQEBCwUAMIGUMQswCQYDVQQGEwJVUzET
12-11 16:18:12.651  1456  1973 V GoogleSignatureVerifier: MBEGA1UECAwKQ2FsaWZvcm5pYTEWMBQGA1UEBwwNTW91bnRhaW4gVmlldzEQMA4GA1UECgwHQW5k
12-11 16:18:12.651  1456  1973 V GoogleSignatureVerifier: cm9pZDEQMA4GA1UECwwHQW5kcm9pZDEQMA4GA1UEAwwHQW5kcm9pZDEiMCAGCSqGSIb3DQEJARYT
12-11 16:18:12.651  1456  1973 V GoogleSignatureVerifier: YW5kcm9pZEBhbmRyb2lkLmNvbTAeFw0xNDEyMjMwNjQzNDFaFw00MjA1MTAwNjQzNDFaMIGUMQsw
12-11 16:18:12.651  1456  1973 V GoogleSignatureVerifier: CQYDVQQGEwJVUzETMBEGA1UECAwKQ2FsaWZvcm5pYTEWMBQGA1UEBwwNTW91bnRhaW4gVmlldzEQ
12-11 16:18:12.651  1456  1973 V GoogleSignatureVerifier: MA4GA1UECgwHQW5kcm9pZDEQMA4GA1UECwwHQW5kcm9pZDEQMA4GA1UEAwwHQW5kcm9pZDEiMCAG
12-11 16:18:12.651  1456  1973 V GoogleSignatureVerifier: CSqGSIb3DQEJARYTYW5kcm9pZEBhbmRyb2lkLmNvbTCCASAwDQYJKoZIhvcNAQEBBQADggENADCC
12-11 16:18:12.651  1456  1973 V GoogleSignatureVerifier: AQgCggEBAKHY8Fl4XZzpJvgHoezYjhmKPvdq9DGYVc/X9NQO5oUlYIA/Ci5rzvljz13KbNve/Kxu
12-11 16:18:12.651  1456  1973 V GoogleSignatureVerifier: Eu9HN8SzsLg9EBhghOko8JxEg7I8W6uPVOoRngNCMvXzjf6av77vxPqphlgq++Y4MIC+fiOxLd+g
12-11 16:18:12.651  1456  1973 V GoogleSignatureVerifier: pYq0p6W7RWxEgrzLHnWiCX0dRmWDs+ey2t4f1WKzGoRQQS0Tn21CViThrVEe+zNwANnhErUcvoQB
12-11 16:18:12.651  1456  1973 V GoogleSignatureVerifier: 2m4/PQotuij7LZNccHJvUOUf5/4wIZd8JOgO3VLwzFO/HhrqUjafCvkpKTjW8oQmHLUz5m40ljET
12-11 16:18:12.651  1456  1973 V GoogleSignatureVerifier: GEjqQ6AuAwmaeFT+Bwj1DUaYg+m7AzalJ2aAtHVX0FftRUkCAQOjUDBOMB0GA1UdDgQWBBQi+Lgb
12-11 16:18:12.651  1456  1973 V GoogleSignatureVerifier: yFfWSoWCbQ+NVDF4ZKTPCjAfBgNVHSMEGDAWgBQi+LgbyFfWSoWCbQ+NVDF4ZKTPCjAMBgNVHRME
12-11 16:18:12.651  1456  1973 V GoogleSignatureVerifier: BTADAQH/MA0GCSqGSIb3DQEBCwUAA4IBAQBH1kIQlSBjXRMuQdaDLytr8ZaJXIN1HApg2QA8azYQ
12-11 16:18:12.651  1456  1973 V GoogleSignatureVerifier: XOS/B16gwm6tBfh1dL86LL/7w09oM9LZv8WwtQyFNjM97vvQvkaOGW/ubhrKOk3+8HTHkEx4n7H6
12-11 16:18:12.651  1456  1973 V GoogleSignatureVerifier: tYGOLdpmWepDfBSEFuLwq6yqG6wZFdd7IKO+sPlCxqUpqg40YAb4WOwzDbiuJnswDftP3wIaaJPh
12-11 16:18:12.651  1456  1973 V GoogleSignatureVerifier: li6OIjRKyd3Sgw1MtffHOy+WSwqHLkGNgH6GAgvZlvhPA/yim+rjnE9oKV5G6PygQK7kJJjS/Lde
12-11 16:18:12.651  1456  1973 V GoogleSignatureVerifier: qxE7M7pNRYPhcLT7qhE7MiuBuyqwAMTTBoU8u3lTdOZwNErbRT5tSXkgVMffkfN7wBNqpSSY
12-11 16:18:12.656  1456  1973 V GoogleSignatureVerifier: com.roboteam.teamy.youtubeskill.usa signature not valid.  Found: 
12-11 16:18:12.656  1456  1973 V GoogleSignatureVerifier: MIID+zCCAuOgAwIBAgIJAP8GQTI8+VUSMA0GCSqGSIb3DQEBCwUAMIGUMQswCQYDVQQGEwJVUzET
12-11 16:18:12.656  1456  1973 V GoogleSignatureVerifier: MBEGA1UECAwKQ2FsaWZvcm5pYTEWMBQGA1UEBwwNTW91bnRhaW4gVmlldzEQMA4GA1UECgwHQW5k
12-11 16:18:12.656  1456  1973 V GoogleSignatureVerifier: cm9pZDEQMA4GA1UECwwHQW5kcm9pZDEQMA4GA1UEAwwHQW5kcm9pZDEiMCAGCSqGSIb3DQEJARYT
12-11 16:18:12.656  1456  1973 V GoogleSignatureVerifier: YW5kcm9pZEBhbmRyb2lkLmNvbTAeFw0xNDEyMjMwNjQzNDFaFw00MjA1MTAwNjQzNDFaMIGUMQsw
12-11 16:18:12.656  1456  1973 V GoogleSignatureVerifier: CQYDVQQGEwJVUzETMBEGA1UECAwKQ2FsaWZvcm5pYTEWMBQGA1UEBwwNTW91bnRhaW4gVmlldzEQ
12-11 16:18:12.656  1456  1973 V GoogleSignatureVerifier: MA4GA1UECgwHQW5kcm9pZDEQMA4GA1UECwwHQW5kcm9pZDEQMA4GA1UEAwwHQW5kcm9pZDEiMCAG
12-11 16:18:12.656  1456  1973 V GoogleSignatureVerifier: CSqGSIb3DQEJARYTYW5kcm9pZEBhbmRyb2lkLmNvbTCCASAwDQYJKoZIhvcNAQEBBQADggENADCC
12-11 16:18:12.656  1456  1973 V GoogleSignatureVerifier: AQgCggEBAKHY8Fl4XZzpJvgHoezYjhmKPvdq9DGYVc/X9NQO5oUlYIA/Ci5rzvljz13KbNve/Kxu
12-11 16:18:12.656  1456  1973 V GoogleSignatureVerifier: Eu9HN8SzsLg9EBhghOko8JxEg7I8W6uPVOoRngNCMvXzjf6av77vxPqphlgq++Y4MIC+fiOxLd+g
12-11 16:18:12.656  1456  1973 V GoogleSignatureVerifier: pYq0p6W7RWxEgrzLHnWiCX0dRmWDs+ey2t4f1WKzGoRQQS0Tn21CViThrVEe+zNwANnhErUcvoQB
12-11 16:18:12.656  1456  1973 V GoogleSignatureVerifier: 2m4/PQotuij7LZNccHJvUOUf5/4wIZd8JOgO3VLwzFO/HhrqUjafCvkpKTjW8oQmHLUz5m40ljET
12-11 16:18:12.656  1456  1973 V GoogleSignatureVerifier: GEjqQ6AuAwmaeFT+Bwj1DUaYg+m7AzalJ2aAtHVX0FftRUkCAQOjUDBOMB0GA1UdDgQWBBQi+Lgb
12-11 16:18:12.656  1456  1973 V GoogleSignatureVerifier: yFfWSoWCbQ+NVDF4ZKTPCjAfBgNVHSMEGDAWgBQi+LgbyFfWSoWCbQ+NVDF4ZKTPCjAMBgNVHRME
12-11 16:18:12.656  1456  1973 V GoogleSignatureVerifier: BTADAQH/MA0GCSqGSIb3DQEBCwUAA4IBAQBH1kIQlSBjXRMuQdaDLytr8ZaJXIN1HApg2QA8azYQ
12-11 16:18:12.656  1456  1973 V GoogleSignatureVerifier: XOS/B16gwm6tBfh1dL86LL/7w09oM9LZv8WwtQyFNjM97vvQvkaOGW/ubhrKOk3+8HTHkEx4n7H6
12-11 16:18:12.656  1456  1973 V GoogleSignatureVerifier: tYGOLdpmWepDfBSEFuLwq6yqG6wZFdd7IKO+sPlCxqUpqg40YAb4WOwzDbiuJnswDftP3wIaaJPh
12-11 16:18:12.656  1456  1973 V GoogleSignatureVerifier: li6OIjRKyd3Sgw1MtffHOy+WSwqHLkGNgH6GAgvZlvhPA/yim+rjnE9oKV5G6PygQK7kJJjS/Lde
12-11 16:18:12.656  1456  1973 V GoogleSignatureVerifier: qxE7M7pNRYPhcLT7qhE7MiuBuyqwAMTTBoU8u3lTdOZwNErbRT5tSXkgVMffkfN7wBNqpSSY
12-11 16:18:12.723  1456  1973 V GoogleSignatureVerifier: com.roboteam.teamy.newsskill.usa signature not valid.  Found: 
12-11 16:18:12.723  1456  1973 V GoogleSignatureVerifier: MIID+zCCAuOgAwIBAgIJAP8GQTI8+VUSMA0GCSqGSIb3DQEBCwUAMIGUMQswCQYDVQQGEwJVUzET
12-11 16:18:12.723  1456  1973 V GoogleSignatureVerifier: MBEGA1UECAwKQ2FsaWZvcm5pYTEWMBQGA1UEBwwNTW91bnRhaW4gVmlldzEQMA4GA1UECgwHQW5k
12-11 16:18:12.723  1456  1973 V GoogleSignatureVerifier: cm9pZDEQMA4GA1UECwwHQW5kcm9pZDEQMA4GA1UEAwwHQW5kcm9pZDEiMCAGCSqGSIb3DQEJARYT
12-11 16:18:12.723  1456  1973 V GoogleSignatureVerifier: YW5kcm9pZEBhbmRyb2lkLmNvbTAeFw0xNDEyMjMwNjQzNDFaFw00MjA1MTAwNjQzNDFaMIGUMQsw
12-11 16:18:12.723  1456  1973 V GoogleSignatureVerifier: CQYDVQQGEwJVUzETMBEGA1UECAwKQ2FsaWZvcm5pYTEWMBQGA1UEBwwNTW91bnRhaW4gVmlldzEQ
12-11 16:18:12.723  1456  1973 V GoogleSignatureVerifier: MA4GA1UECgwHQW5kcm9pZDEQMA4GA1UECwwHQW5kcm9pZDEQMA4GA1UEAwwHQW5kcm9pZDEiMCAG
12-11 16:18:12.723  1456  1973 V GoogleSignatureVerifier: CSqGSIb3DQEJARYTYW5kcm9pZEBhbmRyb2lkLmNvbTCCASAwDQYJKoZIhvcNAQEBBQADggENADCC
12-11 16:18:12.723  1456  1973 V GoogleSignatureVerifier: AQgCggEBAKHY8Fl4XZzpJvgHoezYjhmKPvdq9DGYVc/X9NQO5oUlYIA/Ci5rzvljz13KbNve/Kxu
12-11 16:18:12.723  1456  1973 V GoogleSignatureVerifier: Eu9HN8SzsLg9EBhghOko8JxEg7I8W6uPVOoRngNCMvXzjf6av77vxPqphlgq++Y4MIC+fiOxLd+g
12-11 16:18:12.723  1456  1973 V GoogleSignatureVerifier: pYq0p6W7RWxEgrzLHnWiCX0dRmWDs+ey2t4f1WKzGoRQQS0Tn21CViThrVEe+zNwANnhErUcvoQB
12-11 16:18:12.723  1456  1973 V GoogleSignatureVerifier: 2m4/PQotuij7LZNccHJvUOUf5/4wIZd8JOgO3VLwzFO/HhrqUjafCvkpKTjW8oQmHLUz5m40ljET
12-11 16:18:12.723  1456  1973 V GoogleSignatureVerifier: GEjqQ6AuAwmaeFT+Bwj1DUaYg+m7AzalJ2aAtHVX0FftRUkCAQOjUDBOMB0GA1UdDgQWBBQi+Lgb
12-11 16:18:12.723  1456  1973 V GoogleSignatureVerifier: yFfWSoWCbQ+NVDF4ZKTPCjAfBgNVHSMEGDAWgBQi+LgbyFfWSoWCbQ+NVDF4ZKTPCjAMBgNVHRME
12-11 16:18:12.723  1456  1973 V GoogleSignatureVerifier: BTADAQH/MA0GCSqGSIb3DQEBCwUAA4IBAQBH1kIQlSBjXRMuQdaDLytr8ZaJXIN1HApg2QA8azYQ
12-11 16:18:12.723  1456  1973 V GoogleSignatureVerifier: XOS/B16gwm6tBfh1dL86LL/7w09oM9LZv8WwtQyFNjM97vvQvkaOGW/ubhrKOk3+8HTHkEx4n7H6
12-11 16:18:12.723  1456  1973 V GoogleSignatureVerifier: tYGOLdpmWepDfBSEFuLwq6yqG6wZFdd7IKO+sPlCxqUpqg40YAb4WOwzDbiuJnswDftP3wIaaJPh
12-11 16:18:12.723  1456  1973 V GoogleSignatureVerifier: li6OIjRKyd3Sgw1MtffHOy+WSwqHLkGNgH6GAgvZlvhPA/yim+rjnE9oKV5G6PygQK7kJJjS/Lde
12-11 16:18:12.723  1456  1973 V GoogleSignatureVerifier: qxE7M7pNRYPhcLT7qhE7MiuBuyqwAMTTBoU8u3lTdOZwNErbRT5tSXkgVMffkfN7wBNqpSSY
12-11 16:18:12.736  1456  1973 V GoogleSignatureVerifier: com.roboteam.teamy.newsskill.usa signature not valid.  Found: 
12-11 16:18:12.736  1456  1973 V GoogleSignatureVerifier: MIID+zCCAuOgAwIBAgIJAP8GQTI8+VUSMA0GCSqGSIb3DQEBCwUAMIGUMQswCQYDVQQGEwJVUzET
12-11 16:18:12.736  1456  1973 V GoogleSignatureVerifier: MBEGA1UECAwKQ2FsaWZvcm5pYTEWMBQGA1UEBwwNTW91bnRhaW4gVmlldzEQMA4GA1UECgwHQW5k
12-11 16:18:12.736  1456  1973 V GoogleSignatureVerifier: cm9pZDEQMA4GA1UECwwHQW5kcm9pZDEQMA4GA1UEAwwHQW5kcm9pZDEiMCAGCSqGSIb3DQEJARYT
12-11 16:18:12.736  1456  1973 V GoogleSignatureVerifier: YW5kcm9pZEBhbmRyb2lkLmNvbTAeFw0xNDEyMjMwNjQzNDFaFw00MjA1MTAwNjQzNDFaMIGUMQsw
12-11 16:18:12.736  1456  1973 V GoogleSignatureVerifier: CQYDVQQGEwJVUzETMBEGA1UECAwKQ2FsaWZvcm5pYTEWMBQGA1UEBwwNTW91bnRhaW4gVmlldzEQ
12-11 16:18:12.736  1456  1973 V GoogleSignatureVerifier: MA4GA1UECgwHQW5kcm9pZDEQMA4GA1UECwwHQW5kcm9pZDEQMA4GA1UEAwwHQW5kcm9pZDEiMCAG
12-11 16:18:12.736  1456  1973 V GoogleSignatureVerifier: CSqGSIb3DQEJARYTYW5kcm9pZEBhbmRyb2lkLmNvbTCCASAwDQYJKoZIhvcNAQEBBQADggENADCC
12-11 16:18:12.736  1456  1973 V GoogleSignatureVerifier: AQgCggEBAKHY8Fl4XZzpJvgHoezYjhmKPvdq9DGYVc/X9NQO5oUlYIA/Ci5rzvljz13KbNve/Kxu
12-11 16:18:12.736  1456  1973 V GoogleSignatureVerifier: Eu9HN8SzsLg9EBhghOko8JxEg7I8W6uPVOoRngNCMvXzjf6av77vxPqphlgq++Y4MIC+fiOxLd+g
12-11 16:18:12.736  1456  1973 V GoogleSignatureVerifier: pYq0p6W7RWxEgrzLHnWiCX0dRmWDs+ey2t4f1WKzGoRQQS0Tn21CViThrVEe+zNwANnhErUcvoQB
12-11 16:18:12.736  1456  1973 V GoogleSignatureVerifier: 2m4/PQotuij7LZNccHJvUOUf5/4wIZd8JOgO3VLwzFO/HhrqUjafCvkpKTjW8oQmHLUz5m40ljET
12-11 16:18:12.736  1456  1973 V GoogleSignatureVerifier: GEjqQ6AuAwmaeFT+Bwj1DUaYg+m7AzalJ2aAtHVX0FftRUkCAQOjUDBOMB0GA1UdDgQWBBQi+Lgb
12-11 16:18:12.736  1456  1973 V GoogleSignatureVerifier: yFfWSoWCbQ+NVDF4ZKTPCjAfBgNVHSMEGDAWgBQi+LgbyFfWSoWCbQ+NVDF4ZKTPCjAMBgNVHRME
12-11 16:18:12.736  1456  1973 V GoogleSignatureVerifier: BTADAQH/MA0GCSqGSIb3DQEBCwUAA4IBAQBH1kIQlSBjXRMuQdaDLytr8ZaJXIN1HApg2QA8azYQ
12-11 16:18:12.736  1456  1973 V GoogleSignatureVerifier: XOS/B16gwm6tBfh1dL86LL/7w09oM9LZv8WwtQyFNjM97vvQvkaOGW/ubhrKOk3+8HTHkEx4n7H6
12-11 16:18:12.736  1456  1973 V GoogleSignatureVerifier: tYGOLdpmWepDfBSEFuLwq6yqG6wZFdd7IKO+sPlCxqUpqg40YAb4WOwzDbiuJnswDftP3wIaaJPh
12-11 16:18:12.736  1456  1973 V GoogleSignatureVerifier: li6OIjRKyd3Sgw1MtffHOy+WSwqHLkGNgH6GAgvZlvhPA/yim+rjnE9oKV5G6PygQK7kJJjS/Lde
12-11 16:18:12.736  1456  1973 V GoogleSignatureVerifier: qxE7M7pNRYPhcLT7qhE7MiuBuyqwAMTTBoU8u3lTdOZwNErbRT5tSXkgVMffkfN7wBNqpSSY
12-11 16:18:12.755  1456  1973 V GoogleSignatureVerifier: com.roboteam.teamy.knowledgeskill.usa signature not valid.  Found: 
12-11 16:18:12.755  1456  1973 V GoogleSignatureVerifier: MIID+zCCAuOgAwIBAgIJAP8GQTI8+VUSMA0GCSqGSIb3DQEBCwUAMIGUMQswCQYDVQQGEwJVUzET
12-11 16:18:12.755  1456  1973 V GoogleSignatureVerifier: MBEGA1UECAwKQ2FsaWZvcm5pYTEWMBQGA1UEBwwNTW91bnRhaW4gVmlldzEQMA4GA1UECgwHQW5k
12-11 16:18:12.755  1456  1973 V GoogleSignatureVerifier: cm9pZDEQMA4GA1UECwwHQW5kcm9pZDEQMA4GA1UEAwwHQW5kcm9pZDEiMCAGCSqGSIb3DQEJARYT
12-11 16:18:12.755  1456  1973 V GoogleSignatureVerifier: YW5kcm9pZEBhbmRyb2lkLmNvbTAeFw0xNDEyMjMwNjQzNDFaFw00MjA1MTAwNjQzNDFaMIGUMQsw
12-11 16:18:12.755  1456  1973 V GoogleSignatureVerifier: CQYDVQQGEwJVUzETMBEGA1UECAwKQ2FsaWZvcm5pYTEWMBQGA1UEBwwNTW91bnRhaW4gVmlldzEQ
12-11 16:18:12.755  1456  1973 V GoogleSignatureVerifier: MA4GA1UECgwHQW5kcm9pZDEQMA4GA1UECwwHQW5kcm9pZDEQMA4GA1UEAwwHQW5kcm9pZDEiMCAG
12-11 16:18:12.755  1456  1973 V GoogleSignatureVerifier: CSqGSIb3DQEJARYTYW5kcm9pZEBhbmRyb2lkLmNvbTCCASAwDQYJKoZIhvcNAQEBBQADggENADCC
12-11 16:18:12.755  1456  1973 V GoogleSignatureVerifier: AQgCggEBAKHY8Fl4XZzpJvgHoezYjhmKPvdq9DGYVc/X9NQO5oUlYIA/Ci5rzvljz13KbNve/Kxu
12-11 16:18:12.755  1456  1973 V GoogleSignatureVerifier: Eu9HN8SzsLg9EBhghOko8JxEg7I8W6uPVOoRngNCMvXzjf6av77vxPqphlgq++Y4MIC+fiOxLd+g
12-11 16:18:12.755  1456  1973 V GoogleSignatureVerifier: pYq0p6W7RWxEgrzLHnWiCX0dRmWDs+ey2t4f1WKzGoRQQS0Tn21CViThrVEe+zNwANnhErUcvoQB
12-11 16:18:12.755  1456  1973 V GoogleSignatureVerifier: 2m4/PQotuij7LZNccHJvUOUf5/4wIZd8JOgO3VLwzFO/HhrqUjafCvkpKTjW8oQmHLUz5m40ljET
12-11 16:18:12.755  1456  1973 V GoogleSignatureVerifier: GEjqQ6AuAwmaeFT+Bwj1DUaYg+m7AzalJ2aAtHVX0FftRUkCAQOjUDBOMB0GA1UdDgQWBBQi+Lgb
12-11 16:18:12.755  1456  1973 V GoogleSignatureVerifier: yFfWSoWCbQ+NVDF4ZKTPCjAfBgNVHSMEGDAWgBQi+LgbyFfWSoWCbQ+NVDF4ZKTPCjAMBgNVHRME
12-11 16:18:12.755  1456  1973 V GoogleSignatureVerifier: BTADAQH/MA0GCSqGSIb3DQEBCwUAA4IBAQBH1kIQlSBjXRMuQdaDLytr8ZaJXIN1HApg2QA8azYQ
12-11 16:18:12.755  1456  1973 V GoogleSignatureVerifier: XOS/B16gwm6tBfh1dL86LL/7w09oM9LZv8WwtQyFNjM97vvQvkaOGW/ubhrKOk3+8HTHkEx4n7H6
12-11 16:18:12.755  1456  1973 V GoogleSignatureVerifier: tYGOLdpmWepDfBSEFuLwq6yqG6wZFdd7IKO+sPlCxqUpqg40YAb4WOwzDbiuJnswDftP3wIaaJPh
12-11 16:18:12.755  1456  1973 V GoogleSignatureVerifier: li6OIjRKyd3Sgw1MtffHOy+WSwqHLkGNgH6GAgvZlvhPA/yim+rjnE9oKV5G6PygQK7kJJjS/Lde
12-11 16:18:12.755  1456  1973 V GoogleSignatureVerifier: qxE7M7pNRYPhcLT7qhE7MiuBuyqwAMTTBoU8u3lTdOZwNErbRT5tSXkgVMffkfN7wBNqpSSY
12-11 16:18:12.764  1456  1973 V GoogleSignatureVerifier: com.roboteam.teamy.knowledgeskill.usa signature not valid.  Found: 
12-11 16:18:12.764  1456  1973 V GoogleSignatureVerifier: MIID+zCCAuOgAwIBAgIJAP8GQTI8+VUSMA0GCSqGSIb3DQEBCwUAMIGUMQswCQYDVQQGEwJVUzET
12-11 16:18:12.764  1456  1973 V GoogleSignatureVerifier: MBEGA1UECAwKQ2FsaWZvcm5pYTEWMBQGA1UEBwwNTW91bnRhaW4gVmlldzEQMA4GA1UECgwHQW5k
12-11 16:18:12.764  1456  1973 V GoogleSignatureVerifier: cm9pZDEQMA4GA1UECwwHQW5kcm9pZDEQMA4GA1UEAwwHQW5kcm9pZDEiMCAGCSqGSIb3DQEJARYT
12-11 16:18:12.764  1456  1973 V GoogleSignatureVerifier: YW5kcm9pZEBhbmRyb2lkLmNvbTAeFw0xNDEyMjMwNjQzNDFaFw00MjA1MTAwNjQzNDFaMIGUMQsw
12-11 16:18:12.764  1456  1973 V GoogleSignatureVerifier: CQYDVQQGEwJVUzETMBEGA1UECAwKQ2FsaWZvcm5pYTEWMBQGA1UEBwwNTW91bnRhaW4gVmlldzEQ
12-11 16:18:12.764  1456  1973 V GoogleSignatureVerifier: MA4GA1UECgwHQW5kcm9pZDEQMA4GA1UECwwHQW5kcm9pZDEQMA4GA1UEAwwHQW5kcm9pZDEiMCAG
12-11 16:18:12.764  1456  1973 V GoogleSignatureVerifier: CSqGSIb3DQEJARYTYW5kcm9pZEBhbmRyb2lkLmNvbTCCASAwDQYJKoZIhvcNAQEBBQADggENADCC
12-11 16:18:12.764  1456  1973 V GoogleSignatureVerifier: AQgCggEBAKHY8Fl4XZzpJvgHoezYjhmKPvdq9DGYVc/X9NQO5oUlYIA/Ci5rzvljz13KbNve/Kxu
12-11 16:18:12.764  1456  1973 V GoogleSignatureVerifier: Eu9HN8SzsLg9EBhghOko8JxEg7I8W6uPVOoRngNCMvXzjf6av77vxPqphlgq++Y4MIC+fiOxLd+g
12-11 16:18:12.764  1456  1973 V GoogleSignatureVerifier: pYq0p6W7RWxEgrzLHnWiCX0dRmWDs+ey2t4f1WKzGoRQQS0Tn21CViThrVEe+zNwANnhErUcvoQB
12-11 16:18:12.764  1456  1973 V GoogleSignatureVerifier: 2m4/PQotuij7LZNccHJvUOUf5/4wIZd8JOgO3VLwzFO/HhrqUjafCvkpKTjW8oQmHLUz5m40ljET
12-11 16:18:12.764  1456  1973 V GoogleSignatureVerifier: GEjqQ6AuAwmaeFT+Bwj1DUaYg+m7AzalJ2aAtHVX0FftRUkCAQOjUDBOMB0GA1UdDgQWBBQi+Lgb
12-11 16:18:12.764  1456  1973 V GoogleSignatureVerifier: yFfWSoWCbQ+NVDF4ZKTPCjAfBgNVHSMEGDAWgBQi+LgbyFfWSoWCbQ+NVDF4ZKTPCjAMBgNVHRME
12-11 16:18:12.764  1456  1973 V GoogleSignatureVerifier: BTADAQH/MA0GCSqGSIb3DQEBCwUAA4IBAQBH1kIQlSBjXRMuQdaDLytr8ZaJXIN1HApg2QA8azYQ
12-11 16:18:12.764  1456  1973 V GoogleSignatureVerifier: XOS/B16gwm6tBfh1dL86LL/7w09oM9LZv8WwtQyFNjM97vvQvkaOGW/ubhrKOk3+8HTHkEx4n7H6
12-11 16:18:12.764  1456  1973 V GoogleSignatureVerifier: tYGOLdpmWepDfBSEFuLwq6yqG6wZFdd7IKO+sPlCxqUpqg40YAb4WOwzDbiuJnswDftP3wIaaJPh
12-11 16:18:12.764  1456  1973 V GoogleSignatureVerifier: li6OIjRKyd3Sgw1MtffHOy+WSwqHLkGNgH6GAgvZlvhPA/yim+rjnE9oKV5G6PygQK7kJJjS/Lde
12-11 16:18:12.764  1456  1973 V GoogleSignatureVerifier: qxE7M7pNRYPhcLT7qhE7MiuBuyqwAMTTBoU8u3lTdOZwNErbRT5tSXkgVMffkfN7wBNqpSSY
12-11 16:18:12.775  2167  2167 I Binder_2: type=1400 audit(0.0:17): avc: denied { search } for name="192" dev="proc" ino=8530 scontext=u:r:untrusted_app:s0:c512,c768 tcontext=u:r:zygote:s0 tclass=dir permissive=1
12-11 16:18:12.775  2167  2167 I Binder_2: type=1400 audit(0.0:18): avc: denied { read } for name="stat" dev="proc" ino=10253 scontext=u:r:untrusted_app:s0:c512,c768 tcontext=u:r:zygote:s0 tclass=file permissive=1
12-11 16:18:12.775  2167  2167 I Binder_2: type=1400 audit(0.0:19): avc: denied { open } for path="/proc/192/stat" dev="proc" ino=10253 scontext=u:r:untrusted_app:s0:c512,c768 tcontext=u:r:zygote:s0 tclass=file permissive=1
12-11 16:18:12.795  2167  2167 I Binder_2: type=1400 audit(0.0:20): avc: denied { read } for name="/" dev="tmpfs" ino=2129 scontext=u:r:untrusted_app:s0:c512,c768 tcontext=u:object_r:device:s0 tclass=dir permissive=1
12-11 16:18:12.795  2167  2167 I Binder_2: type=1400 audit(0.0:21): avc: denied { open } for path="/dev" dev="tmpfs" ino=2129 scontext=u:r:untrusted_app:s0:c512,c768 tcontext=u:object_r:device:s0 tclass=dir permissive=1
12-11 16:18:12.808  1456  1973 I Icing   : Internal init done: storage state 0
12-11 16:18:12.836  1456  1973 I Icing   : Post-init done
12-11 16:18:12.838  1456  1973 I Icing   : updateResources: need to parse pru{com.google.android.gms}
12-11 16:18:12.862  2155  2167 I mali_so : [File] : hardware/arm/maliT760/driver/product/base/src/mali_base_kbase.c; [Line] : 928; [Func] : base_context_deal_with_version_affairs_rk_ext;
12-11 16:18:12.862  2155  2167 I mali_so : arm_release_ver of this mali_so is 'r12p0-04rel0', rk_so_ver is '12@0', built at '17:00:15', on 'Aug 16 2016'.
12-11 16:18:12.862  2155  2167 I mali_so : [File] : hardware/arm/maliT760/driver/product/base/src/mali_base_kbase.c; [Line] : 955; [Func] : base_context_deal_with_version_affairs_rk_ext;
12-11 16:18:12.862  2155  2167 I mali_so : mali_ver_property has been set to 'r12p0-04rel0-13-12@0', to return.
12-11 16:18:13.444  1456  2143 I CheckinUtil: Classify the device as Tablet.
12-11 16:18:13.614  1456  2143 I CheckinTask: Sending checkin request (11153 bytes)
12-11 16:18:13.644   702  1399 W GooglePlayServicesUtil: Google Play services out of date.  Requires 12451000 but found 9083436
12-11 16:18:13.644   702  1399 I Approov : Google SafetyNet not available
12-11 16:18:13.662   570   729 D AlarmManagerService: Setting time of day to sec=1607665693
12-11 16:18:13.682   702  1399 I Approov : robotemi, com.roboteam.teamy.usa, 2.4.0(2878), Lyj+U5T655Da3qxvHfIqLg==
12-11 16:18:13.815  1456  2143 I CheckinRequestBuilder: Checkin reason type: 1 attempt count: 1
12-11 16:18:13.815  1456  2143 E ActivityThread: Failed to find provider info for com.google.android.wearable.settings
12-11 16:18:13.846  1456  1973 I Icing   : Indexing 324A036CA84274905D295D63B13CB84722AE8735 from com.google.android.gms
12-11 16:18:13.855  1456  1973 I Icing   : Indexing done 324A036CA84274905D295D63B13CB84722AE8735
12-11 16:18:13.860  1456  2143 V CheckinRequestBuilder: No Subscriptions found on the device
12-11 16:18:13.873  1456  2143 I CheckinUtil: Classify the device as Tablet.
12-11 16:18:13.880  1456  2143 I CheckinTask: Checkin success: https://android.clients.google.com/checkin (1 requests sent)
12-11 16:18:13.882  1456  2143 V CheckinChimeraService: No Subscriptions found on the device
12-11 16:18:13.883  1456  2143 I CheckinChimeraService: Checking schedule, now: 1607665693883 next: 1608231429880
12-11 16:18:13.883  1456  2143 I CheckinChimeraService: active receiver: disabled
12-11 16:18:13.885  1456  1456 D CheckinChimeraService: Recording last checkin time for package unspecified as 1607665693883
12-11 16:18:13.942   979  2246 D GCM     : GcmService start Intent { act=com.google.android.checkin.CHECKIN_COMPLETE flg=0x10 cmp=com.google.android.gms/.gcm.GcmService (has extras) } com.google.android.checkin.CHECKIN_COMPLETE
12-11 16:18:14.114  2220  2220 D AndroidRuntime: >>>>>> START com.android.internal.os.RuntimeInit uid 1000 <<<<<<
12-11 16:18:14.121  2220  2220 D AndroidRuntime: CheckJNI is OFF
12-11 16:18:14.198  2220  2220 D ICU     : No timezone override file found: /data/misc/zoneinfo/current/icu/icu_tzdata.dat
12-11 16:18:14.235  2220  2220 E memtrack: Couldn't load memtrack module (No such file or directory)
12-11 16:18:14.235  2220  2220 E android.os.Debug: failed to load memtrack module: -2
12-11 16:18:14.238  2220  2220 I Radio-JNI: register_android_hardware_Radio DONE
12-11 16:18:14.266  2220  2220 D AndroidRuntime: Calling main entry com.android.commands.pm.Pm
12-11 16:18:14.274  2220  2220 I art     : System.exit called, status: 0
12-11 16:18:14.274  2220  2220 I AndroidRuntime: VM exiting with result code 0.
12-11 16:18:15.425   570   586 I ActivityManager: Waited long enough for: ServiceRecord{af03744 u0 android.rockchip.update.service/.RKUpdateService}
12-11 16:18:16.561   570   604 V AlarmManager: triggered: act=com.android.providers.calendar.intent.CalendarProvider2 cmp=com.android.providers.calendar/.CalendarProviderBroadcastReceiver Pkg: com.android.providers.calendar
12-11 16:18:16.698  1022  1718 D RKUpdateService: request remote server error...
12-11 16:18:17.651   702   712 I art     : Background sticky concurrent mark sweep GC freed 124056(11MB) AllocSpace objects, 47(948KB) LOS objects, 12% free, 60MB/69MB, paused 8.077ms total 82.136ms
12-11 16:18:17.891   702   712 I art     : Background sticky concurrent mark sweep GC freed 46791(7MB) AllocSpace objects, 112(1940KB) LOS objects, 13% free, 60MB/69MB, paused 7.261ms total 50.871ms
12-11 16:18:19.446   570   627 D ConnectivityService: handlePromptUnvalidated 100
12-11 16:18:20.139   570   728 D AlarmManagerService: Kernel timezone updated to -630 minutes west of GMT
12-11 16:18:20.149  1456  1678 I CheckinService: Done disabling old GoogleServicesFramework version
12-11 16:18:20.228   570   627 D ConnectivityService: notifyType CAP_CHANGED for NetworkAgentInfo [WIFI () - 100]
12-11 16:18:21.752   570   615 I InputReader: Reconfiguring input devices.  changes=0x00000010
12-11 16:18:21.780  1456  2315 D PkgBroadcastIntentOp: Received broadcast action=android.intent.action.PACKAGE_CHANGED and uri=com.google.android.gms
12-11 16:18:21.780  1456  2315 I PkgBroadcastIntentOp: Null package name or gms related package.  Ignoring.
12-11 16:18:21.797  1456  2315 D WearableController: Received broadcast action=android.intent.action.PACKAGE_CHANGED and uri=com.google.android.gms
12-11 16:18:21.797   570   570 W BackupManagerService: Proposed transport ComponentInfo{com.google.android.gms/com.google.android.gms.backup.BackupTransportService} not whitelisted; ignoring
12-11 16:18:21.799   570   585 W Searchables: No global search activity found
12-11 16:18:21.824  1456  2318 E IcingInternalCorpora: Unknown Contacts update mode: MAYBE
12-11 16:18:21.832  1456  1973 I Icing   : updateResources: need to parse pru{com.google.android.gms}
12-11 16:18:21.841   979   979 I GCoreNlp: shouldConfirmNlp, NLP off. Ensuring opt-in disabled
12-11 16:18:21.894  1456  2319 W IcingInternalCorpora: getNumBytesRead when not calculated.
12-11 16:18:22.149   570   625 D WifiStateMachine: L2Connected CMD_START_SCAN source -2 3, 4 -> obsolete
12-11 16:18:22.998  1456  1973 I Icing   : Indexing 324A036CA84274905D295D63B13CB84722AE8735 from com.google.android.gms
12-11 16:18:23.017  1456  1973 I Icing   : Indexing done 324A036CA84274905D295D63B13CB84722AE8735
12-11 16:18:23.803  1022  1718 D RKUpdateService: request remote server error...
12-11 16:18:25.032   702   702 D BluetoothAdapter: enable(): BT is already enabled..!
12-11 16:18:25.839   570   581 V WindowManager: setAppVisibility(Token{443e8e9 ActivityRecord{716d70 u0 com.roboteam.teamy.usa/com.roboteam.teamy.boot.BootActivity t1708 f}}, visible=false): mNextAppTransition=TRANSIT_TASK_CLOSE hidden=false hiddenRequested=false Callers=com.android.server.am.ActivityStack.finishActivityLocked:2971 com.android.server.am.TaskRecord.performClearTaskAtIndexLocked:653 com.android.server.am.TaskRecord.removeTaskActivitiesLocked:744 com.android.server.am.ActivityManagerService.removeTaskByIdLocked:9103 com.android.server.am.ActivityManagerService.finishActivity:4616 android.app.ActivityManagerNative.onTransact:350 
12-11 16:18:25.840   191   203 D PermissionCache: checking android.permission.READ_FRAME_BUFFER for uid=1000 => granted (128 us)
12-11 16:18:25.840   191   191 D Surface : Surface::final mReqUsage=333
12-11 16:18:25.842   191   203 D gralloc : Isfb=0, [630,630,640,2560], fmt=1, byte_stride=2560
12-11 16:18:25.917  2320  2320 D AndroidRuntime: >>>>>> START com.android.internal.os.RuntimeInit uid 0 <<<<<<
12-11 16:18:25.921  2320  2320 D AndroidRuntime: CheckJNI is OFF
12-11 16:18:25.960  2320  2320 D ICU     : No timezone override file found: /data/misc/zoneinfo/current/icu/icu_tzdata.dat
12-11 16:18:25.996  2320  2320 E memtrack: Couldn't load memtrack module (No such file or directory)
12-11 16:18:25.996  2320  2320 E android.os.Debug: failed to load memtrack module: -2
12-11 16:18:25.999  2320  2320 I Radio-JNI: register_android_hardware_Radio DONE
12-11 16:18:26.027  2320  2320 D AndroidRuntime: Calling main entry com.android.commands.appops.AppOpsCommand
12-11 16:18:26.030  2320  2320 D AndroidRuntime: Shutting down VM
12-11 16:18:26.089   702   702 I Choreographer: Skipped 78 frames!  The application may be doing too much work on its main thread.
12-11 16:18:26.370   570   586 W ActivityManager: Activity pause timeout for ActivityRecord{716d70 u0 com.roboteam.teamy.usa/com.roboteam.teamy.boot.BootActivity t1708 f}
12-11 16:18:26.370   570   586 V WindowManager: Clear freezing of Token{443e8e9 ActivityRecord{716d70 u0 com.roboteam.teamy.usa/com.roboteam.teamy.boot.BootActivity t1708 f}}: hidden=false freezing=false
12-11 16:18:26.371   570   586 V WindowManager: Eval win Window{933aa07 u0 com.roboteam.teamy.usa/com.roboteam.teamy.home.HomeActivity}: isDrawn=false, isAnimating=false
12-11 16:18:26.371   570   586 V WindowManager: Not displayed: s=null pv=true mDrawState=NO_SURFACE ah=false th=true a=false
12-11 16:18:26.374   570   586 V WindowManager: setAppVisibility(Token{2243ae2 ActivityRecord{2257ad u0 com.roboteam.teamy.usa/com.roboteam.teamy.home.HomeActivity t1707}}, visible=true): mNextAppTransition=TRANSIT_TASK_CLOSE hidden=true hiddenRequested=true Callers=com.android.server.am.ActivityStack.resumeTopActivityInnerLocked:1934 com.android.server.am.ActivityStack.resumeTopActivityLocked:1587 com.android.server.am.ActivityStack.resumeTopActivityLocked:1570 com.android.server.am.ActivityStackSupervisor.resumeTopActivitiesLocked:2747 com.android.server.am.ActivityStack.completePauseLocked:1080 com.android.server.am.ActivityStack.activityPausedLocked:943 
12-11 16:18:26.375   570   586 V WindowManager: Done at AppWindowToken{2a1e73 token=Token{2243ae2 ActivityRecord{2257ad u0 com.roboteam.teamy.usa/com.roboteam.teamy.home.HomeActivity t1707}}} -- full screen, return 0
12-11 16:18:26.375   570   586 V WindowManager: Eval win Window{933aa07 u0 com.roboteam.teamy.usa/com.roboteam.teamy.home.HomeActivity}: isDrawn=false, isAnimating=true
12-11 16:18:26.375   570   586 V WindowManager: Not displayed: s=null pv=true mDrawState=NO_SURFACE ah=false th=false a=false
12-11 16:18:26.390   570   591 E WindowManager: Unknown window type: 2999
12-11 16:18:26.408   570   591 E WindowManager: Unknown window type: 2999
12-11 16:18:26.426   570   591 E WindowManager: Unknown window type: 2999
12-11 16:18:26.443   570   591 E WindowManager: Unknown window type: 2999
12-11 16:18:26.461   570   591 E WindowManager: Unknown window type: 2999
12-11 16:18:26.479   570   591 E WindowManager: Unknown window type: 2999
12-11 16:18:26.497   570   591 E WindowManager: Unknown window type: 2999
12-11 16:18:26.514   570   591 E WindowManager: Unknown window type: 2999
12-11 16:18:26.532   570   591 E WindowManager: Unknown window type: 2999
12-11 16:18:26.550   570   591 E WindowManager: Unknown window type: 2999
12-11 16:18:26.567   570   591 E WindowManager: Unknown window type: 2999
12-11 16:18:26.585   570   591 E WindowManager: Unknown window type: 2999
12-11 16:18:26.603   570   591 E WindowManager: Unknown window type: 2999
12-11 16:18:26.620   570   591 E WindowManager: Unknown window type: 2999
12-11 16:18:26.638   570   591 E WindowManager: Unknown window type: 2999
12-11 16:18:26.656   570   591 E WindowManager: Unknown window type: 2999
12-11 16:18:26.673   570   591 E WindowManager: Unknown window type: 2999
12-11 16:18:26.691   570   591 E WindowManager: Unknown window type: 2999
12-11 16:18:26.709   570   591 E WindowManager: Unknown window type: 2999
12-11 16:18:26.726   570   591 E WindowManager: Unknown window type: 2999
12-11 16:18:26.744   570   591 E WindowManager: Unknown window type: 2999
12-11 16:18:26.762   570   591 E WindowManager: Unknown window type: 2999
12-11 16:18:26.780   570   591 E WindowManager: Unknown window type: 2999
12-11 16:18:26.797   570   591 E WindowManager: Unknown window type: 2999
12-11 16:18:26.815   570   591 E WindowManager: Unknown window type: 2999
12-11 16:18:26.833   570   591 E WindowManager: Unknown window type: 2999
12-11 16:18:26.850   570   591 E WindowManager: Unknown window type: 2999
12-11 16:18:26.868   570   591 E WindowManager: Unknown window type: 2999
12-11 16:18:26.886   570   591 E WindowManager: Unknown window type: 2999
12-11 16:18:26.903   570   591 E WindowManager: Unknown window type: 2999
12-11 16:18:26.921   570   591 E WindowManager: Unknown window type: 2999
12-11 16:18:26.939   570   591 E WindowManager: Unknown window type: 2999
12-11 16:18:26.956   570   591 E WindowManager: Unknown window type: 2999
12-11 16:18:26.974   570   591 E WindowManager: Unknown window type: 2999
12-11 16:18:26.979   702   702 W ContextImpl: Calling a method in the system process without a qualified user: android.app.ContextImpl.sendBroadcast:763 android.content.ContextWrapper.sendBroadcast:396 com.roboteam.teamy.shared.analytics.activeuser.ActiveUserAlarm$2.accept:41 com.roboteam.teamy.shared.analytics.activeuser.ActiveUserAlarm$2.accept:18 io.reactivex.internal.subscribers.LambdaSubscriber.onNext:65 
12-11 16:18:26.992   570   591 E WindowManager: Unknown window type: 2999
12-11 16:18:27.010   570   591 E WindowManager: Unknown window type: 2999
12-11 16:18:27.027  2336  2336 D AndroidRuntime: >>>>>> START com.android.internal.os.RuntimeInit uid 0 <<<<<<
12-11 16:18:27.027   570   591 E WindowManager: Unknown window type: 2999
12-11 16:18:27.031  2336  2336 D AndroidRuntime: CheckJNI is OFF
12-11 16:18:27.040   702   702 W ContextImpl: Calling a method in the system process without a qualified user: android.app.ContextImpl.sendBroadcast:778 android.content.ContextWrapper.sendBroadcast:401 com.roboteam.teamy.internalactivities.settings.assistant.AssistantBroadcaster$observingAssistantInfo$1.accept:47 com.roboteam.teamy.internalactivities.settings.assistant.AssistantBroadcaster$observingAssistantInfo$1.accept:12 io.reactivex.internal.subscribers.LambdaSubscriber.onNext:65 
12-11 16:18:27.045   570   591 E WindowManager: Unknown window type: 2999
12-11 16:18:27.063   570   591 E WindowManager: Unknown window type: 2999
12-11 16:18:27.071  2336  2336 D ICU     : No timezone override file found: /data/misc/zoneinfo/current/icu/icu_tzdata.dat
12-11 16:18:27.080   570   591 E WindowManager: Unknown window type: 2999
12-11 16:18:27.090   702   702 I Choreographer: Skipped 55 frames!  The application may be doing too much work on its main thread.
12-11 16:18:27.098   570   591 E WindowManager: Unknown window type: 2999
12-11 16:18:27.108  2336  2336 E memtrack: Couldn't load memtrack module (No such file or directory)
12-11 16:18:27.108  2336  2336 E android.os.Debug: failed to load memtrack module: -2
12-11 16:18:27.111  2336  2336 I Radio-JNI: register_android_hardware_Radio DONE
12-11 16:18:27.116   570   591 E WindowManager: Unknown window type: 2999
12-11 16:18:27.133   570   591 E WindowManager: Unknown window type: 2999
12-11 16:18:27.138  2336  2336 D AndroidRuntime: Calling main entry com.android.commands.pm.Pm
12-11 16:18:27.151   570   591 E WindowManager: Unknown window type: 2999
12-11 16:18:27.155  2336  2336 I art     : System.exit called, status: 1
12-11 16:18:27.155  2336  2336 I AndroidRuntime: VM exiting with result code 1.
12-11 16:18:27.169   570   591 E WindowManager: Unknown window type: 2999
12-11 16:18:27.186   570   591 E WindowManager: Unknown window type: 2999
12-11 16:18:27.204   570   591 E WindowManager: Unknown window type: 2999
12-11 16:18:27.222   570   591 E WindowManager: Unknown window type: 2999
12-11 16:18:27.239   702   702 W ContextImpl: Calling a method in the system process without a qualified user: android.app.ContextImpl.startActivity:658 android.content.ContextWrapper.startActivity:331 com.roboteam.teamy.shared.activitylauncher.ActivityLauncher.startActivity:16 com.roboteam.teamy.kiosk.KioskAppLauncher.launch:57 com.roboteam.teamy.home.HomeActivity.showKioskMode:181 
12-11 16:18:27.239   570   591 E WindowManager: Unknown window type: 2999
12-11 16:18:27.240   702   702 W ContextImpl: Calling a method in the system process without a qualified user: android.app.ContextImpl.startActivity:670 android.app.ContextImpl.startActivity:659 android.content.ContextWrapper.startActivity:331 com.roboteam.teamy.shared.activitylauncher.ActivityLauncher.startActivity:16 com.roboteam.teamy.kiosk.KioskAppLauncher.launch:57 
12-11 16:18:27.240   570  1107 I ActivityManager: START u0 {act=android.intent.action.MAIN cat=[android.intent.category.LAUNCHER] flg=0x34004000 pkg=com.robotemi.sdk.sample cmp=com.robotemi.sdk.sample/.MainActivity} from uid 1000 on display 0
12-11 16:18:27.254   570  1107 V WindowManager: Eval win Window{933aa07 u0 com.roboteam.teamy.usa/com.roboteam.teamy.home.HomeActivity}: isDrawn=false, isAnimating=true
12-11 16:18:27.254   570  1107 V WindowManager: Not displayed: s=null pv=true mDrawState=NO_SURFACE ah=false th=false a=false
12-11 16:18:27.256   570  1107 V WindowManager: Eval win Window{933aa07 u0 com.roboteam.teamy.usa/com.roboteam.teamy.home.HomeActivity}: isDrawn=false, isAnimating=true
12-11 16:18:27.256   570  1107 V WindowManager: Not displayed: s=null pv=true mDrawState=NO_SURFACE ah=false th=false a=false
12-11 16:18:27.262   570   591 E WindowManager: Unknown window type: 2999
12-11 16:18:27.263   570   591 I WindowStateAnimator: createSurface WindowStateAnimator{53197da Starting com.robotemi.sdk.sample}: mDrawState=DRAW_PENDING
12-11 16:18:27.263   570   591 D WindowStateAnimator: rk_debug2 Starting com.robotemi.sdk.sample_Force_To_Dual
12-11 16:18:27.264   570   591 V WindowManager: Skipping AppWindowToken{7b3a82 token=Token{fbd11cd ActivityRecord{48bdb64 u0 com.robotemi.sdk.sample/.MainActivity t1709}}} -- hidden on top
