01-01 22:30:41.868  1003  1016 D Error   : 	at izd.b(SourceFile:99)
01-01 22:30:41.868  1003  1016 D Error   : 	at aefd.c(SourceFile:571)
01-01 22:30:41.868  1003  1016 D Error   : 	at aefd.a(SourceFile:181)
01-01 22:30:41.868  1003  1016 D Error   : 	at aefe.b(SourceFile:93)
01-01 22:30:41.868  1003  1016 D Error   : 	at qmd.a(SourceFile:74)
01-01 22:30:41.868  1003  1016 D Error   : 	at qjf.a(SourceFile:1278)
01-01 22:30:41.868  1003  1016 D Error   : 	at rah.b(SourceFile:104)
01-01 22:30:41.868  1003  1016 D Error   : 	at rah.a(SourceFile:72)
01-01 22:30:41.868  1003  1016 D Error   : 	at rai.a(SourceFile:2052)
01-01 22:30:41.868  1003  1016 D Error   : 	at rap.c(SourceFile:205)
01-01 22:30:41.868  1003  1016 D Error   : 	at qzo.onTransact(SourceFile:150)
01-01 22:30:41.868  1003  1016 D Error   : 	at android.os.Binder.execTransact(Binder.java:453)
01-01 22:30:41.868  1003  1016 D Error   : # via Binder call with stack:
01-01 22:30:41.868  1003  1016 D Error   : android.os.StrictMode$LogStackTrace
01-01 22:30:41.868  1003  1016 D Error   : 	at android.os.StrictMode.readAndHandleBinderCallViolations(StrictMode.java:1911)
01-01 22:30:41.868  1003  1016 D Error   : 	at android.os.Parcel.readExceptionCode(Parcel.java:1601)
01-01 22:30:41.868  1003  1016 D Error   : 	at android.os.Parcel.readException(Parcel.java:1570)
01-01 22:30:41.868  1003  1016 D Error   : 	at joh.c(SourceFile:111)
01-01 22:30:41.868  1003  1016 D Error   : 	at ihg.equals(SourceFile:78)
01-01 22:30:41.868  1003  1016 D Error   : 	at izd.b(SourceFile:245)
01-01 22:30:41.868  1003  1016 D Error   : 	at izd.a(SourceFile:152)
01-01 22:30:41.868  1003  1016 D Error   : 	at izd.b(SourceFile:137)
01-01 22:30:41.868  1003  1016 D Error   : 	at izd.b(SourceFile:99)
01-01 22:30:41.868  1003  1016 D Error   : 	at aefd.c(SourceFile:571)
01-01 22:30:41.868  1003  1016 D Error   : 	at aefd.a(SourceFile:181)
01-01 22:30:41.868  1003  1016 D Error   : 	at aefe.b(SourceFile:93)
01-01 22:30:41.868  1003  1016 D Error   : 	at qmd.a(SourceFile:74)
01-01 22:30:41.868  1003  1016 D Error   : 	at qjf.a(SourceFile:1278)
01-01 22:30:41.868  1003  1016 D Error   : 	at rah.b(SourceFile:104)
01-01 22:30:41.868  1003  1016 D Error   : 	at rah.a(SourceFile:72)
01-01 22:30:41.868  1003  1016 D Error   : 	at rai.a(SourceFile:2052)
01-01 22:30:41.868  1003  1016 D Error   : 	at rap.c(SourceFile:205)
01-01 22:30:41.868  1003  1016 D Error   : 	at qzo.onTransact(SourceFile:150)
01-01 22:30:41.868  1003  1016 D Error   : 	at android.os.Binder.execTransact(Binder.java:453)
01-01 22:30:41.868  1003  1016 D Error   : # via Binder call with stack:
01-01 22:30:41.868  1003  1016 D Error   : android.os.StrictMode$LogStackTrace
01-01 22:30:41.868  1003  1016 D Error   : 	at android.os.StrictMode.readAndHandleBinderCallViolations(StrictMode.java:1911)
01-01 22:30:41.868  1003  1016 D Error   : 	at android.os.Parcel.readExceptionCode(Parcel.java:1601)
01-01 22:30:41.868  1003  1016 D Error   : 	at android.os.Parcel.readException(Parcel.java:1570)
01-01 22:30:41.868  1003  1016 D Error   : 	at joh.c(SourceFile:111)
01-01 22:30:41.868  1003  1016 D Error   : 	at ihg.equals(SourceFile:78)
01-01 22:30:41.868  1003  1016 D Error   : 	at izd.b(SourceFile:245)
01-01 22:30:41.868  1003  1016 D Error   : 	at izd.a(SourceFile:152)
01-01 22:30:41.868  1003  1016 D Error   : 	at izd.b(SourceFile:137)
01-01 22:30:41.868  1003  1016 D Error   : 	at izd.b(SourceFile:99)
01-01 22:30:41.868  1003  1016 D Error   : 	at aefd.c(SourceFile:571)
01-01 22:30:41.868  1003  1016 D Error   : 	at aefd.a(SourceFile:181)
01-01 22:30:41.868  1003  1016 D Error   : 	at aefe.b(SourceFile:93)
01-01 22:30:41.868  1003  1016 D Error   : 	at qmd.a(SourceFile:74)
01-01 22:30:41.868  1003  1016 D Error   : 	at qjf.a(SourceFile:1278)
01-01 22:30:41.868  1003  1016 D Error   : 	at rah.b(SourceFile:104)
01-01 22:30:41.868  1003  1016 D Error   : 	at rah.a(SourceFile:72)
01-01 22:30:41.868  1003  1016 D Error   : 	at rai.a(SourceFile:2052)
01-01 22:30:41.868  1003  1016 D Error   : 	at rap.c(SourceFile:205)
01-01 22:30:41.868  1003  1016 D Error   : 	at qzo.onTransact(SourceFile:150)
01-01 22:30:41.868  1003  1016 D Error   : 	at android.os.Binder.execTransact(Binder.java:453)
01-01 22:30:41.868  1003  1016 D Error   : # via Binder call with stack:
01-01 22:30:41.868  1003  1016 D Error   : android.os.StrictMode$LogStackTrace
01-01 22:30:41.868  1003  1016 D Error   : 	at android.os.StrictMode.readAndHandleBinderCallViolations(StrictMode.java:1911)
01-01 22:30:41.868  1003  1016 D Error   : 	at android.os.Parcel.readExceptionCode(Parcel.java:1601)
01-01 22:30:41.868  1003  1016 D Error   : 	at android.os.Parcel.readException(Parcel.java:1570)
01-01 22:30:41.868  1003  1016 D Error   : 	at joh.c(SourceFile:111)
01-01 22:30:41.868  1003  1016 D Error   : 	at ihg.equals(SourceFile:78)
01-01 22:30:41.868  1003  1016 D Error   : 	at izd.b(SourceFile:245)
01-01 22:30:41.868  1003  1016 D Error   : 	at izd.a(SourceFile:152)
01-01 22:30:41.868  1003  1016 D Error   : 	at izd.b(SourceFile:137)
01-01 22:30:41.868  1003  1016 D Error   : 	at izd.b(SourceFile:99)
01-01 22:30:41.868  1003  1016 D Error   : 	at aefd.c(SourceFile:571)
01-01 22:30:41.868  1003  1016 D Error   : 	at aefd.a(SourceFile:181)
01-01 22:30:41.868  1003  1016 D Error   : 	at aefe.b(SourceFile:93)
01-01 22:30:41.868  1003  1016 D Error   : 	at qmd.a(SourceFile:74)
01-01 22:30:41.868  1003  1016 D Error   : 	at qjf.a(SourceFile:1278)
01-01 22:30:41.868  1003  1016 D Error   : 	at rah.b(SourceFile:104)
01-01 22:30:41.868  1003  1016 D Error   : 	at rah.a(SourceFile:72)
01-01 22:30:41.868  1003  1016 D Error   : 	at rai.a(SourceFile:2052)
01-01 22:30:41.868  1003  1016 D Error   : 	at rap.c(SourceFile:205)
01-01 22:30:41.868  1003  1016 D Error   : 	at qzo.onTransact(SourceFile:150)
01-01 22:30:41.868  1003  1016 D Error   : 	at android.os.Binder.execTransact(Binder.java:453)
01-01 22:30:41.868  1003  1016 D Error   : # via Binder call with stack:
01-01 22:30:41.868  1003  1016 D Error   : android.os.StrictMode$LogStackTrace
01-01 22:30:41.868  1003  1016 D Error   : 	at android.os.StrictMode.readAndHandleBinderCallViolations(StrictMode.java:1911)
01-01 22:30:41.868  1003  1016 D Error   : 	at android.os.Parcel.readExceptionCode(Parcel.java:1601)
01-01 22:30:41.868  1003  1016 D Error   : 	at android.os.Parcel.readException(Parcel.java:1570)
01-01 22:30:41.868  1003  1016 D Error   : 	at joh.c(SourceFile:111)
01-01 22:30:41.868  1003  1016 D Error   : 	at ihg.equals(SourceFile:78)
01-01 22:30:41.868  1003  1016 D Error   : 	at izd.b(SourceFile:245)
01-01 22:30:41.868  1003  1016 D Error   : 	at izd.a(SourceFile:152)
01-01 22:30:41.868  1003  1016 D Error   : 	at izd.b(SourceFile:137)
01-01 22:30:41.868  1003  1016 D Error   : 	at izd.b(SourceFile:99)
01-01 22:30:41.868  1003  1016 D Error   : 	at aefd.c(SourceFile:571)
01-01 22:30:41.868  1003  1016 D Error   : 	at aefd.a(SourceFile:181)
01-01 22:30:41.868  1003  1016 D Error   : 	at aefe.b(SourceFile:93)
01-01 22:30:41.868  1003  1016 D Error   : 	at qmd.a(SourceFile:74)
01-01 22:30:41.868  1003  1016 D Error   : 	at qjf.a(SourceFile:1278)
01-01 22:30:41.868  1003  1016 D Error   : 	at rah.b(SourceFile:104)
01-01 22:30:41.868  1003  1016 D Error   : 	at rah.a(Sour
01-01 22:30:41.868  1003  1016 D Error   : ERR: TOTAL BYTES WRITTEN: 60700
01-01 22:30:41.868  1003  1016 D StrictMode: Wrote violation #0 of 1: 60744 bytes
01-01 22:30:41.872  1003  1016 E StrictMode: Stack is too large: numViolations=1 policy=#680007 front= android.app.SharedPreferencesImpl.getString(SharedPreferencesImpl.java:224)
01-01 22:30:41.872  1003  1016 E StrictMode: 	at rah.a(SourceFile:60)
01-01 22:30:41.872  1003  1016 E StrictMode: 	at rai.a(SourceFile:2052)
01-01 22:30:41.872  1003  1016 E StrictMode: 	at rap.c(SourceFile:205)
01-01 22:30:41.872  1003  1016 E StrictMode: 	at qzo.onTransact(SourceFile:150)
01-01 22:30:41.872  1003  1016 E StrictMode: 	at android.os.Binder.execTransact(Binder.java:453)
01-01 22:30:41.872  1003  1016 E StrictMode: # via Binder call with stack:
01-01 22:30:41.872  1003  1016 E StrictMode: android.os.StrictMode$LogStackTrace
01-01 22:30:41.872  1003  1016 E StrictMode: 	at android.os.StrictMode.readAndHandleBinderCallViolations(StrictMode.java:1911)
01-01 22:30:41.872  1003  1016 E StrictMode: 	at android.os.Parcel.readExceptionCode(Parcel.java:1601)
01-01 22:30:41.872  1003  1016 E StrictMode: 	at android.os.Parcel.readException(Parcel.java:1570)
01-01 22:30:41.872  1003  1016 E StrictMode: 	at joh.c(SourceFile:111)
01-01 22:30:41.872  1003  1016 E StrictMode: 	at ihg.equals(SourceFile:78)
01-01 22:30:41.872  1003  1016 E StrictMode: 	at izd.b(SourceFile:245)
01-01 22:30:41.872  1003  1016 E StrictMode: 	at izd.a(SourceFile:152)
01-01 22:30:41.872  1003  1016 E StrictMode: 	at izd.b(SourceFile:137)
01-01 22:30:41.872  1003  1016 E StrictMode: 	at izd.b(SourceFile:99)
01-01 22:30:41.872  1003  1016 E StrictMode: 	at aefd.c(SourceFile:571)
01-01 22:30:41.872  1003  1016 E StrictMode: 	at aefd.a(SourceFile:181)
01-01 22:30:41.872  1003  1016 E StrictMode: 	at aefe.b(SourceFile:93)
01-01 22:30:41.872  1003  1016 E StrictMode: 	at qmd.a(SourceFile:74)
01-01 22:30:41.872  1003  1016 E StrictMode: 	at qjf.a(SourceFile:1278)
01-01 22:30:41.872  1003  1016 E StrictMode: 	at rah.b(SourceFile:104)
01-01 22:30:41.872  1003  1016 E StrictMode: 	at rah.a(SourceFile:72)
01-01 22:30:41.872  1003  1016 E StrictMode: 	at rai.a(SourceFile:2052)
01-01 22:30:41.872  1003  1016 E StrictMode: 	at rap.c(SourceFile:205)
01-01 22:30:41.872  1003  1016 E StrictMode: 	at qzo.onTransact(SourceFile:150)
01-01 22:30:41.872  1003  1016 E StrictMode: 	at android.os.Binder.execTransact(Binder.java:453)
01-01 22:30:41.872  1003  1016 E StrictMode: # via Binder call with stack:
01-01 22:30:41.872  1003  1016 E StrictMode: android.os.StrictMode$LogStackTrace
01-01 22:30:41.872  1003  1016 E StrictMode: 	at android.os.StrictMode.readAndHandleBinderCallViolations(StrictMode.java:1911)
01-01 22:30:41.872  1003  1016 E StrictMode: 	at android.os.Parcel.readExceptionCode(Parcel.java:1601)
01-01 22:30:41.872  1003  1016 E StrictMode: 	at android.os.Parcel.readException(Parcel.java:1570)
01-01 22:30:41.872  1003  1016 E StrictMode: 	at joh.c(SourceFile:111)
01-01 22:30:41.872  1003  1016 E StrictMode: 	at ihg.equals(SourceFile:78)
01-01 22:30:41.872  1003  1016 E StrictMode: 	at izd.b(SourceFile:245)
01-01 22:30:41.872  1003  1016 E StrictMode: 	at izd.a(SourceFile:152)
01-01 22:30:41.872  1003  1016 E StrictMode: 	at izd.b(SourceFile:137)
01-01 22:30:41.872  1003  1016 E StrictMode: 	at izd.b(SourceFile:99)
01-01 22:30:41.872  1003  1016 E StrictMode: 	at aefd.c(SourceFile:571)
01-01 22:30:41.872  1003  1016 E StrictMode: 	at aefd.a(SourceFile:181)
01-01 22:30:41.872  1003  1016 E StrictMode: 	at aefe.b(SourceFile:93)
01-01 22:30:41.872  1003  1016 E StrictMode: 	at qmd.a(SourceFile:74)
01-01 22:30:41.872  1003  1016 E StrictMode: 	at qjf.a(SourceFile:1278)
01-01 22:30:41.872  1003  1016 E StrictMode: 	at rah.b(SourceFile:104)
01-01 22:30:41.872  1003  1016 E StrictMode: 	at rah.a(SourceFile:72)
01-01 22:30:41.872  1003  1016 E StrictMode: 	at rai.a(SourceFile:2052)
01-01 22:30:41.872  1003  1016 E StrictMode: 	at rap.c(SourceFile:205)
01-01 22:30:41.872  1003  1016 E StrictMode: 	at qzo.onTransact(SourceFile:150)
01-01 22:30:41.872  1003  1016 E StrictMode: 	at android.os.Binder.execTransact(Binder.java:453)
01-01 22:30:41.872  1003  1016 E StrictMode: # via Binder call with stack:
01-01 22:30:41.872  1003  1016 E StrictMode: android.os.StrictMode$LogStackTrace
01-01 22:30:41.872  1003  1016 E StrictMode: 	at android.os.StrictMode.readAndHandleBinderCallViolations(StrictMode.java:1911)
01-01 22:30:41.872  1003  1016 E StrictMode: 	at android.os.Parcel.readExceptionCode(Parcel.java:1601)
01-01 22:30:41.872  1003  1016 E StrictMode: 	at android.os.Parcel.readException(Parcel.java:1570)
01-01 22:30:41.872  1003  1016 E StrictMode: 	at joh.c(SourceFile:111)
01-01 22:30:41.872  1003  1016 E StrictMode: 	at ihg.equals(SourceFile:78)
01-01 22:30:41.872  1003  1016 E StrictMode: 	at izd.b(SourceFile:245)
01-01 22:30:41.872  1003  1016 E StrictMode: 	at izd.a(SourceFile:152)
01-01 22:30:41.872  1003  1016 E StrictMode: 	at izd.b(SourceFile:137)
01-01 22:30:41.872  1003  1016 E StrictMode: 	at izd.b(SourceFile:99)
01-01 22:30:41.872  1003  1016 E StrictMode: 	at aefd.c(SourceFile:571)
01-01 22:30:41.872  1003  1016 E StrictMode: 	at aefd.a(SourceFile:181)
01-01 22:30:41.872  1003  1016 E StrictMode: 	at aefe.b(SourceFile:93)
01-01 22:30:41.872  1003  1016 E StrictMode: 	at qmd.a(SourceFile:74)
01-01 22:30:41.872  1003  1016 E StrictMode: 	at qjf.a(SourceFile:1278)
01-01 22:30:41.872  1003  1016 E StrictMode: 	at rah.b(SourceFile:104)
01-01 22:30:41.872  1003  1016 E StrictMode: 	at rah.a(SourceFile:72)
01-01 22:30:41.872  1003  1016 E StrictMode: 	at rai.a(SourceFile:2052)
01-01 22:30:41.872  1003  1016 E StrictMode: 	at rap.c(SourceFile:205)
01-01 22:30:41.872  1003  1016 E StrictMode: 	at qzo.onTransact(SourceFile:150)
01-01 22:30:41.872  1003  1016 E StrictMode: 	at android.os.Binder.execTransact(Binder.java:453)
01-01 22:30:41.872  1003  1016 E StrictMode: # via Binder call with stack:
01-01 22:30:41.872  1003  1016 E StrictMode: android.os.StrictMode$LogStackTrace
01-01 22:30:41.872  1003  1016 E StrictMode: 	at android.os.StrictMode.readAndHandleBinderCallViolations(StrictMode.java:1911)
01-01 22:30:41.872  1003  1016 E StrictMode: 	at android.os.Parcel.readExceptionCode(Parcel.java:1601)
01-01 22:30:41.872  1003  1016 E StrictMode: 	at android.os.Parcel.readException(Parcel.java:1570)
01-01 22:30:41.872  1003  1016 E StrictMode: 	at joh.c(SourceFile:111)
01-01 22:30:41.872  1003  1016 E StrictMode: 	at ihg.equals(SourceFile:78)
01-01 22:30:41.872  1003  1016 E StrictMode: 	at izd.b(SourceFile:245)
01-01 22:30:41.872  1003  1016 E StrictMode: 	at izd.a(SourceFile:152)
01-01 22:30:41.872  1003  1016 E StrictMode: 	at izd.b(SourceFile:137)
01-01 22:30:41.872  1003  1016 E StrictMode: 	at izd.b(SourceFile:99)
01-01 22:30:41.872  1003  1016 E StrictMode: 	at aefd.c(SourceFile:571)
01-01 22:30:41.872  1003  1016 E StrictMode: 	at aefd.a(SourceFile:181)
01-01 22:30:41.872  1003  1016 E StrictMode: 	at aefe.b(SourceFile:93)
01-01 22:30:41.872  1003  1016 E StrictMode: 	at qmd.a(SourceFile:74)
01-01 22:30:41.872  1003  1016 E StrictMode: 	at qjf.a(SourceFile:1278)
01-01 22:30:41.872  1003  1016 E StrictMode: 	at rah.b(SourceFile:104)
01-01 22:30:41.872  1003  1016 E StrictMode: 	at rah.a(SourceFile:72)
01-01 22:30:41.872  1003  1016 E StrictMode: 	at rai.a(SourceFile:2052)
01-01 22:30:41.872  1003  1016 E StrictMode: 	at rap.c(SourceFile:205)
01-01 22:30:41.872  1003  1016 E StrictMode: 	at qzo.onTransact(SourceFile:150)
01-01 22:30:41.872  1003  1016 E StrictMode: 	at android.os.Binder.execTransact(Binder.java:453)
01-01 22:30:41.872  1003  1016 E StrictMode: # via Binder call with stack:
01-01 22:30:41.872  1003  1016 E StrictMode: android.os.StrictMode$LogStackTrace
01-01 22:30:41.872  1003  1016 E StrictMode: 	at android.os.StrictMode.readAndHandleBinderCallViolations(StrictMode.java:1911)
01-01 22:30:41.872  1003  1016 E StrictMode: 	at android.os.Parcel.readExceptionCode(Parcel.java:1601)
01-01 22:30:41.872  1003  1016 E StrictMode: 	at android.os.Parcel.readException(Parcel.java:1570)
01-01 22:30:41.872  1003  1016 E StrictMode: 	at joh.c(SourceFile:111)
01-01 22:30:41.872  1003  1016 E StrictMode: 	at ihg.equals(SourceFile:78)
01-01 22:30:41.872  1003  1016 E StrictMode: 	at izd.b(SourceFile:245)
01-01 22:30:41.872  1003  1016 E StrictMode: 	at izd.a(SourceFile:152)
01-01 22:30:41.872  1003  1016 E StrictMode: 	at izd.b(SourceFile:137)
01-01 22:30:41.872  1003  1016 E StrictMode: 	at izd.b(SourceFile:99)
01-01 22:30:41.872  1003  1016 E StrictMode: 	at aefd.c(SourceFile:571)
01-01 22:30:41.872  1003  1016 E StrictMode: 	at aefd.a(SourceFile:181)
01-01 22:30:41.872  1003  1016 E StrictMode: 	at aefe.b(SourceFile:93)
01-01 22:30:41.872  1003  1016 E StrictMode: 	at qmd.a(SourceFile:74)
01-01 22:30:41.872  1003  1016 E StrictMode: 	at qjf.a(SourceFile:1278)
01-01 22:30:41.872  1003  1016 E StrictMode: 	at rah.b(SourceFile:104)
01-01 22:30:41.872  1003  1016 E StrictMode: 	at rah.a(SourceFile:72)
01-01 22:30:41.872  1003  1016 E StrictMode: 	at rai.a(SourceFile:2052)
01-01 22:30:41.872  1003  1016 E StrictMode: 	at rap.c(SourceFile:205)
01-01 22:30:41.872  1003  1016 E StrictMode: 	at qzo.onTransact(SourceFile:150)
01-01 22:30:41.872  1003  1016 E StrictMode: 	at android.os.Binder.execTransact(Binder.java:453)
01-01 22:30:41.872  1003  1016 E StrictMode: # via Binder call with stack:
01-01 22:30:41.872  1003  1016 E StrictMode: android.os.StrictMode$Lo
01-01 22:30:41.874  1003  1016 D Error   : ERR: exClass=android.util.Log$TerribleFailure
01-01 22:30:41.875  1003  1016 D Error   : ERR: exMsg=Stack is too large: numViolations=1 policy=#680007 front= android.app.SharedPreferencesImpl.getString(SharedPreferencesImpl.java:224)
01-01 22:30:41.875  1003  1016 D Error   : 	at rah.a(SourceFile:60)
01-01 22:30:41.875  1003  1016 D Error   : 	at rai.a(SourceFile:2052)
01-01 22:30:41.875  1003  1016 D Error   : 	at rap.c(SourceFile:205)
01-01 22:30:41.875  1003  1016 D Error   : 	at qzo.onTransact(SourceFile:150)
01-01 22:30:41.875  1003  1016 D Error   : 	at android.os.Binder.execTransact(Binder.java:453)
01-01 22:30:41.875  1003  1016 D Error   : # via Binder call with stack:
01-01 22:30:41.875  1003  1016 D Error   : android.os.StrictMode$LogStackTrace
01-01 22:30:41.875  1003  1016 D Error   : 	at android.os.StrictMode.readAndHandleBinderCallViolations(StrictMode.java:1911)
01-01 22:30:41.875  1003  1016 D Error   : 	at android.os.Parcel.readExceptionCode(Parcel.java:1601)
01-01 22:30:41.875  1003  1016 D Error   : 	at android.os.Parcel.readException(Parcel.java:1570)
01-01 22:30:41.875  1003  1016 D Error   : 	at joh.c(SourceFile:111)
01-01 22:30:41.875  1003  1016 D Error   : 	at ihg.equals(SourceFile:78)
01-01 22:30:41.875  1003  1016 D Error   : 	at izd.b(SourceFile:245)
01-01 22:30:41.875  1003  1016 D Error   : 	at izd.a(SourceFile:152)
01-01 22:30:41.875  1003  1016 D Error   : 	at izd.b(SourceFile:137)
01-01 22:30:41.875  1003  1016 D Error   : 	at izd.b(SourceFile:99)
01-01 22:30:41.875  1003  1016 D Error   : 	at aefd.c(SourceFile:571)
01-01 22:30:41.875  1003  1016 D Error   : 	at aefd.a(SourceFile:181)
01-01 22:30:41.875  1003  1016 D Error   : 	at aefe.b(SourceFile:93)
01-01 22:30:41.875  1003  1016 D Error   : 	at qmd.a(SourceFile:74)
01-01 22:30:41.875  1003  1016 D Error   : 	at qjf.a(SourceFile:1278)
01-01 22:30:41.875  1003  1016 D Error   : 	at rah.b(SourceFile:104)
01-01 22:30:41.875  1003  1016 D Error   : 	at rah.a(SourceFile:72)
01-01 22:30:41.875  1003  1016 D Error   : 	at rai.a(SourceFile:2052)
01-01 22:30:41.875  1003  1016 D Error   : 	at rap.c(SourceFile:205)
01-01 22:30:41.875  1003  1016 D Error   : 	at qzo.onTransact(SourceFile:150)
01-01 22:30:41.875  1003  1016 D Error   : 	at android.os.Binder.execTransact(Binder.java:453)
01-01 22:30:41.875  1003  1016 D Error   : # via Binder call with stack:
01-01 22:30:41.875  1003  1016 D Error   : android.os.StrictMode$LogStackTrace
01-01 22:30:41.875  1003  1016 D Error   : 	at android.os.StrictMode.readAndHandleBinderCallViolations(StrictMode.java:1911)
01-01 22:30:41.875  1003  1016 D Error   : 	at android.os.Parcel.readExceptionCode(Parcel.java:1601)
01-01 22:30:41.875  1003  1016 D Error   : 	at android.os.Parcel.readException(Parcel.java:1570)
01-01 22:30:41.875  1003  1016 D Error   : 	at joh.c(SourceFile:111)
01-01 22:30:41.875  1003  1016 D Error   : 	at ihg.equals(SourceFile:78)
01-01 22:30:41.875  1003  1016 D Error   : 	at izd.b(SourceFile:245)
01-01 22:30:41.875  1003  1016 D Error   : 	at izd.a(SourceFile:152)
01-01 22:30:41.875  1003  1016 D Error   : 	at izd.b(SourceFile:137)
01-01 22:30:41.875  1003  1016 D Error   : 	at izd.b(SourceFile:99)
01-01 22:30:41.875  1003  1016 D Error   : 	at aefd.c(SourceFile:571)
01-01 22:30:41.875  1003  1016 D Error   : 	at aefd.a(SourceFile:181)
01-01 22:30:41.875  1003  1016 D Error   : 	at aefe.b(SourceFile:93)
01-01 22:30:41.875  1003  1016 D Error   : 	at qmd.a(SourceFile:74)
01-01 22:30:41.875  1003  1016 D Error   : 	at qjf.a(SourceFile:1278)
01-01 22:30:41.875  1003  1016 D Error   : 	at rah.b(SourceFile:104)
01-01 22:30:41.875  1003  1016 D Error   : 	at rah.a(SourceFile:72)
01-01 22:30:41.875  1003  1016 D Error   : 	at rai.a(SourceFile:2052)
01-01 22:30:41.875  1003  1016 D Error   : 	at rap.c(SourceFile:205)
01-01 22:30:41.875  1003  1016 D Error   : 	at qzo.onTransact(SourceFile:150)
01-01 22:30:41.875  1003  1016 D Error   : 	at android.os.Binder.execTransact(Binder.java:453)
01-01 22:30:41.875  1003  1016 D Error   : # via Binder call with stack:
01-01 22:30:41.875  1003  1016 D Error   : android.os.StrictMode$LogStackTrace
01-01 22:30:41.875  1003  1016 D Error   : 	at android.os.StrictMode.readAndHandleBinderCallViolations(StrictMode.java:1911)
01-01 22:30:41.875  1003  1016 D Error   : 	at android.os.Parcel.readExceptionCode(Parcel.java:1601)
01-01 22:30:41.875  1003  1016 D Error   : 	at android.os.Parcel.readException(Parcel.java:1570)
01-01 22:30:41.875  1003  1016 D Error   : 	at joh.c(SourceFile:111)
01-01 22:30:41.875  1003  1016 D Error   : 	at ihg.equals(SourceFile:78)
01-01 22:30:41.875  1003  1016 D Error   : 	at izd.b(SourceFile:245)
01-01 22:30:41.875  1003  1016 D Error   : 	at izd.a(SourceFile:152)
01-01 22:30:41.875  1003  1016 D Error   : 	at izd.b(SourceFile:137)
01-01 22:30:41.875  1003  1016 D Error   : 	at izd.b(SourceFile:99)
01-01 22:30:41.875  1003  1016 D Error   : 	at aefd.c(SourceFile:571)
01-01 22:30:41.875  1003  1016 D Error   : 	at aefd.a(SourceFile:181)
01-01 22:30:41.875  1003  1016 D Error   : 	at aefe.b(SourceFile:93)
01-01 22:30:41.875  1003  1016 D Error   : 	at qmd.a(SourceFile:74)
01-01 22:30:41.875  1003  1016 D Error   : 	at qjf.a(SourceFile:1278)
01-01 22:30:41.875  1003  1016 D Error   : 	at rah.b(SourceFile:104)
01-01 22:30:41.875  1003  1016 D Error   : 	at rah.a(SourceFile:72)
01-01 22:30:41.875  1003  1016 D Error   : 	at rai.a(SourceFile:2052)
01-01 22:30:41.875  1003  1016 D Error   : 	at rap.c(SourceFile:205)
01-01 22:30:41.875  1003  1016 D Error   : 	at qzo.onTransact(SourceFile:150)
01-01 22:30:41.875  1003  1016 D Error   : 	at android.os.Binder.execTransact(Binder.java:453)
01-01 22:30:41.875  1003  1016 D Error   : # via Binder call with stack:
01-01 22:30:41.875  1003  1016 D Error   : android.os.StrictMode$LogStackTrace
01-01 22:30:41.875  1003  1016 D Error   : 	at android.os.StrictMode.readAndHandleBinderCallViolations(StrictMode.java:1911)
01-01 22:30:41.875  1003  1016 D Error   : 	at android.os.Parcel.readExceptionCode(Parcel.java:1601)
01-01 22:30:41.875  1003  1016 D Error   : 	at android.os.Parcel.readException(Parcel.java:1570)
01-01 22:30:41.875  1003  1016 D Error   : 	at joh.c(SourceFile:111)
01-01 22:30:41.875  1003  1016 D Error   : 	at ihg.equals(SourceFile:78)
01-01 22:30:41.875  1003  1016 D Error   : 	at izd.b(SourceFile:245)
01-01 22:30:41.875  1003  1016 D Error   : 	at izd.a(SourceFile:152)
01-01 22:30:41.875  1003  1016 D Error   : 	at izd.b(SourceFile:137)
01-01 22:30:41.875  1003  1016 D Error   : 	at izd.b(SourceFile:99)
01-01 22:30:41.875  1003  1016 D Error   : 	at aefd.c(SourceFile:571)
01-01 22:30:41.875  1003  1016 D Error   : 	at aefd.a(SourceFile:181)
01-01 22:30:41.875  1003  1016 D Error   : 	at aefe.b(SourceFile:93)
01-01 22:30:41.875  1003  1016 D Error   : 	at qmd.a(SourceFile:74)
01-01 22:30:41.875  1003  1016 D Error   : 	at qjf.a(SourceFile:1278)
01-01 22:30:41.875  1003  1016 D Error   : 	at rah.b(SourceFile:104)
01-01 22:30:41.875  1003  1016 D Error   : 	at rah.a(SourceFile:72)
01-01 22:30:41.875  1003  1016 D Error   : 	at rai.a(SourceFile:2052)
01-01 22:30:41.875  1003  1016 D Error   : 	at rap.c(SourceFile:205)
01-01 22:30:41.875  1003  1016 D Error   : 	at qzo.onTransact(SourceFile:150)
01-01 22:30:41.875  1003  1016 D Error   : 	at android.os.Binder.execTransact(Binder.java:453)
01-01 22:30:41.875  1003  1016 D Error   : # via Binder call with stack:
01-01 22:30:41.875  1003  1016 D Error   : android.os.StrictMode$LogStackTrace
01-01 22:30:41.875  1003  1016 D Error   : 	at android.os.StrictMode.readAndHandleBinderCallViolations(StrictMode.java:1911)
01-01 22:30:41.875  1003  1016 D Error   : 	at android.os.Parcel.readExceptionCode(Parcel.java:1601)
01-01 22:30:41.875  1003  1016 D Error   : 	at android.os.Parcel.readException(Parcel.java:1570)
01-01 22:30:41.875  1003  1016 D Error   : 	at joh.c(SourceFile:111)
01-01 22:30:41.875  1003  1016 D Error   : 	at ihg.equals(SourceFile:78)
01-01 22:30:41.875  1003  1016 D Error   : 	at izd.b(SourceFile:245)
01-01 22:30:41.875  1003  1016 D Error   : 	at izd.a(SourceFile:152)
01-01 22:30:41.875  1003  1016 D Error   : 	at izd.b(SourceFile:137)
01-01 22:30:41.875  1003  1016 D Error   : 	at izd.b(SourceFile:99)
01-01 22:30:41.875  1003  1016 D Error   : 	at aefd.c(SourceFile:571)
01-01 22:30:41.875  1003  1016 D Error   : 	at aefd.a(SourceFile:181)
01-01 22:30:41.875  1003  1016 D Error   : 	at aefe.b(SourceFile:93)
01-01 22:30:41.875  1003  1016 D Error   : 	at qmd.a(SourceFile:74)
01-01 22:30:41.875  1003  1016 D Error   : 	at qjf.a(SourceFile:1278)
01-01 22:30:41.875  1003  1016 D Error   : 	at rah.b(SourceFile:104)
01-01 22:30:41.875  1003  1016 D Error   : 	at rah.a(SourceFile:72)
01-01 22:30:41.875  1003  1016 D Error   : 	at rai.a(SourceFile:2052)
01-01 22:30:41.875  1003  1016 D Error   : 	at rap.c(SourceFile:205)
01-01 22:30:41.875  1003  1016 D Error   : 	at qzo.onTransact(SourceFile:150)
01-01 22:30:41.875  1003  1016 D Error   : 	at android.os.Binder.execTransact(Binder.java:453)
01-01 22:30:41.875  1003  1016 D Error   : # via Binder call with stack:
01-01 22:30:41.875  1003  1016 D Error   : android.os.StrictM
01-01 22:30:41.875  1003  1016 D Error   : ERR: file=Log.java
01-01 22:30:41.875  1003  1016 D Error   : ERR: class=android.util.Log
01-01 22:30:41.875  1003  1016 D Error   : ERR: method=wtf line=291
01-01 22:30:41.876  1003  1016 D Error   : ERR: stack=android.util.Log$TerribleFailure: Stack is too large: numViolations=1 policy=#680007 front= android.app.SharedPreferencesImpl.getString(SharedPreferencesImpl.java:224)
01-01 22:30:41.876  1003  1016 D Error   : 	at rah.a(SourceFile:60)
01-01 22:30:41.876  1003  1016 D Error   : 	at rai.a(SourceFile:2052)
01-01 22:30:41.876  1003  1016 D Error   : 	at rap.c(SourceFile:205)
01-01 22:30:41.876  1003  1016 D Error   : 	at qzo.onTransact(SourceFile:150)
01-01 22:30:41.876  1003  1016 D Error   : 	at android.os.Binder.execTransact(Binder.java:453)
01-01 22:30:41.876  1003  1016 D Error   : # via Binder call with stack:
01-01 22:30:41.876  1003  1016 D Error   : android.os.StrictMode$LogStackTrace
01-01 22:30:41.876  1003  1016 D Error   : 	at android.os.StrictMode.readAndHandleBinderCallViolations(StrictMode.java:1911)
01-01 22:30:41.876  1003  1016 D Error   : 	at android.os.Parcel.readExceptionCode(Parcel.java:1601)
01-01 22:30:41.876  1003  1016 D Error   : 	at android.os.Parcel.readException(Parcel.java:1570)
01-01 22:30:41.876  1003  1016 D Error   : 	at joh.c(SourceFile:111)
01-01 22:30:41.876  1003  1016 D Error   : 	at ihg.equals(SourceFile:78)
01-01 22:30:41.876  1003  1016 D Error   : 	at izd.b(SourceFile:245)
01-01 22:30:41.876  1003  1016 D Error   : 	at izd.a(SourceFile:152)
01-01 22:30:41.876  1003  1016 D Error   : 	at izd.b(SourceFile:137)
01-01 22:30:41.876  1003  1016 D Error   : 	at izd.b(SourceFile:99)
01-01 22:30:41.876  1003  1016 D Error   : 	at aefd.c(SourceFile:571)
01-01 22:30:41.876  1003  1016 D Error   : 	at aefd.a(SourceFile:181)
01-01 22:30:41.876  1003  1016 D Error   : 	at aefe.b(SourceFile:93)
01-01 22:30:41.876  1003  1016 D Error   : 	at qmd.a(SourceFile:74)
01-01 22:30:41.876  1003  1016 D Error   : 	at qjf.a(SourceFile:1278)
01-01 22:30:41.876  1003  1016 D Error   : 	at rah.b(SourceFile:104)
01-01 22:30:41.876  1003  1016 D Error   : 	at rah.a(SourceFile:72)
01-01 22:30:41.876  1003  1016 D Error   : 	at rai.a(SourceFile:2052)
01-01 22:30:41.876  1003  1016 D Error   : 	at rap.c(SourceFile:205)
01-01 22:30:41.876  1003  1016 D Error   : 	at qzo.onTransact(SourceFile:150)
01-01 22:30:41.876  1003  1016 D Error   : 	at android.os.Binder.execTransact(Binder.java:453)
01-01 22:30:41.876  1003  1016 D Error   : # via Binder call with stack:
01-01 22:30:41.876  1003  1016 D Error   : android.os.StrictMode$LogStackTrace
01-01 22:30:41.876  1003  1016 D Error   : 	at android.os.StrictMode.readAndHandleBinderCallViolations(StrictMode.java:1911)
01-01 22:30:41.876  1003  1016 D Error   : 	at android.os.Parcel.readExceptionCode(Parcel.java:1601)
01-01 22:30:41.876  1003  1016 D Error   : 	at android.os.Parcel.readException(Parcel.java:1570)
01-01 22:30:41.876  1003  1016 D Error   : 	at joh.c(SourceFile:111)
01-01 22:30:41.876  1003  1016 D Error   : 	at ihg.equals(SourceFile:78)
01-01 22:30:41.876  1003  1016 D Error   : 	at izd.b(SourceFile:245)
01-01 22:30:41.876  1003  1016 D Error   : 	at izd.a(SourceFile:152)
01-01 22:30:41.876  1003  1016 D Error   : 	at izd.b(SourceFile:137)
01-01 22:30:41.876  1003  1016 D Error   : 	at izd.b(SourceFile:99)
01-01 22:30:41.876  1003  1016 D Error   : 	at aefd.c(SourceFile:571)
01-01 22:30:41.876  1003  1016 D Error   : 	at aefd.a(SourceFile:181)
01-01 22:30:41.876  1003  1016 D Error   : 	at aefe.b(SourceFile:93)
01-01 22:30:41.876  1003  1016 D Error   : 	at qmd.a(SourceFile:74)
01-01 22:30:41.876  1003  1016 D Error   : 	at qjf.a(SourceFile:1278)
01-01 22:30:41.876  1003  1016 D Error   : 	at rah.b(SourceFile:104)
01-01 22:30:41.876  1003  1016 D Error   : 	at rah.a(SourceFile:72)
01-01 22:30:41.876  1003  1016 D Error   : 	at rai.a(SourceFile:2052)
01-01 22:30:41.876  1003  1016 D Error   : 	at rap.c(SourceFile:205)
01-01 22:30:41.876  1003  1016 D Error   : 	at qzo.onTransact(SourceFile:150)
01-01 22:30:41.876  1003  1016 D Error   : 	at android.os.Binder.execTransact(Binder.java:453)
01-01 22:30:41.876  1003  1016 D Error   : # via Binder call with stack:
01-01 22:30:41.876  1003  1016 D Error   : android.os.StrictMode$LogStackTrace
01-01 22:30:41.876  1003  1016 D Error   : 	at android.os.StrictMode.readAndHandleBinderCallViolations(StrictMode.java:1911)
01-01 22:30:41.876  1003  1016 D Error   : 	at android.os.Parcel.readExceptionCode(Parcel.java:1601)
01-01 22:30:41.876  1003  1016 D Error   : 	at android.os.Parcel.readException(Parcel.java:1570)
01-01 22:30:41.876  1003  1016 D Error   : 	at joh.c(SourceFile:111)
01-01 22:30:41.876  1003  1016 D Error   : 	at ihg.equals(SourceFile:78)
01-01 22:30:41.876  1003  1016 D Error   : 	at izd.b(SourceFile:245)
01-01 22:30:41.876  1003  1016 D Error   : 	at izd.a(SourceFile:152)
01-01 22:30:41.876  1003  1016 D Error   : 	at izd.b(SourceFile:137)
01-01 22:30:41.876  1003  1016 D Error   : 	at izd.b(SourceFile:99)
01-01 22:30:41.876  1003  1016 D Error   : 	at aefd.c(SourceFile:571)
01-01 22:30:41.876  1003  1016 D Error   : 	at aefd.a(SourceFile:181)
01-01 22:30:41.876  1003  1016 D Error   : 	at aefe.b(SourceFile:93)
01-01 22:30:41.876  1003  1016 D Error   : 	at qmd.a(SourceFile:74)
01-01 22:30:41.876  1003  1016 D Error   : 	at qjf.a(SourceFile:1278)
01-01 22:30:41.876  1003  1016 D Error   : 	at rah.b(SourceFile:104)
01-01 22:30:41.876  1003  1016 D Error   : 	at rah.a(SourceFile:72)
01-01 22:30:41.876  1003  1016 D Error   : 	at rai.a(SourceFile:2052)
01-01 22:30:41.876  1003  1016 D Error   : 	at rap.c(SourceFile:205)
01-01 22:30:41.876  1003  1016 D Error   : 	at qzo.onTransact(SourceFile:150)
01-01 22:30:41.876  1003  1016 D Error   : 	at android.os.Binder.execTransact(Binder.java:453)
01-01 22:30:41.876  1003  1016 D Error   : # via Binder call with stack:
01-01 22:30:41.876  1003  1016 D Error   : android.os.StrictMode$LogStackTrace
01-01 22:30:41.876  1003  1016 D Error   : 	at android.os.StrictMode.readAndHandleBinderCallViolations(StrictMode.java:1911)
01-01 22:30:41.876  1003  1016 D Error   : 	at android.os.Parcel.readExceptionCode(Parcel.java:1601)
01-01 22:30:41.876  1003  1016 D Error   : 	at android.os.Parcel.readException(Parcel.java:1570)
01-01 22:30:41.876  1003  1016 D Error   : 	at joh.c(SourceFile:111)
01-01 22:30:41.876  1003  1016 D Error   : 	at ihg.equals(SourceFile:78)
01-01 22:30:41.876  1003  1016 D Error   : 	at izd.b(SourceFile:245)
01-01 22:30:41.876  1003  1016 D Error   : 	at izd.a(SourceFile:152)
01-01 22:30:41.876  1003  1016 D Error   : 	at izd.b(SourceFile:137)
01-01 22:30:41.876  1003  1016 D Error   : 	at izd.b(SourceFile:99)
01-01 22:30:41.876  1003  1016 D Error   : 	at aefd.c(SourceFile:571)
01-01 22:30:41.876  1003  1016 D Error   : 	at aefd.a(SourceFile:181)
01-01 22:30:41.876  1003  1016 D Error   : 	at aefe.b(SourceFile:93)
01-01 22:30:41.876  1003  1016 D Error   : 	at qmd.a(SourceFile:74)
01-01 22:30:41.876  1003  1016 D Error   : 	at qjf.a(SourceFile:1278)
01-01 22:30:41.876  1003  1016 D Error   : 	at rah.b(SourceFile:104)
01-01 22:30:41.876  1003  1016 D Error   : 	at rah.a(SourceFile:72)
01-01 22:30:41.876  1003  1016 D Error   : 	at rai.a(SourceFile:2052)
01-01 22:30:41.876  1003  1016 D Error   : 	at rap.c(SourceFile:205)
01-01 22:30:41.876  1003  1016 D Error   : 	at qzo.onTransact(SourceFile:150)
01-01 22:30:41.876  1003  1016 D Error   : 	at android.os.Binder.execTransact(Binder.java:453)
01-01 22:30:41.876  1003  1016 D Error   : # via Binder call with stack:
01-01 22:30:41.876  1003  1016 D Error   : android.os.StrictMode$LogStackTrace
01-01 22:30:41.876  1003  1016 D Error   : 	at android.os.StrictMode.readAndHandleBinderCallViolations(StrictMode.java:1911)
01-01 22:30:41.876  1003  1016 D Error   : 	at android.os.Parcel.readExceptionCode(Parcel.java:1601)
01-01 22:30:41.876  1003  1016 D Error   : 	at android.os.Parcel.readException(Parcel.java:1570)
01-01 22:30:41.876  1003  1016 D Error   : 	at joh.c(SourceFile:111)
01-01 22:30:41.876  1003  1016 D Error   : 	at ihg.equals(SourceFile:78)
01-01 22:30:41.876  1003  1016 D Error   : 	at izd.b(SourceFile:245)
01-01 22:30:41.876  1003  1016 D Error   : 	at izd.a(SourceFile:152)
01-01 22:30:41.876  1003  1016 D Error   : 	at izd.b(SourceFile:137)
01-01 22:30:41.876  1003  1016 D Error   : 	at izd.b(SourceFile:99)
01-01 22:30:41.876  1003  1016 D Error   : 	at aefd.c(SourceFile:571)
01-01 22:30:41.876  1003  1016 D Error   : 	at aefd.a(SourceFile:181)
01-01 22:30:41.876  1003  1016 D Error   : 	at aefe.b(SourceFile:93)
01-01 22:30:41.876  1003  1016 D Error   : 	at qmd.a(SourceFile:74)
01-01 22:30:41.876  1003  1016 D Error   : 	at qjf.a(SourceFile:1278)
01-01 22:30:41.876  1003  1016 D Error   : 	at rah.b(SourceFile:104)
01-01 22:30:41.876  1003  1016 D Error   : 	at rah.a(SourceFile:72)
01-01 22:30:41.876  1003  1016 D Error   : 	at rai.a(SourceFile:2052)
01-01 22:30:41.876  1003  1016 D Error   : 	at rap.c(SourceFile:205)
01-01 22:30:41.876  1003  1016 D Error   : 	at qzo.onTransact(SourceFile:150)
01-01 22:30:41.876  1003  1016 D Error   : 	at android.os.Binder.execTransact(Binder.java:453)
01-01 22:30:41.876  1003  1016 D Error   : # via Binder c
01-01 22:30:41.876  1003  1016 D Error   : ERR: TOTAL BYTES WRITTEN: 121672
01-01 22:30:41.883  1003  1299 W GCoreFlp: No location to return for getLastLocation()
01-01 22:30:41.883  1003  1016 W FusedLocationProvider: location=null
01-01 22:30:41.892  1003  1299 W GCoreFlp: No location to return for getLastLocation()
01-01 22:30:41.892  1003  1017 W FusedLocationProvider: location=null
01-01 22:30:42.071  1546  1621 I bt_hwcfg: bt vendor lib: set UART baud 1500000
01-01 22:30:42.140   569   589 E BluetoothManagerService: waitForOnOff time out
01-01 22:30:42.141  1546  1597 D BluetoothAdapterState: Current state: PENDING_COMMAND, message: 23
01-01 22:30:42.141  1546  1597 I BluetoothAdapterState: Deferring BLE_TURN_OFF request...
01-01 22:30:42.141  1720  1802 W art     : Long monitor contention event with owner method=java.lang.Object woe.get() from :2 waiters=3 for 373ms
01-01 22:30:42.219  1720  1797 W YouTube : Fetching the Gservices key 'disable_binder_callback_flush' before the end of the bulk initialization
01-01 22:30:42.259  1720  1799 W GooglePlayServicesUtil: Google Play services out of date.  Requires 11910000 but found 9083436
01-01 22:30:42.271  1546  1621 I bt_hwcfg: Setting local bd addr to CC:4B:73:82:13:37
01-01 22:30:42.272  1546  1621 I bt_hwcfg: vendor lib fwcfg completed
01-01 22:30:42.272  1546  1621 I bt_vendor: firmware callback
01-01 22:30:42.272  1546  1621 I bt_hci  : firmware_config_callback
01-01 22:30:42.274  1546  1817 I bt_btu  : btu_task pending for preload complete event
01-01 22:30:42.274  1546  1817 I bt_btu_task: Bluetooth chip preload is complete
01-01 22:30:42.274  1546  1817 I bt_btu  : btu_task received preload complete event
01-01 22:30:42.277  1546  1817 I         : BTE_InitTraceLevels -- TRC_HCI
01-01 22:30:42.277  1546  1817 I         : BTE_InitTraceLevels -- TRC_L2CAP
01-01 22:30:42.277  1546  1817 I         : BTE_InitTraceLevels -- TRC_RFCOMM
01-01 22:30:42.277  1546  1817 I         : BTE_InitTraceLevels -- TRC_AVDT
01-01 22:30:42.277  1546  1817 I         : BTE_InitTraceLevels -- TRC_AVRC
01-01 22:30:42.277  1546  1817 I         : BTE_InitTraceLevels -- TRC_A2D
01-01 22:30:42.277  1546  1817 I         : BTE_InitTraceLevels -- TRC_BNEP
01-01 22:30:42.277  1546  1817 I         : BTE_InitTraceLevels -- TRC_BTM
01-01 22:30:42.277  1546  1817 I         : BTE_InitTraceLevels -- TRC_GAP
01-01 22:30:42.277  1546  1817 I         : BTE_InitTraceLevels -- TRC_PAN
01-01 22:30:42.277  1546  1817 I         : BTE_InitTraceLevels -- TRC_SDP
01-01 22:30:42.277  1546  1817 I         : BTE_InitTraceLevels -- TRC_GATT
01-01 22:30:42.277  1546  1817 I         : BTE_InitTraceLevels -- TRC_SMP
01-01 22:30:42.277  1546  1817 I         : BTE_InitTraceLevels -- TRC_BTAPP
01-01 22:30:42.277  1546  1817 I         : BTE_InitTraceLevels -- TRC_BTIF
01-01 22:30:42.342  1720  1821 W GooglePlayServicesUtil: Google Play services out of date.  Requires 11910000 but found 9083436
01-01 22:30:42.344  1720  1799 W GooglePlayServicesUtil: Google Play services out of date.  Requires 11910000 but found 9083436
01-01 22:30:42.393  1546  1817 I bt_btm_sec: BTM_SecRegister p_cb_info->p_le_callback == 0x0xa1dcb599
01-01 22:30:42.393  1546  1817 I bt_btm_sec: BTM_SecRegister btm_cb.api.p_le_callback = 0x0xa1dcb599 
01-01 22:30:42.399  1546  1601 I bt_btif_storage: btif_storage_get_adapter_property service_mask:0x20000000
01-01 22:30:42.399  1546  1601 D BluetoothAdapterProperties: Address is:CC:4B:73:82:13:37
01-01 22:30:42.400  1546  1601 D BluetoothAdapterProperties: Name is: dalek1
01-01 22:30:42.404  1546  1601 D BluetoothAdapterProperties: Scan Mode:20
01-01 22:30:42.404  1546  1601 D BluetoothAdapterProperties: Discoverable Timeout:120
01-01 22:30:42.404  1546  1601 D bt_hci  : do_postload posting postload work item
01-01 22:30:42.404  1546  1621 I bt_hci  : event_postload
01-01 22:30:42.404  1546  1621 D bt_vendor: SCO config
01-01 22:30:42.404  1546  1621 I bt_vendor: sco_config_cb
01-01 22:30:42.404  1546  1621 I bt_hci  : sco_config_callback postload finished.
01-01 22:30:42.414   569   591 W ProcessCpuTracker: Skipping unknown process pid 1824
01-01 22:30:42.450  1720  1730 W art     : Suspending all threads took: 62.150ms
01-01 22:30:42.460  1546  1601 D bt_bte_conf: Device ID record 1 : primary
01-01 22:30:42.460  1546  1601 D bt_bte_conf:   vendorId            = 000f
01-01 22:30:42.460  1546  1601 D bt_bte_conf:   vendorIdSource      = 0001
01-01 22:30:42.460  1546  1601 D bt_bte_conf:   product             = 1200
01-01 22:30:42.460  1546  1601 D bt_bte_conf:   version             = 1436
01-01 22:30:42.460  1546  1601 D bt_bte_conf:   clientExecutableURL = 
01-01 22:30:42.460  1546  1601 D bt_bte_conf:   serviceDescription  = 
01-01 22:30:42.460  1546  1601 D bt_bte_conf:   documentationURL    = 
01-01 22:30:42.460  1546  1601 D bt_bte_conf: bte_load_did_conf no section named DID2.
01-01 22:30:42.460  1546  1598 D bt_stack_manager: event_start_up_stack finished
01-01 22:30:42.460  1546  1597 D BluetoothAdapterState: Current state: PENDING_COMMAND, message: 3
01-01 22:30:42.461  1546  1597 D BluetoothAdapterProperties: Setting state to 15
01-01 22:30:42.461  1546  1597 I BluetoothAdapterState: Bluetooth adapter state changed: 14-> 15
01-01 22:30:42.462  1546  1597 I BluetoothAdapterState: Entering BleOnState
01-01 22:30:42.462  1546  1597 D BluetoothAdapterState: Current state: BLE ON, message: 23
01-01 22:30:42.465  1546  1597 D BluetoothAdapterState: Current state: BLE ON, message: 1
01-01 22:30:42.465  1546  1597 D BluetoothAdapterProperties: Setting state to 11
01-01 22:30:42.465  1546  1597 I BluetoothAdapterState: Bluetooth adapter state changed: 15-> 11
01-01 22:30:42.468  1546  1546 D BluetoothAdapterService: getAdapterService() - returning com.android.bluetooth.btservice.AdapterService@eaabfab
01-01 22:30:42.472  1546  1546 D A2dpSinkService: Received start request. Starting profile...
01-01 22:30:42.473  1546  1546 I BluetoothA2dpSinkServiceJni: classInitNative: succeeds
01-01 22:30:42.473  1546  1546 D A2dpSinkStateMachine: make
01-01 22:30:42.474  1546  1546 I bt_bluedroid: get_profile_interface a2dp_sink
01-01 22:30:42.474  1546  1546 E bt_btif : ## A2DP START MEDIA THREAD ##
01-01 22:30:42.476  1546  1831 E bt_btif : SETUP CHANNEL SERVER 0
01-01 22:30:42.477  1546  1601 I bt_btif_storage: btif_storage_get_adapter_property service_mask:0x20040008
01-01 22:30:42.477  1546  1601 I bt_btif_storage: btif_storage_get_adapter_property service_mask:0x20040008
01-01 22:30:42.486  1003  1376 I GCoreUlr: WorldUpdater:android.intent.action.BOOT_COMPLETED: Ensuring that reporting is stopped because of reasons: (no Google accounts)
01-01 22:30:42.487  1546  1597 I BluetoothAdapterState: Entering PendingCommandState
01-01 22:30:42.495  1003  1376 I GCoreUlr: Unbound from all location providers
01-01 22:30:42.495  1546  1546 I BluetoothHidServiceJni: classInitNative: succeeds
01-01 22:30:42.496  1546  1546 D BluetoothAdapterService: getAdapterService() - returning com.android.bluetooth.btservice.AdapterService@eaabfab
01-01 22:30:42.498  1546  1830 D A2dpSinkStateMachine: Enter Disconnected: -2
01-01 22:30:42.498  1546  1830 D A2dpSinkStateMachine: stopPcmRead false
01-01 22:30:42.498  1546  1830 D A2dpSinkStateMachine: audioPause false
01-01 22:30:42.498   685   685 D BluetoothInputDevice: Proxy object connected
01-01 22:30:42.498  1546  1546 D HidService: Received start request. Starting profile...
01-01 22:30:42.498  1546  1546 I bt_bluedroid: get_profile_interface hidhost
01-01 22:30:42.498  1546  1546 D HidService: setHidService(): set to: null
01-01 22:30:42.499   685   685 D HidProfile: Bluetooth service connected
01-01 22:30:42.499  1546  1601 I bt_bta_hh: BTA_HhEnable sec_mask:0x36 p_cback:0xa1dac409
01-01 22:30:42.499  1546  1601 I bt_btif_storage: btif_storage_get_adapter_property service_mask:0x20140008
01-01 22:30:42.499  1546  1546 I BluetoothHealthServiceJni: classInitNative: succeeds
01-01 22:30:42.500  1546  1546 D BluetoothAdapterService: getAdapterService() - returning com.android.bluetooth.btservice.AdapterService@eaabfab
01-01 22:30:42.501  1546  1546 D HealthService: Received start request. Starting profile...
01-01 22:30:42.503  1546  1546 I bt_bluedroid: get_profile_interface health
01-01 22:30:42.508  1546  1546 I BluetoothPanServiceJni: classInitNative(L105): succeeds
01-01 22:30:42.509  1546  1546 D BluetoothAdapterService: getAdapterService() - returning com.android.bluetooth.btservice.AdapterService@eaabfab
01-01 22:30:42.510   685   685 D BluetoothPan: BluetoothPAN Proxy object connected
01-01 22:30:42.510  1546  1546 D PanService: Received start request. Starting profile...
01-01 22:30:42.510  1546  1546 D BluetoothPanServiceJni: initializeNative(L110): pan
01-01 22:30:42.510  1546  1546 I bt_bluedroid: get_profile_interface pan
01-01 22:30:42.511   685   685 D PanProfile: Bluetooth service connected
01-01 22:30:42.523  1546  1601 D BluetoothPanServiceJni: control_state_callback(L61): state:0, local_role:3, ifname:bt-pan
01-01 22:30:42.526  1720  1806 W art     : Verification of void ker.A() took 210.037ms
01-01 22:30:42.526  1546  1546 D BluetoothAdapterService: getAdapterService() - returning com.android.bluetooth.btservice.AdapterService@eaabfab
01-01 22:30:42.526  1546  1546 D HeadsetClientService: Received start request. Starting profile...
01-01 22:30:42.527  1546  1546 I BluetoothHeadsetClientServiceJni: classInitNative succeeds
01-01 22:30:42.527  1546  1546 D HeadsetClientStateMachine: make
01-01 22:30:42.550   569   623 E wifi    : wifi_get_supported_feature_set returned error = 0xffffffa1
01-01 22:30:42.562   227   564 E MediaPlayerFactory: 2019 03 30 -------- getPlayerType()---------------- 234 !!!! 
01-01 22:30:42.562   227   564 E MediaPlayerFactory: filePath = /system/media/audio/alarms/Alarm_Classic.ogg 
01-01 22:30:42.562   227   564 E MediaPlayerFactory: 2019 03 30 -------- getPlayerType()---------------- return STAGEFRIGHT_PLAYER !!!! 
01-01 22:30:42.562   227   564 I AwesomePlayer: AwesomePlayer::AwesomePlayer()in
01-01 22:30:42.562   227   564 I AwesomePlayer: AwesomePlayer::AwesomePlayer()aftermClient.connect()
01-01 22:30:42.597   227   564 D WVMExtractor: Failed to open libwvm.so
01-01 22:30:42.598   227   564 D AwesomePlayer: the format is mimeTypeapplication/ogg,confidence:0.200000
01-01 22:30:42.611   227  1840 I OMXCodec: --->InstantiateSoftwareCodec create OMX.google.vorbis.decoder codec
01-01 22:30:42.613  1546  1546 D MediaPlayer: setSubtitleAnchor in MediaPlayer
01-01 22:30:42.616  1546  1546 D Ringtone: Successfully created local player
01-01 22:30:42.616  1546  1546 I bt_bluedroid: get_profile_interface handsfree_client
01-01 22:30:42.616  1546  1601 I bt_btif_storage: btif_storage_get_adapter_property service_mask:0x21140008
01-01 22:30:42.617  1546  1839 D HeadsetClientStateMachine: Enter Disconnected: -2
01-01 22:30:42.621  1546  1546 I BluetoothAvrcpControllerJni: classInitNative: succeeds
01-01 22:30:42.621  1546  1546 I bt_bluedroid: get_profile_interface avrcp_ctrl
01-01 22:30:42.621  1546  1546 D BluetoothAdapterService: getAdapterService() - returning com.android.bluetooth.btservice.AdapterService@eaabfab
01-01 22:30:42.622  1546  1546 D AvrcpControllerService: Received start request. Starting profile...
01-01 22:30:42.623   699   699 D BluetoothAvrcpController: Proxy object connected
01-01 22:30:42.624  1546  1546 V BluetoothAdapterState: isTurningOff()=false
01-01 22:30:42.624  1546  1546 V BluetoothAdapterState: isTurningOn()=true
01-01 22:30:42.624  1546  1546 V BluetoothAdapterState: isBleTurningOn()=false
01-01 22:30:42.624  1546  1546 V BluetoothAdapterState: isBleTurningOff()=false
01-01 22:30:42.624  1546  1546 V BluetoothAdapterState: isTurningOff()=false
01-01 22:30:42.625  1546  1546 V BluetoothAdapterState: isTurningOn()=true
01-01 22:30:42.625  1546  1546 V BluetoothAdapterState: isBleTurningOn()=false
01-01 22:30:42.625  1546  1546 V BluetoothAdapterState: isBleTurningOff()=false
01-01 22:30:42.625  1546  1546 V BluetoothAdapterState: isTurningOff()=false
01-01 22:30:42.625  1546  1546 V BluetoothAdapterState: isTurningOn()=true
01-01 22:30:42.625  1546  1546 V BluetoothAdapterState: isBleTurningOn()=false
01-01 22:30:42.625  1546  1546 V BluetoothAdapterState: isBleTurningOff()=false
01-01 22:30:42.625  1546  1546 V BluetoothAdapterState: isTurningOff()=false
01-01 22:30:42.625  1546  1546 V BluetoothAdapterState: isTurningOn()=true
01-01 22:30:42.625  1546  1546 V BluetoothAdapterState: isBleTurningOn()=false
01-01 22:30:42.625  1546  1546 V BluetoothAdapterState: isBleTurningOff()=false
01-01 22:30:42.626  1546  1546 V BluetoothAdapterState: isTurningOff()=false
01-01 22:30:42.626  1546  1546 V BluetoothAdapterState: isTurningOn()=true
01-01 22:30:42.626  1546  1546 V BluetoothAdapterState: isBleTurningOn()=false
01-01 22:30:42.626  1546  1546 V BluetoothAdapterState: isBleTurningOff()=false
01-01 22:30:42.627  1546  1546 V BluetoothAdapterState: isTurningOff()=false
01-01 22:30:42.627  1546  1546 V BluetoothAdapterState: isTurningOn()=true
01-01 22:30:42.627  1546  1546 V BluetoothAdapterState: isBleTurningOn()=false
01-01 22:30:42.627  1546  1546 V BluetoothAdapterState: isBleTurningOff()=false
01-01 22:30:42.627  1546  1597 D BluetoothAdapterState: Current state: PENDING_COMMAND, message: 2
01-01 22:30:42.627  1546  1597 D BluetoothAdapterProperties: ScanMode =  20
01-01 22:30:42.627  1546  1597 D BluetoothAdapterProperties: State =  11
01-01 22:30:42.635  1546  1597 D BluetoothAdapterProperties: Setting state to 12
01-01 22:30:42.635  1546  1597 I BluetoothAdapterState: Bluetooth adapter state changed: 11-> 12
01-01 22:30:42.635  1546  1597 I BluetoothAdapterState: Entering OnState
01-01 22:30:42.636   685   698 D BluetoothMap: onBluetoothStateChange: up=true
01-01 22:30:42.636  1546  1597 D BluetoothAdapterService: BBBBBBBBBBBBBB Enter autoConnectA2dpSink() ...
