01-01 22:30:32.583   224   531 I vpu_mem_pool: pid 224, close_vpu_memory_pool:501: vpu memory pool size (640000)
01-01 22:30:32.583   224   531 I vpu_mem_pool: pid 224, close_vpu_memory_pool:501: vpu memory pool size (560000)
01-01 22:30:32.583   224   531 I vpu_mem_pool: pid 224, close_vpu_memory_pool:501: vpu memory pool size (480000)
01-01 22:30:32.583   224   531 I vpu_mem_pool: pid 224, close_vpu_memory_pool:501: vpu memory pool size (400000)
01-01 22:30:32.583   224   531 I vpu_mem_pool: pid 224, close_vpu_memory_pool:501: vpu memory pool size (320000)
01-01 22:30:32.583   224   531 I vpu_mem_pool: pid 224, close_vpu_memory_pool:501: vpu memory pool size (240000)
01-01 22:30:32.583   224   531 I vpu_mem_pool: pid 224, close_vpu_memory_pool:501: vpu memory pool size (160000)
01-01 22:30:32.583   224   531 I vpu_mem_pool: pid 224, close_vpu_memory_pool:501: vpu memory pool size (80000)
01-01 22:30:32.583   224   531 I vpu_mem_pool: pid 224, close_vpu_memory_pool:501: vpu memory pool size (0)
01-01 22:30:32.583   224   531 I vpu_mem_pool: pid 224, close_vpu_memory_pool:552: 
01-01 22:30:32.689   224   531 E CameraHal_Marvin: IMX214:  STREAM OFF ++++++++++++++
01-01 22:30:32.694  1002  1002 I GCoreNlp: shouldConfirmNlp, NLP off. Ensuring opt-in disabled
01-01 22:30:32.703   224  1330 D CameraHal: commandThread(1124): commandThread(1124): receive CMD_EXIT
01-01 22:30:32.704   224   531 D CameraHal: ~CameraHal(302): CameraHal destory success
01-01 22:30:32.802   224   531 I CameraService: disconnect: Disconnected client for camera 1 for PID 224
01-01 22:30:32.802   224   531 D RockFFPlayer: reset: in
01-01 22:30:32.802   224   531 D RockFFPlayerBase: dumpStatus(): Preapared
01-01 22:30:32.802   224   531 D RockFFPlayer: reset: stop_l in
01-01 22:30:32.802   224   531 D RockFFPlayer: stop_l: in
01-01 22:30:32.802   224   531 D RockFFPlayer: enter enqueueMessage
01-01 22:30:32.802   224   531 D RockFFPlayer: enqueueMessage:****1
01-01 22:30:32.802   224   531 D RockFFPlayer: enqueueMessage:****2
01-01 22:30:32.802   224   531 D RockFFPlayer: enqueueMessage:****3
01-01 22:30:32.802   224   531 D RockFFPlayer: enqueueMessage:Message 1,set signal
01-01 22:30:32.802   224   531 D RockFFPlayer: enqueueMessage:sync wait
01-01 22:30:32.802   224  1260 D RockFFPlayer: deliverMessage 
01-01 22:30:32.802   224  1260 D RockFFPlayer: run : dequeueMessage Message 4
01-01 22:30:32.802   224  1260 D RockFFPlayer: CMD_STOP
01-01 22:30:32.802   224  1260 D RockFFPlayer: doStop: in
01-01 22:30:32.802   224  1260 D RockFFPlayerBase: dumpStatus(): Preapared
01-01 22:30:32.802   224  1260 D RockFFPlayerBase: dumpStatus(): Stopped
01-01 22:30:32.802   224  1260 D RockFFPlayer: doRelease: in
01-01 22:30:32.802   224  1260 I FFIDecoder: waiting on end of decoder thread
01-01 22:30:32.802   224  1260 E FFMpegThread: DecoderAudio,wait
01-01 22:30:32.802   224  1260 E RockFFPlayerBase: FFMPlayerBase::flushRenderQueue in
01-01 22:30:32.802   224  1260 E RockFFPlayerBase: FFMPlayerBase::flushRenderQueue out
01-01 22:30:32.802   224  1260 D RockFFPlayer: doRelease: ok
01-01 22:30:32.802   224  1260 D RockFFPlayer: doStop: ok
01-01 22:30:32.802   224  1260 D RockFFPlayer: run : dequeueMessage Message 4 OK
01-01 22:30:32.802   224  1260 D RockFFPlayer: Messagecomplete type [4]
01-01 22:30:32.802   224  1260 D RockFFPlayer: run : Message 4 complete
01-01 22:30:32.802   224   531 D RockFFPlayer: enqueueMessage:sync wait ok
01-01 22:30:32.802   224   531 D RockFFPlayer: stop_l: clear queue ok
01-01 22:30:32.802   224  1262 I RockFFPlayer: readthread end of playing
01-01 22:30:32.803   224   531 D RockFFPlayer: stop_l: create cancel thread ok
01-01 22:30:32.803   224  1333 D RockFFPlayer: CancelThread: in
01-01 22:30:32.803   224   531 D RockFFPlayer: stop_l: ok
01-01 22:30:32.803   224   531 D RockFFPlayer: enter enqueueMessage
01-01 22:30:32.803   224   531 D RockFFPlayer: enqueueMessage:****1
01-01 22:30:32.803   224   531 D RockFFPlayer: enqueueMessage:****2
01-01 22:30:32.803   224   531 D RockFFPlayer: enqueueMessage:****3
01-01 22:30:32.803   224   531 D RockFFPlayer: enqueueMessage:Message 1,set signal
01-01 22:30:32.803   224   531 D RockFFPlayer: enqueueMessage:sync wait
01-01 22:30:32.803   224  1260 D RockFFPlayer: deliverMessage 
01-01 22:30:32.803   224  1260 D RockFFPlayer: run : dequeueMessage Message 11
01-01 22:30:32.803   224  1260 D RockFFPlayer: CMD_RESET
01-01 22:30:32.803   224  1260 D RockFFPlayerBase: dumpStatus(): Idle
01-01 22:30:32.803   224  1260 D RockFFPlayer: doReset ok
01-01 22:30:32.803   224  1260 D RockFFPlayer: run : dequeueMessage Message 11 OK
01-01 22:30:32.803   224  1260 D RockFFPlayer: Messagecomplete type [11]
01-01 22:30:32.803   224  1260 D RockFFPlayer: run : Message 11 complete
01-01 22:30:32.803   224   531 D RockFFPlayer: enqueueMessage:sync wait ok
01-01 22:30:32.803   224   531 D RockFFPlayer: reset: do reset ok
01-01 22:30:32.803   224  1260 D RockFFPlayer: signal thread out
01-01 22:30:32.803   224  1260 D RockFFPlayer: sched_thread out
01-01 22:30:32.803   224   531 D RockFFPlayer: stop:wait is ok
01-01 22:30:32.803   224   531 D RockFFPlayer: stop:ok
01-01 22:30:32.803   224   531 D RockFFPlayer: ~RkMessageQueue
01-01 22:30:32.803   224   531 D RockFFPlayer: reset: reset ok
01-01 22:30:32.803   224   531 E FFPlayer: ~FFPlayer
01-01 22:30:32.804   224   531 D RockFFPlayer: reset: in
01-01 22:30:32.804   224   531 D RockFFPlayerBase: dumpStatus(): Idle
01-01 22:30:32.804   224   531 D RockFFPlayer: reset: in idle status, already reset
01-01 22:30:32.804   224   531 D RockFFPlayer: ~FFMPlayer in
01-01 22:30:32.804   224   531 D RockFFPlayer: reset: in
01-01 22:30:32.804   224   531 D RockFFPlayerBase: dumpStatus(): Idle
01-01 22:30:32.804   224   531 D RockFFPlayer: reset: in idle status, already reset
01-01 22:30:32.804   224  1333 D FFMpegThread: DecoderAudio:~PlayerThread enter mThreadStatus=-1
01-01 22:30:32.806   224  1333 E RockFFPlayerBase: closeContext : in
01-01 22:30:32.806   224  1333 E RockFFPlayerBase: closeContext : out
01-01 22:30:32.806   224  1333 D RockFFPlayer: CancelThread: ok
01-01 22:30:32.806   224   531 D RockFFPlayer: ~FFMediaSource
01-01 22:30:32.806   224   531 D RockFFPlayer: FFMediaSource context null. 
01-01 22:30:32.806   224   531 E TraceThread:     VsyncReciver(tid = 2998147376)--> [UID=36a40b87] pthread_join begin-->player = 0xb7282378
01-01 22:30:32.813   224   531 E TraceThread:     VsyncReciver(tid = 2998147376)--> [UID=36a40b87] pthread_join   end-->player = 0xb7282378
01-01 22:30:32.813   224   531 D VsyncReciver: stop_l:vsyncThread down
01-01 22:30:32.813   224   531 E TraceThread:     RockFFPlayer(tid = 3001403696)--> [UID=36a40b87] ~FFMPlayer Destruction; object=0xb7282378
01-01 22:30:32.813   224   531 D RockFFPlayer: ~FFMPlayer ok
01-01 22:30:32.813   224   531 D RockFFPlayerBase: ~FFMPlayerBase(():mDequeueThread down
01-01 22:30:32.813   224   531 D RockFFPlayerBase: ~RkMessageHandler
01-01 22:30:32.813   224   531 D RockFFPlayer: reset: in
01-01 22:30:32.813   224   531 D RockFFPlayerBase: dumpStatus(): Preapared
01-01 22:30:32.813   224   531 D RockFFPlayer: reset: stop_l in
01-01 22:30:32.813   224   531 D RockFFPlayer: stop_l: in
01-01 22:30:32.813   224   531 D RockFFPlayer: enter enqueueMessage
01-01 22:30:32.813   224   531 D RockFFPlayer: enqueueMessage:****1
01-01 22:30:32.813   224   531 D RockFFPlayer: enqueueMessage:****2
01-01 22:30:32.813   224   531 D RockFFPlayer: enqueueMessage:****3
01-01 22:30:32.813   224   531 D RockFFPlayer: enqueueMessage:Message 1,set signal
01-01 22:30:32.813   224   531 D RockFFPlayer: enqueueMessage:sync wait
01-01 22:30:32.814   224  1265 D RockFFPlayer: deliverMessage 
01-01 22:30:32.814   224  1265 D RockFFPlayer: run : dequeueMessage Message 4
01-01 22:30:32.814   224  1265 D RockFFPlayer: CMD_STOP
01-01 22:30:32.814   224  1265 D RockFFPlayer: doStop: in
01-01 22:30:32.814   224  1265 D RockFFPlayerBase: dumpStatus(): Preapared
01-01 22:30:32.814   224  1265 D RockFFPlayerBase: dumpStatus(): Stopped
01-01 22:30:32.814   224  1265 D RockFFPlayer: doRelease: in
01-01 22:30:32.814   224  1265 I FFIDecoder: waiting on end of decoder thread
01-01 22:30:32.814   224  1265 E FFMpegThread: DecoderAudio,wait
01-01 22:30:32.814   224  1265 E RockFFPlayerBase: FFMPlayerBase::flushRenderQueue in
01-01 22:30:32.814   224  1265 E RockFFPlayerBase: FFMPlayerBase::flushRenderQueue out
01-01 22:30:32.814   224  1265 D RockFFPlayer: doRelease: ok
01-01 22:30:32.814   224  1265 D RockFFPlayer: doStop: ok
01-01 22:30:32.814   224  1265 D RockFFPlayer: run : dequeueMessage Message 4 OK
01-01 22:30:32.814   224  1265 D RockFFPlayer: Messagecomplete type [4]
01-01 22:30:32.814   224  1265 D RockFFPlayer: run : Message 4 complete
01-01 22:30:32.814   224   531 D RockFFPlayer: enqueueMessage:sync wait ok
01-01 22:30:32.814   224   531 D RockFFPlayer: stop_l: clear queue ok
01-01 22:30:32.814   224   531 D RockFFPlayer: stop_l: create cancel thread ok
01-01 22:30:32.814   224  1334 D RockFFPlayer: CancelThread: in
01-01 22:30:32.814   224   531 D RockFFPlayer: stop_l: ok
01-01 22:30:32.814   224   531 D RockFFPlayer: enter enqueueMessage
01-01 22:30:32.814   224   531 D RockFFPlayer: enqueueMessage:****1
01-01 22:30:32.814   224   531 D RockFFPlayer: enqueueMessage:****2
01-01 22:30:32.814   224   531 D RockFFPlayer: enqueueMessage:****3
01-01 22:30:32.814   224   531 D RockFFPlayer: enqueueMessage:Message 1,set signal
01-01 22:30:32.814   224   531 D RockFFPlayer: enqueueMessage:sync wait
01-01 22:30:32.814   224  1265 D RockFFPlayer: deliverMessage 
01-01 22:30:32.814   224  1265 D RockFFPlayer: run : dequeueMessage Message 11
01-01 22:30:32.814   224  1265 D RockFFPlayer: CMD_RESET
01-01 22:30:32.814   224  1265 D RockFFPlayerBase: dumpStatus(): Idle
01-01 22:30:32.814   224  1265 D RockFFPlayer: doReset ok
01-01 22:30:32.814   224  1265 D RockFFPlayer: run : dequeueMessage Message 11 OK
01-01 22:30:32.814   224  1265 D RockFFPlayer: Messagecomplete type [11]
01-01 22:30:32.814   224  1265 D RockFFPlayer: run : Message 11 complete
01-01 22:30:32.814   224   531 D RockFFPlayer: enqueueMessage:sync wait ok
01-01 22:30:32.814   224   531 D RockFFPlayer: reset: do reset ok
01-01 22:30:32.814   224  1265 D RockFFPlayer: signal thread out
01-01 22:30:32.814   224  1265 D RockFFPlayer: sched_thread out
01-01 22:30:32.814   224   531 D RockFFPlayer: stop:wait is ok
01-01 22:30:32.814   224   531 D RockFFPlayer: stop:ok
01-01 22:30:32.814   224  1266 I RockFFPlayer: readthread end of playing
01-01 22:30:32.814   224   531 D RockFFPlayer: ~RkMessageQueue
01-01 22:30:32.814   224   531 D RockFFPlayer: reset: reset ok
01-01 22:30:32.814   224   531 E FFPlayer: ~FFPlayer
01-01 22:30:32.814   224   531 D RockFFPlayer: reset: in
01-01 22:30:32.814   224  1334 D FFMpegThread: DecoderAudio:~PlayerThread enter mThreadStatus=-1
01-01 22:30:32.814   224   531 D RockFFPlayerBase: dumpStatus(): Idle
01-01 22:30:32.814   224   531 D RockFFPlayer: reset: in idle status, already reset
01-01 22:30:32.814   224   531 D RockFFPlayer: ~FFMPlayer in
01-01 22:30:32.814   224   531 D RockFFPlayer: reset: in
01-01 22:30:32.814   224   531 D RockFFPlayerBase: dumpStatus(): Idle
01-01 22:30:32.814   224   531 D RockFFPlayer: reset: in idle status, already reset
01-01 22:30:32.815   224  1334 E RockFFPlayerBase: closeContext : in
01-01 22:30:32.815   224  1334 E RockFFPlayerBase: closeContext : out
01-01 22:30:32.815   224  1334 D RockFFPlayer: CancelThread: ok
01-01 22:30:32.815   224   531 D RockFFPlayer: ~FFMediaSource
01-01 22:30:32.815   224   531 D RockFFPlayer: FFMediaSource context null. 
01-01 22:30:32.815   224   531 E TraceThread:     VsyncReciver(tid = 2992941360)--> [UID=36a40b87] pthread_join begin-->player = 0xb7236d28
01-01 22:30:32.829   224   531 E TraceThread:     VsyncReciver(tid = 2992941360)--> [UID=36a40b87] pthread_join   end-->player = 0xb7236d28
01-01 22:30:32.829   224   531 D VsyncReciver: stop_l:vsyncThread down
01-01 22:30:32.829   224   531 E TraceThread:     RockFFPlayer(tid = 3001403696)--> [UID=36a40b87] ~FFMPlayer Destruction; object=0xb7236d28
01-01 22:30:32.829   224   531 D RockFFPlayer: ~FFMPlayer ok
01-01 22:30:32.829   224   531 D RockFFPlayerBase: ~FFMPlayerBase(():mDequeueThread down
01-01 22:30:32.830   224   531 D RockFFPlayerBase: ~RkMessageHandler
01-01 22:30:32.830   224   531 D RockFFPlayer: reset: in
01-01 22:30:32.830   224   531 D RockFFPlayerBase: dumpStatus(): Error status
01-01 22:30:32.830   224   531 D RockFFPlayer: reset: stop_l in
01-01 22:30:32.830   224   531 D RockFFPlayer: stop_l: in
01-01 22:30:32.830   224   531 D RockFFPlayer: enter enqueueMessage
01-01 22:30:32.830   224   531 D RockFFPlayer: enqueueMessage:****1
01-01 22:30:32.830   224   531 D RockFFPlayer: enqueueMessage:****2
01-01 22:30:32.830   224   531 D RockFFPlayer: enqueueMessage:****3
01-01 22:30:32.830   224   531 D RockFFPlayer: enqueueMessage:Message 1,set signal
01-01 22:30:32.830   224   531 D RockFFPlayer: enqueueMessage:sync wait
01-01 22:30:32.830   224  1269 D RockFFPlayer: deliverMessage 
01-01 22:30:32.830   224  1269 D RockFFPlayer: run : dequeueMessage Message 4
01-01 22:30:32.830   224  1269 D RockFFPlayer: CMD_STOP
01-01 22:30:32.830   224  1269 D RockFFPlayer: doStop: in
01-01 22:30:32.830   224  1269 D RockFFPlayerBase: dumpStatus(): Error status
01-01 22:30:32.830   224  1269 D RockFFPlayerBase: dumpStatus(): Stopped
01-01 22:30:32.830   224  1269 D RockFFPlayer: doRelease: in
01-01 22:30:32.830   224  1269 D RockFFPlayer: FFMediaSource setExit, but context null
01-01 22:30:32.830   224  1269 E RockFFPlayerBase: FFMPlayerBase::flushRenderQueue in
01-01 22:30:32.830   224  1269 E RockFFPlayerBase: FFMPlayerBase::flushRenderQueue out
01-01 22:30:32.830   224  1269 D RockFFPlayer: doRelease: ok
01-01 22:30:32.830   224  1269 D RockFFPlayer: doStop: ok
01-01 22:30:32.830   224  1269 D RockFFPlayer: run : dequeueMessage Message 4 OK
01-01 22:30:32.830   224  1269 D RockFFPlayer: Messagecomplete type [4]
01-01 22:30:32.830   224  1269 D RockFFPlayer: run : Message 4 complete
01-01 22:30:32.830   224   531 D RockFFPlayer: enqueueMessage:sync wait ok
01-01 22:30:32.830   224   531 D RockFFPlayer: stop_l: clear queue ok
01-01 22:30:32.830   224  1335 D RockFFPlayer: CancelThread: in
01-01 22:30:32.830   224   531 D RockFFPlayer: stop_l: create cancel thread ok
01-01 22:30:32.830   224   531 D RockFFPlayer: stop_l: ok
01-01 22:30:32.830   224   531 D RockFFPlayer: enter enqueueMessage
01-01 22:30:32.830   224   531 D RockFFPlayer: enqueueMessage:****1
01-01 22:30:32.830   224   531 D RockFFPlayer: enqueueMessage:****2
01-01 22:30:32.830   224   531 D RockFFPlayer: enqueueMessage:****3
01-01 22:30:32.830   224   531 D RockFFPlayer: enqueueMessage:Message 1,set signal
01-01 22:30:32.830   224   531 D RockFFPlayer: enqueueMessage:sync wait
01-01 22:30:32.830   224  1269 D RockFFPlayer: deliverMessage 
01-01 22:30:32.830   224  1269 D RockFFPlayer: run : dequeueMessage Message 11
01-01 22:30:32.830   224  1269 D RockFFPlayer: CMD_RESET
01-01 22:30:32.830   224  1269 D RockFFPlayerBase: dumpStatus(): Idle
01-01 22:30:32.830   224  1269 D RockFFPlayer: doReset ok
01-01 22:30:32.830   224  1269 D RockFFPlayer: run : dequeueMessage Message 11 OK
01-01 22:30:32.830   224  1269 D RockFFPlayer: Messagecomplete type [11]
01-01 22:30:32.830   224  1269 D RockFFPlayer: run : Message 11 complete
01-01 22:30:32.830   224   531 D RockFFPlayer: enqueueMessage:sync wait ok
01-01 22:30:32.830   224   531 D RockFFPlayer: reset: do reset ok
01-01 22:30:32.830   224  1335 D RockFFPlayer: processAsyncExit: wait message thread
01-01 22:30:32.830   224  1269 D RockFFPlayer: signal thread out
01-01 22:30:32.830   224  1269 D RockFFPlayer: sched_thread out
01-01 22:30:32.830   224   531 D RockFFPlayer: stop:wait is ok
01-01 22:30:32.830   224   531 D RockFFPlayer: stop:ok
01-01 22:30:32.830   224   531 D RockFFPlayer: ~RkMessageQueue
01-01 22:30:32.830   224   531 D RockFFPlayer: reset: reset ok
01-01 22:30:32.830   224  1335 E RockFFPlayerBase: closeContext : in
01-01 22:30:32.830   224   531 E FFPlayer: ~FFPlayer
01-01 22:30:32.830   224  1335 D RockFFPlayer: FFMediaSource context null. 
01-01 22:30:32.830   224  1335 E RockFFPlayerBase: closeContext : out
01-01 22:30:32.830   224   531 D RockFFPlayer: reset: in
01-01 22:30:32.830   224  1335 D RockFFPlayer: CancelThread: ok
01-01 22:30:32.830   224   531 D RockFFPlayerBase: dumpStatus(): Idle
01-01 22:30:32.830   224   531 D RockFFPlayer: reset: in idle status, already reset
01-01 22:30:32.830   224   531 D RockFFPlayer: ~FFMPlayer in
01-01 22:30:32.830   224   531 D RockFFPlayer: reset: in
01-01 22:30:32.830   224   531 D RockFFPlayerBase: dumpStatus(): Idle
01-01 22:30:32.830   224   531 D RockFFPlayer: reset: in idle status, already reset
01-01 22:30:32.830   224   531 D RockFFPlayer: ~FFMediaSource
01-01 22:30:32.830   224   531 D RockFFPlayer: FFMediaSource context null. 
01-01 22:30:32.830   224   531 E TraceThread:     VsyncReciver(tid = 2988763440)--> [UID=36a40b87] pthread_join begin-->player = 0xb7253fa8
01-01 22:30:32.847   224   531 E TraceThread:     VsyncReciver(tid = 2988763440)--> [UID=36a40b87] pthread_join   end-->player = 0xb7253fa8
01-01 22:30:32.847   224   531 D VsyncReciver: stop_l:vsyncThread down
01-01 22:30:32.847   224   531 E TraceThread:     RockFFPlayer(tid = 3001403696)--> [UID=36a40b87] ~FFMPlayer Destruction; object=0xb7253fa8
01-01 22:30:32.847   224   531 D RockFFPlayer: ~FFMPlayer ok
01-01 22:30:32.847   224   531 D RockFFPlayerBase: ~FFMPlayerBase(():mDequeueThread down
01-01 22:30:32.847   224   531 D RockFFPlayerBase: ~RkMessageHandler
01-01 22:30:32.848   224  1206 D CameraHal: camera_get_camera_info(1312): camera_get_camera_info(1312): camera_0 facing(0), orientation(90)
01-01 22:30:32.848   224   632 D CameraHal: camera_get_camera_info(1312): camera_get_camera_info(1312): camera_0 facing(0), orientation(90)
01-01 22:30:32.854   224   531 D CameraHal: camera_get_camera_info(1312): camera_get_camera_info(1312): camera_1 facing(1), orientation(270)
01-01 22:30:32.855   224   224 D CameraHal: camera_get_camera_info(1312): camera_get_camera_info(1312): camera_1 facing(1), orientation(270)
01-01 22:30:32.905   686  1342 D OpenGLRenderer: Use EGL_SWAP_BEHAVIOR_PRESERVED: true
01-01 22:30:32.906   686  1342 D OpenGLRenderer: profile bars disabled
01-01 22:30:32.906   686  1342 D OpenGLRenderer: ambientRatio = 1.50
01-01 22:30:32.916   571   728 V WindowManager: Window{ee3959 u0 KeyguardScrim} forcing orientation to 5
01-01 22:30:32.919   686   686 D PhoneStatusBar: disable: < EXPAND* icons alerts system_info BACK* HOME* RECENT* clock SEARCH* quick_settings >
01-01 22:30:32.933   686   686 D PhoneStatusBar: heads up is enabled
01-01 22:30:33.200  1002  1002 D GeofencerStateMachine: Creating GeofencerStateMachine
01-01 22:30:33.204  1002  1002 D SensorManager: aidl getSensorManager:android.hardware.ISensorManager$Stub$Proxy@5698199
01-01 22:30:33.209   571   625 D WifiService: New client listening to asynchronous messages
01-01 22:30:33.261   571   699 V WindowManager: Window{ee3959 u0 KeyguardScrim} forcing orientation to 5
01-01 22:30:33.262   571   583 I WindowStateAnimator: createSurface WindowStateAnimator{bec3ed4 com.android.systemui.ImageWallpaper}: mDrawState=DRAW_PENDING
01-01 22:30:33.262   571   583 V WindowManager: Changing surface while display frozen: Window{d8d0c27 u0 com.android.systemui.ImageWallpaper}
01-01 22:30:33.262   571   583 D WindowStateAnimator: rk_debug2 com.android.systemui.ImageWallpaper_Force_To_Dual
01-01 22:30:33.263   571   583 V WindowManager: Window{ee3959 u0 KeyguardScrim} forcing orientation to 5
01-01 22:30:33.264   571   583 V WindowManager: Resize reasons for w=Window{d8d0c27 u0 com.android.systemui.ImageWallpaper}:  contentInsetsChanged=true [0,0][1293,1484] visibleInsetsChanged=true [0,0][1293,1484] stableInsetsChanged=true [0,0][1293,1484] outsetsChanged=false [0,0][0,0] surfaceResized=true configChanged=true
01-01 22:30:33.264   571   583 V WindowManager: Changing surface while display frozen: Window{d8d0c27 u0 com.android.systemui.ImageWallpaper}
01-01 22:30:33.264   571   583 V WindowManager: Orientation start waiting for draw mDrawState=DRAW_PENDING in Window{d8d0c27 u0 com.android.systemui.ImageWallpaper}, surface Surface(name=com.android.systemui.ImageWallpaper_Force_To_Dual)
01-01 22:30:33.264   571   583 V WindowManager: Resizing window Window{d8d0c27 u0 com.android.systemui.ImageWallpaper} to 3213.0x2684.0
01-01 22:30:33.266   571   583 V WindowState: Reporting new frame to Window{d8d0c27 u0 com.android.systemui.ImageWallpaper}: Rect(0, 0 - 3213, 2684)
01-01 22:30:33.266   571   583 I WindowState: Sending new config to window Window{d8d0c27 u0 com.android.systemui.ImageWallpaper}: 3213.0x2684.0 / config={1.0 ?mcc?mnc en_US ldltr sw800dp w1280dp h800dp 240dpi xlrg land finger -keyb/v/h -nav/h s.4} overrideConfig={1.0 ?mcc?mnc ?locale ?layoutDir ?swdp ?wdp ?hdp ?density ?lsize ?long ?orien ?uimode ?night ?touch ?keyb/?/? ?nav/?}
01-01 22:30:33.266   571   583 I WindowState: Resizing Window{d8d0c27 u0 com.android.systemui.ImageWallpaper} WITH DRAW PENDING
01-01 22:30:33.284   571   592 V WindowStateAnimator: Orientation continue waiting for draw in Window{d8d0c27 u0 com.android.systemui.ImageWallpaper}
01-01 22:30:33.331  1002  1002 I GCoreNlp: shouldConfirmNlp, NLP off. Ensuring opt-in disabled
01-01 22:30:33.383  1002  1002 V GeofencerHelper: Initializing geofence's system cache.
01-01 22:30:33.396  1002  1359 D GeofenceStateCache: Recovered 0 geofences.
01-01 22:30:33.410  1002  1359 I GeofencerStateMachine: Network location disabled.
01-01 22:30:33.430   571   591 D BluetoothManagerService: Added callback: android.bluetooth.IBluetoothManagerCallback$Stub$Proxy@716d70:true
01-01 22:30:33.460  1002  1002 I GCoreUlr: Starting service, intent=Intent { act=com.google.android.location.reporting.ACTION_UPDATE_WORLD cmp=com.google.android.gms/com.google.android.location.reporting.service.DispatchingService (has extras) }, extras=Bundle[{receiverAction=android.location.PROVIDERS_CHANGED}]
01-01 22:30:33.473   571   583 I ActivityManager: Start proc 1364:com.android.vending/u0a7 for broadcast com.android.vending/com.google.android.finsky.receivers.LocationProviderChangedReceiver
01-01 22:30:33.574   686   686 I mali_so : [File] : hardware/arm/maliT760/driver/product/base/src/mali_base_kbase.c; [Line] : 928; [Func] : base_context_deal_with_version_affairs_rk_ext;
01-01 22:30:33.574   686   686 I mali_so : arm_release_ver of this mali_so is 'r12p0-04rel0', rk_so_ver is '12@0', built at '17:00:15', on 'Aug 16 2016'.
01-01 22:30:33.574   686   686 I mali_so : [File] : hardware/arm/maliT760/driver/product/base/src/mali_base_kbase.c; [Line] : 955; [Func] : base_context_deal_with_version_affairs_rk_ext;
01-01 22:30:33.574   686   686 I mali_so : mali_ver_property has been set to 'r12p0-04rel0-13-12@0', to return.
01-01 22:30:33.584   686   686 D Surface : Surface::final mReqUsage=a00
01-01 22:30:33.585   686   686 D mali_winsys: EGLint new_window_surface(egl_winsys_display*, void*, EGLSurface, EGLConfig, egl_winsys_surface**, egl_color_buffer_format*, EGLBoolean) returns 0x3000
01-01 22:30:33.602  1002  1363 D SensorManager: aidl getSensorManager:android.hardware.ISensorManager$Stub$Proxy@4864bed
01-01 22:30:33.607   700   700 W ContextImpl: Calling a method in the system process without a qualified user: android.app.ContextImpl.startActivity:658 android.content.ContextWrapper.startActivity:331 com.roboteam.teamy.shared.activitylauncher.ActivityLauncher.startActivity:16 com.roboteam.teamy.boot.activitylauncher.BootActivityLauncher.launch:54 com.roboteam.teamy.home.HomeActivity.onCreate:93 
01-01 22:30:33.607   700   700 W ContextImpl: Calling a method in the system process without a qualified user: android.app.ContextImpl.startActivity:670 android.app.ContextImpl.startActivity:659 android.content.ContextWrapper.startActivity:331 com.roboteam.teamy.shared.activitylauncher.ActivityLauncher.startActivity:16 com.roboteam.teamy.boot.activitylauncher.BootActivityLauncher.launch:54 
01-01 22:30:33.608   571   727 I ActivityManager: START u0 {flg=0x10008000 cmp=com.roboteam.teamy.usa/com.roboteam.teamy.boot.BootActivity} from uid 1000 on display 0
01-01 22:30:33.608  1364  1364 W System  : ClassLoader referenced unknown path: /system/priv-app/GooglePlay/lib/arm
01-01 22:30:33.613   571   727 V WindowState: Reporting new frame to Window{34590e5 u0 StatusBar}: Rect(0, 0 - 1920, 0)
01-01 22:30:33.613   571   727 I WindowState: Sending new config to window Window{34590e5 u0 StatusBar}: 0.0x0.0 / config={1.0 ?mcc?mnc en_US ldltr sw800dp w1280dp h800dp 240dpi xlrg land finger -keyb/v/h -nav/h s.4} overrideConfig={1.0 ?mcc?mnc ?locale ?layoutDir ?swdp ?wdp ?hdp ?density ?lsize ?long ?orien ?uimode ?night ?touch ?keyb/?/? ?nav/?}
01-01 22:30:33.613   571   727 V WindowState: Reporting new frame to Window{ee3959 u0 KeyguardScrim}: Rect(0, 0 - 1920, 1200)
01-01 22:30:33.614   571   727 V WindowState: Reporting new frame to Window{d8d0c27 u0 com.android.systemui.ImageWallpaper}: Rect(0, 0 - 3213, 2684)
01-01 22:30:33.614   571   727 I WindowState: Resizing Window{d8d0c27 u0 com.android.systemui.ImageWallpaper} WITH DRAW PENDING
01-01 22:30:33.620   571   592 V WindowStateAnimator: Orientation continue waiting for draw in Window{d8d0c27 u0 com.android.systemui.ImageWallpaper}
01-01 22:30:33.686   700  1394 D OpenGLRenderer: Use EGL_SWAP_BEHAVIOR_PRESERVED: true
01-01 22:30:33.693   571   589 D Tethering: interfaceLinkStateChanged wlan0, true
01-01 22:30:33.694   571   589 D Tethering: interfaceStatusChanged wlan0, true
01-01 22:30:33.698   571   624 D WIFI    : Registering NetworkFactory
01-01 22:30:33.699   571   624 D WIFI_UT : Registering NetworkFactory
01-01 22:30:33.699   571   626 D ConnectivityService: Got NetworkFactory Messenger for WIFI
01-01 22:30:33.699   571   626 D ConnectivityService: Got NetworkFactory Messenger for WIFI_UT
01-01 22:30:33.707   571  1204 E WindowManager: Unknown window type: 2999
01-01 22:30:33.707   571  1204 V WindowManager: Window{ee3959 u0 KeyguardScrim} forcing orientation to 5
01-01 22:30:33.734   571   624 D WIFI    : got request NetworkRequest [ id=1, legacyType=-1, [ Capabilities: INTERNET&NOT_RESTRICTED&TRUSTED&NOT_VPN] ] with score 0
01-01 22:30:33.734   571   624 D WIFI_UT : got request NetworkRequest [ id=1, legacyType=-1, [ Capabilities: INTERNET&NOT_RESTRICTED&TRUSTED&NOT_VPN] ] with score 0
01-01 22:30:33.760   192  1052 D gralloc : Isfb=0, [2684,3213,2688,10752], fmt=2, byte_stride=10752
01-01 22:30:33.872   571   624 E wifi    : wifi_get_supported_feature_set returned error = 0xffffffa1
01-01 22:30:33.939   571   728 V WindowStateAnimator: finishDrawingLocked: mDrawState=COMMIT_DRAW_PENDING WindowStateAnimator{bec3ed4 com.android.systemui.ImageWallpaper} in Surface(name=com.android.systemui.ImageWallpaper_Force_To_Dual)
01-01 22:30:33.939   571   592 V WindowManager: Eval win Window{bfd2846 u0 com.roboteam.teamy.usa/com.roboteam.teamy.home.HomeActivity}: isDrawn=false, isAnimating=false
01-01 22:30:33.940   571   592 V WindowManager: Not displayed: s=null pv=true mDrawState=NO_SURFACE ah=false th=false a=false
01-01 22:30:33.940   571   592 I WindowManager:   SURFACE SHOW (performShowLocked): Window{d8d0c27 u0 com.android.systemui.ImageWallpaper}
01-01 22:30:33.940   571   592 V WindowManager: Orientation not waiting for draw in Window{d8d0c27 u0 com.android.systemui.ImageWallpaper}, surface Surface(name=com.android.systemui.ImageWallpaper_Force_To_Dual)
01-01 22:30:33.941   700   700 W art     : Verification of com.roboteam.teamy.shared.analytics.AnalyticsEvent com.roboteam.teamy.shared.analytics.AnalyticsEvent$Companion.warning(java.lang.String) took 219.279ms
01-01 22:30:33.942  1002  1002 V GoogleSignatureVerifier: com.google.android.gms signature not valid.  Found: 
01-01 22:30:33.942  1002  1002 V GoogleSignatureVerifier: MIIEQzCCAyugAwIBAgIJAMLgh0ZkSjCNMA0GCSqGSIb3DQEBBAUAMHQxCzAJBgNVBAYTAlVTMRMw
01-01 22:30:33.942  1002  1002 V GoogleSignatureVerifier: EQYDVQQIEwpDYWxpZm9ybmlhMRYwFAYDVQQHEw1Nb3VudGFpbiBWaWV3MRQwEgYDVQQKEwtHb29n
01-01 22:30:33.942  1002  1002 V GoogleSignatureVerifier: bGUgSW5jLjEQMA4GA1UECxMHQW5kcm9pZDEQMA4GA1UEAxMHQW5kcm9pZDAeFw0wODA4MjEyMzEz
01-01 22:30:33.942  1002  1002 V GoogleSignatureVerifier: MzRaFw0zNjAxMDcyMzEzMzRaMHQxCzAJBgNVBAYTAlVTMRMwEQYDVQQIEwpDYWxpZm9ybmlhMRYw
01-01 22:30:33.942  1002  1002 V GoogleSignatureVerifier: FAYDVQQHEw1Nb3VudGFpbiBWaWV3MRQwEgYDVQQKEwtHb29nbGUgSW5jLjEQMA4GA1UECxMHQW5k
01-01 22:30:33.942  1002  1002 V GoogleSignatureVerifier: cm9pZDEQMA4GA1UEAxMHQW5kcm9pZDCCASAwDQYJKoZIhvcNAQEBBQADggENADCCAQgCggEBAKtW
01-01 22:30:33.942  1002  1002 V GoogleSignatureVerifier: LgDYO6IIrgqWbxJOKdoR8qtW0I9Y4sypEwPpt1TTcvZApxsdyxMJZ2JORland2qSGT2y5b+3JKke
01-01 22:30:33.942  1002  1002 V GoogleSignatureVerifier: dxiLDmpHpDsz2WCbdxgxRczfey5YZnTJ4VZbH0xqWVW/8lGmPav5xVwnIiJS6HXk+BVKZF+JcWjA
01-01 22:30:33.942  1002  1002 V GoogleSignatureVerifier: sb/GEuq/eFdpuzSqeYTcfi6idkyugwfYwXFU1+5fZKUaRKYCwkkFQVfcAs1fXA5V+++FGfvjJ/Cx
01-01 22:30:33.942  1002  1002 V GoogleSignatureVerifier: URaSxaBvGdGDhfXE28LWuT9ozCl5xw4Yq5OGazvV24mZVSoOO0yZ31j7kYvtwYK6NeADwbSxDdJE
01-01 22:30:33.942  1002  1002 V GoogleSignatureVerifier: qO4k//0zOHKrUiGYXtqw/A0LFFtqoZKFjnkCAQOjgdkwgdYwHQYDVR0OBBYEFMd9jMIhF1Ylmn/T
01-01 22:30:33.942  1002  1002 V GoogleSignatureVerifier: gt9r45jk14alMIGmBgNVHSMEgZ4wgZuAFMd9jMIhF1Ylmn/Tgt9r45jk14aloXikdjB0MQswCQYD
01-01 22:30:33.942  1002  1002 V GoogleSignatureVerifier: VQQGEwJVUzETMBEGA1UECBMKQ2FsaWZvcm5pYTEWMBQGA1UEBxMNTW91bnRhaW4gVmlldzEUMBIG
01-01 22:30:33.942  1002  1002 V GoogleSignatureVerifier: A1UEChMLR29vZ2xlIEluYy4xEDAOBgNVBAsTB0FuZHJvaWQxEDAOBgNVBAMTB0FuZHJvaWSCCQDC
01-01 22:30:33.942  1002  1002 V GoogleSignatureVerifier: 4IdGZEowjTAMBgNVHRMEBTADAQH/MA0GCSqGSIb3DQEBBAUAA4IBAQBt0lLO74UwLDYKqs6Tm8/y
01-01 22:30:33.942  1002  1002 V GoogleSignatureVerifier: zKkEu116FmH4rkaymUIE0P9KaMftGlMexFlaYjzmB2OxZyl6euNXEsQH8gjwyxCUKRJNexBiGcCE
01-01 22:30:33.942  1002  1002 V GoogleSignatureVerifier: yj6z+a1fuHHvkiaai+KL8W1EyNmgjmyy8AW7P+LLlkR+ho5zEHatRbM/YAnqGcFh5iZBqpknHf1S
01-01 22:30:33.942  1002  1002 V GoogleSignatureVerifier: KMXFh4dd239FJ1jWYfbMDMy3NS5CTMQ2XFI1MvcyUTdZPErjQfTbQe3aDQsQcafEQPD+nqActifK
01-01 22:30:33.942  1002  1002 V GoogleSignatureVerifier: Z0Np0IS9L9kR/wbNvyz6ENwPiTrjV2KRkEjH78ZMcUQXg0L3BYHJ3lc69Vs5Ddf9uUGGMYldX3Wf
01-01 22:30:33.942  1002  1002 V GoogleSignatureVerifier: MBEmh/9iFBDAaTCK
01-01 22:30:33.943   686   686 I Choreographer: Skipped 161 frames!  The application may be doing too much work on its main thread.
01-01 22:30:33.956   571   592 E WindowManager: Unknown window type: 2999
01-01 22:30:33.956   571   592 V WindowManager: Eval win Window{bfd2846 u0 com.roboteam.teamy.usa/com.roboteam.teamy.home.HomeActivity}: isDrawn=false, isAnimating=false
01-01 22:30:33.956   571   592 V WindowManager: Not displayed: s=null pv=false mDrawState=NO_SURFACE ah=false th=false a=false
01-01 22:30:33.973   571   592 E WindowManager: Unknown window type: 2999
01-01 22:30:34.035   686   686 D ViewRootImpl: changeCanvasOpacity: opaque=true
01-01 22:30:34.076  1002  1363 W art     : Verification of void aeko.<init>(aemv, aduj) took 197.643ms
01-01 22:30:34.116   571   587 W ActivityManager: Activity pause timeout for ActivityRecord{2257ad u0 com.roboteam.teamy.usa/com.roboteam.teamy.home.HomeActivity t1677}
01-01 22:30:34.155   571   587 V WindowManager: Clear freezing of Token{2243ae2 ActivityRecord{2257ad u0 com.roboteam.teamy.usa/com.roboteam.teamy.home.HomeActivity t1677}}: hidden=false freezing=false
01-01 22:30:34.156   571   587 I WindowManager: Set freezing of Token{344c80f ActivityRecord{f17596e u0 com.roboteam.teamy.usa/com.roboteam.teamy.boot.BootActivity t1678}}: hidden=true freezing=false
01-01 22:30:34.156   571   587 V WindowManager: setAppVisibility(Token{344c80f ActivityRecord{f17596e u0 com.roboteam.teamy.usa/com.roboteam.teamy.boot.BootActivity t1678}}, visible=true): mNextAppTransition=TRANSIT_TASK_OPEN hidden=true hiddenRequested=true Callers=com.android.server.am.ActivityStackSupervisor.realStartActivityLocked:1185 com.android.server.am.ActivityStackSupervisor.startSpecificActivityLocked:1384 com.android.server.am.ActivityStack.resumeTopActivityInnerLocked:2077 com.android.server.am.ActivityStack.resumeTopActivityLocked:1587 com.android.server.am.ActivityStackSupervisor.resumeTopActivitiesLocked:2735 com.android.server.am.ActivityStack.completePauseLocked:1080 
01-01 22:30:34.156   571   587 V WindowManager: Window{ee3959 u0 KeyguardScrim} forcing orientation to 5
01-01 22:30:34.157   571   587 V WindowManager: setAppVisibility(Token{2243ae2 ActivityRecord{2257ad u0 com.roboteam.teamy.usa/com.roboteam.teamy.home.HomeActivity t1677}}, visible=false): mNextAppTransition=TRANSIT_TASK_OPEN hidden=false hiddenRequested=false Callers=com.android.server.am.ActivityStack.setVisible:1170 com.android.server.am.ActivityStack.ensureActivitiesVisibleLocked:1431 com.android.server.am.ActivityStackSupervisor.ensureActivitiesVisibleLocked:3305 com.android.server.am.ActivityManagerService.updateConfigurationLocked:17838 com.android.server.am.ActivityStackSupervisor.realStartActivityLocked:1201 com.android.server.am.ActivityStackSupervisor.startSpecificActivityLocked:1384 
01-01 22:30:34.158   571   587 V WindowManager: Eval win Window{bfd2846 u0 com.roboteam.teamy.usa/com.roboteam.teamy.home.HomeActivity}: isDrawn=false, isAnimating=false
01-01 22:30:34.158   571   587 V WindowManager: Not displayed: s=null pv=false mDrawState=NO_SURFACE ah=false th=true a=false
01-01 22:30:34.158  1002  1002 I DynamiteModule: Considering local module com.google.android.gms.googlecertificates:1 and remote module com.google.android.gms.googlecertificates:1
01-01 22:30:34.159  1002  1002 I DynamiteModule: Selected remote version of com.google.android.gms.googlecertificates, version >= 1
01-01 22:30:34.159   571   587 V WindowManager: Window{ee3959 u0 KeyguardScrim} forcing orientation to 5
01-01 22:30:34.159   571   587 V WindowManager: Eval win Window{bfd2846 u0 com.roboteam.teamy.usa/com.roboteam.teamy.home.HomeActivity}: isDrawn=false, isAnimating=false
01-01 22:30:34.159   571   587 V WindowManager: Not displayed: s=null pv=false mDrawState=NO_SURFACE ah=false th=true a=false
01-01 22:30:34.168   571   592 E WindowManager: Unknown window type: 2999
01-01 22:30:34.184   571   583 I WindowStateAnimator: createSurface WindowStateAnimator{d50bcdf StatusBar}: mDrawState=DRAW_PENDING
01-01 22:30:34.184   571   583 V WindowManager: Changing surface while display frozen: Window{34590e5 u0 StatusBar}
01-01 22:30:34.184   571   583 D WindowStateAnimator: rk_debug2 StatusBar_Force_To_Dual
01-01 22:30:34.185   571   583 V WindowManager: Window{ee3959 u0 KeyguardScrim} forcing orientation to 5
01-01 22:30:34.186   571   583 V WindowManager: Eval win Window{bfd2846 u0 com.roboteam.teamy.usa/com.roboteam.teamy.home.HomeActivity}: isDrawn=false, isAnimating=false
01-01 22:30:34.186   571   583 V WindowManager: Not displayed: s=null pv=false mDrawState=NO_SURFACE ah=false th=true a=false
01-01 22:30:34.188   686  1342 I OpenGLRenderer: Initialized EGL, version 1.4
01-01 22:30:34.191   686  1342 D Surface : Surface::final mReqUsage=a00
01-01 22:30:34.191   686  1342 D mali_winsys: EGLint new_window_surface(egl_winsys_display*, void*, EGLSurface, EGLConfig, egl_winsys_surface**, egl_color_buffer_format*, EGLBoolean) returns 0x3000
01-01 22:30:34.192   192   205 D gralloc : Isfb=0, [1920,1,1920,7680], fmt=1, byte_stride=7680
01-01 22:30:34.193   192   205 D gralloc : Isfb=0, [1920,1,1920,7680], fmt=1, byte_stride=7680
01-01 22:30:34.193   192   205 D gralloc : Isfb=0, [1920,1,1920,7680], fmt=1, byte_stride=7680
01-01 22:30:34.196  1002  1363 W Settings: Setting airplane_mode_on has moved from android.provider.Settings.System to android.provider.Settings.Global, returning read-only value.
01-01 22:30:34.197   571   625 D WifiService: New client listening to asynchronous messages
01-01 22:30:34.203   571   592 E WindowManager: Unknown window type: 2999
01-01 22:30:34.203   571   592 V WindowStateAnimator: Orientation continue waiting for draw in Window{34590e5 u0 StatusBar}
01-01 22:30:34.386  1002  1002 W System  : ClassLoader referenced unknown path: /data/user/0/com.google.android.gms/app_chimera/m/00000003/n/armeabi
01-01 22:30:34.423   700   700 I Choreographer: Skipped 40 frames!  The application may be doing too much work on its main thread.
01-01 22:30:34.462   571   727 V WindowManager: Window{ee3959 u0 KeyguardScrim} forcing orientation to 5
01-01 22:30:34.463   571   727 V WindowManager: Eval win Window{bfd2846 u0 com.roboteam.teamy.usa/com.roboteam.teamy.home.HomeActivity}: isDrawn=false, isAnimating=false
01-01 22:30:34.463   571   727 V WindowManager: Not displayed: s=null pv=false mDrawState=NO_SURFACE ah=false th=true a=false
01-01 22:30:34.464   571  1205 V WindowManager: Window{ee3959 u0 KeyguardScrim} forcing orientation to 5
01-01 22:30:34.464   571  1205 V WindowManager: Eval win Window{bfd2846 u0 com.roboteam.teamy.usa/com.roboteam.teamy.home.HomeActivity}: isDrawn=false, isAnimating=false
01-01 22:30:34.464   571  1205 V WindowManager: Not displayed: s=null pv=false mDrawState=NO_SURFACE ah=false th=true a=false
01-01 22:30:34.466   571   728 V WindowManager: Window{ee3959 u0 KeyguardScrim} forcing orientation to 5
01-01 22:30:34.466   571   728 V WindowManager: Eval win Window{bfd2846 u0 com.roboteam.teamy.usa/com.roboteam.teamy.home.HomeActivity}: isDrawn=false, isAnimating=false
01-01 22:30:34.466   571   728 V WindowManager: Not displayed: s=null pv=false mDrawState=NO_SURFACE ah=false th=true a=false
01-01 22:30:34.468   571   592 E WindowManager: Unknown window type: 2999
01-01 22:30:34.469   571   592 V WindowStateAnimator: Orientation continue waiting for draw in Window{34590e5 u0 StatusBar}
01-01 22:30:34.479   571  1205 V WindowStateAnimator: finishDrawingLocked: mDrawState=COMMIT_DRAW_PENDING WindowStateAnimator{d50bcdf StatusBar} in Surface(name=StatusBar_Force_To_Dual)
01-01 22:30:34.479   571   592 I WindowManager:   SURFACE SHOW (performShowLocked): Window{34590e5 u0 StatusBar}
01-01 22:30:34.479   571   592 V WindowManager: Orientation not waiting for draw in Window{34590e5 u0 StatusBar}, surface Surface(name=StatusBar_Force_To_Dual)
01-01 22:30:34.479   571   592 V WindowManager: Eval win Window{bfd2846 u0 com.roboteam.teamy.usa/com.roboteam.teamy.home.HomeActivity}: isDrawn=false, isAnimating=false
01-01 22:30:34.479   571   592 V WindowManager: Not displayed: s=null pv=false mDrawState=NO_SURFACE ah=false th=true a=false
01-01 22:30:34.486   571   592 E WindowManager: Unknown window type: 2999
01-01 22:30:34.487   571   592 V WindowManager: Eval win Window{bfd2846 u0 com.roboteam.teamy.usa/com.roboteam.teamy.home.HomeActivity}: isDrawn=false, isAnimating=false
01-01 22:30:34.487   571   592 V WindowManager: Not displayed: s=null pv=false mDrawState=NO_SURFACE ah=false th=true a=false
01-01 22:30:34.504   571   592 E WindowManager: Unknown window type: 2999
01-01 22:30:34.544  1002  1013 W art     : Suspending all threads took: 89.593ms
01-01 22:30:34.589  1002  1002 D ChimeraFileApk: Primary ABI of requesting process is armeabi-v7a
01-01 22:30:34.591  1002  1002 D ChimeraFileApk: Classloading successful. Optimized code found.
01-01 22:30:34.592  1002  1002 D GoogleCertificates: com.google.android.gms.googlecertificates module is loaded
01-01 22:30:34.611   571   585 V WindowManager: Window{ee3959 u0 KeyguardScrim} forcing orientation to 5
01-01 22:30:34.612   571   585 V WindowManager: Eval win Window{bfd2846 u0 com.roboteam.teamy.usa/com.roboteam.teamy.home.HomeActivity}: isDrawn=false, isAnimating=false
01-01 22:30:34.612   571   585 V WindowManager: Not displayed: s=null pv=false mDrawState=NO_SURFACE ah=false th=true a=false
01-01 22:30:34.616   571   583 I WindowStateAnimator: createSurface WindowStateAnimator{ffb242e }: mDrawState=DRAW_PENDING
01-01 22:30:34.616   571   583 V WindowManager: Changing surface while display frozen: Window{137b734 u0 com.roboteam.teamy.usa}
01-01 22:30:34.617   571   583 V WindowManager: Window{ee3959 u0 KeyguardScrim} forcing orientation to 5
01-01 22:30:34.617   571   583 V WindowManager: Resize reasons for w=Window{137b734 u0 com.roboteam.teamy.usa}:  contentInsetsChanged=false [0,0][0,0] visibleInsetsChanged=false [0,0][0,0] stableInsetsChanged=false [0,0][0,0] outsetsChanged=false [0,0][0,0] surfaceResized=false configChanged=true
01-01 22:30:34.617   571   583 V WindowManager: Changing surface while display frozen: Window{137b734 u0 com.roboteam.teamy.usa}
01-01 22:30:34.617   571   583 V WindowManager: Orientation start waiting for draw mDrawState=DRAW_PENDING in Window{137b734 u0 com.roboteam.teamy.usa}, surface Surface(name=)
01-01 22:30:34.617   571   583 V WindowManager: Resizing window Window{137b734 u0 com.roboteam.teamy.usa} to 1.0x1.0
01-01 22:30:34.617   571   583 V WindowManager: Eval win Window{bfd2846 u0 com.roboteam.teamy.usa/com.roboteam.teamy.home.HomeActivity}: isDrawn=false, isAnimating=false
01-01 22:30:34.617   571   583 V WindowManager: Not displayed: s=null pv=false mDrawState=NO_SURFACE ah=false th=true a=false
01-01 22:30:34.617   571   583 V WindowState: Reporting new frame to Window{137b734 u0 com.roboteam.teamy.usa}: Rect(960, 600 - 960, 600)
01-01 22:30:34.618   571   583 I WindowState: Sending new config to window Window{137b734 u0 com.roboteam.teamy.usa}: 1.0x1.0 / config={1.0 ?mcc?mnc en_US ldltr sw800dp w1280dp h800dp 240dpi xlrg land finger -keyb/v/h -nav/h s.4} overrideConfig={1.0 ?mcc?mnc ?locale ?layoutDir ?swdp ?wdp ?hdp ?density ?lsize ?long ?orien ?uimode ?night ?touch ?keyb/?/? ?nav/?}
01-01 22:30:34.618   571   583 I WindowState: Resizing Window{137b734 u0 com.roboteam.teamy.usa} WITH DRAW PENDING
01-01 22:30:34.620   700  1394 I mali_so : [File] : hardware/arm/maliT760/driver/product/base/src/mali_base_kbase.c; [Line] : 928; [Func] : base_context_deal_with_version_affairs_rk_ext;
01-01 22:30:34.620   700  1394 I mali_so : arm_release_ver of this mali_so is 'r12p0-04rel0', rk_so_ver is '12@0', built at '17:00:15', on 'Aug 16 2016'.
01-01 22:30:34.620   700  1394 I mali_so : [File] : hardware/arm/maliT760/driver/product/base/src/mali_base_kbase.c; [Line] : 955; [Func] : base_context_deal_with_version_affairs_rk_ext;
01-01 22:30:34.620   700  1394 I mali_so : mali_ver_property has been set to 'r12p0-04rel0-13-12@0', to return.
01-01 22:30:34.622   700  1394 I OpenGLRenderer: Initialized EGL, version 1.4
01-01 22:30:34.628   571   592 E WindowManager: Unknown window type: 2999
01-01 22:30:34.628   571   592 V WindowStateAnimator: Orientation change skips hidden Window{137b734 u0 com.roboteam.teamy.usa}
01-01 22:30:34.628   571   592 V WindowManager: Eval win Window{bfd2846 u0 com.roboteam.teamy.usa/com.roboteam.teamy.home.HomeActivity}: isDrawn=false, isAnimating=false
01-01 22:30:34.628   571   592 V WindowManager: Not displayed: s=null pv=false mDrawState=NO_SURFACE ah=false th=true a=false
01-01 22:30:34.629   700  1394 D Surface : Surface::final mReqUsage=a00
01-01 22:30:34.629   700  1394 D mali_winsys: EGLint new_window_surface(egl_winsys_display*, void*, EGLSurface, EGLConfig, egl_winsys_surface**, egl_color_buffer_format*, EGLBoolean) returns 0x3000
01-01 22:30:34.630   192   203 D gralloc : Isfb=0, [1,1,16,64], fmt=1, byte_stride=64
01-01 22:30:34.630   192   203 D gralloc : Isfb=0, [1,1,16,64], fmt=1, byte_stride=64
01-01 22:30:34.630   192   203 D gralloc : Isfb=0, [1,1,16,64], fmt=1, byte_stride=64
01-01 22:30:34.635   571   712 V WindowManager: Window{ee3959 u0 KeyguardScrim} forcing orientation to 5
01-01 22:30:34.635   571   712 V WindowManager: Eval win Window{bfd2846 u0 com.roboteam.teamy.usa/com.roboteam.teamy.home.HomeActivity}: isDrawn=false, isAnimating=false
01-01 22:30:34.635   571   712 V WindowManager: Not displayed: s=null pv=false mDrawState=NO_SURFACE ah=false th=true a=false
01-01 22:30:34.639   571   699 V WindowManager: Window{ee3959 u0 KeyguardScrim} forcing orientation to 5
01-01 22:30:34.639   571   699 V WindowManager: Eval win Window{bfd2846 u0 com.roboteam.teamy.usa/com.roboteam.teamy.home.HomeActivity}: isDrawn=false, isAnimating=false
01-01 22:30:34.639   571   699 V WindowManager: Not displayed: s=null pv=false mDrawState=NO_SURFACE ah=false th=true a=false
01-01 22:30:34.643   571   727 V WindowManager: Window{ee3959 u0 KeyguardScrim} forcing orientation to 5
01-01 22:30:34.643   571   727 V WindowManager: Eval win Window{bfd2846 u0 com.roboteam.teamy.usa/com.roboteam.teamy.home.HomeActivity}: isDrawn=false, isAnimating=false
01-01 22:30:34.643   571   727 V WindowManager: Not displayed: s=null pv=false mDrawState=NO_SURFACE ah=false th=true a=false
01-01 22:30:34.645   571   592 E WindowManager: Unknown window type: 2999
01-01 22:30:34.659   700  1408 W ExifInterface: Stop reading file since a wrong offset may cause an infinite loop: 0
01-01 22:30:34.660   700  1408 W ExifInterface: Stop reading file since a wrong offset may cause an infinite loop: 0
01-01 22:30:34.661   700  1406 W ExifInterface: Stop reading file since a wrong offset may cause an infinite loop: 0
01-01 22:30:34.661   700  1406 W ExifInterface: Stop reading file since a wrong offset may cause an infinite loop: 0
01-01 22:30:34.664   700  1407 W ExifInterface: Stop reading file since a wrong offset may cause an infinite loop: 0
01-01 22:30:34.664   700  1407 W ExifInterface: Stop reading file since a wrong offset may cause an infinite loop: 0
01-01 22:30:34.665  1002  1002 D GoogleCertificatesImpl: Fetched 300 Google certificates
01-01 22:30:34.683  1364  1364 W Finsky  : [1] com.google.android.finsky.FinskyApp.i(1465): No account configured on this device.
01-01 22:30:34.693  1364  1364 W Finsky  : [1] com.google.android.finsky.FinskyApp.i(1465): No account configured on this device.
01-01 22:30:34.717  1364  1364 W Finsky  : [1] com.google.android.finsky.FinskyApp.i(1465): No account configured on this device.
01-01 22:30:34.721  1364  1364 W Finsky  : [1] com.google.android.finsky.FinskyApp.i(1465): No account configured on this device.
01-01 22:30:34.721   700   710 W art     : Suspending all threads took: 7.413ms
01-01 22:30:34.722  1002  1002 W System  : ClassLoader referenced unknown path: /system/priv-app/GMSCore/lib/arm
01-01 22:30:34.723  1002  1002 W System  : ClassLoader referenced unknown path: /system/priv-app/GMSCore/lib/arm
01-01 22:30:34.745   700   710 I art     : Background sticky concurrent mark sweep GC freed 73385(4MB) AllocSpace objects, 17(300KB) LOS objects, 0% free, 39MB/39MB, paused 9.038ms total 77.499ms
01-01 22:30:34.775  1364  1364 I Finsky  : [1] com.google.android.finsky.FinskyApp.onCreate(428): Initializing network with DFE https://android.clients.google.com/fdfe/
01-01 22:30:34.777  1002  1002 W linker  : /system/priv-app/GMSCore/GMSCore.apk: unused DT entry: type 0x7ffffffd arg 0xc2e
01-01 22:30:34.782  1364  1364 W Finsky  : [1] com.google.android.finsky.FinskyApp.i(1465): No account configured on this device.
01-01 22:30:34.817  1364  1364 W Finsky  : [1] com.google.android.finsky.FinskyApp.i(1465): No account configured on this device.
01-01 22:30:34.821  1364  1364 W Finsky  : [1] com.google.android.finsky.FinskyApp.i(1465): No account configured on this device.
01-01 22:30:34.832  1364  1364 W Finsky  : [1] com.google.android.finsky.FinskyApp.i(1465): No account configured on this device.
01-01 22:30:34.833  1364  1364 W Finsky  : [1] com.google.android.finsky.FinskyApp.i(1465): No account configured on this device.
01-01 22:30:34.836  1364  1364 W Finsky  : [1] com.google.android.finsky.FinskyApp.i(1465): No account configured on this device.
01-01 22:30:34.836  1364  1364 W Finsky  : [1] com.google.android.finsky.FinskyApp.i(1465): No account configured on this device.
01-01 22:30:34.886  1364  1364 W Finsky  : [1] com.google.android.finsky.FinskyApp.i(1465): No account configured on this device.
01-01 22:30:34.887  1364  1364 W Finsky  : [1] com.google.android.finsky.FinskyApp.i(1465): No account configured on this device.
01-01 22:30:34.889  1364  1364 I Finsky  : [1] com.google.android.finsky.services.DailyHygiene.a(171): No need to run daily hygiene.
01-01 22:30:34.890  1364  1364 W Finsky  : [1] com.google.android.finsky.FinskyApp.i(1465): No account configured on this device.
01-01 22:30:34.907  1364  1364 W Settings: Setting download_manager_max_bytes_over_mobile has moved from android.provider.Settings.Secure to android.provider.Settings.Global.
01-01 22:30:34.907  1364  1364 W Settings: Setting download_manager_recommended_max_bytes_over_mobile has moved from android.provider.Settings.Secure to android.provider.Settings.Global.
01-01 22:30:34.925  1364  1364 W Finsky  : [1] com.google.android.finsky.FinskyApp.i(1465): No account configured on this device.
01-01 22:30:34.927  1364  1364 W Finsky  : [1] com.google.android.finsky.FinskyApp.i(1465): No account configured on this device.
01-01 22:30:34.929  1364  1364 W Finsky  : [1] com.google.android.finsky.FinskyApp.i(1465): No account configured on this device.
01-01 22:30:34.932  1364  1364 W Finsky  : [1] com.google.android.finsky.FinskyApp.i(1465): No account configured on this device.
