01-01 22:30:35.671   191   595 D gralloc : Isfb=0, [1,1,16,64], fmt=1, byte_stride=64
01-01 22:30:35.671   191   595 D gralloc : Isfb=0, [1,1,16,64], fmt=1, byte_stride=64
01-01 22:30:35.671   699  1474 W ExifInterface: Stop reading file since a wrong offset may cause an infinite loop: 0
01-01 22:30:35.671   699  1474 W ExifInterface: Stop reading file since a wrong offset may cause an infinite loop: 0
01-01 22:30:35.671   191   595 D gralloc : Isfb=0, [1,1,16,64], fmt=1, byte_stride=64
01-01 22:30:35.672   699  1476 W ExifInterface: Stop reading file since a wrong offset may cause an infinite loop: 0
01-01 22:30:35.672   699  1476 W ExifInterface: Stop reading file since a wrong offset may cause an infinite loop: 0
01-01 22:30:35.675   699  1475 W ExifInterface: Stop reading file since a wrong offset may cause an infinite loop: 0
01-01 22:30:35.675   699  1475 W ExifInterface: Stop reading file since a wrong offset may cause an infinite loop: 0
01-01 22:30:35.688   569   590 E WindowManager: Unknown window type: 2999
01-01 22:30:35.705   569   590 E WindowManager: Unknown window type: 2999
01-01 22:30:35.760   699   709 I art     : Background partial concurrent mark sweep GC freed 7852(634KB) AllocSpace objects, 2(40KB) LOS objects, 29% free, 39MB/55MB, paused 9.745ms total 49.482ms
01-01 22:30:36.381   699   699 I Choreographer: Skipped 39 frames!  The application may be doing too much work on its main thread.
01-01 22:30:36.393   699  1461 D Surface : Surface::final mReqUsage=a00
01-01 22:30:36.393   699  1461 D mali_winsys: EGLint new_window_surface(egl_winsys_display*, void*, EGLSurface, EGLConfig, egl_winsys_surface**, egl_color_buffer_format*, EGLBoolean) returns 0x3000
01-01 22:30:36.395   569   590 E WindowManager: Unknown window type: 2999
01-01 22:30:36.406   191   196 D gralloc : Isfb=0, [1920,1200,1920,7680], fmt=1, byte_stride=7680
01-01 22:30:36.412   569   590 E WindowManager: Unknown window type: 2999
01-01 22:30:36.417   191   196 D gralloc : Isfb=0, [1920,1200,1920,7680], fmt=1, byte_stride=7680
01-01 22:30:36.430   191   196 D gralloc : Isfb=0, [1920,1200,1920,7680], fmt=1, byte_stride=7680
01-01 22:30:36.760   191   196 D gralloc : Isfb=0, [1200,1920,1200,4800], fmt=1, byte_stride=4800
01-01 22:30:36.815   191   194 D gralloc : Isfb=0, [1200,1920,1200,4800], fmt=1, byte_stride=4800
01-01 22:30:36.820   569   590 I ActivityManager: Displayed com.roboteam.teamy.usa/com.roboteam.teamy.boot.BootActivity: +1s203ms
01-01 22:30:36.820   569   590 E WindowManager: Unknown window type: 2999
01-01 22:30:36.837   569   590 E WindowManager: Unknown window type: 2999
01-01 22:30:36.894   191  1059 D gralloc : Isfb=0, [1200,1920,1200,4800], fmt=1, byte_stride=4800
01-01 22:30:37.099   699   709 I art     : Background sticky concurrent mark sweep GC freed 36585(7MB) AllocSpace objects, 1(20KB) LOS objects, 9% free, 62MB/68MB, paused 74.861ms total 114.403ms
01-01 22:30:37.113   569   585 V KeyguardServiceDelegate: *** Keyguard started
01-01 22:30:37.186   569   569 V KeyguardServiceDelegate: *** Keyguard connected (yay!)
01-01 22:30:37.411   569   711 V KeyguardServiceDelegate: **** SHOWN CALLED ****
--------- beginning of system
01-01 22:30:37.421   569   569 V WindowManager: Done at AppWindowToken{fcd6cad token=Token{a4b55c4 ActivityRecord{68f68d7 u0 com.roboteam.teamy.usa/com.roboteam.teamy.boot.BootActivity t1661}}} -- full screen, return 0
01-01 22:30:37.421   569   569 V WindowManager: Deferring rotation, display is not enabled.
01-01 22:30:37.421   685   685 D PhoneStatusBar: disable: < expand* icons alerts system_info back* home* recent* clock search* quick_settings >
01-01 22:30:37.422   569   569 V WindowManager: Eval win Window{ffb242e u0 com.roboteam.teamy.usa/com.roboteam.teamy.home.HomeActivity}: isDrawn=false, isAnimating=false
01-01 22:30:37.422   569   569 V WindowManager: Not displayed: s=null pv=false mDrawState=NO_SURFACE ah=false th=true a=false
01-01 22:30:37.424   569   590 E WindowManager: Unknown window type: 2999
01-01 22:30:37.424   569   590 I WindowManager:   SURFACE SHOW (performShowLocked): Window{6bd995c u0 com.roboteam.teamy.usa}
01-01 22:30:37.424   569   590 V WindowStateAnimator: Orientation change skips hidden Window{ee3959 u0 KeyguardScrim}
01-01 22:30:37.425   569   590 V WindowManager: Eval win Window{ffb242e u0 com.roboteam.teamy.usa/com.roboteam.teamy.home.HomeActivity}: isDrawn=false, isAnimating=false
01-01 22:30:37.425   569   590 V WindowManager: Not displayed: s=null pv=true mDrawState=NO_SURFACE ah=false th=true a=false
01-01 22:30:37.430   569   590 I WindowManager: ******* TELLING SURFACE FLINGER WE ARE BOOTED!
01-01 22:30:37.430   191   196 I SurfaceFlinger: Boot is finished (34381 ms)
01-01 22:30:37.438   569   590 E WindowManager: Unknown window type: 2999
01-01 22:30:37.443  1003  1003 V UserPresentBroadcastReceiver: Received Intent { act=android.intent.action.USER_PRESENT flg=0x24000010 cmp=com.google.android.gms/.trustagent.UserPresentBroadcastReceiver }.
01-01 22:30:37.472  1003  1013 W art     : Suspending all threads took: 13.108ms
01-01 22:30:37.743  1003  1376 I Scheduler: Use legacy PeriodicScheduler
01-01 22:30:37.751  1003  1376 I Scheduler: Cleaning up unwanted schedulers, if there are any.
01-01 22:30:38.050   699   699 I Choreographer: Skipped 35 frames!  The application may be doing too much work on its main thread.
01-01 22:30:38.239   569   590 I SystemServiceManager: Starting phase 1000
01-01 22:30:38.251   569   590 I ActivityManager: Start proc 1546:com.android.bluetooth/1002 for on-hold
01-01 22:30:38.265   569   590 V WindowManager: updateRotationUnchecked(alwaysSendConfiguration=true)
01-01 22:30:38.265   569   590 V WindowManager: Application requested orientation 0, got rotation 1 which has compatible metrics
01-01 22:30:38.265   569   590 V WindowManager: Eval win Window{ffb242e u0 com.roboteam.teamy.usa/com.roboteam.teamy.home.HomeActivity}: isDrawn=false, isAnimating=false
01-01 22:30:38.265   569   590 V WindowManager: Not displayed: s=null pv=true mDrawState=NO_SURFACE ah=false th=true a=false
01-01 22:30:38.267   569   590 V WindowManager: Eval win Window{ffb242e u0 com.roboteam.teamy.usa/com.roboteam.teamy.home.HomeActivity}: isDrawn=false, isAnimating=false
01-01 22:30:38.267   569   590 V WindowManager: Not displayed: s=null pv=true mDrawState=NO_SURFACE ah=false th=true a=false
01-01 22:30:38.268   569   590 V WindowManager: updateRotationUnchecked(alwaysSendConfiguration=false)
01-01 22:30:38.268   569   590 V WindowManager: Application requested orientation 0, got rotation 1 which has compatible metrics
01-01 22:30:38.268   569   590 V WindowManager: Eval win Window{ffb242e u0 com.roboteam.teamy.usa/com.roboteam.teamy.home.HomeActivity}: isDrawn=false, isAnimating=false
01-01 22:30:38.268   569   590 V WindowManager: Not displayed: s=null pv=true mDrawState=NO_SURFACE ah=false th=true a=false
01-01 22:30:38.270   569   590 E WindowManager: Unknown window type: 2999
01-01 22:30:38.280   569   569 D ZenLog  : intercepted: -1|android|17040349|null|1000,alarmsOnly
01-01 22:30:38.280   569   569 V NotificationService: pkg=android canInterrupt=false intercept=true
01-01 22:30:38.280   569   569 D Tethering: ACTION_USB_STATE received, usbConnected=true, mRndisEnabled=false
01-01 22:30:38.285   685  1153 D KeyboardUI: kkkkkkkkk   Enter onBootCompletedInternal() call playSound() ----
01-01 22:30:38.285   685  1153 D KeyboardUI: kkkkkkkkk   keyboardUI.cpp -- Enter playSound ()----
01-01 22:30:38.285   685  1153 D KeyboardUI: kkkkkkkkk   playSound ()----mLockSounds.play()
01-01 22:30:38.292   685  1153 W AudioTrack: AUDIO_OUTPUT_FLAG_FAST denied by client; transfer 4, track 44100 Hz, output 48000 Hz
01-01 22:30:38.300   685   685 I ndroid.systemui: type=1400 audit(0.0:16): avc: denied { write } for name="property_service" dev="tmpfs" ino=8546 scontext=u:r:platform_app:s0:c512,c768 tcontext=u:object_r:property_socket:s0 tclass=sock_file permissive=1
01-01 22:30:38.308   685   685 V KeyguardUpdateMonitor: kkkkkk stop service.copyfile == 0 
01-01 22:30:38.338   227   342 D AudioHardwareTiny: start_output_stream
01-01 22:30:38.339   227   342 D alsa_route: route_info->sound_card 0, route_info->devices 0  
01-01 22:30:38.339   227   342 D alsa_route: route_set_controls() set route 0
01-01 22:30:38.349  1029  1029 D RKUpdateReceiver: action = android.hardware.usb.action.USB_STATE
01-01 22:30:38.384   569  1564 I RecoverySystem: No recovery log file
01-01 22:30:38.437   569  1564 I BootReceiver: Copying /proc/last_kmsg to DropBox (SYSTEM_LAST_KMSG)
01-01 22:30:38.484  1238  1238 E DisplayOutputManager: Error listing main interfaces :java.lang.NullPointerException: Attempt to get length of null array
01-01 22:30:38.485  1238  1238 E DisplayOutputManager: Error listing aux interfaces :java.lang.NullPointerException: Attempt to get length of null array
01-01 22:30:38.485  1238  1238 E DisplayOutputManager: There is no display interface.
01-01 22:30:38.485  1238  1238 D HdmiReceiver: hdmi receiver action=android.intent.action.BOOT_COMPLETED
01-01 22:30:38.485  1238  1238 D HdmiReceiver: BOOT_COMPLETED
01-01 22:30:38.488  1238  1238 D CABC    : isOpen=false
01-01 22:30:38.489  1238  1238 W System.err: java.io.FileNotFoundException: /sys/class/graphics/fb0/cabc: open failed: EACCES (Permission denied)
01-01 22:30:38.489  1238  1238 W System.err: 	at libcore.io.IoBridge.open(IoBridge.java:452)
01-01 22:30:38.489  1238  1238 W System.err: 	at java.io.FileOutputStream.<init>(FileOutputStream.java:87)
01-01 22:30:38.489  1238  1238 W System.err: 	at java.io.FileOutputStream.<init>(FileOutputStream.java:72)
01-01 22:30:38.489  1238  1238 W System.err: 	at com.android.settings.CABCReceiver.setCABC(CABCReceiver.java:59)
01-01 22:30:38.489  1238  1238 W System.err: 	at com.android.settings.CABCReceiver.onReceive(CABCReceiver.java:43)
01-01 22:30:38.489  1238  1238 W System.err: 	at android.app.ActivityThread.handleReceiver(ActivityThread.java:2725)
01-01 22:30:38.489  1238  1238 W System.err: 	at android.app.ActivityThread.-wrap14(ActivityThread.java)
01-01 22:30:38.489  1238  1238 W System.err: 	at android.app.ActivityThread$H.handleMessage(ActivityThread.java:1421)
01-01 22:30:38.489  1238  1238 W System.err: 	at android.os.Handler.dispatchMessage(Handler.java:102)
01-01 22:30:38.489  1238  1238 W System.err: 	at android.os.Looper.loop(Looper.java:148)
01-01 22:30:38.489  1238  1238 W System.err: 	at android.app.ActivityThread.main(ActivityThread.java:5417)
01-01 22:30:38.489  1238  1238 W System.err: 	at java.lang.reflect.Method.invoke(Native Method)
01-01 22:30:38.489  1238  1238 W System.err: 	at com.android.internal.os.ZygoteInit$MethodAndArgsCaller.run(ZygoteInit.java:772)
01-01 22:30:38.489  1238  1238 W System.err: 	at com.android.internal.os.ZygoteInit.main(ZygoteInit.java:662)
01-01 22:30:38.489  1238  1238 W System.err: Caused by: android.system.ErrnoException: open failed: EACCES (Permission denied)
01-01 22:30:38.490  1238  1238 W System.err: 	at libcore.io.Posix.open(Native Method)
01-01 22:30:38.490  1238  1238 W System.err: 	at libcore.io.BlockGuardOs.open(BlockGuardOs.java:186)
01-01 22:30:38.490  1238  1238 W System.err: 	at libcore.io.IoBridge.open(IoBridge.java:438)
01-01 22:30:38.490  1238  1238 W System.err: 	... 13 more
01-01 22:30:38.503   656   656 D StressTest: =========onReceive===rebootFlag:0
01-01 22:30:38.564   569  1564 I BootReceiver: Copying audit failures to DropBox
01-01 22:30:38.571   569  1564 I BootReceiver: Copied 0 worth of audits to DropBox
01-01 22:30:38.571   569  1564 I BootReceiver: Checking for fsck errors
01-01 22:30:38.611   569   579 I art     : Background sticky concurrent mark sweep GC freed 7252(1211KB) AllocSpace objects, 46(4MB) LOS objects, 22% free, 8MB/10MB, paused 1.551ms total 167.031ms
01-01 22:30:38.635   569  1560 I ActivityManager: Start proc 1572:com.android.keychain/1000 for service com.android.keychain/.KeyChainService
01-01 22:30:38.653  1572  1572 W System  : ClassLoader referenced unknown path: /system/app/KeyChain/lib/arm
01-01 22:30:38.795  1546  1546 D AdapterServiceConfig: Adding A2dpSinkService
01-01 22:30:38.796  1546  1546 D AdapterServiceConfig: Adding HidService
01-01 22:30:38.796  1546  1546 D AdapterServiceConfig: Adding HealthService
01-01 22:30:38.796  1546  1546 D AdapterServiceConfig: Adding PanService
01-01 22:30:38.797  1546  1546 D AdapterServiceConfig: Adding GattService
01-01 22:30:38.797  1546  1546 D AdapterServiceConfig: Adding HeadsetClientService
01-01 22:30:38.797  1546  1546 D AdapterServiceConfig: Adding AvrcpControllerService
01-01 22:30:38.867  1219  1219 D MtpService: starting MTP server in MTP mode
01-01 22:30:38.873  1219  1219 D MtpService: Adding MTP storage 0x10001 at /storage/emulated/0
01-01 22:30:38.882   569  1561 W Searchables: No global search activity found
01-01 22:30:38.911  1003  1003 D PersistentNotificationChimeraBroadcastReceiver: Received intent: Intent { act=android.intent.action.BOOT_COMPLETED flg=0x8000010 cmp=com.google.android.gms/.auth.setup.notification.PersistentNotificationBroadcastReceiver (has extras) }
01-01 22:30:38.941  1433  1594 E LoadManifestTask: Can't find Chimera operation impl class com.google.android.gms.auth.account.be.recovery.AccountRecoveryInitIntentOperation dropping operation
01-01 22:30:38.941  1433  1594 E LoadManifestTask: java.lang.ClassNotFoundException: Didn't find class "com.google.android.gms.auth.account.be.recovery.AccountRecoveryInitIntentOperation" on path: DexPathList[[zip file "/system/framework/com.android.location.provider.jar", zip file "/system/framework/com.android.media.remotedisplay.jar", zip file "/system/priv-app/GMSCore/GMSCore.apk"],nativeLibraryDirectories=[/data/user/0/com.google.android.gms/app_extracted_libs/armeabi-v7a, /system/priv-app/GMSCore/lib/arm, /system/priv-app/GMSCore/GMSCore.apk!/lib/armeabi-v7a, /vendor/lib, /system/lib]]
01-01 22:30:38.941  1433  1594 E LoadManifestTask: 	at dalvik.system.BaseDexClassLoader.findClass(BaseDexClassLoader.java:56)
01-01 22:30:38.941  1433  1594 E LoadManifestTask: 	at java.lang.ClassLoader.loadClass(ClassLoader.java:511)
01-01 22:30:38.941  1433  1594 E LoadManifestTask: 	at java.lang.ClassLoader.loadClass(ClassLoader.java:469)
01-01 22:30:38.941  1433  1594 E LoadManifestTask: 	at bfs.run(SourceFile:1773)
01-01 22:30:38.941  1433  1594 E LoadManifestTask: 	at java.util.concurrent.ThreadPoolExecutor.runWorker(ThreadPoolExecutor.java:1113)
01-01 22:30:38.941  1433  1594 E LoadManifestTask: 	at java.util.concurrent.ThreadPoolExecutor$Worker.run(ThreadPoolExecutor.java:588)
01-01 22:30:38.941  1433  1594 E LoadManifestTask: 	at java.lang.Thread.run(Thread.java:818)
01-01 22:30:38.941  1433  1594 E LoadManifestTask: 	Suppressed: java.lang.ClassNotFoundException: com.google.android.gms.auth.account.be.recovery.AccountRecoveryInitIntentOperation
01-01 22:30:38.941  1433  1594 E LoadManifestTask: 		at java.lang.Class.classForName(Native Method)
01-01 22:30:38.941  1433  1594 E LoadManifestTask: 		at java.lang.BootClassLoader.findClass(ClassLoader.java:781)
01-01 22:30:38.941  1433  1594 E LoadManifestTask: 		at java.lang.BootClassLoader.loadClass(ClassLoader.java:841)
01-01 22:30:38.941  1433  1594 E LoadManifestTask: 		at java.lang.ClassLoader.loadClass(ClassLoader.java:504)
01-01 22:30:38.941  1433  1594 E LoadManifestTask: 		... 5 more
01-01 22:30:38.941  1433  1594 E LoadManifestTask: 	Caused by: java.lang.NoClassDefFoundError: Class not found using the boot class loader; no stack trace available
01-01 22:30:38.965   569   589 D BluetoothManagerService: Added callback: android.bluetooth.IBluetoothManagerCallback$Stub$Proxy@a2727aa:true
01-01 22:30:38.965  1546  1546 D BluetoothAdapterState: make() - Creating AdapterState
01-01 22:30:38.968  1546  1546 I bt_bluedroid: init
01-01 22:30:38.968  1546  1597 I BluetoothAdapterState: Entering OffState
01-01 22:30:38.972  1546  1598 I bt_bte_conf: bte_load_ble_conf attempt to load ble stack conf from /etc/bluetooth/ble_stack.conf
01-01 22:30:38.973  1546  1598 E bt_osi_config: config_new unable to open file '/etc/bluetooth/ble_stack.conf': No such file or directory
01-01 22:30:38.973  1546  1598 I bt_bte_conf: bte_load_ble_conf file >/etc/bluetooth/ble_stack.conf< not found
01-01 22:30:38.974  1546  1598 I bt_stack_config: init attempt to load stack conf from /etc/bluetooth/bt_stack.conf
01-01 22:30:38.975  1546  1598 E bt_btif : Get local bdaddr from vflash
01-01 22:30:38.975  1546  1598 E bt_btif : btif_fetch_local_bdaddr, local bdaddr is stored in /data/misc/bluetooth/bdaddr
01-01 22:30:38.982  1433  1592 D FileApkUtils: Optimizing (staging complete)
01-01 22:30:38.983  1433  1592 D FileApkUtils: Optimizing: DynamiteModulesA_GmsCore_prodmnc_xhdpi_release.apk [28bb7d0a3294b0b8b1e7dfffd4b771e0511a1b9d2b9f2732ecb9e4c2eb81a1b2]
01-01 22:30:38.985  1433  1592 D DexOptUtils: Module /data/user/0/com.google.android.gms/app_chimera/m/00000003/DynamiteModulesA_GmsCore_prodmnc_xhdpi_release.apk is already optimized. Bailing.
01-01 22:30:38.985  1433  1592 D FileApkUtils: Optimizing: DynamiteModulesC_GmsCore_prodmnc_xhdpi_release.apk [ea78df0ad3d8f58f9577c8e426f1ef4cb9e3f6099badef2b88175f23b8a5ff03]
01-01 22:30:39.097  1433  1592 D DexOptUtils: Module /data/user/0/com.google.android.gms/app_chimera/m/00000005/DynamiteModulesC_GmsCore_prodmnc_xhdpi_release.apk is already optimized. Bailing.
01-01 22:30:39.097  1433  1592 D FileApkUtils: Optimizing: DynamiteModulesB_GmsCore_prodmnc_xhdpi_release.apk [fdddbd546e514cb5293398a8239137763e97647767d6b423d3c205f19ac2df10]
01-01 22:30:39.101  1546  1598 E bt_btif : btif_fetch_local_bdaddr: Got Factory BDA cc:4b:73:82:13:37
01-01 22:30:39.102  1546  1546 I bt_bluedroid: get_profile_interface socket
01-01 22:30:39.104  1546  1601 D BluetoothAdapterProperties: Address is:CC:4B:73:82:13:37
01-01 22:30:39.108  1546  1546 I bt_bluedroid: get_profile_interface sdp
01-01 22:30:39.109  1546  1601 D BluetoothAdapterProperties: Name is: dalek1
01-01 22:30:39.125   569   697 I ActivityManager: Start proc 1602:com.android.managedprovisioning/u0a8 for broadcast com.android.managedprovisioning/.BootReminder
01-01 22:30:39.129  1546  1559 I bt_bluedroid: config_hci_snoop_log
01-01 22:30:39.130   569   589 D BluetoothManagerService: Broadcasting onBluetoothServiceUp() to 6 receivers.
01-01 22:30:39.133  1546  1597 D BluetoothAdapterState: Current state: OFF, message: 0
01-01 22:30:39.133  1546  1597 D BluetoothAdapterProperties: Setting state to 14
01-01 22:30:39.133  1546  1597 I BluetoothAdapterState: Bluetooth adapter state changed: 10-> 14
01-01 22:30:39.134  1546  1597 D BluetoothBondStateMachine: make
01-01 22:30:39.137  1546  1614 I BluetoothBondStateMachine: StableState(): Entering Off State
01-01 22:30:39.138  1546  1597 I BluetoothAdapterState: Entering PendingCommandState
01-01 22:30:39.139  1546  1546 I BtGatt.JNI: classInitNative(L912): classInitNative: Success!
01-01 22:30:39.141  1546  1546 D BluetoothAdapterService: getAdapterService() - returning com.android.bluetooth.btservice.AdapterService@eaabfab
01-01 22:30:39.142  1546  1546 D BtGatt.DebugUtils: handleDebugAction() action=null
01-01 22:30:39.143  1546  1546 D BtGatt.GattService: Received start request. Starting profile...
01-01 22:30:39.143  1546  1546 D BtGatt.GattService: start()
01-01 22:30:39.143  1546  1546 I bt_bluedroid: get_profile_interface gatt
01-01 22:30:39.144  1546  1546 D BluetoothAdapterService: getAdapterService() - returning com.android.bluetooth.btservice.AdapterService@eaabfab
01-01 22:30:39.144  1546  1546 D BtGatt.AdvertiseManager: advertise manager created
01-01 22:30:39.150  1546  1546 V BluetoothAdapterState: isTurningOff()=false
01-01 22:30:39.150  1546  1546 V BluetoothAdapterState: isTurningOn()=false
01-01 22:30:39.150  1546  1546 V BluetoothAdapterState: isBleTurningOn()=true
01-01 22:30:39.150  1546  1546 V BluetoothAdapterState: isBleTurningOff()=false
01-01 22:30:39.150  1546  1597 D BluetoothAdapterState: Current state: PENDING_COMMAND, message: 4
01-01 22:30:39.223  1433  1592 D DexOptUtils: Module /data/user/0/com.google.android.gms/app_chimera/m/00000004/DynamiteModulesB_GmsCore_prodmnc_xhdpi_release.apk is already optimized. Bailing.
01-01 22:30:39.246  1546  1597 I bt_bluedroid: bt_bluedroid
01-01 22:30:39.246  1546  1598 D bt_stack_manager: event_start_up_stack is bringing up the stack.
01-01 22:30:39.246  1546  1598 I bt_hci  : start_up
01-01 22:30:39.252  1546  1598 D WifiHW  : check_wifi_chip_type_string: AP6335
01-01 22:30:39.252  1546  1598 D bt_vendor: vendor_open load libbt-vendor.so
01-01 22:30:39.263  1546  1598 I bt_vendor: alloc value 0xa1e4d829
01-01 22:30:39.263  1546  1598 I bt_vendor: init
01-01 22:30:39.263  1546  1598 I bt_vnd_conf: Attempt to load conf from /etc/bluetooth/bt_vendor.conf
01-01 22:30:39.264  1546  1598 I bt_hci  : start_up bluetooth_rtk_h5_flag :0
01-01 22:30:39.267  1433  1592 D GmsModuleFndr: Beginning GMS chimera module scan
01-01 22:30:39.268  1433  1592 D GmsModuleFndr: Module pkg com.google.android.apps.kids.familylinkmanager not installed, skipping
01-01 22:30:39.269  1433  1592 D GmsModuleFndr: Module pkg com.google.android.gms.policy_test_support not installed, skipping
01-01 22:30:39.269  1433  1592 D GmsModuleFndr: Module pkg com.google.android.apps.kids.familylink not installed, skipping
01-01 22:30:39.269  1433  1592 D GmsModuleFndr: Module pkg com.google.android.play.games not installed, skipping
01-01 22:30:39.272  1433  1592 D ChimeraCfgMgr: Beginning module configuration check
01-01 22:30:39.274  1602  1602 W System  : ClassLoader referenced unknown path: /system/priv-app/ManagedProvisioning/lib/arm
01-01 22:30:39.283  1433  1592 D ChimeraCfgMgr: Module APKs unchanged, check complete
01-01 22:30:39.288  1546  1598 D bt_upio : Delay 500ms for bluetooth power up
01-01 22:30:39.414  1433  1595 W InstanceID/Rpc: Found 10006
01-01 22:30:39.432  1433  1595 D AuthInitIntentOperation: Initializing Auth, action is android.intent.action.BOOT_COMPLETED ,InitRuntimeState=2
01-01 22:30:39.444   569   583 I ActivityManager: Start proc 1628:com.android.onetimeinitializer/u0a9 for broadcast com.android.onetimeinitializer/.OneTimeInitializerReceiver
01-01 22:30:39.461  1433  1595 W Auth    : [FRP,FrpUpdateIntentService] Received invalid intent action: com.google.android.gms.auth.ACTION_INVALID
01-01 22:30:39.468  1003  1003 I Auth    : [AuthDelegateWrapper] Service intent: Intent { cmp=com.google.android.gms/.auth.account.authenticator.DefaultAuthDelegateService }.
01-01 22:30:39.548  1003  1003 I Auth    : [AuthDelegateWrapper] Service intent: Intent { cmp=com.google.android.gms/.auth.account.authenticator.DefaultAuthDelegateService }.
01-01 22:30:39.561  1003  1003 I Auth    : [AuthDelegateWrapper] Service intent: Intent { cmp=com.google.android.gms/.auth.account.authenticator.DefaultAuthDelegateService }.
01-01 22:30:39.568  1003  1656 W WakefulBroadcastReceiver: No active wake lock id #1
01-01 22:30:39.590  1628  1628 W System  : ClassLoader referenced unknown path: /system/priv-app/OneTimeInitializer/lib/arm
01-01 22:30:39.598  1628  1628 V OneTimeInitializerRece: OneTimeInitializerReceiver.onReceive
01-01 22:30:39.611  1433  1595 D AccountStateSyncAdapterInitIntentOperation: Initializing AccountStateSyncAdapter, action is android.intent.action.BOOT_COMPLETED ,InitRuntimeState=2
01-01 22:30:39.611  1433  1595 D AuthZenInitIntentOperation: Initializing Authzen, action is android.intent.action.BOOT_COMPLETED ,InitRuntimeState=2
01-01 22:30:39.623  1433  1595 D EasyUnlockInitOp: Initializing EasyUnlock, InitRuntimeState=2
01-01 22:30:39.629  1433  1664 V AuthZen : Handling intent: android.intent.action.BOOT_COMPLETED
01-01 22:30:39.632   569  1152 I ActivityManager: Start proc 1665:com.google.android.inputmethod.pinyin/u0a25 for broadcast com.google.android.inputmethod.pinyin/com.google.android.apps.inputmethod.libs.framework.core.LauncherIconVisibilityInitializer
01-01 22:30:39.758  1433  1595 D PeriodicTasksManager: Will schedule periodic tasks:android.intent.action.BOOT_COMPLETED.
01-01 22:30:39.759  1003  1681 D EasyUnlockInitService: Handling intent for initializer IntentService.
01-01 22:30:39.772  1433  1595 D PeriodicTasksManager: Scheduling periodical signal task every 86400 seconds
01-01 22:30:39.779  1433  1595 D PeriodicTasksManager: AdAttestation signal task scheduled
01-01 22:30:39.784  1433  1595 D GCM     : COMPAT: Multi user ser=0 current=0
01-01 22:30:39.830  1433  1664 I GoogleURLConnFactory: Using platform SSLCertificateSocketFactory
01-01 22:30:39.834  1433  1664 E BaseAppContext: Tried to stop global GMSCore RequestQueue. This is likely unintended, so ignoring.
01-01 22:30:39.836  1433  1664 V BaseAppContext: GmsRequestQueue started.
01-01 22:30:39.853  1433  1664 D AuthZenEventHandler: Handling event: android.intent.action.BOOT_COMPLETED
01-01 22:30:39.856  1665  1665 W System  : ClassLoader referenced unknown path: /system/app/GoogleInput/lib/arm
01-01 22:30:39.870  1433  1692 I CheckinService: Disabling old GoogleServicesFramework version
01-01 22:30:39.896  1433  1694 V CheckinChimeraService: No Subscriptions found on the device
01-01 22:30:39.901  1433  1664 D AuthZenTransactionCache: Initialized cache in: /data/user/0/com.google.android.gms/files
01-01 22:30:39.901  1433  1664 D AuthZenTransactionCache: Clearing transaction cache
01-01 22:30:39.921  1433  1694 I CheckinChimeraService: Checking schedule, now: 1293883239920 next: 1294448975920
01-01 22:30:39.921  1433  1694 I CheckinChimeraService: active receiver: disabled
01-01 22:30:39.928  1546  1598 D bt_upio : Delay 500ms for bluetooth power up
01-01 22:30:39.969  1219  1624 W MediaScanner: Error opening directory '/oem/media/', skipping: No such file or directory.
01-01 22:30:40.106  1433  1595 I FA-SVC  : App measurement is starting up, version: 9083
01-01 22:30:40.106  1433  1595 I FA-SVC  : To enable debug logging run: adb shell setprop log.tag.FA VERBOSE
01-01 22:30:40.212  1433  1443 W art     : Suspending all threads took: 102.535ms
01-01 22:30:40.346  1433  1713 V FA-SVC  : Update service enabled state to: 1
01-01 22:30:40.346  1433  1713 I FA-SVC  : This instance being marked as an uploader
01-01 22:30:40.374  1003  1718 D GCM     : GcmService start Intent { flg=0x8000010 cmp=com.google.android.gms/.gcm.GcmService (has extras) } null
01-01 22:30:40.376  1665  1665 I AndroidIME: com.google.android.apps.inputmethod.libs.framework.core.LauncherIconVisibilityInitializerBase: android.intent.action.BOOT_COMPLETED
01-01 22:30:40.380   989   989 I SystemBroadcastReceiver: Boot has been completed
01-01 22:30:40.380   989   989 I SystemBroadcastReceiver: toggleAppIcon() : FLAG_SYSTEM = true
01-01 22:30:40.385  1029  1029 D RKUpdateReceiver: action = android.intent.action.BOOT_COMPLETED
01-01 22:30:40.385  1029  1029 D RKUpdateReceiver: RKUpdateReceiver recv ACTION_BOOT_COMPLETED.
01-01 22:30:40.398   569   581 I ActivityManager: Start proc 1720:com.google.android.youtube/u0a43 for broadcast com.google.android.youtube/com.google.android.libraries.youtube.mdx.background.MdxBackgroundScanBootReceiver
01-01 22:30:40.416  1029  1029 I android_rockchip_update_UpdateService.cpp: JNI_OnLoad
01-01 22:30:40.422  1029  1029 D RKUpdateService: starting RKUpdateService, version is 1.8.0
01-01 22:30:40.423  1029  1029 D RKUpdateService: remote uri is http://ro.product.ota.host=120.76.73.32:2305/OtaUpdater/android?product=rk3288&version=1.0.1&sn=CBI9S1F786&country=US&language=en
01-01 22:30:40.423  1029  1029 D RKUpdateService: remote uri backup is http://192.168.1.143:2300/OtaUpdater/android?product=rk3288&version=1.0.1&sn=CBI9S1F786&country=US&language=en
01-01 22:30:40.425  1029  1029 D RKUpdateService: first startup!!!
01-01 22:30:40.453  1029  1029 D RKUpdateService: onStartCommand.......
01-01 22:30:40.454  1029  1029 D RKUpdateService: command = 1 delaytime = 20000
01-01 22:30:40.454  1029  1029 D RKUpdateService: onStartCommand.......
01-01 22:30:40.454  1029  1029 D RKUpdateService: command = 2 delaytime = 25000
01-01 22:30:40.483  1003  1003 D WearableService: callingUid 10006, callindPid: 1003
01-01 22:30:40.495  1433  1595 V SmartDevice: [service,SmartDeviceIntentHandlers] OnUpgradeOrBootOperation got intent: Intent { act=android.intent.action.BOOT_COMPLETED flg=0x8000010 cmp=com.google.android.gms/.chimera.GmsIntentOperationService (has extras) } with flag 2
01-01 22:30:40.509  1003  1394 D PlaceInferenceEngine: Stop called when not running
01-01 22:30:40.513  1003  1311 W GeofencerStateMachine: Ignoring removeGeofence because network location is disabled.
01-01 22:30:40.514  1003  1003 E GmsWearableNodeHelper: GoogleApiClient connection failed: ConnectionResult{statusCode=API_UNAVAILABLE, resolution=null, message=null}
01-01 22:30:40.526  1433  1742 E MDM     : [137] rlj.a: Couldn't connect to Google API client: ConnectionResult{statusCode=API_UNAVAILABLE, resolution=null, message=null}
01-01 22:30:40.579  1003  1748 I PhenotypeConfigurator: Scheduling Phenotype for one-off execution 8005 seconds from now (1293883240578)
01-01 22:30:40.584  1433  1747 D fdn     : Opening database auth.proximity.permit_store...
01-01 22:30:40.589  1003  1681 D EasyUnlockInitService: Not initializing EasyUnlock: remote_devices=0, bluetooth_on=false
01-01 22:30:40.628  1546  1598 D bt_hci  : start_up starting async portion
01-01 22:30:40.628  1546  1621 I bt_hci  : event_finish_startup
01-01 22:30:40.628  1546  1621 I bt_hci_h4: hal_open
01-01 22:30:40.628  1546  1621 I bt_userial_vendor: userial vendor open: opening /dev/ttyS0
01-01 22:30:40.628  1546  1621 I bt_userial_vendor: device fd = 52 open
01-01 22:30:40.638  1546  1621 I bt_hwcfg: bt vendor lib: set UART baud 1500000
01-01 22:30:40.841  1546  1621 D bt_hwcfg: Chipset BCM4354A2
01-01 22:30:40.841  1546  1621 D bt_hwcfg: Target name = [BCM4354A2]
01-01 22:30:40.841  1546  1621 D WifiHW  : check_wifi_chip_type_string: AP6335
01-01 22:30:40.841  1546  1621 I bt_hwcfg: BT module name is: AP6335, p_chip_id_str = BCM4354A2
01-01 22:30:40.841  1546  1621 I bt_hwcfg: Target HCD file name is: BCM4356A2.hcd
01-01 22:30:40.914  1433  1595 I DynamiteModule: Considering local module com.google.android.gms.googlecertificates:1 and remote module com.google.android.gms.googlecertificates:1
01-01 22:30:40.914  1433  1595 I DynamiteModule: Selected remote version of com.google.android.gms.googlecertificates, version >= 1
01-01 22:30:40.918  1433  1714 W IcingInternalCorpora: getNumBytesRead when not calculated.
01-01 22:30:40.921  1433  1595 W System  : ClassLoader referenced unknown path: /data/user/0/com.google.android.gms/app_chimera/m/00000003/n/armeabi
01-01 22:30:40.922  1433  1595 D ChimeraFileApk: Primary ABI of requesting process is armeabi-v7a
01-01 22:30:40.923  1546  1621 I bt_hwcfg: Found patchfile: /vendor/firmware//BCM4356A2.hcd
01-01 22:30:40.924  1433  1595 D ChimeraFileApk: Classloading successful. Optimized code found.
01-01 22:30:40.927  1433  1595 D GoogleCertificates: com.google.android.gms.googlecertificates module is loaded
01-01 22:30:40.980  1433  1595 D GoogleCertificatesImpl: Fetched 300 Google certificates
01-01 22:30:41.236  1720  1720 W FileProviderCompat: isPatchingNecessary returned true and in == null: false
01-01 22:30:41.288  1720  1720 W PatchedPackageManager: patching ProviderInfo. Metadata was not null
01-01 22:30:41.288  1720  1720 W PatchedPackageManager: resolveContentProvider flags: 128 ret: ContentProviderInfo{name=com.google.android.youtube.fileprovider className=com.google.android.apps.youtube.app.common.util.FileProviderCompat}
01-01 22:30:41.324  1720  1720 W YT      : Last known version:13.35.51
01-01 22:30:41.326  1433  1595 I GCoreUlr: Starting service, intent=Intent { act=com.google.android.location.reporting.ACTION_UPDATE_WORLD cmp=com.google.android.gms/com.google.android.location.reporting.service.DispatchingService (has extras) }, extras=Bundle[{receiverAction=android.intent.action.BOOT_COMPLETED}]
01-01 22:30:41.340  1433  1765 V CheckinChimeraService: No Subscriptions found on the device
01-01 22:30:41.341  1433  1765 I CheckinChimeraService: Checking schedule, now: 1293883241341 next: 1294448975920
01-01 22:30:41.341  1433  1765 I CheckinChimeraService: active receiver: disabled
01-01 22:30:41.349  1003  1741 I PhenotypeFlagCommitter: Experiment Configs successfully retrieved for com.google.android.gms.lockbox
01-01 22:30:41.511   227   342 D alsa_route: route_set_controls() set route 24
01-01 22:30:41.512   227   342 D AudioHardwareTiny: close device
01-01 22:30:41.547  1433  1595 D LocationInitializer: Restart initialization of location
01-01 22:30:41.661  1546  1621 I bt_hwcfg: bt vendor lib: set UART baud 115200
01-01 22:30:41.767  1720  1800 W YouTube : Fetching the Gservices key 'failsafe_clear_cache_release_13_02' before the end of the bulk initialization
01-01 22:30:41.780  1003  1016 D StrictMode: Wrote violation #0 of 1: 10288 bytes
01-01 22:30:41.781  1003  1016 D StrictMode: Wrote violation #0 of 1: 11772 bytes
01-01 22:30:41.782  1003  1016 D StrictMode: Wrote violation #0 of 1: 13256 bytes
01-01 22:30:41.783  1003  1016 D StrictMode: Wrote violation #0 of 1: 14740 bytes
01-01 22:30:41.784  1003  1016 D StrictMode: Wrote violation #0 of 1: 16224 bytes
01-01 22:30:41.785  1433  1768 I iu.UploadsManager: #reloadSettings(); account: -1; IU: disabled; IS: disabled; IS account: -1; photoWiFi: true; videoWiFi: true; roam: false; battery: true; size: STANDARD; maxMobile: 157286400
01-01 22:30:41.785  1003  1016 D StrictMode: Wrote violation #0 of 1: 17708 bytes
01-01 22:30:41.786  1003  1016 D StrictMode: Wrote violation #0 of 1: 19192 bytes
01-01 22:30:41.787  1003  1016 D Error   : ERR: exClass=android.os.StrictMode$StrictModeDiskReadViolation
01-01 22:30:41.787  1003  1016 D Error   : ERR: exMsg=policy=6815751 violation=2
01-01 22:30:41.787  1003  1016 D Error   : ERR: file=StrictMode.java
01-01 22:30:41.787  1003  1016 D Error   : ERR: class=android.os.StrictMode$AndroidBlockGuardPolicy
01-01 22:30:41.787  1003  1016 D Error   : ERR: method=onReadFromDisk line=1263
01-01 22:30:41.787  1003  1016 D Error   : ERR: stack=android.os.StrictMode$StrictModeDiskReadViolation: policy=6815751 violation=2
01-01 22:30:41.787  1003  1016 D Error   : 	at android.os.StrictMode$AndroidBlockGuardPolicy.onReadFromDisk(StrictMode.java:1263)
01-01 22:30:41.787  1003  1016 D Error   : 	at android.app.SharedPreferencesImpl.awaitLoadedLocked(SharedPreferencesImpl.java:203)
01-01 22:30:41.787  1003  1016 D Error   : 	at android.app.SharedPreferencesImpl.getString(SharedPreferencesImpl.java:224)
01-01 22:30:41.787  1003  1016 D Error   : 	at rah.a(SourceFile:60)
01-01 22:30:41.787  1003  1016 D Error   : 	at rai.a(SourceFile:2052)
01-01 22:30:41.787  1003  1016 D Error   : 	at rap.c(SourceFile:205)
01-01 22:30:41.787  1003  1016 D Error   : 	at qzo.onTransact(SourceFile:150)
01-01 22:30:41.787  1003  1016 D Error   : 	at android.os.Binder.execTransact(Binder.java:453)
01-01 22:30:41.787  1003  1016 D Error   : # via Binder call with stack:
01-01 22:30:41.787  1003  1016 D Error   : android.os.StrictMode$LogStackTrace
01-01 22:30:41.787  1003  1016 D Error   : 	at android.os.StrictMode.readAndHandleBinderCallViolations(StrictMode.java:1911)
01-01 22:30:41.787  1003  1016 D Error   : 	at android.os.Parcel.readExceptionCode(Parcel.java:1601)
01-01 22:30:41.787  1003  1016 D Error   : 	at android.os.Parcel.readException(Parcel.java:1570)
01-01 22:30:41.787  1003  1016 D Error   : 	at joh.c(SourceFile:111)
01-01 22:30:41.787  1003  1016 D Error   : 	at ihg.equals(SourceFile:78)
01-01 22:30:41.787  1003  1016 D Error   : 	at izd.b(SourceFile:245)
01-01 22:30:41.787  1003  1016 D Error   : 	at izd.a(SourceFile:152)
01-01 22:30:41.787  1003  1016 D Error   : 	at izd.b(SourceFile:137)
01-01 22:30:41.787  1003  1016 D Error   : 	at izd.b(SourceFile:99)
01-01 22:30:41.787  1003  1016 D Error   : 	at aefd.c(SourceFile:571)
01-01 22:30:41.787  1003  1016 D Error   : 	at aefd.a(SourceFile:181)
01-01 22:30:41.787  1003  1016 D Error   : 	at aefe.b(SourceFile:93)
01-01 22:30:41.787  1003  1016 D Error   : 	at qmd.a(SourceFile:74)
01-01 22:30:41.787  1003  1016 D Error   : 	at qjf.a(SourceFile:1278)
01-01 22:30:41.787  1003  1016 D Error   : 	at rah.b(SourceFile:104)
01-01 22:30:41.787  1003  1016 D Error   : 	at rah.a(SourceFile:72)
01-01 22:30:41.787  1003  1016 D Error   : 	at rai.a(SourceFile:2052)
01-01 22:30:41.787  1003  1016 D Error   : 	at rap.c(SourceFile:205)
01-01 22:30:41.787  1003  1016 D Error   : 	at qzo.onTransact(SourceFile:150)
01-01 22:30:41.787  1003  1016 D Error   : 	at android.os.Binder.execTransact(Binder.java:453)
01-01 22:30:41.787  1003  1016 D Error   : # via Binder call with stack:
01-01 22:30:41.787  1003  1016 D Error   : android.os.StrictMode$LogStackTrace
01-01 22:30:41.787  1003  1016 D Error   : 	at android.os.StrictMode.readAndHandleBinderCallViolations(StrictMode.java:1911)
01-01 22:30:41.787  1003  1016 D Error   : 	at android.os.Parcel.readExceptionCode(Parcel.java:1601)
01-01 22:30:41.787  1003  1016 D Error   : 	at android.os.Parcel.readException(Parcel.java:1570)
01-01 22:30:41.787  1003  1016 D Error   : 	at joh.c(SourceFile:111)
01-01 22:30:41.787  1003  1016 D Error   : 	at ihg.equals(SourceFile:78)
01-01 22:30:41.787  1003  1016 D Error   : 	at izd.b(SourceFile:245)
01-01 22:30:41.787  1003  1016 D Error   : 	at izd.a(SourceFile:152)
01-01 22:30:41.787  1003  1016 D Error   : 	at izd.b(SourceFile:137)
01-01 22:30:41.787  1003  1016 D Error   : 	at izd.b(SourceFile:99)
01-01 22:30:41.787  1003  1016 D Error   : 	at aefd.c(SourceFile:571)
01-01 22:30:41.787  1003  1016 D Error   : 	at aefd.a(SourceFile:181)
01-01 22:30:41.787  1003  1016 D Error   : 	at aefe.b(SourceFile:93)
01-01 22:30:41.787  1003  1016 D Error   : 	at qmd.a(SourceFile:74)
01-01 22:30:41.787  1003  1016 D Error   : 	at qjf.a(SourceFile:1278)
01-01 22:30:41.787  1003  1016 D Error   : 	at rah.b(SourceFile:104)
01-01 22:30:41.787  1003  1016 D Error   : 	at rah.a(SourceFile:72)
01-01 22:30:41.787  1003  1016 D Error   : 	at rai.a(SourceFile:2052)
01-01 22:30:41.787  1003  1016 D Error   : 	at rap.c(SourceFile:205)
01-01 22:30:41.787  1003  1016 D Error   : 	at qzo.onTransact(SourceFile:150)
01-01 22:30:41.787  1003  1016 D Error   : 	at android.os.Binder.execTransact(Binder.java:453)
01-01 22:30:41.787  1003  1016 D Error   : # via Binder call with stack:
01-01 22:30:41.787  1003  1016 D Error   : android.os.StrictMode$LogStackTrace
01-01 22:30:41.787  1003  1016 D Error   : 	at android.os.StrictMode.readAndHandleBinderCallViolations(StrictMode.java:1911)
01-01 22:30:41.787  1003  1016 D Error   : 	at android.os.Parcel.readExceptionCode(Parcel.java:1601)
01-01 22:30:41.787  1003  1016 D Error   : 	at android.os.Parcel.readException(Parcel.java:1570)
01-01 22:30:41.787  1003  1016 D Error   : 	at joh.c(SourceFile:111)
01-01 22:30:41.787  1003  1016 D Error   : 	at ihg.equals(SourceFile:78)
01-01 22:30:41.787  1003  1016 D Error   : 	at izd.b(SourceFile:245)
01-01 22:30:41.787  1003  1016 D Error   : 	at izd.a(SourceFile:152)
01-01 22:30:41.787  1003  1016 D Error   : 	at izd.b(SourceFile:137)
01-01 22:30:41.787  1003  1016 D Error   : 	at izd.b(SourceFile:99)
01-01 22:30:41.787  1003  1016 D Error   : 	at aefd.c(SourceFile:571)
01-01 22:30:41.787  1003  1016 D Error   : 	at aefd.a(SourceFile:181)
01-01 22:30:41.787  1003  1016 D Error   : 	at aefe.b(SourceFile:93)
01-01 22:30:41.787  1003  1016 D Error   : 	at qmd.a(SourceFile:74)
01-01 22:30:41.787  1003  1016 D Error   : 	at qjf.a(SourceFile:1278)
01-01 22:30:41.787  1003  1016 D Error   : 	at rah.b(SourceFile:104)
01-01 22:30:41.787  1003  1016 D Error   : 	at rah.a(SourceFile:72)
01-01 22:30:41.787  1003  1016 D Error   : 	at rai.a(SourceFile:2052)
01-01 22:30:41.787  1003  1016 D Error   : 	at rap.c(SourceFile:205)
01-01 22:30:41.787  1003  1016 D Error   : 	at qzo.onTransact(SourceFile:150)
01-01 22:30:41.787  1003  1016 D Error   : 	at android.os.Binder.execTransact(Binder.java:453)
01-01 22:30:41.787  1003  1016 D Error   : # via Binder call with stack:
01-01 22:30:41.787  1003  1016 D Error   : android.os.StrictMode$LogStackTrace
01-01 22:30:41.787  1003  1016 D Error   : 	at android.os.StrictMode.readAndHandleBinderCallViolations(StrictMode.java:1911)
01-01 22:30:41.787  1003  1016 D Error   : 	at android.os.Parcel.readExceptionCode(Parcel.java:1601)
01-01 22:30:41.787  1003  1016 D Error   : 	at android.os.Parcel.readException(Parcel.java:1570)
01-01 22:30:41.787  1003  1016 D Error   : 	at joh.c(SourceFile:111)
01-01 22:30:41.787  1003  1016 D Error   : 	at ihg.equals(SourceFile:78)
01-01 22:30:41.787  1003  1016 D Error   : 	at izd.b(SourceFile:245)
01-01 22:30:41.787  1003  1016 D Error   : 	at izd.a(SourceFile:152)
01-01 22:30:41.787  1003  1016 D Error   : 	at izd.b(SourceFile:137)
01-01 22:30:41.787  1003  1016 D Error   : 	at izd.b(SourceFile:99)
01-01 22:30:41.787  1003  1016 D Error   : 	at aefd.c(SourceFile:571)
01-01 22:30:41.787  1003  1016 D Error   : 	at aefd.a(SourceFile:181)
01-01 22:30:41.787  1003  1016 D Error   : 	at aefe.b(SourceFile:93)
01-01 22:30:41.787  1003  1016 D Error   : 	at qmd.a(SourceFile:74)
01-01 22:30:41.787  1003  1016 D Error   : 	at qjf.a(SourceFile:1278)
01-01 22:30:41.787  1003  1016 D Error   : 	at rah.b(SourceFile:104)
01-01 22:30:41.787  1003  1016 D Error   : 	at rah.a(SourceFile:72)
01-01 22:30:41.787  1003  1016 D Error   : 	at rai.a(SourceFile:2052)
01-01 22:30:41.787  1003  1016 D Error   : 	at rap.c(SourceFile:205)
01-01 22:30:41.787  1003  1016 D Error   : 	at qzo.onTransact(SourceFile:150)
01-01 22:30:41.787  1003  1016 D Error   : 	at android.os.Binder.execTransact(Binder.java:453)
01-01 22:30:41.787  1003  1016 D Error   : # via Binder call with stack:
01-01 22:30:41.787  1003  1016 D Error   : android.os.StrictMode$LogStackTrace
01-01 22:30:41.787  1003  1016 D Error   : 	at android.os.StrictMode.readAndHandleBinderCallViolations(StrictMode.java:1911)
01-01 22:30:41.787  1003  1016 D Error   : 	at android.os.Parcel.readExceptionCode(Parcel.java:1601)
01-01 22:30:41.787  1003  1016 D Error   : 	at android.os.Parcel.readException(Parcel.java:1570)
01-01 22:30:41.787  1003  1016 D Error   : 	at joh.c(SourceFile:111)
01-01 22:30:41.787  1003  1016 D Error   : 	at ihg.equals(SourceFile:78)
01-01 22:30:41.787  1003  1016 D Error   : 	at izd.b(SourceFile:245)
01-01 22:30:41.787  1003  1016 D Error   : 	at izd.a(SourceFile:152)
01-01 22:30:41.787  1003  1016 D Error   : 	at izd.b(SourceFile:137)
01-01 22:30:41.787  1003  1016 D Error   : 	at izd.b(SourceFile:99)
01-01 22:30:41.787  1003  1016 D Error   : 	at aefd.c(SourceFile:571)
01-01 22:30:41.787  1003  1016 D Error   : 	at aefd.a(SourceFile:181)
01-01 22:30:41.787  1003  1016 D Error   : 	at aefe.b(SourceFile:93)
01-01 22:30:41.787  1003  1016 D Error   : 	at qmd.a(SourceFile:74)
01-01 22:30:41.787  1003  1016 D Error   : 	at qjf.a(SourceFile:1278)
01-01 22:30:41.787  1003  1016 D Error   : 	at rah.b(SourceFile:104)
01-01 22:30:41.787  1003  1016 D Error   : 	at rah.a(Sour
01-01 22:30:41.787  1003  1016 D Error   : ERR: TOTAL BYTES WRITTEN: 20632
01-01 22:30:41.787  1003  1016 D StrictMode: Wrote violation #0 of 1: 20676 bytes
01-01 22:30:41.788  1003  1016 D Error   : ERR: exClass=android.os.StrictMode$StrictModeDiskReadViolation
01-01 22:30:41.788  1003  1016 D Error   : ERR: exMsg=policy=6815751 violation=2
01-01 22:30:41.788  1003  1016 D Error   : ERR: file=StrictMode.java
01-01 22:30:41.788  1003  1016 D Error   : ERR: class=android.os.StrictMode$AndroidBlockGuardPolicy
01-01 22:30:41.788  1003  1016 D Error   : ERR: method=onReadFromDisk line=1263
01-01 22:30:41.788  1003  1016 D Error   : ERR: stack=android.os.StrictMode$StrictModeDiskReadViolation: policy=6815751 violation=2
01-01 22:30:41.788  1003  1016 D Error   : 	at android.os.StrictMode$AndroidBlockGuardPolicy.onReadFromDisk(StrictMode.java:1263)
01-01 22:30:41.788  1003  1016 D Error   : 	at android.app.SharedPreferencesImpl.awaitLoadedLocked(SharedPreferencesImpl.java:203)
01-01 22:30:41.788  1003  1016 D Error   : 	at android.app.SharedPreferencesImpl.getString(SharedPreferencesImpl.java:224)
01-01 22:30:41.788  1003  1016 D Error   : 	at rah.a(SourceFile:60)
01-01 22:30:41.788  1003  1016 D Error   : 	at rai.a(SourceFile:2052)
01-01 22:30:41.788  1003  1016 D Error   : 	at rap.c(SourceFile:205)
01-01 22:30:41.788  1003  1016 D Error   : 	at qzo.onTransact(SourceFile:150)
01-01 22:30:41.788  1003  1016 D Error   : 	at android.os.Binder.execTransact(Binder.java:453)
01-01 22:30:41.788  1003  1016 D Error   : # via Binder call with stack:
01-01 22:30:41.788  1003  1016 D Error   : android.os.StrictMode$LogStackTrace
01-01 22:30:41.788  1003  1016 D Error   : 	at android.os.StrictMode.readAndHandleBinderCallViolations(StrictMode.java:1911)
01-01 22:30:41.788  1003  1016 D Error   : 	at android.os.Parcel.readExceptionCode(Parcel.java:1601)
01-01 22:30:41.788  1003  1016 D Error   : 	at android.os.Parcel.readException(Parcel.java:1570)
01-01 22:30:41.788  1003  1016 D Error   : 	at joh.c(SourceFile:111)
01-01 22:30:41.788  1003  1016 D Error   : 	at ihg.equals(SourceFile:78)
01-01 22:30:41.788  1003  1016 D Error   : 	at izd.b(SourceFile:245)
01-01 22:30:41.788  1003  1016 D Error   : 	at izd.a(SourceFile:152)
01-01 22:30:41.788  1003  1016 D Error   : 	at izd.b(SourceFile:137)
01-01 22:30:41.788  1003  1016 D Error   : 	at izd.b(SourceFile:99)
01-01 22:30:41.788  1003  1016 D Error   : 	at aefd.c(SourceFile:571)
01-01 22:30:41.788  1003  1016 D Error   : 	at aefd.a(SourceFile:181)
01-01 22:30:41.788  1003  1016 D Error   : 	at aefe.b(SourceFile:93)
01-01 22:30:41.788  1003  1016 D Error   : 	at qmd.a(SourceFile:74)
01-01 22:30:41.788  1003  1016 D Error   : 	at qjf.a(SourceFile:1278)
01-01 22:30:41.788  1003  1016 D Error   : 	at rah.b(SourceFile:104)
01-01 22:30:41.788  1003  1016 D Error   : 	at rah.a(SourceFile:72)
01-01 22:30:41.788  1003  1016 D Error   : 	at rai.a(SourceFile:2052)
01-01 22:30:41.788  1003  1016 D Error   : 	at rap.c(SourceFile:205)
01-01 22:30:41.788  1003  1016 D Error   : 	at qzo.onTransact(SourceFile:150)
01-01 22:30:41.788  1003  1016 D Error   : 	at android.os.Binder.execTransact(Binder.java:453)
01-01 22:30:41.788  1003  1016 D Error   : # via Binder call with stack:
01-01 22:30:41.788  1003  1016 D Error   : android.os.StrictMode$LogStackTrace
01-01 22:30:41.788  1003  1016 D Error   : 	at android.os.StrictMode.readAndHandleBinderCallViolations(StrictMode.java:1911)
01-01 22:30:41.788  1003  1016 D Error   : 	at android.os.Parcel.readExceptionCode(Parcel.java:1601)
01-01 22:30:41.788  1003  1016 D Error   : 	at android.os.Parcel.readException(Parcel.java:1570)
01-01 22:30:41.788  1003  1016 D Error   : 	at joh.c(SourceFile:111)
01-01 22:30:41.788  1003  1016 D Error   : 	at ihg.equals(SourceFile:78)
01-01 22:30:41.788  1003  1016 D Error   : 	at izd.b(SourceFile:245)
01-01 22:30:41.788  1003  1016 D Error   : 	at izd.a(SourceFile:152)
01-01 22:30:41.788  1003  1016 D Error   : 	at izd.b(SourceFile:137)
01-01 22:30:41.788  1003  1016 D Error   : 	at izd.b(SourceFile:99)
01-01 22:30:41.788  1003  1016 D Error   : 	at aefd.c(SourceFile:571)
01-01 22:30:41.788  1003  1016 D Error   : 	at aefd.a(SourceFile:181)
01-01 22:30:41.788  1003  1016 D Error   : 	at aefe.b(SourceFile:93)
01-01 22:30:41.788  1003  1016 D Error   : 	at qmd.a(SourceFile:74)
01-01 22:30:41.788  1003  1016 D Error   : 	at qjf.a(SourceFile:1278)
01-01 22:30:41.788  1003  1016 D Error   : 	at rah.b(SourceFile:104)
01-01 22:30:41.788  1003  1016 D Error   : 	at rah.a(SourceFile:72)
01-01 22:30:41.788  1003  1016 D Error   : 	at rai.a(SourceFile:2052)
01-01 22:30:41.788  1003  1016 D Error   : 	at rap.c(SourceFile:205)
01-01 22:30:41.788  1003  1016 D Error   : 	at qzo.onTransact(SourceFile:150)
01-01 22:30:41.788  1003  1016 D Error   : 	at android.os.Binder.execTransact(Binder.java:453)
01-01 22:30:41.788  1003  1016 D Error   : # via Binder call with stack:
01-01 22:30:41.788  1003  1016 D Error   : android.os.StrictMode$LogStackTrace
01-01 22:30:41.788  1003  1016 D Error   : 	at android.os.StrictMode.readAndHandleBinderCallViolations(StrictMode.java:1911)
01-01 22:30:41.788  1003  1016 D Error   : 	at android.os.Parcel.readExceptionCode(Parcel.java:1601)
01-01 22:30:41.788  1003  1016 D Error   : 	at android.os.Parcel.readException(Parcel.java:1570)
01-01 22:30:41.788  1003  1016 D Error   : 	at joh.c(SourceFile:111)
01-01 22:30:41.788  1003  1016 D Error   : 	at ihg.equals(SourceFile:78)
01-01 22:30:41.788  1003  1016 D Error   : 	at izd.b(SourceFile:245)
01-01 22:30:41.788  1003  1016 D Error   : 	at izd.a(SourceFile:152)
01-01 22:30:41.788  1003  1016 D Error   : 	at izd.b(SourceFile:137)
01-01 22:30:41.788  1003  1016 D Error   : 	at izd.b(SourceFile:99)
01-01 22:30:41.788  1003  1016 D Error   : 	at aefd.c(SourceFile:571)
01-01 22:30:41.788  1003  1016 D Error   : 	at aefd.a(SourceFile:181)
01-01 22:30:41.788  1003  1016 D Error   : 	at aefe.b(SourceFile:93)
01-01 22:30:41.788  1003  1016 D Error   : 	at qmd.a(SourceFile:74)
01-01 22:30:41.788  1003  1016 D Error   : 	at qjf.a(SourceFile:1278)
01-01 22:30:41.788  1003  1016 D Error   : 	at rah.b(SourceFile:104)
01-01 22:30:41.788  1003  1016 D Error   : 	at rah.a(SourceFile:72)
