06-01 16:50:58.442 6386-6386/? I/art: Late-enabling -Xcheck:jni
06-01 16:50:58.474 6386-6386/? W/System: ClassLoader referenced unknown path: /data/app/com.robotemi.sdk.sample-1/lib/arm
06-01 16:50:58.485 6386-6386/? D/TemiSdkServiceConnection: startConnection(Context)
06-01 16:50:58.485 6386-6386/? D/TemiSdkServiceConnection: getSdkServiceIntent()
06-01 16:50:58.489 6386-6386/? D/TemiSdkServiceConnection: bindServiceUsa=true
06-01 16:50:58.520 6386-6386/com.robotemi.sdk.sample W/art: Before Android 4.1, method android.graphics.PorterDuffColorFilter androidx.vectordrawable.graphics.drawable.VectorDrawableCompat.updateTintFilter(android.graphics.PorterDuffColorFilter, android.content.res.ColorStateList, android.graphics.PorterDuff$Mode) would have incorrectly overridden the package-private method in android.graphics.drawable.Drawable
06-01 16:50:58.543 6386-6386/com.robotemi.sdk.sample I/art: Rejecting re-init on previously-failed class java.lang.Class<androidx.core.view.ViewCompat$2>
06-01 16:50:58.543 6386-6386/com.robotemi.sdk.sample I/art: Rejecting re-init on previously-failed class java.lang.Class<androidx.core.view.ViewCompat$2>
06-01 16:50:58.608 6386-6399/com.robotemi.sdk.sample D/OpenGLRenderer: Use EGL_SWAP_BEHAVIOR_PRESERVED: true
06-01 16:50:58.620 6386-6386/com.robotemi.sdk.sample D/TemiSdkServiceConnection: onServiceConnected(ComponentName, IBinder) (name=ComponentInfo{com.roboteam.teamy.usa/com.roboteam.teamy.sdk.SdkService}, service=android.os.BinderProxy@8b37b74, thread=main)
06-01 16:50:58.675 6386-6399/com.robotemi.sdk.sample I/mali_so: [File] : hardware/arm/maliT760/driver/product/base/src/mali_base_kbase.c; [Line] : 928; [Func] : base_context_deal_with_version_affairs_rk_ext;
    arm_release_ver of this mali_so is 'r12p0-04rel0', rk_so_ver is '12@0', built at '17:00:15', on 'Aug 16 2016'.
06-01 16:50:58.675 6386-6399/com.robotemi.sdk.sample I/mali_so: [File] : hardware/arm/maliT760/driver/product/base/src/mali_base_kbase.c; [Line] : 955; [Func] : base_context_deal_with_version_affairs_rk_ext;
    mali_ver_property has been set to 'r12p0-04rel0-13-12@0', to return.
06-01 16:50:58.676 6386-6399/com.robotemi.sdk.sample I/OpenGLRenderer: Initialized EGL, version 1.4
06-01 16:50:58.683 6386-6399/com.robotemi.sdk.sample D/Surface: Surface::final mReqUsage=a00
06-01 16:50:58.683 6386-6399/com.robotemi.sdk.sample D/mali_winsys: EGLint new_window_surface(egl_winsys_display*, void*, EGLSurface, EGLConfig, egl_winsys_surface**, egl_color_buffer_format*, EGLBoolean) returns 0x3000
06-01 16:51:09.206 6386-6386/com.robotemi.sdk.sample D/GoToStatusChanged: descriptionId=500, description=Unknown
06-01 16:51:13.583 6386-6386/com.robotemi.sdk.sample D/onDetectionStateChanged: state = 2
06-01 16:51:13.657 6386-6386/com.robotemi.sdk.sample D/onConstraintBeWith: status = true
06-01 16:51:14.327 6386-6386/com.robotemi.sdk.sample I/System.out: FLINTEMI: InitialisationSequence Constructor
06-01 16:51:14.331 6386-6386/com.robotemi.sdk.sample I/System.out: FLINTEMI Locations=[home base, a, b, c]
06-01 16:51:14.331 6386-6386/com.robotemi.sdk.sample I/System.out: End constructor
06-01 16:51:14.331 6386-6386/com.robotemi.sdk.sample I/System.out: FLINTEMI: Create Initialisation Routine
06-01 16:51:14.332 6386-6386/com.robotemi.sdk.sample I/System.out: FLINTEMI: Started
06-01 16:51:14.332 6386-6386/com.robotemi.sdk.sample I/System.out: FLINTEMI: Construct ttsListener
06-01 16:51:14.332 6386-6386/com.robotemi.sdk.sample I/System.out: FLINTEMI: Add new Listener
06-01 16:51:14.332 6386-6386/com.robotemi.sdk.sample I/System.out: FLINTEMI: Added new Listener
06-01 16:51:14.332 6386-6426/com.robotemi.sdk.sample I/System.out: FLINTEMI: Run
06-01 16:51:14.332 6386-6426/com.robotemi.sdk.sample I/System.out: FLINTEMI: Do action at index=0
06-01 16:51:14.333 6386-6426/com.robotemi.sdk.sample I/System.out: FLINTEMI: speak line at speechIndex=0
06-01 16:51:14.335 6386-6426/com.robotemi.sdk.sample I/System.out: FLINTEMI: speechIndex++
06-01 16:51:14.335 6386-6426/com.robotemi.sdk.sample I/System.out: FLINTEMI: speechIndex=1
06-01 16:51:14.335 6386-6426/com.robotemi.sdk.sample I/System.out: FLINTEMI: Finished action at index=0
06-01 16:51:14.335 6386-6426/com.robotemi.sdk.sample I/System.out: FLINTEMI: synchronise routine
06-01 16:51:14.335 6386-6426/com.robotemi.sdk.sample I/System.out: FLINTEMI: try state machine wait
06-01 16:51:14.340 6386-6386/com.robotemi.sdk.sample I/System.out: FLINTEMI: TtsRequest.getStatus()=PROCESSING:Starting custom routine. Beep boop.
06-01 16:51:14.581 6386-6386/com.robotemi.sdk.sample I/System.out: FLINTEMI: TtsRequest.getStatus()=STARTED:Starting custom routine. Beep boop.
06-01 16:51:17.525 6386-6386/com.robotemi.sdk.sample I/System.out: FLINTEMI: TtsRequest.getStatus()=COMPLETED:Starting custom routine. Beep boop.
06-01 16:51:17.525 6386-6386/com.robotemi.sdk.sample I/System.out: FLINTEMI: ttsReqeustStatus=COMPLETED,notify
06-01 16:51:17.526 6386-6426/com.robotemi.sdk.sample I/System.out: FLINTEMI: Do action at index=0
06-01 16:51:17.526 6386-6426/com.robotemi.sdk.sample I/System.out: FLINTEMI: speak line at speechIndex=1
06-01 16:51:17.527 6386-6426/com.robotemi.sdk.sample I/System.out: FLINTEMI: speechIndex++
06-01 16:51:17.527 6386-6426/com.robotemi.sdk.sample I/System.out: FLINTEMI: speechIndex=2
06-01 16:51:17.527 6386-6426/com.robotemi.sdk.sample I/System.out: FLINTEMI: completeSpeechSub set to true
06-01 16:51:17.527 6386-6426/com.robotemi.sdk.sample I/System.out: FLINTEMI: Finished action at index=1
06-01 16:51:17.527 6386-6426/com.robotemi.sdk.sample I/System.out: FLINTEMI: synchronise routine
06-01 16:51:17.527 6386-6426/com.robotemi.sdk.sample I/System.out: FLINTEMI: try state machine wait
06-01 16:51:17.543 6386-6386/com.robotemi.sdk.sample I/System.out: FLINTEMI: TtsRequest.getStatus()=PROCESSING:I will start my patrol.
06-01 16:51:18.031 6386-6386/com.robotemi.sdk.sample I/System.out: FLINTEMI: TtsRequest.getStatus()=STARTED:I will start my patrol.
06-01 16:51:19.965 6386-6386/com.robotemi.sdk.sample I/System.out: FLINTEMI: TtsRequest.getStatus()=COMPLETED:I will start my patrol.
06-01 16:51:19.965 6386-6386/com.robotemi.sdk.sample I/System.out: FLINTEMI: ttsReqeustStatus=COMPLETED,notify
06-01 16:51:19.966 6386-6386/com.robotemi.sdk.sample I/System.out: FLINTEMI: ttsReqeustStatus=COMPLETED,stateMachine.isCompleteSub=true,notify
06-01 16:51:19.966 6386-6386/com.robotemi.sdk.sample I/System.out: FLINTEMI: addOnGoToLocationStatusChangedListener
06-01 16:51:19.966 6386-6386/com.robotemi.sdk.sample I/System.out: FLINTEMI: Construct patrolLocationListener
06-01 16:51:19.966 6386-6386/com.robotemi.sdk.sample I/System.out: FLINTEMI: ttsListenerRemoved
06-01 16:51:19.967 6386-6426/com.robotemi.sdk.sample I/System.out: FLINTEMI: Do action at index=1
06-01 16:51:19.967 6386-6426/com.robotemi.sdk.sample I/System.out: FLINTEMI: going to location=1, name=a
06-01 16:51:19.967 6386-6426/com.robotemi.sdk.sample I/System.out: FLINTEMI: Increment locationIndex to locationIndex=2
06-01 16:51:19.967 6386-6426/com.robotemi.sdk.sample I/System.out: FLINTEMI: Finished action at index=1
06-01 16:51:19.967 6386-6426/com.robotemi.sdk.sample I/System.out: FLINTEMI: synchronise routine
06-01 16:51:19.967 6386-6426/com.robotemi.sdk.sample I/System.out: FLINTEMI: try state machine wait
06-01 16:51:20.036 6386-6386/com.robotemi.sdk.sample D/onConstraintBeWith: status = false
06-01 16:51:20.061 6386-6386/com.robotemi.sdk.sample D/GoToStatusChanged: descriptionId=0, description=Unknown
06-01 16:51:20.061 6386-6386/com.robotemi.sdk.sample I/System.out: FLINTEMI: onGoToLocationStatusChanged:location=a,status=start,description=Unknown
06-01 16:51:21.056 6386-6386/com.robotemi.sdk.sample D/GoToStatusChanged: descriptionId=1032, description=Calculating
06-01 16:51:21.056 6386-6386/com.robotemi.sdk.sample I/System.out: FLINTEMI: onGoToLocationStatusChanged:location=,status=calculating,description=Calculating
06-01 16:51:22.520 6386-6386/com.robotemi.sdk.sample D/GoToStatusChanged: descriptionId=10007, description=Unknown
06-01 16:51:22.520 6386-6386/com.robotemi.sdk.sample I/System.out: FLINTEMI: onGoToLocationStatusChanged:location=a,status=going,description=Unknown
06-01 16:51:33.188 6386-6386/com.robotemi.sdk.sample D/GoToStatusChanged: descriptionId=500, description=Unknown
06-01 16:51:33.188 6386-6386/com.robotemi.sdk.sample I/System.out: FLINTEMI: onGoToLocationStatusChanged:location=a,status=complete,description=Unknown
06-01 16:51:33.188 6386-6386/com.robotemi.sdk.sample I/System.out: FLINTEMI: OnGoToLocationStatusChanged=COMPLETED,notify
06-01 16:51:33.188 6386-6426/com.robotemi.sdk.sample I/System.out: FLINTEMI: Do action at index=1
06-01 16:51:33.188 6386-6426/com.robotemi.sdk.sample I/System.out: FLINTEMI: going to location=2, name=b
06-01 16:51:33.189 6386-6426/com.robotemi.sdk.sample I/System.out: FLINTEMI: Increment locationIndex to locationIndex=3
06-01 16:51:33.189 6386-6426/com.robotemi.sdk.sample I/System.out: FLINTEMI: Finished action at index=1
06-01 16:51:33.189 6386-6426/com.robotemi.sdk.sample I/System.out: FLINTEMI: synchronise routine
06-01 16:51:33.189 6386-6426/com.robotemi.sdk.sample I/System.out: FLINTEMI: try state machine wait
06-01 16:51:33.286 6386-6386/com.robotemi.sdk.sample D/GoToStatusChanged: descriptionId=0, description=Unknown
06-01 16:51:33.286 6386-6386/com.robotemi.sdk.sample I/System.out: FLINTEMI: onGoToLocationStatusChanged:location=b,status=start,description=Unknown
06-01 16:51:35.041 6386-6386/com.robotemi.sdk.sample D/GoToStatusChanged: descriptionId=10007, description=Unknown
06-01 16:51:35.041 6386-6386/com.robotemi.sdk.sample I/System.out: FLINTEMI: onGoToLocationStatusChanged:location=b,status=going,description=Unknown
06-01 16:51:43.717 6386-6386/com.robotemi.sdk.sample D/GoToStatusChanged: descriptionId=500, description=Unknown
06-01 16:51:43.717 6386-6386/com.robotemi.sdk.sample I/System.out: FLINTEMI: onGoToLocationStatusChanged:location=b,status=complete,description=Unknown
06-01 16:51:43.717 6386-6386/com.robotemi.sdk.sample I/System.out: FLINTEMI: OnGoToLocationStatusChanged=COMPLETED,notify
06-01 16:51:43.718 6386-6426/com.robotemi.sdk.sample I/System.out: FLINTEMI: Do action at index=1
06-01 16:51:43.718 6386-6426/com.robotemi.sdk.sample I/System.out: FLINTEMI: going to location=3, name=c
06-01 16:51:43.718 6386-6426/com.robotemi.sdk.sample I/System.out: FLINTEMI: Reset the location index to 1
06-01 16:51:43.718 6386-6426/com.robotemi.sdk.sample I/System.out: FLINTEMI: Loops complete=1
06-01 16:51:43.718 6386-6426/com.robotemi.sdk.sample I/System.out: FLINTEMI: Finished action at index=1
06-01 16:51:43.718 6386-6426/com.robotemi.sdk.sample I/System.out: FLINTEMI: synchronise routine
06-01 16:51:43.718 6386-6426/com.robotemi.sdk.sample I/System.out: FLINTEMI: try state machine wait
06-01 16:51:43.777 6386-6386/com.robotemi.sdk.sample D/GoToStatusChanged: descriptionId=0, description=Unknown
06-01 16:51:43.777 6386-6386/com.robotemi.sdk.sample I/System.out: FLINTEMI: onGoToLocationStatusChanged:location=c,status=start,description=Unknown
06-01 16:51:44.805 6386-6386/com.robotemi.sdk.sample D/GoToStatusChanged: descriptionId=1060, description=Path Plan
06-01 16:51:44.806 6386-6386/com.robotemi.sdk.sample I/System.out: FLINTEMI: onGoToLocationStatusChanged:location=,status=calculating,description=Path Plan
06-01 16:51:46.303 6386-6386/com.robotemi.sdk.sample D/GoToStatusChanged: descriptionId=10007, description=Unknown
06-01 16:51:46.303 6386-6386/com.robotemi.sdk.sample I/System.out: FLINTEMI: onGoToLocationStatusChanged:location=c,status=going,description=Unknown
