05-25 15:22:20.898 3998-3998/? I/art: Late-enabling -Xcheck:jni
05-25 15:22:20.937 3998-3998/? W/System: ClassLoader referenced unknown path: /data/app/com.robotemi.sdk.sample-2/lib/arm
05-25 15:22:20.938 3998-4004/? E/art: Failed sending reply to debugger: Broken pipe
05-25 15:22:20.938 3998-4004/? I/art: Debugger is no longer active
05-25 15:22:20.943 3998-3998/? D/TemiSdkServiceConnection: startConnection(Context)
05-25 15:22:20.943 3998-3998/? D/TemiSdkServiceConnection: getSdkServiceIntent()
05-25 15:22:20.945 3998-3998/? D/TemiSdkServiceConnection: bindServiceUsa=true
05-25 15:22:20.976 3998-3998/? W/art: Before Android 4.1, method android.graphics.PorterDuffColorFilter androidx.vectordrawable.graphics.drawable.VectorDrawableCompat.updateTintFilter(android.graphics.PorterDuffColorFilter, android.content.res.ColorStateList, android.graphics.PorterDuff$Mode) would have incorrectly overridden the package-private method in android.graphics.drawable.Drawable
05-25 15:22:21.004 3998-3998/? I/art: Rejecting re-init on previously-failed class java.lang.Class<androidx.core.view.ViewCompat$2>
05-25 15:22:21.004 3998-3998/? I/art: Rejecting re-init on previously-failed class java.lang.Class<androidx.core.view.ViewCompat$2>
05-25 15:22:21.081 3998-4011/? D/OpenGLRenderer: Use EGL_SWAP_BEHAVIOR_PRESERVED: true
05-25 15:22:21.097 3998-3998/? D/TemiSdkServiceConnection: onServiceConnected(ComponentName, IBinder) (name=ComponentInfo{com.roboteam.teamy.usa/com.roboteam.teamy.sdk.SdkService}, service=android.os.BinderProxy@af0f89d, thread=main)
05-25 15:22:21.159 3998-4011/? I/mali_so: [File] : hardware/arm/maliT760/driver/product/base/src/mali_base_kbase.c; [Line] : 928; [Func] : base_context_deal_with_version_affairs_rk_ext;
    arm_release_ver of this mali_so is 'r12p0-04rel0', rk_so_ver is '12@0', built at '17:00:15', on 'Aug 16 2016'.
05-25 15:22:21.159 3998-4011/? I/mali_so: [File] : hardware/arm/maliT760/driver/product/base/src/mali_base_kbase.c; [Line] : 955; [Func] : base_context_deal_with_version_affairs_rk_ext;
    mali_ver_property has been set to 'r12p0-04rel0-13-12@0', to return.
05-25 15:22:21.167 3998-4011/? I/OpenGLRenderer: Initialized EGL, version 1.4
05-25 15:22:21.173 3998-4011/? D/Surface: Surface::final mReqUsage=a00
05-25 15:22:21.174 3998-4011/? D/mali_winsys: EGLint new_window_surface(egl_winsys_display*, void*, EGLSurface, EGLConfig, egl_winsys_surface**, egl_color_buffer_format*, EGLBoolean) returns 0x3000
05-25 15:22:26.166 3998-3998/com.robotemi.sdk.sample I/System.out: FLINTEMI: InitialisationSequence Constructor
05-25 15:22:26.171 3998-3998/com.robotemi.sdk.sample I/System.out: FLINTEMI Locations=[home base, a, b]
05-25 15:22:26.171 3998-3998/com.robotemi.sdk.sample I/System.out: End constructor
05-25 15:22:26.171 3998-3998/com.robotemi.sdk.sample I/System.out: FLINTEMI: Create Initialisation Routine
05-25 15:22:26.172 3998-3998/com.robotemi.sdk.sample I/System.out: FLINTEMI: Started
05-25 15:22:26.173 3998-3998/com.robotemi.sdk.sample I/System.out: FLINTEMI: Construct ttsListener
05-25 15:22:26.173 3998-3998/com.robotemi.sdk.sample I/System.out: FLINTEMI: Add new Listener
05-25 15:22:26.173 3998-3998/com.robotemi.sdk.sample I/System.out: FLINTEMI: Added new Listener
05-25 15:22:26.173 3998-4039/com.robotemi.sdk.sample I/System.out: FLINTEMI: Run
05-25 15:22:26.173 3998-4039/com.robotemi.sdk.sample I/System.out: FLINTEMI: Do action at index=0
05-25 15:22:26.173 3998-4039/com.robotemi.sdk.sample I/System.out: FLINTEMI: speak line at speechIndex=0
05-25 15:22:26.179 3998-4039/com.robotemi.sdk.sample I/System.out: FLINTEMI: speechIndex++
05-25 15:22:26.179 3998-4039/com.robotemi.sdk.sample I/System.out: FLINTEMI: speechIndex=1
05-25 15:22:26.179 3998-4039/com.robotemi.sdk.sample I/System.out: FLINTEMI: Finished action at index=0
05-25 15:22:26.180 3998-4039/com.robotemi.sdk.sample I/System.out: FLINTEMI: synchronise routine
05-25 15:22:26.180 3998-4039/com.robotemi.sdk.sample I/System.out: FLINTEMI: try state machine wait
05-25 15:22:26.187 3998-3998/com.robotemi.sdk.sample I/System.out: FLINTEMI: TtsRequest.getStatus()=PROCESSING:Starting custom routine. Beep boop.
05-25 15:22:26.736 3998-3998/com.robotemi.sdk.sample I/System.out: FLINTEMI: TtsRequest.getStatus()=STARTED:Starting custom routine. Beep boop.
05-25 15:22:29.640 3998-3998/com.robotemi.sdk.sample I/System.out: FLINTEMI: TtsRequest.getStatus()=COMPLETED:Starting custom routine. Beep boop.
05-25 15:22:29.640 3998-3998/com.robotemi.sdk.sample I/System.out: FLINTEMI: ttsReqeustStatus=COMPLETED,notify
05-25 15:22:29.641 3998-4039/com.robotemi.sdk.sample I/System.out: FLINTEMI: Do action at index=0
05-25 15:22:29.641 3998-4039/com.robotemi.sdk.sample I/System.out: FLINTEMI: speak line at speechIndex=1
05-25 15:22:29.652 3998-4039/com.robotemi.sdk.sample I/System.out: FLINTEMI: speechIndex++
05-25 15:22:29.652 3998-4039/com.robotemi.sdk.sample I/System.out: FLINTEMI: speechIndex=2
05-25 15:22:29.652 3998-4039/com.robotemi.sdk.sample I/System.out: FLINTEMI: completeSpeechSub set to true
05-25 15:22:29.652 3998-4039/com.robotemi.sdk.sample I/System.out: FLINTEMI: Finished action at index=1
05-25 15:22:29.652 3998-4039/com.robotemi.sdk.sample I/System.out: FLINTEMI: synchronise routine
05-25 15:22:29.652 3998-4039/com.robotemi.sdk.sample I/System.out: FLINTEMI: try state machine wait
05-25 15:22:29.659 3998-3998/com.robotemi.sdk.sample I/System.out: FLINTEMI: TtsRequest.getStatus()=PROCESSING:I will start my patrol.
05-25 15:22:30.401 3998-3998/com.robotemi.sdk.sample I/System.out: FLINTEMI: TtsRequest.getStatus()=STARTED:I will start my patrol.
05-25 15:22:32.335 3998-3998/com.robotemi.sdk.sample I/System.out: FLINTEMI: TtsRequest.getStatus()=COMPLETED:I will start my patrol.
05-25 15:22:32.335 3998-3998/com.robotemi.sdk.sample I/System.out: FLINTEMI: ttsReqeustStatus=COMPLETED,notify
05-25 15:22:32.335 3998-3998/com.robotemi.sdk.sample I/System.out: FLINTEMI: ttsReqeustStatus=COMPLETED,stateMachine.isCompleteSub=true,notify
05-25 15:22:32.335 3998-3998/com.robotemi.sdk.sample I/System.out: FLINTEMI: addOnGoToLocationStatusChangedListener
05-25 15:22:32.335 3998-3998/com.robotemi.sdk.sample I/System.out: FLINTEMI: Construct patrolLocationListener
05-25 15:22:32.335 3998-3998/com.robotemi.sdk.sample I/System.out: FLINTEMI: ttsListenerRemoved
05-25 15:22:32.336 3998-4039/com.robotemi.sdk.sample I/System.out: FLINTEMI: Do action at index=1
05-25 15:22:32.336 3998-4039/com.robotemi.sdk.sample I/System.out: FLINTEMI: going to location=1, name=a
05-25 15:22:32.336 3998-4039/com.robotemi.sdk.sample I/System.out: FLINTEMI: Finished action at index=1
05-25 15:22:32.336 3998-4039/com.robotemi.sdk.sample I/System.out: FLINTEMI: synchronise routine
05-25 15:22:32.336 3998-4039/com.robotemi.sdk.sample I/System.out: FLINTEMI: try state machine wait
05-25 15:22:32.378 3998-3998/com.robotemi.sdk.sample D/onConstraintBeWith: status = false
05-25 15:22:32.417 3998-3998/com.robotemi.sdk.sample D/GoToStatusChanged: descriptionId=0, description=Unknown
05-25 15:22:32.420 3998-3998/com.robotemi.sdk.sample I/System.out: FLINTEMI: onGoToLocationStatusChanged:location=a,status=start,description=Unknown
05-25 15:22:34.282 3998-3998/com.robotemi.sdk.sample D/GoToStatusChanged: descriptionId=10007, description=Unknown
05-25 15:22:34.286 3998-3998/com.robotemi.sdk.sample I/System.out: FLINTEMI: onGoToLocationStatusChanged:location=a,status=going,description=Unknown
05-25 15:22:51.073 3998-3998/com.robotemi.sdk.sample D/GoToStatusChanged: descriptionId=500, description=Unknown
05-25 15:22:51.074 3998-3998/com.robotemi.sdk.sample I/System.out: FLINTEMI: onGoToLocationStatusChanged:location=a,status=complete,description=Unknown
05-25 15:22:51.075 3998-3998/com.robotemi.sdk.sample I/System.out: FLINTEMI: OnGoToLocationStatusChanged=COMPLETED,notify
05-25 15:22:51.075 3998-4039/com.robotemi.sdk.sample I/System.out: FLINTEMI: Do action at index=1
05-25 15:22:51.075 3998-4039/com.robotemi.sdk.sample I/System.out: FLINTEMI: going to location=2, name=b
05-25 15:22:51.075 3998-4039/com.robotemi.sdk.sample I/System.out: FLINTEMI: Finished action at index=1
05-25 15:22:51.075 3998-4039/com.robotemi.sdk.sample I/System.out: FLINTEMI: synchronise routine
05-25 15:22:51.075 3998-4039/com.robotemi.sdk.sample I/System.out: FLINTEMI: try state machine wait
05-25 15:22:51.168 3998-3998/com.robotemi.sdk.sample D/GoToStatusChanged: descriptionId=0, description=Unknown
05-25 15:22:51.172 3998-3998/com.robotemi.sdk.sample I/System.out: FLINTEMI: onGoToLocationStatusChanged:location=b,status=start,description=Unknown
05-25 15:22:52.164 3998-3998/com.robotemi.sdk.sample D/GoToStatusChanged: descriptionId=1060, description=Path Plan
05-25 15:22:52.165 3998-3998/com.robotemi.sdk.sample I/System.out: FLINTEMI: onGoToLocationStatusChanged:location=,status=calculating,description=Path Plan
05-25 15:22:53.548 3998-3998/com.robotemi.sdk.sample D/GoToStatusChanged: descriptionId=10007, description=Unknown
05-25 15:22:53.550 3998-3998/com.robotemi.sdk.sample I/System.out: FLINTEMI: onGoToLocationStatusChanged:location=b,status=going,description=Unknown
05-25 15:23:01.160 3998-3998/com.robotemi.sdk.sample D/GoToStatusChanged: descriptionId=500, description=Unknown
05-25 15:23:01.171 3998-3998/com.robotemi.sdk.sample I/System.out: FLINTEMI: onGoToLocationStatusChanged:location=b,status=complete,description=Unknown
05-25 15:23:01.171 3998-3998/com.robotemi.sdk.sample I/System.out: FLINTEMI: OnGoToLocationStatusChanged=COMPLETED,notify
05-25 15:23:01.171 3998-4039/com.robotemi.sdk.sample I/System.out: FLINTEMI: Do action at index=1
05-25 15:23:01.171 3998-4039/com.robotemi.sdk.sample I/System.out: FLINTEMI: going to location=1, name=a
05-25 15:23:01.172 3998-4039/com.robotemi.sdk.sample I/System.out: FLINTEMI: Finished action at index=1
05-25 15:23:01.172 3998-4039/com.robotemi.sdk.sample I/System.out: FLINTEMI: synchronise routine
05-25 15:23:01.172 3998-4039/com.robotemi.sdk.sample I/System.out: FLINTEMI: try state machine wait
05-25 15:23:01.234 3998-3998/com.robotemi.sdk.sample D/GoToStatusChanged: descriptionId=0, description=Unknown
05-25 15:23:01.235 3998-3998/com.robotemi.sdk.sample I/System.out: FLINTEMI: onGoToLocationStatusChanged:location=a,status=start,description=Unknown
05-25 15:23:02.262 3998-3998/com.robotemi.sdk.sample D/GoToStatusChanged: descriptionId=1060, description=Path Plan
05-25 15:23:02.264 3998-3998/com.robotemi.sdk.sample I/System.out: FLINTEMI: onGoToLocationStatusChanged:location=,status=calculating,description=Path Plan
05-25 15:23:03.814 3998-3998/com.robotemi.sdk.sample D/GoToStatusChanged: descriptionId=10007, description=Unknown
05-25 15:23:03.818 3998-3998/com.robotemi.sdk.sample I/System.out: FLINTEMI: onGoToLocationStatusChanged:location=a,status=going,description=Unknown
05-25 15:23:15.069 3998-3998/com.robotemi.sdk.sample D/GoToStatusChanged: descriptionId=500, description=Unknown
05-25 15:23:15.072 3998-3998/com.robotemi.sdk.sample I/System.out: FLINTEMI: onGoToLocationStatusChanged:location=a,status=complete,description=Unknown
05-25 15:23:15.072 3998-3998/com.robotemi.sdk.sample I/System.out: FLINTEMI: OnGoToLocationStatusChanged=COMPLETED,notify
05-25 15:23:15.072 3998-4039/com.robotemi.sdk.sample I/System.out: FLINTEMI: Do action at index=1
05-25 15:23:15.072 3998-4039/com.robotemi.sdk.sample I/System.out: FLINTEMI: going to location=2, name=b
05-25 15:23:15.072 3998-4039/com.robotemi.sdk.sample I/System.out: FLINTEMI: Finished action at index=3
05-25 15:23:15.072 3998-4039/com.robotemi.sdk.sample I/System.out: FLINTEMI: synchronise routine
05-25 15:23:15.072 3998-4039/com.robotemi.sdk.sample I/System.out: FLINTEMI: try state machine wait
05-25 15:23:15.141 3998-3998/com.robotemi.sdk.sample D/GoToStatusChanged: descriptionId=0, description=Unknown
05-25 15:23:15.142 3998-3998/com.robotemi.sdk.sample I/System.out: FLINTEMI: onGoToLocationStatusChanged:location=b,status=start,description=Unknown
05-25 15:23:16.171 3998-3998/com.robotemi.sdk.sample D/GoToStatusChanged: descriptionId=1060, description=Path Plan
05-25 15:23:16.177 3998-3998/com.robotemi.sdk.sample I/System.out: FLINTEMI: onGoToLocationStatusChanged:location=,status=calculating,description=Path Plan
05-25 15:23:17.508 3998-3998/com.robotemi.sdk.sample D/GoToStatusChanged: descriptionId=10007, description=Unknown
05-25 15:23:17.510 3998-3998/com.robotemi.sdk.sample I/System.out: FLINTEMI: onGoToLocationStatusChanged:location=b,status=going,description=Unknown
05-25 15:23:25.737 3998-3998/com.robotemi.sdk.sample D/GoToStatusChanged: descriptionId=500, description=Unknown
05-25 15:23:25.738 3998-3998/com.robotemi.sdk.sample I/System.out: FLINTEMI: onGoToLocationStatusChanged:location=b,status=complete,description=Unknown
05-25 15:23:25.738 3998-3998/com.robotemi.sdk.sample I/System.out: FLINTEMI: OnGoToLocationStatusChanged=COMPLETED,notify
05-25 15:23:26.786 3998-3998/com.robotemi.sdk.sample D/onDetectionStateChanged: state = 1
05-25 15:23:31.337 3998-3998/com.robotemi.sdk.sample D/onDetectionStateChanged: state = 0
