06-01 14:03:52.828 3234-3881/com.robotemi.sdk.sample I/System.out: FLINTEMI: completeSpeechSub set to true
06-01 14:03:52.828 3234-3881/com.robotemi.sdk.sample I/System.out: FLINTEMI: Finished action at index=1
06-01 14:03:52.829 3234-3881/com.robotemi.sdk.sample I/System.out: FLINTEMI: synchronise routine
06-01 14:03:52.829 3234-3881/com.robotemi.sdk.sample I/System.out: FLINTEMI: try state machine wait
06-01 14:03:52.839 3234-3234/com.robotemi.sdk.sample I/System.out: FLINTEMI: TtsRequest.getStatus()=PROCESSING:I will start my patrol.
06-01 14:03:53.231 3234-3234/com.robotemi.sdk.sample I/System.out: FLINTEMI: TtsRequest.getStatus()=STARTED:I will start my patrol.
06-01 14:03:53.943 3234-3234/com.robotemi.sdk.sample D/onDetectionStateChanged: state = 2
06-01 14:03:53.999 3234-3234/com.robotemi.sdk.sample D/onConstraintBeWith: status = true
06-01 14:03:55.171 3234-3234/com.robotemi.sdk.sample I/System.out: FLINTEMI: TtsRequest.getStatus()=COMPLETED:I will start my patrol.
06-01 14:03:55.171 3234-3234/com.robotemi.sdk.sample I/System.out: FLINTEMI: ttsReqeustStatus=COMPLETED,notify
06-01 14:03:55.172 3234-3234/com.robotemi.sdk.sample I/System.out: FLINTEMI: ttsReqeustStatus=COMPLETED,stateMachine.isCompleteSub=true,notify
06-01 14:03:55.172 3234-3234/com.robotemi.sdk.sample I/System.out: FLINTEMI: addOnGoToLocationStatusChangedListener
06-01 14:03:55.172 3234-3234/com.robotemi.sdk.sample I/System.out: FLINTEMI: Construct patrolLocationListener
06-01 14:03:55.172 3234-3234/com.robotemi.sdk.sample I/System.out: FLINTEMI: ttsListenerRemoved
06-01 14:03:55.172 3234-3881/com.robotemi.sdk.sample I/System.out: FLINTEMI: Do action at index=1
06-01 14:03:55.172 3234-3881/com.robotemi.sdk.sample I/System.out: FLINTEMI: going to location=1, name=a
06-01 14:03:55.173 3234-3881/com.robotemi.sdk.sample I/System.out: FLINTEMI: Increment locationIndex to locationIndex=2
06-01 14:03:55.173 3234-3881/com.robotemi.sdk.sample I/System.out: FLINTEMI: Finished action at index=1
06-01 14:03:55.173 3234-3881/com.robotemi.sdk.sample I/System.out: FLINTEMI: synchronise routine
06-01 14:03:55.173 3234-3881/com.robotemi.sdk.sample I/System.out: FLINTEMI: try state machine wait
06-01 14:03:55.253 3234-3234/com.robotemi.sdk.sample D/onConstraintBeWith: status = false
06-01 14:03:55.300 3234-3234/com.robotemi.sdk.sample I/System.out: FLINTEMI: onGoToLocationStatusChanged:location=a,status=start,description=Unknown
06-01 14:03:55.300 3234-3234/com.robotemi.sdk.sample I/System.out: FLINTEMI: onGoToLocationStatusChanged:location=a,status=start,description=Unknown
06-01 14:03:55.301 3234-3234/com.robotemi.sdk.sample I/System.out: FLINTEMI: onGoToLocationStatusChanged:location=a,status=start,description=Unknown
06-01 14:03:55.301 3234-3234/com.robotemi.sdk.sample I/System.out: FLINTEMI: onGoToLocationStatusChanged:location=a,status=start,description=Unknown
06-01 14:03:55.301 3234-3234/com.robotemi.sdk.sample D/GoToStatusChanged: descriptionId=0, description=Unknown
06-01 14:03:55.302 3234-3234/com.robotemi.sdk.sample I/System.out: FLINTEMI: onGoToLocationStatusChanged:location=a,status=start,description=Unknown
06-01 14:03:55.302 3234-3234/com.robotemi.sdk.sample I/System.out: FLINTEMI: onGoToLocationStatusChanged:location=a,status=start,description=Unknown
06-01 14:03:56.301 3234-3234/com.robotemi.sdk.sample I/System.out: FLINTEMI: onGoToLocationStatusChanged:location=,status=calculating,description=Calculating
06-01 14:03:56.302 3234-3234/com.robotemi.sdk.sample I/System.out: FLINTEMI: onGoToLocationStatusChanged:location=,status=calculating,description=Calculating
06-01 14:03:56.302 3234-3234/com.robotemi.sdk.sample I/System.out: FLINTEMI: onGoToLocationStatusChanged:location=,status=calculating,description=Calculating
06-01 14:03:56.302 3234-3234/com.robotemi.sdk.sample I/System.out: FLINTEMI: onGoToLocationStatusChanged:location=,status=calculating,description=Calculating
06-01 14:03:56.302 3234-3234/com.robotemi.sdk.sample D/GoToStatusChanged: descriptionId=1032, description=Calculating
06-01 14:03:56.303 3234-3234/com.robotemi.sdk.sample I/System.out: FLINTEMI: onGoToLocationStatusChanged:location=,status=calculating,description=Calculating
06-01 14:03:56.303 3234-3234/com.robotemi.sdk.sample I/System.out: FLINTEMI: onGoToLocationStatusChanged:location=,status=calculating,description=Calculating
06-01 14:03:57.732 3234-3234/com.robotemi.sdk.sample I/System.out: FLINTEMI: onGoToLocationStatusChanged:location=a,status=going,description=Unknown
06-01 14:03:57.732 3234-3234/com.robotemi.sdk.sample I/System.out: FLINTEMI: onGoToLocationStatusChanged:location=a,status=going,description=Unknown
06-01 14:03:57.732 3234-3234/com.robotemi.sdk.sample I/System.out: FLINTEMI: onGoToLocationStatusChanged:location=a,status=going,description=Unknown
06-01 14:03:57.732 3234-3234/com.robotemi.sdk.sample I/System.out: FLINTEMI: onGoToLocationStatusChanged:location=a,status=going,description=Unknown
06-01 14:03:57.732 3234-3234/com.robotemi.sdk.sample D/GoToStatusChanged: descriptionId=10007, description=Unknown
06-01 14:03:57.735 3234-3234/com.robotemi.sdk.sample I/System.out: FLINTEMI: onGoToLocationStatusChanged:location=a,status=going,description=Unknown
06-01 14:03:57.735 3234-3234/com.robotemi.sdk.sample I/System.out: FLINTEMI: onGoToLocationStatusChanged:location=a,status=going,description=Unknown
06-01 14:04:05.550 3234-3234/com.robotemi.sdk.sample I/System.out: FLINTEMI: onGoToLocationStatusChanged:location=a,status=complete,description=Unknown
06-01 14:04:05.550 3234-3234/com.robotemi.sdk.sample I/System.out: FLINTEMI: OnGoToLocationStatusChanged=COMPLETED,notify
06-01 14:04:05.550 3234-3234/com.robotemi.sdk.sample I/System.out: FLINTEMI: onGoToLocationStatusChanged:location=a,status=complete,description=Unknown
06-01 14:04:05.550 3234-3234/com.robotemi.sdk.sample I/System.out: FLINTEMI: OnGoToLocationStatusChanged=COMPLETED,notify
06-01 14:04:05.550 3234-3234/com.robotemi.sdk.sample I/System.out: FLINTEMI: onGoToLocationStatusChanged:location=a,status=complete,description=Unknown
06-01 14:04:05.550 3234-3234/com.robotemi.sdk.sample I/System.out: FLINTEMI: OnGoToLocationStatusChanged=COMPLETED,notify
06-01 14:04:05.550 3234-3234/com.robotemi.sdk.sample I/System.out: FLINTEMI: onGoToLocationStatusChanged:location=a,status=complete,description=Unknown
06-01 14:04:05.550 3234-3322/com.robotemi.sdk.sample I/System.out: FLINTEMI: Do action at index=1
06-01 14:04:05.550 3234-3382/com.robotemi.sdk.sample I/System.out: FLINTEMI: Do action at index=1
06-01 14:04:05.550 3234-3487/com.robotemi.sdk.sample I/System.out: FLINTEMI: Do action at index=1
06-01 14:04:05.550 3234-3382/com.robotemi.sdk.sample I/System.out: FLINTEMI: going to location=2, name=b
06-01 14:04:05.550 3234-3322/com.robotemi.sdk.sample I/System.out: FLINTEMI: going to location=2, name=b
06-01 14:04:05.550 3234-3487/com.robotemi.sdk.sample I/System.out: FLINTEMI: going to location=2, name=b
06-01 14:04:05.550 3234-3234/com.robotemi.sdk.sample I/System.out: FLINTEMI: OnGoToLocationStatusChanged=COMPLETED,notify
06-01 14:04:05.550 3234-3234/com.robotemi.sdk.sample D/GoToStatusChanged: descriptionId=500, description=Unknown
06-01 14:04:05.550 3234-3511/com.robotemi.sdk.sample I/System.out: FLINTEMI: Do action at index=1
06-01 14:04:05.551 3234-3511/com.robotemi.sdk.sample I/System.out: FLINTEMI: going to location=2, name=b
06-01 14:04:05.551 3234-3322/com.robotemi.sdk.sample I/System.out: FLINTEMI: Reset the location index to 1
06-01 14:04:05.551 3234-3322/com.robotemi.sdk.sample I/System.out: FLINTEMI: Loops complete=2
06-01 14:04:05.551 3234-3322/com.robotemi.sdk.sample I/System.out: FLINTEMI: Finished action at index=1
06-01 14:04:05.551 3234-3322/com.robotemi.sdk.sample I/System.out: FLINTEMI: synchronise routine
06-01 14:04:05.551 3234-3322/com.robotemi.sdk.sample I/System.out: FLINTEMI: try state machine wait
06-01 14:04:05.551 3234-3511/com.robotemi.sdk.sample I/System.out: FLINTEMI: Reset the location index to 1
06-01 14:04:05.551 3234-3511/com.robotemi.sdk.sample I/System.out: FLINTEMI: Loops complete=1
06-01 14:04:05.551 3234-3511/com.robotemi.sdk.sample I/System.out: FLINTEMI: Finished action at index=1
06-01 14:04:05.551 3234-3511/com.robotemi.sdk.sample I/System.out: FLINTEMI: synchronise routine
06-01 14:04:05.551 3234-3511/com.robotemi.sdk.sample I/System.out: FLINTEMI: try state machine wait
06-01 14:04:05.551 3234-3382/com.robotemi.sdk.sample I/System.out: FLINTEMI: Reset the location index to 1
06-01 14:04:05.551 3234-3234/com.robotemi.sdk.sample I/System.out: FLINTEMI: onGoToLocationStatusChanged:location=a,status=complete,description=Unknown
06-01 14:04:05.551 3234-3382/com.robotemi.sdk.sample I/System.out: FLINTEMI: Loops complete=2
06-01 14:04:05.551 3234-3234/com.robotemi.sdk.sample I/System.out: FLINTEMI: OnGoToLocationStatusChanged=COMPLETED,notify
06-01 14:04:05.551 3234-3382/com.robotemi.sdk.sample I/System.out: FLINTEMI: Finished action at index=1
06-01 14:04:05.551 3234-3382/com.robotemi.sdk.sample I/System.out: FLINTEMI: synchronise routine
06-01 14:04:05.551 3234-3234/com.robotemi.sdk.sample I/System.out: FLINTEMI: onGoToLocationStatusChanged:location=a,status=complete,description=Unknown
06-01 14:04:05.551 3234-3234/com.robotemi.sdk.sample I/System.out: FLINTEMI: OnGoToLocationStatusChanged=COMPLETED,notify
06-01 14:04:05.551 3234-3382/com.robotemi.sdk.sample I/System.out: FLINTEMI: try state machine wait
06-01 14:04:05.551 3234-3831/com.robotemi.sdk.sample I/System.out: FLINTEMI: Do action at index=1
06-01 14:04:05.551 3234-3881/com.robotemi.sdk.sample I/System.out: FLINTEMI: Do action at index=1
06-01 14:04:05.551 3234-3831/com.robotemi.sdk.sample I/System.out: FLINTEMI: going to location=2, name=b
06-01 14:04:05.551 3234-3881/com.robotemi.sdk.sample I/System.out: FLINTEMI: going to location=2, name=b
06-01 14:04:05.552 3234-3881/com.robotemi.sdk.sample I/System.out: FLINTEMI: Reset the location index to 1
06-01 14:04:05.552 3234-3487/com.robotemi.sdk.sample I/System.out: FLINTEMI: Reset the location index to 1
06-01 14:04:05.552 3234-3881/com.robotemi.sdk.sample I/System.out: FLINTEMI: Loops complete=1
06-01 14:04:05.552 3234-3831/com.robotemi.sdk.sample I/System.out: FLINTEMI: Reset the location index to 1
06-01 14:04:05.552 3234-3881/com.robotemi.sdk.sample I/System.out: FLINTEMI: Finished action at index=1
06-01 14:04:05.552 3234-3881/com.robotemi.sdk.sample I/System.out: FLINTEMI: synchronise routine
06-01 14:04:05.552 3234-3487/com.robotemi.sdk.sample I/System.out: FLINTEMI: Loops complete=1
06-01 14:04:05.552 3234-3881/com.robotemi.sdk.sample I/System.out: FLINTEMI: try state machine wait
06-01 14:04:05.552 3234-3487/com.robotemi.sdk.sample I/System.out: FLINTEMI: Finished action at index=1
06-01 14:04:05.552 3234-3487/com.robotemi.sdk.sample I/System.out: FLINTEMI: synchronise routine
06-01 14:04:05.552 3234-3831/com.robotemi.sdk.sample I/System.out: FLINTEMI: Loops complete=1
06-01 14:04:05.552 3234-3487/com.robotemi.sdk.sample I/System.out: FLINTEMI: try state machine wait
06-01 14:04:05.552 3234-3831/com.robotemi.sdk.sample I/System.out: FLINTEMI: Finished action at index=1
06-01 14:04:05.552 3234-3831/com.robotemi.sdk.sample I/System.out: FLINTEMI: synchronise routine
06-01 14:04:05.552 3234-3831/com.robotemi.sdk.sample I/System.out: FLINTEMI: try state machine wait
06-01 14:04:05.631 3234-3234/com.robotemi.sdk.sample I/System.out: FLINTEMI: onGoToLocationStatusChanged:location=b,status=start,description=Unknown
06-01 14:04:05.631 3234-3234/com.robotemi.sdk.sample I/System.out: FLINTEMI: onGoToLocationStatusChanged:location=b,status=start,description=Unknown
06-01 14:04:05.631 3234-3234/com.robotemi.sdk.sample I/System.out: FLINTEMI: onGoToLocationStatusChanged:location=b,status=start,description=Unknown
06-01 14:04:05.631 3234-3234/com.robotemi.sdk.sample I/System.out: FLINTEMI: onGoToLocationStatusChanged:location=b,status=start,description=Unknown
06-01 14:04:05.631 3234-3234/com.robotemi.sdk.sample D/GoToStatusChanged: descriptionId=0, description=Unknown
06-01 14:04:05.632 3234-3234/com.robotemi.sdk.sample I/System.out: FLINTEMI: onGoToLocationStatusChanged:location=b,status=start,description=Unknown
06-01 14:04:05.632 3234-3234/com.robotemi.sdk.sample I/System.out: FLINTEMI: onGoToLocationStatusChanged:location=b,status=start,description=Unknown
06-01 14:04:05.639 3234-3234/com.robotemi.sdk.sample I/System.out: FLINTEMI: onGoToLocationStatusChanged:location=b,status=abort,description=Unknown
06-01 14:04:05.639 3234-3234/com.robotemi.sdk.sample I/System.out: FLINTEMI: onGoToLocationStatusChanged:location=b,status=abort,description=Unknown
06-01 14:04:05.639 3234-3234/com.robotemi.sdk.sample I/System.out: FLINTEMI: onGoToLocationStatusChanged:location=b,status=abort,description=Unknown
06-01 14:04:05.639 3234-3234/com.robotemi.sdk.sample I/System.out: FLINTEMI: onGoToLocationStatusChanged:location=b,status=abort,description=Unknown
06-01 14:04:05.639 3234-3234/com.robotemi.sdk.sample D/GoToStatusChanged: descriptionId=0, description=Unknown
06-01 14:04:05.641 3234-3234/com.robotemi.sdk.sample I/System.out: FLINTEMI: onGoToLocationStatusChanged:location=b,status=abort,description=Unknown
06-01 14:04:05.641 3234-3234/com.robotemi.sdk.sample I/System.out: FLINTEMI: onGoToLocationStatusChanged:location=b,status=abort,description=Unknown
06-01 14:04:05.659 3234-3234/com.robotemi.sdk.sample I/System.out: FLINTEMI: onGoToLocationStatusChanged:location=b,status=start,description=Unknown
06-01 14:04:05.659 3234-3234/com.robotemi.sdk.sample I/System.out: FLINTEMI: onGoToLocationStatusChanged:location=b,status=start,description=Unknown
06-01 14:04:05.659 3234-3234/com.robotemi.sdk.sample I/System.out: FLINTEMI: onGoToLocationStatusChanged:location=b,status=start,description=Unknown
06-01 14:04:05.659 3234-3234/com.robotemi.sdk.sample I/System.out: FLINTEMI: onGoToLocationStatusChanged:location=b,status=start,description=Unknown
06-01 14:04:05.659 3234-3234/com.robotemi.sdk.sample D/GoToStatusChanged: descriptionId=0, description=Unknown
06-01 14:04:05.660 3234-3234/com.robotemi.sdk.sample I/System.out: FLINTEMI: onGoToLocationStatusChanged:location=b,status=start,description=Unknown
06-01 14:04:05.660 3234-3234/com.robotemi.sdk.sample I/System.out: FLINTEMI: onGoToLocationStatusChanged:location=b,status=start,description=Unknown
06-01 14:04:05.665 3234-3234/com.robotemi.sdk.sample I/System.out: FLINTEMI: onGoToLocationStatusChanged:location=b,status=abort,description=Unknown
06-01 14:04:05.665 3234-3234/com.robotemi.sdk.sample I/System.out: FLINTEMI: onGoToLocationStatusChanged:location=b,status=abort,description=Unknown
06-01 14:04:05.665 3234-3234/com.robotemi.sdk.sample I/System.out: FLINTEMI: onGoToLocationStatusChanged:location=b,status=abort,description=Unknown
06-01 14:04:05.665 3234-3234/com.robotemi.sdk.sample I/System.out: FLINTEMI: onGoToLocationStatusChanged:location=b,status=abort,description=Unknown
06-01 14:04:05.665 3234-3234/com.robotemi.sdk.sample D/GoToStatusChanged: descriptionId=0, description=Unknown
06-01 14:04:05.666 3234-3234/com.robotemi.sdk.sample I/System.out: FLINTEMI: onGoToLocationStatusChanged:location=b,status=abort,description=Unknown
06-01 14:04:05.666 3234-3234/com.robotemi.sdk.sample I/System.out: FLINTEMI: onGoToLocationStatusChanged:location=b,status=abort,description=Unknown
06-01 14:04:05.682 3234-3234/com.robotemi.sdk.sample I/System.out: FLINTEMI: onGoToLocationStatusChanged:location=b,status=start,description=Unknown
06-01 14:04:05.683 3234-3234/com.robotemi.sdk.sample I/System.out: FLINTEMI: onGoToLocationStatusChanged:location=b,status=start,description=Unknown
06-01 14:04:05.683 3234-3234/com.robotemi.sdk.sample I/System.out: FLINTEMI: onGoToLocationStatusChanged:location=b,status=start,description=Unknown
06-01 14:04:05.683 3234-3234/com.robotemi.sdk.sample I/System.out: FLINTEMI: onGoToLocationStatusChanged:location=b,status=start,description=Unknown
06-01 14:04:05.683 3234-3234/com.robotemi.sdk.sample D/GoToStatusChanged: descriptionId=0, description=Unknown
06-01 14:04:05.683 3234-3234/com.robotemi.sdk.sample I/System.out: FLINTEMI: onGoToLocationStatusChanged:location=b,status=start,description=Unknown
06-01 14:04:05.683 3234-3234/com.robotemi.sdk.sample I/System.out: FLINTEMI: onGoToLocationStatusChanged:location=b,status=start,description=Unknown
06-01 14:04:05.688 3234-3234/com.robotemi.sdk.sample I/System.out: FLINTEMI: onGoToLocationStatusChanged:location=b,status=abort,description=Unknown
06-01 14:04:05.688 3234-3234/com.robotemi.sdk.sample I/System.out: FLINTEMI: onGoToLocationStatusChanged:location=b,status=abort,description=Unknown
06-01 14:04:05.688 3234-3234/com.robotemi.sdk.sample I/System.out: FLINTEMI: onGoToLocationStatusChanged:location=b,status=abort,description=Unknown
06-01 14:04:05.688 3234-3234/com.robotemi.sdk.sample I/System.out: FLINTEMI: onGoToLocationStatusChanged:location=b,status=abort,description=Unknown
06-01 14:04:05.688 3234-3234/com.robotemi.sdk.sample D/GoToStatusChanged: descriptionId=0, description=Unknown
06-01 14:04:05.689 3234-3234/com.robotemi.sdk.sample I/System.out: FLINTEMI: onGoToLocationStatusChanged:location=b,status=abort,description=Unknown
06-01 14:04:05.689 3234-3234/com.robotemi.sdk.sample I/System.out: FLINTEMI: onGoToLocationStatusChanged:location=b,status=abort,description=Unknown
06-01 14:04:05.705 3234-3234/com.robotemi.sdk.sample I/System.out: FLINTEMI: onGoToLocationStatusChanged:location=b,status=start,description=Unknown
06-01 14:04:05.705 3234-3234/com.robotemi.sdk.sample I/System.out: FLINTEMI: onGoToLocationStatusChanged:location=b,status=start,description=Unknown
06-01 14:04:05.705 3234-3234/com.robotemi.sdk.sample I/System.out: FLINTEMI: onGoToLocationStatusChanged:location=b,status=start,description=Unknown
06-01 14:04:05.705 3234-3234/com.robotemi.sdk.sample I/System.out: FLINTEMI: onGoToLocationStatusChanged:location=b,status=start,description=Unknown
06-01 14:04:05.705 3234-3234/com.robotemi.sdk.sample D/GoToStatusChanged: descriptionId=0, description=Unknown
06-01 14:04:05.706 3234-3234/com.robotemi.sdk.sample I/System.out: FLINTEMI: onGoToLocationStatusChanged:location=b,status=start,description=Unknown
06-01 14:04:05.706 3234-3234/com.robotemi.sdk.sample I/System.out: FLINTEMI: onGoToLocationStatusChanged:location=b,status=start,description=Unknown
06-01 14:04:05.711 3234-3234/com.robotemi.sdk.sample I/System.out: FLINTEMI: onGoToLocationStatusChanged:location=b,status=abort,description=Unknown
06-01 14:04:05.711 3234-3234/com.robotemi.sdk.sample I/System.out: FLINTEMI: onGoToLocationStatusChanged:location=b,status=abort,description=Unknown
06-01 14:04:05.711 3234-3234/com.robotemi.sdk.sample I/System.out: FLINTEMI: onGoToLocationStatusChanged:location=b,status=abort,description=Unknown
06-01 14:04:05.711 3234-3234/com.robotemi.sdk.sample I/System.out: FLINTEMI: onGoToLocationStatusChanged:location=b,status=abort,description=Unknown
06-01 14:04:05.711 3234-3234/com.robotemi.sdk.sample D/GoToStatusChanged: descriptionId=0, description=Unknown
06-01 14:04:05.712 3234-3234/com.robotemi.sdk.sample I/System.out: FLINTEMI: onGoToLocationStatusChanged:location=b,status=abort,description=Unknown
06-01 14:04:05.712 3234-3234/com.robotemi.sdk.sample I/System.out: FLINTEMI: onGoToLocationStatusChanged:location=b,status=abort,description=Unknown
06-01 14:04:05.729 3234-3234/com.robotemi.sdk.sample I/System.out: FLINTEMI: onGoToLocationStatusChanged:location=b,status=start,description=Unknown
06-01 14:04:05.729 3234-3234/com.robotemi.sdk.sample I/System.out: FLINTEMI: onGoToLocationStatusChanged:location=b,status=start,description=Unknown
06-01 14:04:05.729 3234-3234/com.robotemi.sdk.sample I/System.out: FLINTEMI: onGoToLocationStatusChanged:location=b,status=start,description=Unknown
06-01 14:04:05.729 3234-3234/com.robotemi.sdk.sample I/System.out: FLINTEMI: onGoToLocationStatusChanged:location=b,status=start,description=Unknown
06-01 14:04:05.729 3234-3234/com.robotemi.sdk.sample D/GoToStatusChanged: descriptionId=0, description=Unknown
06-01 14:04:05.729 3234-3234/com.robotemi.sdk.sample I/System.out: FLINTEMI: onGoToLocationStatusChanged:location=b,status=start,description=Unknown
06-01 14:04:05.730 3234-3234/com.robotemi.sdk.sample I/System.out: FLINTEMI: onGoToLocationStatusChanged:location=b,status=start,description=Unknown
06-01 14:04:05.734 3234-3234/com.robotemi.sdk.sample I/System.out: FLINTEMI: onGoToLocationStatusChanged:location=b,status=abort,description=Unknown
06-01 14:04:05.734 3234-3234/com.robotemi.sdk.sample I/System.out: FLINTEMI: onGoToLocationStatusChanged:location=b,status=abort,description=Unknown
06-01 14:04:05.734 3234-3234/com.robotemi.sdk.sample I/System.out: FLINTEMI: onGoToLocationStatusChanged:location=b,status=abort,description=Unknown
06-01 14:04:05.734 3234-3234/com.robotemi.sdk.sample I/System.out: FLINTEMI: onGoToLocationStatusChanged:location=b,status=abort,description=Unknown
06-01 14:04:05.734 3234-3234/com.robotemi.sdk.sample D/GoToStatusChanged: descriptionId=0, description=Unknown
06-01 14:04:05.735 3234-3234/com.robotemi.sdk.sample I/System.out: FLINTEMI: onGoToLocationStatusChanged:location=b,status=abort,description=Unknown
06-01 14:04:05.735 3234-3234/com.robotemi.sdk.sample I/System.out: FLINTEMI: onGoToLocationStatusChanged:location=b,status=abort,description=Unknown
06-01 14:04:05.750 3234-3234/com.robotemi.sdk.sample I/System.out: FLINTEMI: onGoToLocationStatusChanged:location=b,status=start,description=Unknown
06-01 14:04:05.750 3234-3234/com.robotemi.sdk.sample I/System.out: FLINTEMI: onGoToLocationStatusChanged:location=b,status=start,description=Unknown
06-01 14:04:05.750 3234-3234/com.robotemi.sdk.sample I/System.out: FLINTEMI: onGoToLocationStatusChanged:location=b,status=start,description=Unknown
06-01 14:04:05.750 3234-3234/com.robotemi.sdk.sample I/System.out: FLINTEMI: onGoToLocationStatusChanged:location=b,status=start,description=Unknown
06-01 14:04:05.750 3234-3234/com.robotemi.sdk.sample D/GoToStatusChanged: descriptionId=0, description=Unknown
06-01 14:04:05.751 3234-3234/com.robotemi.sdk.sample I/System.out: FLINTEMI: onGoToLocationStatusChanged:location=b,status=start,description=Unknown
06-01 14:04:05.751 3234-3234/com.robotemi.sdk.sample I/System.out: FLINTEMI: onGoToLocationStatusChanged:location=b,status=start,description=Unknown
06-01 14:04:07.319 3234-3234/com.robotemi.sdk.sample I/System.out: FLINTEMI: onGoToLocationStatusChanged:location=b,status=going,description=Unknown
06-01 14:04:07.319 3234-3234/com.robotemi.sdk.sample I/System.out: FLINTEMI: onGoToLocationStatusChanged:location=b,status=going,description=Unknown
06-01 14:04:07.319 3234-3234/com.robotemi.sdk.sample I/System.out: FLINTEMI: onGoToLocationStatusChanged:location=b,status=going,description=Unknown
06-01 14:04:07.320 3234-3234/com.robotemi.sdk.sample I/System.out: FLINTEMI: onGoToLocationStatusChanged:location=b,status=going,description=Unknown
06-01 14:04:07.320 3234-3234/com.robotemi.sdk.sample D/GoToStatusChanged: descriptionId=10007, description=Unknown
06-01 14:04:07.322 3234-3234/com.robotemi.sdk.sample I/System.out: FLINTEMI: onGoToLocationStatusChanged:location=b,status=going,description=Unknown
06-01 14:04:07.322 3234-3234/com.robotemi.sdk.sample I/System.out: FLINTEMI: onGoToLocationStatusChanged:location=b,status=going,description=Unknown
06-01 14:04:10.186 3234-3234/com.robotemi.sdk.sample I/System.out: FLINTEMI: onGoToLocationStatusChanged:location=,status=obstacle detected,description=Height Obstacle
06-01 14:04:10.186 3234-3234/com.robotemi.sdk.sample I/System.out: FLINTEMI: onGoToLocationStatusChanged:location=,status=obstacle detected,description=Height Obstacle
06-01 14:04:10.186 3234-3234/com.robotemi.sdk.sample I/System.out: FLINTEMI: onGoToLocationStatusChanged:location=,status=obstacle detected,description=Height Obstacle
06-01 14:04:10.186 3234-3234/com.robotemi.sdk.sample I/System.out: FLINTEMI: onGoToLocationStatusChanged:location=,status=obstacle detected,description=Height Obstacle
06-01 14:04:10.186 3234-3234/com.robotemi.sdk.sample D/GoToStatusChanged: descriptionId=2002, description=Height Obstacle
06-01 14:04:10.186 3234-3234/com.robotemi.sdk.sample I/System.out: FLINTEMI: onGoToLocationStatusChanged:location=,status=obstacle detected,description=Height Obstacle
06-01 14:04:10.186 3234-3234/com.robotemi.sdk.sample I/System.out: FLINTEMI: onGoToLocationStatusChanged:location=,status=obstacle detected,description=Height Obstacle
06-01 14:04:11.698 3234-3234/com.robotemi.sdk.sample I/System.out: FLINTEMI: onGoToLocationStatusChanged:location=,status=obstacle detected,description=Lidar Obstacle
06-01 14:04:11.699 3234-3234/com.robotemi.sdk.sample I/System.out: FLINTEMI: onGoToLocationStatusChanged:location=,status=obstacle detected,description=Lidar Obstacle
06-01 14:04:11.699 3234-3234/com.robotemi.sdk.sample I/System.out: FLINTEMI: onGoToLocationStatusChanged:location=,status=obstacle detected,description=Lidar Obstacle
06-01 14:04:11.699 3234-3234/com.robotemi.sdk.sample I/System.out: FLINTEMI: onGoToLocationStatusChanged:location=,status=obstacle detected,description=Lidar Obstacle
06-01 14:04:11.699 3234-3234/com.robotemi.sdk.sample D/GoToStatusChanged: descriptionId=2003, description=Lidar Obstacle
06-01 14:04:11.699 3234-3234/com.robotemi.sdk.sample I/System.out: FLINTEMI: onGoToLocationStatusChanged:location=,status=obstacle detected,description=Lidar Obstacle
06-01 14:04:11.700 3234-3234/com.robotemi.sdk.sample I/System.out: FLINTEMI: onGoToLocationStatusChanged:location=,status=obstacle detected,description=Lidar Obstacle
06-01 14:04:15.550 3234-3234/com.robotemi.sdk.sample I/System.out: FLINTEMI: onGoToLocationStatusChanged:location=b,status=going,description=Unknown
06-01 14:04:15.550 3234-3234/com.robotemi.sdk.sample I/System.out: FLINTEMI: onGoToLocationStatusChanged:location=b,status=going,description=Unknown
06-01 14:04:15.550 3234-3234/com.robotemi.sdk.sample I/System.out: FLINTEMI: onGoToLocationStatusChanged:location=b,status=going,description=Unknown
06-01 14:04:15.550 3234-3234/com.robotemi.sdk.sample I/System.out: FLINTEMI: onGoToLocationStatusChanged:location=b,status=going,description=Unknown
06-01 14:04:15.550 3234-3234/com.robotemi.sdk.sample D/GoToStatusChanged: descriptionId=10007, description=Unknown
06-01 14:04:15.552 3234-3234/com.robotemi.sdk.sample I/System.out: FLINTEMI: onGoToLocationStatusChanged:location=b,status=going,description=Unknown
06-01 14:04:15.552 3234-3234/com.robotemi.sdk.sample I/System.out: FLINTEMI: onGoToLocationStatusChanged:location=b,status=going,description=Unknown
06-01 14:04:19.669 3234-3234/com.robotemi.sdk.sample I/System.out: FLINTEMI: onGoToLocationStatusChanged:location=b,status=complete,description=Unknown
06-01 14:04:19.669 3234-3234/com.robotemi.sdk.sample I/System.out: FLINTEMI: OnGoToLocationStatusChanged=COMPLETED,notify
06-01 14:04:19.670 3234-3234/com.robotemi.sdk.sample I/System.out: FLINTEMI: onGoToLocationStatusChanged:location=b,status=complete,description=Unknown
06-01 14:04:19.670 3234-3234/com.robotemi.sdk.sample I/System.out: FLINTEMI: OnGoToLocationStatusChanged=COMPLETED,notify
06-01 14:04:19.670 3234-3322/com.robotemi.sdk.sample I/System.out: FLINTEMI: Do action at index=1
06-01 14:04:19.670 3234-3234/com.robotemi.sdk.sample I/System.out: FLINTEMI: onGoToLocationStatusChanged:location=b,status=complete,description=Unknown
06-01 14:04:19.670 3234-3234/com.robotemi.sdk.sample I/System.out: FLINTEMI: OnGoToLocationStatusChanged=COMPLETED,notify
06-01 14:04:19.670 3234-3322/com.robotemi.sdk.sample I/System.out: FLINTEMI: going to location=1, name=a
06-01 14:04:19.670 3234-3234/com.robotemi.sdk.sample I/System.out: FLINTEMI: onGoToLocationStatusChanged:location=b,status=complete,description=Unknown
06-01 14:04:19.670 3234-3234/com.robotemi.sdk.sample I/System.out: FLINTEMI: OnGoToLocationStatusChanged=COMPLETED,notify
06-01 14:04:19.670 3234-3234/com.robotemi.sdk.sample D/GoToStatusChanged: descriptionId=500, description=Unknown
06-01 14:04:19.670 3234-3322/com.robotemi.sdk.sample I/System.out: FLINTEMI: Increment locationIndex to locationIndex=2
06-01 14:04:19.671 3234-3322/com.robotemi.sdk.sample I/System.out: FLINTEMI: Finished action at index=1
06-01 14:04:19.671 3234-3322/com.robotemi.sdk.sample I/System.out: FLINTEMI: synchronise routine
06-01 14:04:19.671 3234-3322/com.robotemi.sdk.sample I/System.out: FLINTEMI: try state machine wait
06-01 14:04:19.671 3234-3382/com.robotemi.sdk.sample I/System.out: FLINTEMI: Do action at index=1
06-01 14:04:19.671 3234-3382/com.robotemi.sdk.sample I/System.out: FLINTEMI: going to location=1, name=a
06-01 14:04:19.671 3234-3487/com.robotemi.sdk.sample I/System.out: FLINTEMI: Do action at index=1
06-01 14:04:19.671 3234-3487/com.robotemi.sdk.sample I/System.out: FLINTEMI: going to location=1, name=a
06-01 14:04:19.671 3234-3511/com.robotemi.sdk.sample I/System.out: FLINTEMI: Do action at index=1
06-01 14:04:19.671 3234-3511/com.robotemi.sdk.sample I/System.out: FLINTEMI: going to location=1, name=a
06-01 14:04:19.672 3234-3487/com.robotemi.sdk.sample I/System.out: FLINTEMI: Increment locationIndex to locationIndex=2
06-01 14:04:19.672 3234-3382/com.robotemi.sdk.sample I/System.out: FLINTEMI: Increment locationIndex to locationIndex=2
06-01 14:04:19.672 3234-3382/com.robotemi.sdk.sample I/System.out: FLINTEMI: Finished action at index=1
06-01 14:04:19.672 3234-3382/com.robotemi.sdk.sample I/System.out: FLINTEMI: synchronise routine
06-01 14:04:19.672 3234-3382/com.robotemi.sdk.sample I/System.out: FLINTEMI: try state machine wait
06-01 14:04:19.672 3234-3487/com.robotemi.sdk.sample I/System.out: FLINTEMI: Finished action at index=1
06-01 14:04:19.672 3234-3487/com.robotemi.sdk.sample I/System.out: FLINTEMI: synchronise routine
06-01 14:04:19.672 3234-3487/com.robotemi.sdk.sample I/System.out: FLINTEMI: try state machine wait
06-01 14:04:19.672 3234-3511/com.robotemi.sdk.sample I/System.out: FLINTEMI: Increment locationIndex to locationIndex=2
06-01 14:04:19.672 3234-3511/com.robotemi.sdk.sample I/System.out: FLINTEMI: Finished action at index=1
06-01 14:04:19.672 3234-3511/com.robotemi.sdk.sample I/System.out: FLINTEMI: synchronise routine
06-01 14:04:19.672 3234-3511/com.robotemi.sdk.sample I/System.out: FLINTEMI: try state machine wait
06-01 14:04:19.672 3234-3234/com.robotemi.sdk.sample I/System.out: FLINTEMI: onGoToLocationStatusChanged:location=b,status=complete,description=Unknown
06-01 14:04:19.672 3234-3234/com.robotemi.sdk.sample I/System.out: FLINTEMI: OnGoToLocationStatusChanged=COMPLETED,notify
06-01 14:04:19.672 3234-3234/com.robotemi.sdk.sample I/System.out: FLINTEMI: onGoToLocationStatusChanged:location=b,status=complete,description=Unknown
06-01 14:04:19.672 3234-3234/com.robotemi.sdk.sample I/System.out: FLINTEMI: OnGoToLocationStatusChanged=COMPLETED,notify
06-01 14:04:19.672 3234-3831/com.robotemi.sdk.sample I/System.out: FLINTEMI: Do action at index=1
06-01 14:04:19.672 3234-3831/com.robotemi.sdk.sample I/System.out: FLINTEMI: going to location=1, name=a
06-01 14:04:19.672 3234-3881/com.robotemi.sdk.sample I/System.out: FLINTEMI: Do action at index=1
06-01 14:04:19.673 3234-3881/com.robotemi.sdk.sample I/System.out: FLINTEMI: going to location=1, name=a
06-01 14:04:19.673 3234-3831/com.robotemi.sdk.sample I/System.out: FLINTEMI: Increment locationIndex to locationIndex=2
06-01 14:04:19.673 3234-3831/com.robotemi.sdk.sample I/System.out: FLINTEMI: Finished action at index=1
06-01 14:04:19.673 3234-3831/com.robotemi.sdk.sample I/System.out: FLINTEMI: synchronise routine
06-01 14:04:19.673 3234-3831/com.robotemi.sdk.sample I/System.out: FLINTEMI: try state machine wait
06-01 14:04:19.673 3234-3881/com.robotemi.sdk.sample I/System.out: FLINTEMI: Increment locationIndex to locationIndex=2
06-01 14:04:19.673 3234-3881/com.robotemi.sdk.sample I/System.out: FLINTEMI: Finished action at index=1
06-01 14:04:19.673 3234-3881/com.robotemi.sdk.sample I/System.out: FLINTEMI: synchronise routine
06-01 14:04:19.673 3234-3881/com.robotemi.sdk.sample I/System.out: FLINTEMI: try state machine wait
06-01 14:04:19.756 3234-3234/com.robotemi.sdk.sample I/System.out: FLINTEMI: onGoToLocationStatusChanged:location=a,status=start,description=Unknown
06-01 14:04:19.756 3234-3234/com.robotemi.sdk.sample I/System.out: FLINTEMI: onGoToLocationStatusChanged:location=a,status=start,description=Unknown
06-01 14:04:19.756 3234-3234/com.robotemi.sdk.sample I/System.out: FLINTEMI: onGoToLocationStatusChanged:location=a,status=start,description=Unknown
06-01 14:04:19.756 3234-3234/com.robotemi.sdk.sample I/System.out: FLINTEMI: onGoToLocationStatusChanged:location=a,status=start,description=Unknown
06-01 14:04:19.756 3234-3234/com.robotemi.sdk.sample D/GoToStatusChanged: descriptionId=0, description=Unknown
06-01 14:04:19.757 3234-3234/com.robotemi.sdk.sample I/System.out: FLINTEMI: onGoToLocationStatusChanged:location=a,status=start,description=Unknown
06-01 14:04:19.757 3234-3234/com.robotemi.sdk.sample I/System.out: FLINTEMI: onGoToLocationStatusChanged:location=a,status=start,description=Unknown
06-01 14:04:19.791 3234-3234/com.robotemi.sdk.sample I/System.out: FLINTEMI: onGoToLocationStatusChanged:location=a,status=abort,description=Unknown
06-01 14:04:19.791 3234-3234/com.robotemi.sdk.sample I/System.out: FLINTEMI: onGoToLocationStatusChanged:location=a,status=abort,description=Unknown
06-01 14:04:19.791 3234-3234/com.robotemi.sdk.sample I/System.out: FLINTEMI: onGoToLocationStatusChanged:location=a,status=abort,description=Unknown
06-01 14:04:19.791 3234-3234/com.robotemi.sdk.sample I/System.out: FLINTEMI: onGoToLocationStatusChanged:location=a,status=abort,description=Unknown
06-01 14:04:19.791 3234-3234/com.robotemi.sdk.sample D/GoToStatusChanged: descriptionId=0, description=Unknown
06-01 14:04:19.792 3234-3234/com.robotemi.sdk.sample I/System.out: FLINTEMI: onGoToLocationStatusChanged:location=a,status=abort,description=Unknown
06-01 14:04:19.793 3234-3234/com.robotemi.sdk.sample I/System.out: FLINTEMI: onGoToLocationStatusChanged:location=a,status=abort,description=Unknown
06-01 14:04:19.815 3234-3234/com.robotemi.sdk.sample I/System.out: FLINTEMI: onGoToLocationStatusChanged:location=a,status=start,description=Unknown
06-01 14:04:19.815 3234-3234/com.robotemi.sdk.sample I/System.out: FLINTEMI: onGoToLocationStatusChanged:location=a,status=start,description=Unknown
06-01 14:04:19.815 3234-3234/com.robotemi.sdk.sample I/System.out: FLINTEMI: onGoToLocationStatusChanged:location=a,status=start,description=Unknown
06-01 14:04:19.815 3234-3234/com.robotemi.sdk.sample I/System.out: FLINTEMI: onGoToLocationStatusChanged:location=a,status=start,description=Unknown
06-01 14:04:19.815 3234-3234/com.robotemi.sdk.sample D/GoToStatusChanged: descriptionId=0, description=Unknown
06-01 14:04:19.816 3234-3234/com.robotemi.sdk.sample I/System.out: FLINTEMI: onGoToLocationStatusChanged:location=a,status=start,description=Unknown
06-01 14:04:19.816 3234-3234/com.robotemi.sdk.sample I/System.out: FLINTEMI: onGoToLocationStatusChanged:location=a,status=start,description=Unknown
06-01 14:04:19.822 3234-3234/com.robotemi.sdk.sample I/System.out: FLINTEMI: onGoToLocationStatusChanged:location=a,status=abort,description=Unknown
06-01 14:04:19.822 3234-3234/com.robotemi.sdk.sample I/System.out: FLINTEMI: onGoToLocationStatusChanged:location=a,status=abort,description=Unknown
06-01 14:04:19.823 3234-3234/com.robotemi.sdk.sample I/System.out: FLINTEMI: onGoToLocationStatusChanged:location=a,status=abort,description=Unknown
06-01 14:04:19.823 3234-3234/com.robotemi.sdk.sample I/System.out: FLINTEMI: onGoToLocationStatusChanged:location=a,status=abort,description=Unknown
06-01 14:04:19.823 3234-3234/com.robotemi.sdk.sample D/GoToStatusChanged: descriptionId=0, description=Unknown
06-01 14:04:19.824 3234-3234/com.robotemi.sdk.sample I/System.out: FLINTEMI: onGoToLocationStatusChanged:location=a,status=abort,description=Unknown
06-01 14:04:19.824 3234-3234/com.robotemi.sdk.sample I/System.out: FLINTEMI: onGoToLocationStatusChanged:location=a,status=abort,description=Unknown
06-01 14:04:19.843 3234-3234/com.robotemi.sdk.sample I/System.out: FLINTEMI: onGoToLocationStatusChanged:location=a,status=start,description=Unknown
06-01 14:04:19.843 3234-3234/com.robotemi.sdk.sample I/System.out: FLINTEMI: onGoToLocationStatusChanged:location=a,status=start,description=Unknown
06-01 14:04:19.843 3234-3234/com.robotemi.sdk.sample I/System.out: FLINTEMI: onGoToLocationStatusChanged:location=a,status=start,description=Unknown
06-01 14:04:19.843 3234-3234/com.robotemi.sdk.sample I/System.out: FLINTEMI: onGoToLocationStatusChanged:location=a,status=start,description=Unknown
06-01 14:04:19.843 3234-3234/com.robotemi.sdk.sample D/GoToStatusChanged: descriptionId=0, description=Unknown
06-01 14:04:19.844 3234-3234/com.robotemi.sdk.sample I/System.out: FLINTEMI: onGoToLocationStatusChanged:location=a,status=start,description=Unknown
06-01 14:04:19.844 3234-3234/com.robotemi.sdk.sample I/System.out: FLINTEMI: onGoToLocationStatusChanged:location=a,status=start,description=Unknown
06-01 14:04:19.849 3234-3234/com.robotemi.sdk.sample I/System.out: FLINTEMI: onGoToLocationStatusChanged:location=a,status=abort,description=Unknown
06-01 14:04:19.849 3234-3234/com.robotemi.sdk.sample I/System.out: FLINTEMI: onGoToLocationStatusChanged:location=a,status=abort,description=Unknown
06-01 14:04:19.849 3234-3234/com.robotemi.sdk.sample I/System.out: FLINTEMI: onGoToLocationStatusChanged:location=a,status=abort,description=Unknown
06-01 14:04:19.849 3234-3234/com.robotemi.sdk.sample I/System.out: FLINTEMI: onGoToLocationStatusChanged:location=a,status=abort,description=Unknown
06-01 14:04:19.849 3234-3234/com.robotemi.sdk.sample D/GoToStatusChanged: descriptionId=0, description=Unknown
06-01 14:04:19.850 3234-3234/com.robotemi.sdk.sample I/System.out: FLINTEMI: onGoToLocationStatusChanged:location=a,status=abort,description=Unknown
06-01 14:04:19.850 3234-3234/com.robotemi.sdk.sample I/System.out: FLINTEMI: onGoToLocationStatusChanged:location=a,status=abort,description=Unknown
06-01 14:04:19.868 3234-3234/com.robotemi.sdk.sample I/System.out: FLINTEMI: onGoToLocationStatusChanged:location=a,status=start,description=Unknown
06-01 14:04:19.868 3234-3234/com.robotemi.sdk.sample I/System.out: FLINTEMI: onGoToLocationStatusChanged:location=a,status=start,description=Unknown
06-01 14:04:19.868 3234-3234/com.robotemi.sdk.sample I/System.out: FLINTEMI: onGoToLocationStatusChanged:location=a,status=start,description=Unknown
06-01 14:04:19.868 3234-3234/com.robotemi.sdk.sample I/System.out: FLINTEMI: onGoToLocationStatusChanged:location=a,status=start,description=Unknown
06-01 14:04:19.868 3234-3234/com.robotemi.sdk.sample D/GoToStatusChanged: descriptionId=0, description=Unknown
06-01 14:04:19.869 3234-3234/com.robotemi.sdk.sample I/System.out: FLINTEMI: onGoToLocationStatusChanged:location=a,status=start,description=Unknown
06-01 14:04:19.869 3234-3234/com.robotemi.sdk.sample I/System.out: FLINTEMI: onGoToLocationStatusChanged:location=a,status=start,description=Unknown
06-01 14:04:19.874 3234-3234/com.robotemi.sdk.sample I/System.out: FLINTEMI: onGoToLocationStatusChanged:location=a,status=abort,description=Unknown
06-01 14:04:19.874 3234-3234/com.robotemi.sdk.sample I/System.out: FLINTEMI: onGoToLocationStatusChanged:location=a,status=abort,description=Unknown
06-01 14:04:19.874 3234-3234/com.robotemi.sdk.sample I/System.out: FLINTEMI: onGoToLocationStatusChanged:location=a,status=abort,description=Unknown
06-01 14:04:19.874 3234-3234/com.robotemi.sdk.sample I/System.out: FLINTEMI: onGoToLocationStatusChanged:location=a,status=abort,description=Unknown
06-01 14:04:19.874 3234-3234/com.robotemi.sdk.sample D/GoToStatusChanged: descriptionId=0, description=Unknown
06-01 14:04:19.875 3234-3234/com.robotemi.sdk.sample I/System.out: FLINTEMI: onGoToLocationStatusChanged:location=a,status=abort,description=Unknown
06-01 14:04:19.875 3234-3234/com.robotemi.sdk.sample I/System.out: FLINTEMI: onGoToLocationStatusChanged:location=a,status=abort,description=Unknown
06-01 14:04:19.893 3234-3234/com.robotemi.sdk.sample I/System.out: FLINTEMI: onGoToLocationStatusChanged:location=a,status=start,description=Unknown
06-01 14:04:19.893 3234-3234/com.robotemi.sdk.sample I/System.out: FLINTEMI: onGoToLocationStatusChanged:location=a,status=start,description=Unknown
06-01 14:04:19.893 3234-3234/com.robotemi.sdk.sample I/System.out: FLINTEMI: onGoToLocationStatusChanged:location=a,status=start,description=Unknown
06-01 14:04:19.893 3234-3234/com.robotemi.sdk.sample I/System.out: FLINTEMI: onGoToLocationStatusChanged:location=a,status=start,description=Unknown
06-01 14:04:19.893 3234-3234/com.robotemi.sdk.sample D/GoToStatusChanged: descriptionId=0, description=Unknown
06-01 14:04:19.894 3234-3234/com.robotemi.sdk.sample I/System.out: FLINTEMI: onGoToLocationStatusChanged:location=a,status=start,description=Unknown
06-01 14:04:19.894 3234-3234/com.robotemi.sdk.sample I/System.out: FLINTEMI: onGoToLocationStatusChanged:location=a,status=start,description=Unknown
06-01 14:04:19.899 3234-3234/com.robotemi.sdk.sample I/System.out: FLINTEMI: onGoToLocationStatusChanged:location=a,status=abort,description=Unknown
06-01 14:04:19.899 3234-3234/com.robotemi.sdk.sample I/System.out: FLINTEMI: onGoToLocationStatusChanged:location=a,status=abort,description=Unknown
06-01 14:04:19.899 3234-3234/com.robotemi.sdk.sample I/System.out: FLINTEMI: onGoToLocationStatusChanged:location=a,status=abort,description=Unknown
06-01 14:04:19.899 3234-3234/com.robotemi.sdk.sample I/System.out: FLINTEMI: onGoToLocationStatusChanged:location=a,status=abort,description=Unknown
06-01 14:04:19.899 3234-3234/com.robotemi.sdk.sample D/GoToStatusChanged: descriptionId=0, description=Unknown
06-01 14:04:19.900 3234-3234/com.robotemi.sdk.sample I/System.out: FLINTEMI: onGoToLocationStatusChanged:location=a,status=abort,description=Unknown
06-01 14:04:19.900 3234-3234/com.robotemi.sdk.sample I/System.out: FLINTEMI: onGoToLocationStatusChanged:location=a,status=abort,description=Unknown
06-01 14:04:19.918 3234-3234/com.robotemi.sdk.sample I/System.out: FLINTEMI: onGoToLocationStatusChanged:location=a,status=start,description=Unknown
06-01 14:04:19.918 3234-3234/com.robotemi.sdk.sample I/System.out: FLINTEMI: onGoToLocationStatusChanged:location=a,status=start,description=Unknown
06-01 14:04:19.918 3234-3234/com.robotemi.sdk.sample I/System.out: FLINTEMI: onGoToLocationStatusChanged:location=a,status=start,description=Unknown
06-01 14:04:19.918 3234-3234/com.robotemi.sdk.sample I/System.out: FLINTEMI: onGoToLocationStatusChanged:location=a,status=start,description=Unknown
06-01 14:04:19.918 3234-3234/com.robotemi.sdk.sample D/GoToStatusChanged: descriptionId=0, description=Unknown
06-01 14:04:19.919 3234-3234/com.robotemi.sdk.sample I/System.out: FLINTEMI: onGoToLocationStatusChanged:location=a,status=start,description=Unknown
06-01 14:04:19.919 3234-3234/com.robotemi.sdk.sample I/System.out: FLINTEMI: onGoToLocationStatusChanged:location=a,status=start,description=Unknown
06-01 14:04:21.314 3234-3234/com.robotemi.sdk.sample I/System.out: FLINTEMI: onGoToLocationStatusChanged:location=a,status=going,description=Unknown
06-01 14:04:21.315 3234-3234/com.robotemi.sdk.sample I/System.out: FLINTEMI: onGoToLocationStatusChanged:location=a,status=going,description=Unknown
06-01 14:04:21.315 3234-3234/com.robotemi.sdk.sample I/System.out: FLINTEMI: onGoToLocationStatusChanged:location=a,status=going,description=Unknown
06-01 14:04:21.315 3234-3234/com.robotemi.sdk.sample I/System.out: FLINTEMI: onGoToLocationStatusChanged:location=a,status=going,description=Unknown
06-01 14:04:21.316 3234-3234/com.robotemi.sdk.sample D/GoToStatusChanged: descriptionId=10007, description=Unknown
06-01 14:04:21.320 3234-3234/com.robotemi.sdk.sample I/System.out: FLINTEMI: onGoToLocationStatusChanged:location=a,status=going,description=Unknown
06-01 14:04:21.320 3234-3234/com.robotemi.sdk.sample I/System.out: FLINTEMI: onGoToLocationStatusChanged:location=a,status=going,description=Unknown
06-01 14:04:22.417 3234-3234/com.robotemi.sdk.sample I/System.out: FLINTEMI: onGoToLocationStatusChanged:location=a,status=abort,description=Unknown
06-01 14:04:22.417 3234-3234/com.robotemi.sdk.sample I/System.out: FLINTEMI: onGoToLocationStatusChanged:location=a,status=abort,description=Unknown
06-01 14:04:22.418 3234-3234/com.robotemi.sdk.sample I/System.out: FLINTEMI: onGoToLocationStatusChanged:location=a,status=abort,description=Unknown
06-01 14:04:22.418 3234-3234/com.robotemi.sdk.sample I/System.out: FLINTEMI: onGoToLocationStatusChanged:location=a,status=abort,description=Unknown
06-01 14:04:22.418 3234-3234/com.robotemi.sdk.sample D/GoToStatusChanged: descriptionId=1005, description=Unknown
06-01 14:04:22.420 3234-3234/com.robotemi.sdk.sample I/System.out: FLINTEMI: onGoToLocationStatusChanged:location=a,status=abort,description=Unknown
06-01 14:04:22.420 3234-3234/com.robotemi.sdk.sample I/System.out: FLINTEMI: onGoToLocationStatusChanged:location=a,status=abort,description=Unknown
06-01 14:04:23.015 3234-3234/com.robotemi.sdk.sample D/onDetectionStateChanged: state = 1
06-01 14:04:24.656 3234-3234/com.robotemi.sdk.sample D/onDetectionStateChanged: state = 2
06-01 14:04:24.711 3234-3234/com.robotemi.sdk.sample D/onConstraintBeWith: status = true
06-01 14:04:25.750 3234-3234/com.robotemi.sdk.sample D/onDetectionStateChanged: state = 1
06-01 14:04:25.787 3234-3234/com.robotemi.sdk.sample D/onConstraintBeWith: status = false
