06-01 13:46:19.584 3234-3234/? I/art: Late-enabling -Xcheck:jni
06-01 13:46:19.625 3234-3234/? W/System: ClassLoader referenced unknown path: /data/app/com.robotemi.sdk.sample-2/lib/arm
06-01 13:46:19.630 3234-3234/? D/TemiSdkServiceConnection: startConnection(Context)
06-01 13:46:19.630 3234-3234/? D/TemiSdkServiceConnection: getSdkServiceIntent()
06-01 13:46:19.632 3234-3234/? D/TemiSdkServiceConnection: bindServiceUsa=true
06-01 13:46:19.668 3234-3234/com.robotemi.sdk.sample W/art: Before Android 4.1, method android.graphics.PorterDuffColorFilter androidx.vectordrawable.graphics.drawable.VectorDrawableCompat.updateTintFilter(android.graphics.PorterDuffColorFilter, android.content.res.ColorStateList, android.graphics.PorterDuff$Mode) would have incorrectly overridden the package-private method in android.graphics.drawable.Drawable
06-01 13:46:19.701 3234-3234/com.robotemi.sdk.sample I/art: Rejecting re-init on previously-failed class java.lang.Class<androidx.core.view.ViewCompat$2>
06-01 13:46:19.702 3234-3234/com.robotemi.sdk.sample I/art: Rejecting re-init on previously-failed class java.lang.Class<androidx.core.view.ViewCompat$2>
06-01 13:46:19.792 3234-3251/com.robotemi.sdk.sample D/OpenGLRenderer: Use EGL_SWAP_BEHAVIOR_PRESERVED: true
06-01 13:46:19.804 3234-3234/com.robotemi.sdk.sample D/TemiSdkServiceConnection: onServiceConnected(ComponentName, IBinder) (name=ComponentInfo{com.roboteam.teamy.usa/com.roboteam.teamy.sdk.SdkService}, service=android.os.BinderProxy@af0f89d, thread=main)
06-01 13:46:19.841 3234-3251/com.robotemi.sdk.sample I/mali_so: [File] : hardware/arm/maliT760/driver/product/base/src/mali_base_kbase.c; [Line] : 928; [Func] : base_context_deal_with_version_affairs_rk_ext;
    arm_release_ver of this mali_so is 'r12p0-04rel0', rk_so_ver is '12@0', built at '17:00:15', on 'Aug 16 2016'.
06-01 13:46:19.841 3234-3251/com.robotemi.sdk.sample I/mali_so: [File] : hardware/arm/maliT760/driver/product/base/src/mali_base_kbase.c; [Line] : 955; [Func] : base_context_deal_with_version_affairs_rk_ext;
    mali_ver_property has been set to 'r12p0-04rel0-13-12@0', to return.
06-01 13:46:19.843 3234-3251/com.robotemi.sdk.sample I/OpenGLRenderer: Initialized EGL, version 1.4
06-01 13:46:19.851 3234-3251/com.robotemi.sdk.sample D/Surface: Surface::final mReqUsage=a00
06-01 13:46:19.851 3234-3251/com.robotemi.sdk.sample D/mali_winsys: EGLint new_window_surface(egl_winsys_display*, void*, EGLSurface, EGLConfig, egl_winsys_surface**, egl_color_buffer_format*, EGLBoolean) returns 0x3000
06-01 13:47:05.498 3234-3234/com.robotemi.sdk.sample D/onDetectionStateChanged: state = 2
06-01 13:47:05.584 3234-3234/com.robotemi.sdk.sample D/onConstraintBeWith: status = true
06-01 13:47:18.335 3234-3234/com.robotemi.sdk.sample I/System.out: FLINTEMI: InitialisationSequence Constructor
06-01 13:47:18.340 3234-3234/com.robotemi.sdk.sample I/System.out: FLINTEMI Locations=[home base, a, b]
06-01 13:47:18.340 3234-3234/com.robotemi.sdk.sample I/System.out: End constructor
06-01 13:47:18.340 3234-3234/com.robotemi.sdk.sample I/System.out: FLINTEMI: Create Initialisation Routine
06-01 13:47:18.342 3234-3234/com.robotemi.sdk.sample I/System.out: FLINTEMI: Started
06-01 13:47:18.342 3234-3234/com.robotemi.sdk.sample I/System.out: FLINTEMI: Construct ttsListener
06-01 13:47:18.342 3234-3234/com.robotemi.sdk.sample I/System.out: FLINTEMI: Add new Listener
06-01 13:47:18.342 3234-3322/com.robotemi.sdk.sample I/System.out: FLINTEMI: Run
06-01 13:47:18.342 3234-3234/com.robotemi.sdk.sample I/System.out: FLINTEMI: Added new Listener
06-01 13:47:18.342 3234-3322/com.robotemi.sdk.sample I/System.out: FLINTEMI: Do action at index=0
06-01 13:47:18.342 3234-3322/com.robotemi.sdk.sample I/System.out: FLINTEMI: speak line at speechIndex=0
06-01 13:47:18.351 3234-3322/com.robotemi.sdk.sample I/System.out: FLINTEMI: speechIndex++
06-01 13:47:18.351 3234-3322/com.robotemi.sdk.sample I/System.out: FLINTEMI: speechIndex=1
06-01 13:47:18.351 3234-3322/com.robotemi.sdk.sample I/System.out: FLINTEMI: Finished action at index=0
06-01 13:47:18.351 3234-3322/com.robotemi.sdk.sample I/System.out: FLINTEMI: synchronise routine
06-01 13:47:18.351 3234-3322/com.robotemi.sdk.sample I/System.out: FLINTEMI: try state machine wait
06-01 13:47:18.359 3234-3234/com.robotemi.sdk.sample I/System.out: FLINTEMI: TtsRequest.getStatus()=PROCESSING:Starting custom routine. Beep boop.
06-01 13:47:19.204 3234-3234/com.robotemi.sdk.sample I/System.out: FLINTEMI: TtsRequest.getStatus()=STARTED:Starting custom routine. Beep boop.
06-01 13:47:20.548 3234-3234/com.robotemi.sdk.sample D/onDetectionStateChanged: state = 1
06-01 13:47:20.606 3234-3234/com.robotemi.sdk.sample D/onConstraintBeWith: status = false
06-01 13:47:22.162 3234-3234/com.robotemi.sdk.sample I/System.out: FLINTEMI: TtsRequest.getStatus()=COMPLETED:Starting custom routine. Beep boop.
06-01 13:47:22.162 3234-3234/com.robotemi.sdk.sample I/System.out: FLINTEMI: ttsReqeustStatus=COMPLETED,notify
06-01 13:47:22.163 3234-3322/com.robotemi.sdk.sample I/System.out: FLINTEMI: Do action at index=0
06-01 13:47:22.163 3234-3322/com.robotemi.sdk.sample I/System.out: FLINTEMI: speak line at speechIndex=1
06-01 13:47:22.169 3234-3322/com.robotemi.sdk.sample I/System.out: FLINTEMI: speechIndex++
06-01 13:47:22.169 3234-3322/com.robotemi.sdk.sample I/System.out: FLINTEMI: speechIndex=2
06-01 13:47:22.169 3234-3322/com.robotemi.sdk.sample I/System.out: FLINTEMI: completeSpeechSub set to true
06-01 13:47:22.169 3234-3322/com.robotemi.sdk.sample I/System.out: FLINTEMI: Finished action at index=1
06-01 13:47:22.169 3234-3322/com.robotemi.sdk.sample I/System.out: FLINTEMI: synchronise routine
06-01 13:47:22.169 3234-3322/com.robotemi.sdk.sample I/System.out: FLINTEMI: try state machine wait
06-01 13:47:22.182 3234-3234/com.robotemi.sdk.sample I/System.out: FLINTEMI: TtsRequest.getStatus()=PROCESSING:I will start my patrol.
06-01 13:47:22.607 3234-3234/com.robotemi.sdk.sample I/System.out: FLINTEMI: TtsRequest.getStatus()=STARTED:I will start my patrol.
06-01 13:47:24.029 3234-3234/com.robotemi.sdk.sample I/System.out: FLINTEMI: TtsRequest.getStatus()=COMPLETED:I will start my patrol.
06-01 13:47:24.030 3234-3234/com.robotemi.sdk.sample I/System.out: FLINTEMI: ttsReqeustStatus=COMPLETED,notify
06-01 13:47:24.030 3234-3234/com.robotemi.sdk.sample I/System.out: FLINTEMI: ttsReqeustStatus=COMPLETED,stateMachine.isCompleteSub=true,notify
06-01 13:47:24.030 3234-3234/com.robotemi.sdk.sample I/System.out: FLINTEMI: addOnGoToLocationStatusChangedListener
06-01 13:47:24.030 3234-3234/com.robotemi.sdk.sample I/System.out: FLINTEMI: Construct patrolLocationListener
06-01 13:47:24.031 3234-3234/com.robotemi.sdk.sample I/System.out: FLINTEMI: ttsListenerRemoved
06-01 13:47:24.031 3234-3322/com.robotemi.sdk.sample I/System.out: FLINTEMI: Do action at index=1
06-01 13:47:24.031 3234-3322/com.robotemi.sdk.sample I/System.out: FLINTEMI: going to location=1, name=a
06-01 13:47:24.038 3234-3322/com.robotemi.sdk.sample I/System.out: FLINTEMI: Increment locationIndex to locationIndex=2
06-01 13:47:24.038 3234-3322/com.robotemi.sdk.sample I/System.out: FLINTEMI: Finished action at index=1
06-01 13:47:24.038 3234-3322/com.robotemi.sdk.sample I/System.out: FLINTEMI: synchronise routine
06-01 13:47:24.038 3234-3322/com.robotemi.sdk.sample I/System.out: FLINTEMI: try state machine wait
06-01 13:47:24.152 3234-3234/com.robotemi.sdk.sample D/GoToStatusChanged: descriptionId=0, description=Unknown
06-01 13:47:24.159 3234-3234/com.robotemi.sdk.sample I/System.out: FLINTEMI: onGoToLocationStatusChanged:location=a,status=start,description=Unknown
06-01 13:47:25.152 3234-3234/com.robotemi.sdk.sample D/onDetectionStateChanged: state = 0
06-01 13:47:25.195 3234-3234/com.robotemi.sdk.sample D/GoToStatusChanged: descriptionId=1005, description=Unknown
06-01 13:47:25.200 3234-3234/com.robotemi.sdk.sample I/System.out: FLINTEMI: onGoToLocationStatusChanged:location=a,status=abort,description=Unknown
06-01 13:47:26.307 3234-3234/com.robotemi.sdk.sample D/onDetectionStateChanged: state = 2
06-01 13:47:26.390 3234-3234/com.robotemi.sdk.sample D/onConstraintBeWith: status = true
06-01 13:47:35.897 3234-3234/com.robotemi.sdk.sample D/onDetectionStateChanged: state = 1
06-01 13:47:35.950 3234-3234/com.robotemi.sdk.sample D/onConstraintBeWith: status = false
