05-25 14:37:35.632 6027-6027/? I/art: Late-enabling -Xcheck:jni
05-25 14:37:35.672 6027-6033/? I/art: Debugger is no longer active
05-25 14:37:35.724 6027-6027/? W/System: ClassLoader referenced unknown path: /data/app/com.robotemi.sdk.sample-1/lib/arm
05-25 14:37:35.731 6027-6027/? D/TemiSdkServiceConnection: startConnection(Context)
05-25 14:37:35.731 6027-6027/? D/TemiSdkServiceConnection: getSdkServiceIntent()
05-25 14:37:35.733 6027-6027/? D/TemiSdkServiceConnection: bindServiceUsa=true
05-25 14:37:35.778 6027-6027/? W/art: Before Android 4.1, method android.graphics.PorterDuffColorFilter androidx.vectordrawable.graphics.drawable.VectorDrawableCompat.updateTintFilter(android.graphics.PorterDuffColorFilter, android.content.res.ColorStateList, android.graphics.PorterDuff$Mode) would have incorrectly overridden the package-private method in android.graphics.drawable.Drawable
05-25 14:37:35.807 6027-6027/? I/art: Rejecting re-init on previously-failed class java.lang.Class<androidx.core.view.ViewCompat$2>
05-25 14:37:35.807 6027-6027/? I/art: Rejecting re-init on previously-failed class java.lang.Class<androidx.core.view.ViewCompat$2>
05-25 14:37:35.893 6027-6044/? D/OpenGLRenderer: Use EGL_SWAP_BEHAVIOR_PRESERVED: true
05-25 14:37:35.909 6027-6027/? D/TemiSdkServiceConnection: onServiceConnected(ComponentName, IBinder) (name=ComponentInfo{com.roboteam.teamy.usa/com.roboteam.teamy.sdk.SdkService}, service=android.os.BinderProxy@af0f89d, thread=main)
05-25 14:37:35.984 6027-6044/? I/mali_so: [File] : hardware/arm/maliT760/driver/product/base/src/mali_base_kbase.c; [Line] : 928; [Func] : base_context_deal_with_version_affairs_rk_ext;
    arm_release_ver of this mali_so is 'r12p0-04rel0', rk_so_ver is '12@0', built at '17:00:15', on 'Aug 16 2016'.
05-25 14:37:35.984 6027-6044/? I/mali_so: [File] : hardware/arm/maliT760/driver/product/base/src/mali_base_kbase.c; [Line] : 955; [Func] : base_context_deal_with_version_affairs_rk_ext;
    mali_ver_property has been set to 'r12p0-04rel0-13-12@0', to return.
05-25 14:37:35.986 6027-6044/? I/OpenGLRenderer: Initialized EGL, version 1.4
05-25 14:37:35.996 6027-6044/? D/Surface: Surface::final mReqUsage=a00
05-25 14:37:35.996 6027-6044/? D/mali_winsys: EGLint new_window_surface(egl_winsys_display*, void*, EGLSurface, EGLConfig, egl_winsys_surface**, egl_color_buffer_format*, EGLBoolean) returns 0x3000
05-25 14:37:36.980 6027-6027/com.robotemi.sdk.sample D/onConstraintBeWith: status = true
05-25 14:37:40.264 6027-6027/com.robotemi.sdk.sample D/onConstraintBeWith: status = false
05-25 14:37:40.328 6027-6027/com.robotemi.sdk.sample I/System.out: FLINTEMI: InitialisationSequence Constructor
05-25 14:37:40.328 6027-6027/com.robotemi.sdk.sample I/System.out: End constructor
05-25 14:37:40.328 6027-6027/com.robotemi.sdk.sample I/System.out: FLINTEMI: Create Initialisation Routine
05-25 14:37:40.330 6027-6027/com.robotemi.sdk.sample I/System.out: FLINTEMI: Started
05-25 14:37:40.330 6027-6027/com.robotemi.sdk.sample I/System.out: FLINTEMI: Construct ttsListener
05-25 14:37:40.330 6027-6027/com.robotemi.sdk.sample I/System.out: FLINTEMI: Add new Listener
05-25 14:37:40.330 6027-6071/com.robotemi.sdk.sample I/System.out: FLINTEMI: Run
05-25 14:37:40.330 6027-6027/com.robotemi.sdk.sample I/System.out: FLINTEMI: Added new Listener
05-25 14:37:40.330 6027-6071/com.robotemi.sdk.sample I/System.out: FLINTEMI: Do action at index=0
05-25 14:37:40.330 6027-6071/com.robotemi.sdk.sample I/System.out: FLINTEMI: speak line at speechIndex0
05-25 14:37:40.337 6027-6071/com.robotemi.sdk.sample I/System.out: FLINTEMI: speechIndex++
05-25 14:37:40.338 6027-6071/com.robotemi.sdk.sample I/System.out: FLINTEMI: Finished action at index=0
05-25 14:37:40.338 6027-6071/com.robotemi.sdk.sample I/System.out: FLINTEMI: synchronise routine
05-25 14:37:40.338 6027-6071/com.robotemi.sdk.sample I/System.out: FLINTEMI: try wait
05-25 14:37:40.345 6027-6027/com.robotemi.sdk.sample I/System.out: FLINTEMI: TtsRequest.getStatus()=PROCESSING:Starting custom routine. Beep boop.
05-25 14:37:41.402 6027-6027/com.robotemi.sdk.sample I/System.out: FLINTEMI: TtsRequest.getStatus()=STARTED:Starting custom routine. Beep boop.
05-25 14:37:44.343 6027-6027/com.robotemi.sdk.sample I/System.out: FLINTEMI: TtsRequest.getStatus()=COMPLETED:Starting custom routine. Beep boop.
05-25 14:37:44.344 6027-6071/com.robotemi.sdk.sample I/System.out: FLINTEMI: Do action at index=0
05-25 14:37:44.344 6027-6071/com.robotemi.sdk.sample I/System.out: FLINTEMI: speak line at speechIndex1
05-25 14:37:44.362 6027-6071/com.robotemi.sdk.sample I/System.out: FLINTEMI: speechIndex++
05-25 14:37:44.363 6027-6071/com.robotemi.sdk.sample I/System.out: FLINTEMI: Finished action at index=1
05-25 14:37:44.363 6027-6071/com.robotemi.sdk.sample I/System.out: FLINTEMI: synchronise routine
05-25 14:37:44.363 6027-6071/com.robotemi.sdk.sample I/System.out: FLINTEMI: try wait
05-25 14:37:44.372 6027-6027/com.robotemi.sdk.sample I/System.out: FLINTEMI: TtsRequest.getStatus()=PROCESSING:I will start my patrol.
05-25 14:37:45.066 6027-6027/com.robotemi.sdk.sample I/System.out: FLINTEMI: TtsRequest.getStatus()=STARTED:I will start my patrol.
05-25 14:37:47.013 6027-6027/com.robotemi.sdk.sample I/System.out: FLINTEMI: TtsRequest.getStatus()=COMPLETED:I will start my patrol.
05-25 14:37:47.013 6027-6027/com.robotemi.sdk.sample I/System.out: FLINTEMI: ttsListenerRemoved
05-25 14:37:47.013 6027-6071/com.robotemi.sdk.sample I/System.out: FLINTEMI: Do action at index=1
05-25 14:37:47.020 6027-6071/com.robotemi.sdk.sample I/System.out: FLINTEMI: Finished action at index=3
05-25 14:37:47.020 6027-6071/com.robotemi.sdk.sample I/System.out: FLINTEMI: synchronise routine
05-25 14:37:47.020 6027-6071/com.robotemi.sdk.sample I/System.out: FLINTEMI: try wait
05-25 14:37:47.081 6027-6027/com.robotemi.sdk.sample D/GoToStatusChanged: descriptionId=0, description=Unknown
05-25 14:37:54.105 6027-6027/com.robotemi.sdk.sample D/GoToStatusChanged: descriptionId=10007, description=Unknown
05-25 14:37:57.533 6027-6027/com.robotemi.sdk.sample D/GoToStatusChanged: descriptionId=2002, description=Height Obstacle
05-25 14:38:07.637 6027-6027/com.robotemi.sdk.sample D/GoToStatusChanged: descriptionId=10007, description=Unknown
05-25 14:38:39.062 6027-6027/com.robotemi.sdk.sample D/GoToStatusChanged: descriptionId=500, description=Unknown
05-25 14:38:39.068 6027-6027/com.robotemi.sdk.sample D/AndroidRuntime: Shutting down VM
    
    
    --------- beginning of crash
05-25 14:38:39.069 6027-6027/com.robotemi.sdk.sample E/AndroidRuntime: FATAL EXCEPTION: main
    Process: com.robotemi.sdk.sample, PID: 6027
    java.lang.IllegalMonitorStateException: object not locked by thread before notify()
        at java.lang.Object.notify(Native Method)
        at com.robotemi.sdk.sample.MainActivity$patrolLocationListener.onGoToLocationStatusChanged(MainActivity.java:125)
        at com.robotemi.sdk.Robot$sdkServiceCallback$1$onGoToLocationStatusChanged$1.run(Robot.kt:185)
        at android.os.Handler.handleCallback(Handler.java:743)
        at android.os.Handler.dispatchMessage(Handler.java:95)
        at android.os.Looper.loop(Looper.java:148)
        at android.app.ActivityThread.main(ActivityThread.java:5417)
        at java.lang.reflect.Method.invoke(Native Method)
        at com.android.internal.os.ZygoteInit$MethodAndArgsCaller.run(ZygoteInit.java:772)
        at com.android.internal.os.ZygoteInit.main(ZygoteInit.java:662)
05-25 14:38:45.878 6027-6027/com.robotemi.sdk.sample I/Process: Sending signal. PID: 6027 SIG: 9
