12-10 13:43:01.958   700   700 E ThemeUtils: View class androidx.appcompat.widget.AppCompatTextView is an AppCompat widget that can only be used with a Theme.AppCompat theme (or descendant).
12-10 13:43:01.961   700   700 E ThemeUtils: View class androidx.appcompat.widget.AppCompatTextView is an AppCompat widget that can only be used with a Theme.AppCompat theme (or descendant).
12-10 13:43:02.011  2633  2633 I System.out: FLINTEMI: onGoToLocationStatusChanged:location=a,status=complete,description=Unknown
12-10 13:43:02.011  2633  2633 I System.out: FLINTEMI: OnGoToLocationStatusChanged=COMPLETE,notify
12-10 13:43:02.012  2633  2672 I System.out: FLINTEMI: Reset the location index to 1 from 2
12-10 13:43:02.012  2633  2672 I System.out: FLINTEMI: Loops complete=3
12-10 13:43:02.013  2633  2672 I System.out: FLINTEMI: Create Timer
12-10 13:43:02.013  2633  2672 I System.out: FLINTEMI: wait()
12-10 13:43:02.018   568   582 V WindowManager: Done at AppWindowToken{283334b token=Token{c5616c2 ActivityRecord{f84b70d u0 com.robotemi.sdk.sample/.MainActivity t184}}} -- full screen, return 0
12-10 13:43:02.032   568   699 I MediaFocusControl:  AudioFocus  requestAudioFocus() from android.media.AudioManager@72715com.roboteam.teamy.assistants.ConversationMediator@323a2a req=3flags=0x0
12-10 13:43:02.033   568   580 I MediaFocusControl:  AudioFocus  requestAudioFocus() from android.media.AudioManager@72715com.roboteam.teamy.assistants.ConversationMediator@323a2a req=3flags=0x0
12-10 13:43:02.040   568   739 I WindowStateAnimator: createSurface WindowStateAnimator{7889a00 }: mDrawState=DRAW_PENDING
12-10 13:43:02.042   568   739 V WindowManager: Done at AppWindowToken{283334b token=Token{c5616c2 ActivityRecord{f84b70d u0 com.robotemi.sdk.sample/.MainActivity t184}}} -- full screen, return 0
12-10 13:43:02.042   568   739 V WindowManager: Resize reasons for w=Window{4ba6883 u0 com.roboteam.teamy.usa}:  contentInsetsChanged=false [0,0][0,0] visibleInsetsChanged=false [0,0][0,0] stableInsetsChanged=false [0,0][0,0] outsetsChanged=false [0,0][0,0] surfaceResized=true configChanged=true
12-10 13:43:02.042   568   739 V WindowManager: Resizing window Window{4ba6883 u0 com.roboteam.teamy.usa} to 1920.0x1200.0
12-10 13:43:02.057   568   739 V WindowState: Reporting new frame to Window{4ba6883 u0 com.roboteam.teamy.usa}: Rect(0, 0 - 1920, 1200)
12-10 13:43:02.058   568   739 I WindowState: Sending new config to window Window{4ba6883 u0 com.roboteam.teamy.usa}: 1920.0x1200.0 / config={1.0 ?mcc?mnc en_US ldltr sw800dp w1280dp h800dp 240dpi xlrg land finger -keyb/v/h -nav/h s.4} overrideConfig={1.0 ?mcc?mnc ?locale ?layoutDir ?swdp ?wdp ?hdp ?density ?lsize ?long ?orien ?uimode ?night ?touch ?keyb/?/? ?nav/?}
12-10 13:43:02.058   568   739 I WindowState: Resizing Window{4ba6883 u0 com.roboteam.teamy.usa} WITH DRAW PENDING
12-10 13:43:02.063   700  1351 D Surface : Surface::final mReqUsage=a00
12-10 13:43:02.063   700  1351 D mali_winsys: EGLint new_window_surface(egl_winsys_display*, void*, EGLSurface, EGLConfig, egl_winsys_surface**, egl_color_buffer_format*, EGLBoolean) returns 0x3000
12-10 13:43:02.075   568   589 E WindowManager: Unknown window type: 2999
12-10 13:43:02.076   191   194 D gralloc : Isfb=0, [1920,1200,1920,7680], fmt=1, byte_stride=7680
12-10 13:43:02.088   191   194 D gralloc : Isfb=0, [1920,1200,1920,7680], fmt=1, byte_stride=7680
12-10 13:43:02.102   191   194 D gralloc : Isfb=0, [1920,1200,1920,7680], fmt=1, byte_stride=7680
12-10 13:43:02.108   568  1153 W AppOps  : Finishing op nesting under-run: uid 1000 pkg com.roboteam.teamy.usa code 24 time=0 duration=0 nesting=0
12-10 13:43:02.110   568  1153 V WindowManager: Done at AppWindowToken{283334b token=Token{c5616c2 ActivityRecord{f84b70d u0 com.robotemi.sdk.sample/.MainActivity t184}}} -- full screen, return 0
12-10 13:43:02.120   568   589 E WindowManager: Unknown window type: 2999
12-10 13:43:02.132   191   196 D gralloc : Isfb=0, [1200,1920,1200,4800], fmt=1, byte_stride=4800
12-10 13:43:02.154   191   194 D gralloc : Isfb=0, [1200,1920,1200,4800], fmt=1, byte_stride=4800
12-10 13:43:02.158   568   699 V WindowStateAnimator: finishDrawingLocked: mDrawState=COMMIT_DRAW_PENDING WindowStateAnimator{7889a00 } in Surface(name=)
12-10 13:43:02.158   568   589 I WindowManager:   SURFACE SHOW (performShowLocked): Window{4ba6883 u0 com.roboteam.teamy.usa}
12-10 13:43:02.174   568   589 E WindowManager: Unknown window type: 2999
12-10 13:43:02.184   191   196 D gralloc : Isfb=0, [1200,1920,1200,4800], fmt=1, byte_stride=4800
12-10 13:43:02.190   568   589 E WindowManager: Unknown window type: 2999
12-10 13:43:02.276   227   548 D NuPlayerDriver: reset(0xb79c1030)
12-10 13:43:02.276   227   548 D NuPlayerDriver: notifyListener_l(0xb79c1030), (8, 0, 0)
12-10 13:43:02.280   227  2836 W AMessage: failed to post message as target looper for handler 0 is gone.
12-10 13:43:02.281   227  2836 D NuPlayerDriver: notifyResetComplete(0xb79c1030)
12-10 13:43:02.281   227   631 D NuPlayerDriver: reset(0xb79c1030)
12-10 13:43:02.282   227   631 E MediaPlayerFactory: 2019 03 30 -------- getPlayerType()44444444444444 call GET_PLAYER_TYPE_IMPL() !!!! 
12-10 13:43:02.292   227  2845 D NuPlayerDriver: notifyListener_l(0xb79c1030), (1, 0, 0)
12-10 13:43:02.296   227   548 D NuPlayerDriver: start(0xb79c1030), state is 4, eos is 0
12-10 13:43:02.296   227  2845 I GenericSource: start
12-10 13:43:02.309   227  2849 E OMXNodeInstance: setConfig(2f:google.opus.decoder, ConfigPriority(0x6f800002)) ERROR: Undefined(0x80001001)
12-10 13:43:02.309   227  2849 I ACodec  : codec does not support config priority (err -2147483648)
12-10 13:43:02.310   227  2849 I MediaCodec: MediaCodec will operate in async mode
12-10 13:43:02.318   227  2845 D NuPlayerDriver: notifyListener_l(0xb79c1030), (6, 0, 0)
12-10 13:43:02.318   227  2847 W MediaClock: reject anchor time since it is negative.
12-10 13:43:02.321   227  2847 W MediaClock: reject anchor time since it is negative.
12-10 13:43:02.322   227  2847 W MediaClock: reject anchor time since it is negative.
12-10 13:43:02.323   227  2847 W MediaClock: reject anchor time since it is negative.
12-10 13:43:02.323   227  2847 W MediaClock: reject anchor time since it is negative.
12-10 13:43:02.327   227  2847 W MediaClock: reject anchor time since it is negative.
12-10 13:43:02.327   227  2847 W MediaClock: reject anchor time since it is negative.
12-10 13:43:02.327   227  2847 W MediaClock: reject anchor time since it is negative.
12-10 13:43:02.327   227  2847 W MediaClock: reject anchor time since it is negative.
12-10 13:43:02.329   227  2847 W MediaClock: reject anchor time since it is negative.
12-10 13:43:02.329   227  2847 W MediaClock: reject anchor time since it is negative.
12-10 13:43:02.330   227  2847 W MediaClock: reject anchor time since it is negative.
12-10 13:43:02.330   227  2847 W MediaClock: reject anchor time since it is negative.
12-10 13:43:02.331   227  2847 W MediaClock: reject anchor time since it is negative.
12-10 13:43:02.331   227  2847 W MediaClock: reject anchor time since it is negative.
12-10 13:43:02.332   227  2847 W MediaClock: reject anchor time since it is negative.
12-10 13:43:02.332   227  2847 W MediaClock: reject anchor time since it is negative.
12-10 13:43:02.338   227  2847 W MediaClock: reject anchor time since it is negative.
12-10 13:43:02.339   227  2847 W MediaClock: reject anchor time since it is negative.
12-10 13:43:02.339   227  2847 W MediaClock: reject anchor time since it is negative.
12-10 13:43:02.340   227  2847 W MediaClock: reject anchor time since it is negative.
12-10 13:43:02.341   227  2847 W MediaClock: reject anchor time since it is negative.
12-10 13:43:02.342   227  2847 W MediaClock: reject anchor time since it is negative.
12-10 13:43:02.342   227  2847 W MediaClock: reject anchor time since it is negative.
12-10 13:43:02.343   227  2847 W MediaClock: reject anchor time since it is negative.
12-10 13:43:02.369   227   329 D AudioFlinger: mixer(0xb3638008) throttle end: throttle time(10)
12-10 13:43:05.454   568   580 W AppOps  : Finishing op nesting under-run: uid 1000 pkg com.roboteam.teamy.usa code 24 time=0 duration=0 nesting=0
12-10 13:43:05.459   568   580 V WindowManager: Done at AppWindowToken{283334b token=Token{c5616c2 ActivityRecord{f84b70d u0 com.robotemi.sdk.sample/.MainActivity t184}}} -- full screen, return 0
12-10 13:43:05.463   568   589 E WindowManager: Unknown window type: 2999
12-10 13:43:08.231   227  2848 I NuPlayerDecoder: [audio] saw output EOS
12-10 13:43:08.807   227  2845 D NuPlayerDriver: notifyListener_l(0xb79c1030), (2, 0, 0)
12-10 13:43:08.814   568  1694 I MediaFocusControl:  AudioFocus  abandonAudioFocus() from android.media.AudioManager@72715com.roboteam.teamy.assistants.ConversationMediator@323a2a
12-10 13:43:08.818  2633  2633 I System.out: FLINTEMI: TtsRequest.getStatus()=COMPLETED:I will wait here for 15 seconds. Please, feel free to use my hand sanitiser dispenser.
12-10 13:43:08.822  2633  2633 I System.out: FLINTEMI: Waiting for 15000ms starting:10/12/2020 13:43:08
12-10 13:43:08.822  2633  2633 I System.out: FLINTEMI: setText to "Waiting ..."
12-10 13:43:08.824  2633  2633 D Detection: addOnDetectionStateChangedListener
12-10 13:43:08.825  2633  2633 I System.out: FLINTEMI: Removed WaitTTSListener
12-10 13:43:16.271   568   625 D ConnectivityService: notifyType CAP_CHANGED for NetworkAgentInfo [WIFI () - 100]
12-10 13:43:16.282   568   625 D ConnectivityService: updateNetworkScore for NetworkAgentInfo [WIFI () - 100] to 56
12-10 13:43:23.828  2633  2844 I System.out: FLINTEMI: Waiting for 10 seconds completed:10/12/2020 13:43:23
12-10 13:43:23.829  2633  2844 I System.out: FLINTEMI: endWait(), notify()
12-10 13:43:23.829  2633  2672 I System.out: FLINTEMI: Do action at state=1
12-10 13:43:23.832  2633  2672 I Battery : 100
12-10 13:43:23.832  2633  2672 I System.out: FLINTEMI: going to location=1, name=b
12-10 13:43:23.833  2633  2633 I System.out: FLINTEMI: setText to "Going to the next waypoint ..."
12-10 13:43:23.865   568   740 I MediaFocusControl:  AudioFocus  requestAudioFocus() from android.media.AudioManager@72715com.roboteam.teamy.assistants.ConversationMediator@323a2a req=3flags=0x0
12-10 13:43:23.865  2633  2672 I System.out: FLINTEMI: Finished action at state=1
12-10 13:43:23.865  2633  2672 I System.out: FLINTEMI: synchronise routine
12-10 13:43:23.865  2633  2672 I System.out: FLINTEMI: try state machine wait
12-10 13:43:23.870   568   698 I MediaFocusControl:  AudioFocus  requestAudioFocus() from android.media.AudioManager@72715com.roboteam.teamy.assistants.ConversationMediator@323a2a req=3flags=0x0
12-10 13:43:23.915   700   700 E ThemeUtils: View class androidx.appcompat.widget.AppCompatTextView is an AppCompat widget that can only be used with a Theme.AppCompat theme (or descendant).
12-10 13:43:23.917   700   700 E ThemeUtils: View class androidx.appcompat.widget.AppCompatTextView is an AppCompat widget that can only be used with a Theme.AppCompat theme (or descendant).
12-10 13:43:23.951  2633  2633 I System.out: FLINTEMI: onGoToLocationStatusChanged:location=b,status=start,description=Unknown
12-10 13:43:23.955   568   698 V WindowManager: Done at AppWindowToken{283334b token=Token{c5616c2 ActivityRecord{f84b70d u0 com.robotemi.sdk.sample/.MainActivity t184}}} -- full screen, return 0
12-10 13:43:23.968   568  1694 I WindowStateAnimator: createSurface WindowStateAnimator{db109df }: mDrawState=DRAW_PENDING
12-10 13:43:23.970   568  1694 V WindowManager: Done at AppWindowToken{283334b token=Token{c5616c2 ActivityRecord{f84b70d u0 com.robotemi.sdk.sample/.MainActivity t184}}} -- full screen, return 0
12-10 13:43:23.970   568  1694 V WindowManager: Resize reasons for w=Window{b87407e u0 com.roboteam.teamy.usa}:  contentInsetsChanged=false [0,0][0,0] visibleInsetsChanged=false [0,0][0,0] stableInsetsChanged=false [0,0][0,0] outsetsChanged=false [0,0][0,0] surfaceResized=true configChanged=true
12-10 13:43:23.970   568  1694 V WindowManager: Resizing window Window{b87407e u0 com.roboteam.teamy.usa} to 1920.0x1200.0
12-10 13:43:23.984   568  1694 V WindowState: Reporting new frame to Window{b87407e u0 com.roboteam.teamy.usa}: Rect(0, 0 - 1920, 1200)
12-10 13:43:23.984   568  1694 I WindowState: Sending new config to window Window{b87407e u0 com.roboteam.teamy.usa}: 1920.0x1200.0 / config={1.0 ?mcc?mnc en_US ldltr sw800dp w1280dp h800dp 240dpi xlrg land finger -keyb/v/h -nav/h s.4} overrideConfig={1.0 ?mcc?mnc ?locale ?layoutDir ?swdp ?wdp ?hdp ?density ?lsize ?long ?orien ?uimode ?night ?touch ?keyb/?/? ?nav/?}
12-10 13:43:23.985   568  1694 I WindowState: Resizing Window{b87407e u0 com.roboteam.teamy.usa} WITH DRAW PENDING
12-10 13:43:23.989   700  1351 D Surface : Surface::final mReqUsage=a00
12-10 13:43:23.990   700  1351 D mali_winsys: EGLint new_window_surface(egl_winsys_display*, void*, EGLSurface, EGLConfig, egl_winsys_surface**, egl_color_buffer_format*, EGLBoolean) returns 0x3000
12-10 13:43:24.002   568   589 E WindowManager: Unknown window type: 2999
12-10 13:43:24.006   191   196 D gralloc : Isfb=0, [1920,1200,1920,7680], fmt=1, byte_stride=7680
12-10 13:43:24.017   191   196 D gralloc : Isfb=0, [1920,1200,1920,7680], fmt=1, byte_stride=7680
12-10 13:43:24.028   191   196 D gralloc : Isfb=0, [1920,1200,1920,7680], fmt=1, byte_stride=7680
12-10 13:43:24.047   191   196 D gralloc : Isfb=0, [1200,1920,1200,4800], fmt=1, byte_stride=4800
12-10 13:43:24.064   191   194 D gralloc : Isfb=0, [1200,1920,1200,4800], fmt=1, byte_stride=4800
12-10 13:43:24.066   568   579 V WindowStateAnimator: finishDrawingLocked: mDrawState=COMMIT_DRAW_PENDING WindowStateAnimator{db109df } in Surface(name=)
12-10 13:43:24.066   568   589 I WindowManager:   SURFACE SHOW (performShowLocked): Window{b87407e u0 com.roboteam.teamy.usa}
12-10 13:43:24.073   568   589 E WindowManager: Unknown window type: 2999
12-10 13:43:24.091   568   589 E WindowManager: Unknown window type: 2999
12-10 13:43:24.096   191   196 D gralloc : Isfb=0, [1200,1920,1200,4800], fmt=1, byte_stride=4800
12-10 13:43:24.331   227   631 D NuPlayerDriver: reset(0xb79c1030)
12-10 13:43:24.331   227   631 D NuPlayerDriver: notifyListener_l(0xb79c1030), (8, 0, 0)
12-10 13:43:24.337   227  2845 W AMessage: failed to post message as target looper for handler 0 is gone.
12-10 13:43:24.339   227  2845 D NuPlayerDriver: notifyResetComplete(0xb79c1030)
12-10 13:43:24.339   227   227 D NuPlayerDriver: reset(0xb79c1030)
12-10 13:43:24.342   227   227 E MediaPlayerFactory: 2019 03 30 -------- getPlayerType()44444444444444 call GET_PLAYER_TYPE_IMPL() !!!! 
12-10 13:43:24.352   227  2852 D NuPlayerDriver: notifyListener_l(0xb79c1030), (1, 0, 0)
12-10 13:43:24.367   227   548 D NuPlayerDriver: start(0xb79c1030), state is 4, eos is 0
12-10 13:43:24.368   227  2852 I GenericSource: start
12-10 13:43:24.370   568  1694 I WindowStateAnimator: createSurface WindowStateAnimator{4fd550f }: mDrawState=DRAW_PENDING
12-10 13:43:24.379   227  2856 E OMXNodeInstance: setConfig(30:google.opus.decoder, ConfigPriority(0x6f800002)) ERROR: Undefined(0x80001001)
12-10 13:43:24.379   227  2856 I ACodec  : codec does not support config priority (err -2147483648)
12-10 13:43:24.380   227  2856 I MediaCodec: MediaCodec will operate in async mode
12-10 13:43:24.381   568  1694 V WindowManager: Done at AppWindowToken{283334b token=Token{c5616c2 ActivityRecord{f84b70d u0 com.robotemi.sdk.sample/.MainActivity t184}}} -- full screen, return 0
12-10 13:43:24.385   700  1351 D Surface : Surface::final mReqUsage=a00
12-10 13:43:24.385   700  1351 D mali_winsys: EGLint new_window_surface(egl_winsys_display*, void*, EGLSurface, EGLConfig, egl_winsys_surface**, egl_color_buffer_format*, EGLBoolean) returns 0x3000
12-10 13:43:24.390   227  2852 D NuPlayerDriver: notifyListener_l(0xb79c1030), (6, 0, 0)
12-10 13:43:24.390   227  2854 W MediaClock: reject anchor time since it is negative.
12-10 13:43:24.391   227  2854 W MediaClock: reject anchor time since it is negative.
12-10 13:43:24.391   227  2854 W MediaClock: reject anchor time since it is negative.
12-10 13:43:24.392   227  2854 W MediaClock: reject anchor time since it is negative.
12-10 13:43:24.393   568   589 E WindowManager: Unknown window type: 2999
12-10 13:43:24.395   227  2854 W MediaClock: reject anchor time since it is negative.
12-10 13:43:24.395   227  2854 W MediaClock: reject anchor time since it is negative.
12-10 13:43:24.395   227  2854 W MediaClock: reject anchor time since it is negative.
12-10 13:43:24.397   227  2854 W MediaClock: reject anchor time since it is negative.
12-10 13:43:24.398   227  2854 W MediaClock: reject anchor time since it is negative.
12-10 13:43:24.400   227  2854 W MediaClock: reject anchor time since it is negative.
12-10 13:43:24.400   227  2854 W MediaClock: reject anchor time since it is negative.
12-10 13:43:24.401   227  2854 W MediaClock: reject anchor time since it is negative.
12-10 13:43:24.401   227  2854 W MediaClock: reject anchor time since it is negative.
12-10 13:43:24.407   227  2854 W MediaClock: reject anchor time since it is negative.
12-10 13:43:24.407   227  2854 W MediaClock: reject anchor time since it is negative.
12-10 13:43:24.408   227  2854 W MediaClock: reject anchor time since it is negative.
12-10 13:43:24.410   227  2854 W MediaClock: reject anchor time since it is negative.
12-10 13:43:24.411   227  2854 W MediaClock: reject anchor time since it is negative.
12-10 13:43:24.412   227  2854 W MediaClock: reject anchor time since it is negative.
12-10 13:43:24.413   227  2854 W MediaClock: reject anchor time since it is negative.
12-10 13:43:24.413   191   194 D gralloc : Isfb=0, [1920,1200,1920,7680], fmt=1, byte_stride=7680
12-10 13:43:24.414   227  2854 W MediaClock: reject anchor time since it is negative.
12-10 13:43:24.415   227  2854 W MediaClock: reject anchor time since it is negative.
12-10 13:43:24.416   227  2854 W MediaClock: reject anchor time since it is negative.
12-10 13:43:24.417   227  2854 W MediaClock: reject anchor time since it is negative.
12-10 13:43:24.418   227  2854 W MediaClock: reject anchor time since it is negative.
12-10 13:43:24.427   191   194 D gralloc : Isfb=0, [1920,1200,1920,7680], fmt=1, byte_stride=7680
12-10 13:43:24.440   191   194 D gralloc : Isfb=0, [1920,1200,1920,7680], fmt=1, byte_stride=7680
12-10 13:43:24.449   227   329 D AudioFlinger: mixer(0xb3638008) throttle end: throttle time(10)
12-10 13:43:24.458   191   196 D gralloc : Isfb=0, [1200,1920,1200,4800], fmt=1, byte_stride=4800
12-10 13:43:24.476   191   194 D gralloc : Isfb=0, [1200,1920,1200,4800], fmt=1, byte_stride=4800
12-10 13:43:24.478   568   698 V WindowStateAnimator: finishDrawingLocked: mDrawState=COMMIT_DRAW_PENDING WindowStateAnimator{4fd550f } in Surface(name=)
12-10 13:43:24.479   568   589 I WindowManager:   SURFACE SHOW (performShowLocked): Window{85cc00c u0 com.roboteam.teamy.usa}
12-10 13:43:24.480   568   589 E WindowManager: Unknown window type: 2999
12-10 13:43:24.494   191   194 D gralloc : Isfb=0, [1200,1920,1200,4800], fmt=1, byte_stride=4800
12-10 13:43:24.497   568   589 E WindowManager: Unknown window type: 2999
12-10 13:43:25.341   568   625 D ConnectivityService: updateNetworkScore for NetworkAgentInfo [WIFI () - 100] to 60
12-10 13:43:25.405  2633  2633 I System.out: FLINTEMI: onGoToLocationStatusChanged:location=,status=calculating,description=Calculating
12-10 13:43:27.060   227  2855 I NuPlayerDecoder: [audio] saw output EOS
12-10 13:43:27.707   227  2852 D NuPlayerDriver: notifyListener_l(0xb79c1030), (2, 0, 0)
12-10 13:43:27.751   568   698 I MediaFocusControl:  AudioFocus  abandonAudioFocus() from android.media.AudioManager@72715com.roboteam.teamy.assistants.ConversationMediator@323a2a
12-10 13:43:27.813  2633  2633 I System.out: FLINTEMI: onGoToLocationStatusChanged:location=b,status=going,description=Unknown
12-10 13:43:27.918   700   710 I art     : Background sticky concurrent mark sweep GC freed 261627(11MB) AllocSpace objects, 13(1836KB) LOS objects, 16% free, 68MB/82MB, paused 4.383ms total 111.575ms
12-10 13:43:28.435   568   579 V WindowManager: Done at AppWindowToken{283334b token=Token{c5616c2 ActivityRecord{f84b70d u0 com.robotemi.sdk.sample/.MainActivity t184}}} -- full screen, return 0
12-10 13:43:28.460   568   589 E WindowManager: Unknown window type: 2999
12-10 13:43:37.425   568   625 D ConnectivityService: notifyType CAP_CHANGED for NetworkAgentInfo [WIFI () - 100]
12-10 13:43:46.429   700   700 E ThemeUtils: View class androidx.appcompat.widget.AppCompatTextView is an AppCompat widget that can only be used with a Theme.AppCompat theme (or descendant).
12-10 13:43:46.430   700   700 E ThemeUtils: View class androidx.appcompat.widget.AppCompatTextView is an AppCompat widget that can only be used with a Theme.AppCompat theme (or descendant).
12-10 13:43:46.470  2633  2633 I System.out: FLINTEMI: onGoToLocationStatusChanged:location=b,status=complete,description=Unknown
12-10 13:43:46.470  2633  2633 I System.out: FLINTEMI: OnGoToLocationStatusChanged=COMPLETE,notify
12-10 13:43:46.471  2633  2672 I System.out: FLINTEMI: Create Timer
12-10 13:43:46.471  2633  2672 I System.out: FLINTEMI: wait()
12-10 13:43:46.475   568   740 V WindowManager: Done at AppWindowToken{283334b token=Token{c5616c2 ActivityRecord{f84b70d u0 com.robotemi.sdk.sample/.MainActivity t184}}} -- full screen, return 0
12-10 13:43:46.487   568  1153 I MediaFocusControl:  AudioFocus  requestAudioFocus() from android.media.AudioManager@72715com.roboteam.teamy.assistants.ConversationMediator@323a2a req=3flags=0x0
12-10 13:43:46.488   568   698 I MediaFocusControl:  AudioFocus  requestAudioFocus() from android.media.AudioManager@72715com.roboteam.teamy.assistants.ConversationMediator@323a2a req=3flags=0x0
12-10 13:43:46.494   568   582 I WindowStateAnimator: createSurface WindowStateAnimator{a52e68a }: mDrawState=DRAW_PENDING
12-10 13:43:46.495   568   582 V WindowManager: Done at AppWindowToken{283334b token=Token{c5616c2 ActivityRecord{f84b70d u0 com.robotemi.sdk.sample/.MainActivity t184}}} -- full screen, return 0
12-10 13:43:46.495   568   582 V WindowManager: Resize reasons for w=Window{e8748f5 u0 com.roboteam.teamy.usa}:  contentInsetsChanged=false [0,0][0,0] visibleInsetsChanged=false [0,0][0,0] stableInsetsChanged=false [0,0][0,0] outsetsChanged=false [0,0][0,0] surfaceResized=true configChanged=true
12-10 13:43:46.495   568   582 V WindowManager: Resizing window Window{e8748f5 u0 com.roboteam.teamy.usa} to 1920.0x1200.0
12-10 13:43:46.497   568   582 V WindowState: Reporting new frame to Window{e8748f5 u0 com.roboteam.teamy.usa}: Rect(0, 0 - 1920, 1200)
12-10 13:43:46.498   568   582 I WindowState: Sending new config to window Window{e8748f5 u0 com.roboteam.teamy.usa}: 1920.0x1200.0 / config={1.0 ?mcc?mnc en_US ldltr sw800dp w1280dp h800dp 240dpi xlrg land finger -keyb/v/h -nav/h s.4} overrideConfig={1.0 ?mcc?mnc ?locale ?layoutDir ?swdp ?wdp ?hdp ?density ?lsize ?long ?orien ?uimode ?night ?touch ?keyb/?/? ?nav/?}
12-10 13:43:46.498   568   582 I WindowState: Resizing Window{e8748f5 u0 com.roboteam.teamy.usa} WITH DRAW PENDING
12-10 13:43:46.501   700  1351 D Surface : Surface::final mReqUsage=a00
12-10 13:43:46.501   700  1351 D mali_winsys: EGLint new_window_surface(egl_winsys_display*, void*, EGLSurface, EGLConfig, egl_winsys_surface**, egl_color_buffer_format*, EGLBoolean) returns 0x3000
12-10 13:43:46.511   191   614 D gralloc : Isfb=0, [1920,1200,1920,7680], fmt=1, byte_stride=7680
12-10 13:43:46.515   568   589 E WindowManager: Unknown window type: 2999
12-10 13:43:46.520   191   614 D gralloc : Isfb=0, [1920,1200,1920,7680], fmt=1, byte_stride=7680
12-10 13:43:46.529   191   614 D gralloc : Isfb=0, [1920,1200,1920,7680], fmt=1, byte_stride=7680
12-10 13:43:46.534   568  1152 W AppOps  : Finishing op nesting under-run: uid 1000 pkg com.roboteam.teamy.usa code 24 time=0 duration=0 nesting=0
12-10 13:43:46.535   568  1152 V WindowManager: Done at AppWindowToken{283334b token=Token{c5616c2 ActivityRecord{f84b70d u0 com.robotemi.sdk.sample/.MainActivity t184}}} -- full screen, return 0
12-10 13:43:46.551   568   589 E WindowManager: Unknown window type: 2999
12-10 13:43:46.552   191   196 D gralloc : Isfb=0, [1200,1920,1200,4800], fmt=1, byte_stride=4800
12-10 13:43:46.567   191   614 D gralloc : Isfb=0, [1200,1920,1200,4800], fmt=1, byte_stride=4800
12-10 13:43:46.570   568   579 V WindowStateAnimator: finishDrawingLocked: mDrawState=COMMIT_DRAW_PENDING WindowStateAnimator{a52e68a } in Surface(name=)
12-10 13:43:46.570   568   589 I WindowManager:   SURFACE SHOW (performShowLocked): Window{e8748f5 u0 com.roboteam.teamy.usa}
12-10 13:43:46.575   568   589 E WindowManager: Unknown window type: 2999
12-10 13:43:46.592   568   589 E WindowManager: Unknown window type: 2999
12-10 13:43:46.595   191   196 D gralloc : Isfb=0, [1200,1920,1200,4800], fmt=1, byte_stride=4800
12-10 13:43:46.723   227   227 D NuPlayerDriver: reset(0xb79c1030)
12-10 13:43:46.723   227   227 D NuPlayerDriver: notifyListener_l(0xb79c1030), (8, 0, 0)
12-10 13:43:46.727   227  2852 W AMessage: failed to post message as target looper for handler 0 is gone.
12-10 13:43:46.729   227  2852 D NuPlayerDriver: notifyResetComplete(0xb79c1030)
12-10 13:43:46.729   227   631 D NuPlayerDriver: reset(0xb79c1030)
12-10 13:43:46.731   227   631 E MediaPlayerFactory: 2019 03 30 -------- getPlayerType()44444444444444 call GET_PLAYER_TYPE_IMPL() !!!! 
12-10 13:43:46.741   227  2861 D NuPlayerDriver: notifyListener_l(0xb7a0fbc8), (1, 0, 0)
12-10 13:43:46.746   227   631 D NuPlayerDriver: start(0xb7a0fbc8), state is 4, eos is 0
12-10 13:43:46.746   227  2861 I GenericSource: start
12-10 13:43:46.758   227  2865 E OMXNodeInstance: setConfig(31:google.opus.decoder, ConfigPriority(0x6f800002)) ERROR: Undefined(0x80001001)
12-10 13:43:46.758   227  2865 I ACodec  : codec does not support config priority (err -2147483648)
12-10 13:43:46.760   227  2865 I MediaCodec: MediaCodec will operate in async mode
12-10 13:43:46.767   227  2861 D NuPlayerDriver: notifyListener_l(0xb7a0fbc8), (6, 0, 0)
12-10 13:43:46.767   227  2863 W MediaClock: reject anchor time since it is negative.
12-10 13:43:46.768   227  2863 W MediaClock: reject anchor time since it is negative.
12-10 13:43:46.768   227  2863 W MediaClock: reject anchor time since it is negative.
12-10 13:43:46.775   227  2863 W MediaClock: reject anchor time since it is negative.
12-10 13:43:46.776   227  2863 W MediaClock: reject anchor time since it is negative.
12-10 13:43:46.776   227  2863 W MediaClock: reject anchor time since it is negative.
12-10 13:43:46.776   227  2863 W MediaClock: reject anchor time since it is negative.
12-10 13:43:46.777   227  2863 W MediaClock: reject anchor time since it is negative.
12-10 13:43:46.777   227  2863 W MediaClock: reject anchor time since it is negative.
12-10 13:43:46.777   227  2863 W MediaClock: reject anchor time since it is negative.
12-10 13:43:46.778   227  2863 W MediaClock: reject anchor time since it is negative.
12-10 13:43:46.778   227  2863 W MediaClock: reject anchor time since it is negative.
12-10 13:43:46.778   227  2863 W MediaClock: reject anchor time since it is negative.
12-10 13:43:46.779   227  2863 W MediaClock: reject anchor time since it is negative.
12-10 13:43:46.779   227  2863 W MediaClock: reject anchor time since it is negative.
12-10 13:43:46.779   227  2863 W MediaClock: reject anchor time since it is negative.
12-10 13:43:46.780   227  2863 W MediaClock: reject anchor time since it is negative.
12-10 13:43:46.780   227  2863 W MediaClock: reject anchor time since it is negative.
12-10 13:43:46.780   227  2863 W MediaClock: reject anchor time since it is negative.
12-10 13:43:46.781   227  2863 W MediaClock: reject anchor time since it is negative.
12-10 13:43:46.781   227  2863 W MediaClock: reject anchor time since it is negative.
12-10 13:43:46.781   227  2863 W MediaClock: reject anchor time since it is negative.
12-10 13:43:46.781   227  2863 W MediaClock: reject anchor time since it is negative.
12-10 13:43:46.782   227  2863 W MediaClock: reject anchor time since it is negative.
12-10 13:43:46.782   227  2863 W MediaClock: reject anchor time since it is negative.
12-10 13:43:49.928   568   739 W AppOps  : Finishing op nesting under-run: uid 1000 pkg com.roboteam.teamy.usa code 24 time=0 duration=0 nesting=0
12-10 13:43:49.932   568   739 V WindowManager: Done at AppWindowToken{283334b token=Token{c5616c2 ActivityRecord{f84b70d u0 com.robotemi.sdk.sample/.MainActivity t184}}} -- full screen, return 0
12-10 13:43:49.936   568   589 E WindowManager: Unknown window type: 2999
12-10 13:43:52.672   227  2864 I NuPlayerDecoder: [audio] saw output EOS
12-10 13:43:53.266   227  2861 D NuPlayerDriver: notifyListener_l(0xb7a0fbc8), (2, 0, 0)
12-10 13:43:53.273   568   580 I MediaFocusControl:  AudioFocus  abandonAudioFocus() from android.media.AudioManager@72715com.roboteam.teamy.assistants.ConversationMediator@323a2a
12-10 13:43:53.277  2633  2633 I System.out: FLINTEMI: TtsRequest.getStatus()=COMPLETED:I will wait here for 15 seconds. Please, feel free to use my hand sanitiser dispenser.
12-10 13:43:53.281  2633  2633 I System.out: FLINTEMI: Waiting for 15000ms starting:10/12/2020 13:43:53
12-10 13:43:53.281  2633  2633 I System.out: FLINTEMI: setText to "Waiting ..."
12-10 13:43:53.283  2633  2633 D Detection: addOnDetectionStateChangedListener
12-10 13:43:53.283  2633  2633 I System.out: FLINTEMI: Removed WaitTTSListener
12-10 13:44:01.596   568   625 D ConnectivityService: updateNetworkScore for NetworkAgentInfo [WIFI () - 100] to 56
12-10 13:44:08.285  2633  2860 I System.out: FLINTEMI: Waiting for 10 seconds completed:10/12/2020 13:44:08
12-10 13:44:08.286  2633  2860 I System.out: FLINTEMI: endWait(), notify()
12-10 13:44:08.286  2633  2672 I System.out: FLINTEMI: Do action at state=1
12-10 13:44:08.288  2633  2672 I Battery : 100
12-10 13:44:08.288  2633  2672 I System.out: FLINTEMI: going to location=2, name=a
12-10 13:44:08.290  2633  2633 I System.out: FLINTEMI: setText to "Going to the next waypoint ..."
12-10 13:44:08.295   568   580 I MediaFocusControl:  AudioFocus  requestAudioFocus() from android.media.AudioManager@72715com.roboteam.teamy.assistants.ConversationMediator@323a2a req=3flags=0x0
12-10 13:44:08.295  2633  2672 I System.out: FLINTEMI: Finished action at state=1
12-10 13:44:08.295  2633  2672 I System.out: FLINTEMI: synchronise routine
12-10 13:44:08.295  2633  2672 I System.out: FLINTEMI: try state machine wait
12-10 13:44:08.301   568  1152 I MediaFocusControl:  AudioFocus  requestAudioFocus() from android.media.AudioManager@72715com.roboteam.teamy.assistants.ConversationMediator@323a2a req=3flags=0x0
12-10 13:44:08.353   700   700 E ThemeUtils: View class androidx.appcompat.widget.AppCompatTextView is an AppCompat widget that can only be used with a Theme.AppCompat theme (or descendant).
12-10 13:44:08.355   700   700 E ThemeUtils: View class androidx.appcompat.widget.AppCompatTextView is an AppCompat widget that can only be used with a Theme.AppCompat theme (or descendant).
12-10 13:44:08.390  2633  2633 I System.out: FLINTEMI: onGoToLocationStatusChanged:location=a,status=start,description=Unknown
12-10 13:44:08.394   568   579 V WindowManager: Done at AppWindowToken{283334b token=Token{c5616c2 ActivityRecord{f84b70d u0 com.robotemi.sdk.sample/.MainActivity t184}}} -- full screen, return 0
12-10 13:44:08.406   568   739 I WindowStateAnimator: createSurface WindowStateAnimator{6507f71 }: mDrawState=DRAW_PENDING
12-10 13:44:08.408   568   739 V WindowManager: Done at AppWindowToken{283334b token=Token{c5616c2 ActivityRecord{f84b70d u0 com.robotemi.sdk.sample/.MainActivity t184}}} -- full screen, return 0
12-10 13:44:08.408   568   739 V WindowManager: Resize reasons for w=Window{5dfa918 u0 com.roboteam.teamy.usa}:  contentInsetsChanged=false [0,0][0,0] visibleInsetsChanged=false [0,0][0,0] stableInsetsChanged=false [0,0][0,0] outsetsChanged=false [0,0][0,0] surfaceResized=true configChanged=true
12-10 13:44:08.408   568   739 V WindowManager: Resizing window Window{5dfa918 u0 com.roboteam.teamy.usa} to 1920.0x1200.0
12-10 13:44:08.421   568   739 V WindowState: Reporting new frame to Window{5dfa918 u0 com.roboteam.teamy.usa}: Rect(0, 0 - 1920, 1200)
12-10 13:44:08.422   568   739 I WindowState: Sending new config to window Window{5dfa918 u0 com.roboteam.teamy.usa}: 1920.0x1200.0 / config={1.0 ?mcc?mnc en_US ldltr sw800dp w1280dp h800dp 240dpi xlrg land finger -keyb/v/h -nav/h s.4} overrideConfig={1.0 ?mcc?mnc ?locale ?layoutDir ?swdp ?wdp ?hdp ?density ?lsize ?long ?orien ?uimode ?night ?touch ?keyb/?/? ?nav/?}
12-10 13:44:08.422   568   739 I WindowState: Resizing Window{5dfa918 u0 com.roboteam.teamy.usa} WITH DRAW PENDING
12-10 13:44:08.429   700  1351 D Surface : Surface::final mReqUsage=a00
12-10 13:44:08.429   700  1351 D mali_winsys: EGLint new_window_surface(egl_winsys_display*, void*, EGLSurface, EGLConfig, egl_winsys_surface**, egl_color_buffer_format*, EGLBoolean) returns 0x3000
12-10 13:44:08.439   568   589 E WindowManager: Unknown window type: 2999
12-10 13:44:08.441   191   194 D gralloc : Isfb=0, [1920,1200,1920,7680], fmt=1, byte_stride=7680
12-10 13:44:08.451   191   194 D gralloc : Isfb=0, [1920,1200,1920,7680], fmt=1, byte_stride=7680
12-10 13:44:08.462   191   194 D gralloc : Isfb=0, [1920,1200,1920,7680], fmt=1, byte_stride=7680
12-10 13:44:08.484   191   615 D gralloc : Isfb=0, [1200,1920,1200,4800], fmt=1, byte_stride=4800
12-10 13:44:08.497   191   194 D gralloc : Isfb=0, [1200,1920,1200,4800], fmt=1, byte_stride=4800
12-10 13:44:08.499   568   740 V WindowStateAnimator: finishDrawingLocked: mDrawState=COMMIT_DRAW_PENDING WindowStateAnimator{6507f71 } in Surface(name=)
12-10 13:44:08.500   568   589 I WindowManager:   SURFACE SHOW (performShowLocked): Window{5dfa918 u0 com.roboteam.teamy.usa}
12-10 13:44:08.510   568   589 E WindowManager: Unknown window type: 2999
12-10 13:44:08.523   191   615 D gralloc : Isfb=0, [1200,1920,1200,4800], fmt=1, byte_stride=4800
12-10 13:44:08.528   568   589 E WindowManager: Unknown window type: 2999
12-10 13:44:08.531   227   227 D NuPlayerDriver: reset(0xb7a0fbc8)
12-10 13:44:08.531   227   227 D NuPlayerDriver: notifyListener_l(0xb7a0fbc8), (8, 0, 0)
12-10 13:44:08.536   227  2861 W AMessage: failed to post message as target looper for handler 0 is gone.
12-10 13:44:08.537   227  2861 D NuPlayerDriver: notifyResetComplete(0xb7a0fbc8)
12-10 13:44:08.537   227   631 D NuPlayerDriver: reset(0xb7a0fbc8)
12-10 13:44:08.538   227   631 E MediaPlayerFactory: 2019 03 30 -------- getPlayerType()44444444444444 call GET_PLAYER_TYPE_IMPL() !!!! 
12-10 13:44:08.543   227  2868 D NuPlayerDriver: notifyListener_l(0xb79c1030), (1, 0, 0)
12-10 13:44:08.554   227   227 D NuPlayerDriver: start(0xb79c1030), state is 4, eos is 0
12-10 13:44:08.554   227  2868 I GenericSource: start
12-10 13:44:08.556   568   698 I WindowStateAnimator: createSurface WindowStateAnimator{4fd550f }: mDrawState=DRAW_PENDING
12-10 13:44:08.557   568   698 V WindowManager: Done at AppWindowToken{283334b token=Token{c5616c2 ActivityRecord{f84b70d u0 com.robotemi.sdk.sample/.MainActivity t184}}} -- full screen, return 0
12-10 13:44:08.560   227  2872 E OMXNodeInstance: setConfig(32:google.opus.decoder, ConfigPriority(0x6f800002)) ERROR: Undefined(0x80001001)
12-10 13:44:08.560   700  1351 D Surface : Surface::final mReqUsage=a00
12-10 13:44:08.560   227  2872 I ACodec  : codec does not support config priority (err -2147483648)
12-10 13:44:08.561   700  1351 D mali_winsys: EGLint new_window_surface(egl_winsys_display*, void*, EGLSurface, EGLConfig, egl_winsys_surface**, egl_color_buffer_format*, EGLBoolean) returns 0x3000
12-10 13:44:08.561   227  2872 I MediaCodec: MediaCodec will operate in async mode
12-10 13:44:08.564   568   589 E WindowManager: Unknown window type: 2999
12-10 13:44:08.573   227  2868 D NuPlayerDriver: notifyListener_l(0xb79c1030), (6, 0, 0)
12-10 13:44:08.574   227  2870 W MediaClock: reject anchor time since it is negative.
12-10 13:44:08.574   191   615 D gralloc : Isfb=0, [1920,1200,1920,7680], fmt=1, byte_stride=7680
12-10 13:44:08.574   227  2870 W MediaClock: reject anchor time since it is negative.
12-10 13:44:08.574   227  2870 W MediaClock: reject anchor time since it is negative.
12-10 13:44:08.575   227  2870 W MediaClock: reject anchor time since it is negative.
12-10 13:44:08.575   227  2870 W MediaClock: reject anchor time since it is negative.
12-10 13:44:08.576   227  2870 W MediaClock: reject anchor time since it is negative.
12-10 13:44:08.576   227  2870 W MediaClock: reject anchor time since it is negative.
12-10 13:44:08.576   227  2870 W MediaClock: reject anchor time since it is negative.
12-10 13:44:08.577   227  2870 W MediaClock: reject anchor time since it is negative.
12-10 13:44:08.577   227  2870 W MediaClock: reject anchor time since it is negative.
12-10 13:44:08.577   227  2870 W MediaClock: reject anchor time since it is negative.
12-10 13:44:08.578   227  2870 W MediaClock: reject anchor time since it is negative.
12-10 13:44:08.578   227  2870 W MediaClock: reject anchor time since it is negative.
12-10 13:44:08.578   227  2870 W MediaClock: reject anchor time since it is negative.
12-10 13:44:08.578   227  2870 W MediaClock: reject anchor time since it is negative.
12-10 13:44:08.579   227  2870 W MediaClock: reject anchor time since it is negative.
12-10 13:44:08.579   227  2870 W MediaClock: reject anchor time since it is negative.
12-10 13:44:08.579   227  2870 W MediaClock: reject anchor time since it is negative.
12-10 13:44:08.580   227  2870 W MediaClock: reject anchor time since it is negative.
12-10 13:44:08.580   227  2870 W MediaClock: reject anchor time since it is negative.
12-10 13:44:08.580   227  2870 W MediaClock: reject anchor time since it is negative.
12-10 13:44:08.580   227  2870 W MediaClock: reject anchor time since it is negative.
12-10 13:44:08.581   227  2870 W MediaClock: reject anchor time since it is negative.
12-10 13:44:08.582   227  2870 W MediaClock: reject anchor time since it is negative.
12-10 13:44:08.582   227  2870 W MediaClock: reject anchor time since it is negative.
12-10 13:44:08.585   191   615 D gralloc : Isfb=0, [1920,1200,1920,7680], fmt=1, byte_stride=7680
12-10 13:44:08.595   191   615 D gralloc : Isfb=0, [1920,1200,1920,7680], fmt=1, byte_stride=7680
12-10 13:44:08.619   191   196 D gralloc : Isfb=0, [1200,1920,1200,4800], fmt=1, byte_stride=4800
12-10 13:44:08.634   191   615 D gralloc : Isfb=0, [1200,1920,1200,4800], fmt=1, byte_stride=4800
12-10 13:44:08.636   568   740 V WindowStateAnimator: finishDrawingLocked: mDrawState=COMMIT_DRAW_PENDING WindowStateAnimator{4fd550f } in Surface(name=)
12-10 13:44:08.637   568   589 I WindowManager:   SURFACE SHOW (performShowLocked): Window{85cc00c u0 com.roboteam.teamy.usa}
12-10 13:44:08.651   568   589 E WindowManager: Unknown window type: 2999
12-10 13:44:08.669   568   589 E WindowManager: Unknown window type: 2999
12-10 13:44:08.675   191   194 D gralloc : Isfb=0, [1200,1920,1200,4800], fmt=1, byte_stride=4800
12-10 13:44:09.864  2633  2633 I System.out: FLINTEMI: onGoToLocationStatusChanged:location=,status=calculating,description=Calculating
12-10 13:44:10.656   568   625 D ConnectivityService: updateNetworkScore for NetworkAgentInfo [WIFI () - 100] to 60
12-10 13:44:11.240   227  2871 I NuPlayerDecoder: [audio] saw output EOS
12-10 13:44:11.889   227  2868 D NuPlayerDriver: notifyListener_l(0xb79c1030), (2, 0, 0)
12-10 13:44:11.920   568  1152 I MediaFocusControl:  AudioFocus  abandonAudioFocus() from android.media.AudioManager@72715com.roboteam.teamy.assistants.ConversationMediator@323a2a
12-10 13:44:12.540  2633  2633 I System.out: FLINTEMI: onGoToLocationStatusChanged:location=,status=obstacle detected,description=Ground Obstacle
12-10 13:44:12.598   568   579 V WindowManager: Done at AppWindowToken{283334b token=Token{c5616c2 ActivityRecord{f84b70d u0 com.robotemi.sdk.sample/.MainActivity t184}}} -- full screen, return 0
12-10 13:44:12.614   568   589 E WindowManager: Unknown window type: 2999
12-10 13:44:19.940  2633  2633 I System.out: FLINTEMI: onGoToLocationStatusChanged:location=a,status=going,description=Unknown
12-10 13:44:26.995  2633  2633 I System.out: FLINTEMI: onGoToLocationStatusChanged:location=,status=obstacle detected,description=Height Obstacle
12-10 13:44:28.047  2633  2633 I System.out: FLINTEMI: onGoToLocationStatusChanged:location=a,status=going,description=Unknown
12-10 13:44:28.251   700   700 E ThemeUtils: View class androidx.appcompat.widget.AppCompatTextView is an AppCompat widget that can only be used with a Theme.AppCompat theme (or descendant).
12-10 13:44:28.253   700   700 E ThemeUtils: View class androidx.appcompat.widget.AppCompatTextView is an AppCompat widget that can only be used with a Theme.AppCompat theme (or descendant).
12-10 13:44:28.292  2633  2633 I System.out: FLINTEMI: onGoToLocationStatusChanged:location=a,status=complete,description=Unknown
12-10 13:44:28.292  2633  2633 I System.out: FLINTEMI: OnGoToLocationStatusChanged=COMPLETE,notify
12-10 13:44:28.292  2633  2672 I System.out: FLINTEMI: Reset the location index to 1 from 2
12-10 13:44:28.292  2633  2672 I System.out: FLINTEMI: Loops complete=4
12-10 13:44:28.293  2633  2672 I System.out: FLINTEMI: Create Timer
12-10 13:44:28.293  2633  2672 I System.out: FLINTEMI: wait()
12-10 13:44:28.301   568   580 V WindowManager: Done at AppWindowToken{283334b token=Token{c5616c2 ActivityRecord{f84b70d u0 com.robotemi.sdk.sample/.MainActivity t184}}} -- full screen, return 0
12-10 13:44:28.314   568  1152 I MediaFocusControl:  AudioFocus  requestAudioFocus() from android.media.AudioManager@72715com.roboteam.teamy.assistants.ConversationMediator@323a2a req=3flags=0x0
12-10 13:44:28.315   568   579 I MediaFocusControl:  AudioFocus  requestAudioFocus() from android.media.AudioManager@72715com.roboteam.teamy.assistants.ConversationMediator@323a2a req=3flags=0x0
12-10 13:44:28.322   568   698 I WindowStateAnimator: createSurface WindowStateAnimator{5b23ec4 }: mDrawState=DRAW_PENDING
12-10 13:44:28.324   568   698 V WindowManager: Done at AppWindowToken{283334b token=Token{c5616c2 ActivityRecord{f84b70d u0 com.robotemi.sdk.sample/.MainActivity t184}}} -- full screen, return 0
12-10 13:44:28.324   568   698 V WindowManager: Resize reasons for w=Window{f0c55d7 u0 com.roboteam.teamy.usa}:  contentInsetsChanged=false [0,0][0,0] visibleInsetsChanged=false [0,0][0,0] stableInsetsChanged=false [0,0][0,0] outsetsChanged=false [0,0][0,0] surfaceResized=true configChanged=true
12-10 13:44:28.324   568   698 V WindowManager: Resizing window Window{f0c55d7 u0 com.roboteam.teamy.usa} to 1920.0x1200.0
12-10 13:44:28.340   568   698 V WindowState: Reporting new frame to Window{f0c55d7 u0 com.roboteam.teamy.usa}: Rect(0, 0 - 1920, 1200)
12-10 13:44:28.340   568   698 I WindowState: Sending new config to window Window{f0c55d7 u0 com.roboteam.teamy.usa}: 1920.0x1200.0 / config={1.0 ?mcc?mnc en_US ldltr sw800dp w1280dp h800dp 240dpi xlrg land finger -keyb/v/h -nav/h s.4} overrideConfig={1.0 ?mcc?mnc ?locale ?layoutDir ?swdp ?wdp ?hdp ?density ?lsize ?long ?orien ?uimode ?night ?touch ?keyb/?/? ?nav/?}
12-10 13:44:28.340   568   698 I WindowState: Resizing Window{f0c55d7 u0 com.roboteam.teamy.usa} WITH DRAW PENDING
12-10 13:44:28.346   700  1351 D Surface : Surface::final mReqUsage=a00
12-10 13:44:28.346   700  1351 D mali_winsys: EGLint new_window_surface(egl_winsys_display*, void*, EGLSurface, EGLConfig, egl_winsys_surface**, egl_color_buffer_format*, EGLBoolean) returns 0x3000
12-10 13:44:28.358   568   589 E WindowManager: Unknown window type: 2999
12-10 13:44:28.358   191   194 D gralloc : Isfb=0, [1920,1200,1920,7680], fmt=1, byte_stride=7680
12-10 13:44:28.369   191   194 D gralloc : Isfb=0, [1920,1200,1920,7680], fmt=1, byte_stride=7680
12-10 13:44:28.379   191   194 D gralloc : Isfb=0, [1920,1200,1920,7680], fmt=1, byte_stride=7680
12-10 13:44:28.384   568  1694 W AppOps  : Finishing op nesting under-run: uid 1000 pkg com.roboteam.teamy.usa code 24 time=0 duration=0 nesting=0
12-10 13:44:28.386   568  1694 V WindowManager: Done at AppWindowToken{283334b token=Token{c5616c2 ActivityRecord{f84b70d u0 com.robotemi.sdk.sample/.MainActivity t184}}} -- full screen, return 0
12-10 13:44:28.394   568   589 E WindowManager: Unknown window type: 2999
12-10 13:44:28.399   191   194 D gralloc : Isfb=0, [1200,1920,1200,4800], fmt=1, byte_stride=4800
12-10 13:44:28.414   191   614 D gralloc : Isfb=0, [1200,1920,1200,4800], fmt=1, byte_stride=4800
12-10 13:44:28.417   568   582 V WindowStateAnimator: finishDrawingLocked: mDrawState=COMMIT_DRAW_PENDING WindowStateAnimator{5b23ec4 } in Surface(name=)
12-10 13:44:28.418   568   589 I WindowManager:   SURFACE SHOW (performShowLocked): Window{f0c55d7 u0 com.roboteam.teamy.usa}
12-10 13:44:28.429   568   589 E WindowManager: Unknown window type: 2999
12-10 13:44:28.437   191   194 D gralloc : Isfb=0, [1200,1920,1200,4800], fmt=1, byte_stride=4800
12-10 13:44:28.447   568   589 E WindowManager: Unknown window type: 2999
12-10 13:44:28.553   227   631 D NuPlayerDriver: reset(0xb79c1030)
12-10 13:44:28.553   227   631 D NuPlayerDriver: notifyListener_l(0xb79c1030), (8, 0, 0)
12-10 13:44:28.556   227  2868 W AMessage: failed to post message as target looper for handler 0 is gone.
12-10 13:44:28.557   227  2868 D NuPlayerDriver: notifyResetComplete(0xb79c1030)
12-10 13:44:28.557   227   548 D NuPlayerDriver: reset(0xb79c1030)
12-10 13:44:28.558   227   548 E MediaPlayerFactory: 2019 03 30 -------- getPlayerType()44444444444444 call GET_PLAYER_TYPE_IMPL() !!!! 
12-10 13:44:28.566   227  2878 D NuPlayerDriver: notifyListener_l(0xb79c1030), (1, 0, 0)
12-10 13:44:28.569   227   227 D NuPlayerDriver: start(0xb79c1030), state is 4, eos is 0
12-10 13:44:28.569   227  2878 I GenericSource: start
12-10 13:44:28.587   227  2882 E OMXNodeInstance: setConfig(33:google.opus.decoder, ConfigPriority(0x6f800002)) ERROR: Undefined(0x80001001)
12-10 13:44:28.587   227  2882 I ACodec  : codec does not support config priority (err -2147483648)
12-10 13:44:28.589   227  2882 I MediaCodec: MediaCodec will operate in async mode
12-10 13:44:28.603   227  2878 D NuPlayerDriver: notifyListener_l(0xb79c1030), (6, 0, 0)
12-10 13:44:28.604   227  2880 W MediaClock: reject anchor time since it is negative.
12-10 13:44:28.604   227  2880 W MediaClock: reject anchor time since it is negative.
12-10 13:44:28.604   227  2880 W MediaClock: reject anchor time since it is negative.
12-10 13:44:28.609   227  2880 W MediaClock: reject anchor time since it is negative.
12-10 13:44:28.609   227  2880 W MediaClock: reject anchor time since it is negative.
12-10 13:44:28.609   227  2880 W MediaClock: reject anchor time since it is negative.
12-10 13:44:28.612   227  2880 W MediaClock: reject anchor time since it is negative.
12-10 13:44:28.613   227  2880 W MediaClock: reject anchor time since it is negative.
12-10 13:44:28.613   227  2880 W MediaClock: reject anchor time since it is negative.
12-10 13:44:28.613   227  2880 W MediaClock: reject anchor time since it is negative.
12-10 13:44:28.615   227  2880 W MediaClock: reject anchor time since it is negative.
12-10 13:44:28.616   227  2880 W MediaClock: reject anchor time since it is negative.
12-10 13:44:28.617   227  2880 W MediaClock: reject anchor time since it is negative.
12-10 13:44:28.617   227  2880 W MediaClock: reject anchor time since it is negative.
12-10 13:44:28.617   227  2880 W MediaClock: reject anchor time since it is negative.
12-10 13:44:28.619   227  2880 W MediaClock: reject anchor time since it is negative.
12-10 13:44:28.619   227  2880 W MediaClock: reject anchor time since it is negative.
12-10 13:44:28.620   227  2880 W MediaClock: reject anchor time since it is negative.
12-10 13:44:28.620   227  2880 W MediaClock: reject anchor time since it is negative.
12-10 13:44:28.622   227  2880 W MediaClock: reject anchor time since it is negative.
12-10 13:44:28.622   227  2880 W MediaClock: reject anchor time since it is negative.
12-10 13:44:28.622   227  2880 W MediaClock: reject anchor time since it is negative.
12-10 13:44:28.622   227  2880 W MediaClock: reject anchor time since it is negative.
12-10 13:44:28.624   227  2880 W MediaClock: reject anchor time since it is negative.
12-10 13:44:28.625   227  2880 W MediaClock: reject anchor time since it is negative.
12-10 13:44:28.654   700   710 I art     : Background sticky concurrent mark sweep GC freed 122048(11MB) AllocSpace objects, 19(336KB) LOS objects, 14% free, 70MB/82MB, paused 4.854ms total 101.248ms
12-10 13:44:28.662   227   329 D AudioFlinger: mixer(0xb3638008) throttle end: throttle time(10)
12-10 13:44:31.747   568   740 W AppOps  : Finishing op nesting under-run: uid 1000 pkg com.roboteam.teamy.usa code 24 time=0 duration=0 nesting=0
12-10 13:44:31.750   568   740 V WindowManager: Done at AppWindowToken{283334b token=Token{c5616c2 ActivityRecord{f84b70d u0 com.robotemi.sdk.sample/.MainActivity t184}}} -- full screen, return 0
12-10 13:44:31.754   568   589 E WindowManager: Unknown window type: 2999
12-10 13:44:34.527   227  2881 I NuPlayerDecoder: [audio] saw output EOS
12-10 13:44:35.101   227  2878 D NuPlayerDriver: notifyListener_l(0xb79c1030), (2, 0, 0)
