01-01 22:30:28.259   572   586 D gps_ql  : [EC20R20] [/dev/ttyUSB1] [115200]
01-01 22:30:28.259   572   586 D gps_ql  : MODULE_TYPE:EC20R20
01-01 22:30:28.259   572   586 D gps_ql  : QL_GPS_CHANNEL:/dev/ttyUSB1
01-01 22:30:28.259   572   586 D gps_ql  : BAUD_RATE:115200
01-01 22:30:28.259   572   586 D gps_ql  : gps_state_init start
01-01 22:30:28.259   572   586 D gps_ql  : GPS channel </dev/ttyUSB1> not exist. errno: 2 (No such file or directory)
01-01 22:30:28.259   572   586 W GpsLocationProvider: Failed to enable location provider
01-01 22:30:28.260   572   586 D GpsLocationProvider: received SIM related action: 
01-01 22:30:28.262   572   586 D GpsLocationProvider: SIM MCC/MNC is still not available
01-01 22:30:28.262   572   586 D GpsLocationProvider: received SIM related action: 
01-01 22:30:28.280   572  1031 I OMXClient: Using client-side OMX mux.
01-01 22:30:28.281   572   586 D GpsLocationProvider: SIM MCC/MNC is still not available
01-01 22:30:28.286   572  1031 I libstagefrighthw: OMX IL core libOMX_Core.so: declares component OMX.rk.video_decoder.avc
01-01 22:30:28.286   572  1031 I libstagefrighthw: OMX IL core libOMX_Core.so: declares component OMX.rk.video_decoder.m4v
01-01 22:30:28.286   572  1031 I libstagefrighthw: OMX IL core libOMX_Core.so: declares component OMX.rk.video_decoder.h263
01-01 22:30:28.286   572  1031 I libstagefrighthw: OMX IL core libOMX_Core.so: declares component OMX.rk.video_decoder.flv1
01-01 22:30:28.286   572  1031 I libstagefrighthw: OMX IL core libOMX_Core.so: declares component OMX.rk.video_decoder.m2v
01-01 22:30:28.286   572  1031 I libstagefrighthw: OMX IL core libOMX_Core.so: declares component OMX.rk.video_decoder.rv
01-01 22:30:28.286   572  1031 I libstagefrighthw: OMX IL core libOMX_Core.so: declares component OMX.rk.video_decoder.vp8
01-01 22:30:28.286   572  1031 I libstagefrighthw: OMX IL core libOMX_Core.so: declares component OMX.rk.video_decoder.vc1
01-01 22:30:28.286   572  1031 I libstagefrighthw: OMX IL core libOMX_Core.so: declares component OMX.rk.video_decoder.wmv3
01-01 22:30:28.286   572  1031 I libstagefrighthw: OMX IL core libOMX_Core.so: declares component OMX.rk.video_decoder.vp6
01-01 22:30:28.286   572  1031 I libstagefrighthw: OMX IL core libOMX_Core.so: declares component OMX.rk.video_decoder.hevc
01-01 22:30:28.286   572  1031 I libstagefrighthw: OMX IL core libOMX_Core.so: declares component OMX.rk.video_decoder.mjpeg
01-01 22:30:28.286   572  1031 I libstagefrighthw: OMX IL core libOMX_Core.so: declares component OMX.rk.video_decoder.avc.secure
01-01 22:30:28.286   572  1031 I libstagefrighthw: OMX IL core libOMX_Core.so: declares component OMX.rk.video_decoder.vp9
01-01 22:30:28.286   572  1031 I libstagefrighthw: OMX IL core libOMX_Core.so: declares component OMX.rk.video_encoder.avc
01-01 22:30:28.286   572  1031 I libstagefrighthw: OMX IL core libOMX_Core.so: declares component OMX.rk.video_encoder.vp8
01-01 22:30:28.286   572  1031 I libstagefrighthw: OMX IL core libOMX_Core.so: contains 16 components
01-01 22:30:28.309  1018  1018 D RKUpdateReceiver: action = android.hardware.usb.action.USB_STATE
01-01 22:30:28.400   991   991 I chatty  : uid=10006 com.google.android.gms.persistent expire 11 lines
01-01 22:30:28.401   572   624 D wifi    : set interface wlan0 flags (UP)
01-01 22:30:28.401   572   624 I WifiHAL : Initializing wifi
01-01 22:30:28.401   572   624 I WifiHAL : Creating socket
01-01 22:30:28.402   572   624 I WifiHAL : Initialized Wifi HAL Successfully; vendor cmd = 103
01-01 22:30:28.402   572   624 D wifi    : Did set static halHandle = 0xb84da8c8
01-01 22:30:28.402   572   624 D wifi    : halHandle = 0xb84da8c8, mVM = 0xb82f5818, mCls = 0x100806
01-01 22:30:28.402   572   624 D wifi    : array field set
01-01 22:30:28.402   572   624 I WifiNative-HAL: interface[0] = wlan0
01-01 22:30:28.403   572   624 D WifiHW  : wifi_start_supplicant: p2p_supplicant
01-01 22:30:28.403   572  1035 I WifiNative-HAL: Waiting for HAL events mWifiHalHandle=-1202870072
01-01 22:30:28.403   572  1035 D wifi    : waitForHalEvents called, vm = 0xb82f5818, obj = 0x100806, env = 0xb84dafc8
01-01 22:30:28.404   572   589 D Tethering: interfaceLinkStateChanged wlan0, true
01-01 22:30:28.404   572   589 D Tethering: interfaceStatusChanged wlan0, true
01-01 22:30:28.406   978   978 I LatinIME: Hardware accelerated drawing: true
01-01 22:30:28.417   572  1034 I OMXClient: Using client-side OMX mux.
01-01 22:30:28.424   572   591 D Tethering: sendTetherStateChangedBroadcast 1, 0, 0
01-01 22:30:28.426   964   964 I CalendarProvider2: Created com.android.providers.calendar.CalendarAlarmManager@6ffd33(com.android.providers.calendar.CalendarProvider2@74688f0)
01-01 22:30:28.433   572  1034 I libstagefrighthw: OMX IL core libOMX_Core.so: declares component OMX.rk.video_decoder.avc
01-01 22:30:28.433   572  1034 I libstagefrighthw: OMX IL core libOMX_Core.so: declares component OMX.rk.video_decoder.m4v
01-01 22:30:28.433   572  1034 I libstagefrighthw: OMX IL core libOMX_Core.so: declares component OMX.rk.video_decoder.h263
01-01 22:30:28.433   572  1034 I libstagefrighthw: OMX IL core libOMX_Core.so: declares component OMX.rk.video_decoder.flv1
01-01 22:30:28.433   572  1034 I libstagefrighthw: OMX IL core libOMX_Core.so: declares component OMX.rk.video_decoder.m2v
01-01 22:30:28.433   572  1034 I libstagefrighthw: OMX IL core libOMX_Core.so: declares component OMX.rk.video_decoder.rv
01-01 22:30:28.433   572  1034 I libstagefrighthw: OMX IL core libOMX_Core.so: declares component OMX.rk.video_decoder.vp8
01-01 22:30:28.433   572  1034 I libstagefrighthw: OMX IL core libOMX_Core.so: declares component OMX.rk.video_decoder.vc1
01-01 22:30:28.433   572  1034 I libstagefrighthw: OMX IL core libOMX_Core.so: declares component OMX.rk.video_decoder.wmv3
01-01 22:30:28.433   572  1034 I libstagefrighthw: OMX IL core libOMX_Core.so: declares component OMX.rk.video_decoder.vp6
01-01 22:30:28.433   572  1034 I libstagefrighthw: OMX IL core libOMX_Core.so: declares component OMX.rk.video_decoder.hevc
01-01 22:30:28.433   572  1034 I libstagefrighthw: OMX IL core libOMX_Core.so: declares component OMX.rk.video_decoder.mjpeg
01-01 22:30:28.433   572  1034 I libstagefrighthw: OMX IL core libOMX_Core.so: declares component OMX.rk.video_decoder.avc.secure
01-01 22:30:28.433   572  1034 I libstagefrighthw: OMX IL core libOMX_Core.so: declares component OMX.rk.video_decoder.vp9
01-01 22:30:28.433   572  1034 I libstagefrighthw: OMX IL core libOMX_Core.so: declares component OMX.rk.video_encoder.avc
01-01 22:30:28.433   572  1034 I libstagefrighthw: OMX IL core libOMX_Core.so: declares component OMX.rk.video_encoder.vp8
01-01 22:30:28.433   572  1034 I libstagefrighthw: OMX IL core libOMX_Core.so: contains 16 components
01-01 22:30:28.687   572   572 V WiredAccessoryManager: init()
01-01 22:30:28.696   572  1049 I OMXClient: Using client-side OMX mux.
01-01 22:30:28.700   572   572 V WindowManager: updateRotationUnchecked(alwaysSendConfiguration=false)
01-01 22:30:28.700   572   572 V WindowManager: Deferring rotation, display is not enabled.
01-01 22:30:28.703   192   353 D PermissionCache: checking android.permission.HARDWARE_TEST for uid=1000 => granted (499 us)
01-01 22:30:28.704   572  1049 I libstagefrighthw: OMX IL core libOMX_Core.so: declares component OMX.rk.video_decoder.avc
01-01 22:30:28.704   572  1049 I libstagefrighthw: OMX IL core libOMX_Core.so: declares component OMX.rk.video_decoder.m4v
01-01 22:30:28.704   572  1049 I libstagefrighthw: OMX IL core libOMX_Core.so: declares component OMX.rk.video_decoder.h263
01-01 22:30:28.704   572  1049 I libstagefrighthw: OMX IL core libOMX_Core.so: declares component OMX.rk.video_decoder.flv1
01-01 22:30:28.704   572  1049 I libstagefrighthw: OMX IL core libOMX_Core.so: declares component OMX.rk.video_decoder.m2v
01-01 22:30:28.704   572  1049 I libstagefrighthw: OMX IL core libOMX_Core.so: declares component OMX.rk.video_decoder.rv
01-01 22:30:28.704   572  1049 I libstagefrighthw: OMX IL core libOMX_Core.so: declares component OMX.rk.video_decoder.vp8
01-01 22:30:28.704   572  1049 I libstagefrighthw: OMX IL core libOMX_Core.so: declares component OMX.rk.video_decoder.vc1
01-01 22:30:28.704   572  1049 I libstagefrighthw: OMX IL core libOMX_Core.so: declares component OMX.rk.video_decoder.wmv3
01-01 22:30:28.704   572  1049 I libstagefrighthw: OMX IL core libOMX_Core.so: declares component OMX.rk.video_decoder.vp6
01-01 22:30:28.704   572  1049 I libstagefrighthw: OMX IL core libOMX_Core.so: declares component OMX.rk.video_decoder.hevc
01-01 22:30:28.704   572  1049 I libstagefrighthw: OMX IL core libOMX_Core.so: declares component OMX.rk.video_decoder.mjpeg
01-01 22:30:28.704   572  1049 I libstagefrighthw: OMX IL core libOMX_Core.so: declares component OMX.rk.video_decoder.avc.secure
01-01 22:30:28.704   572  1049 I libstagefrighthw: OMX IL core libOMX_Core.so: declares component OMX.rk.video_decoder.vp9
01-01 22:30:28.704   572  1049 I libstagefrighthw: OMX IL core libOMX_Core.so: declares component OMX.rk.video_encoder.avc
01-01 22:30:28.704   572  1049 I libstagefrighthw: OMX IL core libOMX_Core.so: declares component OMX.rk.video_encoder.vp8
01-01 22:30:28.704   572  1049 I libstagefrighthw: OMX IL core libOMX_Core.so: contains 16 components
01-01 22:30:28.712   572   572 D Tethering: ACTION_USB_STATE received, usbConnected=true, mRndisEnabled=false
01-01 22:30:28.713   572   572 D GpsNetInitiatedHandler: location enabled :true
01-01 22:30:28.817   702   702 D FirebaseApp: Default FirebaseApp failed to initialize because no default options were found. This usually means that com.google.gms:google-services was not applied to your gradle project.
01-01 22:30:28.817   702   702 I FirebaseInitProvider: FirebaseApp initialization unsuccessful
01-01 22:30:28.832   572  1059 I OMXClient: Using client-side OMX mux.
01-01 22:30:28.838   572  1059 I libstagefrighthw: OMX IL core libOMX_Core.so: declares component OMX.rk.video_decoder.avc
01-01 22:30:28.838   572  1059 I libstagefrighthw: OMX IL core libOMX_Core.so: declares component OMX.rk.video_decoder.m4v
01-01 22:30:28.838   572  1059 I libstagefrighthw: OMX IL core libOMX_Core.so: declares component OMX.rk.video_decoder.h263
01-01 22:30:28.838   572  1059 I libstagefrighthw: OMX IL core libOMX_Core.so: declares component OMX.rk.video_decoder.flv1
01-01 22:30:28.838   572  1059 I libstagefrighthw: OMX IL core libOMX_Core.so: declares component OMX.rk.video_decoder.m2v
01-01 22:30:28.838   572  1059 I libstagefrighthw: OMX IL core libOMX_Core.so: declares component OMX.rk.video_decoder.rv
01-01 22:30:28.838   572  1059 I libstagefrighthw: OMX IL core libOMX_Core.so: declares component OMX.rk.video_decoder.vp8
01-01 22:30:28.838   572  1059 I libstagefrighthw: OMX IL core libOMX_Core.so: declares component OMX.rk.video_decoder.vc1
01-01 22:30:28.838   572  1059 I libstagefrighthw: OMX IL core libOMX_Core.so: declares component OMX.rk.video_decoder.wmv3
01-01 22:30:28.838   572  1059 I libstagefrighthw: OMX IL core libOMX_Core.so: declares component OMX.rk.video_decoder.vp6
01-01 22:30:28.838   572  1059 I libstagefrighthw: OMX IL core libOMX_Core.so: declares component OMX.rk.video_decoder.hevc
01-01 22:30:28.838   572  1059 I libstagefrighthw: OMX IL core libOMX_Core.so: declares component OMX.rk.video_decoder.mjpeg
01-01 22:30:28.838   572  1059 I libstagefrighthw: OMX IL core libOMX_Core.so: declares component OMX.rk.video_decoder.avc.secure
01-01 22:30:28.838   572  1059 I libstagefrighthw: OMX IL core libOMX_Core.so: declares component OMX.rk.video_decoder.vp9
01-01 22:30:28.838   572  1059 I libstagefrighthw: OMX IL core libOMX_Core.so: declares component OMX.rk.video_encoder.avc
01-01 22:30:28.838   572  1059 I libstagefrighthw: OMX IL core libOMX_Core.so: declares component OMX.rk.video_encoder.vp8
01-01 22:30:28.838   572  1059 I libstagefrighthw: OMX IL core libOMX_Core.so: contains 16 components
01-01 22:30:29.102   909   942 I ContactLocale: AddressBook Labels [en-US]: [, A, B, C, D, E, F, G, H, I, J, K, L, M, N, O, P, Q, R, S, T, U, V, W, X, Y, Z, , , , , , , , , , , , , , , , , , , , , , , , , , , , , , , , , , , , , , , , , , , , , , , , , , , , , , , , , , , , , , , , , , , , , , , , , , , , , , , , , , , , , , , , , , , , , , , , , , , , , , , , , , , , , , , , , , , , , , , , , , , , , , , , , , , , , , , , , , , , , , , , , , , , , , , , , , , , , , , , , , , , , , , , , , , , , , , , , , , , , , , , , , , #, ]
01-01 22:30:29.103   572  1066 I OMXClient: Using client-side OMX mux.
01-01 22:30:29.108   572  1066 I libstagefrighthw: OMX IL core libOMX_Core.so: declares component OMX.rk.video_decoder.avc
01-01 22:30:29.108   572  1066 I libstagefrighthw: OMX IL core libOMX_Core.so: declares component OMX.rk.video_decoder.m4v
01-01 22:30:29.108   572  1066 I libstagefrighthw: OMX IL core libOMX_Core.so: declares component OMX.rk.video_decoder.h263
01-01 22:30:29.108   572  1066 I libstagefrighthw: OMX IL core libOMX_Core.so: declares component OMX.rk.video_decoder.flv1
01-01 22:30:29.108   572  1066 I libstagefrighthw: OMX IL core libOMX_Core.so: declares component OMX.rk.video_decoder.m2v
01-01 22:30:29.108   572  1066 I libstagefrighthw: OMX IL core libOMX_Core.so: declares component OMX.rk.video_decoder.rv
01-01 22:30:29.108   572  1066 I libstagefrighthw: OMX IL core libOMX_Core.so: declares component OMX.rk.video_decoder.vp8
01-01 22:30:29.108   572  1066 I libstagefrighthw: OMX IL core libOMX_Core.so: declares component OMX.rk.video_decoder.vc1
01-01 22:30:29.108   572  1066 I libstagefrighthw: OMX IL core libOMX_Core.so: declares component OMX.rk.video_decoder.wmv3
01-01 22:30:29.108   572  1066 I libstagefrighthw: OMX IL core libOMX_Core.so: declares component OMX.rk.video_decoder.vp6
01-01 22:30:29.108   572  1066 I libstagefrighthw: OMX IL core libOMX_Core.so: declares component OMX.rk.video_decoder.hevc
01-01 22:30:29.108   572  1066 I libstagefrighthw: OMX IL core libOMX_Core.so: declares component OMX.rk.video_decoder.mjpeg
01-01 22:30:29.108   572  1066 I libstagefrighthw: OMX IL core libOMX_Core.so: declares component OMX.rk.video_decoder.avc.secure
01-01 22:30:29.108   572  1066 I libstagefrighthw: OMX IL core libOMX_Core.so: declares component OMX.rk.video_decoder.vp9
01-01 22:30:29.108   572  1066 I libstagefrighthw: OMX IL core libOMX_Core.so: declares component OMX.rk.video_encoder.avc
01-01 22:30:29.108   572  1066 I libstagefrighthw: OMX IL core libOMX_Core.so: declares component OMX.rk.video_encoder.vp8
01-01 22:30:29.108   572  1066 I libstagefrighthw: OMX IL core libOMX_Core.so: contains 16 components
01-01 22:30:29.316   572   729 W art     : Long monitor contention event with owner method=void com.android.server.pm.UserManagerService$MainHandler.handleMessage(android.os.Message) from UserManagerService.java:2044 waiters=0 for 475ms
01-01 22:30:29.317   572   583 W art     : Long monitor contention event with owner method=void com.android.server.pm.UserManagerService$MainHandler.handleMessage(android.os.Message) from UserManagerService.java:2044 waiters=1 for 457ms
01-01 22:30:29.317   572   728 W art     : Long monitor contention event with owner method=void com.android.server.pm.UserManagerService$MainHandler.handleMessage(android.os.Message) from UserManagerService.java:2044 waiters=2 for 387ms
01-01 22:30:29.317   572   700 W art     : Long monitor contention event with owner method=void com.android.server.pm.UserManagerService$MainHandler.handleMessage(android.os.Message) from UserManagerService.java:2044 waiters=3 for 383ms
01-01 22:30:29.332   572   591 E BluetoothManagerService: MESSAGE_TIMEOUT_BIND
01-01 22:30:29.424   572   624 D WifiMonitor: startMonitoring(wlan0) with mConnected = false
01-01 22:30:29.440   572   572 I ActivityManager: Start proc 1079:com.android.externalstorage/u0a5 for broadcast com.android.externalstorage/.MountReceiver
01-01 22:30:29.442  1069  1069 I wpa_supplicant: Successfully initialized wpa_supplicant
01-01 22:30:29.516   572   589 D Tethering: interfaceLinkStateChanged wlan0, true
01-01 22:30:29.516   572   589 D Tethering: interfaceStatusChanged wlan0, true
01-01 22:30:29.524  1079  1079 W System  : ClassLoader referenced unknown path: /system/priv-app/ExternalStorageProvider/lib/arm
01-01 22:30:29.528  1079  1079 D ExternalStorage: After updating volumes, found 1 active roots
01-01 22:30:29.530  1079  1079 D ExternalStorage: After updating volumes, found 1 active roots
01-01 22:30:29.532  1079  1079 D ExternalStorage: After updating volumes, found 1 active roots
01-01 22:30:29.534   657   657 E VRMountReceiver: ---------------- action = android.intent.action.MEDIA_MOUNTED
01-01 22:30:29.534   657   657 E VRMountReceiver: ------------- mount path = /storage/emulated/0
01-01 22:30:29.535   657   657 E VRMountReceiver: ---------------- pathUri is null 
01-01 22:30:29.738  1069  1069 E wpa_supplicant: Could not read interface p2p-dev-wlan0 flags: No such device
01-01 22:30:29.753   572   624 D WifiConfigStore: Loading config and enabling all networks 
01-01 22:30:29.760   572   624 D WifiConfigStore: loaded 0 passpoint configs
01-01 22:30:29.843   572   624 W WifiConfigStore: Upgrading network 0 to android.uid.system:1000
01-01 22:30:29.844   572   624 E WifiConfigStore: readAutoJoinStatus: Error parsing configurationjava.io.FileNotFoundException: /data/misc/wifi/autojoinconfig.txt: open failed: ENOENT (No such file or directory)
01-01 22:30:29.844   572   624 E WifiConfigStore: buildPnoList sortedWifiConfigurations size 1
01-01 22:30:29.844   572   624 E WifiConfigStore: found sortedWifiConfigurations : "Flinders Devices"WPA_PSK
01-01 22:30:29.849   572   624 D WifiNative-HAL: Setting external_sim to 1
01-01 22:30:29.849   572   624 D wifi    : setting dfs flag to true, 0xb854f728
01-01 22:30:29.850   572   624 D WifiStateMachine: Setting OUI to DA-A1-19
01-01 22:30:29.850   572   624 D wifi    : setting scan oui 0xb854f728
01-01 22:30:29.850   572   624 D WifiHAL : Sending mac address OUI
01-01 22:30:29.850   572   624 E WifiHAL : failed to set scanning mac OUI; result = -95
01-01 22:30:29.860   572   624 E wifi    : android_net_wifi_getLinkLayerStats: failed to get link statistics
01-01 22:30:29.860   572   624 D WifiConfigStore: Retrieve network priorities after PNO.
01-01 22:30:29.862   572   624 E wifi    : wifi_get_supported_feature_set returned error = 0xffffffa1
01-01 22:30:29.862   572   624 D wifi    : android_net_wifi_setLinkLayerStats: 1
01-01 22:30:29.862   572   572 D RttService: SCAN_AVAILABLE : 3
01-01 22:30:29.862   572   647 D RttService: DefaultState got{ when=0 what=160512 target=com.android.internal.util.StateMachine$SmHandler }
01-01 22:30:29.862   572   646 D wifi    : failed to get capabilities : -95
01-01 22:30:29.862   572   646 E WifiScanningService: could not get scan capabilities
01-01 22:30:29.865   572   624 E wifi    : android_net_wifi_getLinkLayerStats: failed to get link statistics
01-01 22:30:29.867   572   624 E native  : do suspend false
01-01 22:30:29.872   572   624 D WifiConfigStore: No blacklist allowed without epno enabled
01-01 22:30:29.873   572   624 D WifiConfigStore: Retrieve network priorities after PNO.
01-01 22:30:29.873   225   571 W CommandListener: Failed to retrieve HW addr for p2p0 (No such device)
01-01 22:30:29.874   225   571 D CommandListener: Setting iface cfg
01-01 22:30:29.875   572   624 E wifi    : android_net_wifi_getLinkLayerStats: failed to get link statistics
01-01 22:30:29.876   572   624 E wifi    : android_net_wifi_getLinkLayerStats: failed to get link statistics
01-01 22:30:29.878   572   623 E WifiP2pService: Unable to change interface settings: java.lang.IllegalStateException: command '22 interface setcfg p2p0 0.0.0.0 0 up' failed with '400 22 Failed to set address (No such device)'
01-01 22:30:29.878   572   623 D WifiMonitor: startMonitoring(p2p0) with mConnected = true
01-01 22:30:29.881   572   623 D WifiNative-HAL: p2pGetDeviceAddress
01-01 22:30:29.881   572   623 D WifiNative-HAL: p2pGetDeviceAddress returning ce:4b:73:82:30:50
01-01 22:30:29.963   687   687 I vol.Events: writeEvent collection_started
01-01 22:30:29.998   991  1002 I chatty  : uid=10006(com.google.android.gms) HeapTaskDaemon expire 1 line
01-01 22:30:30.146   702   702 I EngineFactory: Provider GmsCore_OpenSSL not available
01-01 22:30:30.150   978   978 W InputAttributes: No editor info for this field. Bug?
01-01 22:30:30.169   978  1130 I LatinIME:LogUtils: Dictionary info: dictionary = contacts.en_US ; version = 1293883230 ; date = ?
01-01 22:30:30.177   572   728 I ActivityManager: Start proc 1133:com.google.process.gapps/u0a6 for content provider com.google.android.gsf/.gservices.GservicesProvider
01-01 22:30:30.254   572   584 D ConnectivityService: listenForNetwork for Listen from uid/pid:1000/702 for NetworkRequest [ id=3, legacyType=-1, [ Capabilities: INTERNET&NOT_RESTRICTED&TRUSTED&NOT_VPN] ]
01-01 22:30:30.262   687  1124 I vol.Events: writeEvent level_changed STREAM_BLUETOOTH_SCO 7
01-01 22:30:30.267   687  1124 I vol.Events: writeEvent level_changed STREAM_MUSIC 2
01-01 22:30:30.271  1133  1133 I chatty  : uid=10006(com.google.android.gms) com.google.process.gapps expire 3 lines
01-01 22:30:30.274   687  1124 I vol.Events: writeEvent mute_changed STREAM_RING true
01-01 22:30:30.276   687  1124 I vol.Events: writeEvent mute_changed STREAM_SYSTEM true
01-01 22:30:30.277   687   687 D StorageNotification: Notifying about private volume: VolumeInfo{private}:
01-01 22:30:30.277   687   687 D StorageNotification:     type=PRIVATE diskId=null partGuid=null mountFlags=0 mountUserId=-1 
01-01 22:30:30.277   687   687 D StorageNotification:     state=MOUNTED 
01-01 22:30:30.277   687   687 D StorageNotification:     fsType=null fsUuid=null fsLabel=null 
01-01 22:30:30.277   687   687 D StorageNotification:     path=/data internalPath=null 
01-01 22:30:30.279   687  1124 I vol.Events: writeEvent level_changed STREAM_VOICE_CALL 1
01-01 22:30:30.280   687  1124 I vol.Events: writeEvent zen_mode_changed alarms
01-01 22:30:30.298   687  1154 I OMXClient: Using client-side OMX mux.
01-01 22:30:30.308   687  1154 I libstagefrighthw: OMX IL core libOMX_Core.so: declares component OMX.rk.video_decoder.avc
01-01 22:30:30.308   687  1154 I libstagefrighthw: OMX IL core libOMX_Core.so: declares component OMX.rk.video_decoder.m4v
01-01 22:30:30.308   687  1154 I libstagefrighthw: OMX IL core libOMX_Core.so: declares component OMX.rk.video_decoder.h263
01-01 22:30:30.308   687  1154 I libstagefrighthw: OMX IL core libOMX_Core.so: declares component OMX.rk.video_decoder.flv1
01-01 22:30:30.308   687  1154 I libstagefrighthw: OMX IL core libOMX_Core.so: declares component OMX.rk.video_decoder.m2v
01-01 22:30:30.308   687  1154 I libstagefrighthw: OMX IL core libOMX_Core.so: declares component OMX.rk.video_decoder.rv
01-01 22:30:30.308   687  1154 I libstagefrighthw: OMX IL core libOMX_Core.so: declares component OMX.rk.video_decoder.vp8
01-01 22:30:30.308   687  1154 I libstagefrighthw: OMX IL core libOMX_Core.so: declares component OMX.rk.video_decoder.vc1
01-01 22:30:30.308   687  1154 I libstagefrighthw: OMX IL core libOMX_Core.so: declares component OMX.rk.video_decoder.wmv3
01-01 22:30:30.308   687  1154 I libstagefrighthw: OMX IL core libOMX_Core.so: declares component OMX.rk.video_decoder.vp6
01-01 22:30:30.308   687  1154 I libstagefrighthw: OMX IL core libOMX_Core.so: declares component OMX.rk.video_decoder.hevc
01-01 22:30:30.308   687  1154 I libstagefrighthw: OMX IL core libOMX_Core.so: declares component OMX.rk.video_decoder.mjpeg
01-01 22:30:30.308   687  1154 I libstagefrighthw: OMX IL core libOMX_Core.so: declares component OMX.rk.video_decoder.avc.secure
01-01 22:30:30.308   687  1154 I libstagefrighthw: OMX IL core libOMX_Core.so: declares component OMX.rk.video_decoder.vp9
01-01 22:30:30.308   687  1154 I libstagefrighthw: OMX IL core libOMX_Core.so: declares component OMX.rk.video_encoder.avc
01-01 22:30:30.308   687  1154 I libstagefrighthw: OMX IL core libOMX_Core.so: declares component OMX.rk.video_encoder.vp8
01-01 22:30:30.308   687  1154 I libstagefrighthw: OMX IL core libOMX_Core.so: contains 16 components
01-01 22:30:30.321   964   964 I CalendarProvider2: Sending notification intent: Intent { act=android.intent.action.PROVIDER_CHANGED dat=content://com.android.calendar flg=0x20000000 }
01-01 22:30:30.322   964   964 W ContentResolver: Failed to get type for: content://com.android.calendar (Unknown URL content://com.android.calendar)
01-01 22:30:30.350   572   649 V KeyValueBackupJob: Scheduling k/v pass in 240 minutes
01-01 22:30:30.457   572   584 I StatusBarManagerService: registerStatusBar bar=com.android.internal.statusbar.IStatusBar$Stub$Proxy@1889a3a
01-01 22:30:30.499   978  1130 I LatinIME:LogUtils: Dictionary info: dictionary = userunigram.en_US ; version = 1293883230 ; date = ?
01-01 22:30:30.502   909   942 D ContactDirectoryManager: Found com.android.exchange.directory.provider
01-01 22:30:30.505   702   702 E ThemeUtils: View class androidx.appcompat.widget.AppCompatImageView is an AppCompat widget that can only be used with a Theme.AppCompat theme (or descendant).
01-01 22:30:30.515   572   729 I ActivityManager: Start proc 1175:com.android.exchange/u0a23 for content provider com.android.exchange/.provider.ExchangeDirectoryProvider
01-01 22:30:30.518   702   702 W art     : Before Android 4.1, method android.graphics.PorterDuffColorFilter androidx.vectordrawable.graphics.drawable.VectorDrawableCompat.updateTintFilter(android.graphics.PorterDuffColorFilter, android.content.res.ColorStateList, android.graphics.PorterDuff$Mode) would have incorrectly overridden the package-private method in android.graphics.drawable.Drawable
01-01 22:30:30.532   978  1130 I LatinIME:LogUtils: Dictionary info: dictionary = UserHistoryDictionary.en_US ; version = 1293883230 ; date = ?
01-01 22:30:30.641   702   702 E ThemeUtils: View class androidx.appcompat.widget.AppCompatTextView is an AppCompat widget that can only be used with a Theme.AppCompat theme (or descendant).
01-01 22:30:30.654   702   702 E ThemeUtils: View class androidx.appcompat.widget.AppCompatTextView is an AppCompat widget that can only be used with a Theme.AppCompat theme (or descendant).
01-01 22:30:30.660   702   702 E ThemeUtils: View class androidx.appcompat.widget.AppCompatTextView is an AppCompat widget that can only be used with a Theme.AppCompat theme (or descendant).
01-01 22:30:30.662   702   702 E ThemeUtils: View class androidx.appcompat.widget.AppCompatImageView is an AppCompat widget that can only be used with a Theme.AppCompat theme (or descendant).
01-01 22:30:30.673   572   625 D WifiService: New client listening to asynchronous messages
01-01 22:30:30.674  1175  1175 W System  : ClassLoader referenced unknown path: /system/app/Exchange2/lib/arm
01-01 22:30:30.832  1175  1175 E ActivityThread: Failed to find provider info for com.android.email.provider
01-01 22:30:30.835   909   942 I ContactDirectoryManager: deleted 0 stale rows which don't have any relevant directory
01-01 22:30:30.932   702   702 E ThemeUtils: View class androidx.appcompat.widget.AppCompatImageView is an AppCompat widget that can only be used with a Theme.AppCompat theme (or descendant).
01-01 22:30:31.003   702   702 E ThemeUtils: View class androidx.appcompat.widget.AppCompatImageView is an AppCompat widget that can only be used with a Theme.AppCompat theme (or descendant).
01-01 22:30:31.005   702   702 E ThemeUtils: View class androidx.appcompat.widget.AppCompatImageView is an AppCompat widget that can only be used with a Theme.AppCompat theme (or descendant).
01-01 22:30:31.015   702   702 E ThemeUtils: View class androidx.appcompat.widget.AppCompatImageView is an AppCompat widget that can only be used with a Theme.AppCompat theme (or descendant).
01-01 22:30:31.018   702   702 E ThemeUtils: View class androidx.appcompat.widget.AppCompatImageView is an AppCompat widget that can only be used with a Theme.AppCompat theme (or descendant).
01-01 22:30:31.023   978  1130 I LatinIME:LogUtils: Dictionary info: dictionary = main:en ; version = 54 ; date = 1414726273
01-01 22:30:31.026   702   702 E ThemeUtils: View class com.roboteam.teamy.lui.robostatusui.topbar.tabview.TabItemImageView is an AppCompat widget that can only be used with a Theme.AppCompat theme (or descendant).
01-01 22:30:31.028   702   702 E ThemeUtils: View class com.roboteam.teamy.lui.robostatusui.topbar.tabview.TabItemTelepresenceView is an AppCompat widget that can only be used with a Theme.AppCompat theme (or descendant).
01-01 22:30:31.029   702   702 E ThemeUtils: View class com.roboteam.teamy.lui.robostatusui.topbar.tabview.TabItemImageView is an AppCompat widget that can only be used with a Theme.AppCompat theme (or descendant).
01-01 22:30:31.032   702   702 E ThemeUtils: View class com.roboteam.teamy.lui.robostatusui.topbar.tabview.TabItemImageView is an AppCompat widget that can only be used with a Theme.AppCompat theme (or descendant).
01-01 22:30:31.036   702   702 E ThemeUtils: View class com.roboteam.teamy.lui.robostatusui.topbar.tabview.TabItemImageView is an AppCompat widget that can only be used with a Theme.AppCompat theme (or descendant).
01-01 22:30:31.036   909   942 I ContactDirectoryManager: Discovered 0 contact directories in 898ms
01-01 22:30:31.040   702   702 E ThemeUtils: View class com.roboteam.teamy.lui.robostatusui.topbar.tabview.TabContactsImageView is an AppCompat widget that can only be used with a Theme.AppCompat theme (or descendant).
01-01 22:30:31.040   991  1194 I chatty  : uid=10006 com.google.android.gms.persistent expire 1 line
01-01 22:30:31.043   702   702 E ThemeUtils: View class com.roboteam.teamy.lui.robostatusui.topbar.tabview.TabItemImageView is an AppCompat widget that can only be used with a Theme.AppCompat theme (or descendant).
01-01 22:30:31.045   702   702 E ThemeUtils: View class com.roboteam.teamy.lui.robostatusui.topbar.tabview.TabItemImageView is an AppCompat widget that can only be used with a Theme.AppCompat theme (or descendant).
01-01 22:30:31.045   657   657 D RecoveryReceiver: RECOVERY_STATE_FILE_TF:/mnt/external_sd/Recovery_state
01-01 22:30:31.056   572   729 I ActivityManager: Start proc 1197:android.process.media/u0a4 for broadcast com.android.providers.downloads/.DownloadReceiver
01-01 22:30:31.157  1197  1197 W System  : ClassLoader referenced unknown path: /system/priv-app/DownloadProvider/lib/arm
01-01 22:30:31.161  1197  1197 W System  : ClassLoader referenced unknown path: /system/priv-app/MediaProvider/lib/arm
01-01 22:30:31.172   702   702 E ThemeUtils: View class androidx.appcompat.widget.AppCompatImageView is an AppCompat widget that can only be used with a Theme.AppCompat theme (or descendant).
01-01 22:30:31.233   572   591 D BluetoothManagerService: Added callback: android.bluetooth.IBluetoothManagerCallback$Stub$Proxy@b4d7ea8:true
01-01 22:30:31.240   687   687 D LocalBluetoothProfileManager: Adding local MAP profile
01-01 22:30:31.242   687   687 D BluetoothMap: Create BluetoothMap proxy object
01-01 22:30:31.242   687   687 E BluetoothMap: Could not bind to Bluetooth MAP Service with Intent { act=android.bluetooth.IBluetoothMap }
01-01 22:30:31.244   687   687 D LocalBluetoothProfileManager: LocalBluetoothProfileManager construction complete
01-01 22:30:31.248   572  1150 D ConnectivityService: listenForNetwork for Listen from uid/pid:10014/687 for NetworkRequest [ id=4, legacyType=-1, [] ]
01-01 22:30:31.254   687   687 I CameraManagerGlobal: Connecting to camera service
01-01 22:30:31.261   228  1215 I chatty  : uid=1013(media) /system/bin/mediaserver expire 1 line
01-01 22:30:31.261   228  1216 I chatty  : uid=1013(media) /system/bin/mediaserver expire 43 lines
01-01 22:30:31.261   228  1217 I chatty  : uid=1013(media) /system/bin/mediaserver expire 69 lines
01-01 22:30:31.266   702   702 E ThemeUtils: View class androidx.appcompat.widget.AppCompatSeekBar is an AppCompat widget that can only be used with a Theme.AppCompat theme (or descendant).
01-01 22:30:31.268   702   702 E ThemeUtils: View class androidx.appcompat.widget.AppCompatTextView is an AppCompat widget that can only be used with a Theme.AppCompat theme (or descendant).
01-01 22:30:31.271   702   702 E ThemeUtils: View class androidx.appcompat.widget.AppCompatSeekBar is an AppCompat widget that can only be used with a Theme.AppCompat theme (or descendant).
01-01 22:30:31.272   702   702 E ThemeUtils: View class androidx.appcompat.widget.AppCompatTextView is an AppCompat widget that can only be used with a Theme.AppCompat theme (or descendant).
01-01 22:30:31.284   702   702 E ThemeUtils: View class androidx.appcompat.widget.AppCompatImageView is an AppCompat widget that can only be used with a Theme.AppCompat theme (or descendant).
01-01 22:30:31.288   702   702 E ThemeUtils: View class androidx.appcompat.widget.AppCompatTextView is an AppCompat widget that can only be used with a Theme.AppCompat theme (or descendant).
01-01 22:30:31.289   228  1219 I chatty  : uid=1013(media) /system/bin/mediaserver expire 1 line
01-01 22:30:31.289   228  1220 I chatty  : uid=1013(media) /system/bin/mediaserver expire 43 lines
01-01 22:30:31.290   228  1221 I chatty  : uid=1013(media) /system/bin/mediaserver expire 69 lines
01-01 22:30:31.302   228  1223 I chatty  : uid=1013(media) /system/bin/mediaserver expire 1 line
01-01 22:30:31.302   228  1224 I chatty  : uid=1013(media) /system/bin/mediaserver expire 8 lines
01-01 22:30:31.303   228  1225 I chatty  : uid=1013(media) /system/bin/mediaserver expire 58 lines
01-01 22:30:31.306   228  1227 I chatty  : uid=1013(media) /system/bin/mediaserver expire 20 lines
01-01 22:30:31.513   702   702 E ThemeUtils: View class androidx.appcompat.widget.AppCompatImageView is an AppCompat widget that can only be used with a Theme.AppCompat theme (or descendant).
01-01 22:30:31.515   702   702 E ThemeUtils: View class androidx.appcompat.widget.AppCompatTextView is an AppCompat widget that can only be used with a Theme.AppCompat theme (or descendant).
01-01 22:30:31.547   702  1238 W ActivityThread: ClassLoader.getResources: The class loader returned by Thread.getContextClassLoader() may fail for processes that host multiple applications. You should explicitly specify a context class loader. For example: Thread.setContextClassLoader(getClass().getClassLoader());
01-01 22:30:31.577  1018  1018 D RKUpdateReceiver: action = android.intent.action.MEDIA_MOUNTED
01-01 22:30:31.588   572  1166 I ActivityManager: Start proc 1249:com.android.settings/1000 for broadcast com.android.settings/.sim.SimSelectNotification
01-01 22:30:31.590   687  1124 I vol.Events: writeEvent mute_changed STREAM_ALARM true
01-01 22:30:31.697  1249  1249 W System  : ClassLoader referenced unknown path: /system/priv-app/Settings/lib/arm
01-01 22:30:31.728   572   591 D BluetoothManagerService: Added callback: android.bluetooth.IBluetoothManagerCallback$Stub$Proxy@3aef287:true
01-01 22:30:31.760   572   625 D WifiService: New client listening to asynchronous messages
01-01 22:30:31.872   228   632 I chatty  : uid=1013(media) Binder_2 expire 2 lines
01-01 22:30:31.886   228  1281 I chatty  : uid=1013(media) /system/bin/mediaserver expire 4 lines
01-01 22:30:31.886   228   632 I chatty  : uid=1013(media) Binder_2 expire 3 lines
01-01 22:30:31.887   228  1281 I chatty  : uid=1013(media) /system/bin/mediaserver expire 2 lines
01-01 22:30:31.887   228   632 I chatty  : uid=1013(media) Binder_2 expire 2 lines
01-01 22:30:31.887   228  1226 I chatty  : uid=1013(media) /system/bin/mediaserver expire 2 lines
01-01 22:30:31.887   228  1229 I chatty  : uid=1013(media) /system/bin/mediaserver expire 1 line
01-01 22:30:31.887   228   632 I chatty  : uid=1013(media) Binder_2 expire 14 lines
01-01 22:30:31.935   702   702 D SensorManager: aidl getSensorManager:android.hardware.ISensorManager$Stub$Proxy@b0c4f80
01-01 22:30:32.008   228  1281 I chatty  : uid=1013(media) /system/bin/mediaserver expire 1 line
01-01 22:30:32.009   228   632 I chatty  : uid=1013(media) Binder_2 expire 10 lines
01-01 22:30:32.009   228  1216 I chatty  : uid=1013(media) /system/bin/mediaserver expire 16 lines
01-01 22:30:32.009   228   632 I chatty  : uid=1013(media) Binder_2 expire 6 lines
01-01 22:30:32.010   228  1288 I chatty  : uid=1013(media) /system/bin/mediaserver expire 1 line
01-01 22:30:32.010   228   632 I chatty  : uid=1013(media) Binder_2 expire 4 lines
01-01 22:30:32.010   228  1216 I chatty  : uid=1013(media) /system/bin/mediaserver expire 10 lines
01-01 22:30:32.010   228   632 I chatty  : uid=1013(media) Binder_2 expire 12 lines
01-01 22:30:32.010   228   632 D RockFFPlayerBase: dumpStatus(): Idle
01-01 22:30:32.010   228   632 D RockFFPlayer: reset: in idle status, already reset
01-01 22:30:32.010   228  1217 I RockFFPlayer: readthread end of playing
01-01 22:30:32.010   228  1288 D FFMpegThread: DecoderAudio:~PlayerThread enter mThreadStatus=-1
01-01 22:30:32.011   228  1288 E RockFFPlayerBase: closeContext : in
01-01 22:30:32.011   228  1288 E RockFFPlayerBase: closeContext : out
01-01 22:30:32.011   228  1288 D RockFFPlayer: CancelThread: ok
01-01 22:30:32.011   228   632 D RockFFPlayer: ~FFMediaSource
01-01 22:30:32.011   228   632 D RockFFPlayer: FFMediaSource context null. 
01-01 22:30:32.011   228   632 E TraceThread:     VsyncReciver(tid = 2998335792)--> [UID=7ebda33b] pthread_join begin-->player = 0xb7de1f20
01-01 22:30:32.019   228   632 E TraceThread:     VsyncReciver(tid = 2998335792)--> [UID=7ebda33b] pthread_join   end-->player = 0xb7de1f20
01-01 22:30:32.019   228   632 D VsyncReciver: stop_l:vsyncThread down
01-01 22:30:32.019   228   632 E TraceThread:     RockFFPlayer(tid = 3000535344)--> [UID=7ebda33b] ~FFMPlayer Destruction; object=0xb7de1f20
01-01 22:30:32.019   228   632 D RockFFPlayer: ~FFMPlayer ok
01-01 22:30:32.019   228   632 D RockFFPlayerBase: ~FFMPlayerBase(():mDequeueThread down
01-01 22:30:32.019   228   632 D RockFFPlayerBase: ~RkMessageHandler
01-01 22:30:32.019   228   632 D RockFFPlayer: reset: in
01-01 22:30:32.019   228   632 D RockFFPlayerBase: dumpStatus(): Preapared
01-01 22:30:32.019   228   632 D RockFFPlayer: reset: stop_l in
01-01 22:30:32.019   228   632 D RockFFPlayer: stop_l: in
01-01 22:30:32.019   228   632 D RockFFPlayer: enter enqueueMessage
01-01 22:30:32.019   228   632 D RockFFPlayer: enqueueMessage:****1
01-01 22:30:32.019   228   632 D RockFFPlayer: enqueueMessage:****2
01-01 22:30:32.019   228   632 D RockFFPlayer: enqueueMessage:****3
01-01 22:30:32.019   228   632 D RockFFPlayer: enqueueMessage:Message 1,set signal
01-01 22:30:32.019   228   632 D RockFFPlayer: enqueueMessage:sync wait
01-01 22:30:32.019   228  1220 D RockFFPlayer: deliverMessage 
01-01 22:30:32.019   228  1220 D RockFFPlayer: run : dequeueMessage Message 4
01-01 22:30:32.020   228  1220 D RockFFPlayer: CMD_STOP
01-01 22:30:32.020   228  1220 D RockFFPlayer: doStop: in
01-01 22:30:32.020   228  1220 D RockFFPlayerBase: dumpStatus(): Preapared
01-01 22:30:32.020   228  1220 D RockFFPlayerBase: dumpStatus(): Stopped
01-01 22:30:32.020   228  1220 D RockFFPlayer: doRelease: in
01-01 22:30:32.020   228  1220 I FFIDecoder: waiting on end of decoder thread
01-01 22:30:32.020   228  1220 E FFMpegThread: DecoderAudio,wait
01-01 22:30:32.020   228  1220 E RockFFPlayerBase: FFMPlayerBase::flushRenderQueue in
01-01 22:30:32.020   228  1220 E RockFFPlayerBase: FFMPlayerBase::flushRenderQueue out
01-01 22:30:32.020   228  1220 D RockFFPlayer: doRelease: ok
01-01 22:30:32.020   228  1220 D RockFFPlayer: doStop: ok
01-01 22:30:32.020   228  1220 D RockFFPlayer: run : dequeueMessage Message 4 OK
01-01 22:30:32.020   228  1220 D RockFFPlayer: Messagecomplete type [4]
01-01 22:30:32.020   228  1220 D RockFFPlayer: run : Message 4 complete
01-01 22:30:32.020   228  1221 I RockFFPlayer: readthread end of playing
01-01 22:30:32.020   228   632 D RockFFPlayer: enqueueMessage:sync wait ok
01-01 22:30:32.020   228   632 D RockFFPlayer: stop_l: clear queue ok
01-01 22:30:32.020   228   632 D RockFFPlayer: stop_l: create cancel thread ok
01-01 22:30:32.020   228  1290 D RockFFPlayer: CancelThread: in
01-01 22:30:32.020   228   632 D RockFFPlayer: stop_l: ok
01-01 22:30:32.020   228   632 D RockFFPlayer: enter enqueueMessage
01-01 22:30:32.020   228   632 D RockFFPlayer: enqueueMessage:****1
01-01 22:30:32.020   228   632 D RockFFPlayer: enqueueMessage:****2
01-01 22:30:32.020   228   632 D RockFFPlayer: enqueueMessage:****3
01-01 22:30:32.020   228   632 D RockFFPlayer: enqueueMessage:Message 1,set signal
01-01 22:30:32.020   228   632 D RockFFPlayer: enqueueMessage:sync wait
01-01 22:30:32.020   228  1220 D RockFFPlayer: deliverMessage 
01-01 22:30:32.020   228  1220 D RockFFPlayer: run : dequeueMessage Message 11
01-01 22:30:32.020   228  1220 D RockFFPlayer: CMD_RESET
01-01 22:30:32.020   228  1220 D RockFFPlayerBase: dumpStatus(): Idle
01-01 22:30:32.020   228  1220 D RockFFPlayer: doReset ok
01-01 22:30:32.020   228  1220 D RockFFPlayer: run : dequeueMessage Message 11 OK
01-01 22:30:32.020   228  1220 D RockFFPlayer: Messagecomplete type [11]
01-01 22:30:32.020   228  1220 D RockFFPlayer: run : Message 11 complete
01-01 22:30:32.020   228   632 D RockFFPlayer: enqueueMessage:sync wait ok
01-01 22:30:32.020   228   632 D RockFFPlayer: reset: do reset ok
01-01 22:30:32.020   228  1290 D RockFFPlayer: processAsyncExit: wait message thread
01-01 22:30:32.020   228  1220 D RockFFPlayer: signal thread out
01-01 22:30:32.020   228  1220 D RockFFPlayer: sched_thread out
01-01 22:30:32.020   228   632 D RockFFPlayer: stop:wait is ok
01-01 22:30:32.020   228   632 D RockFFPlayer: stop:ok
01-01 22:30:32.020   228   632 D RockFFPlayer: ~RkMessageQueue
01-01 22:30:32.020   228   632 D RockFFPlayer: reset: reset ok
01-01 22:30:32.020   228   632 E FFPlayer: ~FFPlayer
01-01 22:30:32.020   228   632 D RockFFPlayer: reset: in
01-01 22:30:32.020   228   632 D RockFFPlayerBase: dumpStatus(): Idle
01-01 22:30:32.020   228   632 D RockFFPlayer: reset: in idle status, already reset
01-01 22:30:32.020   228   632 D RockFFPlayer: ~FFMPlayer in
01-01 22:30:32.021   228  1290 D FFMpegThread: DecoderAudio:~PlayerThread enter mThreadStatus=-1
01-01 22:30:32.021   228  1290 E RockFFPlayerBase: closeContext : in
01-01 22:30:32.021   228  1290 E RockFFPlayerBase: closeContext : out
01-01 22:30:32.021   228  1290 D RockFFPlayer: CancelThread: ok
01-01 22:30:32.027   228   632 D RockFFPlayer: reset: in
01-01 22:30:32.027   228   632 D RockFFPlayerBase: dumpStatus(): Idle
01-01 22:30:32.027   228   632 D RockFFPlayer: reset: in idle status, already reset
01-01 22:30:32.027   228   632 D RockFFPlayer: ~FFMediaSource
01-01 22:30:32.027   228   632 D RockFFPlayer: FFMediaSource context null. 
01-01 22:30:32.027   228   632 E TraceThread:     VsyncReciver(tid = 2993547568)--> [UID=7ebda33b] pthread_join begin-->player = 0xb7e57088
01-01 22:30:32.040   228   632 E TraceThread:     VsyncReciver(tid = 2993547568)--> [UID=7ebda33b] pthread_join   end-->player = 0xb7e57088
01-01 22:30:32.040   228   632 D VsyncReciver: stop_l:vsyncThread down
01-01 22:30:32.040   228   632 E TraceThread:     RockFFPlayer(tid = 3000535344)--> [UID=7ebda33b] ~FFMPlayer Destruction; object=0xb7e57088
01-01 22:30:32.040   228   632 D RockFFPlayer: ~FFMPlayer ok
01-01 22:30:32.040   228   632 D RockFFPlayerBase: ~FFMPlayerBase(():mDequeueThread down
01-01 22:30:32.040   228   632 D RockFFPlayerBase: ~RkMessageHandler
01-01 22:30:32.040   228   632 D RockFFPlayer: reset: in
01-01 22:30:32.040   228   632 D RockFFPlayerBase: dumpStatus(): Error status
01-01 22:30:32.040   228   632 D RockFFPlayer: reset: stop_l in
01-01 22:30:32.041   228   632 D RockFFPlayer: stop_l: in
01-01 22:30:32.041   228   632 D RockFFPlayer: enter enqueueMessage
01-01 22:30:32.041   228   632 D RockFFPlayer: enqueueMessage:****1
01-01 22:30:32.041   228   632 D RockFFPlayer: enqueueMessage:****2
01-01 22:30:32.041   228   632 D RockFFPlayer: enqueueMessage:****3
01-01 22:30:32.041   228   632 D RockFFPlayer: enqueueMessage:Message 1,set signal
01-01 22:30:32.041   228   632 D RockFFPlayer: enqueueMessage:sync wait
01-01 22:30:32.041   228  1224 D RockFFPlayer: deliverMessage 
01-01 22:30:32.041   228  1224 D RockFFPlayer: run : dequeueMessage Message 4
01-01 22:30:32.041   228  1224 D RockFFPlayer: CMD_STOP
01-01 22:30:32.041   228  1224 D RockFFPlayer: doStop: in
01-01 22:30:32.041   228  1224 D RockFFPlayerBase: dumpStatus(): Error status
01-01 22:30:32.041   228  1224 D RockFFPlayerBase: dumpStatus(): Stopped
01-01 22:30:32.041   228  1224 D RockFFPlayer: doRelease: in
01-01 22:30:32.041   228  1224 D RockFFPlayer: FFMediaSource setExit, but context null
01-01 22:30:32.041   228  1224 E RockFFPlayerBase: FFMPlayerBase::flushRenderQueue in
01-01 22:30:32.041   228  1224 E RockFFPlayerBase: FFMPlayerBase::flushRenderQueue out
01-01 22:30:32.041   228  1224 D RockFFPlayer: doRelease: ok
01-01 22:30:32.041   228  1224 D RockFFPlayer: doStop: ok
01-01 22:30:32.041   228  1224 D RockFFPlayer: run : dequeueMessage Message 4 OK
01-01 22:30:32.041   228  1224 D RockFFPlayer: Messagecomplete type [4]
01-01 22:30:32.041   228  1224 D RockFFPlayer: run : Message 4 complete
01-01 22:30:32.041   228   632 D RockFFPlayer: enqueueMessage:sync wait ok
01-01 22:30:32.041   228   632 D RockFFPlayer: stop_l: clear queue ok
01-01 22:30:32.041   228   632 D RockFFPlayer: stop_l: create cancel thread ok
01-01 22:30:32.041   228  1293 D RockFFPlayer: CancelThread: in
01-01 22:30:32.041   228   632 D RockFFPlayer: stop_l: ok
01-01 22:30:32.041   228   632 D RockFFPlayer: enter enqueueMessage
01-01 22:30:32.041   228   632 D RockFFPlayer: enqueueMessage:****1
01-01 22:30:32.041   228   632 D RockFFPlayer: enqueueMessage:****2
01-01 22:30:32.041   228   632 D RockFFPlayer: enqueueMessage:****3
01-01 22:30:32.041   228   632 D RockFFPlayer: enqueueMessage:Message 1,set signal
01-01 22:30:32.041   228   632 D RockFFPlayer: enqueueMessage:sync wait
01-01 22:30:32.041   228  1224 D RockFFPlayer: deliverMessage 
01-01 22:30:32.041   228  1224 D RockFFPlayer: run : dequeueMessage Message 11
01-01 22:30:32.041   228  1224 D RockFFPlayer: CMD_RESET
01-01 22:30:32.041   228  1224 D RockFFPlayerBase: dumpStatus(): Idle
01-01 22:30:32.041   228  1224 D RockFFPlayer: doReset ok
01-01 22:30:32.041   228  1224 D RockFFPlayer: run : dequeueMessage Message 11 OK
01-01 22:30:32.041   228  1224 D RockFFPlayer: Messagecomplete type [11]
01-01 22:30:32.041   228  1224 D RockFFPlayer: run : Message 11 complete
01-01 22:30:32.041   228   632 D RockFFPlayer: enqueueMessage:sync wait ok
01-01 22:30:32.041   228   632 D RockFFPlayer: reset: do reset ok
01-01 22:30:32.041   228  1293 D RockFFPlayer: processAsyncExit: wait message thread
01-01 22:30:32.041   228  1224 D RockFFPlayer: signal thread out
01-01 22:30:32.041   228  1224 D RockFFPlayer: sched_thread out
01-01 22:30:32.041   228   632 D RockFFPlayer: stop:wait is ok
01-01 22:30:32.041   228   632 D RockFFPlayer: stop:ok
01-01 22:30:32.041   228   632 D RockFFPlayer: ~RkMessageQueue
01-01 22:30:32.041   228   632 D RockFFPlayer: reset: reset ok
01-01 22:30:32.041   228  1293 E RockFFPlayerBase: closeContext : in
01-01 22:30:32.041   228   632 E FFPlayer: ~FFPlayer
01-01 22:30:32.041   228  1293 D RockFFPlayer: FFMediaSource context null. 
01-01 22:30:32.041   228  1293 E RockFFPlayerBase: closeContext : out
01-01 22:30:32.041   228   632 D RockFFPlayer: reset: in
01-01 22:30:32.041   228  1293 D RockFFPlayer: CancelThread: ok
01-01 22:30:32.041   228   632 D RockFFPlayerBase: dumpStatus(): Idle
01-01 22:30:32.041   228   632 D RockFFPlayer: reset: in idle status, already reset
01-01 22:30:32.041   228   632 D RockFFPlayer: ~FFMPlayer in
01-01 22:30:32.041   228   632 D RockFFPlayer: reset: in
01-01 22:30:32.041   228   632 D RockFFPlayerBase: dumpStatus(): Idle
01-01 22:30:32.041   228   632 D RockFFPlayer: reset: in idle status, already reset
01-01 22:30:32.041   228   632 D RockFFPlayer: ~FFMediaSource
01-01 22:30:32.041   228   632 D RockFFPlayer: FFMediaSource context null. 
01-01 22:30:32.041   228   632 E TraceThread:     VsyncReciver(tid = 2989369648)--> [UID=7ebda33b] pthread_join begin-->player = 0xb7ea3ae8
01-01 22:30:32.054   228   632 E TraceThread:     VsyncReciver(tid = 2989369648)--> [UID=7ebda33b] pthread_join   end-->player = 0xb7ea3ae8
01-01 22:30:32.054   228   632 D VsyncReciver: stop_l:vsyncThread down
01-01 22:30:32.054   228   632 E TraceThread:     RockFFPlayer(tid = 3000535344)--> [UID=7ebda33b] ~FFMPlayer Destruction; object=0xb7ea3ae8
01-01 22:30:32.054   228   632 D RockFFPlayer: ~FFMPlayer ok
01-01 22:30:32.054   228   632 D RockFFPlayerBase: ~FFMPlayerBase(():mDequeueThread down
01-01 22:30:32.055   228   632 D RockFFPlayerBase: ~RkMessageHandler
01-01 22:30:32.055   228   474 I CameraService: getCameraCharacteristics: Switching to HAL1 shim implementation...
01-01 22:30:32.055   228   474 D CameraHal: camera_get_camera_info(1312): camera_get_camera_info(1312): camera_1 facing(1), orientation(270)
01-01 22:30:32.055   228   474 I CameraService: CameraService::connect call (PID 228 "media", camera ID 1) for HAL version default and Camera API version 1
