01-01 22:30:32.767   228  1297 D RockFFPlayerBase: dumpStatus(): Idle
01-01 22:30:32.767   228  1297 D RockFFPlayer: doReset ok
01-01 22:30:32.767   228  1297 D RockFFPlayer: run : dequeueMessage Message 11 OK
01-01 22:30:32.767   228  1297 D RockFFPlayer: Messagecomplete type [11]
01-01 22:30:32.767   228  1297 D RockFFPlayer: run : Message 11 complete
01-01 22:30:32.767   228   474 D RockFFPlayer: enqueueMessage:sync wait ok
01-01 22:30:32.767   228   474 D RockFFPlayer: reset: do reset ok
01-01 22:30:32.767   228  1297 D RockFFPlayer: signal thread out
01-01 22:30:32.767   228  1297 D RockFFPlayer: sched_thread out
01-01 22:30:32.767   228   474 D RockFFPlayer: stop:wait is ok
01-01 22:30:32.768   228   474 D RockFFPlayer: stop:ok
01-01 22:30:32.768   228   474 D RockFFPlayer: ~RkMessageQueue
01-01 22:30:32.768   228   474 D RockFFPlayer: reset: reset ok
01-01 22:30:32.768   228   474 E FFPlayer: ~FFPlayer
01-01 22:30:32.768   228   474 D RockFFPlayer: reset: in
01-01 22:30:32.768   228   474 D RockFFPlayerBase: dumpStatus(): Idle
01-01 22:30:32.768   228  1298 I RockFFPlayer: readthread end of playing
01-01 22:30:32.768   228   474 D RockFFPlayer: reset: in idle status, already reset
01-01 22:30:32.768   228   474 D RockFFPlayer: ~FFMPlayer in
01-01 22:30:32.768   228   474 D RockFFPlayer: reset: in
01-01 22:30:32.768   228   474 D RockFFPlayerBase: dumpStatus(): Idle
01-01 22:30:32.768   228   474 D RockFFPlayer: reset: in idle status, already reset
01-01 22:30:32.768   228  1373 D FFMpegThread: DecoderAudio:~PlayerThread enter mThreadStatus=-1
01-01 22:30:32.768   228  1373 E RockFFPlayerBase: closeContext : in
01-01 22:30:32.768   228  1373 E RockFFPlayerBase: closeContext : out
01-01 22:30:32.768   228  1373 D RockFFPlayer: CancelThread: ok
01-01 22:30:32.769   228   474 D RockFFPlayer: ~FFMediaSource
01-01 22:30:32.769   228   474 D RockFFPlayer: FFMediaSource context null. 
01-01 22:30:32.769   228   474 E TraceThread:     VsyncReciver(tid = 2998335792)--> [UID=36a40b87] pthread_join begin-->player = 0xb7e0b980
01-01 22:30:32.780   228   474 E TraceThread:     VsyncReciver(tid = 2998335792)--> [UID=36a40b87] pthread_join   end-->player = 0xb7e0b980
01-01 22:30:32.780   228   474 D VsyncReciver: stop_l:vsyncThread down
01-01 22:30:32.780   228   474 E TraceThread:     RockFFPlayer(tid = 3001592112)--> [UID=36a40b87] ~FFMPlayer Destruction; object=0xb7e0b980
01-01 22:30:32.780   228   474 D RockFFPlayer: ~FFMPlayer ok
01-01 22:30:32.780   228   474 D RockFFPlayerBase: ~FFMPlayerBase(():mDequeueThread down
01-01 22:30:32.780   228   474 D RockFFPlayerBase: ~RkMessageHandler
01-01 22:30:32.788   228   474 D RockFFPlayer: reset: in
01-01 22:30:32.788   228   474 D RockFFPlayerBase: dumpStatus(): Preapared
01-01 22:30:32.788   228   474 D RockFFPlayer: reset: stop_l in
01-01 22:30:32.788   228   474 D RockFFPlayer: stop_l: in
01-01 22:30:32.788   228   474 D RockFFPlayer: enter enqueueMessage
01-01 22:30:32.788   228   474 D RockFFPlayer: enqueueMessage:****1
01-01 22:30:32.788   228   474 D RockFFPlayer: enqueueMessage:****2
01-01 22:30:32.788   228   474 D RockFFPlayer: enqueueMessage:****3
01-01 22:30:32.788   228   474 D RockFFPlayer: enqueueMessage:Message 1,set signal
01-01 22:30:32.788   228   474 D RockFFPlayer: enqueueMessage:sync wait
01-01 22:30:32.788   228  1301 D RockFFPlayer: deliverMessage 
01-01 22:30:32.788   228  1301 D RockFFPlayer: run : dequeueMessage Message 4
01-01 22:30:32.788   228  1301 D RockFFPlayer: CMD_STOP
01-01 22:30:32.788   228  1301 D RockFFPlayer: doStop: in
01-01 22:30:32.788   228  1301 D RockFFPlayerBase: dumpStatus(): Preapared
01-01 22:30:32.788   228  1301 D RockFFPlayerBase: dumpStatus(): Stopped
01-01 22:30:32.788   228  1301 D RockFFPlayer: doRelease: in
01-01 22:30:32.788   228  1301 I FFIDecoder: waiting on end of decoder thread
01-01 22:30:32.788   228  1301 E FFMpegThread: DecoderAudio,wait
01-01 22:30:32.788   228  1301 E RockFFPlayerBase: FFMPlayerBase::flushRenderQueue in
01-01 22:30:32.788   228  1301 E RockFFPlayerBase: FFMPlayerBase::flushRenderQueue out
01-01 22:30:32.788   228  1301 D RockFFPlayer: doRelease: ok
01-01 22:30:32.788   228  1301 D RockFFPlayer: doStop: ok
01-01 22:30:32.788   228  1301 D RockFFPlayer: run : dequeueMessage Message 4 OK
01-01 22:30:32.788   228  1301 D RockFFPlayer: Messagecomplete type [4]
01-01 22:30:32.788   228  1301 D RockFFPlayer: run : Message 4 complete
01-01 22:30:32.788   228  1302 I RockFFPlayer: readthread end of playing
01-01 22:30:32.789   228   474 D RockFFPlayer: enqueueMessage:sync wait ok
01-01 22:30:32.789   228   474 D RockFFPlayer: stop_l: clear queue ok
01-01 22:30:32.789   228   474 D RockFFPlayer: stop_l: create cancel thread ok
01-01 22:30:32.789   228   474 D RockFFPlayer: stop_l: ok
01-01 22:30:32.789   228   474 D RockFFPlayer: enter enqueueMessage
01-01 22:30:32.789   228   474 D RockFFPlayer: enqueueMessage:****1
01-01 22:30:32.789   228   474 D RockFFPlayer: enqueueMessage:****2
01-01 22:30:32.789   228   474 D RockFFPlayer: enqueueMessage:****3
01-01 22:30:32.789   228   474 D RockFFPlayer: enqueueMessage:Message 1,set signal
01-01 22:30:32.789   228   474 D RockFFPlayer: enqueueMessage:sync wait
01-01 22:30:32.789   228  1301 D RockFFPlayer: deliverMessage 
01-01 22:30:32.789   228  1301 D RockFFPlayer: run : dequeueMessage Message 11
01-01 22:30:32.789   228  1301 D RockFFPlayer: CMD_RESET
01-01 22:30:32.789   228  1301 D RockFFPlayerBase: dumpStatus(): Idle
01-01 22:30:32.789   228  1301 D RockFFPlayer: doReset ok
01-01 22:30:32.789   228  1301 D RockFFPlayer: run : dequeueMessage Message 11 OK
01-01 22:30:32.789   228  1301 D RockFFPlayer: Messagecomplete type [11]
01-01 22:30:32.789   228  1301 D RockFFPlayer: run : Message 11 complete
01-01 22:30:32.789   228   474 D RockFFPlayer: enqueueMessage:sync wait ok
01-01 22:30:32.789   228   474 D RockFFPlayer: reset: do reset ok
01-01 22:30:32.789   228  1301 D RockFFPlayer: signal thread out
01-01 22:30:32.789   228  1301 D RockFFPlayer: sched_thread out
01-01 22:30:32.789   228   474 D RockFFPlayer: stop:wait is ok
01-01 22:30:32.790   228   474 D RockFFPlayer: stop:ok
01-01 22:30:32.790   228   474 D RockFFPlayer: ~RkMessageQueue
01-01 22:30:32.790   228   474 D RockFFPlayer: reset: reset ok
01-01 22:30:32.790   228   474 E FFPlayer: ~FFPlayer
01-01 22:30:32.790   228   474 D RockFFPlayer: reset: in
01-01 22:30:32.790   228   474 D RockFFPlayerBase: dumpStatus(): Idle
01-01 22:30:32.790   228   474 D RockFFPlayer: reset: in idle status, already reset
01-01 22:30:32.790   228   474 D RockFFPlayer: ~FFMPlayer in
01-01 22:30:32.790   228   474 D RockFFPlayer: reset: in
01-01 22:30:32.790   228   474 D RockFFPlayerBase: dumpStatus(): Idle
01-01 22:30:32.790   228   474 D RockFFPlayer: reset: in idle status, already reset
01-01 22:30:32.790   228  1374 D RockFFPlayer: CancelThread: in
01-01 22:30:32.790   228  1374 D FFMpegThread: DecoderAudio:~PlayerThread enter mThreadStatus=-1
01-01 22:30:32.790   228  1374 E RockFFPlayerBase: closeContext : in
01-01 22:30:32.790   228  1374 E RockFFPlayerBase: closeContext : out
01-01 22:30:32.790   228  1374 D RockFFPlayer: CancelThread: ok
01-01 22:30:32.791   228   474 D RockFFPlayer: ~FFMediaSource
01-01 22:30:32.791   228   474 D RockFFPlayer: FFMediaSource context null. 
01-01 22:30:32.791   228   474 E TraceThread:     VsyncReciver(tid = 2993547568)--> [UID=36a40b87] pthread_join begin-->player = 0xb7ea2230
01-01 22:30:32.791   572   624 E wifi    : wifi_get_supported_feature_set returned error = 0xffffffa1
01-01 22:30:32.797   228   474 E TraceThread:     VsyncReciver(tid = 2993547568)--> [UID=36a40b87] pthread_join   end-->player = 0xb7ea2230
01-01 22:30:32.797   228   474 D VsyncReciver: stop_l:vsyncThread down
01-01 22:30:32.797   228   474 E TraceThread:     RockFFPlayer(tid = 3001592112)--> [UID=36a40b87] ~FFMPlayer Destruction; object=0xb7ea2230
01-01 22:30:32.797   228   474 D RockFFPlayer: ~FFMPlayer ok
01-01 22:30:32.798   228   474 D RockFFPlayerBase: ~FFMPlayerBase(():mDequeueThread down
01-01 22:30:32.798   228   474 D RockFFPlayerBase: ~RkMessageHandler
01-01 22:30:32.798   228   474 D RockFFPlayer: reset: in
01-01 22:30:32.798   228   474 D RockFFPlayerBase: dumpStatus(): Error status
01-01 22:30:32.798   228   474 D RockFFPlayer: reset: stop_l in
01-01 22:30:32.798   228   474 D RockFFPlayer: stop_l: in
01-01 22:30:32.798   228   474 D RockFFPlayer: enter enqueueMessage
01-01 22:30:32.798   228   474 D RockFFPlayer: enqueueMessage:****1
01-01 22:30:32.798   228   474 D RockFFPlayer: enqueueMessage:****2
01-01 22:30:32.798   228   474 D RockFFPlayer: enqueueMessage:****3
01-01 22:30:32.798   228   474 D RockFFPlayer: enqueueMessage:Message 1,set signal
01-01 22:30:32.798   228   474 D RockFFPlayer: enqueueMessage:sync wait
01-01 22:30:32.798   228  1305 D RockFFPlayer: deliverMessage 
01-01 22:30:32.798   228  1305 D RockFFPlayer: run : dequeueMessage Message 4
01-01 22:30:32.798   228  1305 D RockFFPlayer: CMD_STOP
01-01 22:30:32.798   228  1305 D RockFFPlayer: doStop: in
01-01 22:30:32.798   228  1305 D RockFFPlayerBase: dumpStatus(): Error status
01-01 22:30:32.798   228  1305 D RockFFPlayerBase: dumpStatus(): Stopped
01-01 22:30:32.798   228  1305 D RockFFPlayer: doRelease: in
01-01 22:30:32.798   228  1305 D RockFFPlayer: FFMediaSource setExit, but context null
01-01 22:30:32.798   228  1305 E RockFFPlayerBase: FFMPlayerBase::flushRenderQueue in
01-01 22:30:32.798   228  1305 E RockFFPlayerBase: FFMPlayerBase::flushRenderQueue out
01-01 22:30:32.798   228  1305 D RockFFPlayer: doRelease: ok
01-01 22:30:32.798   228  1305 D RockFFPlayer: doStop: ok
01-01 22:30:32.798   228  1305 D RockFFPlayer: run : dequeueMessage Message 4 OK
01-01 22:30:32.798   228  1305 D RockFFPlayer: Messagecomplete type [4]
01-01 22:30:32.798   228  1305 D RockFFPlayer: run : Message 4 complete
01-01 22:30:32.798   228   474 D RockFFPlayer: enqueueMessage:sync wait ok
01-01 22:30:32.798   228   474 D RockFFPlayer: stop_l: clear queue ok
01-01 22:30:32.798   228  1375 D RockFFPlayer: CancelThread: in
01-01 22:30:32.798   228   474 D RockFFPlayer: stop_l: create cancel thread ok
01-01 22:30:32.798   228   474 D RockFFPlayer: stop_l: ok
01-01 22:30:32.798   228   474 D RockFFPlayer: enter enqueueMessage
01-01 22:30:32.798   228   474 D RockFFPlayer: enqueueMessage:****1
01-01 22:30:32.798   228   474 D RockFFPlayer: enqueueMessage:****2
01-01 22:30:32.798   228   474 D RockFFPlayer: enqueueMessage:****3
01-01 22:30:32.798   228   474 D RockFFPlayer: enqueueMessage:Message 1,set signal
01-01 22:30:32.798   228   474 D RockFFPlayer: enqueueMessage:sync wait
01-01 22:30:32.798   228  1305 D RockFFPlayer: deliverMessage 
01-01 22:30:32.798   228  1305 D RockFFPlayer: run : dequeueMessage Message 11
01-01 22:30:32.798   228  1305 D RockFFPlayer: CMD_RESET
01-01 22:30:32.798   228  1305 D RockFFPlayerBase: dumpStatus(): Idle
01-01 22:30:32.798   228  1305 D RockFFPlayer: doReset ok
01-01 22:30:32.798   228  1305 D RockFFPlayer: run : dequeueMessage Message 11 OK
01-01 22:30:32.798   228  1305 D RockFFPlayer: Messagecomplete type [11]
01-01 22:30:32.798   228  1305 D RockFFPlayer: run : Message 11 complete
01-01 22:30:32.798   228   474 D RockFFPlayer: enqueueMessage:sync wait ok
01-01 22:30:32.798   228   474 D RockFFPlayer: reset: do reset ok
01-01 22:30:32.798   228  1375 D RockFFPlayer: processAsyncExit: wait message thread
01-01 22:30:32.798   228  1305 D RockFFPlayer: signal thread out
01-01 22:30:32.798   228  1305 D RockFFPlayer: sched_thread out
01-01 22:30:32.798   228   474 D RockFFPlayer: stop:wait is ok
01-01 22:30:32.798   228   474 D RockFFPlayer: stop:ok
01-01 22:30:32.798   228   474 D RockFFPlayer: ~RkMessageQueue
01-01 22:30:32.798   228   474 D RockFFPlayer: reset: reset ok
01-01 22:30:32.798   228  1375 E RockFFPlayerBase: closeContext : in
01-01 22:30:32.798   228   474 E FFPlayer: ~FFPlayer
01-01 22:30:32.798   228  1375 D RockFFPlayer: FFMediaSource context null. 
01-01 22:30:32.798   228  1375 E RockFFPlayerBase: closeContext : out
01-01 22:30:32.798   228  1375 D RockFFPlayer: CancelThread: ok
01-01 22:30:32.798   228   474 D RockFFPlayer: reset: in
01-01 22:30:32.799   228   474 D RockFFPlayerBase: dumpStatus(): Idle
01-01 22:30:32.799   228   474 D RockFFPlayer: reset: in idle status, already reset
01-01 22:30:32.799   228   474 D RockFFPlayer: ~FFMPlayer in
01-01 22:30:32.799   228   474 D RockFFPlayer: reset: in
01-01 22:30:32.799   228   474 D RockFFPlayerBase: dumpStatus(): Idle
01-01 22:30:32.799   228   474 D RockFFPlayer: reset: in idle status, already reset
01-01 22:30:32.799   228   474 D RockFFPlayer: ~FFMediaSource
01-01 22:30:32.799   228   474 D RockFFPlayer: FFMediaSource context null. 
01-01 22:30:32.799   228   474 E TraceThread:     VsyncReciver(tid = 2989369648)--> [UID=36a40b87] pthread_join begin-->player = 0xb7eb3058
01-01 22:30:32.815   228   474 E TraceThread:     VsyncReciver(tid = 2989369648)--> [UID=36a40b87] pthread_join   end-->player = 0xb7eb3058
01-01 22:30:32.815   228   474 D VsyncReciver: stop_l:vsyncThread down
01-01 22:30:32.815   228   474 E TraceThread:     RockFFPlayer(tid = 3001592112)--> [UID=36a40b87] ~FFMPlayer Destruction; object=0xb7eb3058
01-01 22:30:32.815   228   474 D RockFFPlayer: ~FFMPlayer ok
01-01 22:30:32.815   228   474 D RockFFPlayerBase: ~FFMPlayerBase(():mDequeueThread down
01-01 22:30:32.815   228   474 D RockFFPlayerBase: ~RkMessageHandler
01-01 22:30:32.816   228   228 D CameraHal: camera_get_camera_info(1312): camera_get_camera_info(1312): camera_0 facing(0), orientation(90)
01-01 22:30:32.817   228   474 D CameraHal: camera_get_camera_info(1312): camera_get_camera_info(1312): camera_0 facing(0), orientation(90)
01-01 22:30:32.823   228   228 D CameraHal: camera_get_camera_info(1312): camera_get_camera_info(1312): camera_1 facing(1), orientation(270)
01-01 22:30:32.824   228   474 D CameraHal: camera_get_camera_info(1312): camera_get_camera_info(1312): camera_1 facing(1), orientation(270)
01-01 22:30:32.864   687  1380 D OpenGLRenderer: Use EGL_SWAP_BEHAVIOR_PRESERVED: true
01-01 22:30:32.865   687  1380 D OpenGLRenderer: profile bars disabled
01-01 22:30:32.865   687  1380 D OpenGLRenderer: ambientRatio = 1.50
01-01 22:30:32.875   572   686 V WindowManager: Window{ca22a3 u0 KeyguardScrim} forcing orientation to 5
01-01 22:30:32.878   687   687 D PhoneStatusBar: disable: < EXPAND* icons alerts system_info BACK* HOME* RECENT* clock SEARCH* quick_settings >
01-01 22:30:32.892   687   687 D PhoneStatusBar: heads up is enabled
01-01 22:30:33.174   991  1339 I chatty  : uid=10006(com.google.android.gms) GoogleLocationS expire 1 line
01-01 22:30:33.203   991   991 I chatty  : uid=10006 com.google.android.gms.persistent expire 4 lines
01-01 22:30:33.265   702   702 W ContextImpl: Calling a method in the system process without a qualified user: android.app.ContextImpl.startActivity:658 android.content.ContextWrapper.startActivity:331 com.roboteam.teamy.shared.activitylauncher.ActivityLauncher.startActivity:16 com.roboteam.teamy.boot.activitylauncher.BootActivityLauncher.launch:54 com.roboteam.teamy.home.HomeActivity.onCreate:93 
01-01 22:30:33.265   702   702 W ContextImpl: Calling a method in the system process without a qualified user: android.app.ContextImpl.startActivity:670 android.app.ContextImpl.startActivity:659 android.content.ContextWrapper.startActivity:331 com.roboteam.teamy.shared.activitylauncher.ActivityLauncher.startActivity:16 com.roboteam.teamy.boot.activitylauncher.BootActivityLauncher.launch:54 
01-01 22:30:33.266   572   701 I ActivityManager: START u0 {flg=0x10008000 cmp=com.roboteam.teamy.usa/com.roboteam.teamy.boot.BootActivity} from uid 1000 on display 0
01-01 22:30:33.269   572   701 V WindowState: Reporting new frame to Window{c07dee6 u0 StatusBar}: Rect(0, 0 - 1920, 0)
01-01 22:30:33.269   572   701 I WindowState: Sending new config to window Window{c07dee6 u0 StatusBar}: 0.0x0.0 / config={1.0 ?mcc?mnc en_US ldltr sw800dp w1280dp h800dp 240dpi xlrg land finger -keyb/v/h -nav/h s.4} overrideConfig={1.0 ?mcc?mnc ?locale ?layoutDir ?swdp ?wdp ?hdp ?density ?lsize ?long ?orien ?uimode ?night ?touch ?keyb/?/? ?nav/?}
01-01 22:30:33.271   572   701 V WindowState: Reporting new frame to Window{ca22a3 u0 KeyguardScrim}: Rect(0, 0 - 1920, 1200)
01-01 22:30:33.316   572   589 D Tethering: interfaceLinkStateChanged wlan0, true
01-01 22:30:33.316   572   589 D Tethering: interfaceStatusChanged wlan0, true
01-01 22:30:33.323   572   624 D WIFI    : Registering NetworkFactory
01-01 22:30:33.323   572   624 D WIFI_UT : Registering NetworkFactory
01-01 22:30:33.323   572   626 D ConnectivityService: Got NetworkFactory Messenger for WIFI
01-01 22:30:33.323   572   626 D ConnectivityService: Got NetworkFactory Messenger for WIFI_UT
01-01 22:30:33.344   702  1383 D OpenGLRenderer: Use EGL_SWAP_BEHAVIOR_PRESERVED: true
01-01 22:30:33.356   572   624 D WIFI    : got request NetworkRequest [ id=1, legacyType=-1, [ Capabilities: INTERNET&NOT_RESTRICTED&TRUSTED&NOT_VPN] ] with score 0
01-01 22:30:33.356   572   624 D WIFI_UT : got request NetworkRequest [ id=1, legacyType=-1, [ Capabilities: INTERNET&NOT_RESTRICTED&TRUSTED&NOT_VPN] ] with score 0
01-01 22:30:33.367   572   728 E WindowManager: Unknown window type: 2999
01-01 22:30:33.368   572   728 V WindowManager: Window{ca22a3 u0 KeyguardScrim} forcing orientation to 5
01-01 22:30:33.389   572   584 V WindowManager: Window{ca22a3 u0 KeyguardScrim} forcing orientation to 5
01-01 22:30:33.390   572   686 I WindowStateAnimator: createSurface WindowStateAnimator{45758cc com.android.systemui.ImageWallpaper}: mDrawState=DRAW_PENDING
01-01 22:30:33.390   572   686 V WindowManager: Changing surface while display frozen: Window{4dcf2ff u0 com.android.systemui.ImageWallpaper}
01-01 22:30:33.390   572   686 D WindowStateAnimator: rk_debug2 com.android.systemui.ImageWallpaper_Force_To_Dual
01-01 22:30:33.391   572   686 V WindowManager: Window{ca22a3 u0 KeyguardScrim} forcing orientation to 5
01-01 22:30:33.392   572   686 V WindowManager: Eval win Window{b94ec21 u0 com.roboteam.teamy.usa/com.roboteam.teamy.home.HomeActivity}: isDrawn=false, isAnimating=false
01-01 22:30:33.392   572   686 V WindowManager: Not displayed: s=null pv=true mDrawState=NO_SURFACE ah=false th=false a=false
01-01 22:30:33.392   572   686 V WindowManager: Resize reasons for w=Window{4dcf2ff u0 com.android.systemui.ImageWallpaper}:  contentInsetsChanged=true [0,0][1293,1484] visibleInsetsChanged=true [0,0][1293,1484] stableInsetsChanged=true [0,0][1293,1484] outsetsChanged=false [0,0][0,0] surfaceResized=true configChanged=true
01-01 22:30:33.392   572   686 V WindowManager: Changing surface while display frozen: Window{4dcf2ff u0 com.android.systemui.ImageWallpaper}
01-01 22:30:33.392   572   686 V WindowManager: Orientation start waiting for draw mDrawState=DRAW_PENDING in Window{4dcf2ff u0 com.android.systemui.ImageWallpaper}, surface Surface(name=com.android.systemui.ImageWallpaper_Force_To_Dual)
01-01 22:30:33.392   572   686 V WindowManager: Resizing window Window{4dcf2ff u0 com.android.systemui.ImageWallpaper} to 3213.0x2684.0
01-01 22:30:33.394   572   686 V WindowState: Reporting new frame to Window{4dcf2ff u0 com.android.systemui.ImageWallpaper}: Rect(0, 0 - 3213, 2684)
01-01 22:30:33.394   572   686 I WindowState: Sending new config to window Window{4dcf2ff u0 com.android.systemui.ImageWallpaper}: 3213.0x2684.0 / config={1.0 ?mcc?mnc en_US ldltr sw800dp w1280dp h800dp 240dpi xlrg land finger -keyb/v/h -nav/h s.4} overrideConfig={1.0 ?mcc?mnc ?locale ?layoutDir ?swdp ?wdp ?hdp ?density ?lsize ?long ?orien ?uimode ?night ?touch ?keyb/?/? ?nav/?}
01-01 22:30:33.394   572   686 I WindowState: Resizing Window{4dcf2ff u0 com.android.systemui.ImageWallpaper} WITH DRAW PENDING
01-01 22:30:33.395   572   686 V WindowManager: Eval win Window{b94ec21 u0 com.roboteam.teamy.usa/com.roboteam.teamy.home.HomeActivity}: isDrawn=false, isAnimating=false
01-01 22:30:33.395   572   686 V WindowManager: Not displayed: s=null pv=true mDrawState=NO_SURFACE ah=false th=false a=false
01-01 22:30:33.411   572   592 E WindowManager: Unknown window type: 2999
01-01 22:30:33.411   572   592 V WindowStateAnimator: Orientation continue waiting for draw in Window{4dcf2ff u0 com.android.systemui.ImageWallpaper}
01-01 22:30:33.502   572   728 V WindowManager: Clear freezing of Token{694bbd7 ActivityRecord{df31f56 u0 com.roboteam.teamy.usa/com.roboteam.teamy.home.HomeActivity t198}}: hidden=false freezing=false
01-01 22:30:33.503   572   728 I WindowManager: Set freezing of Token{5a6f96e ActivityRecord{2ce08e9 u0 com.roboteam.teamy.usa/com.roboteam.teamy.boot.BootActivity t199}}: hidden=true freezing=false
01-01 22:30:33.503   572   728 V WindowManager: setAppVisibility(Token{5a6f96e ActivityRecord{2ce08e9 u0 com.roboteam.teamy.usa/com.roboteam.teamy.boot.BootActivity t199}}, visible=true): mNextAppTransition=TRANSIT_TASK_OPEN hidden=true hiddenRequested=true Callers=com.android.server.am.ActivityStackSupervisor.realStartActivityLocked:1185 com.android.server.am.ActivityStackSupervisor.startSpecificActivityLocked:1384 com.android.server.am.ActivityStack.resumeTopActivityInnerLocked:2077 com.android.server.am.ActivityStack.resumeTopActivityLocked:1587 com.android.server.am.ActivityStackSupervisor.resumeTopActivitiesLocked:2735 com.android.server.am.ActivityStack.completePauseLocked:1080 
01-01 22:30:33.503   572   728 V WindowManager: Window{ca22a3 u0 KeyguardScrim} forcing orientation to 5
01-01 22:30:33.504   572   728 V WindowManager: setAppVisibility(Token{694bbd7 ActivityRecord{df31f56 u0 com.roboteam.teamy.usa/com.roboteam.teamy.home.HomeActivity t198}}, visible=false): mNextAppTransition=TRANSIT_TASK_OPEN hidden=false hiddenRequested=false Callers=com.android.server.am.ActivityStack.setVisible:1170 com.android.server.am.ActivityStack.ensureActivitiesVisibleLocked:1431 com.android.server.am.ActivityStackSupervisor.ensureActivitiesVisibleLocked:3305 com.android.server.am.ActivityManagerService.updateConfigurationLocked:17838 com.android.server.am.ActivityStackSupervisor.realStartActivityLocked:1201 com.android.server.am.ActivityStackSupervisor.startSpecificActivityLocked:1384 
01-01 22:30:33.505   572   728 V WindowManager: Eval win Window{b94ec21 u0 com.roboteam.teamy.usa/com.roboteam.teamy.home.HomeActivity}: isDrawn=false, isAnimating=false
01-01 22:30:33.505   572   728 V WindowManager: Not displayed: s=null pv=false mDrawState=NO_SURFACE ah=false th=true a=false
01-01 22:30:33.517   572   592 E WindowManager: Unknown window type: 2999
01-01 22:30:33.517   572   592 V WindowStateAnimator: Orientation continue waiting for draw in Window{4dcf2ff u0 com.android.systemui.ImageWallpaper}
01-01 22:30:33.546   572   584 V WindowManager: Window{ca22a3 u0 KeyguardScrim} forcing orientation to 5
01-01 22:30:33.546   572   584 V WindowManager: Eval win Window{b94ec21 u0 com.roboteam.teamy.usa/com.roboteam.teamy.home.HomeActivity}: isDrawn=false, isAnimating=false
01-01 22:30:33.546   572   584 V WindowManager: Not displayed: s=null pv=false mDrawState=NO_SURFACE ah=false th=true a=false
01-01 22:30:33.550   572  1170 I WindowStateAnimator: createSurface WindowStateAnimator{ac88cfc }: mDrawState=DRAW_PENDING
01-01 22:30:33.551   572  1170 V WindowManager: Changing surface while display frozen: Window{8deca07 u0 com.roboteam.teamy.usa}
01-01 22:30:33.551   572  1170 V WindowManager: Window{ca22a3 u0 KeyguardScrim} forcing orientation to 5
01-01 22:30:33.552   572  1170 V WindowManager: Resize reasons for w=Window{8deca07 u0 com.roboteam.teamy.usa}:  contentInsetsChanged=false [0,0][0,0] visibleInsetsChanged=false [0,0][0,0] stableInsetsChanged=false [0,0][0,0] outsetsChanged=false [0,0][0,0] surfaceResized=false configChanged=true
01-01 22:30:33.552   572  1170 V WindowManager: Changing surface while display frozen: Window{8deca07 u0 com.roboteam.teamy.usa}
01-01 22:30:33.552   572  1170 V WindowManager: Orientation start waiting for draw mDrawState=DRAW_PENDING in Window{8deca07 u0 com.roboteam.teamy.usa}, surface Surface(name=)
01-01 22:30:33.552   572  1170 V WindowManager: Resizing window Window{8deca07 u0 com.roboteam.teamy.usa} to 1.0x1.0
01-01 22:30:33.552   572  1170 V WindowManager: Eval win Window{b94ec21 u0 com.roboteam.teamy.usa/com.roboteam.teamy.home.HomeActivity}: isDrawn=false, isAnimating=false
01-01 22:30:33.552   572  1170 V WindowManager: Not displayed: s=null pv=false mDrawState=NO_SURFACE ah=false th=true a=false
01-01 22:30:33.552   572  1170 V WindowState: Reporting new frame to Window{8deca07 u0 com.roboteam.teamy.usa}: Rect(960, 600 - 960, 600)
01-01 22:30:33.552   572  1170 I WindowState: Sending new config to window Window{8deca07 u0 com.roboteam.teamy.usa}: 1.0x1.0 / config={1.0 ?mcc?mnc en_US ldltr sw800dp w1280dp h800dp 240dpi xlrg land finger -keyb/v/h -nav/h s.4} overrideConfig={1.0 ?mcc?mnc ?locale ?layoutDir ?swdp ?wdp ?hdp ?density ?lsize ?long ?orien ?uimode ?night ?touch ?keyb/?/? ?nav/?}
01-01 22:30:33.552   572  1170 I WindowState: Resizing Window{8deca07 u0 com.roboteam.teamy.usa} WITH DRAW PENDING
01-01 22:30:33.554   572   592 E WindowManager: Unknown window type: 2999
01-01 22:30:33.554   572   592 V WindowStateAnimator: Orientation continue waiting for draw in Window{4dcf2ff u0 com.android.systemui.ImageWallpaper}
01-01 22:30:33.554   572   592 V WindowStateAnimator: Orientation change skips hidden Window{8deca07 u0 com.roboteam.teamy.usa}
01-01 22:30:33.556   702  1383 I mali_so : [File] : hardware/arm/maliT760/driver/product/base/src/mali_base_kbase.c; [Line] : 928; [Func] : base_context_deal_with_version_affairs_rk_ext;
01-01 22:30:33.556   702  1383 I mali_so : arm_release_ver of this mali_so is 'r12p0-04rel0', rk_so_ver is '12@0', built at '17:00:15', on 'Aug 16 2016'.
01-01 22:30:33.556   702  1383 I mali_so : [File] : hardware/arm/maliT760/driver/product/base/src/mali_base_kbase.c; [Line] : 955; [Func] : base_context_deal_with_version_affairs_rk_ext;
01-01 22:30:33.556   702  1383 I mali_so : mali_ver_property has been set to 'r12p0-04rel0-13-12@0', to return.
01-01 22:30:33.558   702  1383 I OpenGLRenderer: Initialized EGL, version 1.4
01-01 22:30:33.564   702  1383 D Surface : Surface::final mReqUsage=a00
01-01 22:30:33.565   702  1383 D mali_winsys: EGLint new_window_surface(egl_winsys_display*, void*, EGLSurface, EGLConfig, egl_winsys_surface**, egl_color_buffer_format*, EGLBoolean) returns 0x3000
01-01 22:30:33.565   192   353 D gralloc : Isfb=0, [1,1,16,64], fmt=1, byte_stride=64
01-01 22:30:33.566   192   353 D gralloc : Isfb=0, [1,1,16,64], fmt=1, byte_stride=64
01-01 22:30:33.566   192   353 D gralloc : Isfb=0, [1,1,16,64], fmt=1, byte_stride=64
01-01 22:30:33.571   572  1169 V WindowManager: Window{ca22a3 u0 KeyguardScrim} forcing orientation to 5
01-01 22:30:33.571   572  1169 V WindowManager: Eval win Window{b94ec21 u0 com.roboteam.teamy.usa/com.roboteam.teamy.home.HomeActivity}: isDrawn=false, isAnimating=false
01-01 22:30:33.571   572  1169 V WindowManager: Not displayed: s=null pv=false mDrawState=NO_SURFACE ah=false th=true a=false
01-01 22:30:33.575   572   728 V WindowManager: Window{ca22a3 u0 KeyguardScrim} forcing orientation to 5
01-01 22:30:33.575   572   728 V WindowManager: Eval win Window{b94ec21 u0 com.roboteam.teamy.usa/com.roboteam.teamy.home.HomeActivity}: isDrawn=false, isAnimating=false
01-01 22:30:33.575   572   728 V WindowManager: Not displayed: s=null pv=false mDrawState=NO_SURFACE ah=false th=true a=false
01-01 22:30:33.579   572   700 V WindowManager: Window{ca22a3 u0 KeyguardScrim} forcing orientation to 5
01-01 22:30:33.579   572   700 V WindowManager: Eval win Window{b94ec21 u0 com.roboteam.teamy.usa/com.roboteam.teamy.home.HomeActivity}: isDrawn=false, isAnimating=false
01-01 22:30:33.579   572   700 V WindowManager: Not displayed: s=null pv=false mDrawState=NO_SURFACE ah=false th=true a=false
01-01 22:30:33.588   572   592 E WindowManager: Unknown window type: 2999
01-01 22:30:33.588   572   592 V WindowStateAnimator: Orientation continue waiting for draw in Window{4dcf2ff u0 com.android.systemui.ImageWallpaper}
01-01 22:30:33.703   687   687 I mali_so : [File] : hardware/arm/maliT760/driver/product/base/src/mali_base_kbase.c; [Line] : 928; [Func] : base_context_deal_with_version_affairs_rk_ext;
01-01 22:30:33.703   687   687 I mali_so : arm_release_ver of this mali_so is 'r12p0-04rel0', rk_so_ver is '12@0', built at '17:00:15', on 'Aug 16 2016'.
01-01 22:30:33.703   687   687 I mali_so : [File] : hardware/arm/maliT760/driver/product/base/src/mali_base_kbase.c; [Line] : 955; [Func] : base_context_deal_with_version_affairs_rk_ext;
01-01 22:30:33.703   687   687 I mali_so : mali_ver_property has been set to 'r12p0-04rel0-13-12@0', to return.
01-01 22:30:33.715   687   687 D Surface : Surface::final mReqUsage=a00
01-01 22:30:33.715   687   687 D mali_winsys: EGLint new_window_surface(egl_winsys_display*, void*, EGLSurface, EGLConfig, egl_winsys_surface**, egl_color_buffer_format*, EGLBoolean) returns 0x3000
01-01 22:30:33.732   702  1399 W ExifInterface: Stop reading file since a wrong offset may cause an infinite loop: 0
01-01 22:30:33.732   702  1399 W ExifInterface: Stop reading file since a wrong offset may cause an infinite loop: 0
01-01 22:30:33.733   702  1397 W ExifInterface: Stop reading file since a wrong offset may cause an infinite loop: 0
01-01 22:30:33.733   702  1397 W ExifInterface: Stop reading file since a wrong offset may cause an infinite loop: 0
01-01 22:30:33.748   702  1398 W ExifInterface: Stop reading file since a wrong offset may cause an infinite loop: 0
01-01 22:30:33.748   702  1398 W ExifInterface: Stop reading file since a wrong offset may cause an infinite loop: 0
01-01 22:30:33.819  1340  1340 W Finsky  : [1] com.google.android.finsky.FinskyApp.i(1465): No account configured on this device.
01-01 22:30:33.829  1340  1340 W Finsky  : [1] com.google.android.finsky.FinskyApp.i(1465): No account configured on this device.
01-01 22:30:33.859  1340  1340 W Finsky  : [1] com.google.android.finsky.FinskyApp.i(1465): No account configured on this device.
01-01 22:30:33.861  1340  1340 W Finsky  : [1] com.google.android.finsky.FinskyApp.i(1465): No account configured on this device.
01-01 22:30:33.886  1340  1340 I Finsky  : [1] com.google.android.finsky.FinskyApp.onCreate(428): Initializing network with DFE https://android.clients.google.com/fdfe/
01-01 22:30:33.888  1340  1340 W Finsky  : [1] com.google.android.finsky.FinskyApp.i(1465): No account configured on this device.
01-01 22:30:33.954   192   200 D gralloc : Isfb=0, [2684,3213,2688,10752], fmt=2, byte_stride=10752
01-01 22:30:33.983   572  1166 V WindowStateAnimator: finishDrawingLocked: mDrawState=COMMIT_DRAW_PENDING WindowStateAnimator{45758cc com.android.systemui.ImageWallpaper} in Surface(name=com.android.systemui.ImageWallpaper_Force_To_Dual)
01-01 22:30:33.989   687   687 I Choreographer: Skipped 156 frames!  The application may be doing too much work on its main thread.
01-01 22:30:33.992   687   687 D ViewRootImpl: changeCanvasOpacity: opaque=true
01-01 22:30:33.996   572   592 V WindowManager: Eval win Window{b94ec21 u0 com.roboteam.teamy.usa/com.roboteam.teamy.home.HomeActivity}: isDrawn=false, isAnimating=false
01-01 22:30:33.996   572   592 V WindowManager: Not displayed: s=null pv=false mDrawState=NO_SURFACE ah=false th=true a=false
01-01 22:30:33.996   572   592 I WindowManager:   SURFACE SHOW (performShowLocked): Window{4dcf2ff u0 com.android.systemui.ImageWallpaper}
01-01 22:30:33.996   572   592 V WindowManager: Orientation not waiting for draw in Window{4dcf2ff u0 com.android.systemui.ImageWallpaper}, surface Surface(name=com.android.systemui.ImageWallpaper_Force_To_Dual)
01-01 22:30:33.997   572   592 V WindowManager: Window{ca22a3 u0 KeyguardScrim} forcing orientation to 5
01-01 22:30:33.997   572   592 V WindowManager: Eval win Window{b94ec21 u0 com.roboteam.teamy.usa/com.roboteam.teamy.home.HomeActivity}: isDrawn=false, isAnimating=false
01-01 22:30:33.997   572   592 V WindowManager: Not displayed: s=null pv=false mDrawState=NO_SURFACE ah=false th=true a=false
01-01 22:30:34.004  1340  1340 W Finsky  : [1] com.google.android.finsky.FinskyApp.i(1465): No account configured on this device.
01-01 22:30:34.006  1340  1340 W Finsky  : [1] com.google.android.finsky.FinskyApp.i(1465): No account configured on this device.
01-01 22:30:34.013   572   592 E WindowManager: Unknown window type: 2999
01-01 22:30:34.013   572   592 V WindowManager: Eval win Window{b94ec21 u0 com.roboteam.teamy.usa/com.roboteam.teamy.home.HomeActivity}: isDrawn=false, isAnimating=false
01-01 22:30:34.013   572   592 V WindowManager: Not displayed: s=null pv=false mDrawState=NO_SURFACE ah=false th=true a=false
01-01 22:30:34.031   572   592 E WindowManager: Unknown window type: 2999
01-01 22:30:34.049  1340  1340 W Finsky  : [1] com.google.android.finsky.FinskyApp.i(1465): No account configured on this device.
01-01 22:30:34.051  1340  1340 W Finsky  : [1] com.google.android.finsky.FinskyApp.i(1465): No account configured on this device.
01-01 22:30:34.055  1340  1340 W Finsky  : [1] com.google.android.finsky.FinskyApp.i(1465): No account configured on this device.
01-01 22:30:34.059  1340  1340 W Finsky  : [1] com.google.android.finsky.FinskyApp.i(1465): No account configured on this device.
01-01 22:30:34.101   572   583 I WindowStateAnimator: createSurface WindowStateAnimator{9158cad StatusBar}: mDrawState=DRAW_PENDING
01-01 22:30:34.101   572   583 V WindowManager: Changing surface while display frozen: Window{c07dee6 u0 StatusBar}
01-01 22:30:34.102   572   583 D WindowStateAnimator: rk_debug2 StatusBar_Force_To_Dual
01-01 22:30:34.103   572   583 V WindowManager: Window{ca22a3 u0 KeyguardScrim} forcing orientation to 5
01-01 22:30:34.103   572   583 V WindowManager: Eval win Window{b94ec21 u0 com.roboteam.teamy.usa/com.roboteam.teamy.home.HomeActivity}: isDrawn=false, isAnimating=false
01-01 22:30:34.103   572   583 V WindowManager: Not displayed: s=null pv=false mDrawState=NO_SURFACE ah=false th=true a=false
01-01 22:30:34.107   687  1380 I OpenGLRenderer: Initialized EGL, version 1.4
01-01 22:30:34.111   687  1380 D Surface : Surface::final mReqUsage=a00
01-01 22:30:34.111   687  1380 D mali_winsys: EGLint new_window_surface(egl_winsys_display*, void*, EGLSurface, EGLConfig, egl_winsys_surface**, egl_color_buffer_format*, EGLBoolean) returns 0x3000
01-01 22:30:34.119   572   592 E WindowManager: Unknown window type: 2999
01-01 22:30:34.119   572   592 V WindowStateAnimator: Orientation continue waiting for draw in Window{c07dee6 u0 StatusBar}
01-01 22:30:34.120   192   353 D gralloc : Isfb=0, [1920,1,1920,7680], fmt=1, byte_stride=7680
01-01 22:30:34.123   991  1389 I chatty  : uid=10006(com.google.android.gms) lowpool[2] expire 3 lines
01-01 22:30:34.128   192   353 D gralloc : Isfb=0, [1920,1,1920,7680], fmt=1, byte_stride=7680
01-01 22:30:34.129   192   353 D gralloc : Isfb=0, [1920,1,1920,7680], fmt=1, byte_stride=7680
01-01 22:30:34.134   572   625 D WifiService: New client listening to asynchronous messages
01-01 22:30:34.148   702   712 W art     : Suspending all threads took: 6.874ms
01-01 22:30:34.151   702   712 I art     : Background sticky concurrent mark sweep GC freed 128(39KB) AllocSpace objects, 6(120KB) LOS objects, 0% free, 47MB/47MB, paused 8.511ms total 66.276ms
01-01 22:30:34.168  1340  1340 W Finsky  : [1] com.google.android.finsky.FinskyApp.i(1465): No account configured on this device.
01-01 22:30:34.169  1340  1340 W Finsky  : [1] com.google.android.finsky.FinskyApp.i(1465): No account configured on this device.
01-01 22:30:34.170  1340  1340 I Finsky  : [1] com.google.android.finsky.services.DailyHygiene.a(171): No need to run daily hygiene.
01-01 22:30:34.171  1340  1340 W Finsky  : [1] com.google.android.finsky.FinskyApp.i(1465): No account configured on this device.
01-01 22:30:34.187  1340  1340 W Settings: Setting download_manager_max_bytes_over_mobile has moved from android.provider.Settings.Secure to android.provider.Settings.Global.
01-01 22:30:34.191  1340  1340 W Settings: Setting download_manager_recommended_max_bytes_over_mobile has moved from android.provider.Settings.Secure to android.provider.Settings.Global.
01-01 22:30:34.211  1340  1340 W Finsky  : [1] com.google.android.finsky.FinskyApp.i(1465): No account configured on this device.
01-01 22:30:34.212  1340  1340 W Finsky  : [1] com.google.android.finsky.FinskyApp.i(1465): No account configured on this device.
01-01 22:30:34.213  1340  1340 W Finsky  : [1] com.google.android.finsky.FinskyApp.i(1465): No account configured on this device.
01-01 22:30:34.214  1340  1340 W Finsky  : [1] com.google.android.finsky.FinskyApp.i(1465): No account configured on this device.
01-01 22:30:34.218  1340  1340 W Finsky  : [1] com.google.android.finsky.FinskyApp.i(1465): No account configured on this device.
01-01 22:30:34.228   228   228 E MediaPlayerFactory: 2019 03 30 -------- getPlayerType()---------------- 234 !!!! 
01-01 22:30:34.229   228   228 E MediaPlayerFactory: filePath = /data/app/com.roboteam.teamy.usa-2/base.apk 
01-01 22:30:34.229   228   228 E MediaPlayerFactory: 2019 03 30 -------- getPlayerType()---------------- return STAGEFRIGHT_PLAYER !!!! 
01-01 22:30:34.230  1340  1340 W Finsky  : [1] com.google.android.finsky.FinskyApp.b(1147): No account configured on this device.
01-01 22:30:34.235  1340  1340 W Finsky  : [1] com.google.android.finsky.FinskyApp.i(1465): No account configured on this device.
01-01 22:30:34.237  1340  1340 W Finsky  : [1] com.google.android.finsky.FinskyApp.i(1465): No account configured on this device.
01-01 22:30:34.246   228   228 I AwesomePlayer: AwesomePlayer::AwesomePlayer()in
01-01 22:30:34.246   228   228 I AwesomePlayer: AwesomePlayer::AwesomePlayer()aftermClient.connect()
01-01 22:30:34.248  1340  1463 W Finsky  : [113] com.google.android.finsky.FinskyApp.i(1465): No account configured on this device.
01-01 22:30:34.250  1340  1340 W Finsky  : [1] com.google.android.finsky.FinskyApp.i(1465): No account configured on this device.
01-01 22:30:34.256  1340  1340 W Finsky  : [1] com.google.android.finsky.FinskyApp.i(1465): No account configured on this device.
01-01 22:30:34.259  1340  1340 E Finsky  : [1] com.google.android.finsky.utils.aa.a(57): No permission to get location. java.lang.SecurityException: "gps" location provider requires ACCESS_FINE_LOCATION permission.
01-01 22:30:34.262  1340  1340 E Finsky  : [1] com.google.android.finsky.utils.aa.a(106): No permission to get location. java.lang.SecurityException: "fused" location provider requires ACCESS_COARSE_LOCATION or ACCESS_FINE_LOCATION permission.
01-01 22:30:34.266   702  1397 W art     : Long monitor contention event with owner method=java.lang.Object dalvik.system.VMRuntime.newNonMovableArray!(java.lang.Class, int) from VMRuntime.java:4294967294 waiters=0 for 182ms
01-01 22:30:34.276   228   228 D WVMExtractor: Failed to open libwvm.so
01-01 22:30:34.276   228   228 D AwesomePlayer: the format is mimeTypeaudio/x-wav,confidence:0.400000
01-01 22:30:34.289   702  1275 D MediaPlayer: setSubtitleAnchor in MediaPlayer
01-01 22:30:34.305   572   624 E wifi    : wifi_get_supported_feature_set returned error = 0xffffffa1
01-01 22:30:34.319   228   266 D AudioHardwareTiny: start_output_stream
01-01 22:30:34.319   228   266 D alsa_route: route_info->sound_card 0, route_info->devices 0  
01-01 22:30:34.319   228   266 D alsa_route: route_set_controls() set route 0
01-01 22:30:34.417   572   686 V WindowManager: Window{ca22a3 u0 KeyguardScrim} forcing orientation to 5
01-01 22:30:34.418   572   686 V WindowManager: Eval win Window{b94ec21 u0 com.roboteam.teamy.usa/com.roboteam.teamy.home.HomeActivity}: isDrawn=false, isAnimating=false
01-01 22:30:34.418   572   686 V WindowManager: Not displayed: s=null pv=false mDrawState=NO_SURFACE ah=false th=true a=false
01-01 22:30:34.426   572   700 V WindowManager: Window{ca22a3 u0 KeyguardScrim} forcing orientation to 5
01-01 22:30:34.427   572   700 V WindowManager: Eval win Window{b94ec21 u0 com.roboteam.teamy.usa/com.roboteam.teamy.home.HomeActivity}: isDrawn=false, isAnimating=false
01-01 22:30:34.427   572   700 V WindowManager: Not displayed: s=null pv=false mDrawState=NO_SURFACE ah=false th=true a=false
01-01 22:30:34.437   572   592 E WindowManager: Unknown window type: 2999
01-01 22:30:34.437   572   592 V WindowStateAnimator: Orientation continue waiting for draw in Window{c07dee6 u0 StatusBar}
01-01 22:30:34.446   572   728 V WindowStateAnimator: finishDrawingLocked: mDrawState=COMMIT_DRAW_PENDING WindowStateAnimator{9158cad StatusBar} in Surface(name=StatusBar_Force_To_Dual)
01-01 22:30:34.446   572   592 I WindowManager:   SURFACE SHOW (performShowLocked): Window{c07dee6 u0 StatusBar}
01-01 22:30:34.446   572   592 V WindowManager: Orientation not waiting for draw in Window{c07dee6 u0 StatusBar}, surface Surface(name=StatusBar_Force_To_Dual)
01-01 22:30:34.446   572   592 V WindowManager: Eval win Window{b94ec21 u0 com.roboteam.teamy.usa/com.roboteam.teamy.home.HomeActivity}: isDrawn=false, isAnimating=false
01-01 22:30:34.446   572   592 V WindowManager: Not displayed: s=null pv=false mDrawState=NO_SURFACE ah=false th=true a=false
01-01 22:30:34.455   572   592 E WindowManager: Unknown window type: 2999
01-01 22:30:34.456   572   592 V WindowManager: Eval win Window{b94ec21 u0 com.roboteam.teamy.usa/com.roboteam.teamy.home.HomeActivity}: isDrawn=false, isAnimating=false
01-01 22:30:34.456   572   592 V WindowManager: Not displayed: s=null pv=false mDrawState=NO_SURFACE ah=false th=true a=false
01-01 22:30:34.473   572   592 E WindowManager: Unknown window type: 2999
01-01 22:30:34.486   572  1169 I ActivityManager: Start proc 1471:com.google.android.gms/u0a6 for service com.google.android.gms/.ads.identifier.service.AdvertisingIdService
01-01 22:30:34.649  1340  1340 I Finsky  : [1] com.google.android.finsky.c.l.a(270): result=false type=4
01-01 22:30:34.674  1340  1340 I Finsky  : [1] com.google.android.finsky.services.bc.a(1050): Restore complete with 0 success and 0 failed.
01-01 22:30:34.678   991   991 I chatty  : uid=10006 com.google.android.gms.persistent expire 5 lines
01-01 22:30:34.710  1471  1471 I chatty  : uid=10006(com.google.android.gms) expire 4 lines
01-01 22:30:34.759   991  1336 I chatty  : uid=10006(com.google.android.gms) GeofencerStateM expire 2 lines
01-01 22:30:34.798  1471  1481 I chatty  : uid=10006(com.google.android.gms) HeapTaskDaemon expire 1 line
01-01 22:30:34.801  1471  1471 I chatty  : uid=10006(com.google.android.gms) expire 6 lines
01-01 22:30:34.899  1471  1494 I chatty  : uid=10006(com.google.android.gms) expire 1 line
01-01 22:30:34.917  1340  1463 W Finsky  : [113] com.google.android.finsky.FinskyApp.i(1465): No account configured on this device.
01-01 22:30:35.020   702   702 I Choreographer: Skipped 81 frames!  The application may be doing too much work on its main thread.
01-01 22:30:35.020   572   583 V WindowStateAnimator: finishDrawingLocked: mDrawState=COMMIT_DRAW_PENDING WindowStateAnimator{ac88cfc } in Surface(name=)
01-01 22:30:35.021   572   592 V WindowManager: Eval win Window{65ffb1d u0 com.roboteam.teamy.usa/com.roboteam.teamy.boot.BootActivity}: isDrawn=false, isAnimating=false
01-01 22:30:35.021   572   592 V WindowManager: Not displayed: s=null pv=true mDrawState=NO_SURFACE ah=false th=false a=false
01-01 22:30:35.021   572   592 V WindowManager: Eval win Window{b94ec21 u0 com.roboteam.teamy.usa/com.roboteam.teamy.home.HomeActivity}: isDrawn=false, isAnimating=false
01-01 22:30:35.021   572   592 V WindowManager: Not displayed: s=null pv=false mDrawState=NO_SURFACE ah=false th=true a=false
01-01 22:30:35.022   572   584 V WindowManager: Window{ca22a3 u0 KeyguardScrim} forcing orientation to 5
01-01 22:30:35.022   572   584 V WindowManager: Eval win Window{65ffb1d u0 com.roboteam.teamy.usa/com.roboteam.teamy.boot.BootActivity}: isDrawn=false, isAnimating=false
01-01 22:30:35.022   572   584 V WindowManager: Not displayed: s=null pv=true mDrawState=NO_SURFACE ah=false th=false a=false
01-01 22:30:35.022   572   584 V WindowManager: Eval win Window{b94ec21 u0 com.roboteam.teamy.usa/com.roboteam.teamy.home.HomeActivity}: isDrawn=false, isAnimating=false
01-01 22:30:35.022   572   584 V WindowManager: Not displayed: s=null pv=false mDrawState=NO_SURFACE ah=false th=true a=false
01-01 22:30:35.029   572   700 I WindowStateAnimator: createSurface WindowStateAnimator{f350f53 com.roboteam.teamy.usa/com.roboteam.teamy.boot.BootActivity}: mDrawState=DRAW_PENDING
01-01 22:30:35.029   572   700 V WindowManager: Changing surface while display frozen: Window{65ffb1d u0 com.roboteam.teamy.usa/com.roboteam.teamy.boot.BootActivity}
01-01 22:30:35.030   572   700 V WindowManager: Window{ca22a3 u0 KeyguardScrim} forcing orientation to 5
01-01 22:30:35.030   572   700 V WindowManager: Eval win Window{65ffb1d u0 com.roboteam.teamy.usa/com.roboteam.teamy.boot.BootActivity}: isDrawn=false, isAnimating=false
01-01 22:30:35.030   572   700 V WindowManager: Not displayed: s=Surface(name=com.roboteam.teamy.usa/com.roboteam.teamy.boot.BootActivity) pv=true mDrawState=DRAW_PENDING ah=false th=false a=false
01-01 22:30:35.030   572   700 V WindowManager: Resize reasons for w=Window{65ffb1d u0 com.roboteam.teamy.usa/com.roboteam.teamy.boot.BootActivity}:  contentInsetsChanged=false [0,0][0,0] visibleInsetsChanged=false [0,0][0,0] stableInsetsChanged=false [0,0][0,0] outsetsChanged=false [0,0][0,0] surfaceResized=false configChanged=true
01-01 22:30:35.030   572   700 V WindowManager: Changing surface while display frozen: Window{65ffb1d u0 com.roboteam.teamy.usa/com.roboteam.teamy.boot.BootActivity}
01-01 22:30:35.030   572   700 V WindowManager: Orientation start waiting for draw mDrawState=DRAW_PENDING in Window{65ffb1d u0 com.roboteam.teamy.usa/com.roboteam.teamy.boot.BootActivity}, surface Surface(name=com.roboteam.teamy.usa/com.roboteam.teamy.boot.BootActivity)
01-01 22:30:35.030   572   700 V WindowManager: Resizing window Window{65ffb1d u0 com.roboteam.teamy.usa/com.roboteam.teamy.boot.BootActivity} to 1920.0x1200.0
01-01 22:30:35.030   572   700 V WindowManager: Eval win Window{b94ec21 u0 com.roboteam.teamy.usa/com.roboteam.teamy.home.HomeActivity}: isDrawn=false, isAnimating=false
01-01 22:30:35.030   572   700 V WindowManager: Not displayed: s=null pv=false mDrawState=NO_SURFACE ah=false th=true a=false
01-01 22:30:35.031   572   700 V WindowState: Reporting new frame to Window{65ffb1d u0 com.roboteam.teamy.usa/com.roboteam.teamy.boot.BootActivity}: Rect(0, 0 - 1920, 1200)
01-01 22:30:35.031   572   700 I WindowState: Sending new config to window Window{65ffb1d u0 com.roboteam.teamy.usa/com.roboteam.teamy.boot.BootActivity}: 1920.0x1200.0 / config={1.0 ?mcc?mnc en_US ldltr sw800dp w1280dp h800dp 240dpi xlrg land finger -keyb/v/h -nav/h s.4} overrideConfig={1.0 ?mcc?mnc ?locale ?layoutDir ?swdp ?wdp ?hdp ?density ?lsize ?long ?orien ?uimode ?night ?touch ?keyb/?/? ?nav/?}
01-01 22:30:35.031   572   700 I WindowState: Resizing Window{65ffb1d u0 com.roboteam.teamy.usa/com.roboteam.teamy.boot.BootActivity} WITH DRAW PENDING
01-01 22:30:35.032   702  1383 D Surface : Surface::final mReqUsage=a00
01-01 22:30:35.033   702  1383 D mali_winsys: EGLint new_window_surface(egl_winsys_display*, void*, EGLSurface, EGLConfig, egl_winsys_surface**, egl_color_buffer_format*, EGLBoolean) returns 0x3000
01-01 22:30:35.040   572   592 E WindowManager: Unknown window type: 2999
01-01 22:30:35.040   572   592 V WindowStateAnimator: Orientation change skips hidden Window{65ffb1d u0 com.roboteam.teamy.usa/com.roboteam.teamy.boot.BootActivity}
01-01 22:30:35.041   572   592 V WindowManager: Eval win Window{65ffb1d u0 com.roboteam.teamy.usa/com.roboteam.teamy.boot.BootActivity}: isDrawn=false, isAnimating=false
01-01 22:30:35.041   572   592 V WindowManager: Not displayed: s=Surface(name=com.roboteam.teamy.usa/com.roboteam.teamy.boot.BootActivity) pv=false mDrawState=DRAW_PENDING ah=false th=false a=false
01-01 22:30:35.041   572   592 V WindowManager: Eval win Window{b94ec21 u0 com.roboteam.teamy.usa/com.roboteam.teamy.home.HomeActivity}: isDrawn=false, isAnimating=false
01-01 22:30:35.041   572   592 V WindowManager: Not displayed: s=null pv=false mDrawState=NO_SURFACE ah=false th=true a=false
01-01 22:30:35.045   192   202 D gralloc : Isfb=0, [1920,1200,1920,7680], fmt=1, byte_stride=7680
01-01 22:30:35.056   572   592 E WindowManager: Unknown window type: 2999
01-01 22:30:35.057   192   202 D gralloc : Isfb=0, [1920,1200,1920,7680], fmt=1, byte_stride=7680
01-01 22:30:35.070   192   202 D gralloc : Isfb=0, [1920,1200,1920,7680], fmt=1, byte_stride=7680
01-01 22:30:35.134   228  1468 I AudioSink: callbackwrapper: EVENT_UNDERRUN (discarded)
01-01 22:30:35.410   192   200 D gralloc : Isfb=0, [1200,1920,1200,4800], fmt=1, byte_stride=4800
01-01 22:30:35.460   192   353 D gralloc : Isfb=0, [1200,1920,1200,4800], fmt=1, byte_stride=4800
01-01 22:30:35.462   572   701 V WindowStateAnimator: finishDrawingLocked: mDrawState=COMMIT_DRAW_PENDING WindowStateAnimator{f350f53 com.roboteam.teamy.usa/com.roboteam.teamy.boot.BootActivity} in Surface(name=com.roboteam.teamy.usa/com.roboteam.teamy.boot.BootActivity)
