01-01 22:30:41.048   991  1005 D Error   : android.os.StrictMode$LogStackTrace
01-01 22:30:41.048   991  1005 D Error   : 	at android.os.StrictMode.readAndHandleBinderCallViolations(StrictMode.java:1911)
01-01 22:30:41.048   991  1005 D Error   : 	at android.os.Parcel.readExceptionCode(Parcel.java:1601)
01-01 22:30:41.048   991  1005 D Error   : 	at android.os.Parcel.readException(Parcel.java:1570)
01-01 22:30:41.048   991  1005 D Error   : 	at joh.c(SourceFile:111)
01-01 22:30:41.048   991  1005 D Error   : 	at ihg.equals(SourceFile:78)
01-01 22:30:41.048   991  1005 D Error   : 	at izd.b(SourceFile:245)
01-01 22:30:41.048   991  1005 D Error   : 	at izd.a(SourceFile:152)
01-01 22:30:41.048   991  1005 D Error   : 	at izd.b(SourceFile:137)
01-01 22:30:41.048   991  1005 D Error   : 	at izd.b(SourceFile:99)
01-01 22:30:41.048   991  1005 D Error   : 	at aefd.c(SourceFile:571)
01-01 22:30:41.048   991  1005 D Error   : 	at aefd.a(SourceFile:181)
01-01 22:30:41.048   991  1005 D Error   : 	at aefe.b(SourceFile:93)
01-01 22:30:41.048   991  1005 D Error   : 	at qmd.a(SourceFile:74)
01-01 22:30:41.048   991  1005 D Error   : 	at qjf.a(SourceFile:1278)
01-01 22:30:41.048   991  1005 D Error   : 	at rah.b(SourceFile:104)
01-01 22:30:41.048   991  1005 D Error   : 	at rah.a(Sour
01-01 22:30:41.048   991  1005 D Error   : ERR: TOTAL BYTES WRITTEN: 59216
01-01 22:30:41.048   991  1005 D StrictMode: Wrote violation #0 of 1: 59260 bytes
01-01 22:30:41.049   991  1005 D Error   : ERR: exClass=android.os.StrictMode$StrictModeDiskReadViolation
01-01 22:30:41.049   991  1005 D Error   : ERR: exMsg=policy=6815751 violation=2
01-01 22:30:41.049   991  1005 D Error   : ERR: file=StrictMode.java
01-01 22:30:41.049   991  1005 D Error   : ERR: class=android.os.StrictMode$AndroidBlockGuardPolicy
01-01 22:30:41.049   991  1005 D Error   : ERR: method=onReadFromDisk line=1263
01-01 22:30:41.050   991  1005 D Error   : ERR: stack=android.os.StrictMode$StrictModeDiskReadViolation: policy=6815751 violation=2
01-01 22:30:41.050   991  1005 D Error   : 	at android.os.StrictMode$AndroidBlockGuardPolicy.onReadFromDisk(StrictMode.java:1263)
01-01 22:30:41.050   991  1005 D Error   : 	at android.app.SharedPreferencesImpl.awaitLoadedLocked(SharedPreferencesImpl.java:203)
01-01 22:30:41.050   991  1005 D Error   : 	at android.app.SharedPreferencesImpl.getString(SharedPreferencesImpl.java:224)
01-01 22:30:41.050   991  1005 D Error   : 	at rah.a(SourceFile:60)
01-01 22:30:41.050   991  1005 D Error   : 	at rai.a(SourceFile:2052)
01-01 22:30:41.050   991  1005 D Error   : 	at rap.c(SourceFile:205)
01-01 22:30:41.050   991  1005 D Error   : 	at qzo.onTransact(SourceFile:150)
01-01 22:30:41.050   991  1005 D Error   : 	at android.os.Binder.execTransact(Binder.java:453)
01-01 22:30:41.050   991  1005 D Error   : # via Binder call with stack:
01-01 22:30:41.050   991  1005 D Error   : android.os.StrictMode$LogStackTrace
01-01 22:30:41.050   991  1005 D Error   : 	at android.os.StrictMode.readAndHandleBinderCallViolations(StrictMode.java:1911)
01-01 22:30:41.050   991  1005 D Error   : 	at android.os.Parcel.readExceptionCode(Parcel.java:1601)
01-01 22:30:41.050   991  1005 D Error   : 	at android.os.Parcel.readException(Parcel.java:1570)
01-01 22:30:41.050   991  1005 D Error   : 	at joh.c(SourceFile:111)
01-01 22:30:41.050   991  1005 D Error   : 	at ihg.equals(SourceFile:78)
01-01 22:30:41.050   991  1005 D Error   : 	at izd.b(SourceFile:245)
01-01 22:30:41.050   991  1005 D Error   : 	at izd.a(SourceFile:152)
01-01 22:30:41.050   991  1005 D Error   : 	at izd.b(SourceFile:137)
01-01 22:30:41.050   991  1005 D Error   : 	at izd.b(SourceFile:99)
01-01 22:30:41.050   991  1005 D Error   : 	at aefd.c(SourceFile:571)
01-01 22:30:41.050   991  1005 D Error   : 	at aefd.a(SourceFile:181)
01-01 22:30:41.050   991  1005 D Error   : 	at aefe.b(SourceFile:93)
01-01 22:30:41.050   991  1005 D Error   : 	at qmd.a(SourceFile:74)
01-01 22:30:41.050   991  1005 D Error   : 	at qjf.a(SourceFile:1278)
01-01 22:30:41.050   991  1005 D Error   : 	at rah.b(SourceFile:104)
01-01 22:30:41.050   991  1005 D Error   : 	at rah.a(SourceFile:72)
01-01 22:30:41.050   991  1005 D Error   : 	at rai.a(SourceFile:2052)
01-01 22:30:41.050   991  1005 D Error   : 	at rap.c(SourceFile:205)
01-01 22:30:41.050   991  1005 D Error   : 	at qzo.onTransact(SourceFile:150)
01-01 22:30:41.050   991  1005 D Error   : 	at android.os.Binder.execTransact(Binder.java:453)
01-01 22:30:41.050   991  1005 D Error   : # via Binder call with stack:
01-01 22:30:41.050   991  1005 D Error   : android.os.StrictMode$LogStackTrace
01-01 22:30:41.050   991  1005 D Error   : 	at android.os.StrictMode.readAndHandleBinderCallViolations(StrictMode.java:1911)
01-01 22:30:41.050   991  1005 D Error   : 	at android.os.Parcel.readExceptionCode(Parcel.java:1601)
01-01 22:30:41.050   991  1005 D Error   : 	at android.os.Parcel.readException(Parcel.java:1570)
01-01 22:30:41.050   991  1005 D Error   : 	at joh.c(SourceFile:111)
01-01 22:30:41.050   991  1005 D Error   : 	at ihg.equals(SourceFile:78)
01-01 22:30:41.050   991  1005 D Error   : 	at izd.b(SourceFile:245)
01-01 22:30:41.050   991  1005 D Error   : 	at izd.a(SourceFile:152)
01-01 22:30:41.050   991  1005 D Error   : 	at izd.b(SourceFile:137)
01-01 22:30:41.050   991  1005 D Error   : 	at izd.b(SourceFile:99)
01-01 22:30:41.050   991  1005 D Error   : 	at aefd.c(SourceFile:571)
01-01 22:30:41.050   991  1005 D Error   : 	at aefd.a(SourceFile:181)
01-01 22:30:41.050   991  1005 D Error   : 	at aefe.b(SourceFile:93)
01-01 22:30:41.050   991  1005 D Error   : 	at qmd.a(SourceFile:74)
01-01 22:30:41.050   991  1005 D Error   : 	at qjf.a(SourceFile:1278)
01-01 22:30:41.050   991  1005 D Error   : 	at rah.b(SourceFile:104)
01-01 22:30:41.050   991  1005 D Error   : 	at rah.a(SourceFile:72)
01-01 22:30:41.050   991  1005 D Error   : 	at rai.a(SourceFile:2052)
01-01 22:30:41.050   991  1005 D Error   : 	at rap.c(SourceFile:205)
01-01 22:30:41.050   991  1005 D Error   : 	at qzo.onTransact(SourceFile:150)
01-01 22:30:41.050   991  1005 D Error   : 	at android.os.Binder.execTransact(Binder.java:453)
01-01 22:30:41.050   991  1005 D Error   : # via Binder call with stack:
01-01 22:30:41.050   991  1005 D Error   : android.os.StrictMode$LogStackTrace
01-01 22:30:41.050   991  1005 D Error   : 	at android.os.StrictMode.readAndHandleBinderCallViolations(StrictMode.java:1911)
01-01 22:30:41.050   991  1005 D Error   : 	at android.os.Parcel.readExceptionCode(Parcel.java:1601)
01-01 22:30:41.050   991  1005 D Error   : 	at android.os.Parcel.readException(Parcel.java:1570)
01-01 22:30:41.050   991  1005 D Error   : 	at joh.c(SourceFile:111)
01-01 22:30:41.050   991  1005 D Error   : 	at ihg.equals(SourceFile:78)
01-01 22:30:41.050   991  1005 D Error   : 	at izd.b(SourceFile:245)
01-01 22:30:41.050   991  1005 D Error   : 	at izd.a(SourceFile:152)
01-01 22:30:41.050   991  1005 D Error   : 	at izd.b(SourceFile:137)
01-01 22:30:41.050   991  1005 D Error   : 	at izd.b(SourceFile:99)
01-01 22:30:41.050   991  1005 D Error   : 	at aefd.c(SourceFile:571)
01-01 22:30:41.050   991  1005 D Error   : 	at aefd.a(SourceFile:181)
01-01 22:30:41.050   991  1005 D Error   : 	at aefe.b(SourceFile:93)
01-01 22:30:41.050   991  1005 D Error   : 	at qmd.a(SourceFile:74)
01-01 22:30:41.050   991  1005 D Error   : 	at qjf.a(SourceFile:1278)
01-01 22:30:41.050   991  1005 D Error   : 	at rah.b(SourceFile:104)
01-01 22:30:41.050   991  1005 D Error   : 	at rah.a(SourceFile:72)
01-01 22:30:41.050   991  1005 D Error   : 	at rai.a(SourceFile:2052)
01-01 22:30:41.050   991  1005 D Error   : 	at rap.c(SourceFile:205)
01-01 22:30:41.050   991  1005 D Error   : 	at qzo.onTransact(SourceFile:150)
01-01 22:30:41.050   991  1005 D Error   : 	at android.os.Binder.execTransact(Binder.java:453)
01-01 22:30:41.050   991  1005 D Error   : # via Binder call with stack:
01-01 22:30:41.050   991  1005 D Error   : android.os.StrictMode$LogStackTrace
01-01 22:30:41.050   991  1005 D Error   : 	at android.os.StrictMode.readAndHandleBinderCallViolations(StrictMode.java:1911)
01-01 22:30:41.050   991  1005 D Error   : 	at android.os.Parcel.readExceptionCode(Parcel.java:1601)
01-01 22:30:41.050   991  1005 D Error   : 	at android.os.Parcel.readException(Parcel.java:1570)
01-01 22:30:41.050   991  1005 D Error   : 	at joh.c(SourceFile:111)
01-01 22:30:41.050   991  1005 D Error   : 	at ihg.equals(SourceFile:78)
01-01 22:30:41.050   991  1005 D Error   : 	at izd.b(SourceFile:245)
01-01 22:30:41.050   991  1005 D Error   : 	at izd.a(SourceFile:152)
01-01 22:30:41.050   991  1005 D Error   : 	at izd.b(SourceFile:137)
01-01 22:30:41.050   991  1005 D Error   : 	at izd.b(SourceFile:99)
01-01 22:30:41.050   991  1005 D Error   : 	at aefd.c(SourceFile:571)
01-01 22:30:41.050   991  1005 D Error   : 	at aefd.a(SourceFile:181)
01-01 22:30:41.050   991  1005 D Error   : 	at aefe.b(SourceFile:93)
01-01 22:30:41.050   991  1005 D Error   : 	at qmd.a(SourceFile:74)
01-01 22:30:41.050   991  1005 D Error   : 	at qjf.a(SourceFile:1278)
01-01 22:30:41.050   991  1005 D Error   : 	at rah.b(SourceFile:104)
01-01 22:30:41.050   991  1005 D Error   : 	at rah.a(SourceFile:72)
01-01 22:30:41.050   991  1005 D Error   : 	at rai.a(SourceFile:2052)
01-01 22:30:41.050   991  1005 D Error   : 	at rap.c(SourceFile:205)
01-01 22:30:41.050   991  1005 D Error   : 	at qzo.onTransact(SourceFile:150)
01-01 22:30:41.050   991  1005 D Error   : 	at android.os.Binder.execTransact(Binder.java:453)
01-01 22:30:41.050   991  1005 D Error   : # via Binder call with stack:
01-01 22:30:41.050   991  1005 D Error   : android.os.StrictMode$LogStackTrace
01-01 22:30:41.050   991  1005 D Error   : 	at android.os.StrictMode.readAndHandleBinderCallViolations(StrictMode.java:1911)
01-01 22:30:41.050   991  1005 D Error   : 	at android.os.Parcel.readExceptionCode(Parcel.java:1601)
01-01 22:30:41.050   991  1005 D Error   : 	at android.os.Parcel.readException(Parcel.java:1570)
01-01 22:30:41.050   991  1005 D Error   : 	at joh.c(SourceFile:111)
01-01 22:30:41.050   991  1005 D Error   : 	at ihg.equals(SourceFile:78)
01-01 22:30:41.050   991  1005 D Error   : 	at izd.b(SourceFile:245)
01-01 22:30:41.050   991  1005 D Error   : 	at izd.a(SourceFile:152)
01-01 22:30:41.050   991  1005 D Error   : 	at izd.b(SourceFile:137)
01-01 22:30:41.050   991  1005 D Error   : 	at izd.b(SourceFile:99)
01-01 22:30:41.050   991  1005 D Error   : 	at aefd.c(SourceFile:571)
01-01 22:30:41.050   991  1005 D Error   : 	at aefd.a(SourceFile:181)
01-01 22:30:41.050   991  1005 D Error   : 	at aefe.b(SourceFile:93)
01-01 22:30:41.050   991  1005 D Error   : 	at qmd.a(SourceFile:74)
01-01 22:30:41.050   991  1005 D Error   : 	at qjf.a(SourceFile:1278)
01-01 22:30:41.050   991  1005 D Error   : 	at rah.b(SourceFile:104)
01-01 22:30:41.050   991  1005 D Error   : 	at rah.a(Sour
01-01 22:30:41.050   991  1005 D Error   : ERR: TOTAL BYTES WRITTEN: 60700
01-01 22:30:41.050   991  1005 D StrictMode: Wrote violation #0 of 1: 60744 bytes
01-01 22:30:41.056   991  1005 E StrictMode: Stack is too large: numViolations=1 policy=#680007 front= android.app.SharedPreferencesImpl.getString(SharedPreferencesImpl.java:224)
01-01 22:30:41.056   991  1005 E StrictMode: 	at rah.a(SourceFile:60)
01-01 22:30:41.056   991  1005 E StrictMode: 	at rai.a(SourceFile:2052)
01-01 22:30:41.056   991  1005 E StrictMode: 	at rap.c(SourceFile:205)
01-01 22:30:41.056   991  1005 E StrictMode: 	at qzo.onTransact(SourceFile:150)
01-01 22:30:41.056   991  1005 E StrictMode: 	at android.os.Binder.execTransact(Binder.java:453)
01-01 22:30:41.056   991  1005 E StrictMode: # via Binder call with stack:
01-01 22:30:41.056   991  1005 E StrictMode: android.os.StrictMode$LogStackTrace
01-01 22:30:41.056   991  1005 E StrictMode: 	at android.os.StrictMode.readAndHandleBinderCallViolations(StrictMode.java:1911)
01-01 22:30:41.056   991  1005 E StrictMode: 	at android.os.Parcel.readExceptionCode(Parcel.java:1601)
01-01 22:30:41.056   991  1005 E StrictMode: 	at android.os.Parcel.readException(Parcel.java:1570)
01-01 22:30:41.056   991  1005 E StrictMode: 	at joh.c(SourceFile:111)
01-01 22:30:41.056   991  1005 E StrictMode: 	at ihg.equals(SourceFile:78)
01-01 22:30:41.056   991  1005 E StrictMode: 	at izd.b(SourceFile:245)
01-01 22:30:41.056   991  1005 E StrictMode: 	at izd.a(SourceFile:152)
01-01 22:30:41.056   991  1005 E StrictMode: 	at izd.b(SourceFile:137)
01-01 22:30:41.056   991  1005 E StrictMode: 	at izd.b(SourceFile:99)
01-01 22:30:41.056   991  1005 E StrictMode: 	at aefd.c(SourceFile:571)
01-01 22:30:41.056   991  1005 E StrictMode: 	at aefd.a(SourceFile:181)
01-01 22:30:41.056   991  1005 E StrictMode: 	at aefe.b(SourceFile:93)
01-01 22:30:41.056   991  1005 E StrictMode: 	at qmd.a(SourceFile:74)
01-01 22:30:41.056   991  1005 E StrictMode: 	at qjf.a(SourceFile:1278)
01-01 22:30:41.056   991  1005 E StrictMode: 	at rah.b(SourceFile:104)
01-01 22:30:41.056   991  1005 E StrictMode: 	at rah.a(SourceFile:72)
01-01 22:30:41.056   991  1005 E StrictMode: 	at rai.a(SourceFile:2052)
01-01 22:30:41.056   991  1005 E StrictMode: 	at rap.c(SourceFile:205)
01-01 22:30:41.056   991  1005 E StrictMode: 	at qzo.onTransact(SourceFile:150)
01-01 22:30:41.056   991  1005 E StrictMode: 	at android.os.Binder.execTransact(Binder.java:453)
01-01 22:30:41.056   991  1005 E StrictMode: # via Binder call with stack:
01-01 22:30:41.056   991  1005 E StrictMode: android.os.StrictMode$LogStackTrace
01-01 22:30:41.056   991  1005 E StrictMode: 	at android.os.StrictMode.readAndHandleBinderCallViolations(StrictMode.java:1911)
01-01 22:30:41.056   991  1005 E StrictMode: 	at android.os.Parcel.readExceptionCode(Parcel.java:1601)
01-01 22:30:41.056   991  1005 E StrictMode: 	at android.os.Parcel.readException(Parcel.java:1570)
01-01 22:30:41.056   991  1005 E StrictMode: 	at joh.c(SourceFile:111)
01-01 22:30:41.056   991  1005 E StrictMode: 	at ihg.equals(SourceFile:78)
01-01 22:30:41.056   991  1005 E StrictMode: 	at izd.b(SourceFile:245)
01-01 22:30:41.056   991  1005 E StrictMode: 	at izd.a(SourceFile:152)
01-01 22:30:41.056   991  1005 E StrictMode: 	at izd.b(SourceFile:137)
01-01 22:30:41.056   991  1005 E StrictMode: 	at izd.b(SourceFile:99)
01-01 22:30:41.056   991  1005 E StrictMode: 	at aefd.c(SourceFile:571)
01-01 22:30:41.056   991  1005 E StrictMode: 	at aefd.a(SourceFile:181)
01-01 22:30:41.056   991  1005 E StrictMode: 	at aefe.b(SourceFile:93)
01-01 22:30:41.056   991  1005 E StrictMode: 	at qmd.a(SourceFile:74)
01-01 22:30:41.056   991  1005 E StrictMode: 	at qjf.a(SourceFile:1278)
01-01 22:30:41.056   991  1005 E StrictMode: 	at rah.b(SourceFile:104)
01-01 22:30:41.056   991  1005 E StrictMode: 	at rah.a(SourceFile:72)
01-01 22:30:41.056   991  1005 E StrictMode: 	at rai.a(SourceFile:2052)
01-01 22:30:41.056   991  1005 E StrictMode: 	at rap.c(SourceFile:205)
01-01 22:30:41.056   991  1005 E StrictMode: 	at qzo.onTransact(SourceFile:150)
01-01 22:30:41.056   991  1005 E StrictMode: 	at android.os.Binder.execTransact(Binder.java:453)
01-01 22:30:41.056   991  1005 E StrictMode: # via Binder call with stack:
01-01 22:30:41.056   991  1005 E StrictMode: android.os.StrictMode$LogStackTrace
01-01 22:30:41.056   991  1005 E StrictMode: 	at android.os.StrictMode.readAndHandleBinderCallViolations(StrictMode.java:1911)
01-01 22:30:41.056   991  1005 E StrictMode: 	at android.os.Parcel.readExceptionCode(Parcel.java:1601)
01-01 22:30:41.056   991  1005 E StrictMode: 	at android.os.Parcel.readException(Parcel.java:1570)
01-01 22:30:41.056   991  1005 E StrictMode: 	at joh.c(SourceFile:111)
01-01 22:30:41.056   991  1005 E StrictMode: 	at ihg.equals(SourceFile:78)
01-01 22:30:41.056   991  1005 E StrictMode: 	at izd.b(SourceFile:245)
01-01 22:30:41.056   991  1005 E StrictMode: 	at izd.a(SourceFile:152)
01-01 22:30:41.056   991  1005 E StrictMode: 	at izd.b(SourceFile:137)
01-01 22:30:41.056   991  1005 E StrictMode: 	at izd.b(SourceFile:99)
01-01 22:30:41.056   991  1005 E StrictMode: 	at aefd.c(SourceFile:571)
01-01 22:30:41.056   991  1005 E StrictMode: 	at aefd.a(SourceFile:181)
01-01 22:30:41.056   991  1005 E StrictMode: 	at aefe.b(SourceFile:93)
01-01 22:30:41.056   991  1005 E StrictMode: 	at qmd.a(SourceFile:74)
01-01 22:30:41.056   991  1005 E StrictMode: 	at qjf.a(SourceFile:1278)
01-01 22:30:41.056   991  1005 E StrictMode: 	at rah.b(SourceFile:104)
01-01 22:30:41.056   991  1005 E StrictMode: 	at rah.a(SourceFile:72)
01-01 22:30:41.056   991  1005 E StrictMode: 	at rai.a(SourceFile:2052)
01-01 22:30:41.056   991  1005 E StrictMode: 	at rap.c(SourceFile:205)
01-01 22:30:41.056   991  1005 E StrictMode: 	at qzo.onTransact(SourceFile:150)
01-01 22:30:41.056   991  1005 E StrictMode: 	at android.os.Binder.execTransact(Binder.java:453)
01-01 22:30:41.056   991  1005 E StrictMode: # via Binder call with stack:
01-01 22:30:41.056   991  1005 E StrictMode: android.os.StrictMode$LogStackTrace
01-01 22:30:41.056   991  1005 E StrictMode: 	at android.os.StrictMode.readAndHandleBinderCallViolations(StrictMode.java:1911)
01-01 22:30:41.056   991  1005 E StrictMode: 	at android.os.Parcel.readExceptionCode(Parcel.java:1601)
01-01 22:30:41.056   991  1005 E StrictMode: 	at android.os.Parcel.readException(Parcel.java:1570)
01-01 22:30:41.056   991  1005 E StrictMode: 	at joh.c(SourceFile:111)
01-01 22:30:41.056   991  1005 E StrictMode: 	at ihg.equals(SourceFile:78)
01-01 22:30:41.056   991  1005 E StrictMode: 	at izd.b(SourceFile:245)
01-01 22:30:41.056   991  1005 E StrictMode: 	at izd.a(SourceFile:152)
01-01 22:30:41.056   991  1005 E StrictMode: 	at izd.b(SourceFile:137)
01-01 22:30:41.056   991  1005 E StrictMode: 	at izd.b(SourceFile:99)
01-01 22:30:41.056   991  1005 E StrictMode: 	at aefd.c(SourceFile:571)
01-01 22:30:41.056   991  1005 E StrictMode: 	at aefd.a(SourceFile:181)
01-01 22:30:41.056   991  1005 E StrictMode: 	at aefe.b(SourceFile:93)
01-01 22:30:41.056   991  1005 E StrictMode: 	at qmd.a(SourceFile:74)
01-01 22:30:41.056   991  1005 E StrictMode: 	at qjf.a(SourceFile:1278)
01-01 22:30:41.056   991  1005 E StrictMode: 	at rah.b(SourceFile:104)
01-01 22:30:41.056   991  1005 E StrictMode: 	at rah.a(SourceFile:72)
01-01 22:30:41.056   991  1005 E StrictMode: 	at rai.a(SourceFile:2052)
01-01 22:30:41.056   991  1005 E StrictMode: 	at rap.c(SourceFile:205)
01-01 22:30:41.056   991  1005 E StrictMode: 	at qzo.onTransact(SourceFile:150)
01-01 22:30:41.056   991  1005 E StrictMode: 	at android.os.Binder.execTransact(Binder.java:453)
01-01 22:30:41.056   991  1005 E StrictMode: # via Binder call with stack:
01-01 22:30:41.056   991  1005 E StrictMode: android.os.StrictMode$LogStackTrace
01-01 22:30:41.056   991  1005 E StrictMode: 	at android.os.StrictMode.readAndHandleBinderCallViolations(StrictMode.java:1911)
01-01 22:30:41.056   991  1005 E StrictMode: 	at android.os.Parcel.readExceptionCode(Parcel.java:1601)
01-01 22:30:41.056   991  1005 E StrictMode: 	at android.os.Parcel.readException(Parcel.java:1570)
01-01 22:30:41.056   991  1005 E StrictMode: 	at joh.c(SourceFile:111)
01-01 22:30:41.056   991  1005 E StrictMode: 	at ihg.equals(SourceFile:78)
01-01 22:30:41.056   991  1005 E StrictMode: 	at izd.b(SourceFile:245)
01-01 22:30:41.056   991  1005 E StrictMode: 	at izd.a(SourceFile:152)
01-01 22:30:41.056   991  1005 E StrictMode: 	at izd.b(SourceFile:137)
01-01 22:30:41.056   991  1005 E StrictMode: 	at izd.b(SourceFile:99)
01-01 22:30:41.056   991  1005 E StrictMode: 	at aefd.c(SourceFile:571)
01-01 22:30:41.056   991  1005 E StrictMode: 	at aefd.a(SourceFile:181)
01-01 22:30:41.056   991  1005 E StrictMode: 	at aefe.b(SourceFile:93)
01-01 22:30:41.056   991  1005 E StrictMode: 	at qmd.a(SourceFile:74)
01-01 22:30:41.056   991  1005 E StrictMode: 	at qjf.a(SourceFile:1278)
01-01 22:30:41.056   991  1005 E StrictMode: 	at rah.b(SourceFile:104)
01-01 22:30:41.056   991  1005 E StrictMode: 	at rah.a(SourceFile:72)
01-01 22:30:41.056   991  1005 E StrictMode: 	at rai.a(SourceFile:2052)
01-01 22:30:41.056   991  1005 E StrictMode: 	at rap.c(SourceFile:205)
01-01 22:30:41.056   991  1005 E StrictMode: 	at qzo.onTransact(SourceFile:150)
01-01 22:30:41.056   991  1005 E StrictMode: 	at android.os.Binder.execTransact(Binder.java:453)
01-01 22:30:41.056   991  1005 E StrictMode: # via Binder call with stack:
01-01 22:30:41.056   991  1005 E StrictMode: android.os.StrictMode$Lo
01-01 22:30:41.059   991  1005 D Error   : ERR: exClass=android.util.Log$TerribleFailure
01-01 22:30:41.059   991  1005 D Error   : ERR: exMsg=Stack is too large: numViolations=1 policy=#680007 front= android.app.SharedPreferencesImpl.getString(SharedPreferencesImpl.java:224)
01-01 22:30:41.059   991  1005 D Error   : 	at rah.a(SourceFile:60)
01-01 22:30:41.059   991  1005 D Error   : 	at rai.a(SourceFile:2052)
01-01 22:30:41.059   991  1005 D Error   : 	at rap.c(SourceFile:205)
01-01 22:30:41.059   991  1005 D Error   : 	at qzo.onTransact(SourceFile:150)
01-01 22:30:41.059   991  1005 D Error   : 	at android.os.Binder.execTransact(Binder.java:453)
01-01 22:30:41.059   991  1005 D Error   : # via Binder call with stack:
01-01 22:30:41.059   991  1005 D Error   : android.os.StrictMode$LogStackTrace
01-01 22:30:41.059   991  1005 D Error   : 	at android.os.StrictMode.readAndHandleBinderCallViolations(StrictMode.java:1911)
01-01 22:30:41.059   991  1005 D Error   : 	at android.os.Parcel.readExceptionCode(Parcel.java:1601)
01-01 22:30:41.059   991  1005 D Error   : 	at android.os.Parcel.readException(Parcel.java:1570)
01-01 22:30:41.059   991  1005 D Error   : 	at joh.c(SourceFile:111)
01-01 22:30:41.059   991  1005 D Error   : 	at ihg.equals(SourceFile:78)
01-01 22:30:41.059   991  1005 D Error   : 	at izd.b(SourceFile:245)
01-01 22:30:41.059   991  1005 D Error   : 	at izd.a(SourceFile:152)
01-01 22:30:41.059   991  1005 D Error   : 	at izd.b(SourceFile:137)
01-01 22:30:41.059   991  1005 D Error   : 	at izd.b(SourceFile:99)
01-01 22:30:41.059   991  1005 D Error   : 	at aefd.c(SourceFile:571)
01-01 22:30:41.059   991  1005 D Error   : 	at aefd.a(SourceFile:181)
01-01 22:30:41.059   991  1005 D Error   : 	at aefe.b(SourceFile:93)
01-01 22:30:41.059   991  1005 D Error   : 	at qmd.a(SourceFile:74)
01-01 22:30:41.059   991  1005 D Error   : 	at qjf.a(SourceFile:1278)
01-01 22:30:41.059   991  1005 D Error   : 	at rah.b(SourceFile:104)
01-01 22:30:41.059   991  1005 D Error   : 	at rah.a(SourceFile:72)
01-01 22:30:41.059   991  1005 D Error   : 	at rai.a(SourceFile:2052)
01-01 22:30:41.059   991  1005 D Error   : 	at rap.c(SourceFile:205)
01-01 22:30:41.059   991  1005 D Error   : 	at qzo.onTransact(SourceFile:150)
01-01 22:30:41.059   991  1005 D Error   : 	at android.os.Binder.execTransact(Binder.java:453)
01-01 22:30:41.059   991  1005 D Error   : # via Binder call with stack:
01-01 22:30:41.059   991  1005 D Error   : android.os.StrictMode$LogStackTrace
01-01 22:30:41.059   991  1005 D Error   : 	at android.os.StrictMode.readAndHandleBinderCallViolations(StrictMode.java:1911)
01-01 22:30:41.059   991  1005 D Error   : 	at android.os.Parcel.readExceptionCode(Parcel.java:1601)
01-01 22:30:41.059   991  1005 D Error   : 	at android.os.Parcel.readException(Parcel.java:1570)
01-01 22:30:41.059   991  1005 D Error   : 	at joh.c(SourceFile:111)
01-01 22:30:41.059   991  1005 D Error   : 	at ihg.equals(SourceFile:78)
01-01 22:30:41.059   991  1005 D Error   : 	at izd.b(SourceFile:245)
01-01 22:30:41.059   991  1005 D Error   : 	at izd.a(SourceFile:152)
01-01 22:30:41.059   991  1005 D Error   : 	at izd.b(SourceFile:137)
01-01 22:30:41.059   991  1005 D Error   : 	at izd.b(SourceFile:99)
01-01 22:30:41.059   991  1005 D Error   : 	at aefd.c(SourceFile:571)
01-01 22:30:41.059   991  1005 D Error   : 	at aefd.a(SourceFile:181)
01-01 22:30:41.059   991  1005 D Error   : 	at aefe.b(SourceFile:93)
01-01 22:30:41.059   991  1005 D Error   : 	at qmd.a(SourceFile:74)
01-01 22:30:41.059   991  1005 D Error   : 	at qjf.a(SourceFile:1278)
01-01 22:30:41.059   991  1005 D Error   : 	at rah.b(SourceFile:104)
01-01 22:30:41.059   991  1005 D Error   : 	at rah.a(SourceFile:72)
01-01 22:30:41.059   991  1005 D Error   : 	at rai.a(SourceFile:2052)
01-01 22:30:41.059   991  1005 D Error   : 	at rap.c(SourceFile:205)
01-01 22:30:41.059   991  1005 D Error   : 	at qzo.onTransact(SourceFile:150)
01-01 22:30:41.059   991  1005 D Error   : 	at android.os.Binder.execTransact(Binder.java:453)
01-01 22:30:41.059   991  1005 D Error   : # via Binder call with stack:
01-01 22:30:41.059   991  1005 D Error   : android.os.StrictMode$LogStackTrace
01-01 22:30:41.059   991  1005 D Error   : 	at android.os.StrictMode.readAndHandleBinderCallViolations(StrictMode.java:1911)
01-01 22:30:41.059   991  1005 D Error   : 	at android.os.Parcel.readExceptionCode(Parcel.java:1601)
01-01 22:30:41.059   991  1005 D Error   : 	at android.os.Parcel.readException(Parcel.java:1570)
01-01 22:30:41.059   991  1005 D Error   : 	at joh.c(SourceFile:111)
01-01 22:30:41.059   991  1005 D Error   : 	at ihg.equals(SourceFile:78)
01-01 22:30:41.059   991  1005 D Error   : 	at izd.b(SourceFile:245)
01-01 22:30:41.059   991  1005 D Error   : 	at izd.a(SourceFile:152)
01-01 22:30:41.059   991  1005 D Error   : 	at izd.b(SourceFile:137)
01-01 22:30:41.059   991  1005 D Error   : 	at izd.b(SourceFile:99)
01-01 22:30:41.059   991  1005 D Error   : 	at aefd.c(SourceFile:571)
01-01 22:30:41.059   991  1005 D Error   : 	at aefd.a(SourceFile:181)
01-01 22:30:41.059   991  1005 D Error   : 	at aefe.b(SourceFile:93)
01-01 22:30:41.059   991  1005 D Error   : 	at qmd.a(SourceFile:74)
01-01 22:30:41.059   991  1005 D Error   : 	at qjf.a(SourceFile:1278)
01-01 22:30:41.059   991  1005 D Error   : 	at rah.b(SourceFile:104)
01-01 22:30:41.059   991  1005 D Error   : 	at rah.a(SourceFile:72)
01-01 22:30:41.059   991  1005 D Error   : 	at rai.a(SourceFile:2052)
01-01 22:30:41.059   991  1005 D Error   : 	at rap.c(SourceFile:205)
01-01 22:30:41.059   991  1005 D Error   : 	at qzo.onTransact(SourceFile:150)
01-01 22:30:41.059   991  1005 D Error   : 	at android.os.Binder.execTransact(Binder.java:453)
01-01 22:30:41.059   991  1005 D Error   : # via Binder call with stack:
01-01 22:30:41.059   991  1005 D Error   : android.os.StrictMode$LogStackTrace
01-01 22:30:41.059   991  1005 D Error   : 	at android.os.StrictMode.readAndHandleBinderCallViolations(StrictMode.java:1911)
01-01 22:30:41.059   991  1005 D Error   : 	at android.os.Parcel.readExceptionCode(Parcel.java:1601)
01-01 22:30:41.059   991  1005 D Error   : 	at android.os.Parcel.readException(Parcel.java:1570)
01-01 22:30:41.059   991  1005 D Error   : 	at joh.c(SourceFile:111)
01-01 22:30:41.059   991  1005 D Error   : 	at ihg.equals(SourceFile:78)
01-01 22:30:41.059   991  1005 D Error   : 	at izd.b(SourceFile:245)
01-01 22:30:41.059   991  1005 D Error   : 	at izd.a(SourceFile:152)
01-01 22:30:41.059   991  1005 D Error   : 	at izd.b(SourceFile:137)
01-01 22:30:41.059   991  1005 D Error   : 	at izd.b(SourceFile:99)
01-01 22:30:41.059   991  1005 D Error   : 	at aefd.c(SourceFile:571)
01-01 22:30:41.059   991  1005 D Error   : 	at aefd.a(SourceFile:181)
01-01 22:30:41.059   991  1005 D Error   : 	at aefe.b(SourceFile:93)
01-01 22:30:41.059   991  1005 D Error   : 	at qmd.a(SourceFile:74)
01-01 22:30:41.059   991  1005 D Error   : 	at qjf.a(SourceFile:1278)
01-01 22:30:41.059   991  1005 D Error   : 	at rah.b(SourceFile:104)
01-01 22:30:41.059   991  1005 D Error   : 	at rah.a(SourceFile:72)
01-01 22:30:41.059   991  1005 D Error   : 	at rai.a(SourceFile:2052)
01-01 22:30:41.059   991  1005 D Error   : 	at rap.c(SourceFile:205)
01-01 22:30:41.059   991  1005 D Error   : 	at qzo.onTransact(SourceFile:150)
01-01 22:30:41.059   991  1005 D Error   : 	at android.os.Binder.execTransact(Binder.java:453)
01-01 22:30:41.059   991  1005 D Error   : # via Binder call with stack:
01-01 22:30:41.059   991  1005 D Error   : android.os.StrictMode$LogStackTrace
01-01 22:30:41.059   991  1005 D Error   : 	at android.os.StrictMode.readAndHandleBinderCallViolations(StrictMode.java:1911)
01-01 22:30:41.059   991  1005 D Error   : 	at android.os.Parcel.readExceptionCode(Parcel.java:1601)
01-01 22:30:41.059   991  1005 D Error   : 	at android.os.Parcel.readException(Parcel.java:1570)
01-01 22:30:41.059   991  1005 D Error   : 	at joh.c(SourceFile:111)
01-01 22:30:41.059   991  1005 D Error   : 	at ihg.equals(SourceFile:78)
01-01 22:30:41.059   991  1005 D Error   : 	at izd.b(SourceFile:245)
01-01 22:30:41.059   991  1005 D Error   : 	at izd.a(SourceFile:152)
01-01 22:30:41.059   991  1005 D Error   : 	at izd.b(SourceFile:137)
01-01 22:30:41.059   991  1005 D Error   : 	at izd.b(SourceFile:99)
01-01 22:30:41.059   991  1005 D Error   : 	at aefd.c(SourceFile:571)
01-01 22:30:41.059   991  1005 D Error   : 	at aefd.a(SourceFile:181)
01-01 22:30:41.059   991  1005 D Error   : 	at aefe.b(SourceFile:93)
01-01 22:30:41.059   991  1005 D Error   : 	at qmd.a(SourceFile:74)
01-01 22:30:41.059   991  1005 D Error   : 	at qjf.a(SourceFile:1278)
01-01 22:30:41.059   991  1005 D Error   : 	at rah.b(SourceFile:104)
01-01 22:30:41.059   991  1005 D Error   : 	at rah.a(SourceFile:72)
01-01 22:30:41.059   991  1005 D Error   : 	at rai.a(SourceFile:2052)
01-01 22:30:41.059   991  1005 D Error   : 	at rap.c(SourceFile:205)
01-01 22:30:41.059   991  1005 D Error   : 	at qzo.onTransact(SourceFile:150)
01-01 22:30:41.059   991  1005 D Error   : 	at android.os.Binder.execTransact(Binder.java:453)
01-01 22:30:41.059   991  1005 D Error   : # via Binder call with stack:
01-01 22:30:41.059   991  1005 D Error   : android.os.StrictM
01-01 22:30:41.059   991  1005 D Error   : ERR: file=Log.java
01-01 22:30:41.059   991  1005 D Error   : ERR: class=android.util.Log
01-01 22:30:41.060   991  1005 D Error   : ERR: method=wtf line=291
01-01 22:30:41.060   991  1005 D Error   : ERR: stack=android.util.Log$TerribleFailure: Stack is too large: numViolations=1 policy=#680007 front= android.app.SharedPreferencesImpl.getString(SharedPreferencesImpl.java:224)
01-01 22:30:41.060   991  1005 D Error   : 	at rah.a(SourceFile:60)
01-01 22:30:41.060   991  1005 D Error   : 	at rai.a(SourceFile:2052)
01-01 22:30:41.060   991  1005 D Error   : 	at rap.c(SourceFile:205)
01-01 22:30:41.060   991  1005 D Error   : 	at qzo.onTransact(SourceFile:150)
01-01 22:30:41.060   991  1005 D Error   : 	at android.os.Binder.execTransact(Binder.java:453)
01-01 22:30:41.060   991  1005 D Error   : # via Binder call with stack:
01-01 22:30:41.060   991  1005 D Error   : android.os.StrictMode$LogStackTrace
01-01 22:30:41.060   991  1005 D Error   : 	at android.os.StrictMode.readAndHandleBinderCallViolations(StrictMode.java:1911)
01-01 22:30:41.060   991  1005 D Error   : 	at android.os.Parcel.readExceptionCode(Parcel.java:1601)
01-01 22:30:41.060   991  1005 D Error   : 	at android.os.Parcel.readException(Parcel.java:1570)
01-01 22:30:41.060   991  1005 D Error   : 	at joh.c(SourceFile:111)
01-01 22:30:41.060   991  1005 D Error   : 	at ihg.equals(SourceFile:78)
01-01 22:30:41.060   991  1005 D Error   : 	at izd.b(SourceFile:245)
01-01 22:30:41.060   991  1005 D Error   : 	at izd.a(SourceFile:152)
01-01 22:30:41.060   991  1005 D Error   : 	at izd.b(SourceFile:137)
01-01 22:30:41.060   991  1005 D Error   : 	at izd.b(SourceFile:99)
01-01 22:30:41.060   991  1005 D Error   : 	at aefd.c(SourceFile:571)
01-01 22:30:41.060   991  1005 D Error   : 	at aefd.a(SourceFile:181)
01-01 22:30:41.060   991  1005 D Error   : 	at aefe.b(SourceFile:93)
01-01 22:30:41.060   991  1005 D Error   : 	at qmd.a(SourceFile:74)
01-01 22:30:41.060   991  1005 D Error   : 	at qjf.a(SourceFile:1278)
01-01 22:30:41.060   991  1005 D Error   : 	at rah.b(SourceFile:104)
01-01 22:30:41.060   991  1005 D Error   : 	at rah.a(SourceFile:72)
01-01 22:30:41.060   991  1005 D Error   : 	at rai.a(SourceFile:2052)
01-01 22:30:41.060   991  1005 D Error   : 	at rap.c(SourceFile:205)
01-01 22:30:41.060   991  1005 D Error   : 	at qzo.onTransact(SourceFile:150)
01-01 22:30:41.060   991  1005 D Error   : 	at android.os.Binder.execTransact(Binder.java:453)
01-01 22:30:41.060   991  1005 D Error   : # via Binder call with stack:
01-01 22:30:41.060   991  1005 D Error   : android.os.StrictMode$LogStackTrace
01-01 22:30:41.060   991  1005 D Error   : 	at android.os.StrictMode.readAndHandleBinderCallViolations(StrictMode.java:1911)
01-01 22:30:41.060   991  1005 D Error   : 	at android.os.Parcel.readExceptionCode(Parcel.java:1601)
01-01 22:30:41.060   991  1005 D Error   : 	at android.os.Parcel.readException(Parcel.java:1570)
01-01 22:30:41.060   991  1005 D Error   : 	at joh.c(SourceFile:111)
01-01 22:30:41.060   991  1005 D Error   : 	at ihg.equals(SourceFile:78)
01-01 22:30:41.060   991  1005 D Error   : 	at izd.b(SourceFile:245)
01-01 22:30:41.060   991  1005 D Error   : 	at izd.a(SourceFile:152)
01-01 22:30:41.060   991  1005 D Error   : 	at izd.b(SourceFile:137)
01-01 22:30:41.060   991  1005 D Error   : 	at izd.b(SourceFile:99)
01-01 22:30:41.060   991  1005 D Error   : 	at aefd.c(SourceFile:571)
01-01 22:30:41.060   991  1005 D Error   : 	at aefd.a(SourceFile:181)
01-01 22:30:41.060   991  1005 D Error   : 	at aefe.b(SourceFile:93)
01-01 22:30:41.060   991  1005 D Error   : 	at qmd.a(SourceFile:74)
01-01 22:30:41.060   991  1005 D Error   : 	at qjf.a(SourceFile:1278)
01-01 22:30:41.060   991  1005 D Error   : 	at rah.b(SourceFile:104)
01-01 22:30:41.060   991  1005 D Error   : 	at rah.a(SourceFile:72)
01-01 22:30:41.060   991  1005 D Error   : 	at rai.a(SourceFile:2052)
01-01 22:30:41.060   991  1005 D Error   : 	at rap.c(SourceFile:205)
01-01 22:30:41.060   991  1005 D Error   : 	at qzo.onTransact(SourceFile:150)
01-01 22:30:41.060   991  1005 D Error   : 	at android.os.Binder.execTransact(Binder.java:453)
01-01 22:30:41.060   991  1005 D Error   : # via Binder call with stack:
01-01 22:30:41.060   991  1005 D Error   : android.os.StrictMode$LogStackTrace
01-01 22:30:41.060   991  1005 D Error   : 	at android.os.StrictMode.readAndHandleBinderCallViolations(StrictMode.java:1911)
01-01 22:30:41.060   991  1005 D Error   : 	at android.os.Parcel.readExceptionCode(Parcel.java:1601)
01-01 22:30:41.060   991  1005 D Error   : 	at android.os.Parcel.readException(Parcel.java:1570)
01-01 22:30:41.060   991  1005 D Error   : 	at joh.c(SourceFile:111)
01-01 22:30:41.060   991  1005 D Error   : 	at ihg.equals(SourceFile:78)
01-01 22:30:41.060   991  1005 D Error   : 	at izd.b(SourceFile:245)
01-01 22:30:41.060   991  1005 D Error   : 	at izd.a(SourceFile:152)
01-01 22:30:41.060   991  1005 D Error   : 	at izd.b(SourceFile:137)
01-01 22:30:41.060   991  1005 D Error   : 	at izd.b(SourceFile:99)
01-01 22:30:41.060   991  1005 D Error   : 	at aefd.c(SourceFile:571)
01-01 22:30:41.060   991  1005 D Error   : 	at aefd.a(SourceFile:181)
01-01 22:30:41.060   991  1005 D Error   : 	at aefe.b(SourceFile:93)
01-01 22:30:41.060   991  1005 D Error   : 	at qmd.a(SourceFile:74)
01-01 22:30:41.060   991  1005 D Error   : 	at qjf.a(SourceFile:1278)
01-01 22:30:41.060   991  1005 D Error   : 	at rah.b(SourceFile:104)
01-01 22:30:41.060   991  1005 D Error   : 	at rah.a(SourceFile:72)
01-01 22:30:41.060   991  1005 D Error   : 	at rai.a(SourceFile:2052)
01-01 22:30:41.060   991  1005 D Error   : 	at rap.c(SourceFile:205)
01-01 22:30:41.060   991  1005 D Error   : 	at qzo.onTransact(SourceFile:150)
01-01 22:30:41.060   991  1005 D Error   : 	at android.os.Binder.execTransact(Binder.java:453)
01-01 22:30:41.060   991  1005 D Error   : # via Binder call with stack:
01-01 22:30:41.060   991  1005 D Error   : android.os.StrictMode$LogStackTrace
01-01 22:30:41.060   991  1005 D Error   : 	at android.os.StrictMode.readAndHandleBinderCallViolations(StrictMode.java:1911)
01-01 22:30:41.060   991  1005 D Error   : 	at android.os.Parcel.readExceptionCode(Parcel.java:1601)
01-01 22:30:41.060   991  1005 D Error   : 	at android.os.Parcel.readException(Parcel.java:1570)
01-01 22:30:41.060   991  1005 D Error   : 	at joh.c(SourceFile:111)
01-01 22:30:41.060   991  1005 D Error   : 	at ihg.equals(SourceFile:78)
01-01 22:30:41.060   991  1005 D Error   : 	at izd.b(SourceFile:245)
01-01 22:30:41.060   991  1005 D Error   : 	at izd.a(SourceFile:152)
01-01 22:30:41.060   991  1005 D Error   : 	at izd.b(SourceFile:137)
01-01 22:30:41.060   991  1005 D Error   : 	at izd.b(SourceFile:99)
01-01 22:30:41.060   991  1005 D Error   : 	at aefd.c(SourceFile:571)
01-01 22:30:41.060   991  1005 D Error   : 	at aefd.a(SourceFile:181)
01-01 22:30:41.060   991  1005 D Error   : 	at aefe.b(SourceFile:93)
01-01 22:30:41.060   991  1005 D Error   : 	at qmd.a(SourceFile:74)
01-01 22:30:41.060   991  1005 D Error   : 	at qjf.a(SourceFile:1278)
01-01 22:30:41.060   991  1005 D Error   : 	at rah.b(SourceFile:104)
01-01 22:30:41.060   991  1005 D Error   : 	at rah.a(SourceFile:72)
01-01 22:30:41.060   991  1005 D Error   : 	at rai.a(SourceFile:2052)
01-01 22:30:41.060   991  1005 D Error   : 	at rap.c(SourceFile:205)
01-01 22:30:41.060   991  1005 D Error   : 	at qzo.onTransact(SourceFile:150)
01-01 22:30:41.060   991  1005 D Error   : 	at android.os.Binder.execTransact(Binder.java:453)
01-01 22:30:41.060   991  1005 D Error   : # via Binder call with stack:
01-01 22:30:41.060   991  1005 D Error   : android.os.StrictMode$LogStackTrace
01-01 22:30:41.060   991  1005 D Error   : 	at android.os.StrictMode.readAndHandleBinderCallViolations(StrictMode.java:1911)
01-01 22:30:41.060   991  1005 D Error   : 	at android.os.Parcel.readExceptionCode(Parcel.java:1601)
01-01 22:30:41.060   991  1005 D Error   : 	at android.os.Parcel.readException(Parcel.java:1570)
01-01 22:30:41.060   991  1005 D Error   : 	at joh.c(SourceFile:111)
01-01 22:30:41.060   991  1005 D Error   : 	at ihg.equals(SourceFile:78)
01-01 22:30:41.060   991  1005 D Error   : 	at izd.b(SourceFile:245)
01-01 22:30:41.060   991  1005 D Error   : 	at izd.a(SourceFile:152)
01-01 22:30:41.060   991  1005 D Error   : 	at izd.b(SourceFile:137)
01-01 22:30:41.060   991  1005 D Error   : 	at izd.b(SourceFile:99)
01-01 22:30:41.060   991  1005 D Error   : 	at aefd.c(SourceFile:571)
01-01 22:30:41.060   991  1005 D Error   : 	at aefd.a(SourceFile:181)
01-01 22:30:41.060   991  1005 D Error   : 	at aefe.b(SourceFile:93)
01-01 22:30:41.060   991  1005 D Error   : 	at qmd.a(SourceFile:74)
01-01 22:30:41.060   991  1005 D Error   : 	at qjf.a(SourceFile:1278)
01-01 22:30:41.060   991  1005 D Error   : 	at rah.b(SourceFile:104)
01-01 22:30:41.060   991  1005 D Error   : 	at rah.a(SourceFile:72)
01-01 22:30:41.060   991  1005 D Error   : 	at rai.a(SourceFile:2052)
01-01 22:30:41.060   991  1005 D Error   : 	at rap.c(SourceFile:205)
01-01 22:30:41.060   991  1005 D Error   : 	at qzo.onTransact(SourceFile:150)
01-01 22:30:41.060   991  1005 D Error   : 	at android.os.Binder.execTransact(Binder.java:453)
01-01 22:30:41.060   991  1005 D Error   : # via Binder c
01-01 22:30:41.060   991  1005 D Error   : ERR: TOTAL BYTES WRITTEN: 121672
01-01 22:30:41.068   991  1300 W GCoreFlp: No location to return for getLastLocation()
01-01 22:30:41.068   991  1005 W FusedLocationProvider: location=null
01-01 22:30:41.075   991  1300 W GCoreFlp: No location to return for getLastLocation()
01-01 22:30:41.075   991  1245 W FusedLocationProvider: location=null
01-01 22:30:41.097  1701  1866 E YouTube : Failed delayed event dispatch, no dispatchers.
01-01 22:30:41.120   991  1750 I PhenotypeFlagCommitter: Experiment Configs successfully retrieved for com.google.android.gms.lockbox
01-01 22:30:41.132   991  1300 W GCoreFlp: No location to return for getLastLocation()
01-01 22:30:41.132   991  1750 W FusedLocationProvider: location=null
01-01 22:30:41.157   991  1387 I GCoreUlr: WorldUpdater:android.intent.action.BOOT_COMPLETED: Ensuring that reporting is stopped because of reasons: (no Google accounts)
01-01 22:30:41.161   991  1387 I GCoreUlr: Unbound from all location providers
01-01 22:30:41.176   570   623 E wifi    : wifi_get_supported_feature_set returned error = 0xffffffa1
01-01 22:30:41.255   991   991 I GCoreUlr: DispatchingService.onDestroy()
01-01 22:30:41.255   991   991 I GCoreUlr: Stopping handler for UlrDispSvcFast
01-01 22:30:41.257   991   991 I GCoreUlr: Unbound from all location providers
01-01 22:30:41.348  1701  1701 W art     : Long monitor contention event with owner method=boolean libcore.io.Posix.access(java.lang.String, int) from Posix.java:4294967294 waiters=0 for 218ms
01-01 22:30:41.542   227   227 D CameraHal: camera_get_camera_info(1312): camera_get_camera_info(1312): camera_0 facing(0), orientation(90)
01-01 22:30:41.543   227   457 D CameraHal: camera_get_camera_info(1312): camera_get_camera_info(1312): camera_1 facing(1), orientation(270)
01-01 22:30:41.608   991  1332 W GeofencerStateMachine: Ignoring removeGeofence because network location is disabled.
01-01 22:30:41.609   991  1332 W GeofencerStateMachine: Ignoring removeGeofence because network location is disabled.
01-01 22:30:41.692  1701  1891 I PrimesTesting: GserviceFlagsSupplier.get()
01-01 22:30:41.732  1701  1891 I CrashMetricService: Startup metric for 'PRIMES_CRASH_MONITORING_INITIALIZED' dropped.
01-01 22:30:41.871  1701  1711 W art     : Suspending all threads took: 37.352ms
01-01 22:30:41.911  1701  1701 W YT.MDX.zds: CastAppId for type 0 not found. Defaulting to mainCastAppId.
01-01 22:30:41.988   570   604 V AlarmManager: triggered: act=com.google.android.intent.action.GCM_RECONNECT Pkg: com.google.android.gms
01-01 22:30:42.085  1701  1868 D SensorManager: aidl getSensorManager:android.hardware.ISensorManager$Stub$Proxy@3f52720
01-01 22:30:42.107  1701  1701 W YT.MDX.zds: CastAppId for type 0 not found. Defaulting to mainCastAppId.
01-01 22:30:42.190   991   991 V UserPresentBroadcastReceiver: Received Intent { act=android.intent.action.USER_PRESENT flg=0x24000010 cmp=com.google.android.gms/.trustagent.UserPresentBroadcastReceiver }.
01-01 22:30:42.201   570   604 V AlarmManager: triggered: act=com.android.providers.calendar.intent.CalendarProvider2 cmp=com.android.providers.calendar/.CalendarProviderBroadcastReceiver Pkg: com.android.providers.calendar
01-01 22:30:42.421   991  1932 D GCM     : GcmService start Intent { act=com.google.android.checkin.CHECKIN_COMPLETE flg=0x10 cmp=com.google.android.gms/.gcm.GcmService (has extras) } com.google.android.checkin.CHECKIN_COMPLETE
01-01 22:30:42.459  1462  1462 I CmaSystemUpdateService: receiver: Intent { act=com.google.android.gms.update.BOOT_START_SERVICE flg=0x10 pkg=com.google.android.gms cmp=com.google.android.gms/.update.SystemUpdateServiceReceiver }
01-01 22:30:42.459  1462  1462 I CmaSystemUpdateService: receiver: Intent { act=com.google.android.gms.update.BOOT_START_SERVICE flg=0x10 pkg=com.google.android.gms cmp=com.google.android.gms/.update.SystemUpdateServiceReceiver }
01-01 22:30:42.486  1462  1462 D CmaSystemUpdateService: onCreate
01-01 22:30:42.486  1462  1462 D CmaSystemUpdateService: mProcessPackageEnabled: false, mAutomaticUpdateEnabled: false
01-01 22:30:42.492  1462  1462 D CmaSystemUpdateService: onStartCommand: intent: Intent { act=com.google.android.gms.update.START_SERVICE pkg=com.google.android.gms (has extras) }
01-01 22:30:42.532  1462  1939 I SystemUpdateTask: cancelUpdate (empty URL)
01-01 22:30:42.533  1462  1939 I CmaSystemUpdateService: active receiver: disabled
01-01 22:30:42.549  1462  1462 D CmaSystemUpdateService: onDestroy
01-01 22:30:42.608  1462  1942 V GoogleSignatureVerifier: com.google.android.gms signature not valid.  Found: 
01-01 22:30:42.608  1462  1942 V GoogleSignatureVerifier: MIIEQzCCAyugAwIBAgIJAMLgh0ZkSjCNMA0GCSqGSIb3DQEBBAUAMHQxCzAJBgNVBAYTAlVTMRMw
01-01 22:30:42.608  1462  1942 V GoogleSignatureVerifier: EQYDVQQIEwpDYWxpZm9ybmlhMRYwFAYDVQQHEw1Nb3VudGFpbiBWaWV3MRQwEgYDVQQKEwtHb29n
01-01 22:30:42.608  1462  1942 V GoogleSignatureVerifier: bGUgSW5jLjEQMA4GA1UECxMHQW5kcm9pZDEQMA4GA1UEAxMHQW5kcm9pZDAeFw0wODA4MjEyMzEz
01-01 22:30:42.608  1462  1942 V GoogleSignatureVerifier: MzRaFw0zNjAxMDcyMzEzMzRaMHQxCzAJBgNVBAYTAlVTMRMwEQYDVQQIEwpDYWxpZm9ybmlhMRYw
01-01 22:30:42.608  1462  1942 V GoogleSignatureVerifier: FAYDVQQHEw1Nb3VudGFpbiBWaWV3MRQwEgYDVQQKEwtHb29nbGUgSW5jLjEQMA4GA1UECxMHQW5k
01-01 22:30:42.608  1462  1942 V GoogleSignatureVerifier: cm9pZDEQMA4GA1UEAxMHQW5kcm9pZDCCASAwDQYJKoZIhvcNAQEBBQADggENADCCAQgCggEBAKtW
01-01 22:30:42.608  1462  1942 V GoogleSignatureVerifier: LgDYO6IIrgqWbxJOKdoR8qtW0I9Y4sypEwPpt1TTcvZApxsdyxMJZ2JORland2qSGT2y5b+3JKke
01-01 22:30:42.608  1462  1942 V GoogleSignatureVerifier: dxiLDmpHpDsz2WCbdxgxRczfey5YZnTJ4VZbH0xqWVW/8lGmPav5xVwnIiJS6HXk+BVKZF+JcWjA
01-01 22:30:42.608  1462  1942 V GoogleSignatureVerifier: sb/GEuq/eFdpuzSqeYTcfi6idkyugwfYwXFU1+5fZKUaRKYCwkkFQVfcAs1fXA5V+++FGfvjJ/Cx
01-01 22:30:42.608  1462  1942 V GoogleSignatureVerifier: URaSxaBvGdGDhfXE28LWuT9ozCl5xw4Yq5OGazvV24mZVSoOO0yZ31j7kYvtwYK6NeADwbSxDdJE
01-01 22:30:42.608  1462  1942 V GoogleSignatureVerifier: qO4k//0zOHKrUiGYXtqw/A0LFFtqoZKFjnkCAQOjgdkwgdYwHQYDVR0OBBYEFMd9jMIhF1Ylmn/T
01-01 22:30:42.608  1462  1942 V GoogleSignatureVerifier: gt9r45jk14alMIGmBgNVHSMEgZ4wgZuAFMd9jMIhF1Ylmn/Tgt9r45jk14aloXikdjB0MQswCQYD
01-01 22:30:42.608  1462  1942 V GoogleSignatureVerifier: VQQGEwJVUzETMBEGA1UECBMKQ2FsaWZvcm5pYTEWMBQGA1UEBxMNTW91bnRhaW4gVmlldzEUMBIG
01-01 22:30:42.608  1462  1942 V GoogleSignatureVerifier: A1UEChMLR29vZ2xlIEluYy4xEDAOBgNVBAsTB0FuZHJvaWQxEDAOBgNVBAMTB0FuZHJvaWSCCQDC
01-01 22:30:42.608  1462  1942 V GoogleSignatureVerifier: 4IdGZEowjTAMBgNVHRMEBTADAQH/MA0GCSqGSIb3DQEBBAUAA4IBAQBt0lLO74UwLDYKqs6Tm8/y
01-01 22:30:42.608  1462  1942 V GoogleSignatureVerifier: zKkEu116FmH4rkaymUIE0P9KaMftGlMexFlaYjzmB2OxZyl6euNXEsQH8gjwyxCUKRJNexBiGcCE
01-01 22:30:42.608  1462  1942 V GoogleSignatureVerifier: yj6z+a1fuHHvkiaai+KL8W1EyNmgjmyy8AW7P+LLlkR+ho5zEHatRbM/YAnqGcFh5iZBqpknHf1S
01-01 22:30:42.608  1462  1942 V GoogleSignatureVerifier: KMXFh4dd239FJ1jWYfbMDMy3NS5CTMQ2XFI1MvcyUTdZPErjQfTbQe3aDQsQcafEQPD+nqActifK
01-01 22:30:42.608  1462  1942 V GoogleSignatureVerifier: Z0Np0IS9L9kR/wbNvyz6ENwPiTrjV2KRkEjH78ZMcUQXg0L3BYHJ3lc69Vs5Ddf9uUGGMYldX3Wf
01-01 22:30:42.608  1462  1942 V GoogleSignatureVerifier: MBEmh/9iFBDAaTCK
01-01 22:30:42.621   991  1945 D GCM     : GcmService start Intent { act=com.google.android.checkin.CHECKIN_COMPLETE flg=0x10 cmp=com.google.android.gms/.gcm.GcmService (has extras) } com.google.android.checkin.CHECKIN_COMPLETE
01-01 22:30:42.860   991   991 D EasyUnlockReceiver: Received Bluetooth event: Intent { act=android.bluetooth.adapter.action.STATE_CHANGED flg=0x4000010 cmp=com.google.android.gms/.auth.easyunlock.authorization.BluetoothStateChangeReceiver (has extras) }.
01-01 22:30:42.864   991   991 D BtServices: Received Bluetooth event: Intent { act=android.bluetooth.adapter.action.STATE_CHANGED flg=0x4000010 cmp=com.google.android.gms/.auth.proximity.BluetoothServicesAdapterStateChangeReceiver (has extras) }.
01-01 22:30:42.868  1252  1252 W ContextImpl: Calling a method in the system process without a qualified user: android.app.ContextImpl.startService:1221 android.content.ContextWrapper.startService:581 android.content.ContextWrapper.startService:581 com.android.settings.bluetooth.DockEventReceiver.beginStartingService:134 com.android.settings.bluetooth.DockEventReceiver.onReceive:115 
01-01 22:30:42.871   570   590 D BluetoothManagerService: Added callback: android.bluetooth.IBluetoothManagerCallback$Stub$Proxy@c208acf:true
01-01 22:30:42.876   991   991 D EasyUnlockReceiver: Received Bluetooth event: Intent { act=android.bluetooth.adapter.action.STATE_CHANGED flg=0x4000010 cmp=com.google.android.gms/.auth.easyunlock.authorization.BluetoothStateChangeReceiver (has extras) }.
01-01 22:30:42.882  1252  1252 D LocalBluetoothProfileManager: Adding local A2DP profile
01-01 22:30:42.884   685   685 D BluetoothPbap: Proxy object connected
01-01 22:30:42.884  1252  1252 E BluetoothA2dp: Could not bind to Bluetooth A2DP Service with Intent { act=android.bluetooth.IBluetoothA2dp }
01-01 22:30:42.884   685   685 D PbapServerProfile: Bluetooth service connected
01-01 22:30:42.885   991  1955 D EasyUnlockInitService: Handling intent for initializer IntentService.
01-01 22:30:42.888  1544  1956 W BluetoothAdapter: getBluetoothService() called with no BluetoothManagerCallback
01-01 22:30:42.890   991   991 D BtServices: Received Bluetooth event: Intent { act=android.bluetooth.adapter.action.STATE_CHANGED flg=0x4000010 cmp=com.google.android.gms/.auth.proximity.BluetoothServicesAdapterStateChangeReceiver (has extras) }.
01-01 22:30:42.899  1252  1252 D LocalBluetoothProfileManager: Adding local MAP profile
01-01 22:30:42.899  1252  1252 D BluetoothMap: Create BluetoothMap proxy object
01-01 22:30:42.900  1252  1252 E BluetoothMap: Could not bind to Bluetooth MAP Service with Intent { act=android.bluetooth.IBluetoothMap }
01-01 22:30:42.904   991  1955 D EasyUnlockInitService: Not initializing EasyUnlock: remote_devices=0, bluetooth_on=true
01-01 22:30:42.905  1252  1252 D LocalBluetoothProfileManager: LocalBluetoothProfileManager construction complete
01-01 22:30:42.913  1252  1252 D DockEventReceiver: finishStartingService: stopping service
01-01 22:30:42.915  1252  1252 D BluetoothInputDevice: Proxy object connected
01-01 22:30:42.915  1252  1252 D HidProfile: Bluetooth service connected
