01-01 22:30:41.117   964  1340 D Error   : # via Binder call with stack:
01-01 22:30:41.117   964  1340 D Error   : android.os.StrictMode$LogStackTrace
01-01 22:30:41.117   964  1340 D Error   : 	at android.os.StrictMode.readAndHandleBinderCallViolations(StrictMode.java:1911)
01-01 22:30:41.117   964  1340 D Error   : 	at android.os.Parcel.readExceptionCode(Parcel.java:1601)
01-01 22:30:41.117   964  1340 D Error   : 	at android.os.Parcel.readException(Parcel.java:1570)
01-01 22:30:41.117   964  1340 D Error   : 	at joh.c(SourceFile:111)
01-01 22:30:41.117   964  1340 D Error   : 	at ihg.equals(SourceFile:78)
01-01 22:30:41.117   964  1340 D Error   : 	at izd.b(SourceFile:245)
01-01 22:30:41.117   964  1340 D Error   : 	at izd.a(SourceFile:152)
01-01 22:30:41.117   964  1340 D Error   : 	at izd.b(SourceFile:137)
01-01 22:30:41.117   964  1340 D Error   : 	at izd.b(SourceFile:99)
01-01 22:30:41.117   964  1340 D Error   : 	at aefd.c(SourceFile:571)
01-01 22:30:41.117   964  1340 D Error   : 	at aefd.a(SourceFile:181)
01-01 22:30:41.117   964  1340 D Error   : 	at aefe.b(SourceFile:93)
01-01 22:30:41.117   964  1340 D Error   : 	at qmd.a(SourceFile:74)
01-01 22:30:41.117   964  1340 D Error   : 	at qjf.a(SourceFile:1278)
01-01 22:30:41.117   964  1340 D Error   : 	at rah.b(SourceFile:104)
01-01 22:30:41.117   964  1340 D Error   : 	at rah.a(SourceFile:72)
01-01 22:30:41.117   964  1340 D Error   : 	at rai.a(SourceFile:2052)
01-01 22:30:41.117   964  1340 D Error   : 	at rap.c(SourceFile:205)
01-01 22:30:41.117   964  1340 D Error   : 	at qzo.onTransact(SourceFile:150)
01-01 22:30:41.117   964  1340 D Error   : 	at android.os.Binder.execTransact(Binder.java:453)
01-01 22:30:41.117   964  1340 D Error   : # via Binder call with stack:
01-01 22:30:41.117   964  1340 D Error   : android.os.StrictMode$LogStackTrace
01-01 22:30:41.117   964  1340 D Error   : 	at android.os.StrictMode.readAndHandleBinderCallViolations(StrictMode.java:1911)
01-01 22:30:41.117   964  1340 D Error   : 	at android.os.Parcel.readExceptionCode(Parcel.java:1601)
01-01 22:30:41.117   964  1340 D Error   : 	at android.os.Parcel.readException(Parcel.java:1570)
01-01 22:30:41.117   964  1340 D Error   : 	at joh.c(SourceFile:111)
01-01 22:30:41.117   964  1340 D Error   : 	at ihg.equals(SourceFile:78)
01-01 22:30:41.117   964  1340 D Error   : 	at izd.b(SourceFile:245)
01-01 22:30:41.117   964  1340 D Error   : 	at izd.a(SourceFile:152)
01-01 22:30:41.117   964  1340 D Error   : 	at izd.b(SourceFile:137)
01-01 22:30:41.117   964  1340 D Error   : 	at izd.b(SourceFile:99)
01-01 22:30:41.117   964  1340 D Error   : 	at aefd.c(SourceFile:571)
01-01 22:30:41.117   964  1340 D Error   : 	at aefd.a(SourceFile:181)
01-01 22:30:41.117   964  1340 D Error   : 	at aefe.b(SourceFile:93)
01-01 22:30:41.117   964  1340 D Error   : 	at qmd.a(SourceFile:74)
01-01 22:30:41.117   964  1340 D Error   : 	at qjf.a(SourceFile:1278)
01-01 22:30:41.117   964  1340 D Error   : 	at rah.b(SourceFile:104)
01-01 22:30:41.117   964  1340 D Error   : 	at rah.a(SourceFile:72)
01-01 22:30:41.117   964  1340 D Error   : 	at rai.a(SourceFile:2052)
01-01 22:30:41.117   964  1340 D Error   : 	at rap.c(SourceFile:205)
01-01 22:30:41.117   964  1340 D Error   : 	at qzo.onTransact(SourceFile:150)
01-01 22:30:41.117   964  1340 D Error   : 	at android.os.Binder.execTransact(Binder.java:453)
01-01 22:30:41.117   964  1340 D Error   : # via Binder call with stack:
01-01 22:30:41.117   964  1340 D Error   : android.os.StrictMode$LogStackTrace
01-01 22:30:41.117   964  1340 D Error   : 	at android.os.StrictMode.readAndHandleBinderCallViolations(StrictMode.java:1911)
01-01 22:30:41.117   964  1340 D Error   : 	at android.os.Parcel.readExceptionCode(Parcel.java:1601)
01-01 22:30:41.117   964  1340 D Error   : 	at android.os.Parcel.readException(Parcel.java:1570)
01-01 22:30:41.117   964  1340 D Error   : 	at joh.c(SourceFile:111)
01-01 22:30:41.117   964  1340 D Error   : 	at ihg.equals(SourceFile:78)
01-01 22:30:41.117   964  1340 D Error   : 	at izd.b(SourceFile:245)
01-01 22:30:41.117   964  1340 D Error   : 	at izd.a(SourceFile:152)
01-01 22:30:41.117   964  1340 D Error   : 	at izd.b(SourceFile:137)
01-01 22:30:41.117   964  1340 D Error   : 	at izd.b(SourceFile:99)
01-01 22:30:41.117   964  1340 D Error   : 	at aefd.c(SourceFile:571)
01-01 22:30:41.117   964  1340 D Error   : 	at aefd.a(SourceFile:181)
01-01 22:30:41.117   964  1340 D Error   : 	at aefe.b(SourceFile:93)
01-01 22:30:41.117   964  1340 D Error   : 	at qmd.a(SourceFile:74)
01-01 22:30:41.117   964  1340 D Error   : 	at qjf.a(SourceFile:1278)
01-01 22:30:41.117   964  1340 D Error   : 	at rah.b(SourceFile:104)
01-01 22:30:41.117   964  1340 D Error   : 	at rah.a(SourceFile:72)
01-01 22:30:41.117   964  1340 D Error   : 	at rai.a(SourceFile:2052)
01-01 22:30:41.117   964  1340 D Error   : 	at rap.c(SourceFile:205)
01-01 22:30:41.117   964  1340 D Error   : 	at qzo.onTransact(SourceFile:150)
01-01 22:30:41.117   964  1340 D Error   : 	at android.os.Binder.execTransact(Binder.java:453)
01-01 22:30:41.117   964  1340 D Error   : # via Binder call with stack:
01-01 22:30:41.117   964  1340 D Error   : android.os.StrictMode$LogStackTrace
01-01 22:30:41.117   964  1340 D Error   : 	at android.os.StrictMode.readAndHandleBinderCallViolations(StrictMode.java:1911)
01-01 22:30:41.117   964  1340 D Error   : 	at android.os.Parcel.readExceptionCode(Parcel.java:1601)
01-01 22:30:41.117   964  1340 D Error   : 	at android.os.Parcel.readException(Parcel.java:1570)
01-01 22:30:41.117   964  1340 D Error   : 	at joh.c(SourceFile:111)
01-01 22:30:41.117   964  1340 D Error   : 	at ihg.equals(SourceFile:78)
01-01 22:30:41.117   964  1340 D Error   : 	at izd.b(SourceFile:245)
01-01 22:30:41.117   964  1340 D Error   : 	at izd.a(SourceFile:152)
01-01 22:30:41.117   964  1340 D Error   : 	at izd.b(SourceFile:137)
01-01 22:30:41.117   964  1340 D Error   : 	at izd.b(SourceFile:99)
01-01 22:30:41.117   964  1340 D Error   : 	at aefd.c(SourceFile:571)
01-01 22:30:41.117   964  1340 D Error   : 	at aefd.a(SourceFile:181)
01-01 22:30:41.117   964  1340 D Error   : 	at aefe.b(SourceFile:93)
01-01 22:30:41.117   964  1340 D Error   : 	at qmd.a(SourceFile:74)
01-01 22:30:41.117   964  1340 D Error   : 	at qjf.a(SourceFile:1278)
01-01 22:30:41.117   964  1340 D Error   : 	at rah.b(SourceFile:104)
01-01 22:30:41.117   964  1340 D Error   : 	at rah.a(Sour
01-01 22:30:41.117   964  1340 D Error   : ERR: TOTAL BYTES WRITTEN: 60700
01-01 22:30:41.117   964  1340 D StrictMode: Wrote violation #0 of 1: 60744 bytes
01-01 22:30:41.125   964  1340 E StrictMode: Stack is too large: numViolations=1 policy=#680007 front= android.app.SharedPreferencesImpl.getString(SharedPreferencesImpl.java:224)
01-01 22:30:41.125   964  1340 E StrictMode: 	at rah.a(SourceFile:60)
01-01 22:30:41.125   964  1340 E StrictMode: 	at rai.a(SourceFile:2052)
01-01 22:30:41.125   964  1340 E StrictMode: 	at rap.c(SourceFile:205)
01-01 22:30:41.125   964  1340 E StrictMode: 	at qzo.onTransact(SourceFile:150)
01-01 22:30:41.125   964  1340 E StrictMode: 	at android.os.Binder.execTransact(Binder.java:453)
01-01 22:30:41.125   964  1340 E StrictMode: # via Binder call with stack:
01-01 22:30:41.125   964  1340 E StrictMode: android.os.StrictMode$LogStackTrace
01-01 22:30:41.125   964  1340 E StrictMode: 	at android.os.StrictMode.readAndHandleBinderCallViolations(StrictMode.java:1911)
01-01 22:30:41.125   964  1340 E StrictMode: 	at android.os.Parcel.readExceptionCode(Parcel.java:1601)
01-01 22:30:41.125   964  1340 E StrictMode: 	at android.os.Parcel.readException(Parcel.java:1570)
01-01 22:30:41.125   964  1340 E StrictMode: 	at joh.c(SourceFile:111)
01-01 22:30:41.125   964  1340 E StrictMode: 	at ihg.equals(SourceFile:78)
01-01 22:30:41.125   964  1340 E StrictMode: 	at izd.b(SourceFile:245)
01-01 22:30:41.125   964  1340 E StrictMode: 	at izd.a(SourceFile:152)
01-01 22:30:41.125   964  1340 E StrictMode: 	at izd.b(SourceFile:137)
01-01 22:30:41.125   964  1340 E StrictMode: 	at izd.b(SourceFile:99)
01-01 22:30:41.125   964  1340 E StrictMode: 	at aefd.c(SourceFile:571)
01-01 22:30:41.125   964  1340 E StrictMode: 	at aefd.a(SourceFile:181)
01-01 22:30:41.125   964  1340 E StrictMode: 	at aefe.b(SourceFile:93)
01-01 22:30:41.125   964  1340 E StrictMode: 	at qmd.a(SourceFile:74)
01-01 22:30:41.125   964  1340 E StrictMode: 	at qjf.a(SourceFile:1278)
01-01 22:30:41.125   964  1340 E StrictMode: 	at rah.b(SourceFile:104)
01-01 22:30:41.125   964  1340 E StrictMode: 	at rah.a(SourceFile:72)
01-01 22:30:41.125   964  1340 E StrictMode: 	at rai.a(SourceFile:2052)
01-01 22:30:41.125   964  1340 E StrictMode: 	at rap.c(SourceFile:205)
01-01 22:30:41.125   964  1340 E StrictMode: 	at qzo.onTransact(SourceFile:150)
01-01 22:30:41.125   964  1340 E StrictMode: 	at android.os.Binder.execTransact(Binder.java:453)
01-01 22:30:41.125   964  1340 E StrictMode: # via Binder call with stack:
01-01 22:30:41.125   964  1340 E StrictMode: android.os.StrictMode$LogStackTrace
01-01 22:30:41.125   964  1340 E StrictMode: 	at android.os.StrictMode.readAndHandleBinderCallViolations(StrictMode.java:1911)
01-01 22:30:41.125   964  1340 E StrictMode: 	at android.os.Parcel.readExceptionCode(Parcel.java:1601)
01-01 22:30:41.125   964  1340 E StrictMode: 	at android.os.Parcel.readException(Parcel.java:1570)
01-01 22:30:41.125   964  1340 E StrictMode: 	at joh.c(SourceFile:111)
01-01 22:30:41.125   964  1340 E StrictMode: 	at ihg.equals(SourceFile:78)
01-01 22:30:41.125   964  1340 E StrictMode: 	at izd.b(SourceFile:245)
01-01 22:30:41.125   964  1340 E StrictMode: 	at izd.a(SourceFile:152)
01-01 22:30:41.125   964  1340 E StrictMode: 	at izd.b(SourceFile:137)
01-01 22:30:41.125   964  1340 E StrictMode: 	at izd.b(SourceFile:99)
01-01 22:30:41.125   964  1340 E StrictMode: 	at aefd.c(SourceFile:571)
01-01 22:30:41.125   964  1340 E StrictMode: 	at aefd.a(SourceFile:181)
01-01 22:30:41.125   964  1340 E StrictMode: 	at aefe.b(SourceFile:93)
01-01 22:30:41.125   964  1340 E StrictMode: 	at qmd.a(SourceFile:74)
01-01 22:30:41.125   964  1340 E StrictMode: 	at qjf.a(SourceFile:1278)
01-01 22:30:41.125   964  1340 E StrictMode: 	at rah.b(SourceFile:104)
01-01 22:30:41.125   964  1340 E StrictMode: 	at rah.a(SourceFile:72)
01-01 22:30:41.125   964  1340 E StrictMode: 	at rai.a(SourceFile:2052)
01-01 22:30:41.125   964  1340 E StrictMode: 	at rap.c(SourceFile:205)
01-01 22:30:41.125   964  1340 E StrictMode: 	at qzo.onTransact(SourceFile:150)
01-01 22:30:41.125   964  1340 E StrictMode: 	at android.os.Binder.execTransact(Binder.java:453)
01-01 22:30:41.125   964  1340 E StrictMode: # via Binder call with stack:
01-01 22:30:41.125   964  1340 E StrictMode: android.os.StrictMode$LogStackTrace
01-01 22:30:41.125   964  1340 E StrictMode: 	at android.os.StrictMode.readAndHandleBinderCallViolations(StrictMode.java:1911)
01-01 22:30:41.125   964  1340 E StrictMode: 	at android.os.Parcel.readExceptionCode(Parcel.java:1601)
01-01 22:30:41.125   964  1340 E StrictMode: 	at android.os.Parcel.readException(Parcel.java:1570)
01-01 22:30:41.125   964  1340 E StrictMode: 	at joh.c(SourceFile:111)
01-01 22:30:41.125   964  1340 E StrictMode: 	at ihg.equals(SourceFile:78)
01-01 22:30:41.125   964  1340 E StrictMode: 	at izd.b(SourceFile:245)
01-01 22:30:41.125   964  1340 E StrictMode: 	at izd.a(SourceFile:152)
01-01 22:30:41.125   964  1340 E StrictMode: 	at izd.b(SourceFile:137)
01-01 22:30:41.125   964  1340 E StrictMode: 	at izd.b(SourceFile:99)
01-01 22:30:41.125   964  1340 E StrictMode: 	at aefd.c(SourceFile:571)
01-01 22:30:41.125   964  1340 E StrictMode: 	at aefd.a(SourceFile:181)
01-01 22:30:41.125   964  1340 E StrictMode: 	at aefe.b(SourceFile:93)
01-01 22:30:41.125   964  1340 E StrictMode: 	at qmd.a(SourceFile:74)
01-01 22:30:41.125   964  1340 E StrictMode: 	at qjf.a(SourceFile:1278)
01-01 22:30:41.125   964  1340 E StrictMode: 	at rah.b(SourceFile:104)
01-01 22:30:41.125   964  1340 E StrictMode: 	at rah.a(SourceFile:72)
01-01 22:30:41.125   964  1340 E StrictMode: 	at rai.a(SourceFile:2052)
01-01 22:30:41.125   964  1340 E StrictMode: 	at rap.c(SourceFile:205)
01-01 22:30:41.125   964  1340 E StrictMode: 	at qzo.onTransact(SourceFile:150)
01-01 22:30:41.125   964  1340 E StrictMode: 	at android.os.Binder.execTransact(Binder.java:453)
01-01 22:30:41.125   964  1340 E StrictMode: # via Binder call with stack:
01-01 22:30:41.125   964  1340 E StrictMode: android.os.StrictMode$LogStackTrace
01-01 22:30:41.125   964  1340 E StrictMode: 	at android.os.StrictMode.readAndHandleBinderCallViolations(StrictMode.java:1911)
01-01 22:30:41.125   964  1340 E StrictMode: 	at android.os.Parcel.readExceptionCode(Parcel.java:1601)
01-01 22:30:41.125   964  1340 E StrictMode: 	at android.os.Parcel.readException(Parcel.java:1570)
01-01 22:30:41.125   964  1340 E StrictMode: 	at joh.c(SourceFile:111)
01-01 22:30:41.125   964  1340 E StrictMode: 	at ihg.equals(SourceFile:78)
01-01 22:30:41.125   964  1340 E StrictMode: 	at izd.b(SourceFile:245)
01-01 22:30:41.125   964  1340 E StrictMode: 	at izd.a(SourceFile:152)
01-01 22:30:41.125   964  1340 E StrictMode: 	at izd.b(SourceFile:137)
01-01 22:30:41.125   964  1340 E StrictMode: 	at izd.b(SourceFile:99)
01-01 22:30:41.125   964  1340 E StrictMode: 	at aefd.c(SourceFile:571)
01-01 22:30:41.125   964  1340 E StrictMode: 	at aefd.a(SourceFile:181)
01-01 22:30:41.125   964  1340 E StrictMode: 	at aefe.b(SourceFile:93)
01-01 22:30:41.125   964  1340 E StrictMode: 	at qmd.a(SourceFile:74)
01-01 22:30:41.125   964  1340 E StrictMode: 	at qjf.a(SourceFile:1278)
01-01 22:30:41.125   964  1340 E StrictMode: 	at rah.b(SourceFile:104)
01-01 22:30:41.125   964  1340 E StrictMode: 	at rah.a(SourceFile:72)
01-01 22:30:41.125   964  1340 E StrictMode: 	at rai.a(SourceFile:2052)
01-01 22:30:41.125   964  1340 E StrictMode: 	at rap.c(SourceFile:205)
01-01 22:30:41.125   964  1340 E StrictMode: 	at qzo.onTransact(SourceFile:150)
01-01 22:30:41.125   964  1340 E StrictMode: 	at android.os.Binder.execTransact(Binder.java:453)
01-01 22:30:41.125   964  1340 E StrictMode: # via Binder call with stack:
01-01 22:30:41.125   964  1340 E StrictMode: android.os.StrictMode$LogStackTrace
01-01 22:30:41.125   964  1340 E StrictMode: 	at android.os.StrictMode.readAndHandleBinderCallViolations(StrictMode.java:1911)
01-01 22:30:41.125   964  1340 E StrictMode: 	at android.os.Parcel.readExceptionCode(Parcel.java:1601)
01-01 22:30:41.125   964  1340 E StrictMode: 	at android.os.Parcel.readException(Parcel.java:1570)
01-01 22:30:41.125   964  1340 E StrictMode: 	at joh.c(SourceFile:111)
01-01 22:30:41.125   964  1340 E StrictMode: 	at ihg.equals(SourceFile:78)
01-01 22:30:41.125   964  1340 E StrictMode: 	at izd.b(SourceFile:245)
01-01 22:30:41.125   964  1340 E StrictMode: 	at izd.a(SourceFile:152)
01-01 22:30:41.125   964  1340 E StrictMode: 	at izd.b(SourceFile:137)
01-01 22:30:41.125   964  1340 E StrictMode: 	at izd.b(SourceFile:99)
01-01 22:30:41.125   964  1340 E StrictMode: 	at aefd.c(SourceFile:571)
01-01 22:30:41.125   964  1340 E StrictMode: 	at aefd.a(SourceFile:181)
01-01 22:30:41.125   964  1340 E StrictMode: 	at aefe.b(SourceFile:93)
01-01 22:30:41.125   964  1340 E StrictMode: 	at qmd.a(SourceFile:74)
01-01 22:30:41.125   964  1340 E StrictMode: 	at qjf.a(SourceFile:1278)
01-01 22:30:41.125   964  1340 E StrictMode: 	at rah.b(SourceFile:104)
01-01 22:30:41.125   964  1340 E StrictMode: 	at rah.a(SourceFile:72)
01-01 22:30:41.125   964  1340 E StrictMode: 	at rai.a(SourceFile:2052)
01-01 22:30:41.125   964  1340 E StrictMode: 	at rap.c(SourceFile:205)
01-01 22:30:41.125   964  1340 E StrictMode: 	at qzo.onTransact(SourceFile:150)
01-01 22:30:41.125   964  1340 E StrictMode: 	at android.os.Binder.execTransact(Binder.java:453)
01-01 22:30:41.125   964  1340 E StrictMode: # via Binder call with stack:
01-01 22:30:41.125   964  1340 E StrictMode: android.os.StrictMode$Lo
01-01 22:30:41.129   964  1340 D Error   : ERR: exClass=android.util.Log$TerribleFailure
01-01 22:30:41.133   964  1340 D Error   : ERR: exMsg=Stack is too large: numViolations=1 policy=#680007 front= android.app.SharedPreferencesImpl.getString(SharedPreferencesImpl.java:224)
01-01 22:30:41.133   964  1340 D Error   : 	at rah.a(SourceFile:60)
01-01 22:30:41.133   964  1340 D Error   : 	at rai.a(SourceFile:2052)
01-01 22:30:41.133   964  1340 D Error   : 	at rap.c(SourceFile:205)
01-01 22:30:41.133   964  1340 D Error   : 	at qzo.onTransact(SourceFile:150)
01-01 22:30:41.133   964  1340 D Error   : 	at android.os.Binder.execTransact(Binder.java:453)
01-01 22:30:41.133   964  1340 D Error   : # via Binder call with stack:
01-01 22:30:41.133   964  1340 D Error   : android.os.StrictMode$LogStackTrace
01-01 22:30:41.133   964  1340 D Error   : 	at android.os.StrictMode.readAndHandleBinderCallViolations(StrictMode.java:1911)
01-01 22:30:41.133   964  1340 D Error   : 	at android.os.Parcel.readExceptionCode(Parcel.java:1601)
01-01 22:30:41.133   964  1340 D Error   : 	at android.os.Parcel.readException(Parcel.java:1570)
01-01 22:30:41.133   964  1340 D Error   : 	at joh.c(SourceFile:111)
01-01 22:30:41.133   964  1340 D Error   : 	at ihg.equals(SourceFile:78)
01-01 22:30:41.133   964  1340 D Error   : 	at izd.b(SourceFile:245)
01-01 22:30:41.133   964  1340 D Error   : 	at izd.a(SourceFile:152)
01-01 22:30:41.133   964  1340 D Error   : 	at izd.b(SourceFile:137)
01-01 22:30:41.133   964  1340 D Error   : 	at izd.b(SourceFile:99)
01-01 22:30:41.133   964  1340 D Error   : 	at aefd.c(SourceFile:571)
01-01 22:30:41.133   964  1340 D Error   : 	at aefd.a(SourceFile:181)
01-01 22:30:41.133   964  1340 D Error   : 	at aefe.b(SourceFile:93)
01-01 22:30:41.133   964  1340 D Error   : 	at qmd.a(SourceFile:74)
01-01 22:30:41.133   964  1340 D Error   : 	at qjf.a(SourceFile:1278)
01-01 22:30:41.133   964  1340 D Error   : 	at rah.b(SourceFile:104)
01-01 22:30:41.133   964  1340 D Error   : 	at rah.a(SourceFile:72)
01-01 22:30:41.133   964  1340 D Error   : 	at rai.a(SourceFile:2052)
01-01 22:30:41.133   964  1340 D Error   : 	at rap.c(SourceFile:205)
01-01 22:30:41.133   964  1340 D Error   : 	at qzo.onTransact(SourceFile:150)
01-01 22:30:41.133   964  1340 D Error   : 	at android.os.Binder.execTransact(Binder.java:453)
01-01 22:30:41.133   964  1340 D Error   : # via Binder call with stack:
01-01 22:30:41.133   964  1340 D Error   : android.os.StrictMode$LogStackTrace
01-01 22:30:41.133   964  1340 D Error   : 	at android.os.StrictMode.readAndHandleBinderCallViolations(StrictMode.java:1911)
01-01 22:30:41.133   964  1340 D Error   : 	at android.os.Parcel.readExceptionCode(Parcel.java:1601)
01-01 22:30:41.133   964  1340 D Error   : 	at android.os.Parcel.readException(Parcel.java:1570)
01-01 22:30:41.133   964  1340 D Error   : 	at joh.c(SourceFile:111)
01-01 22:30:41.133   964  1340 D Error   : 	at ihg.equals(SourceFile:78)
01-01 22:30:41.133   964  1340 D Error   : 	at izd.b(SourceFile:245)
01-01 22:30:41.133   964  1340 D Error   : 	at izd.a(SourceFile:152)
01-01 22:30:41.133   964  1340 D Error   : 	at izd.b(SourceFile:137)
01-01 22:30:41.133   964  1340 D Error   : 	at izd.b(SourceFile:99)
01-01 22:30:41.133   964  1340 D Error   : 	at aefd.c(SourceFile:571)
01-01 22:30:41.133   964  1340 D Error   : 	at aefd.a(SourceFile:181)
01-01 22:30:41.133   964  1340 D Error   : 	at aefe.b(SourceFile:93)
01-01 22:30:41.133   964  1340 D Error   : 	at qmd.a(SourceFile:74)
01-01 22:30:41.133   964  1340 D Error   : 	at qjf.a(SourceFile:1278)
01-01 22:30:41.133   964  1340 D Error   : 	at rah.b(SourceFile:104)
01-01 22:30:41.133   964  1340 D Error   : 	at rah.a(SourceFile:72)
01-01 22:30:41.133   964  1340 D Error   : 	at rai.a(SourceFile:2052)
01-01 22:30:41.133   964  1340 D Error   : 	at rap.c(SourceFile:205)
01-01 22:30:41.133   964  1340 D Error   : 	at qzo.onTransact(SourceFile:150)
01-01 22:30:41.133   964  1340 D Error   : 	at android.os.Binder.execTransact(Binder.java:453)
01-01 22:30:41.133   964  1340 D Error   : # via Binder call with stack:
01-01 22:30:41.133   964  1340 D Error   : android.os.StrictMode$LogStackTrace
01-01 22:30:41.133   964  1340 D Error   : 	at android.os.StrictMode.readAndHandleBinderCallViolations(StrictMode.java:1911)
01-01 22:30:41.133   964  1340 D Error   : 	at android.os.Parcel.readExceptionCode(Parcel.java:1601)
01-01 22:30:41.133   964  1340 D Error   : 	at android.os.Parcel.readException(Parcel.java:1570)
01-01 22:30:41.133   964  1340 D Error   : 	at joh.c(SourceFile:111)
01-01 22:30:41.133   964  1340 D Error   : 	at ihg.equals(SourceFile:78)
01-01 22:30:41.133   964  1340 D Error   : 	at izd.b(SourceFile:245)
01-01 22:30:41.133   964  1340 D Error   : 	at izd.a(SourceFile:152)
01-01 22:30:41.133   964  1340 D Error   : 	at izd.b(SourceFile:137)
01-01 22:30:41.133   964  1340 D Error   : 	at izd.b(SourceFile:99)
01-01 22:30:41.133   964  1340 D Error   : 	at aefd.c(SourceFile:571)
01-01 22:30:41.133   964  1340 D Error   : 	at aefd.a(SourceFile:181)
01-01 22:30:41.133   964  1340 D Error   : 	at aefe.b(SourceFile:93)
01-01 22:30:41.133   964  1340 D Error   : 	at qmd.a(SourceFile:74)
01-01 22:30:41.133   964  1340 D Error   : 	at qjf.a(SourceFile:1278)
01-01 22:30:41.133   964  1340 D Error   : 	at rah.b(SourceFile:104)
01-01 22:30:41.133   964  1340 D Error   : 	at rah.a(SourceFile:72)
01-01 22:30:41.133   964  1340 D Error   : 	at rai.a(SourceFile:2052)
01-01 22:30:41.133   964  1340 D Error   : 	at rap.c(SourceFile:205)
01-01 22:30:41.133   964  1340 D Error   : 	at qzo.onTransact(SourceFile:150)
01-01 22:30:41.133   964  1340 D Error   : 	at android.os.Binder.execTransact(Binder.java:453)
01-01 22:30:41.133   964  1340 D Error   : # via Binder call with stack:
01-01 22:30:41.133   964  1340 D Error   : android.os.StrictMode$LogStackTrace
01-01 22:30:41.133   964  1340 D Error   : 	at android.os.StrictMode.readAndHandleBinderCallViolations(StrictMode.java:1911)
01-01 22:30:41.133   964  1340 D Error   : 	at android.os.Parcel.readExceptionCode(Parcel.java:1601)
01-01 22:30:41.133   964  1340 D Error   : 	at android.os.Parcel.readException(Parcel.java:1570)
01-01 22:30:41.133   964  1340 D Error   : 	at joh.c(SourceFile:111)
01-01 22:30:41.133   964  1340 D Error   : 	at ihg.equals(SourceFile:78)
01-01 22:30:41.133   964  1340 D Error   : 	at izd.b(SourceFile:245)
01-01 22:30:41.133   964  1340 D Error   : 	at izd.a(SourceFile:152)
01-01 22:30:41.133   964  1340 D Error   : 	at izd.b(SourceFile:137)
01-01 22:30:41.133   964  1340 D Error   : 	at izd.b(SourceFile:99)
01-01 22:30:41.133   964  1340 D Error   : 	at aefd.c(SourceFile:571)
01-01 22:30:41.133   964  1340 D Error   : 	at aefd.a(SourceFile:181)
01-01 22:30:41.133   964  1340 D Error   : 	at aefe.b(SourceFile:93)
01-01 22:30:41.133   964  1340 D Error   : 	at qmd.a(SourceFile:74)
01-01 22:30:41.133   964  1340 D Error   : 	at qjf.a(SourceFile:1278)
01-01 22:30:41.133   964  1340 D Error   : 	at rah.b(SourceFile:104)
01-01 22:30:41.133   964  1340 D Error   : 	at rah.a(SourceFile:72)
01-01 22:30:41.133   964  1340 D Error   : 	at rai.a(SourceFile:2052)
01-01 22:30:41.133   964  1340 D Error   : 	at rap.c(SourceFile:205)
01-01 22:30:41.133   964  1340 D Error   : 	at qzo.onTransact(SourceFile:150)
01-01 22:30:41.133   964  1340 D Error   : 	at android.os.Binder.execTransact(Binder.java:453)
01-01 22:30:41.133   964  1340 D Error   : # via Binder call with stack:
01-01 22:30:41.133   964  1340 D Error   : android.os.StrictMode$LogStackTrace
01-01 22:30:41.133   964  1340 D Error   : 	at android.os.StrictMode.readAndHandleBinderCallViolations(StrictMode.java:1911)
01-01 22:30:41.133   964  1340 D Error   : 	at android.os.Parcel.readExceptionCode(Parcel.java:1601)
01-01 22:30:41.133   964  1340 D Error   : 	at android.os.Parcel.readException(Parcel.java:1570)
01-01 22:30:41.133   964  1340 D Error   : 	at joh.c(SourceFile:111)
01-01 22:30:41.133   964  1340 D Error   : 	at ihg.equals(SourceFile:78)
01-01 22:30:41.133   964  1340 D Error   : 	at izd.b(SourceFile:245)
01-01 22:30:41.133   964  1340 D Error   : 	at izd.a(SourceFile:152)
01-01 22:30:41.133   964  1340 D Error   : 	at izd.b(SourceFile:137)
01-01 22:30:41.133   964  1340 D Error   : 	at izd.b(SourceFile:99)
01-01 22:30:41.133   964  1340 D Error   : 	at aefd.c(SourceFile:571)
01-01 22:30:41.133   964  1340 D Error   : 	at aefd.a(SourceFile:181)
01-01 22:30:41.133   964  1340 D Error   : 	at aefe.b(SourceFile:93)
01-01 22:30:41.133   964  1340 D Error   : 	at qmd.a(SourceFile:74)
01-01 22:30:41.133   964  1340 D Error   : 	at qjf.a(SourceFile:1278)
01-01 22:30:41.133   964  1340 D Error   : 	at rah.b(SourceFile:104)
01-01 22:30:41.133   964  1340 D Error   : 	at rah.a(SourceFile:72)
01-01 22:30:41.133   964  1340 D Error   : 	at rai.a(SourceFile:2052)
01-01 22:30:41.133   964  1340 D Error   : 	at rap.c(SourceFile:205)
01-01 22:30:41.133   964  1340 D Error   : 	at qzo.onTransact(SourceFile:150)
01-01 22:30:41.133   964  1340 D Error   : 	at android.os.Binder.execTransact(Binder.java:453)
01-01 22:30:41.133   964  1340 D Error   : # via Binder call with stack:
01-01 22:30:41.133   964  1340 D Error   : android.os.StrictM
01-01 22:30:41.133   964  1340 D Error   : ERR: file=Log.java
01-01 22:30:41.133   964  1340 D Error   : ERR: class=android.util.Log
01-01 22:30:41.133   964  1340 D Error   : ERR: method=wtf line=291
01-01 22:30:41.136   964  1340 D Error   : ERR: stack=android.util.Log$TerribleFailure: Stack is too large: numViolations=1 policy=#680007 front= android.app.SharedPreferencesImpl.getString(SharedPreferencesImpl.java:224)
01-01 22:30:41.136   964  1340 D Error   : 	at rah.a(SourceFile:60)
01-01 22:30:41.136   964  1340 D Error   : 	at rai.a(SourceFile:2052)
01-01 22:30:41.136   964  1340 D Error   : 	at rap.c(SourceFile:205)
01-01 22:30:41.136   964  1340 D Error   : 	at qzo.onTransact(SourceFile:150)
01-01 22:30:41.136   964  1340 D Error   : 	at android.os.Binder.execTransact(Binder.java:453)
01-01 22:30:41.136   964  1340 D Error   : # via Binder call with stack:
01-01 22:30:41.136   964  1340 D Error   : android.os.StrictMode$LogStackTrace
01-01 22:30:41.136   964  1340 D Error   : 	at android.os.StrictMode.readAndHandleBinderCallViolations(StrictMode.java:1911)
01-01 22:30:41.136   964  1340 D Error   : 	at android.os.Parcel.readExceptionCode(Parcel.java:1601)
01-01 22:30:41.136   964  1340 D Error   : 	at android.os.Parcel.readException(Parcel.java:1570)
01-01 22:30:41.136   964  1340 D Error   : 	at joh.c(SourceFile:111)
01-01 22:30:41.136   964  1340 D Error   : 	at ihg.equals(SourceFile:78)
01-01 22:30:41.136   964  1340 D Error   : 	at izd.b(SourceFile:245)
01-01 22:30:41.136   964  1340 D Error   : 	at izd.a(SourceFile:152)
01-01 22:30:41.136   964  1340 D Error   : 	at izd.b(SourceFile:137)
01-01 22:30:41.136   964  1340 D Error   : 	at izd.b(SourceFile:99)
01-01 22:30:41.136   964  1340 D Error   : 	at aefd.c(SourceFile:571)
01-01 22:30:41.136   964  1340 D Error   : 	at aefd.a(SourceFile:181)
01-01 22:30:41.136   964  1340 D Error   : 	at aefe.b(SourceFile:93)
01-01 22:30:41.136   964  1340 D Error   : 	at qmd.a(SourceFile:74)
01-01 22:30:41.136   964  1340 D Error   : 	at qjf.a(SourceFile:1278)
01-01 22:30:41.136   964  1340 D Error   : 	at rah.b(SourceFile:104)
01-01 22:30:41.136   964  1340 D Error   : 	at rah.a(SourceFile:72)
01-01 22:30:41.136   964  1340 D Error   : 	at rai.a(SourceFile:2052)
01-01 22:30:41.136   964  1340 D Error   : 	at rap.c(SourceFile:205)
01-01 22:30:41.136   964  1340 D Error   : 	at qzo.onTransact(SourceFile:150)
01-01 22:30:41.136   964  1340 D Error   : 	at android.os.Binder.execTransact(Binder.java:453)
01-01 22:30:41.136   964  1340 D Error   : # via Binder call with stack:
01-01 22:30:41.136   964  1340 D Error   : android.os.StrictMode$LogStackTrace
01-01 22:30:41.136   964  1340 D Error   : 	at android.os.StrictMode.readAndHandleBinderCallViolations(StrictMode.java:1911)
01-01 22:30:41.136   964  1340 D Error   : 	at android.os.Parcel.readExceptionCode(Parcel.java:1601)
01-01 22:30:41.136   964  1340 D Error   : 	at android.os.Parcel.readException(Parcel.java:1570)
01-01 22:30:41.136   964  1340 D Error   : 	at joh.c(SourceFile:111)
01-01 22:30:41.136   964  1340 D Error   : 	at ihg.equals(SourceFile:78)
01-01 22:30:41.136   964  1340 D Error   : 	at izd.b(SourceFile:245)
01-01 22:30:41.136   964  1340 D Error   : 	at izd.a(SourceFile:152)
01-01 22:30:41.136   964  1340 D Error   : 	at izd.b(SourceFile:137)
01-01 22:30:41.136   964  1340 D Error   : 	at izd.b(SourceFile:99)
01-01 22:30:41.136   964  1340 D Error   : 	at aefd.c(SourceFile:571)
01-01 22:30:41.136   964  1340 D Error   : 	at aefd.a(SourceFile:181)
01-01 22:30:41.136   964  1340 D Error   : 	at aefe.b(SourceFile:93)
01-01 22:30:41.136   964  1340 D Error   : 	at qmd.a(SourceFile:74)
01-01 22:30:41.136   964  1340 D Error   : 	at qjf.a(SourceFile:1278)
01-01 22:30:41.136   964  1340 D Error   : 	at rah.b(SourceFile:104)
01-01 22:30:41.136   964  1340 D Error   : 	at rah.a(SourceFile:72)
01-01 22:30:41.136   964  1340 D Error   : 	at rai.a(SourceFile:2052)
01-01 22:30:41.136   964  1340 D Error   : 	at rap.c(SourceFile:205)
01-01 22:30:41.136   964  1340 D Error   : 	at qzo.onTransact(SourceFile:150)
01-01 22:30:41.136   964  1340 D Error   : 	at android.os.Binder.execTransact(Binder.java:453)
01-01 22:30:41.136   964  1340 D Error   : # via Binder call with stack:
01-01 22:30:41.136   964  1340 D Error   : android.os.StrictMode$LogStackTrace
01-01 22:30:41.136   964  1340 D Error   : 	at android.os.StrictMode.readAndHandleBinderCallViolations(StrictMode.java:1911)
01-01 22:30:41.136   964  1340 D Error   : 	at android.os.Parcel.readExceptionCode(Parcel.java:1601)
01-01 22:30:41.136   964  1340 D Error   : 	at android.os.Parcel.readException(Parcel.java:1570)
01-01 22:30:41.136   964  1340 D Error   : 	at joh.c(SourceFile:111)
01-01 22:30:41.136   964  1340 D Error   : 	at ihg.equals(SourceFile:78)
01-01 22:30:41.136   964  1340 D Error   : 	at izd.b(SourceFile:245)
01-01 22:30:41.136   964  1340 D Error   : 	at izd.a(SourceFile:152)
01-01 22:30:41.136   964  1340 D Error   : 	at izd.b(SourceFile:137)
01-01 22:30:41.136   964  1340 D Error   : 	at izd.b(SourceFile:99)
01-01 22:30:41.136   964  1340 D Error   : 	at aefd.c(SourceFile:571)
01-01 22:30:41.136   964  1340 D Error   : 	at aefd.a(SourceFile:181)
01-01 22:30:41.136   964  1340 D Error   : 	at aefe.b(SourceFile:93)
01-01 22:30:41.136   964  1340 D Error   : 	at qmd.a(SourceFile:74)
01-01 22:30:41.136   964  1340 D Error   : 	at qjf.a(SourceFile:1278)
01-01 22:30:41.136   964  1340 D Error   : 	at rah.b(SourceFile:104)
01-01 22:30:41.136   964  1340 D Error   : 	at rah.a(SourceFile:72)
01-01 22:30:41.136   964  1340 D Error   : 	at rai.a(SourceFile:2052)
01-01 22:30:41.136   964  1340 D Error   : 	at rap.c(SourceFile:205)
01-01 22:30:41.136   964  1340 D Error   : 	at qzo.onTransact(SourceFile:150)
01-01 22:30:41.136   964  1340 D Error   : 	at android.os.Binder.execTransact(Binder.java:453)
01-01 22:30:41.136   964  1340 D Error   : # via Binder call with stack:
01-01 22:30:41.136   964  1340 D Error   : android.os.StrictMode$LogStackTrace
01-01 22:30:41.136   964  1340 D Error   : 	at android.os.StrictMode.readAndHandleBinderCallViolations(StrictMode.java:1911)
01-01 22:30:41.136   964  1340 D Error   : 	at android.os.Parcel.readExceptionCode(Parcel.java:1601)
01-01 22:30:41.136   964  1340 D Error   : 	at android.os.Parcel.readException(Parcel.java:1570)
01-01 22:30:41.136   964  1340 D Error   : 	at joh.c(SourceFile:111)
01-01 22:30:41.136   964  1340 D Error   : 	at ihg.equals(SourceFile:78)
01-01 22:30:41.136   964  1340 D Error   : 	at izd.b(SourceFile:245)
01-01 22:30:41.136   964  1340 D Error   : 	at izd.a(SourceFile:152)
01-01 22:30:41.136   964  1340 D Error   : 	at izd.b(SourceFile:137)
01-01 22:30:41.136   964  1340 D Error   : 	at izd.b(SourceFile:99)
01-01 22:30:41.136   964  1340 D Error   : 	at aefd.c(SourceFile:571)
01-01 22:30:41.136   964  1340 D Error   : 	at aefd.a(SourceFile:181)
01-01 22:30:41.136   964  1340 D Error   : 	at aefe.b(SourceFile:93)
01-01 22:30:41.136   964  1340 D Error   : 	at qmd.a(SourceFile:74)
01-01 22:30:41.136   964  1340 D Error   : 	at qjf.a(SourceFile:1278)
01-01 22:30:41.136   964  1340 D Error   : 	at rah.b(SourceFile:104)
01-01 22:30:41.136   964  1340 D Error   : 	at rah.a(SourceFile:72)
01-01 22:30:41.136   964  1340 D Error   : 	at rai.a(SourceFile:2052)
01-01 22:30:41.136   964  1340 D Error   : 	at rap.c(SourceFile:205)
01-01 22:30:41.136   964  1340 D Error   : 	at qzo.onTransact(SourceFile:150)
01-01 22:30:41.136   964  1340 D Error   : 	at android.os.Binder.execTransact(Binder.java:453)
01-01 22:30:41.136   964  1340 D Error   : # via Binder call with stack:
01-01 22:30:41.136   964  1340 D Error   : android.os.StrictMode$LogStackTrace
01-01 22:30:41.136   964  1340 D Error   : 	at android.os.StrictMode.readAndHandleBinderCallViolations(StrictMode.java:1911)
01-01 22:30:41.136   964  1340 D Error   : 	at android.os.Parcel.readExceptionCode(Parcel.java:1601)
01-01 22:30:41.136   964  1340 D Error   : 	at android.os.Parcel.readException(Parcel.java:1570)
01-01 22:30:41.136   964  1340 D Error   : 	at joh.c(SourceFile:111)
01-01 22:30:41.136   964  1340 D Error   : 	at ihg.equals(SourceFile:78)
01-01 22:30:41.136   964  1340 D Error   : 	at izd.b(SourceFile:245)
01-01 22:30:41.136   964  1340 D Error   : 	at izd.a(SourceFile:152)
01-01 22:30:41.136   964  1340 D Error   : 	at izd.b(SourceFile:137)
01-01 22:30:41.136   964  1340 D Error   : 	at izd.b(SourceFile:99)
01-01 22:30:41.136   964  1340 D Error   : 	at aefd.c(SourceFile:571)
01-01 22:30:41.136   964  1340 D Error   : 	at aefd.a(SourceFile:181)
01-01 22:30:41.136   964  1340 D Error   : 	at aefe.b(SourceFile:93)
01-01 22:30:41.136   964  1340 D Error   : 	at qmd.a(SourceFile:74)
01-01 22:30:41.136   964  1340 D Error   : 	at qjf.a(SourceFile:1278)
01-01 22:30:41.136   964  1340 D Error   : 	at rah.b(SourceFile:104)
01-01 22:30:41.136   964  1340 D Error   : 	at rah.a(SourceFile:72)
01-01 22:30:41.136   964  1340 D Error   : 	at rai.a(SourceFile:2052)
01-01 22:30:41.136   964  1340 D Error   : 	at rap.c(SourceFile:205)
01-01 22:30:41.136   964  1340 D Error   : 	at qzo.onTransact(SourceFile:150)
01-01 22:30:41.136   964  1340 D Error   : 	at android.os.Binder.execTransact(Binder.java:453)
01-01 22:30:41.136   964  1340 D Error   : # via Binder c
01-01 22:30:41.136   964  1340 D Error   : ERR: TOTAL BYTES WRITTEN: 121672
01-01 22:30:42.221   568   602 V AlarmManager: triggered: act=com.android.providers.calendar.intent.CalendarProvider2 cmp=com.android.providers.calendar/.CalendarProviderBroadcastReceiver Pkg: com.android.providers.calendar
01-01 22:30:43.015  1294  1294 W ContextImpl: Calling a method in the system process without a qualified user: android.app.ContextImpl.startService:1221 android.content.ContextWrapper.startService:581 android.content.ContextWrapper.startService:581 com.android.settings.bluetooth.DockEventReceiver.beginStartingService:134 com.android.settings.bluetooth.DockEventReceiver.onReceive:115 
01-01 22:30:46.523   568   602 V AlarmManager: triggered: act=com.google.android.intent.action.GCM_RECONNECT Pkg: com.google.android.gms
01-01 22:30:46.795  1468  1468 E ActivityThread: Service com.google.android.gms.chimera.GmsIntentOperationService has leaked IntentReceiver fvn@e10d90e that was originally registered here. Are you missing a call to unregisterReceiver()?
01-01 22:30:46.795  1468  1468 E ActivityThread: android.app.IntentReceiverLeaked: Service com.google.android.gms.chimera.GmsIntentOperationService has leaked IntentReceiver fvn@e10d90e that was originally registered here. Are you missing a call to unregisterReceiver()?
01-01 22:30:46.795  1468  1468 E ActivityThread: 	at android.app.LoadedApk$ReceiverDispatcher.<init>(LoadedApk.java:918)
01-01 22:30:46.795  1468  1468 E ActivityThread: 	at android.app.LoadedApk.getReceiverDispatcher(LoadedApk.java:719)
01-01 22:30:46.795  1468  1468 E ActivityThread: 	at android.app.ContextImpl.registerReceiverInternal(ContextImpl.java:1172)
01-01 22:30:46.795  1468  1468 E ActivityThread: 	at android.app.ContextImpl.registerReceiver(ContextImpl.java:1152)
01-01 22:30:46.795  1468  1468 E ActivityThread: 	at android.app.ContextImpl.registerReceiver(ContextImpl.java:1146)
01-01 22:30:46.795  1468  1468 E ActivityThread: 	at android.content.ContextWrapper.registerReceiver(ContextWrapper.java:554)
01-01 22:30:46.795  1468  1468 E ActivityThread: 	at android.content.ContextWrapper.registerReceiver(ContextWrapper.java:554)
01-01 22:30:46.795  1468  1468 E ActivityThread: 	at android.content.ContextWrapper.registerReceiver(ContextWrapper.java:554)
01-01 22:30:46.795  1468  1468 E ActivityThread: 	at com.google.android.gms.auth.setup.devicesignals.LockScreenChimeraReceiver.a(SourceFile:52)
01-01 22:30:46.795  1468  1468 E ActivityThread: 	at fvo.b(SourceFile:2036)
01-01 22:30:46.795  1468  1468 E ActivityThread: 	at com.google.android.gms.auth.account.AuthInitIntentOperation.a(SourceFile:62)
01-01 22:30:46.795  1468  1468 E ActivityThread: 	at hwg.onHandleIntent(SourceFile:60)
01-01 22:30:46.795  1468  1468 E ActivityThread: 	at com.google.android.chimera.IntentOperation.onHandleIntent(SourceFile:82)
01-01 22:30:46.795  1468  1468 E ActivityThread: 	at bfm.run(SourceFile:1885)
01-01 22:30:46.795  1468  1468 E ActivityThread: 	at java.util.concurrent.ThreadPoolExecutor.runWorker(ThreadPoolExecutor.java:1113)
01-01 22:30:46.795  1468  1468 E ActivityThread: 	at java.util.concurrent.ThreadPoolExecutor$Worker.run(ThreadPoolExecutor.java:588)
01-01 22:30:46.795  1468  1468 E ActivityThread: 	at java.lang.Thread.run(Thread.java:818)
01-01 22:30:49.005   568   623 D ConnectivityService: registerNetworkAgent NetworkAgentInfo{ ni{[type: WIFI[], state: CONNECTING/CONNECTING, reason: (unspecified), extra: "Flinders Devices", roaming: false, failover: false, isAvailable: true]}  network{100}  lp{{LinkAddresses: []  Routes: [] DnsAddresses: [] Domains: null MTU: 0 TcpBufferSizes: 524288,1048576,2097152,262144,524288,1048576}}  nc{[ Transports: WIFI Capabilities: INTERNET&NOT_RESTRICTED&TRUSTED&NOT_VPN LinkUpBandwidth>=1048576Kbps LinkDnBandwidth>=1048576Kbps]}  Score{20}  everValidated{false}  lastValidated{false}  created{false} lingering{false} explicitlySelected{false} acceptUnvalidated{false} everCaptivePortalDetected{false} lastCaptivePortalDetected{false} }
01-01 22:30:49.005   568   625 D ConnectivityService: NetworkAgentInfo [WIFI () - 100] EVENT_NETWORK_INFO_CHANGED, going from null to CONNECTING
01-01 22:30:49.065   568   625 D ConnectivityService: notifyType CAP_CHANGED for NetworkAgentInfo [WIFI () - 100]
01-01 22:30:49.067   568   625 D ConnectivityService: updateNetworkScore for NetworkAgentInfo [WIFI () - 100] to 60
01-01 22:30:49.148   568   568 W BackupManagerService: Proposed transport ComponentInfo{com.google.android.gms/com.google.android.gms.backup.BackupTransportService} not whitelisted; ignoring
01-01 22:30:49.227   568   625 D ConnectivityService: NetworkAgentInfo [WIFI () - 100] EVENT_NETWORK_INFO_CHANGED, going from CONNECTING to CONNECTED
01-01 22:30:49.228   568   625 D ConnectivityService: Adding iface wlan0 to network 100
01-01 22:30:49.285   568   625 E ConnectivityService: Unexpected mtu value: 0, wlan0
01-01 22:30:49.285   568   625 D ConnectivityService: Adding Route [fe80::/64 -> :: wlan0] to network 100
01-01 22:30:49.286   568   625 D ConnectivityService: Adding Route [10.128.4.0/23 -> 0.0.0.0 wlan0] to network 100
01-01 22:30:49.287   568   625 D ConnectivityService: Adding Route [0.0.0.0/0 -> 10.128.4.1 wlan0] to network 100
01-01 22:30:49.287   568   625 D ConnectivityService: Setting Dns servers for network 100 to [/10.48.0.31, /10.48.1.42]
01-01 22:30:49.293   568   625 D ConnectivityService: notifyType IP_CHANGED for NetworkAgentInfo [WIFI () - 100]
01-01 22:30:49.295   568   625 D ConnectivityService: scheduleUnvalidatedPrompt 100
01-01 22:30:49.296   568   625 D ConnectivityService: updateSignalStrengthThresholds: CONNECT, sending [] to NetworkAgentInfo [WIFI () - 100]
01-01 22:30:49.296   568   625 D ConnectivityService: rematch for NetworkAgentInfo [WIFI () - 100]
01-01 22:30:49.296   568   625 D ConnectivityService:    accepting network in place of null
01-01 22:30:49.299   568   625 D ConnectivityService: Switching to new default network: NetworkAgentInfo{ ni{[type: WIFI[], state: CONNECTED/CONNECTED, reason: (unspecified), extra: "Flinders Devices", roaming: false, failover: false, isAvailable: true]}  network{100}  lp{{InterfaceName: wlan0 LinkAddresses: [fe80::ce4b:73ff:fe82:3050/64,10.128.4.144/23,]  Routes: [fe80::/64 -> :: wlan0,10.128.4.0/23 -> 0.0.0.0 wlan0,0.0.0.0/0 -> 10.128.4.1 wlan0,] DnsAddresses: [10.48.0.31,10.48.1.42,] Domains: isd.ad.flinders.edu.au MTU: 0 TcpBufferSizes: 524288,1048576,2097152,262144,524288,1048576}}  nc{[ Transports: WIFI Capabilities: INTERNET&NOT_RESTRICTED&TRUSTED&NOT_VPN LinkUpBandwidth>=1048576Kbps LinkDnBandwidth>=1048576Kbps SignalStrength: -64]}  Score{20}  everValidated{false}  lastValidated{false}  created{true} lingering{false} explicitlySelected{false} acceptUnvalidated{false} everCaptivePortalDetected{false} lastCaptivePortalDetected{false} }
01-01 22:30:49.335   568   625 D ConnectivityService: Setting tx/rx TCP buffers to 524288,1048576,2097152,262144,524288,1048576
01-01 22:30:49.338   568   625 D CSLegacyTypeTracker: Sending CONNECTED broadcast for type 1 NetworkAgentInfo [WIFI () - 100] isDefaultNetwork=true
01-01 22:30:49.339   568   625 D ConnectivityService: sendStickyBroadcast: action=android.net.conn.CONNECTIVITY_CHANGE
01-01 22:30:49.339   568   625 D ConnectivityService: notifyType PRECHECK for NetworkAgentInfo [WIFI () - 100]
01-01 22:30:49.342   568   625 D ConnectivityService: setProvNotificationVisibleIntent null visible=false networkType=MOBILE extraInfo=null highPriority=false
01-01 22:30:49.342   568   625 D ConnectivityService: NetworkAgentInfo [WIFI () - 100] validation  passed
01-01 22:30:49.342   568   625 D ConnectivityService: notifyType CAP_CHANGED for NetworkAgentInfo [WIFI () - 100]
01-01 22:30:49.345   568   625 D ConnectivityService: sendStickyBroadcast: action=android.net.conn.INET_CONDITION_ACTION
12-10 13:32:42.292   568   602 V AlarmManager: triggered: cmp=com.google.android.gms/.checkin.EventLogServiceReceiver Pkg: com.google.android.gms
12-10 13:32:42.292   568   602 V AlarmManager: triggered: act=ScheduleConditionProvider.EVALUATE flg=0x10000000 Pkg: android
12-10 13:32:42.293   568   602 V AlarmManager: triggered: act=com.roboteam.teamy.marketplace.autoupdate.ACTION_SILENT_UPDATE_ALL_SKILLS Pkg: com.roboteam.teamy.usa
12-10 13:32:42.293   568   602 V AlarmManager: triggered: act=EventConditionProvider.EVALUATE flg=0x10000000 Pkg: android
12-10 13:32:42.293   568   602 V AlarmManager: triggered: cmp=com.google.android.gms/.checkin.CheckinServiceReceiver Pkg: com.google.android.gms
12-10 13:32:42.296   568   583 I UsageStatsService: Time changed in UsageStats by 313686112 seconds
12-10 13:32:42.296   568   583 I UsageStatsService: User[0] Flushing usage stats to disk
12-10 13:32:42.400   568   583 I UsageStatsDatabase: Time changed by +3630d15h1m52s860ms. files deleted: 0 files moved: 4
12-10 13:32:42.405   568   583 I UsageStatsService: User[0] Rollover scheduled @ 2020-12-11 10:30:00(1607644800000)
12-10 13:32:42.590   568   624 D WifiService: New client listening to asynchronous messages
12-10 13:32:42.590  1468  2124 E ActivityThread: Failed to find provider info for com.google.android.wearable.settings
12-10 13:32:42.701   568   739 I ActivityManager: Start proc 2134:com.google.android.gms.unstable/u0a6 for service com.google.android.gms/.droidguard.DroidGuardService
12-10 13:32:44.154  1468  2124 E ActivityThread: Failed to find provider info for com.google.android.wearable.settings
12-10 13:32:44.863   568   625 D ConnectivityService: notifyType CAP_CHANGED for NetworkAgentInfo [WIFI () - 100]
12-10 13:32:46.140   568   584 I ActivityManager: Waited long enough for: ServiceRecord{7e5bd50 u0 android.rockchip.update.service/.RKUpdateService}
12-10 13:32:47.227   568   602 V AlarmManager: triggered: act=com.android.providers.calendar.intent.CalendarProvider2 cmp=com.android.providers.calendar/.CalendarProviderBroadcastReceiver Pkg: com.android.providers.calendar
12-10 13:32:50.092   568   625 D ConnectivityService: handlePromptUnvalidated 100
12-10 13:32:52.443   568   568 W BackupManagerService: Proposed transport ComponentInfo{com.google.android.gms/com.google.android.gms.backup.BackupTransportService} not whitelisted; ignoring
12-10 13:32:58.555   568   579 V WindowManager: setAppVisibility(Token{731b0e5 ActivityRecord{bf1a7dc u0 com.roboteam.teamy.usa/com.roboteam.teamy.boot.BootActivity t180 f}}, visible=false): mNextAppTransition=TRANSIT_TASK_CLOSE hidden=false hiddenRequested=false Callers=com.android.server.am.ActivityStack.finishActivityLocked:2971 com.android.server.am.TaskRecord.performClearTaskAtIndexLocked:653 com.android.server.am.TaskRecord.removeTaskActivitiesLocked:744 com.android.server.am.ActivityManagerService.removeTaskByIdLocked:9103 com.android.server.am.ActivityManagerService.finishActivity:4616 android.app.ActivityManagerNative.onTransact:350 
12-10 13:32:59.081   568   584 W ActivityManager: Activity pause timeout for ActivityRecord{bf1a7dc u0 com.roboteam.teamy.usa/com.roboteam.teamy.boot.BootActivity t180 f}
12-10 13:32:59.081   568   584 V WindowManager: Clear freezing of Token{731b0e5 ActivityRecord{bf1a7dc u0 com.roboteam.teamy.usa/com.roboteam.teamy.boot.BootActivity t180 f}}: hidden=false freezing=false
12-10 13:32:59.082   568   584 V WindowManager: Eval win Window{5691674 u0 com.roboteam.teamy.usa/com.roboteam.teamy.home.HomeActivity}: isDrawn=false, isAnimating=false
12-10 13:32:59.082   568   584 V WindowManager: Not displayed: s=null pv=true mDrawState=NO_SURFACE ah=false th=true a=false
12-10 13:32:59.084   568   584 V WindowManager: setAppVisibility(Token{694bbd7 ActivityRecord{df31f56 u0 com.roboteam.teamy.usa/com.roboteam.teamy.home.HomeActivity t179}}, visible=true): mNextAppTransition=TRANSIT_TASK_CLOSE hidden=true hiddenRequested=true Callers=com.android.server.am.ActivityStack.resumeTopActivityInnerLocked:1934 com.android.server.am.ActivityStack.resumeTopActivityLocked:1587 com.android.server.am.ActivityStack.resumeTopActivityLocked:1570 com.android.server.am.ActivityStackSupervisor.resumeTopActivitiesLocked:2747 com.android.server.am.ActivityStack.completePauseLocked:1080 com.android.server.am.ActivityStack.activityPausedLocked:943 
12-10 13:32:59.084   568   584 V WindowManager: Done at AppWindowToken{dd9acc4 token=Token{694bbd7 ActivityRecord{df31f56 u0 com.roboteam.teamy.usa/com.roboteam.teamy.home.HomeActivity t179}}} -- full screen, return 0
12-10 13:32:59.085   568   584 V WindowManager: Eval win Window{5691674 u0 com.roboteam.teamy.usa/com.roboteam.teamy.home.HomeActivity}: isDrawn=false, isAnimating=true
12-10 13:32:59.085   568   584 V WindowManager: Not displayed: s=null pv=true mDrawState=NO_SURFACE ah=false th=false a=false
--------- beginning of main
12-10 13:32:59.479   994  1697 D RKUpdateService: WorkHandler::handleMessage() : To perform 'COMMAND_CHECK_LOCAL_UPDATING'.
12-10 13:32:59.479   994  1697 D RKUpdateService: getValidFirmwareImageFile() : Target image file path : /data/media/0/update.zip
12-10 13:32:59.479   994  1697 D RKUpdateService: getValidFirmwareImageFile() : Target image file path : /storage/emulated/0/update.zip
12-10 13:32:59.479   994  1697 D RKUpdateService: getValidFirmwareImageFile() : Target image file path : /mnt/media_rw/update.zip
12-10 13:32:59.479   994  1697 D RKUpdateService: getValidFirmwareImageFile() : Target image file path : /mnt/media_rw/update.zip
12-10 13:32:59.480   994  1697 D RKUpdateService: request remote server error...
12-10 13:32:59.494   568   589 I chatty  : uid=1000(system) android.display expire 52 lines
12-10 13:32:59.669   700   700 W ContextImpl: Calling a method in the system process without a qualified user: android.app.ContextImpl.sendBroadcast:763 android.content.ContextWrapper.sendBroadcast:396 com.roboteam.teamy.shared.analytics.activeuser.ActiveUserAlarm$2.accept:41 com.roboteam.teamy.shared.analytics.activeuser.ActiveUserAlarm$2.accept:18 io.reactivex.internal.subscribers.LambdaSubscriber.onNext:65 
12-10 13:32:59.715   700   700 W ContextImpl: Calling a method in the system process without a qualified user: android.app.ContextImpl.sendBroadcast:778 android.content.ContextWrapper.sendBroadcast:401 com.roboteam.teamy.internalactivities.settings.assistant.AssistantBroadcaster$observingAssistantInfo$1.accept:47 com.roboteam.teamy.internalactivities.settings.assistant.AssistantBroadcaster$observingAssistantInfo$1.accept:12 io.reactivex.internal.subscribers.LambdaSubscriber.onNext:65 
12-10 13:32:59.739  2333  2333 D AndroidRuntime: >>>>>> START com.android.internal.os.RuntimeInit uid 0 <<<<<<
12-10 13:32:59.743  2333  2333 D AndroidRuntime: CheckJNI is OFF
12-10 13:32:59.765   700   700 I chatty  : uid=1000(system) com.roboteam.teamy.usa expire 19 lines
12-10 13:32:59.788  2333  2333 D ICU     : No timezone override file found: /data/misc/zoneinfo/current/icu/icu_tzdata.dat
