12-04 16:03:31.668   191  2367 D gralloc : Isfb=0, [98,1920,112,448], fmt=1, byte_stride=448
12-04 16:03:31.669   570   591 I WindowManager:   SURFACE SHOW (performShowLocked): Window{a667f5c u0 com.robotemi.sdk.sample/com.robotemi.sdk.sample.MainActivity}
12-04 16:03:31.670   570   582 V WindowStateAnimator: finishDrawingLocked: mDrawState=COMMIT_DRAW_PENDING WindowStateAnimator{bdd891d } in Surface(name=)
12-04 16:03:31.670   570   591 I ActivityManager: Displayed com.robotemi.sdk.sample/.MainActivity: +762ms
12-04 16:03:31.671   570   591 I WindowManager:   SURFACE SHOW (performShowLocked): Window{8c4cfe1 u0 com.roboteam.teamy.usa}
12-04 16:03:31.676   191  2367 D gralloc : Isfb=0, [30,1920,32,128], fmt=1, byte_stride=128
12-04 16:03:31.679   191   203 D gralloc : Isfb=0, [30,1920,32,128], fmt=1, byte_stride=128
12-04 16:03:31.681   570  1716 V WindowStateAnimator: finishDrawingLocked: mDrawState=COMMIT_DRAW_PENDING WindowStateAnimator{6886792 } in Surface(name=)
12-04 16:03:31.682   570   591 E WindowManager: Unknown window type: 2999
12-04 16:03:31.683   570   591 I WindowManager:   SURFACE SHOW (performShowLocked): Window{4b3c7 u0 com.roboteam.teamy.usa}
12-04 16:03:31.689   191  2367 D gralloc : Isfb=0, [1200,1920,1200,4800], fmt=1, byte_stride=4800
12-04 16:03:31.694   570  1375 V WindowManager: setAppVisibility(Token{bea77ad ActivityRecord{dd9acc4 u0 com.roboteam.teamy.usa/com.roboteam.teamy.home.HomeActivity t1566}}, visible=false): mNextAppTransition=TRANSIT_UNSET hidden=true hiddenRequested=true Callers=com.android.server.am.ActivityStack.stopActivityLocked:2764 com.android.server.am.ActivityStackSupervisor.activityIdleInternalLocked:2602 com.android.server.am.ActivityManagerService.activityIdle:6579 android.app.ActivityManagerNative.onTransact:522 com.android.server.am.ActivityManagerService.onTransact:2687 android.os.Binder.execTransact:453 
12-04 16:03:31.697   700   700 W PathParser: Points are too far apart 4.003111663332675
12-04 16:03:31.697   700   700 W PathParser: Points are too far apart 4.003111663332675
12-04 16:03:31.697   700   700 W PathParser: Points are too far apart 4.000000321174563
12-04 16:03:31.697   700   700 W PathParser: Points are too far apart 4.002842791461067
12-04 16:03:31.697   700   700 W PathParser: Points are too far apart 4.002973474951264
12-04 16:03:31.698   700   700 W PathParser: Points are too far apart 4.000001541292032
12-04 16:03:31.698   700   700 W PathParser: Points are too far apart 4.000001541292032
12-04 16:03:31.698   700   700 W PathParser: Points are too far apart 4.000001541292032
12-04 16:03:31.698   700   700 W PathParser: Points are too far apart 4.000000192661488
12-04 16:03:31.698   700   700 W PathParser: Points are too far apart 4.000000192661488
12-04 16:03:31.698   700   700 W PathParser: Points are too far apart 4.000000192661488
12-04 16:03:31.698   570   591 E WindowManager: Unknown window type: 2999
12-04 16:03:31.716   191   201 D gralloc : Isfb=0, [98,1920,112,448], fmt=1, byte_stride=448
12-04 16:03:31.717   570   591 E WindowManager: Unknown window type: 2999
12-04 16:03:31.734   570   591 E WindowManager: Unknown window type: 2999
12-04 16:03:31.752   570   591 E WindowManager: Unknown window type: 2999
12-04 16:03:31.769   570   591 E WindowManager: Unknown window type: 2999
12-04 16:03:31.787   570   591 E WindowManager: Unknown window type: 2999
12-04 16:03:31.805   570   591 E WindowManager: Unknown window type: 2999
12-04 16:03:31.822   570   591 E WindowManager: Unknown window type: 2999
12-04 16:03:31.840   570   591 E WindowManager: Unknown window type: 2999
12-04 16:03:31.858   570   591 E WindowManager: Unknown window type: 2999
12-04 16:03:31.876   570   591 E WindowManager: Unknown window type: 2999
12-04 16:03:31.882   570   591 W AppOps  : Finishing op nesting under-run: uid 1000 pkg com.roboteam.teamy.usa code 24 time=0 duration=0 nesting=0
12-04 16:03:31.893   570   591 E WindowManager: Unknown window type: 2999
12-04 16:03:32.190  2383  2383 D AndroidRuntime: >>>>>> START com.android.internal.os.RuntimeInit uid 0 <<<<<<
12-04 16:03:32.194  2383  2383 D AndroidRuntime: CheckJNI is OFF
12-04 16:03:32.229  2383  2383 D ICU     : No timezone override file found: /data/misc/zoneinfo/current/icu/icu_tzdata.dat
12-04 16:03:32.265  2383  2383 E memtrack: Couldn't load memtrack module (No such file or directory)
12-04 16:03:32.265  2383  2383 E android.os.Debug: failed to load memtrack module: -2
12-04 16:03:32.268  2383  2383 I Radio-JNI: register_android_hardware_Radio DONE
12-04 16:03:32.293  2383  2383 D AndroidRuntime: Calling main entry com.android.commands.pm.Pm
12-04 16:03:32.303  2383  2383 I art     : System.exit called, status: 1
12-04 16:03:32.303  2383  2383 I AndroidRuntime: VM exiting with result code 1.
12-04 16:03:33.003  2406  2406 D AndroidRuntime: >>>>>> START com.android.internal.os.RuntimeInit uid 0 <<<<<<
12-04 16:03:33.007  2406  2406 D AndroidRuntime: CheckJNI is OFF
12-04 16:03:33.042  2406  2406 D ICU     : No timezone override file found: /data/misc/zoneinfo/current/icu/icu_tzdata.dat
12-04 16:03:33.074  2406  2406 E memtrack: Couldn't load memtrack module (No such file or directory)
12-04 16:03:33.075  2406  2406 E android.os.Debug: failed to load memtrack module: -2
12-04 16:03:33.077  2406  2406 I Radio-JNI: register_android_hardware_Radio DONE
12-04 16:03:33.104  2406  2406 D AndroidRuntime: Calling main entry com.android.commands.pm.Pm
12-04 16:03:33.114  2406  2406 I art     : System.exit called, status: 1
12-04 16:03:33.114  2406  2406 I AndroidRuntime: VM exiting with result code 1.
12-04 16:03:33.764  2416  2416 D AndroidRuntime: >>>>>> START com.android.internal.os.RuntimeInit uid 0 <<<<<<
12-04 16:03:33.769  2416  2416 D AndroidRuntime: CheckJNI is OFF
12-04 16:03:33.803  2416  2416 D ICU     : No timezone override file found: /data/misc/zoneinfo/current/icu/icu_tzdata.dat
12-04 16:03:33.835  2416  2416 E memtrack: Couldn't load memtrack module (No such file or directory)
12-04 16:03:33.835  2416  2416 E android.os.Debug: failed to load memtrack module: -2
12-04 16:03:33.838  2416  2416 I Radio-JNI: register_android_hardware_Radio DONE
12-04 16:03:33.863  2416  2416 D AndroidRuntime: Calling main entry com.android.commands.pm.Pm
12-04 16:03:33.872  2416  2416 I art     : System.exit called, status: 1
12-04 16:03:33.873  2416  2416 I AndroidRuntime: VM exiting with result code 1.
12-04 16:03:38.060   227   264 D AudioHardwareTiny: start_output_stream
12-04 16:03:38.061   227   264 D alsa_route: route_info->sound_card 0, route_info->devices 0  
12-04 16:03:38.061   227   264 D alsa_route: route_set_controls() set route 0
12-04 16:03:38.199   700   700 W ContextImpl: Calling a method in the system process without a qualified user: android.app.ContextImpl.startActivity:658 android.content.ContextWrapper.startActivity:331 com.roboteam.teamy.shared.activitylauncher.ActivityLauncher.startActivity:16 com.roboteam.teamy.internalactivities.list.mvp.activities.activitylauncher.TabContainerActivityLauncher.lambda$launch$1$TabContainerActivityLauncher:56 com.roboteam.teamy.internalactivities.list.mvp.activities.activitylauncher.-$$Lambda$TabContainerActivityLauncher$NiLrPNVaNkwRnPc_PXgJGBGGpYY.accept:-1 
12-04 16:03:38.199   700   700 W ContextImpl: Calling a method in the system process without a qualified user: android.app.ContextImpl.startActivity:670 android.app.ContextImpl.startActivity:659 android.content.ContextWrapper.startActivity:331 com.roboteam.teamy.shared.activitylauncher.ActivityLauncher.startActivity:16 com.roboteam.teamy.internalactivities.list.mvp.activities.activitylauncher.TabContainerActivityLauncher.lambda$launch$1$TabContainerActivityLauncher:56 
12-04 16:03:38.199   570   726 I ActivityManager: START u0 {flg=0x10000000 cmp=com.roboteam.teamy.usa/com.roboteam.teamy.internalactivities.list.mvp.activities.TabContainerActivity} from uid 1000 on display 0
12-04 16:03:38.202   191   191 D Surface : Surface::final mReqUsage=333
12-04 16:03:38.205   191   203 D gralloc : Isfb=0, [630,630,640,2560], fmt=1, byte_stride=2560
12-04 16:03:38.218   570   591 E WindowManager: Unknown window type: 2999
12-04 16:03:38.219   570   591 I WindowStateAnimator: createSurface WindowStateAnimator{e75d942 Starting com.roboteam.teamy.usa}: mDrawState=DRAW_PENDING
12-04 16:03:38.219   570   591 D WindowStateAnimator: rk_debug2 Starting com.roboteam.teamy.usa_Force_To_Dual
12-04 16:03:38.231   570   591 V WindowManager: Skipping AppWindowToken{b6bcd53 token=Token{df556ea ActivityRecord{25bed5 u0 com.roboteam.teamy.usa/com.roboteam.teamy.internalactivities.list.mvp.activities.TabContainerActivity t1570}}} -- hidden on top
12-04 16:03:38.231   570   591 V WindowManager: Done at AppWindowToken{847640b token=Token{f6b37da ActivityRecord{693cd85 u0 com.robotemi.sdk.sample/.MainActivity t1569}}} -- full screen, return 0
12-04 16:03:38.233   570   591 V WindowManager: Resize reasons for w=Window{c17f38d u0 Starting com.roboteam.teamy.usa}:  contentInsetsChanged=false [0,0][0,0] visibleInsetsChanged=false [0,0][0,0] stableInsetsChanged=false [0,0][0,0] outsetsChanged=false [0,0][0,0] surfaceResized=true configChanged=true
12-04 16:03:38.233   570   591 V WindowManager: Resizing window Window{c17f38d u0 Starting com.roboteam.teamy.usa} to 1920.0x1200.0
12-04 16:03:38.235   570   591 V WindowState: Reporting new frame to Window{c17f38d u0 Starting com.roboteam.teamy.usa}: Rect(0, 0 - 1920, 1200)
12-04 16:03:38.235   570   591 I WindowState: Sending new config to window Window{c17f38d u0 Starting com.roboteam.teamy.usa}: 1920.0x1200.0 / config={1.0 ?mcc?mnc en_US ldltr sw800dp w1280dp h800dp 240dpi xlrg land finger -keyb/v/h -nav/h s.4} overrideConfig={1.0 ?mcc?mnc ?locale ?layoutDir ?swdp ?wdp ?hdp ?density ?lsize ?long ?orien ?uimode ?night ?touch ?keyb/?/? ?nav/?}
12-04 16:03:38.235   570   591 I WindowState: Resizing Window{c17f38d u0 Starting com.roboteam.teamy.usa} WITH DRAW PENDING
12-04 16:03:38.240   570   584 V WindowManager: Clear freezing of Token{f6b37da ActivityRecord{693cd85 u0 com.robotemi.sdk.sample/.MainActivity t1569}}: hidden=false freezing=false
12-04 16:03:38.241   570   584 V WindowManager: Skipping set freeze of Token{df556ea ActivityRecord{25bed5 u0 com.roboteam.teamy.usa/com.roboteam.teamy.internalactivities.list.mvp.activities.TabContainerActivity t1570}}
12-04 16:03:38.241   570   584 V WindowManager: setAppVisibility(Token{df556ea ActivityRecord{25bed5 u0 com.roboteam.teamy.usa/com.roboteam.teamy.internalactivities.list.mvp.activities.TabContainerActivity t1570}}, visible=true): mNextAppTransition=TRANSIT_TASK_OPEN hidden=true hiddenRequested=true Callers=com.android.server.am.ActivityStackSupervisor.realStartActivityLocked:1185 com.android.server.am.ActivityStackSupervisor.startSpecificActivityLocked:1384 com.android.server.am.ActivityStack.resumeTopActivityInnerLocked:2077 com.android.server.am.ActivityStack.resumeTopActivityLocked:1587 com.android.server.am.ActivityStackSupervisor.resumeTopActivitiesLocked:2735 com.android.server.am.ActivityStack.completePauseLocked:1080 
12-04 16:03:38.241   570   584 V WindowManager: Done at AppWindowToken{b6bcd53 token=Token{df556ea ActivityRecord{25bed5 u0 com.roboteam.teamy.usa/com.roboteam.teamy.internalactivities.list.mvp.activities.TabContainerActivity t1570}}} -- full screen, return 0
12-04 16:03:38.242   570   584 V WindowManager: setAppVisibility(Token{f6b37da ActivityRecord{693cd85 u0 com.robotemi.sdk.sample/.MainActivity t1569}}, visible=false): mNextAppTransition=TRANSIT_TASK_OPEN hidden=false hiddenRequested=false Callers=com.android.server.am.ActivityStack.setVisible:1170 com.android.server.am.ActivityStack.ensureActivitiesVisibleLocked:1431 com.android.server.am.ActivityStackSupervisor.ensureActivitiesVisibleLocked:3305 com.android.server.am.ActivityManagerService.updateConfigurationLocked:17838 com.android.server.am.ActivityStackSupervisor.realStartActivityLocked:1201 com.android.server.am.ActivityStackSupervisor.startSpecificActivityLocked:1384 
12-04 16:03:38.244   570   584 V WindowManager: Eval win Window{c17f38d u0 Starting com.roboteam.teamy.usa}: isDrawn=false, isAnimating=true
12-04 16:03:38.244   570   584 V WindowManager: Not displayed: s=Surface(name=Starting com.roboteam.teamy.usa_Force_To_Dual) pv=true mDrawState=DRAW_PENDING ah=false th=false a=false
12-04 16:03:38.245   570   591 E WindowManager: Unknown window type: 2999
12-04 16:03:38.247   570   591 D Surface : Surface::final mReqUsage=33
12-04 16:03:38.259   191   201 D gralloc : Isfb=0, [1920,1200,1920,7680], fmt=1, byte_stride=7680
12-04 16:03:38.284   570   591 V WindowStateAnimator: finishDrawingLocked: mDrawState=COMMIT_DRAW_PENDING WindowStateAnimator{e75d942 Starting com.roboteam.teamy.usa} in Surface(name=Starting com.roboteam.teamy.usa_Force_To_Dual)
12-04 16:03:38.285   570   591 E WindowManager: Unknown window type: 2999
12-04 16:03:38.286   570   591 V WindowManager: Eval win Window{c17f38d u0 Starting com.roboteam.teamy.usa}: isDrawn=true, isAnimating=true
12-04 16:03:38.287   570   591 I WindowManager:   SURFACE SHOW (performShowLocked): Window{c17f38d u0 Starting com.roboteam.teamy.usa}
12-04 16:03:38.289   570   591 V WindowManager: Done at AppWindowToken{b6bcd53 token=Token{df556ea ActivityRecord{25bed5 u0 com.roboteam.teamy.usa/com.roboteam.teamy.internalactivities.list.mvp.activities.TabContainerActivity t1570}}} -- full screen, return 0
12-04 16:03:38.290   570   591 V WindowManager: Eval win Window{c17f38d u0 Starting com.roboteam.teamy.usa}: isDrawn=true, isAnimating=true
12-04 16:03:38.294   570  1142 I WindowStateAnimator: createSurface WindowStateAnimator{503d2c1 com.roboteam.teamy.usa/com.roboteam.teamy.internalactivities.list.mvp.activities.TabContainerActivity}: mDrawState=DRAW_PENDING
12-04 16:03:38.302   570  1142 V WindowManager: Done at AppWindowToken{b6bcd53 token=Token{df556ea ActivityRecord{25bed5 u0 com.roboteam.teamy.usa/com.roboteam.teamy.internalactivities.list.mvp.activities.TabContainerActivity t1570}}} -- full screen, return 0
12-04 16:03:38.303   570  1142 V WindowManager: Eval win Window{c17f38d u0 Starting com.roboteam.teamy.usa}: isDrawn=true, isAnimating=true
12-04 16:03:38.303   570  1142 V WindowManager: Eval win Window{4e9f7a8 u0 com.roboteam.teamy.usa/com.roboteam.teamy.internalactivities.list.mvp.activities.TabContainerActivity}: isDrawn=false, isAnimating=true
12-04 16:03:38.303   570  1142 V WindowManager: Not displayed: s=Surface(name=com.roboteam.teamy.usa/com.roboteam.teamy.internalactivities.list.mvp.activities.TabContainerActivity) pv=true mDrawState=DRAW_PENDING ah=false th=false a=false
12-04 16:03:38.303   570  1142 V WindowManager: Resize reasons for w=Window{4e9f7a8 u0 com.roboteam.teamy.usa/com.roboteam.teamy.internalactivities.list.mvp.activities.TabContainerActivity}:  contentInsetsChanged=false [0,0][0,0] visibleInsetsChanged=false [0,0][0,0] stableInsetsChanged=false [0,0][0,0] outsetsChanged=false [0,0][0,0] surfaceResized=true configChanged=true
12-04 16:03:38.304   570  1142 V WindowManager: Resizing window Window{4e9f7a8 u0 com.roboteam.teamy.usa/com.roboteam.teamy.internalactivities.list.mvp.activities.TabContainerActivity} to 1920.0x1200.0
12-04 16:03:38.317   570  1142 V WindowState: Reporting new frame to Window{4e9f7a8 u0 com.roboteam.teamy.usa/com.roboteam.teamy.internalactivities.list.mvp.activities.TabContainerActivity}: Rect(0, 0 - 1920, 1200)
12-04 16:03:38.318   570  1142 I WindowState: Sending new config to window Window{4e9f7a8 u0 com.roboteam.teamy.usa/com.roboteam.teamy.internalactivities.list.mvp.activities.TabContainerActivity}: 1920.0x1200.0 / config={1.0 ?mcc?mnc en_US ldltr sw800dp w1280dp h800dp 240dpi xlrg land finger -keyb/v/h -nav/h s.4} overrideConfig={1.0 ?mcc?mnc ?locale ?layoutDir ?swdp ?wdp ?hdp ?density ?lsize ?long ?orien ?uimode ?night ?touch ?keyb/?/? ?nav/?}
12-04 16:03:38.318   570  1142 I WindowState: Resizing Window{4e9f7a8 u0 com.roboteam.teamy.usa/com.roboteam.teamy.internalactivities.list.mvp.activities.TabContainerActivity} WITH DRAW PENDING
12-04 16:03:38.319   570  1142 V WindowManager: Eval win Window{c17f38d u0 Starting com.roboteam.teamy.usa}: isDrawn=true, isAnimating=true
12-04 16:03:38.319   570  1142 V WindowManager: Eval win Window{4e9f7a8 u0 com.roboteam.teamy.usa/com.roboteam.teamy.internalactivities.list.mvp.activities.TabContainerActivity}: isDrawn=false, isAnimating=true
12-04 16:03:38.319   570  1142 V WindowManager: Not displayed: s=Surface(name=com.roboteam.teamy.usa/com.roboteam.teamy.internalactivities.list.mvp.activities.TabContainerActivity) pv=true mDrawState=DRAW_PENDING ah=false th=false a=false
12-04 16:03:38.321   570   591 E WindowManager: Unknown window type: 2999
12-04 16:03:38.322   700  1381 D Surface : Surface::final mReqUsage=a00
12-04 16:03:38.322   700  1381 D mali_winsys: EGLint new_window_surface(egl_winsys_display*, void*, EGLSurface, EGLConfig, egl_winsys_surface**, egl_color_buffer_format*, EGLBoolean) returns 0x3000
12-04 16:03:38.322   570   582 V WindowManager: Done at AppWindowToken{b6bcd53 token=Token{df556ea ActivityRecord{25bed5 u0 com.roboteam.teamy.usa/com.roboteam.teamy.internalactivities.list.mvp.activities.TabContainerActivity t1570}}} -- full screen, return 0
12-04 16:03:38.323   570   582 V WindowManager: Eval win Window{c17f38d u0 Starting com.roboteam.teamy.usa}: isDrawn=true, isAnimating=true
12-04 16:03:38.323   570   582 V WindowManager: Eval win Window{4e9f7a8 u0 com.roboteam.teamy.usa/com.roboteam.teamy.internalactivities.list.mvp.activities.TabContainerActivity}: isDrawn=false, isAnimating=true
12-04 16:03:38.323   570   582 V WindowManager: Not displayed: s=Surface(name=com.roboteam.teamy.usa/com.roboteam.teamy.internalactivities.list.mvp.activities.TabContainerActivity) pv=true mDrawState=DRAW_PENDING ah=false th=false a=true
12-04 16:03:38.332   191  1479 D gralloc : Isfb=0, [1920,1200,1920,7680], fmt=1, byte_stride=7680
12-04 16:03:38.332   570   591 E WindowManager: Unknown window type: 2999
12-04 16:03:38.341   191  1479 D gralloc : Isfb=0, [1920,1200,1920,7680], fmt=1, byte_stride=7680
12-04 16:03:38.348   191  1479 D gralloc : Isfb=0, [1920,1200,1920,7680], fmt=1, byte_stride=7680
12-04 16:03:38.350   570   591 E WindowManager: Unknown window type: 2999
12-04 16:03:38.366   191   203 D gralloc : Isfb=0, [1200,1920,1200,4800], fmt=1, byte_stride=4800
12-04 16:03:38.368   570   591 E WindowManager: Unknown window type: 2999
12-04 16:03:38.379   191   203 D gralloc : Isfb=0, [1200,1920,1200,4800], fmt=1, byte_stride=4800
12-04 16:03:38.382   570   727 V WindowStateAnimator: finishDrawingLocked: mDrawState=COMMIT_DRAW_PENDING WindowStateAnimator{503d2c1 com.roboteam.teamy.usa/com.roboteam.teamy.internalactivities.list.mvp.activities.TabContainerActivity} in Surface(name=com.roboteam.teamy.usa/com.roboteam.teamy.internalactivities.list.mvp.activities.TabContainerActivity)
12-04 16:03:38.383   570   591 V WindowManager: Eval win Window{c17f38d u0 Starting com.roboteam.teamy.usa}: isDrawn=true, isAnimating=true
12-04 16:03:38.383   570   591 V WindowManager: Eval win Window{4e9f7a8 u0 com.roboteam.teamy.usa/com.roboteam.teamy.internalactivities.list.mvp.activities.TabContainerActivity}: isDrawn=true, isAnimating=true
12-04 16:03:38.384   570   591 V WindowManager: tokenMayBeDrawn: AppWindowToken{b6bcd53 token=Token{df556ea ActivityRecord{25bed5 u0 com.roboteam.teamy.usa/com.roboteam.teamy.internalactivities.list.mvp.activities.TabContainerActivity t1570}}} freezingScreen=false mAppFreezing=false
12-04 16:03:38.386   570   591 I WindowManager:   SURFACE SHOW (performShowLocked): Window{4e9f7a8 u0 com.roboteam.teamy.usa/com.roboteam.teamy.internalactivities.list.mvp.activities.TabContainerActivity}
12-04 16:03:38.388   570   591 E WindowManager: Unknown window type: 2999
12-04 16:03:38.399   570   591 I ActivityManager: Displayed com.roboteam.teamy.usa/com.roboteam.teamy.internalactivities.list.mvp.activities.TabContainerActivity: +158ms
12-04 16:03:38.403   570   591 E WindowManager: Unknown window type: 2999
12-04 16:03:38.421   570   591 E WindowManager: Unknown window type: 2999
12-04 16:03:38.438   570   591 E WindowManager: Unknown window type: 2999
12-04 16:03:38.457   570   591 E WindowManager: Unknown window type: 2999
12-04 16:03:38.465   191  1479 D gralloc : Isfb=0, [1200,1920,1200,4800], fmt=1, byte_stride=4800
12-04 16:03:38.475   570   591 E WindowManager: Unknown window type: 2999
12-04 16:03:38.483   700   700 D InfinitePagerAdapter: instantiateItem: real position: 400
12-04 16:03:38.483   700   700 D InfinitePagerAdapter: instantiateItem: virtual position: 0
12-04 16:03:38.492   570   591 E WindowManager: Unknown window type: 2999
12-04 16:03:38.497   570   604 V AlarmManager: triggered: act=com.google.android.gms.gcm.ACTION_CHECK_QUEUE Pkg: com.google.android.gms
12-04 16:03:38.510   570   591 E WindowManager: Unknown window type: 2999
12-04 16:03:38.527   570   591 E WindowManager: Unknown window type: 2999
12-04 16:03:38.543   700   710 I art     : Background sticky concurrent mark sweep GC freed 22572(2MB) AllocSpace objects, 4(68KB) LOS objects, 2% free, 75MB/77MB, paused 7.180ms total 50.926ms
12-04 16:03:38.545   570   591 E WindowManager: Unknown window type: 2999
12-04 16:03:38.564   570   591 E WindowManager: Unknown window type: 2999
12-04 16:03:38.580   570   591 E WindowManager: Unknown window type: 2999
12-04 16:03:38.581  1701  1701 W YT.MDX.zds: CastAppId for type 0 not found. Defaulting to mainCastAppId.
12-04 16:03:38.590  1701  1701 W GooglePlayServicesUtil: Google Play services out of date.  Requires 11910000 but found 9083436
12-04 16:03:38.591  1701  1701 E ccl_pmg : [vnull] Couldn't find the appropriate version of Google Play Services
12-04 16:03:38.598   570   591 E WindowManager: Unknown window type: 2999
12-04 16:03:38.607   570   591 V WindowManager: Eval win Window{4e9f7a8 u0 com.roboteam.teamy.usa/com.roboteam.teamy.internalactivities.list.mvp.activities.TabContainerActivity}: isDrawn=true, isAnimating=false
12-04 16:03:38.607   570   591 V WindowManager: tokenMayBeDrawn: AppWindowToken{b6bcd53 token=Token{df556ea ActivityRecord{25bed5 u0 com.roboteam.teamy.usa/com.roboteam.teamy.internalactivities.list.mvp.activities.TabContainerActivity t1570}}} freezingScreen=false mAppFreezing=false
12-04 16:03:38.616   570   591 E WindowManager: Unknown window type: 2999
12-04 16:03:38.616   700   700 D InfinitePagerAdapter: instantiateItem: real position: 399
12-04 16:03:38.616   700   700 D InfinitePagerAdapter: instantiateItem: virtual position: 3
12-04 16:03:38.627   700   700 D InfinitePagerAdapter: instantiateItem: real position: 401
12-04 16:03:38.627   700   700 D InfinitePagerAdapter: instantiateItem: virtual position: 1
12-04 16:03:38.631  1017  1715 D RKUpdateService: request remote server error...
12-04 16:03:38.633   570   591 E WindowManager: Unknown window type: 2999
12-04 16:03:38.651   570   591 E WindowManager: Unknown window type: 2999
12-04 16:03:38.668   570   591 E WindowManager: Unknown window type: 2999
12-04 16:03:38.686   570   591 E WindowManager: Unknown window type: 2999
12-04 16:03:38.805  1462  1462 I CastSocket: 23 >= 18. Adding new CastClientAuthKeyManager.
12-04 16:03:38.824  1462  1462 W CastMediaRouteProvider: Invalid control category: MDX_MEDIA_ROUTE_CONTROL_CATEGORY
12-04 16:03:38.824  1462  1462 W CastMediaRouteProvider: Invalid control category: android.media.intent.category.LIVE_AUDIO
12-04 16:03:39.204   570   726 V WindowManager: setAppVisibility(Token{f6b37da ActivityRecord{693cd85 u0 com.robotemi.sdk.sample/.MainActivity t1569}}, visible=false): mNextAppTransition=TRANSIT_UNSET hidden=true hiddenRequested=true Callers=com.android.server.am.ActivityStack.stopActivityLocked:2764 com.android.server.am.ActivityStackSupervisor.activityIdleInternalLocked:2602 com.android.server.am.ActivityManagerService.activityIdle:6579 android.app.ActivityManagerNative.onTransact:522 com.android.server.am.ActivityManagerService.onTransact:2687 android.os.Binder.execTransact:453 
12-04 16:03:39.416  1462  1783 D MdnsClient: #acquireLock. Multicast lock not held. Acquiring
12-04 16:03:40.277   700   700 D InfinitePagerAdapter: instantiateItem: real position: 398
12-04 16:03:40.277   700   700 D InfinitePagerAdapter: instantiateItem: virtual position: 2
12-04 16:03:40.291   700   700 D InfinitePagerAdapter: destroyItem: real position: 401
12-04 16:03:40.291   700   700 D InfinitePagerAdapter: destroyItem: virtual position: 1
12-04 16:03:41.241   227   264 D alsa_route: route_set_controls() set route 24
12-04 16:03:41.241   227   264 D AudioHardwareTiny: close device
12-04 16:03:41.868   700   700 D InfinitePagerAdapter: instantiateItem: real position: 397
12-04 16:03:41.868   700   700 D InfinitePagerAdapter: instantiateItem: virtual position: 1
12-04 16:03:41.882   700   700 D InfinitePagerAdapter: destroyItem: real position: 400
12-04 16:03:41.882   700   700 D InfinitePagerAdapter: destroyItem: virtual position: 0
12-04 16:03:41.967   570   584 I MediaFocusControl:  AudioFocus  abandonAudioFocus() from android.media.AudioManager@113d915com.roboteam.teamy.assistants.ConversationMediator@cd6042a
12-04 16:03:41.969   700   700 W ContextImpl: Calling a method in the system process without a qualified user: android.app.ContextImpl.startActivity:658 android.content.ContextWrapper.startActivity:331 com.roboteam.teamy.shared.activitylauncher.ActivityLauncher.startActivity:16 com.roboteam.teamy.internalactivities.settings.views.activities.activitylauncher.SettingsActivityLauncher$launch$2.accept:34 com.roboteam.teamy.internalactivities.settings.views.activities.activitylauncher.SettingsActivityLauncher$launch$2.accept:13 
12-04 16:03:41.970   700   700 W ContextImpl: Calling a method in the system process without a qualified user: android.app.ContextImpl.startActivity:670 android.app.ContextImpl.startActivity:659 android.content.ContextWrapper.startActivity:331 com.roboteam.teamy.shared.activitylauncher.ActivityLauncher.startActivity:16 com.roboteam.teamy.internalactivities.settings.views.activities.activitylauncher.SettingsActivityLauncher$launch$2.accept:34 
12-04 16:03:41.971   570  1716 I ActivityManager: START u0 {flg=0x10000000 cmp=com.roboteam.teamy.usa/com.roboteam.teamy.internalactivities.settings.views.activities.SettingsActivity} from uid 1000 on display 0
12-04 16:03:41.973   227   264 D AudioHardwareTiny: start_output_stream
12-04 16:03:41.974   191   191 D Surface : Surface::final mReqUsage=333
12-04 16:03:41.974   227   264 D alsa_route: route_info->sound_card 0, route_info->devices 0  
12-04 16:03:41.974   227   264 D alsa_route: route_set_controls() set route 0
12-04 16:03:41.983   191   201 D gralloc : Isfb=0, [630,630,640,2560], fmt=1, byte_stride=2560
12-04 16:03:42.003   570   591 E WindowManager: Unknown window type: 2999
12-04 16:03:42.003   227   264 D AudioFlinger: mixer(0xb366d008) throttle end: throttle time(10)
12-04 16:03:42.004   570   591 I WindowStateAnimator: createSurface WindowStateAnimator{e38f652 Starting com.roboteam.teamy.usa}: mDrawState=DRAW_PENDING
12-04 16:03:42.004   570   591 D WindowStateAnimator: rk_debug2 Starting com.roboteam.teamy.usa_Force_To_Dual
12-04 16:03:42.009   570   591 V WindowManager: Skipping AppWindowToken{eba0d23 token=Token{f2c21fa ActivityRecord{5bb8c25 u0 com.roboteam.teamy.usa/com.roboteam.teamy.internalactivities.settings.views.activities.SettingsActivity t1571}}} -- hidden on top
12-04 16:03:42.010   570   591 V WindowManager: Done at AppWindowToken{b6bcd53 token=Token{df556ea ActivityRecord{25bed5 u0 com.roboteam.teamy.usa/com.roboteam.teamy.internalactivities.list.mvp.activities.TabContainerActivity t1570}}} -- full screen, return 0
12-04 16:03:42.010   570   591 V WindowManager: Resize reasons for w=Window{501add u0 Starting com.roboteam.teamy.usa}:  contentInsetsChanged=false [0,0][0,0] visibleInsetsChanged=false [0,0][0,0] stableInsetsChanged=false [0,0][0,0] outsetsChanged=false [0,0][0,0] surfaceResized=true configChanged=true
12-04 16:03:42.010   570   591 V WindowManager: Resizing window Window{501add u0 Starting com.roboteam.teamy.usa} to 1920.0x1200.0
12-04 16:03:42.019   570   591 V WindowState: Reporting new frame to Window{501add u0 Starting com.roboteam.teamy.usa}: Rect(0, 0 - 1920, 1200)
12-04 16:03:42.019   570   591 I WindowState: Sending new config to window Window{501add u0 Starting com.roboteam.teamy.usa}: 1920.0x1200.0 / config={1.0 ?mcc?mnc en_US ldltr sw800dp w1280dp h800dp 240dpi xlrg land finger -keyb/v/h -nav/h s.4} overrideConfig={1.0 ?mcc?mnc ?locale ?layoutDir ?swdp ?wdp ?hdp ?density ?lsize ?long ?orien ?uimode ?night ?touch ?keyb/?/? ?nav/?}
12-04 16:03:42.020   570   591 I WindowState: Resizing Window{501add u0 Starting com.roboteam.teamy.usa} WITH DRAW PENDING
12-04 16:03:42.031   570   591 E WindowManager: Unknown window type: 2999
12-04 16:03:42.033   570   591 D Surface : Surface::final mReqUsage=33
12-04 16:03:42.036   570   584 V WindowManager: Clear freezing of Token{df556ea ActivityRecord{25bed5 u0 com.roboteam.teamy.usa/com.roboteam.teamy.internalactivities.list.mvp.activities.TabContainerActivity t1570}}: hidden=false freezing=false
12-04 16:03:42.036   570   584 V WindowManager: Skipping set freeze of Token{f2c21fa ActivityRecord{5bb8c25 u0 com.roboteam.teamy.usa/com.roboteam.teamy.internalactivities.settings.views.activities.SettingsActivity t1571}}
12-04 16:03:42.037   570   584 V WindowManager: setAppVisibility(Token{f2c21fa ActivityRecord{5bb8c25 u0 com.roboteam.teamy.usa/com.roboteam.teamy.internalactivities.settings.views.activities.SettingsActivity t1571}}, visible=true): mNextAppTransition=TRANSIT_TASK_OPEN hidden=true hiddenRequested=true Callers=com.android.server.am.ActivityStackSupervisor.realStartActivityLocked:1185 com.android.server.am.ActivityStackSupervisor.startSpecificActivityLocked:1384 com.android.server.am.ActivityStack.resumeTopActivityInnerLocked:2077 com.android.server.am.ActivityStack.resumeTopActivityLocked:1587 com.android.server.am.ActivityStackSupervisor.resumeTopActivitiesLocked:2735 com.android.server.am.ActivityStack.completePauseLocked:1080 
12-04 16:03:42.037   570   584 V WindowManager: Done at AppWindowToken{eba0d23 token=Token{f2c21fa ActivityRecord{5bb8c25 u0 com.roboteam.teamy.usa/com.roboteam.teamy.internalactivities.settings.views.activities.SettingsActivity t1571}}} -- full screen, return 0
12-04 16:03:42.038   570   584 V WindowManager: setAppVisibility(Token{df556ea ActivityRecord{25bed5 u0 com.roboteam.teamy.usa/com.roboteam.teamy.internalactivities.list.mvp.activities.TabContainerActivity t1570}}, visible=false): mNextAppTransition=TRANSIT_TASK_OPEN hidden=false hiddenRequested=false Callers=com.android.server.am.ActivityStack.setVisible:1170 com.android.server.am.ActivityStack.ensureActivitiesVisibleLocked:1431 com.android.server.am.ActivityStackSupervisor.ensureActivitiesVisibleLocked:3305 com.android.server.am.ActivityManagerService.updateConfigurationLocked:17838 com.android.server.am.ActivityStackSupervisor.realStartActivityLocked:1201 com.android.server.am.ActivityStackSupervisor.startSpecificActivityLocked:1384 
12-04 16:03:42.041   570   584 V WindowManager: Eval win Window{501add u0 Starting com.roboteam.teamy.usa}: isDrawn=false, isAnimating=true
12-04 16:03:42.041   570   584 V WindowManager: Not displayed: s=Surface(name=Starting com.roboteam.teamy.usa_Force_To_Dual) pv=true mDrawState=DRAW_PENDING ah=false th=false a=false
12-04 16:03:42.050   191  1479 D gralloc : Isfb=0, [1920,1200,1920,7680], fmt=1, byte_stride=7680
12-04 16:03:42.073   570   591 V WindowStateAnimator: finishDrawingLocked: mDrawState=COMMIT_DRAW_PENDING WindowStateAnimator{e38f652 Starting com.roboteam.teamy.usa} in Surface(name=Starting com.roboteam.teamy.usa_Force_To_Dual)
12-04 16:03:42.074   570   591 V WindowManager: Eval win Window{501add u0 Starting com.roboteam.teamy.usa}: isDrawn=true, isAnimating=true
12-04 16:03:42.075   570   591 I WindowManager:   SURFACE SHOW (performShowLocked): Window{501add u0 Starting com.roboteam.teamy.usa}
12-04 16:03:42.077   570   591 V WindowManager: Done at AppWindowToken{eba0d23 token=Token{f2c21fa ActivityRecord{5bb8c25 u0 com.roboteam.teamy.usa/com.roboteam.teamy.internalactivities.settings.views.activities.SettingsActivity t1571}}} -- full screen, return 0
12-04 16:03:42.077   570   591 V WindowManager: Eval win Window{501add u0 Starting com.roboteam.teamy.usa}: isDrawn=true, isAnimating=true
12-04 16:03:42.082   570   591 E WindowManager: Unknown window type: 2999
12-04 16:03:42.084   570   591 V WindowManager: Eval win Window{501add u0 Starting com.roboteam.teamy.usa}: isDrawn=true, isAnimating=true
12-04 16:03:42.100   570   591 E WindowManager: Unknown window type: 2999
12-04 16:03:42.120   570   591 E WindowManager: Unknown window type: 2999
12-04 16:03:42.135   570   591 E WindowManager: Unknown window type: 2999
12-04 16:03:42.153   570   591 E WindowManager: Unknown window type: 2999
12-04 16:03:42.170   570  1716 I WindowStateAnimator: createSurface WindowStateAnimator{3d0fdaa com.roboteam.teamy.usa/com.roboteam.teamy.internalactivities.settings.views.activities.SettingsActivity}: mDrawState=DRAW_PENDING
12-04 16:03:42.171   570  1716 V WindowManager: Done at AppWindowToken{eba0d23 token=Token{f2c21fa ActivityRecord{5bb8c25 u0 com.roboteam.teamy.usa/com.roboteam.teamy.internalactivities.settings.views.activities.SettingsActivity t1571}}} -- full screen, return 0
12-04 16:03:42.171   570  1716 V WindowManager: Eval win Window{501add u0 Starting com.roboteam.teamy.usa}: isDrawn=true, isAnimating=true
12-04 16:03:42.171   570  1716 V WindowManager: Eval win Window{2a0c895 u0 com.roboteam.teamy.usa/com.roboteam.teamy.internalactivities.settings.views.activities.SettingsActivity}: isDrawn=false, isAnimating=true
12-04 16:03:42.171   570  1716 V WindowManager: Not displayed: s=Surface(name=com.roboteam.teamy.usa/com.roboteam.teamy.internalactivities.settings.views.activities.SettingsActivity) pv=true mDrawState=DRAW_PENDING ah=false th=false a=false
12-04 16:03:42.171   570  1716 V WindowManager: Resize reasons for w=Window{2a0c895 u0 com.roboteam.teamy.usa/com.roboteam.teamy.internalactivities.settings.views.activities.SettingsActivity}:  contentInsetsChanged=false [0,0][0,0] visibleInsetsChanged=false [0,0][0,0] stableInsetsChanged=false [0,0][0,0] outsetsChanged=false [0,0][0,0] surfaceResized=true configChanged=true
12-04 16:03:42.171   570  1716 V WindowManager: Resizing window Window{2a0c895 u0 com.roboteam.teamy.usa/com.roboteam.teamy.internalactivities.settings.views.activities.SettingsActivity} to 1920.0x1200.0
12-04 16:03:42.189   570  1716 V WindowState: Reporting new frame to Window{2a0c895 u0 com.roboteam.teamy.usa/com.roboteam.teamy.internalactivities.settings.views.activities.SettingsActivity}: Rect(0, 0 - 1920, 1200)
12-04 16:03:42.189   570  1716 I WindowState: Sending new config to window Window{2a0c895 u0 com.roboteam.teamy.usa/com.roboteam.teamy.internalactivities.settings.views.activities.SettingsActivity}: 1920.0x1200.0 / config={1.0 ?mcc?mnc en_US ldltr sw800dp w1280dp h800dp 240dpi xlrg land finger -keyb/v/h -nav/h s.4} overrideConfig={1.0 ?mcc?mnc ?locale ?layoutDir ?swdp ?wdp ?hdp ?density ?lsize ?long ?orien ?uimode ?night ?touch ?keyb/?/? ?nav/?}
12-04 16:03:42.189   570  1716 I WindowState: Resizing Window{2a0c895 u0 com.roboteam.teamy.usa/com.roboteam.teamy.internalactivities.settings.views.activities.SettingsActivity} WITH DRAW PENDING
12-04 16:03:42.190   570  1716 V WindowManager: Eval win Window{501add u0 Starting com.roboteam.teamy.usa}: isDrawn=true, isAnimating=true
12-04 16:03:42.190   570  1716 V WindowManager: Eval win Window{2a0c895 u0 com.roboteam.teamy.usa/com.roboteam.teamy.internalactivities.settings.views.activities.SettingsActivity}: isDrawn=false, isAnimating=true
12-04 16:03:42.190   570  1716 V WindowManager: Not displayed: s=Surface(name=com.roboteam.teamy.usa/com.roboteam.teamy.internalactivities.settings.views.activities.SettingsActivity) pv=true mDrawState=DRAW_PENDING ah=false th=false a=false
12-04 16:03:42.191   570   591 E WindowManager: Unknown window type: 2999
12-04 16:03:42.192   700  1381 D Surface : Surface::final mReqUsage=a00
12-04 16:03:42.192   700  1381 D mali_winsys: EGLint new_window_surface(egl_winsys_display*, void*, EGLSurface, EGLConfig, egl_winsys_surface**, egl_color_buffer_format*, EGLBoolean) returns 0x3000
12-04 16:03:42.204   191  2303 D gralloc : Isfb=0, [1920,1200,1920,7680], fmt=1, byte_stride=7680
12-04 16:03:42.206   570   591 E WindowManager: Unknown window type: 2999
12-04 16:03:42.212   191  2303 D gralloc : Isfb=0, [1920,1200,1920,7680], fmt=1, byte_stride=7680
12-04 16:03:42.224   570   591 E WindowManager: Unknown window type: 2999
12-04 16:03:42.227   191  2303 D gralloc : Isfb=0, [1920,1200,1920,7680], fmt=1, byte_stride=7680
12-04 16:03:42.242   570   591 E WindowManager: Unknown window type: 2999
12-04 16:03:42.259   570   591 E WindowManager: Unknown window type: 2999
12-04 16:03:42.277   570   591 E WindowManager: Unknown window type: 2999
12-04 16:03:42.295   570   591 E WindowManager: Unknown window type: 2999
12-04 16:03:42.312   570   591 E WindowManager: Unknown window type: 2999
12-04 16:03:42.330   570   591 E WindowManager: Unknown window type: 2999
12-04 16:03:42.348   570   591 E WindowManager: Unknown window type: 2999
12-04 16:03:42.366   570   591 E WindowManager: Unknown window type: 2999
12-04 16:03:42.383   570   591 E WindowManager: Unknown window type: 2999
12-04 16:03:42.384   570   591 V WindowManager: Eval win Window{501add u0 Starting com.roboteam.teamy.usa}: isDrawn=true, isAnimating=false
12-04 16:03:42.384   570   591 V WindowManager: Eval win Window{2a0c895 u0 com.roboteam.teamy.usa/com.roboteam.teamy.internalactivities.settings.views.activities.SettingsActivity}: isDrawn=false, isAnimating=false
12-04 16:03:42.385   570   591 V WindowManager: Not displayed: s=Surface(name=com.roboteam.teamy.usa/com.roboteam.teamy.internalactivities.settings.views.activities.SettingsActivity) pv=true mDrawState=DRAW_PENDING ah=false th=false a=false
12-04 16:03:42.386   570   591 V WindowManager: Eval win Window{501add u0 Starting com.roboteam.teamy.usa}: isDrawn=true, isAnimating=false
12-04 16:03:42.386   570   591 V WindowManager: Eval win Window{2a0c895 u0 com.roboteam.teamy.usa/com.roboteam.teamy.internalactivities.settings.views.activities.SettingsActivity}: isDrawn=false, isAnimating=false
12-04 16:03:42.386   570   591 V WindowManager: Not displayed: s=Surface(name=com.roboteam.teamy.usa/com.roboteam.teamy.internalactivities.settings.views.activities.SettingsActivity) pv=true mDrawState=DRAW_PENDING ah=false th=false a=false
12-04 16:03:42.401   570   591 E WindowManager: Unknown window type: 2999
12-04 16:03:42.500   700   700 W PathParser: Points are too far apart 4.003217543058018
12-04 16:03:42.503   700   700 W PathParser: Points are too far apart 4.000001879778822
12-04 16:03:42.503   700   700 W PathParser: Points are too far apart 4.000001879778815
12-04 16:03:42.503   700   700 W PathParser: Points are too far apart 4.000001879778815
12-04 16:03:42.503   700   700 W PathParser: Points are too far apart 4.0000018797788295
12-04 16:03:42.505   700   700 W PathParser: Points are too far apart 4.006349750402758
12-04 16:03:42.522   191   203 D gralloc : Isfb=0, [1200,1920,1200,4800], fmt=1, byte_stride=4800
12-04 16:03:42.535   191  1479 D gralloc : Isfb=0, [1200,1920,1200,4800], fmt=1, byte_stride=4800
12-04 16:03:42.537   570   727 V WindowStateAnimator: finishDrawingLocked: mDrawState=COMMIT_DRAW_PENDING WindowStateAnimator{3d0fdaa com.roboteam.teamy.usa/com.roboteam.teamy.internalactivities.settings.views.activities.SettingsActivity} in Surface(name=com.roboteam.teamy.usa/com.roboteam.teamy.internalactivities.settings.views.activities.SettingsActivity)
12-04 16:03:42.537   570   591 V WindowManager: Eval win Window{501add u0 Starting com.roboteam.teamy.usa}: isDrawn=true, isAnimating=false
12-04 16:03:42.537   570   591 V WindowManager: Eval win Window{2a0c895 u0 com.roboteam.teamy.usa/com.roboteam.teamy.internalactivities.settings.views.activities.SettingsActivity}: isDrawn=true, isAnimating=false
12-04 16:03:42.537   570   591 V WindowManager: tokenMayBeDrawn: AppWindowToken{eba0d23 token=Token{f2c21fa ActivityRecord{5bb8c25 u0 com.roboteam.teamy.usa/com.roboteam.teamy.internalactivities.settings.views.activities.SettingsActivity t1571}}} freezingScreen=false mAppFreezing=false
12-04 16:03:42.539   570   591 I WindowManager:   SURFACE SHOW (performShowLocked): Window{2a0c895 u0 com.roboteam.teamy.usa/com.roboteam.teamy.internalactivities.settings.views.activities.SettingsActivity}
12-04 16:03:42.541   570   591 I ActivityManager: Displayed com.roboteam.teamy.usa/com.roboteam.teamy.internalactivities.settings.views.activities.SettingsActivity: +504ms
12-04 16:03:42.543   570   591 E WindowManager: Unknown window type: 2999
12-04 16:03:42.559   700  1381 D OpenGLRenderer: endAllStagingAnimators on 0xb800ded0 (FrameLayout) with handle 0xb7cf30d8
12-04 16:03:42.560   570  1142 V WindowManager: Done at AppWindowToken{eba0d23 token=Token{f2c21fa ActivityRecord{5bb8c25 u0 com.roboteam.teamy.usa/com.roboteam.teamy.internalactivities.settings.views.activities.SettingsActivity t1571}}} -- full screen, return 0
12-04 16:03:42.560   191  2303 W SurfaceFlinger: couldn't log to binary event log: overflow.
12-04 16:03:42.561   570   591 E WindowManager: Unknown window type: 2999
12-04 16:03:42.578   570   591 E WindowManager: Unknown window type: 2999
12-04 16:03:42.590   191   201 D gralloc : Isfb=0, [1200,1920,1200,4800], fmt=1, byte_stride=4800
12-04 16:03:42.596   570   591 E WindowManager: Unknown window type: 2999
12-04 16:03:42.613   570   591 E WindowManager: Unknown window type: 2999
12-04 16:03:42.631   570   591 E WindowManager: Unknown window type: 2999
12-04 16:03:42.648   570   591 E WindowManager: Unknown window type: 2999
12-04 16:03:42.666   570   591 E WindowManager: Unknown window type: 2999
12-04 16:03:42.684   570   591 E WindowManager: Unknown window type: 2999
12-04 16:03:42.702   570   591 E WindowManager: Unknown window type: 2999
12-04 16:03:42.720   570   591 E WindowManager: Unknown window type: 2999
12-04 16:03:42.737   570   591 E WindowManager: Unknown window type: 2999
12-04 16:03:42.755   570   591 E WindowManager: Unknown window type: 2999
12-04 16:03:42.775   570  1716 V WindowManager: setAppVisibility(Token{df556ea ActivityRecord{25bed5 u0 com.roboteam.teamy.usa/com.roboteam.teamy.internalactivities.list.mvp.activities.TabContainerActivity t1570}}, visible=false): mNextAppTransition=TRANSIT_UNSET hidden=true hiddenRequested=true Callers=com.android.server.am.ActivityStack.stopActivityLocked:2764 com.android.server.am.ActivityStackSupervisor.activityIdleInternalLocked:2602 com.android.server.am.ActivityManagerService.activityIdle:6579 android.app.ActivityManagerNative.onTransact:522 com.android.server.am.ActivityManagerService.onTransact:2687 android.os.Binder.execTransact:453 
12-04 16:03:42.940   570   588 D Tethering: interfaceLinkStateChanged wlan0, true
12-04 16:03:42.940   570   588 D Tethering: interfaceStatusChanged wlan0, true
12-04 16:03:45.155   227   264 D alsa_route: route_set_controls() set route 24
12-04 16:03:45.155   227   264 D AudioHardwareTiny: close device
12-04 16:03:45.448   700   700 W PathParser: Points are too far apart 4.000000853781901
12-04 16:03:45.448   700   700 W PathParser: Points are too far apart 4.000000853781901
12-04 16:03:46.504   227   264 D AudioHardwareTiny: start_output_stream
12-04 16:03:46.505   227   264 D alsa_route: route_info->sound_card 0, route_info->devices 0  
12-04 16:03:46.505   227   264 D alsa_route: route_set_controls() set route 0
12-04 16:03:46.646  1701  1701 W YT.MDX.DiscoveryControl: cancelDiscoveryRequest ignored requester com.google.android.libraries.youtube.mdx.background.MdxBackgroundScanJobService@e398244
12-04 16:03:46.978  1462  1783 D MdnsClient: Multicast lock held. Releasing
12-04 16:03:47.703   700   700 E ThemeUtils: View class androidx.appcompat.widget.AppCompatImageView is an AppCompat widget that can only be used with a Theme.AppCompat theme (or descendant).
12-04 16:03:47.704   700   700 E ThemeUtils: View class androidx.appcompat.widget.AppCompatTextView is an AppCompat widget that can only be used with a Theme.AppCompat theme (or descendant).
12-04 16:03:47.721   700   700 E ThemeUtils: View class androidx.appcompat.widget.AppCompatTextView is an AppCompat widget that can only be used with a Theme.AppCompat theme (or descendant).
12-04 16:03:47.731   700   700 E ThemeUtils: View class androidx.appcompat.widget.AppCompatButton is an AppCompat widget that can only be used with a Theme.AppCompat theme (or descendant).
12-04 16:03:47.776   700   700 E ThemeUtils: View class androidx.appcompat.widget.AppCompatButton is an AppCompat widget that can only be used with a Theme.AppCompat theme (or descendant).
12-04 16:03:47.793   227   457 E MediaPlayerFactory: 2019 03 30 -------- getPlayerType()---------------- 234 !!!! 
12-04 16:03:47.794   227   457 E MediaPlayerFactory: filePath = /data/app/com.roboteam.teamy.usa-2/base.apk 
12-04 16:03:47.794   227   457 E MediaPlayerFactory: 2019 03 30 -------- getPlayerType()---------------- return STAGEFRIGHT_PLAYER !!!! 
12-04 16:03:47.794   227   457 I AwesomePlayer: AwesomePlayer::AwesomePlayer()in
12-04 16:03:47.794   227   457 I AwesomePlayer: AwesomePlayer::AwesomePlayer()aftermClient.connect()
12-04 16:03:47.805   227   457 D AwesomePlayer: the format is mimeType：audio/x-wav,confidence:0.400000
12-04 16:03:47.815   700   700 D MediaPlayer: setSubtitleAnchor in MediaPlayer
12-04 16:03:47.856   570  1375 V WindowManager: Done at AppWindowToken{eba0d23 token=Token{f2c21fa ActivityRecord{5bb8c25 u0 com.roboteam.teamy.usa/com.roboteam.teamy.internalactivities.settings.views.activities.SettingsActivity t1571}}} -- full screen, return 0
12-04 16:03:47.867   570   591 E WindowManager: Unknown window type: 2999
12-04 16:03:47.867   570  1716 I WindowStateAnimator: createSurface WindowStateAnimator{3b8d877 }: mDrawState=DRAW_PENDING
12-04 16:03:47.868   570  1716 V WindowManager: Done at AppWindowToken{eba0d23 token=Token{f2c21fa ActivityRecord{5bb8c25 u0 com.roboteam.teamy.usa/com.roboteam.teamy.internalactivities.settings.views.activities.SettingsActivity t1571}}} -- full screen, return 0
12-04 16:03:47.869   570  1716 V WindowManager: Resize reasons for w=Window{3194a76 u0 com.roboteam.teamy.usa}:  contentInsetsChanged=false [0,0][0,0] visibleInsetsChanged=false [0,0][0,0] stableInsetsChanged=false [0,0][0,0] outsetsChanged=false [0,0][0,0] surfaceResized=false configChanged=true
12-04 16:03:47.869   570  1716 V WindowManager: Resizing window Window{3194a76 u0 com.roboteam.teamy.usa} to 1920.0x243.0
12-04 16:03:47.869   570  1716 V WindowState: Reporting new frame to Window{3194a76 u0 com.roboteam.teamy.usa}: Rect(0, 0 - 1920, 243)
12-04 16:03:47.869   570  1716 I WindowState: Sending new config to window Window{3194a76 u0 com.roboteam.teamy.usa}: 1920.0x243.0 / config={1.0 ?mcc?mnc en_US ldltr sw800dp w1280dp h800dp 240dpi xlrg land finger -keyb/v/h -nav/h s.4} overrideConfig={1.0 ?mcc?mnc ?locale ?layoutDir ?swdp ?wdp ?hdp ?density ?lsize ?long ?orien ?uimode ?night ?touch ?keyb/?/? ?nav/?}
12-04 16:03:47.869   570  1716 I WindowState: Resizing Window{3194a76 u0 com.roboteam.teamy.usa} WITH DRAW PENDING
12-04 16:03:47.871   700  1381 D Surface : Surface::final mReqUsage=a00
12-04 16:03:47.871   700  1381 D mali_winsys: EGLint new_window_surface(egl_winsys_display*, void*, EGLSurface, EGLConfig, egl_winsys_surface**, egl_color_buffer_format*, EGLBoolean) returns 0x3000
12-04 16:03:47.874   191   203 D gralloc : Isfb=0, [1920,243,1920,7680], fmt=1, byte_stride=7680
12-04 16:03:47.876   191   203 D gralloc : Isfb=0, [1920,243,1920,7680], fmt=1, byte_stride=7680
12-04 16:03:47.878   191   203 D gralloc : Isfb=0, [1920,243,1920,7680], fmt=1, byte_stride=7680
12-04 16:03:47.885   570   591 E WindowManager: Unknown window type: 2999
12-04 16:03:47.890   191  1479 D gralloc : Isfb=0, [243,1920,256,1024], fmt=1, byte_stride=1024
12-04 16:03:47.895   191   203 D gralloc : Isfb=0, [243,1920,256,1024], fmt=1, byte_stride=1024
12-04 16:03:47.897   570   582 V WindowStateAnimator: finishDrawingLocked: mDrawState=COMMIT_DRAW_PENDING WindowStateAnimator{3b8d877 } in Surface(name=)
12-04 16:03:47.897   570   591 I WindowManager:   SURFACE SHOW (performShowLocked): Window{3194a76 u0 com.roboteam.teamy.usa}
12-04 16:03:47.902   570   591 E WindowManager: Unknown window type: 2999
12-04 16:03:47.908   191  1479 D gralloc : Isfb=0, [243,1920,256,1024], fmt=1, byte_stride=1024
12-04 16:03:47.920   570   591 E WindowManager: Unknown window type: 2999
12-04 16:03:48.664   227  2461 I AudioSink: callbackwrapper: EVENT_UNDERRUN (discarded)
12-04 16:03:48.800   570   570 D Tethering: ACTION_USB_STATE received, usbConnected=false, mRndisEnabled=false
12-04 16:03:48.814  1017  1017 D RKUpdateReceiver: action = android.hardware.usb.action.USB_STATE
12-04 16:03:48.826  1017  1017 D RKUpdateService: onStartCommand.......
12-04 16:03:48.826  1017  1017 D RKUpdateService: command = 1 delaytime = 5000
12-04 16:03:48.847   570   629 D NotificationSQLiteLog: Pruned event entries: 4
12-04 16:03:48.873   227   457 I FrameQueueManage: FrameQueueManage::~FrameQueueManage end!
