--------- beginning of main
01-01 22:30:10.200   193   193 W Resources: Preloaded drawable resource #0x1080627 (android:drawable/spinner_disabled_holo_light) that varies with configuration!!
01-01 22:30:10.201   193   193 W Resources: Preloaded drawable resource #0x1080634 (android:drawable/spinner_pressed_holo_light) that varies with configuration!!
01-01 22:30:10.201   193   193 W Resources: Preloaded drawable resource #0x108062d (android:drawable/spinner_focused_holo_light) that varies with configuration!!
01-01 22:30:10.202   193   193 W Resources: Preloaded drawable resource #0x1080622 (android:drawable/spinner_default_holo_light) that varies with configuration!!
01-01 22:30:10.202   193   193 W Resources: Preloaded drawable resource #0x108061a (android:drawable/spinner_background_holo_light) that varies with configuration!!
01-01 22:30:10.203   193   193 W Resources: Preloaded drawable resource #0x1080605 (android:drawable/spinner_ab_default_holo_dark) that varies with configuration!!
01-01 22:30:10.203   193   193 W Resources: Preloaded drawable resource #0x1080607 (android:drawable/spinner_ab_default_holo_light) that varies with configuration!!
01-01 22:30:10.204   193   193 W Resources: Preloaded drawable resource #0x1080609 (android:drawable/spinner_ab_disabled_holo_dark) that varies with configuration!!
01-01 22:30:10.204   193   193 W Resources: Preloaded drawable resource #0x108060b (android:drawable/spinner_ab_disabled_holo_light) that varies with configuration!!
01-01 22:30:10.205   193   193 W Resources: Preloaded drawable resource #0x108060d (android:drawable/spinner_ab_focused_holo_dark) that varies with configuration!!
01-01 22:30:10.205   193   193 W Resources: Preloaded drawable resource #0x108060f (android:drawable/spinner_ab_focused_holo_light) that varies with configuration!!
01-01 22:30:10.205   193   193 W Resources: Preloaded drawable resource #0x1080613 (android:drawable/spinner_ab_pressed_holo_dark) that varies with configuration!!
01-01 22:30:10.206   193   193 W Resources: Preloaded drawable resource #0x1080615 (android:drawable/spinner_ab_pressed_holo_light) that varies with configuration!!
01-01 22:30:10.206   193   193 W Resources: Preloaded drawable resource #0x1080609 (android:drawable/spinner_ab_disabled_holo_dark) that varies with configuration!!
01-01 22:30:10.207   193   193 W Resources: Preloaded drawable resource #0x1080613 (android:drawable/spinner_ab_pressed_holo_dark) that varies with configuration!!
01-01 22:30:10.207   193   193 W Resources: Preloaded drawable resource #0x108060d (android:drawable/spinner_ab_focused_holo_dark) that varies with configuration!!
01-01 22:30:10.208   193   193 W Resources: Preloaded drawable resource #0x1080605 (android:drawable/spinner_ab_default_holo_dark) that varies with configuration!!
01-01 22:30:10.208   193   193 W Resources: Preloaded drawable resource #0x1080611 (android:drawable/spinner_ab_holo_dark) that varies with configuration!!
01-01 22:30:10.208   193   193 W Resources: Preloaded drawable resource #0x108060b (android:drawable/spinner_ab_disabled_holo_light) that varies with configuration!!
01-01 22:30:10.209   193   193 W Resources: Preloaded drawable resource #0x1080615 (android:drawable/spinner_ab_pressed_holo_light) that varies with configuration!!
01-01 22:30:10.209   193   193 W Resources: Preloaded drawable resource #0x108060f (android:drawable/spinner_ab_focused_holo_light) that varies with configuration!!
01-01 22:30:10.209   193   193 W Resources: Preloaded drawable resource #0x1080607 (android:drawable/spinner_ab_default_holo_light) that varies with configuration!!
01-01 22:30:10.209   193   193 W Resources: Preloaded drawable resource #0x1080612 (android:drawable/spinner_ab_holo_light) that varies with configuration!!
01-01 22:30:10.210   193   193 W Resources: Preloaded drawable resource #0x1080620 (android:drawable/spinner_default_holo_dark) that varies with configuration!!
01-01 22:30:10.210   193   193 W Resources: Preloaded drawable resource #0x1080622 (android:drawable/spinner_default_holo_light) that varies with configuration!!
01-01 22:30:10.211   193   193 W Resources: Preloaded drawable resource #0x1080625 (android:drawable/spinner_disabled_holo_dark) that varies with configuration!!
01-01 22:30:10.211   193   193 W Resources: Preloaded drawable resource #0x1080627 (android:drawable/spinner_disabled_holo_light) that varies with configuration!!
01-01 22:30:10.211   193   193 W Resources: Preloaded drawable resource #0x108062b (android:drawable/spinner_focused_holo_dark) that varies with configuration!!
01-01 22:30:10.212   193   193 W Resources: Preloaded drawable resource #0x108062d (android:drawable/spinner_focused_holo_light) that varies with configuration!!
01-01 22:30:10.212   193   193 W Resources: Preloaded drawable resource #0x1080632 (android:drawable/spinner_pressed_holo_dark) that varies with configuration!!
01-01 22:30:10.213   193   193 W Resources: Preloaded drawable resource #0x1080634 (android:drawable/spinner_pressed_holo_light) that varies with configuration!!
01-01 22:30:10.213   193   193 W Resources: Preloaded drawable resource #0x108024f (android:drawable/cab_background_bottom_holo_dark) that varies with configuration!!
01-01 22:30:10.213   193   193 W Resources: Preloaded drawable resource #0x1080254 (android:drawable/cab_background_top_holo_light) that varies with configuration!!
01-01 22:30:10.213   193   193 W Resources: Preloaded drawable resource #0x1080250 (android:drawable/cab_background_bottom_holo_light) that varies with configuration!!
01-01 22:30:10.214   193   193 W Resources: Preloaded drawable resource #0x1080311 (android:drawable/ic_cab_done_holo_dark) that varies with configuration!!
01-01 22:30:10.214   193   193 W Resources: Preloaded drawable resource #0x1080253 (android:drawable/cab_background_top_holo_dark) that varies with configuration!!
01-01 22:30:10.214   193   193 W Resources: Preloaded drawable resource #0x1080312 (android:drawable/ic_cab_done_holo_light) that varies with configuration!!
01-01 22:30:10.214   193   193 W Resources: Preloaded drawable resource #0x10800d7 (android:drawable/btn_cab_done_default_holo_dark) that varies with configuration!!
01-01 22:30:10.215   193   193 W Resources: Preloaded drawable resource #0x10800da (android:drawable/btn_cab_done_focused_holo_light) that varies with configuration!!
01-01 22:30:10.215   193   193 W Resources: Preloaded drawable resource #0x10800d8 (android:drawable/btn_cab_done_default_holo_light) that varies with configuration!!
01-01 22:30:10.215   193   193 W Resources: Preloaded drawable resource #0x10800dd (android:drawable/btn_cab_done_pressed_holo_dark) that varies with configuration!!
01-01 22:30:10.215   193   193 W Resources: Preloaded drawable resource #0x10800d9 (android:drawable/btn_cab_done_focused_holo_dark) that varies with configuration!!
01-01 22:30:10.215   193   193 W Resources: Preloaded drawable resource #0x10800de (android:drawable/btn_cab_done_pressed_holo_light) that varies with configuration!!
01-01 22:30:10.216   193   193 W Resources: Preloaded drawable resource #0x108049c (android:drawable/list_pressed_holo_light) that varies with configuration!!
01-01 22:30:10.216   193   193 W Resources: Preloaded drawable resource #0x10800da (android:drawable/btn_cab_done_focused_holo_light) that varies with configuration!!
01-01 22:30:10.216   193   193 W Resources: Preloaded drawable resource #0x10800d8 (android:drawable/btn_cab_done_default_holo_light) that varies with configuration!!
01-01 22:30:10.216   193   193 W Resources: Preloaded drawable resource #0x10800dc (android:drawable/btn_cab_done_holo_light) that varies with configuration!!
01-01 22:30:10.217   193   193 W Resources: Preloaded drawable resource #0x108049b (android:drawable/list_pressed_holo_dark) that varies with configuration!!
01-01 22:30:10.217   193   193 W Resources: Preloaded drawable resource #0x10800d9 (android:drawable/btn_cab_done_focused_holo_dark) that varies with configuration!!
01-01 22:30:10.217   193   193 W Resources: Preloaded drawable resource #0x10800d7 (android:drawable/btn_cab_done_default_holo_dark) that varies with configuration!!
01-01 22:30:10.217   193   193 W Resources: Preloaded drawable resource #0x10800db (android:drawable/btn_cab_done_holo_dark) that varies with configuration!!
01-01 22:30:10.217   193   193 W Resources: Preloaded drawable resource #0x1080038 (android:drawable/ic_menu_close_clear_cancel) that varies with configuration!!
01-01 22:30:10.218   193   193 W Resources: Preloaded drawable resource #0x10803bf (android:drawable/ic_menu_copy_holo_dark) that varies with configuration!!
01-01 22:30:10.218   193   193 W Resources: Preloaded drawable resource #0x10803c0 (android:drawable/ic_menu_copy_holo_light) that varies with configuration!!
01-01 22:30:10.218   193   193 W Resources: Preloaded drawable resource #0x10803c3 (android:drawable/ic_menu_cut_holo_dark) that varies with configuration!!
01-01 22:30:10.218   193   193 W Resources: Preloaded drawable resource #0x10803c4 (android:drawable/ic_menu_cut_holo_light) that varies with configuration!!
01-01 22:30:10.219   193   193 W Resources: Preloaded drawable resource #0x1080045 (android:drawable/ic_menu_more) that varies with configuration!!
01-01 22:30:10.220   193   193 W Resources: Preloaded drawable resource #0x10803dd (android:drawable/ic_menu_moreoverflow_normal_holo_dark) that varies with configuration!!
01-01 22:30:10.220   193   193 W Resources: Preloaded drawable resource #0x10803d8 (android:drawable/ic_menu_moreoverflow_holo_dark) that varies with configuration!!
01-01 22:30:10.220   193   193 W Resources: Preloaded drawable resource #0x10803de (android:drawable/ic_menu_moreoverflow_normal_holo_light) that varies with configuration!!
01-01 22:30:10.220   193   193 W Resources: Preloaded drawable resource #0x10803d9 (android:drawable/ic_menu_moreoverflow_holo_light) that varies with configuration!!
01-01 22:30:10.221   193   193 W Resources: Preloaded drawable resource #0x10803e1 (android:drawable/ic_menu_paste_holo_dark) that varies with configuration!!
01-01 22:30:10.221   193   193 W Resources: Preloaded drawable resource #0x10803e2 (android:drawable/ic_menu_paste_holo_light) that varies with configuration!!
01-01 22:30:10.221   193   193 W Resources: Preloaded drawable resource #0x10803eb (android:drawable/ic_menu_selectall_holo_light) that varies with configuration!!
01-01 22:30:10.221   193   193 W Resources: Preloaded drawable resource #0x10803ea (android:drawable/ic_menu_selectall_holo_dark) that varies with configuration!!
01-01 22:30:10.222   193   193 W Resources: Preloaded drawable resource #0x108031d (android:drawable/ic_clear_disabled) that varies with configuration!!
01-01 22:30:10.222   193   193 W Resources: Preloaded drawable resource #0x1080322 (android:drawable/ic_clear_normal) that varies with configuration!!
01-01 22:30:10.222   193   193 W Resources: Preloaded drawable resource #0x108031c (android:drawable/ic_clear) that varies with configuration!!
01-01 22:30:10.222   193   193 W Resources: Preloaded drawable resource #0x108031d (android:drawable/ic_clear_disabled) that varies with configuration!!
01-01 22:30:10.223   193   193 W Resources: Preloaded drawable resource #0x1080322 (android:drawable/ic_clear_normal) that varies with configuration!!
01-01 22:30:10.223   193   193 W Resources: Preloaded drawable resource #0x108041d (android:drawable/ic_search_api_holo_dark) that varies with configuration!!
01-01 22:30:10.223   193   193 W Resources: Preloaded drawable resource #0x108041e (android:drawable/ic_search_api_holo_light) that varies with configuration!!
01-01 22:30:10.224   193   193 W Resources: Preloaded drawable resource #0x108034e (android:drawable/ic_go) that varies with configuration!!
01-01 22:30:10.224   193   193 W Resources: Preloaded drawable resource #0x1080435 (android:drawable/ic_voice_search_api_holo_dark) that varies with configuration!!
01-01 22:30:10.224   193   193 W Resources: Preloaded drawable resource #0x1080436 (android:drawable/ic_voice_search_api_holo_light) that varies with configuration!!
01-01 22:30:10.225   193   193 W Resources: Preloaded drawable resource #0x1080271 (android:drawable/dialog_bottom_holo_dark) that varies with configuration!!
01-01 22:30:10.225   193   193 W Resources: Preloaded drawable resource #0x1080272 (android:drawable/dialog_bottom_holo_light) that varies with configuration!!
01-01 22:30:10.226   193   193 W Resources: Preloaded drawable resource #0x108027f (android:drawable/dialog_middle_holo_dark) that varies with configuration!!
01-01 22:30:10.226   193   193 W Resources: Preloaded drawable resource #0x1080280 (android:drawable/dialog_middle_holo_light) that varies with configuration!!
01-01 22:30:10.227   193   193 W Resources: Preloaded drawable resource #0x1080281 (android:drawable/dialog_top_holo_dark) that varies with configuration!!
01-01 22:30:10.227   193   193 W Resources: Preloaded drawable resource #0x1080282 (android:drawable/dialog_top_holo_light) that varies with configuration!!
01-01 22:30:10.228   193   193 W Resources: Preloaded drawable resource #0x1080339 (android:drawable/ic_dialog_alert_holo_dark) that varies with configuration!!
01-01 22:30:10.228   193   193 W Resources: Preloaded drawable resource #0x108033a (android:drawable/ic_dialog_alert_holo_light) that varies with configuration!!
01-01 22:30:10.228   193   193 W Resources: Preloaded drawable resource #0x1080490 (android:drawable/list_divider_holo_dark) that varies with configuration!!
01-01 22:30:10.228   193   193 W Resources: Preloaded drawable resource #0x1080491 (android:drawable/list_divider_holo_light) that varies with configuration!!
01-01 22:30:10.229   193   193 W Resources: Preloaded drawable resource #0x1080491 (android:drawable/list_divider_holo_light) that varies with configuration!!
01-01 22:30:10.229   193   193 W Resources: Preloaded drawable resource #0x10800c2 (android:drawable/ab_transparent_dark_holo) that varies with configuration!!
01-01 22:30:10.229   193   193 W Resources: Preloaded drawable resource #0x10800c0 (android:drawable/ab_stacked_transparent_dark_holo) that varies with configuration!!
01-01 22:30:10.229   193   193 W Resources: Preloaded drawable resource #0x10800a2 (android:drawable/ab_bottom_transparent_dark_holo) that varies with configuration!!
01-01 22:30:10.229   193   193 W Resources: Preloaded drawable resource #0x10800b8 (android:drawable/ab_solid_dark_holo) that varies with configuration!!
01-01 22:30:10.230   193   193 W Resources: Preloaded drawable resource #0x10800bd (android:drawable/ab_stacked_solid_dark_holo) that varies with configuration!!
01-01 22:30:10.230   193   193 W Resources: Preloaded drawable resource #0x108009f (android:drawable/ab_bottom_solid_dark_holo) that varies with configuration!!
01-01 22:30:10.230   193   193 W Resources: Preloaded drawable resource #0x10800c3 (android:drawable/ab_transparent_light_holo) that varies with configuration!!
01-01 22:30:10.230   193   193 W Resources: Preloaded drawable resource #0x10800c1 (android:drawable/ab_stacked_transparent_light_holo) that varies with configuration!!
01-01 22:30:10.231   193   193 W Resources: Preloaded drawable resource #0x10800a3 (android:drawable/ab_bottom_transparent_light_holo) that varies with configuration!!
01-01 22:30:10.231   193   193 W Resources: Preloaded drawable resource #0x10800b9 (android:drawable/ab_solid_light_holo) that varies with configuration!!
01-01 22:30:10.231   193   193 W Resources: Preloaded drawable resource #0x10800bf (android:drawable/ab_stacked_solid_light_holo) that varies with configuration!!
01-01 22:30:10.231   193   193 W Resources: Preloaded drawable resource #0x10800a1 (android:drawable/ab_bottom_solid_light_holo) that varies with configuration!!
01-01 22:30:10.232   193   193 W Resources: Preloaded drawable resource #0x10800ba (android:drawable/ab_solid_shadow_holo) that varies with configuration!!
01-01 22:30:10.232   193   193 W Resources: Preloaded drawable resource #0x10804bc (android:drawable/list_selector_disabled_holo_dark) that varies with configuration!!
01-01 22:30:10.232   193   193 W Resources: Preloaded drawable resource #0x10804bc (android:drawable/list_selector_disabled_holo_dark) that varies with configuration!!
01-01 22:30:10.233   193   193 W Resources: Preloaded drawable resource #0x1080494 (android:drawable/list_focused_holo) that varies with configuration!!
01-01 22:30:10.233   193   193 W Resources: Preloaded drawable resource #0x108044b (android:drawable/item_background_holo_dark) that varies with configuration!!
01-01 22:30:10.234   193   193 W Resources: Preloaded drawable resource #0x10804bd (android:drawable/list_selector_disabled_holo_light) that varies with configuration!!
01-01 22:30:10.234   193   193 W Resources: Preloaded drawable resource #0x10804bd (android:drawable/list_selector_disabled_holo_light) that varies with configuration!!
01-01 22:30:10.234   193   193 W Resources: Preloaded drawable resource #0x1080494 (android:drawable/list_focused_holo) that varies with configuration!!
01-01 22:30:10.235   193   193 W Resources: Preloaded drawable resource #0x108044c (android:drawable/item_background_holo_light) that varies with configuration!!
01-01 22:30:10.236   193   193 W Resources: Preloaded drawable resource #0x10802d4 (android:drawable/fastscroll_thumb_pressed_holo) that varies with configuration!!
01-01 22:30:10.236   193   193 W Resources: Preloaded drawable resource #0x10802d1 (android:drawable/fastscroll_thumb_default_holo) that varies with configuration!!
01-01 22:30:10.236   193   193 W Resources: Preloaded drawable resource #0x10802d2 (android:drawable/fastscroll_thumb_holo) that varies with configuration!!
01-01 22:30:10.237   193   193 W Resources: Preloaded drawable resource #0x10802d4 (android:drawable/fastscroll_thumb_pressed_holo) that varies with configuration!!
01-01 22:30:10.237   193   193 W Resources: Preloaded drawable resource #0x10802d1 (android:drawable/fastscroll_thumb_default_holo) that varies with configuration!!
01-01 22:30:10.238   193   193 W Resources: Preloaded drawable resource #0x10802da (android:drawable/fastscroll_track_pressed_holo_dark) that varies with configuration!!
01-01 22:30:10.239   193   193 W Resources: Preloaded drawable resource #0x10802d5 (android:drawable/fastscroll_track_default_holo_dark) that varies with configuration!!
01-01 22:30:10.239   193   193 W Resources: Preloaded drawable resource #0x10802d7 (android:drawable/fastscroll_track_holo_dark) that varies with configuration!!
01-01 22:30:10.239   193   193 W Resources: Preloaded drawable resource #0x10802da (android:drawable/fastscroll_track_pressed_holo_dark) that varies with configuration!!
01-01 22:30:10.239   193   193 W Resources: Preloaded drawable resource #0x10802d5 (android:drawable/fastscroll_track_default_holo_dark) that varies with configuration!!
01-01 22:30:10.240   193   193 W Resources: Preloaded drawable resource #0x10802db (android:drawable/fastscroll_track_pressed_holo_light) that varies with configuration!!
01-01 22:30:10.240   193   193 W Resources: Preloaded drawable resource #0x10802d6 (android:drawable/fastscroll_track_default_holo_light) that varies with configuration!!
01-01 22:30:10.240   193   193 W Resources: Preloaded drawable resource #0x10802d8 (android:drawable/fastscroll_track_holo_light) that varies with configuration!!
01-01 22:30:10.240   193   193 W Resources: Preloaded drawable resource #0x10802db (android:drawable/fastscroll_track_pressed_holo_light) that varies with configuration!!
01-01 22:30:10.241   193   193 W Resources: Preloaded drawable resource #0x10802d6 (android:drawable/fastscroll_track_default_holo_light) that varies with configuration!!
01-01 22:30:10.241   193   193 W Resources: Preloaded drawable resource #0x10802ac (android:drawable/editbox_dropdown_background_dark) that varies with configuration!!
01-01 22:30:10.241   193   193 W Resources: Preloaded drawable resource #0x108072a (android:drawable/textfield_search_selected_holo_dark) that varies with configuration!!
01-01 22:30:10.242   193   193 W Resources: Preloaded drawable resource #0x108071c (android:drawable/textfield_search_default_holo_dark) that varies with configuration!!
01-01 22:30:10.242   193   193 W Resources: Preloaded drawable resource #0x108072c (android:drawable/textfield_searchview_holo_dark) that varies with configuration!!
01-01 22:30:10.242   193   193 W Resources: Preloaded drawable resource #0x1080727 (android:drawable/textfield_search_right_selected_holo_dark) that varies with configuration!!
01-01 22:30:10.242   193   193 W Resources: Preloaded drawable resource #0x1080725 (android:drawable/textfield_search_right_default_holo_dark) that varies with configuration!!
01-01 22:30:10.243   193   193 W Resources: Preloaded drawable resource #0x108072e (android:drawable/textfield_searchview_right_holo_dark) that varies with configuration!!
01-01 22:30:10.243   193   193 W Resources: Preloaded drawable resource #0x108072b (android:drawable/textfield_search_selected_holo_light) that varies with configuration!!
01-01 22:30:10.243   193   193 W Resources: Preloaded drawable resource #0x108071d (android:drawable/textfield_search_default_holo_light) that varies with configuration!!
01-01 22:30:10.244   193   193 W Resources: Preloaded drawable resource #0x108072d (android:drawable/textfield_searchview_holo_light) that varies with configuration!!
01-01 22:30:10.244   193   193 W Resources: Preloaded drawable resource #0x1080728 (android:drawable/textfield_search_right_selected_holo_light) that varies with configuration!!
01-01 22:30:10.244   193   193 W Resources: Preloaded drawable resource #0x1080726 (android:drawable/textfield_search_right_default_holo_light) that varies with configuration!!
01-01 22:30:10.244   193   193 W Resources: Preloaded drawable resource #0x108072f (android:drawable/textfield_searchview_right_holo_light) that varies with configuration!!
01-01 22:30:10.245   193   193 W Resources: Preloaded drawable resource #0x108072a (android:drawable/textfield_search_selected_holo_dark) that varies with configuration!!
01-01 22:30:10.245   193   193 W Resources: Preloaded drawable resource #0x108071c (android:drawable/textfield_search_default_holo_dark) that varies with configuration!!
01-01 22:30:10.245   193   193 W Resources: Preloaded drawable resource #0x1080727 (android:drawable/textfield_search_right_selected_holo_dark) that varies with configuration!!
01-01 22:30:10.246   193   193 W Resources: Preloaded drawable resource #0x1080725 (android:drawable/textfield_search_right_default_holo_dark) that varies with configuration!!
01-01 22:30:10.246   193   193 W Resources: Preloaded drawable resource #0x108072b (android:drawable/textfield_search_selected_holo_light) that varies with configuration!!
01-01 22:30:10.246   193   193 W Resources: Preloaded drawable resource #0x108071d (android:drawable/textfield_search_default_holo_light) that varies with configuration!!
01-01 22:30:10.246   193   193 W Resources: Preloaded drawable resource #0x1080728 (android:drawable/textfield_search_right_selected_holo_light) that varies with configuration!!
01-01 22:30:10.246   193   193 W Resources: Preloaded drawable resource #0x1080726 (android:drawable/textfield_search_right_default_holo_light) that varies with configuration!!
01-01 22:30:10.247   193   193 W Resources: Preloaded drawable resource #0x10806e7 (android:drawable/tab_unselected_holo) that varies with configuration!!
01-01 22:30:10.247   193   193 W Resources: Preloaded drawable resource #0x10806e2 (android:drawable/tab_selected_holo) that varies with configuration!!
01-01 22:30:10.247   193   193 W Resources: Preloaded drawable resource #0x10806e6 (android:drawable/tab_unselected_focused_holo) that varies with configuration!!
01-01 22:30:10.247   193   193 W Resources: Preloaded drawable resource #0x10806e1 (android:drawable/tab_selected_focused_holo) that varies with configuration!!
01-01 22:30:10.248   193   193 W Resources: Preloaded drawable resource #0x10806e8 (android:drawable/tab_unselected_pressed_holo) that varies with configuration!!
01-01 22:30:10.248   193   193 W Resources: Preloaded drawable resource #0x10806e3 (android:drawable/tab_selected_pressed_holo) that varies with configuration!!
01-01 22:30:10.248   193   193 W Resources: Preloaded drawable resource #0x10806e8 (android:drawable/tab_unselected_pressed_holo) that varies with configuration!!
01-01 22:30:10.248   193   193 W Resources: Preloaded drawable resource #0x10806e3 (android:drawable/tab_selected_pressed_holo) that varies with configuration!!
01-01 22:30:10.248   193   193 W Resources: Preloaded drawable resource #0x10806d4 (android:drawable/tab_indicator_holo) that varies with configuration!!
01-01 22:30:10.249   193   193 W Resources: Preloaded drawable resource #0x10806e7 (android:drawable/tab_unselected_holo) that varies with configuration!!
01-01 22:30:10.249   193   193 W Resources: Preloaded drawable resource #0x10806e2 (android:drawable/tab_selected_holo) that varies with configuration!!
01-01 22:30:10.249   193   193 W Resources: Preloaded drawable resource #0x10806e6 (android:drawable/tab_unselected_focused_holo) that varies with configuration!!
01-01 22:30:10.250   193   193 W Resources: Preloaded drawable resource #0x10806e1 (android:drawable/tab_selected_focused_holo) that varies with configuration!!
01-01 22:30:10.250   193   193 W Resources: Preloaded drawable resource #0x10806e8 (android:drawable/tab_unselected_pressed_holo) that varies with configuration!!
01-01 22:30:10.250   193   193 W Resources: Preloaded drawable resource #0x10806e3 (android:drawable/tab_selected_pressed_holo) that varies with configuration!!
01-01 22:30:10.251   193   193 W Resources: Preloaded drawable resource #0x1080594 (android:drawable/quickcontact_badge_overlay_pressed_dark) that varies with configuration!!
01-01 22:30:10.251   193   193 W Resources: Preloaded drawable resource #0x108058b (android:drawable/quickcontact_badge_overlay_focused_dark) that varies with configuration!!
01-01 22:30:10.252   193   193 W Resources: Preloaded drawable resource #0x1080590 (android:drawable/quickcontact_badge_overlay_normal_dark) that varies with configuration!!
01-01 22:30:10.252   193   193 W Resources: Preloaded drawable resource #0x108058a (android:drawable/quickcontact_badge_overlay_dark) that varies with configuration!!
01-01 22:30:10.252   193   193 W Resources: Preloaded drawable resource #0x1080590 (android:drawable/quickcontact_badge_overlay_normal_dark) that varies with configuration!!
01-01 22:30:10.253   193   193 W Resources: Preloaded drawable resource #0x1080594 (android:drawable/quickcontact_badge_overlay_pressed_dark) that varies with configuration!!
01-01 22:30:10.254   193   193 W Resources: Preloaded drawable resource #0x1080596 (android:drawable/quickcontact_badge_overlay_pressed_light) that varies with configuration!!
01-01 22:30:10.254   193   193 W Resources: Preloaded drawable resource #0x108058d (android:drawable/quickcontact_badge_overlay_focused_light) that varies with configuration!!
01-01 22:30:10.255   193   193 W Resources: Preloaded drawable resource #0x1080592 (android:drawable/quickcontact_badge_overlay_normal_light) that varies with configuration!!
01-01 22:30:10.255   193   193 W Resources: Preloaded drawable resource #0x108058f (android:drawable/quickcontact_badge_overlay_light) that varies with configuration!!
01-01 22:30:10.255   193   193 W Resources: Preloaded drawable resource #0x1080592 (android:drawable/quickcontact_badge_overlay_normal_light) that varies with configuration!!
01-01 22:30:10.255   193   193 W Resources: Preloaded drawable resource #0x1080596 (android:drawable/quickcontact_badge_overlay_pressed_light) that varies with configuration!!
01-01 22:30:10.256   193   193 W Resources: Preloaded drawable resource #0x10800b6 (android:drawable/ab_share_pack_material) that varies with configuration!!
01-01 22:30:10.256   193   193 W Resources: Preloaded drawable resource #0x10800bb (android:drawable/ab_solid_shadow_material) that varies with configuration!!
01-01 22:30:10.276   193   193 W Resources: Preloaded drawable resource #0x1080182 (android:drawable/btn_radio_material_anim) that varies with configuration!!
01-01 22:30:10.277   193   193 W Resources: Preloaded drawable resource #0x10801f6 (android:drawable/btn_star_material) that varies with configuration!!
01-01 22:30:10.278   193   193 W Resources: Preloaded drawable resource #0x1080251 (android:drawable/cab_background_bottom_material) that varies with configuration!!
01-01 22:30:10.279   193   193 W Resources: Preloaded drawable resource #0x1080255 (android:drawable/cab_background_top_material) that varies with configuration!!
01-01 22:30:10.280   193   193 W Resources: Preloaded drawable resource #0x10802a9 (android:drawable/edit_text_material) that varies with configuration!!
01-01 22:30:10.280   193   193 W Resources: Preloaded drawable resource #0x10802c5 (android:drawable/expander_group_material) that varies with configuration!!
01-01 22:30:10.284   193   193 W Resources: Preloaded drawable resource #0x108032c (android:drawable/ic_commit_search_api_material) that varies with configuration!!
01-01 22:30:10.285   193   193 W Resources: Preloaded drawable resource #0x1080346 (android:drawable/ic_find_next_material) that varies with configuration!!
01-01 22:30:10.285   193   193 W Resources: Preloaded drawable resource #0x108034a (android:drawable/ic_find_previous_material) that varies with configuration!!
01-01 22:30:10.287   193   193 W Resources: Preloaded drawable resource #0x1080399 (android:drawable/ic_media_route_connecting_material) that varies with configuration!!
01-01 22:30:10.288   193   193 W Resources: Preloaded drawable resource #0x1080399 (android:drawable/ic_media_route_connecting_material) that varies with configuration!!
01-01 22:30:10.289   193   193 W Resources: Preloaded drawable resource #0x108039f (android:drawable/ic_media_route_material) that varies with configuration!!
01-01 22:30:10.291   193   193 W Resources: Preloaded drawable resource #0x10803cb (android:drawable/ic_menu_find_material) that varies with configuration!!
01-01 22:30:10.293   193   193 W Resources: Preloaded drawable resource #0x10803e8 (android:drawable/ic_menu_search_material) that varies with configuration!!
01-01 22:30:10.297   193   193 W Resources: Preloaded drawable resource #0x108049f (android:drawable/list_section_divider_material) that varies with configuration!!
01-01 22:30:10.302   193   193 W Resources: Preloaded drawable resource #0x10805c3 (android:drawable/ratingbar_material) that varies with configuration!!
01-01 22:30:10.303   193   193 W Resources: Preloaded drawable resource #0x10805c7 (android:drawable/ratingbar_small_material) that varies with configuration!!
01-01 22:30:10.304   193   193 W Resources: Preloaded drawable resource #0x10805c2 (android:drawable/ratingbar_indicator_material) that varies with configuration!!
01-01 22:30:10.309   193   193 W Resources: Preloaded drawable resource #0x10802a9 (android:drawable/edit_text_material) that varies with configuration!!
01-01 22:30:10.310   193   193 W Resources: Preloaded drawable resource #0x1080637 (android:drawable/spinner_textfield_background_material) that varies with configuration!!
01-01 22:30:10.322   193   193 W Resources: Preloaded drawable resource #0x10806a7 (android:drawable/switch_thumb_material_anim) that varies with configuration!!
01-01 22:30:10.324   193   193 W Resources: Preloaded drawable resource #0x1080723 (android:drawable/textfield_search_material) that varies with configuration!!
01-01 22:30:10.325   193   193 W Resources: Preloaded drawable resource #0x10806f1 (android:drawable/text_select_handle_left_material) that varies with configuration!!
01-01 22:30:10.325   193   193 W Resources: Preloaded drawable resource #0x10806f4 (android:drawable/text_select_handle_middle_material) that varies with configuration!!
01-01 22:30:10.325   193   193 W Resources: Preloaded drawable resource #0x10806f7 (android:drawable/text_select_handle_right_material) that varies with configuration!!
01-01 22:30:10.326   193   193 I Zygote  : ...preloaded 342 resources in 427ms.
01-01 22:30:10.331   193   193 I Zygote  : ...preloaded 41 resources in 5ms.
01-01 22:30:10.331   193   193 I libEGL  : to search mali_so in soc specific path : /vendor/lib/egl/rk3288w
01-01 22:30:10.359   193   193 D libEGL  : loaded /vendor/lib/egl/rk3288w/libGLES_mali.so
01-01 22:30:10.370   193   193 I Zygote  : Preloading shared libraries...
01-01 22:30:10.444   193   193 D Zygote  : end preload
01-01 22:30:10.444   193   193 I art     : Starting a blocking GC Explicit
01-01 22:30:10.451   193   193 I art     : Explicit concurrent mark sweep GC freed 4445(679KB) AllocSpace objects, 0(0B) LOS objects, 43% free, 1340KB/2MB, paused 148us total 7.323ms
01-01 22:30:10.457   193   193 I art     : Starting a blocking GC Explicit
01-01 22:30:10.463   193   193 I art     : Explicit concurrent mark sweep GC freed 1215(238KB) AllocSpace objects, 0(0B) LOS objects, 48% free, 1102KB/2MB, paused 135us total 5.784ms
01-01 22:30:11.506   572   572 I PackageManager: /system/priv-app/GoogleLoginService changed; collecting certs
01-01 22:30:12.742   572   572 I PackageManager: /system/priv-app/GooglePlayservices changed; collecting certs
01-01 22:30:15.816   572   572 W ResourceType: Failure getting entry for 0x7f120429 (t=17 e=1065) (error -75)
01-01 22:30:18.155   572   572 D PackageManager: No files in app dir /system/vendor/app
01-01 22:30:18.155   572   572 D PackageManager: No files in app dir /oem/app
01-01 22:30:18.205   572   572 I SELinux : SELinux: Loaded file_contexts contexts from /file_contexts.
01-01 22:30:25.428   572   572 D PackageManager: No files in app dir /data/app-private
01-01 22:30:25.514   572   572 I art     : Starting a blocking GC Explicit
01-01 22:30:25.538   572   572 I art     : Explicit concurrent mark sweep GC freed 56145(3MB) AllocSpace objects, 5(500KB) LOS objects, 33% free, 4MB/6MB, paused 291us total 23.987ms
01-01 22:30:25.544   189   189 I lowmemorykiller: ActivityManager connected
01-01 22:30:25.717   572   572 D SensorService: nuSensorService starting...
01-01 22:30:25.724   572   572 D SensorsHal: sensor hal  v1.5 add angle calculation and calibration of gsensor support 2013-9-1
01-01 22:30:25.725   572   572 E SensorsHal: couldn't find 'lightsensor-level' input device
01-01 22:30:25.725   572   572 D SensorsHal: Couldn't open /dev/lightsensor (No such file or directory)
01-01 22:30:25.725   572   572 E SensorsHal: couldn't find 'proximity' input device
01-01 22:30:25.725   572   572 D SensorsHal: Couldn't open /dev/psensor (No such file or directory)
01-01 22:30:25.725   572   572 E SensorsHal: couldn't find 'compass' input device
01-01 22:30:25.725   572   572 D SensorsHal: Couldn't open /dev/compass (No such file or directory)
01-01 22:30:25.725   572   572 E SensorsHal: couldn't find 'gyro' input device
01-01 22:30:25.725   572   572 D SensorsHal: Couldn't open /dev/gyrosensor (No such file or directory)
01-01 22:30:25.725   572   572 D SensorsHal: GyroSensor::GyroSensor():No such file or directory
01-01 22:30:25.725   572   572 E SensorsHal: couldn't find 'pressure' input device
01-01 22:30:25.725   572   572 D SensorsHal: Couldn't open /dev/pressure (No such file or directory)
01-01 22:30:25.725   572   572 E SensorsHal: couldn't find 'temperature' input device
01-01 22:30:25.725   572   572 D SensorsHal: Couldn't open /dev/temperature (No such file or directory)
01-01 22:30:25.726   572   602 D SensorService: new thread SensorEventAckReceiver
01-01 22:30:25.726   572   603 D SensorService: nuSensorService thread starting...
01-01 22:30:25.729   572   584 E Lights  : write_int failed to open sys/class/leds/battery_led/brightness
01-01 22:30:25.753   572   572 W System  : ClassLoader referenced unknown path: /system/priv-app/SettingsProvider/lib/arm
01-01 22:30:25.767   572   572 E ConsumerIrService: Can't open consumer IR HW Module, error: -2
01-01 22:30:25.803   572   572 D AlarmManagerService: Kernel timezone updated to -630 minutes west of GMT
01-01 22:30:25.839   572   592 D Environment: screen raw size:1200,1920
01-01 22:30:25.839   572   592 D Environment: screen raw size:1200,1920
01-01 22:30:25.839   572   592 D Environment: screen raw size:1200,1920
01-01 22:30:25.839   572   592 D Environment: screen raw size:1200,1920
01-01 22:30:25.840   572   592 D Environment: screen raw size:1200,1920
01-01 22:30:25.841   572   592 D MouseControlSocket: responseThread start
01-01 22:30:25.842   572   592 D MouseControlSocket: thread name:MouseControlSocket//:::56456
01-01 22:30:25.847   572   616 D EventHub: No input device configuration file found for device 'gslX680'.
01-01 22:30:25.847   572   616 I EventHub: New device: id=1, fd=74, path='/dev/input/event0', name='gslX680', classes=0x14, configuration='', keyLayout='', keyCharacterMap='', builtinKeyboard=false, wakeMechanism=EPOLLWAKEUP, usingClockIoctl=true
01-01 22:30:25.848   572   616 D EventHub: No input device configuration file found for device 'gsensor'.
01-01 22:30:25.849   572   572 D BluetoothService: onStart: publishing BluetoothManagerService
--------- beginning of system
01-01 22:30:25.867   572   572 I SystemServer: Accessibility Manager
01-01 22:30:25.871   572   572 I ActivityManager: Config changes=1df8 {1.0 ?mcc?mnc en_US ldltr sw800dp w1280dp h800dp 240dpi xlrg land ?uimode ?night -touch -keyb/v/h -nav/h s.2}
01-01 22:30:25.877   572   586 I UsageStatsService: User[0] Rollover scheduled @ 2011-01-02 10:30:00(1293926400000)
01-01 22:30:25.878   572   572 I SystemServiceManager: Starting com.android.server.MountService$Lifecycle
01-01 22:30:25.884   572   617 D MountService: Thinking about reset, mSystemReady=false, mDaemonConnected=true
01-01 22:30:25.884   572   617 D MountService: Thinking about reset, mSystemReady=false, mDaemonConnected=true
01-01 22:30:25.884   572   617 D CryptdConnector: SND -> {1 cryptfs getfield SystemLocale}
01-01 22:30:25.884   191   207 I Ext4Crypt: ext4 crypto complete called on /data
01-01 22:30:25.884   191   207 I Ext4Crypt: No master key, so not ext4enc
01-01 22:30:25.885   572   572 I SystemServiceManager: Starting com.android.server.UiModeManagerService
01-01 22:30:25.885   572   619 D CryptdConnector: RCV <- {200 1 -1}
01-01 22:30:25.885   572   617 W MountService: No primary storage mounted!
01-01 22:30:25.885   572   617 D VoldConnector: SND -> {1 asec list}
01-01 22:30:25.886   572   572 I ActivityManager: Config changes=200 {1.0 ?mcc?mnc en_US ldltr sw800dp w1280dp h800dp 240dpi xlrg land -touch -keyb/v/h -nav/h s.3}
01-01 22:30:25.888   572   572 I SystemServer: LockSettingsService
01-01 22:30:25.888   572   618 D VoldConnector: RCV <- {200 1 asec operation succeeded}
01-01 22:30:25.889   572   617 I PackageManager: No secure containers found
01-01 22:30:25.889   572   617 W PackageManager: Unknown permission android.permission.SET_TIME  in package com.roboteam.teamy.usa
01-01 22:30:25.889   572   617 W PackageManager: Unknown permission android.permission.FOREGROUND_SERVICE in package com.roboteam.teamy.usa
01-01 22:30:25.889   572   617 W PackageManager: Not granting permission android.permission.WRITE_EXTERNAL_STORAGE to package com.google.android.youtube because it was previously installed without
01-01 22:30:25.889   572   617 W PackageManager: Not granting permission android.permission.MANAGE_DOCUMENTS to package com.google.android.youtube (protectionLevel=2 flags=0x385bbe44)
01-01 22:30:25.889   572   617 W PackageManager: Not granting permission android.permission.GET_ACCOUNTS to package com.google.android.youtube because it was previously installed without
01-01 22:30:25.889   572   617 W PackageManager: Not granting permission android.permission.CAMERA to package com.google.android.youtube because it was previously installed without
01-01 22:30:25.889   572   617 W PackageManager: Unknown permission android.permission.FOREGROUND_SERVICE in package com.google.android.youtube
01-01 22:30:25.889   572   617 W PackageManager: Not granting permission android.permission.READ_EXTERNAL_STORAGE to package com.google.android.youtube because it was previously installed without
01-01 22:30:25.889   572   617 W PackageManager: Not granting permission com.google.android.googleapps.permission.GOOGLE_AUTH to package com.android.providers.calendar (protectionLevel=2 flags=0x30083e45)
01-01 22:30:25.889   572   617 W PackageManager: Not granting permission com.google.android.googleapps.permission.GOOGLE_AUTH.cl to package com.android.providers.calendar (protectionLevel=2 flags=0x30083e45)
01-01 22:30:25.889   572   617 W PackageManager: Unknown permission com.android.launcher.permission.READ_SETTINGS in package com.android.winstart
01-01 22:30:25.890   572   617 W PackageManager: Unknown permission android.permission.ACCESS_ALL_EXTERNAL_STORAGE in package com.android.winstart
01-01 22:30:25.890   572   617 W PackageManager: Not granting permission android.permission.SEND_DOWNLOAD_COMPLETED_INTENTS to package com.android.vending (protectionLevel=2 flags=0x384abe45)
01-01 22:30:25.890   572   617 W PackageManager: Unknown permission android.permission.SEND_SMS_NO_CONFIRMATION in package com.android.vending
01-01 22:30:25.890   572   617 W PackageManager: Unknown permission com.google.android.partnersetup.permission.WRITE_APP_PROVIDER in package com.android.vending
01-01 22:30:25.890   572   617 W PackageManager: Not granting permission android.permission.BIND_WALLPAPER to package com.android.camera2 (protectionLevel=18 flags=0x3058bc45)
01-01 22:30:25.890   572   572 I SystemServiceManager: Starting com.android.server.DeviceIdleController
01-01 22:30:25.890   572   617 W PackageManager: Unknown permission com.android.launcher.permission.READ_SETTINGS in package com.android.onetimeinitializer
01-01 22:30:25.890   572   617 W PackageManager: Unknown permission com.android.launcher.permission.WRITE_SETTINGS in package com.android.onetimeinitializer
01-01 22:30:25.890   572   617 W PackageManager: Unknown permission android.permission.MANAGE_SOUND_TRIGGER in package com.google.android.gms
01-01 22:30:25.890   572   617 W PackageManager: Unknown permission com.google.android.apps.enterprise.dmagent.permission.AutoSyncPermission in package com.google.android.gms
01-01 22:30:25.891   572   617 W PackageManager: Unknown permission com.google.android.googlequicksearchbox.permission.PAUSE_HOTWORD in package com.google.android.gms
01-01 22:30:25.891   572   617 W PackageManager: Unknown permission android.permission.TETHER_PRIVILEGED in package com.google.android.gms
01-01 22:30:25.891   572   617 W PackageManager: Unknown permission com.google.android.hangouts.START_HANGOUT in package com.google.android.gms
01-01 22:30:25.891   572   617 W PackageManager: Unknown permission com.google.android.wearable.READ_SETTINGS in package com.google.android.gms
01-01 22:30:25.891   572   617 W PackageManager: Unknown permission com.google.android.wh.supervisor.permission.ACCESS_METADATA_SERVICE in package com.google.android.gms
01-01 22:30:25.891   572   617 W PackageManager: Unknown permission android.permission.SUBSTITUTE_NOTIFICATION_APP_NAME in package com.google.android.gms
01-01 22:30:25.891   572   617 W PackageManager: Unknown permission com.google.android.launcher.permission.RECEIVE_LAUNCH_BROADCASTS in package com.google.android.gms
01-01 22:30:25.891   572   617 W PackageManager: Unknown permission android.permission.SEND_SMS_NO_CONFIRMATION in package com.google.android.gms
01-01 22:30:25.891   572   617 W PackageManager: Unknown permission com.google.android.gm.permission.READ_GMAIL in package com.google.android.gms
01-01 22:30:25.892   572   617 W PackageManager: Unknown permission com.google.android.googleapps.permission.ACCESS_GOOGLE_PASSWORD in package com.google.android.gsf
01-01 22:30:25.892   572   617 W PackageManager: Unknown permission com.google.android.googleapps.permission.GOOGLE_MAIL_SWITCH in package com.google.android.gsf
01-01 22:30:25.892   572   617 W PackageManager: Not granting permission android.permission.DELETE_PACKAGES to package com.svox.pico (protectionLevel=18 flags=0x3808be45)
01-01 22:30:25.893   572   617 W PackageManager: Unknown permission com.google.android.gallery3d.permission.PICASA_STORE in package com.android.dreams.phototable
01-01 22:30:25.893   572   617 W PackageManager: Unknown permission com.android.launcher.permission.READ_SETTINGS in package com.android.settings
01-01 22:30:25.894   572   617 W PackageManager: Unknown permission com.android.launcher.permission.WRITE_SETTINGS in package com.android.settings
01-01 22:30:25.894   572   617 W PackageManager: Not granting permission android.permission.WRITE_EXTERNAL_STORAGE to package com.robotemi.launcher.captiveportal because it was previously installed without
01-01 22:30:25.894   572   617 W PackageManager: Not granting permission android.permission.READ_EXTERNAL_STORAGE to package com.robotemi.launcher.captiveportal because it was previously installed without
01-01 22:30:25.897   572   617 W PackageManager: Unknown permission com.android.email.permission.READ_ATTACHMENT in package com.android.exchange
01-01 22:30:25.897   572   617 W PackageManager: Unknown permission com.android.email.permission.ACCESS_PROVIDER in package com.android.exchange
01-01 22:30:25.897   572   617 W PackageManager: Not granting permission android.permission.WRITE_EXTERNAL_STORAGE to package com.robotemi.welcomingbtob because it was previously installed without
01-01 22:30:25.897   572   617 W PackageManager: Not granting permission android.permission.READ_EXTERNAL_STORAGE to package com.robotemi.welcomingbtob because it was previously installed without
01-01 22:30:25.897   572   617 W PackageManager: Unknown permission com.android.launcher.permission.READ_SETTINGS in package com.DeviceTest
01-01 22:30:25.898   572   617 W PackageManager: Unknown permission com.google.android.gallery3d.permission.GALLERY_PROVIDER in package com.android.bluetooth
01-01 22:30:25.898   572   617 W PackageManager: Unknown permission com.android.gallery3d.permission.GALLERY_PROVIDER in package com.android.bluetooth
01-01 22:30:25.918   572   616 D EventHub: No input device configuration file found for device 'rk29-keypad'.
01-01 22:30:25.924   572   616 W EventHub: Unable to disable kernel key repeat for /dev/input/event1: Function not implemented
01-01 22:30:25.924   572   616 I EventHub: New device: id=3, fd=81, path='/dev/input/event1', name='rk29-keypad', classes=0x401, configuration='', keyLayout='/system/usr/keylayout/rk29-keypad.kl', keyCharacterMap='/system/usr/keychars/Generic.kcm', builtinKeyboard=true, wakeMechanism=EPOLLWAKEUP, usingClockIoctl=true
01-01 22:30:25.944   572   616 I InputReader: Device added: id=-1, name='Virtual', sources=0x00000301
01-01 22:30:25.944   572   616 I InputReader: Device added: id=0, name='rk29-keypad', sources=0x00002103
01-01 22:30:25.945   572   616 I InputReader:   Touch device 'gslX680' could not query the properties of its associated display.  The device will be inoperable until the display size becomes available.
01-01 22:30:25.945   572   616 I InputReader: Device added: id=1, name='gslX680', sources=0x00001002
01-01 22:30:25.945   572   616 I InputReader: Reconfiguring input devices.  changes=0x00000004
01-01 22:30:25.945   572   616 I InputReader: Device reconfigured: id=1, name='gslX680', size 1200x1920, orientation 3, mode 1, display id 0
01-01 22:30:25.945   572   615 I ActivityManager: Config changes=8 {1.0 ?mcc?mnc en_US ldltr sw800dp w1280dp h800dp 240dpi xlrg land finger -keyb/v/h -nav/h s.4}
01-01 22:30:25.979   572   617 W MountService: No primary storage defined yet; hacking together a stub
01-01 22:30:25.980   572   617 W MountService: No primary storage defined yet; hacking together a stub
01-01 22:30:25.980   572   617 W MountService: No primary storage mounted!
01-01 22:30:25.980   572   617 D VoldConnector: SND -> {2 asec list}
01-01 22:30:25.981   572   618 D VoldConnector: RCV <- {200 2 asec operation succeeded}
01-01 22:30:25.982   572   572 I SystemServiceManager: Starting com.android.server.devicepolicy.DevicePolicyManagerService$Lifecycle
01-01 22:30:25.985   572   572 I SystemServer: Status Bar
01-01 22:30:25.986   572   572 I SystemServer: Clipboard Service
01-01 22:30:25.987   572   572 I SystemServer: NetworkManagement Service
01-01 22:30:25.991   572   572 I SystemServer: Text Service Manager Service
01-01 22:30:25.995   572   572 I SystemServer: Network Score Service
01-01 22:30:25.996   572   572 I SystemServer: NetworkStats Service
01-01 22:30:25.999   572   572 I SystemServer: NetworkPolicy Service
01-01 22:30:26.005   572   572 I SystemServiceManager: Starting com.android.server.wifi.p2p.WifiP2pService
01-01 22:30:26.068   572   572 I WifiP2pService: Registering wifip2p
01-01 22:30:26.070   572   572 I SystemServiceManager: Starting com.android.server.wifi.WifiService
01-01 22:30:26.141   572   572 D HS20    : Passpoint is disabled
01-01 22:30:26.149   572   572 D WifiController: isAirplaneModeOn = false, isWifiEnabled = true, isScanningAvailable = false
01-01 22:30:26.150   572   572 I WifiService: Registering wifi
01-01 22:30:26.151   572   572 I SystemServiceManager: Starting com.android.server.wifi.WifiScanningService
