--------- beginning of system
01-01 22:30:32.634   555   740 V WindowManager: Eval win Window{4a0be72 u0 com.roboteam.teamy.usa/com.roboteam.teamy.home.HomeActivity}: isDrawn=false, isAnimating=false
01-01 22:30:32.634   555   740 V WindowManager: Not displayed: s=null pv=false mDrawState=NO_SURFACE ah=false th=true a=false
01-01 22:30:32.637   555   699 V WindowManager: Window{92a4ba6 u0 KeyguardScrim} forcing orientation to 5
01-01 22:30:32.637   555   699 V WindowManager: Eval win Window{4a0be72 u0 com.roboteam.teamy.usa/com.roboteam.teamy.home.HomeActivity}: isDrawn=false, isAnimating=false
01-01 22:30:32.637   555   699 V WindowManager: Not displayed: s=null pv=false mDrawState=NO_SURFACE ah=false th=true a=false
01-01 22:30:33.249   555   624 D ConnectivityService: Got NetworkFactory Messenger for WIFI
01-01 22:30:33.249   555   624 D ConnectivityService: Got NetworkFactory Messenger for WIFI_UT
01-01 22:30:33.287   555  1076 V WindowManager: Window{92a4ba6 u0 KeyguardScrim} forcing orientation to 5
01-01 22:30:33.287   555   583 I WindowStateAnimator: createSurface WindowStateAnimator{7f813ad com.android.systemui.ImageWallpaper}: mDrawState=DRAW_PENDING
01-01 22:30:33.287   555   583 V WindowManager: Changing surface while display frozen: Window{96c38c4 u0 com.android.systemui.ImageWallpaper}
01-01 22:30:33.287   555   583 D WindowStateAnimator: rk_debug2 com.android.systemui.ImageWallpaper_Force_To_Dual
01-01 22:30:33.288   555   583 V WindowManager: Window{92a4ba6 u0 KeyguardScrim} forcing orientation to 5
01-01 22:30:33.289   555   583 V WindowManager: Eval win Window{4a0be72 u0 com.roboteam.teamy.usa/com.roboteam.teamy.home.HomeActivity}: isDrawn=false, isAnimating=false
01-01 22:30:33.289   555   583 V WindowManager: Not displayed: s=null pv=false mDrawState=NO_SURFACE ah=false th=true a=false
01-01 22:30:33.289   555   583 V WindowManager: Resize reasons for w=Window{96c38c4 u0 com.android.systemui.ImageWallpaper}:  contentInsetsChanged=true [0,0][1293,1484] visibleInsetsChanged=true [0,0][1293,1484] stableInsetsChanged=true [0,0][1293,1484] outsetsChanged=false [0,0][0,0] surfaceResized=true configChanged=true
01-01 22:30:33.289   555   583 V WindowManager: Changing surface while display frozen: Window{96c38c4 u0 com.android.systemui.ImageWallpaper}
01-01 22:30:33.289   555   583 V WindowManager: Orientation start waiting for draw mDrawState=DRAW_PENDING in Window{96c38c4 u0 com.android.systemui.ImageWallpaper}, surface Surface(name=com.android.systemui.ImageWallpaper_Force_To_Dual)
01-01 22:30:33.289   555   583 V WindowManager: Resizing window Window{96c38c4 u0 com.android.systemui.ImageWallpaper} to 3213.0x2684.0
01-01 22:30:33.305   555   583 V WindowState: Reporting new frame to Window{96c38c4 u0 com.android.systemui.ImageWallpaper}: Rect(0, 0 - 3213, 2684)
01-01 22:30:33.305   555   583 I WindowState: Sending new config to window Window{96c38c4 u0 com.android.systemui.ImageWallpaper}: 3213.0x2684.0 / config={1.0 ?mcc?mnc en_US ldltr sw800dp w1280dp h800dp 240dpi xlrg land finger -keyb/v/h -nav/h s.4} overrideConfig={1.0 ?mcc?mnc ?locale ?layoutDir ?swdp ?wdp ?hdp ?density ?lsize ?long ?orien ?uimode ?night ?touch ?keyb/?/? ?nav/?}
01-01 22:30:33.305   555   583 I WindowState: Resizing Window{96c38c4 u0 com.android.systemui.ImageWallpaper} WITH DRAW PENDING
01-01 22:30:33.306   555   583 V WindowManager: Eval win Window{4a0be72 u0 com.roboteam.teamy.usa/com.roboteam.teamy.home.HomeActivity}: isDrawn=false, isAnimating=false
01-01 22:30:33.306   555   583 V WindowManager: Not displayed: s=null pv=false mDrawState=NO_SURFACE ah=false th=true a=false
01-01 22:30:33.323   555   590 V WindowStateAnimator: Orientation continue waiting for draw in Window{96c38c4 u0 com.android.systemui.ImageWallpaper}
01-01 22:30:33.833   555   699 V WindowStateAnimator: finishDrawingLocked: mDrawState=COMMIT_DRAW_PENDING WindowStateAnimator{7f813ad com.android.systemui.ImageWallpaper} in Surface(name=com.android.systemui.ImageWallpaper_Force_To_Dual)
01-01 22:30:33.834   555   590 V WindowManager: Eval win Window{1ec3a73 u0 com.roboteam.teamy.usa/com.roboteam.teamy.boot.BootActivity}: isDrawn=false, isAnimating=false
01-01 22:30:33.834   555   590 V WindowManager: Not displayed: s=null pv=true mDrawState=NO_SURFACE ah=false th=false a=false
01-01 22:30:33.834   555   590 V WindowManager: Eval win Window{4a0be72 u0 com.roboteam.teamy.usa/com.roboteam.teamy.home.HomeActivity}: isDrawn=false, isAnimating=false
01-01 22:30:33.834   555   590 V WindowManager: Not displayed: s=null pv=false mDrawState=NO_SURFACE ah=false th=true a=false
01-01 22:30:33.834   555   590 I WindowManager:   SURFACE SHOW (performShowLocked): Window{96c38c4 u0 com.android.systemui.ImageWallpaper}
01-01 22:30:33.834   555   590 V WindowManager: Orientation not waiting for draw in Window{96c38c4 u0 com.android.systemui.ImageWallpaper}, surface Surface(name=com.android.systemui.ImageWallpaper_Force_To_Dual)
01-01 22:30:33.837   555   590 V WindowManager: Eval win Window{1ec3a73 u0 com.roboteam.teamy.usa/com.roboteam.teamy.boot.BootActivity}: isDrawn=false, isAnimating=false
01-01 22:30:33.837   555   590 V WindowManager: Not displayed: s=null pv=false mDrawState=NO_SURFACE ah=false th=false a=false
01-01 22:30:33.837   555   590 V WindowManager: Eval win Window{4a0be72 u0 com.roboteam.teamy.usa/com.roboteam.teamy.home.HomeActivity}: isDrawn=false, isAnimating=false
01-01 22:30:33.837   555   590 V WindowManager: Not displayed: s=null pv=false mDrawState=NO_SURFACE ah=false th=true a=false
01-01 22:30:33.933   555   698 I WindowStateAnimator: createSurface WindowStateAnimator{661de42 StatusBar}: mDrawState=DRAW_PENDING
01-01 22:30:33.933   555   698 V WindowManager: Changing surface while display frozen: Window{b2caffc u0 StatusBar}
01-01 22:30:33.934   555   698 D WindowStateAnimator: rk_debug2 StatusBar_Force_To_Dual
01-01 22:30:33.934   555   698 V WindowManager: Window{92a4ba6 u0 KeyguardScrim} forcing orientation to 5
01-01 22:30:33.935   555   698 V WindowManager: Resize reasons for w=Window{b2caffc u0 StatusBar}:  contentInsetsChanged=false [0,0][0,0] visibleInsetsChanged=false [0,0][0,0] stableInsetsChanged=false [0,0][0,0] outsetsChanged=false [0,0][0,0] surfaceResized=false configChanged=true
01-01 22:30:33.935   555   698 V WindowManager: Changing surface while display frozen: Window{b2caffc u0 StatusBar}
01-01 22:30:33.935   555   698 V WindowManager: Orientation start waiting for draw mDrawState=DRAW_PENDING in Window{b2caffc u0 StatusBar}, surface Surface(name=StatusBar_Force_To_Dual)
01-01 22:30:33.935   555   698 V WindowManager: Resizing window Window{b2caffc u0 StatusBar} to 1920.0x1.0
01-01 22:30:33.935   555   698 V WindowManager: Eval win Window{1ec3a73 u0 com.roboteam.teamy.usa/com.roboteam.teamy.boot.BootActivity}: isDrawn=false, isAnimating=false
01-01 22:30:33.935   555   698 V WindowManager: Not displayed: s=null pv=false mDrawState=NO_SURFACE ah=false th=false a=false
01-01 22:30:33.935   555   698 V WindowManager: Eval win Window{4a0be72 u0 com.roboteam.teamy.usa/com.roboteam.teamy.home.HomeActivity}: isDrawn=false, isAnimating=false
01-01 22:30:33.935   555   698 V WindowManager: Not displayed: s=null pv=false mDrawState=NO_SURFACE ah=false th=true a=false
01-01 22:30:33.935   555   698 V WindowState: Reporting new frame to Window{b2caffc u0 StatusBar}: Rect(0, 0 - 1920, 0)
01-01 22:30:33.936   555   698 I WindowState: Sending new config to window Window{b2caffc u0 StatusBar}: 1920.0x1.0 / config={1.0 ?mcc?mnc en_US ldltr sw800dp w1280dp h800dp 240dpi xlrg land finger -keyb/v/h -nav/h s.4} overrideConfig={1.0 ?mcc?mnc ?locale ?layoutDir ?swdp ?wdp ?hdp ?density ?lsize ?long ?orien ?uimode ?night ?touch ?keyb/?/? ?nav/?}
01-01 22:30:33.936   555   698 I WindowState: Resizing Window{b2caffc u0 StatusBar} WITH DRAW PENDING
01-01 22:30:33.942   555   590 V WindowStateAnimator: Orientation continue waiting for draw in Window{b2caffc u0 StatusBar}
01-01 22:30:33.949   555   623 D WifiService: New client listening to asynchronous messages
01-01 22:30:34.024   555  1072 I ActivityManager: Start proc 1456:com.google.android.gms/u0a6 for service com.google.android.gms/.ads.identifier.service.AdvertisingIdService
01-01 22:30:34.168   555  1072 V WindowManager: Window{92a4ba6 u0 KeyguardScrim} forcing orientation to 5
01-01 22:30:34.169   555  1072 V WindowManager: Eval win Window{1ec3a73 u0 com.roboteam.teamy.usa/com.roboteam.teamy.boot.BootActivity}: isDrawn=false, isAnimating=false
01-01 22:30:34.169   555  1072 V WindowManager: Not displayed: s=null pv=false mDrawState=NO_SURFACE ah=false th=false a=false
01-01 22:30:34.169   555  1072 V WindowManager: Eval win Window{4a0be72 u0 com.roboteam.teamy.usa/com.roboteam.teamy.home.HomeActivity}: isDrawn=false, isAnimating=false
01-01 22:30:34.169   555  1072 V WindowManager: Not displayed: s=null pv=false mDrawState=NO_SURFACE ah=false th=true a=false
01-01 22:30:34.170   555  1152 V WindowManager: Window{92a4ba6 u0 KeyguardScrim} forcing orientation to 5
01-01 22:30:34.171   555  1152 V WindowManager: Eval win Window{1ec3a73 u0 com.roboteam.teamy.usa/com.roboteam.teamy.boot.BootActivity}: isDrawn=false, isAnimating=false
01-01 22:30:34.171   555  1152 V WindowManager: Not displayed: s=null pv=false mDrawState=NO_SURFACE ah=false th=false a=false
01-01 22:30:34.171   555  1152 V WindowManager: Eval win Window{4a0be72 u0 com.roboteam.teamy.usa/com.roboteam.teamy.home.HomeActivity}: isDrawn=false, isAnimating=false
01-01 22:30:34.171   555  1152 V WindowManager: Not displayed: s=null pv=false mDrawState=NO_SURFACE ah=false th=true a=false
01-01 22:30:34.172   555   590 V WindowStateAnimator: Orientation continue waiting for draw in Window{b2caffc u0 StatusBar}
01-01 22:30:34.187   555  1072 V WindowStateAnimator: finishDrawingLocked: mDrawState=COMMIT_DRAW_PENDING WindowStateAnimator{661de42 StatusBar} in Surface(name=StatusBar_Force_To_Dual)
01-01 22:30:34.187   555   590 I WindowManager:   SURFACE SHOW (performShowLocked): Window{b2caffc u0 StatusBar}
01-01 22:30:34.187   555   590 V WindowManager: Orientation not waiting for draw in Window{b2caffc u0 StatusBar}, surface Surface(name=StatusBar_Force_To_Dual)
01-01 22:30:34.187   555   590 V WindowManager: Eval win Window{1ec3a73 u0 com.roboteam.teamy.usa/com.roboteam.teamy.boot.BootActivity}: isDrawn=false, isAnimating=false
01-01 22:30:34.187   555   590 V WindowManager: Not displayed: s=null pv=false mDrawState=NO_SURFACE ah=false th=false a=false
01-01 22:30:34.187   555   590 V WindowManager: Eval win Window{4a0be72 u0 com.roboteam.teamy.usa/com.roboteam.teamy.home.HomeActivity}: isDrawn=false, isAnimating=false
01-01 22:30:34.187   555   590 V WindowManager: Not displayed: s=null pv=false mDrawState=NO_SURFACE ah=false th=true a=false
01-01 22:30:34.190   555   590 V WindowManager: Eval win Window{1ec3a73 u0 com.roboteam.teamy.usa/com.roboteam.teamy.boot.BootActivity}: isDrawn=false, isAnimating=false
01-01 22:30:34.190   555   590 V WindowManager: Not displayed: s=null pv=false mDrawState=NO_SURFACE ah=false th=false a=false
01-01 22:30:34.190   555   590 V WindowManager: Eval win Window{4a0be72 u0 com.roboteam.teamy.usa/com.roboteam.teamy.home.HomeActivity}: isDrawn=false, isAnimating=false
01-01 22:30:34.190   555   590 V WindowManager: Not displayed: s=null pv=false mDrawState=NO_SURFACE ah=false th=true a=false
01-01 22:30:34.271   700   700 E ActivityThread: Performing stop of activity that is not resumed: {com.roboteam.teamy.usa/com.roboteam.teamy.home.HomeActivity}
01-01 22:30:34.271   700   700 E ActivityThread: java.lang.RuntimeException: Performing stop of activity that is not resumed: {com.roboteam.teamy.usa/com.roboteam.teamy.home.HomeActivity}
01-01 22:30:34.271   700   700 E ActivityThread: 	at android.app.ActivityThread.performStopActivityInner(ActivityThread.java:3465)
01-01 22:30:34.271   700   700 E ActivityThread: 	at android.app.ActivityThread.handleStopActivity(ActivityThread.java:3550)
01-01 22:30:34.271   700   700 E ActivityThread: 	at android.app.ActivityThread.-wrap20(ActivityThread.java)
01-01 22:30:34.271   700   700 E ActivityThread: 	at android.app.ActivityThread$H.handleMessage(ActivityThread.java:1373)
01-01 22:30:34.271   700   700 E ActivityThread: 	at android.os.Handler.dispatchMessage(Handler.java:102)
01-01 22:30:34.271   700   700 E ActivityThread: 	at android.os.Looper.loop(Looper.java:148)
01-01 22:30:34.271   700   700 E ActivityThread: 	at android.app.ActivityThread.main(ActivityThread.java:5417)
01-01 22:30:34.271   700   700 E ActivityThread: 	at java.lang.reflect.Method.invoke(Native Method)
01-01 22:30:34.271   700   700 E ActivityThread: 	at com.android.internal.os.ZygoteInit$MethodAndArgsCaller.run(ZygoteInit.java:772)
01-01 22:30:34.271   700   700 E ActivityThread: 	at com.android.internal.os.ZygoteInit.main(ZygoteInit.java:662)
01-01 22:30:34.272   555  1117 V WindowStateAnimator: finishDrawingLocked: mDrawState=COMMIT_DRAW_PENDING WindowStateAnimator{5d071ce } in Surface(name=)
01-01 22:30:34.272   555   590 V WindowManager: Eval win Window{1ec3a73 u0 com.roboteam.teamy.usa/com.roboteam.teamy.boot.BootActivity}: isDrawn=false, isAnimating=false
01-01 22:30:34.272   555   590 V WindowManager: Not displayed: s=null pv=false mDrawState=NO_SURFACE ah=false th=false a=false
01-01 22:30:34.272   555   590 V WindowManager: Eval win Window{4a0be72 u0 com.roboteam.teamy.usa/com.roboteam.teamy.home.HomeActivity}: isDrawn=false, isAnimating=false
01-01 22:30:34.272   555   590 V WindowManager: Not displayed: s=null pv=false mDrawState=NO_SURFACE ah=false th=true a=false
01-01 22:30:34.289   555   583 I WindowStateAnimator: createSurface WindowStateAnimator{7cee1f9 com.roboteam.teamy.usa/com.roboteam.teamy.boot.BootActivity}: mDrawState=DRAW_PENDING
01-01 22:30:34.289   555   583 V WindowManager: Changing surface while display frozen: Window{1ec3a73 u0 com.roboteam.teamy.usa/com.roboteam.teamy.boot.BootActivity}
01-01 22:30:34.290   555   583 V WindowManager: Window{92a4ba6 u0 KeyguardScrim} forcing orientation to 5
01-01 22:30:34.291   555   583 V WindowManager: Eval win Window{1ec3a73 u0 com.roboteam.teamy.usa/com.roboteam.teamy.boot.BootActivity}: isDrawn=false, isAnimating=false
01-01 22:30:34.291   555   583 V WindowManager: Not displayed: s=Surface(name=com.roboteam.teamy.usa/com.roboteam.teamy.boot.BootActivity) pv=false mDrawState=DRAW_PENDING ah=false th=false a=false
01-01 22:30:34.291   555   583 V WindowManager: Resize reasons for w=Window{1ec3a73 u0 com.roboteam.teamy.usa/com.roboteam.teamy.boot.BootActivity}:  contentInsetsChanged=false [0,0][0,0] visibleInsetsChanged=false [0,0][0,0] stableInsetsChanged=false [0,0][0,0] outsetsChanged=false [0,0][0,0] surfaceResized=false configChanged=true
01-01 22:30:34.291   555   583 V WindowManager: Changing surface while display frozen: Window{1ec3a73 u0 com.roboteam.teamy.usa/com.roboteam.teamy.boot.BootActivity}
01-01 22:30:34.291   555   583 V WindowManager: Orientation start waiting for draw mDrawState=DRAW_PENDING in Window{1ec3a73 u0 com.roboteam.teamy.usa/com.roboteam.teamy.boot.BootActivity}, surface Surface(name=com.roboteam.teamy.usa/com.roboteam.teamy.boot.BootActivity)
01-01 22:30:34.291   555   583 V WindowManager: Resizing window Window{1ec3a73 u0 com.roboteam.teamy.usa/com.roboteam.teamy.boot.BootActivity} to 1920.0x1200.0
01-01 22:30:34.291   555   583 V WindowManager: Eval win Window{4a0be72 u0 com.roboteam.teamy.usa/com.roboteam.teamy.home.HomeActivity}: isDrawn=false, isAnimating=false
01-01 22:30:34.291   555   583 V WindowManager: Not displayed: s=null pv=false mDrawState=NO_SURFACE ah=false th=true a=false
01-01 22:30:34.291   555   583 V WindowState: Reporting new frame to Window{1ec3a73 u0 com.roboteam.teamy.usa/com.roboteam.teamy.boot.BootActivity}: Rect(0, 0 - 1920, 1200)
01-01 22:30:34.291   555   583 I WindowState: Sending new config to window Window{1ec3a73 u0 com.roboteam.teamy.usa/com.roboteam.teamy.boot.BootActivity}: 1920.0x1200.0 / config={1.0 ?mcc?mnc en_US ldltr sw800dp w1280dp h800dp 240dpi xlrg land finger -keyb/v/h -nav/h s.4} overrideConfig={1.0 ?mcc?mnc ?locale ?layoutDir ?swdp ?wdp ?hdp ?density ?lsize ?long ?orien ?uimode ?night ?touch ?keyb/?/? ?nav/?}
01-01 22:30:34.291   555   583 I WindowState: Resizing Window{1ec3a73 u0 com.roboteam.teamy.usa/com.roboteam.teamy.boot.BootActivity} WITH DRAW PENDING
01-01 22:30:34.296   555   590 V WindowStateAnimator: Orientation change skips hidden Window{1ec3a73 u0 com.roboteam.teamy.usa/com.roboteam.teamy.boot.BootActivity}
01-01 22:30:34.296   555   590 V WindowManager: Eval win Window{1ec3a73 u0 com.roboteam.teamy.usa/com.roboteam.teamy.boot.BootActivity}: isDrawn=false, isAnimating=false
01-01 22:30:34.296   555   590 V WindowManager: Not displayed: s=Surface(name=com.roboteam.teamy.usa/com.roboteam.teamy.boot.BootActivity) pv=false mDrawState=DRAW_PENDING ah=false th=false a=false
01-01 22:30:34.296   555   590 V WindowManager: Eval win Window{4a0be72 u0 com.roboteam.teamy.usa/com.roboteam.teamy.home.HomeActivity}: isDrawn=false, isAnimating=false
01-01 22:30:34.296   555   590 V WindowManager: Not displayed: s=null pv=false mDrawState=NO_SURFACE ah=false th=true a=false
01-01 22:30:34.341   555   699 V WindowManager: Window{92a4ba6 u0 KeyguardScrim} forcing orientation to 5
01-01 22:30:34.341   555   699 V WindowManager: Eval win Window{1ec3a73 u0 com.roboteam.teamy.usa/com.roboteam.teamy.boot.BootActivity}: isDrawn=false, isAnimating=false
01-01 22:30:34.341   555   699 V WindowManager: Not displayed: s=Surface(name=com.roboteam.teamy.usa/com.roboteam.teamy.boot.BootActivity) pv=false mDrawState=DRAW_PENDING ah=false th=false a=false
01-01 22:30:34.341   555   699 V WindowManager: Eval win Window{4a0be72 u0 com.roboteam.teamy.usa/com.roboteam.teamy.home.HomeActivity}: isDrawn=false, isAnimating=false
01-01 22:30:34.341   555   699 V WindowManager: Not displayed: s=null pv=false mDrawState=NO_SURFACE ah=false th=true a=false
01-01 22:30:34.696   555   739 I ActivityManager: Activity reported stop, but no longer stopping: ActivityRecord{c94a2d5 u0 com.roboteam.teamy.usa/com.roboteam.teamy.home.HomeActivity t171}
01-01 22:30:34.881   555  1152 V WindowStateAnimator: finishDrawingLocked: mDrawState=COMMIT_DRAW_PENDING WindowStateAnimator{7cee1f9 com.roboteam.teamy.usa/com.roboteam.teamy.boot.BootActivity} in Surface(name=com.roboteam.teamy.usa/com.roboteam.teamy.boot.BootActivity)
01-01 22:30:34.881   555   590 V WindowManager: Eval win Window{1ec3a73 u0 com.roboteam.teamy.usa/com.roboteam.teamy.boot.BootActivity}: isDrawn=true, isAnimating=false
01-01 22:30:34.881   555   590 V WindowManager: tokenMayBeDrawn: AppWindowToken{16b1041 token=Token{99bb28 ActivityRecord{7d4354b u0 com.roboteam.teamy.usa/com.roboteam.teamy.boot.BootActivity t172}}} freezingScreen=false mAppFreezing=false
01-01 22:30:34.881   555   590 V WindowManager: Eval win Window{4a0be72 u0 com.roboteam.teamy.usa/com.roboteam.teamy.home.HomeActivity}: isDrawn=false, isAnimating=false
01-01 22:30:34.881   555   590 V WindowManager: Not displayed: s=null pv=false mDrawState=NO_SURFACE ah=false th=true a=false
01-01 22:30:34.882   555   590 I WindowManager:   SURFACE SHOW (performShowLocked): Window{1ec3a73 u0 com.roboteam.teamy.usa/com.roboteam.teamy.boot.BootActivity}
01-01 22:30:34.883   555   590 V WindowManager: Eval win Window{4a0be72 u0 com.roboteam.teamy.usa/com.roboteam.teamy.home.HomeActivity}: isDrawn=false, isAnimating=false
01-01 22:30:34.883   555   590 V WindowManager: Not displayed: s=null pv=false mDrawState=NO_SURFACE ah=false th=true a=false
01-01 22:30:34.898   555   590 V WindowManager: Eval win Window{4a0be72 u0 com.roboteam.teamy.usa/com.roboteam.teamy.home.HomeActivity}: isDrawn=false, isAnimating=false
01-01 22:30:34.898   555   590 V WindowManager: Not displayed: s=null pv=false mDrawState=NO_SURFACE ah=false th=true a=false
01-01 22:30:35.135   555   585 W KeyguardServiceDelegate: onScreenTurningOn(): no keyguard service!
01-01 22:30:35.172   555   740 D WifiService: setWifiEnabled: true pid=700, uid=1000
01-01 22:30:35.172   555   740 E WifiService: Invoking mWifiStateMachine.setWifiEnabled
01-01 22:30:35.218   555   583 V WindowManager: Window{92a4ba6 u0 KeyguardScrim} forcing orientation to 5
01-01 22:30:35.218   555   583 V WindowManager: Eval win Window{4a0be72 u0 com.roboteam.teamy.usa/com.roboteam.teamy.home.HomeActivity}: isDrawn=false, isAnimating=false
01-01 22:30:35.218   555   583 V WindowManager: Not displayed: s=null pv=false mDrawState=NO_SURFACE ah=false th=true a=false
01-01 22:30:35.233   555   590 I WindowManager:   SURFACE SHOW (performShowLocked): Window{47ec740 u0 com.roboteam.teamy.usa}
01-01 22:30:35.235   555   590 V WindowManager: Eval win Window{4a0be72 u0 com.roboteam.teamy.usa/com.roboteam.teamy.home.HomeActivity}: isDrawn=false, isAnimating=false
01-01 22:30:35.235   555   590 V WindowManager: Not displayed: s=null pv=true mDrawState=NO_SURFACE ah=false th=true a=false
01-01 22:30:35.248   555   590 V WindowManager: Resize reasons for w=Window{92a4ba6 u0 KeyguardScrim}:  contentInsetsChanged=true [0,0][0,0] visibleInsetsChanged=false [0,0][0,0] stableInsetsChanged=false [0,0][0,0] outsetsChanged=false [0,0][0,0] surfaceResized=false configChanged=false
01-01 22:30:35.248   555   590 V WindowManager: Changing surface while display frozen: Window{92a4ba6 u0 KeyguardScrim}
01-01 22:30:35.248   555   590 V WindowManager: Orientation start waiting for draw mDrawState=DRAW_PENDING in Window{92a4ba6 u0 KeyguardScrim}, surface Surface(name=KeyguardScrim_Force_To_Dual)
01-01 22:30:35.248   555   590 V WindowManager: Resizing window Window{92a4ba6 u0 KeyguardScrim} to 1920.0x1200.0
01-01 22:30:35.248   555   590 V WindowManager: Eval win Window{4a0be72 u0 com.roboteam.teamy.usa/com.roboteam.teamy.home.HomeActivity}: isDrawn=false, isAnimating=false
01-01 22:30:35.248   555   590 V WindowManager: Not displayed: s=null pv=true mDrawState=NO_SURFACE ah=false th=true a=false
01-01 22:30:35.248   555   590 V WindowState: Reporting new frame to Window{92a4ba6 u0 KeyguardScrim}: Rect(0, 0 - 1920, 1200)
01-01 22:30:35.248   555   590 I WindowState: Resizing Window{92a4ba6 u0 KeyguardScrim} WITH DRAW PENDING
01-01 22:30:35.251   555   590 V WindowStateAnimator: Orientation continue waiting for draw in Window{92a4ba6 u0 KeyguardScrim}
01-01 22:30:35.252   555   555 V WindowManager: Done at AppWindowToken{16b1041 token=Token{99bb28 ActivityRecord{7d4354b u0 com.roboteam.teamy.usa/com.roboteam.teamy.boot.BootActivity t172}}} -- full screen, return 0
01-01 22:30:35.253   555   555 V WindowManager: Deferring rotation, display is not enabled.
01-01 22:30:35.253   555   555 V WindowManager: Eval win Window{4a0be72 u0 com.roboteam.teamy.usa/com.roboteam.teamy.home.HomeActivity}: isDrawn=false, isAnimating=false
01-01 22:30:35.253   555   555 V WindowManager: Not displayed: s=null pv=true mDrawState=NO_SURFACE ah=false th=true a=false
01-01 22:30:35.269   555   590 V WindowStateAnimator: Orientation change skips hidden Window{92a4ba6 u0 KeyguardScrim}
01-01 22:30:35.269   555   590 V WindowManager: Eval win Window{4a0be72 u0 com.roboteam.teamy.usa/com.roboteam.teamy.home.HomeActivity}: isDrawn=false, isAnimating=false
01-01 22:30:35.269   555   590 V WindowManager: Not displayed: s=null pv=true mDrawState=NO_SURFACE ah=false th=true a=false
01-01 22:30:35.271   555   590 I WindowManager: ******* TELLING SURFACE FLINGER WE ARE BOOTED!
01-01 22:30:36.078   555   590 I SystemServiceManager: Starting phase 1000
01-01 22:30:36.093   555   590 I ActivityManager: Start proc 1531:com.android.bluetooth/1002 for on-hold
01-01 22:30:36.096   555   590 V WindowManager: updateRotationUnchecked(alwaysSendConfiguration=true)
01-01 22:30:36.097   555   590 V WindowManager: Application requested orientation 0, got rotation 1 which has compatible metrics
01-01 22:30:36.097   555   590 V WindowManager: Eval win Window{4a0be72 u0 com.roboteam.teamy.usa/com.roboteam.teamy.home.HomeActivity}: isDrawn=false, isAnimating=false
01-01 22:30:36.097   555   590 V WindowManager: Not displayed: s=null pv=true mDrawState=NO_SURFACE ah=false th=true a=false
01-01 22:30:36.101   555   590 V WindowManager: Eval win Window{4a0be72 u0 com.roboteam.teamy.usa/com.roboteam.teamy.home.HomeActivity}: isDrawn=false, isAnimating=false
01-01 22:30:36.101   555   590 V WindowManager: Not displayed: s=null pv=true mDrawState=NO_SURFACE ah=false th=true a=false
01-01 22:30:36.104   555   590 V WindowManager: updateRotationUnchecked(alwaysSendConfiguration=false)
01-01 22:30:36.104   555   590 V WindowManager: Application requested orientation 0, got rotation 1 which has compatible metrics
01-01 22:30:36.104   555   590 V WindowManager: Eval win Window{4a0be72 u0 com.roboteam.teamy.usa/com.roboteam.teamy.home.HomeActivity}: isDrawn=false, isAnimating=false
01-01 22:30:36.104   555   590 V WindowManager: Not displayed: s=null pv=true mDrawState=NO_SURFACE ah=false th=true a=false
01-01 22:30:36.114   555   555 D ZenLog  : intercepted: -1|android|17040349|null|1000,alarmsOnly
01-01 22:30:36.114   555   555 V NotificationService: pkg=android canInterrupt=false intercept=true
01-01 22:30:36.330   555  1544 I ActivityManager: Start proc 1559:com.android.keychain/1000 for service com.android.keychain/.KeyChainService
01-01 22:30:37.013   555  1076 I ActivityManager: Start proc 1597:com.android.managedprovisioning/u0a8 for broadcast com.android.managedprovisioning/.BootReminder
01-01 22:30:37.048   555  1575 I BootReceiver: Copying audit failures to DropBox
01-01 22:30:37.056   555  1575 I BootReceiver: Copied 0 worth of audits to DropBox
01-01 22:30:37.056   555  1575 I BootReceiver: Checking for fsck errors
01-01 22:30:37.451   555   583 I ActivityManager: Start proc 1626:com.android.onetimeinitializer/u0a9 for broadcast com.android.onetimeinitializer/.OneTimeInitializerReceiver
01-01 22:30:37.564   555  1152 I ActivityManager: Start proc 1641:com.google.android.inputmethod.pinyin/u0a25 for broadcast com.google.android.inputmethod.pinyin/com.google.android.apps.inputmethod.libs.framework.core.LauncherIconVisibilityInitializer
--------- beginning of main
01-01 22:30:38.119   993  1667 D EasyUnlockInitService: Handling intent for initializer IntentService.
01-01 22:30:38.155  1456  1466 W art     : Suspending all threads took: 7.101ms
01-01 22:30:38.284  1456  1594 D PeriodicTasksManager: Will schedule periodic tasks:android.intent.action.BOOT_COMPLETED.
01-01 22:30:38.287  1641  1641 I AndroidIME: com.google.android.apps.inputmethod.libs.framework.core.LauncherIconVisibilityInitializerBase: android.intent.action.BOOT_COMPLETED
01-01 22:30:38.350   977   977 I SystemBroadcastReceiver: Boot has been completed
01-01 22:30:38.350   977   977 I SystemBroadcastReceiver: toggleAppIcon() : FLAG_SYSTEM = true
01-01 22:30:38.352  1456  1681 I CheckinService: Disabling old GoogleServicesFramework version
01-01 22:30:38.354  1456  1666 I GoogleURLConnFactory: Using platform SSLCertificateSocketFactory
01-01 22:30:38.357  1456  1666 E BaseAppContext: Tried to stop global GMSCore RequestQueue. This is likely unintended, so ignoring.
01-01 22:30:38.362  1456  1666 V BaseAppContext: GmsRequestQueue started.
01-01 22:30:38.364  1456  1594 D PeriodicTasksManager: Scheduling periodical signal task every 86400 seconds
01-01 22:30:38.365  1020  1020 D RKUpdateReceiver: action = android.intent.action.BOOT_COMPLETED
01-01 22:30:38.365  1020  1020 D RKUpdateReceiver: RKUpdateReceiver recv ACTION_BOOT_COMPLETED.
01-01 22:30:38.388   555   581 I ActivityManager: Start proc 1689:com.google.android.youtube/u0a43 for broadcast com.google.android.youtube/com.google.android.libraries.youtube.mdx.background.MdxBackgroundScanBootReceiver
01-01 22:30:38.392  1456  1594 D PeriodicTasksManager: AdAttestation signal task scheduled
01-01 22:30:38.393  1020  1020 I android_rockchip_update_UpdateService.cpp: JNI_OnLoad
01-01 22:30:38.397  1020  1020 D RKUpdateService: starting RKUpdateService, version is 1.8.0
01-01 22:30:38.399  1020  1020 D RKUpdateService: remote uri is http://ro.product.ota.host=120.76.73.32:2305/OtaUpdater/android?product=rk3288&version=1.0.1&sn=SZJHWJZQZ0&country=US&language=en
01-01 22:30:38.399  1020  1020 D RKUpdateService: remote uri backup is http://192.168.1.143:2300/OtaUpdater/android?product=rk3288&version=1.0.1&sn=SZJHWJZQZ0&country=US&language=en
01-01 22:30:38.403  1020  1020 D RKUpdateService: first startup!!!
01-01 22:30:38.408  1020  1020 D RKUpdateService: onStartCommand.......
01-01 22:30:38.408  1020  1020 D RKUpdateService: command = 1 delaytime = 20000
01-01 22:30:38.409  1020  1020 D RKUpdateService: onStartCommand.......
01-01 22:30:38.409  1020  1020 D RKUpdateService: command = 2 delaytime = 25000
01-01 22:30:38.413  1456  1666 D AuthZenEventHandler: Handling event: android.intent.action.BOOT_COMPLETED
01-01 22:30:38.482  1456  1594 D GCM     : COMPAT: Multi user ser=0 current=0
01-01 22:30:38.488   993   993 D WearableService: callingUid 10006, callindPid: 993
01-01 22:30:38.494  1456  1688 V CheckinChimeraService: No Subscriptions found on the device
01-01 22:30:38.495  1456  1666 D AuthZenTransactionCache: Initialized cache in: /data/user/0/com.google.android.gms/files
01-01 22:30:38.495  1456  1666 D AuthZenTransactionCache: Clearing transaction cache
01-01 22:30:38.514  1456  1688 I CheckinChimeraService: Checking schedule, now: 1293883238513 next: 1294423654513
01-01 22:30:38.514  1456  1688 I CheckinChimeraService: active receiver: disabled
01-01 22:30:38.688  1531  1614 D bt_hci  : start_up starting async portion
01-01 22:30:38.688  1531  1624 I bt_hci  : event_finish_startup
01-01 22:30:38.688  1531  1624 I bt_hci_h4: hal_open
01-01 22:30:38.688  1531  1624 I bt_userial_vendor: userial vendor open: opening /dev/ttyS0
01-01 22:30:38.688  1531  1624 I bt_userial_vendor: device fd = 52 open
01-01 22:30:38.697  1531  1624 I bt_hwcfg: bt vendor lib: set UART baud 1500000
01-01 22:30:38.828   993  1722 D GCM     : GcmService start Intent { flg=0x8000010 cmp=com.google.android.gms/.gcm.GcmService (has extras) } null
01-01 22:30:38.831   993   993 E GmsWearableNodeHelper: GoogleApiClient connection failed: ConnectionResult{statusCode=API_UNAVAILABLE, resolution=null, message=null}
01-01 22:30:38.900  1531  1624 D bt_hwcfg: Chipset BCM4354A2
01-01 22:30:38.900  1531  1624 D bt_hwcfg: Target name = [BCM4354A2]
01-01 22:30:38.900  1531  1624 D WifiHW  : check_wifi_chip_type_string: AP6335
01-01 22:30:38.900  1531  1624 I bt_hwcfg: BT module name is: AP6335, p_chip_id_str = BCM4354A2
01-01 22:30:38.900  1531  1624 I bt_hwcfg: Target HCD file name is: BCM4356A2.hcd
01-01 22:30:38.977  1531  1624 I bt_hwcfg: Found patchfile: /vendor/firmware//BCM4356A2.hcd
01-01 22:30:39.240  1689  1689 W FileProviderCompat: isPatchingNecessary returned true and in == null: false
01-01 22:30:39.258  1689  1689 W PatchedPackageManager: patching ProviderInfo. Metadata was not null
01-01 22:30:39.259  1689  1689 W PatchedPackageManager: resolveContentProvider flags: 128 ret: ContentProviderInfo{name=com.google.android.youtube.fileprovider className=com.google.android.apps.youtube.app.common.util.FileProviderCompat}
01-01 22:30:39.271  1456  1594 I FA-SVC  : App measurement is starting up, version: 9083
01-01 22:30:39.271  1456  1594 I FA-SVC  : To enable debug logging run: adb shell setprop log.tag.FA VERBOSE
01-01 22:30:39.278  1689  1689 W YT      : Last known version:13.35.51
01-01 22:30:39.329  1456  1736 V FA-SVC  : Update service enabled state to: 1
01-01 22:30:39.330  1456  1736 I FA-SVC  : This instance being marked as an uploader
01-01 22:30:39.380   993  1433 D PlaceInferenceEngine: Stop called when not running
01-01 22:30:39.382   993  1271 W GeofencerStateMachine: Ignoring removeGeofence because network location is disabled.
01-01 22:30:39.552   993  1734 I PhenotypeConfigurator: Scheduling Phenotype for one-off execution 5784 seconds from now (1293883239552)
01-01 22:30:39.555  1456  1594 W art     : Long monitor contention event with owner method=boolean libcore.io.Posix.access(java.lang.String, int) from Posix.java:4294967294 waiters=0 for 230ms
01-01 22:30:39.672   222   257 D alsa_route: route_set_controls() set route 24
01-01 22:30:39.672   222   257 D AudioHardwareTiny: close device
01-01 22:30:39.679  1456  1594 V SmartDevice: [service,SmartDeviceIntentHandlers] OnUpgradeOrBootOperation got intent: Intent { act=android.intent.action.BOOT_COMPLETED flg=0x8000010 cmp=com.google.android.gms/.chimera.GmsIntentOperationService (has extras) } with flag 2
01-01 22:30:39.687  1531  1624 I bt_hwcfg: bt vendor lib: set UART baud 115200
01-01 22:30:39.714  1456  1594 I DynamiteModule: Considering local module com.google.android.gms.googlecertificates:1 and remote module com.google.android.gms.googlecertificates:1
01-01 22:30:39.714  1456  1594 I DynamiteModule: Selected remote version of com.google.android.gms.googlecertificates, version >= 1
01-01 22:30:39.720  1689  1763 W YouTube : Fetching the Gservices key 'failsafe_clear_cache_release_13_02' before the end of the bulk initialization
01-01 22:30:39.728  1456  1594 W System  : ClassLoader referenced unknown path: /data/user/0/com.google.android.gms/app_chimera/m/00000000/n/armeabi
01-01 22:30:39.729  1456  1594 D ChimeraFileApk: Primary ABI of requesting process is armeabi-v7a
01-01 22:30:39.730  1456  1594 D ChimeraFileApk: Classloading successful. Optimized code found.
01-01 22:30:39.731  1456  1594 D GoogleCertificates: com.google.android.gms.googlecertificates module is loaded
01-01 22:30:39.739  1456  1751 E MDM     : [134] rlj.a: Couldn't connect to Google API client: ConnectionResult{statusCode=API_UNAVAILABLE, resolution=null, message=null}
01-01 22:30:39.792  1456  1594 D GoogleCertificatesImpl: Fetched 300 Google certificates
01-01 22:30:39.887  1531  1624 D bt_hwcfg: Settlement delay -- 200 ms
01-01 22:30:39.887  1531  1624 I bt_hwcfg: Setting fw settlement delay to 200 
01-01 22:30:39.899  1456  1777 V CheckinChimeraService: No Subscriptions found on the device
01-01 22:30:39.899  1456  1777 I CheckinChimeraService: Checking schedule, now: 1293883239899 next: 1294423654513
01-01 22:30:39.899  1456  1777 I CheckinChimeraService: active receiver: disabled
01-01 22:30:39.901  1456  1594 I GCoreUlr: Starting service, intent=Intent { act=com.google.android.location.reporting.ACTION_UPDATE_WORLD cmp=com.google.android.gms/com.google.android.location.reporting.service.DispatchingService (has extras) }, extras=Bundle[{receiverAction=android.intent.action.BOOT_COMPLETED}]
01-01 22:30:39.906  1456  1750 D fdn     : Opening database auth.proximity.permit_store...
01-01 22:30:39.910   993  1667 D EasyUnlockInitService: Not initializing EasyUnlock: remote_devices=0, bluetooth_on=false
01-01 22:30:39.997  1456  1594 D LocationInitializer: Restart initialization of location
01-01 22:30:40.097  1531  1624 I bt_hwcfg: bt vendor lib: set UART baud 1500000
01-01 22:30:40.296   555   589 E BluetoothManagerService: waitForOnOff time out
01-01 22:30:40.297  1531  1624 I bt_hwcfg: Setting local bd addr to CC:4B:73:82:30:51
01-01 22:30:40.297  1531  1613 D BluetoothAdapterState: Current state: PENDING_COMMAND, message: 23
01-01 22:30:40.298  1531  1613 I BluetoothAdapterState: Deferring BLE_TURN_OFF request...
01-01 22:30:40.298  1531  1624 I bt_hwcfg: vendor lib fwcfg completed
01-01 22:30:40.298  1531  1624 I bt_vendor: firmware callback
01-01 22:30:40.298  1531  1624 I bt_hci  : firmware_config_callback
01-01 22:30:40.301  1531  1787 I bt_btu  : btu_task pending for preload complete event
01-01 22:30:40.301  1531  1787 I bt_btu_task: Bluetooth chip preload is complete
01-01 22:30:40.301  1531  1787 I bt_btu  : btu_task received preload complete event
01-01 22:30:40.302  1689  1699 W art     : Suspending all threads took: 88.046ms
01-01 22:30:40.304  1531  1787 I         : BTE_InitTraceLevels -- TRC_HCI
01-01 22:30:40.304  1531  1787 I         : BTE_InitTraceLevels -- TRC_L2CAP
01-01 22:30:40.304  1531  1787 I         : BTE_InitTraceLevels -- TRC_RFCOMM
01-01 22:30:40.304  1531  1787 I         : BTE_InitTraceLevels -- TRC_AVDT
01-01 22:30:40.304  1531  1787 I         : BTE_InitTraceLevels -- TRC_AVRC
01-01 22:30:40.304  1531  1787 I         : BTE_InitTraceLevels -- TRC_A2D
01-01 22:30:40.304  1531  1787 I         : BTE_InitTraceLevels -- TRC_BNEP
01-01 22:30:40.304  1531  1787 I         : BTE_InitTraceLevels -- TRC_BTM
01-01 22:30:40.304  1531  1787 I         : BTE_InitTraceLevels -- TRC_GAP
01-01 22:30:40.304  1531  1787 I         : BTE_InitTraceLevels -- TRC_PAN
01-01 22:30:40.304  1531  1787 I         : BTE_InitTraceLevels -- TRC_SDP
01-01 22:30:40.304  1531  1787 I         : BTE_InitTraceLevels -- TRC_GATT
01-01 22:30:40.304  1531  1787 I         : BTE_InitTraceLevels -- TRC_SMP
01-01 22:30:40.304  1531  1787 I         : BTE_InitTraceLevels -- TRC_BTAPP
01-01 22:30:40.304  1531  1787 I         : BTE_InitTraceLevels -- TRC_BTIF
01-01 22:30:40.368  1689  1766 W art     : Verification of void ker.onCreate(android.os.Bundle) took 266.117ms
01-01 22:30:40.380  1689  1759 W GooglePlayServicesUtil: Google Play services out of date.  Requires 11910000 but found 9083436
01-01 22:30:40.439  1531  1787 I bt_btm_sec: BTM_SecRegister p_cb_info->p_le_callback == 0x0xa1cd5599
01-01 22:30:40.439  1531  1787 I bt_btm_sec: BTM_SecRegister btm_cb.api.p_le_callback = 0x0xa1cd5599 
01-01 22:30:40.443  1531  1617 I bt_btif_storage: btif_storage_get_adapter_property service_mask:0x20000000
01-01 22:30:40.443  1531  1617 D BluetoothAdapterProperties: Address is:CC:4B:73:82:30:51
01-01 22:30:40.444  1531  1617 D BluetoothAdapterProperties: Name is: Brandon's temi
01-01 22:30:40.445  1531  1617 D BluetoothAdapterProperties: Scan Mode:20
01-01 22:30:40.445  1531  1617 D BluetoothAdapterProperties: Discoverable Timeout:120
01-01 22:30:40.445  1531  1617 D bt_hci  : do_postload posting postload work item
01-01 22:30:40.445  1531  1624 I bt_hci  : event_postload
01-01 22:30:40.445  1531  1624 D bt_vendor: SCO config
01-01 22:30:40.445  1531  1624 I bt_vendor: sco_config_cb
01-01 22:30:40.445  1531  1624 I bt_hci  : sco_config_callback postload finished.
01-01 22:30:40.575  1689  1808 W GooglePlayServicesUtil: Google Play services out of date.  Requires 11910000 but found 9083436
01-01 22:30:40.584  1531  1617 D bt_bte_conf: Device ID record 1 : primary
01-01 22:30:40.584  1531  1617 D bt_bte_conf:   vendorId            = 000f
01-01 22:30:40.584  1531  1617 D bt_bte_conf:   vendorIdSource      = 0001
01-01 22:30:40.584  1531  1617 D bt_bte_conf:   product             = 1200
01-01 22:30:40.584  1531  1617 D bt_bte_conf:   version             = 1436
01-01 22:30:40.584  1531  1617 D bt_bte_conf:   clientExecutableURL = 
01-01 22:30:40.584  1531  1617 D bt_bte_conf:   serviceDescription  = 
01-01 22:30:40.584  1531  1617 D bt_bte_conf:   documentationURL    = 
01-01 22:30:40.584  1531  1617 D bt_bte_conf: bte_load_did_conf no section named DID2.
01-01 22:30:40.584  1531  1614 D bt_stack_manager: event_start_up_stack finished
01-01 22:30:40.584  1531  1613 D BluetoothAdapterState: Current state: PENDING_COMMAND, message: 3
01-01 22:30:40.584  1531  1613 D BluetoothAdapterProperties: Setting state to 15
01-01 22:30:40.584  1531  1613 I BluetoothAdapterState: Bluetooth adapter state changed: 14-> 15
01-01 22:30:40.585  1531  1613 I BluetoothAdapterState: Entering BleOnState
01-01 22:30:40.585  1531  1613 D BluetoothAdapterState: Current state: BLE ON, message: 23
01-01 22:30:40.588  1531  1613 D BluetoothAdapterState: Current state: BLE ON, message: 1
01-01 22:30:40.588  1531  1613 D BluetoothAdapterProperties: Setting state to 11
01-01 22:30:40.588  1531  1613 I BluetoothAdapterState: Bluetooth adapter state changed: 15-> 11
01-01 22:30:40.591  1531  1531 D BluetoothAdapterService: getAdapterService() - returning com.android.bluetooth.btservice.AdapterService@d7f3250
01-01 22:30:40.591  1531  1531 D A2dpSinkService: Received start request. Starting profile...
01-01 22:30:40.591  1531  1531 I BluetoothA2dpSinkServiceJni: classInitNative: succeeds
01-01 22:30:40.592  1531  1531 D A2dpSinkStateMachine: make
01-01 22:30:40.595  1531  1531 I bt_bluedroid: get_profile_interface a2dp_sink
01-01 22:30:40.595  1531  1531 E bt_btif : ## A2DP START MEDIA THREAD ##
01-01 22:30:40.596  1531  1617 I bt_btif_storage: btif_storage_get_adapter_property service_mask:0x20040008
01-01 22:30:40.596  1531  1617 I bt_btif_storage: btif_storage_get_adapter_property service_mask:0x20040008
01-01 22:30:40.597  1531  1812 E bt_btif : SETUP CHANNEL SERVER 0
01-01 22:30:40.599  1531  1613 I BluetoothAdapterState: Entering PendingCommandState
01-01 22:30:40.604  1531  1811 D A2dpSinkStateMachine: Enter Disconnected: -2
01-01 22:30:40.604  1531  1811 D A2dpSinkStateMachine: stopPcmRead false
01-01 22:30:40.604  1531  1811 D A2dpSinkStateMachine: audioPause false
01-01 22:30:40.604  1531  1531 I BluetoothHidServiceJni: classInitNative: succeeds
01-01 22:30:40.605  1531  1531 D BluetoothAdapterService: getAdapterService() - returning com.android.bluetooth.btservice.AdapterService@d7f3250
01-01 22:30:40.606   685   685 D BluetoothInputDevice: Proxy object connected
01-01 22:30:40.606  1531  1531 D HidService: Received start request. Starting profile...
01-01 22:30:40.606  1531  1531 I bt_bluedroid: get_profile_interface hidhost
01-01 22:30:40.606  1531  1531 D HidService: setHidService(): set to: null
01-01 22:30:40.606   685   685 D HidProfile: Bluetooth service connected
01-01 22:30:40.607  1531  1531 I BluetoothHealthServiceJni: classInitNative: succeeds
01-01 22:30:40.607  1531  1531 D BluetoothAdapterService: getAdapterService() - returning com.android.bluetooth.btservice.AdapterService@d7f3250
01-01 22:30:40.608  1531  1617 I bt_bta_hh: BTA_HhEnable sec_mask:0x36 p_cback:0xa1cb6409
01-01 22:30:40.608  1531  1617 I bt_btif_storage: btif_storage_get_adapter_property service_mask:0x20140008
01-01 22:30:40.608  1531  1531 D HealthService: Received start request. Starting profile...
01-01 22:30:40.609  1531  1531 I bt_bluedroid: get_profile_interface health
01-01 22:30:40.610  1531  1531 I BluetoothPanServiceJni: classInitNative(L105): succeeds
01-01 22:30:40.610  1531  1531 D BluetoothAdapterService: getAdapterService() - returning com.android.bluetooth.btservice.AdapterService@d7f3250
01-01 22:30:40.611   685   685 D BluetoothPan: BluetoothPAN Proxy object connected
01-01 22:30:40.612   685   685 D PanProfile: Bluetooth service connected
01-01 22:30:40.613  1531  1531 D PanService: Received start request. Starting profile...
01-01 22:30:40.613  1531  1531 D BluetoothPanServiceJni: initializeNative(L110): pan
01-01 22:30:40.613  1531  1531 I bt_bluedroid: get_profile_interface pan
01-01 22:30:40.614  1531  1617 D BluetoothPanServiceJni: control_state_callback(L61): state:0, local_role:3, ifname:bt-pan
01-01 22:30:40.617  1531  1531 D BluetoothAdapterService: getAdapterService() - returning com.android.bluetooth.btservice.AdapterService@d7f3250
01-01 22:30:40.617  1531  1531 D HeadsetClientService: Received start request. Starting profile...
01-01 22:30:40.618  1531  1531 I BluetoothHeadsetClientServiceJni: classInitNative succeeds
01-01 22:30:40.618  1531  1531 D HeadsetClientStateMachine: make
01-01 22:30:40.640   222   222 E MediaPlayerFactory: 2019 03 30 -------- getPlayerType()---------------- 234 !!!! 
01-01 22:30:40.640   222   222 E MediaPlayerFactory: filePath = /system/media/audio/alarms/Alarm_Classic.ogg 
01-01 22:30:40.640   222   222 E MediaPlayerFactory: 2019 03 30 -------- getPlayerType()---------------- return STAGEFRIGHT_PLAYER !!!! 
01-01 22:30:40.640   222   222 I AwesomePlayer: AwesomePlayer::AwesomePlayer()in
01-01 22:30:40.641   222   222 I AwesomePlayer: AwesomePlayer::AwesomePlayer()aftermClient.connect()
01-01 22:30:40.652   222   222 D WVMExtractor: Failed to open libwvm.so
01-01 22:30:40.653   222   222 D AwesomePlayer: the format is mimeType：application/ogg,confidence:0.200000
01-01 22:30:40.670   222  1817 I OMXCodec: --->InstantiateSoftwareCodec create OMX.google.vorbis.decoder codec
01-01 22:30:40.675  1531  1531 D MediaPlayer: setSubtitleAnchor in MediaPlayer
01-01 22:30:40.679  1531  1531 D Ringtone: Successfully created local player
01-01 22:30:40.679  1531  1531 I bt_bluedroid: get_profile_interface handsfree_client
01-01 22:30:40.680  1531  1617 I bt_btif_storage: btif_storage_get_adapter_property service_mask:0x21140008
01-01 22:30:40.680  1531  1816 D HeadsetClientStateMachine: Enter Disconnected: -2
01-01 22:30:40.686  1531  1531 I BluetoothAvrcpControllerJni: classInitNative: succeeds
01-01 22:30:40.686  1531  1531 I bt_bluedroid: get_profile_interface avrcp_ctrl
01-01 22:30:40.687  1531  1531 D BluetoothAdapterService: getAdapterService() - returning com.android.bluetooth.btservice.AdapterService@d7f3250
01-01 22:30:40.688   700   700 D BluetoothAvrcpController: Proxy object connected
01-01 22:30:40.688  1531  1531 D AvrcpControllerService: Received start request. Starting profile...
01-01 22:30:40.689  1531  1531 V BluetoothAdapterState: isTurningOff()=false
01-01 22:30:40.689  1531  1531 V BluetoothAdapterState: isTurningOn()=true
01-01 22:30:40.689  1531  1531 V BluetoothAdapterState: isBleTurningOn()=false
01-01 22:30:40.689  1531  1531 V BluetoothAdapterState: isBleTurningOff()=false
01-01 22:30:40.689  1531  1531 V BluetoothAdapterState: isTurningOff()=false
01-01 22:30:40.689  1531  1531 V BluetoothAdapterState: isTurningOn()=true
01-01 22:30:40.689  1531  1531 V BluetoothAdapterState: isBleTurningOn()=false
01-01 22:30:40.689  1531  1531 V BluetoothAdapterState: isBleTurningOff()=false
01-01 22:30:40.689  1531  1531 V BluetoothAdapterState: isTurningOff()=false
01-01 22:30:40.689  1531  1531 V BluetoothAdapterState: isTurningOn()=true
01-01 22:30:40.689  1531  1531 V BluetoothAdapterState: isBleTurningOn()=false
01-01 22:30:40.689  1531  1531 V BluetoothAdapterState: isBleTurningOff()=false
01-01 22:30:40.690  1531  1531 V BluetoothAdapterState: isTurningOff()=false
01-01 22:30:40.690  1531  1531 V BluetoothAdapterState: isTurningOn()=true
01-01 22:30:40.690  1531  1531 V BluetoothAdapterState: isBleTurningOn()=false
01-01 22:30:40.690  1531  1531 V BluetoothAdapterState: isBleTurningOff()=false
01-01 22:30:40.691  1531  1531 V BluetoothAdapterState: isTurningOff()=false
01-01 22:30:40.691  1531  1531 V BluetoothAdapterState: isTurningOn()=true
01-01 22:30:40.691  1531  1531 V BluetoothAdapterState: isBleTurningOn()=false
01-01 22:30:40.691  1531  1531 V BluetoothAdapterState: isBleTurningOff()=false
01-01 22:30:40.691  1531  1531 V BluetoothAdapterState: isTurningOff()=false
01-01 22:30:40.691  1531  1531 V BluetoothAdapterState: isTurningOn()=true
01-01 22:30:40.691  1531  1531 V BluetoothAdapterState: isBleTurningOn()=false
01-01 22:30:40.691  1531  1531 V BluetoothAdapterState: isBleTurningOff()=false
01-01 22:30:40.692  1531  1613 D BluetoothAdapterState: Current state: PENDING_COMMAND, message: 2
01-01 22:30:40.692  1531  1613 D BluetoothAdapterProperties: ScanMode =  20
01-01 22:30:40.692  1531  1613 D BluetoothAdapterProperties: State =  11
01-01 22:30:40.692  1531  1613 D BluetoothAdapterProperties: Setting state to 12
01-01 22:30:40.692  1531  1613 I BluetoothAdapterState: Bluetooth adapter state changed: 11-> 12
01-01 22:30:40.692  1531  1613 I BluetoothAdapterState: Entering OnState
01-01 22:30:40.692   555   589 D BluetoothHeadset: onBluetoothStateChange: up=true
01-01 22:30:40.692   685   697 D BluetoothPbap: onBluetoothStateChange: up=true
01-01 22:30:40.693  1531  1613 D BluetoothAdapterService: BBBBBBBBBBBBBB Enter autoConnectA2dpSink() ...
01-01 22:30:40.693  1531  1617 D BluetoothAdapterProperties: Scan Mode:21
01-01 22:30:40.693  1531  1617 D BluetoothAdapterProperties: Discoverable Timeout:120
01-01 22:30:40.694   685  1209 D BluetoothPan: onBluetoothStateChange on: true
01-01 22:30:40.694   672   683 D BluetoothHeadset: onBluetoothStateChange: up=true
01-01 22:30:40.695  1689  1699 W art     : Suspending all threads took: 117.399ms
01-01 22:30:40.695   685   696 D BluetoothInputDevice: onBluetoothStateChange: up=true
01-01 22:30:40.695   555   589 D BluetoothA2dp: onBluetoothStateChange: up=true
01-01 22:30:40.695   555   589 E BluetoothA2dp: Could not bind to Bluetooth A2DP Service with Intent { act=android.bluetooth.IBluetoothA2dp }
01-01 22:30:40.695   555   589 D BluetoothHeadset: onBluetoothStateChange: up=true
01-01 22:30:40.695   700   711 D BluetoothAvrcpController: onBluetoothStateChange: up=true
01-01 22:30:40.695   685   697 D BluetoothMap: onBluetoothStateChange: up=true
01-01 22:30:40.696   685   697 E BluetoothMap: Could not bind to Bluetooth MAP Service with Intent { act=android.bluetooth.IBluetoothMap }
01-01 22:30:40.696   555   589 D BluetoothHeadset: onBluetoothStateChange: up=true
01-01 22:30:40.696   555   555 I Telecom : BluetoothPhoneService: queryPhoneState
01-01 22:30:40.714   685  1193 D LocalBluetoothProfileManager: Adding local A2DP profile
01-01 22:30:40.716   685  1193 E BluetoothA2dp: Could not bind to Bluetooth A2DP Service with Intent { act=android.bluetooth.IBluetoothA2dp }
01-01 22:30:40.719  1689  1759 W GooglePlayServicesUtil: Google Play services out of date.  Requires 11910000 but found 9083436
01-01 22:30:40.751  1531  1617 D BluetoothAdapterProperties: Name is: Brandon's temi
