01-01 22:30:41.659   993  1007 D Error   : 	at izd.a(SourceFile:152)
01-01 22:30:41.659   993  1007 D Error   : 	at izd.b(SourceFile:137)
01-01 22:30:41.659   993  1007 D Error   : 	at izd.b(SourceFile:99)
01-01 22:30:41.659   993  1007 D Error   : 	at aefd.c(SourceFile:571)
01-01 22:30:41.659   993  1007 D Error   : 	at aefd.a(SourceFile:181)
01-01 22:30:41.659   993  1007 D Error   : 	at aefe.b(SourceFile:93)
01-01 22:30:41.659   993  1007 D Error   : 	at qmd.a(SourceFile:74)
01-01 22:30:41.659   993  1007 D Error   : 	at qjf.a(SourceFile:1278)
01-01 22:30:41.659   993  1007 D Error   : 	at rah.b(SourceFile:104)
01-01 22:30:41.659   993  1007 D Error   : 	at rah.a(SourceFile:72)
01-01 22:30:41.659   993  1007 D Error   : 	at rai.a(SourceFile:2052)
01-01 22:30:41.659   993  1007 D Error   : 	at rap.c(SourceFile:205)
01-01 22:30:41.659   993  1007 D Error   : 	at qzo.onTransact(SourceFile:150)
01-01 22:30:41.659   993  1007 D Error   : 	at android.os.Binder.execTransact(Binder.java:453)
01-01 22:30:41.659   993  1007 D Error   : # via Binder call with stack:
01-01 22:30:41.659   993  1007 D Error   : android.os.StrictMode$LogStackTrace
01-01 22:30:41.659   993  1007 D Error   : 	at android.os.StrictMode.readAndHandleBinderCallViolations(StrictMode.java:1911)
01-01 22:30:41.659   993  1007 D Error   : 	at android.os.Parcel.readExceptionCode(Parcel.java:1601)
01-01 22:30:41.659   993  1007 D Error   : 	at android.os.Parcel.readException(Parcel.java:1570)
01-01 22:30:41.659   993  1007 D Error   : 	at joh.c(SourceFile:111)
01-01 22:30:41.659   993  1007 D Error   : 	at ihg.equals(SourceFile:78)
01-01 22:30:41.659   993  1007 D Error   : 	at izd.b(SourceFile:245)
01-01 22:30:41.659   993  1007 D Error   : 	at izd.a(SourceFile:152)
01-01 22:30:41.659   993  1007 D Error   : 	at izd.b(SourceFile:137)
01-01 22:30:41.659   993  1007 D Error   : 	at izd.b(SourceFile:99)
01-01 22:30:41.659   993  1007 D Error   : 	at aefd.c(SourceFile:571)
01-01 22:30:41.659   993  1007 D Error   : 	at aefd.a(SourceFile:181)
01-01 22:30:41.659   993  1007 D Error   : 	at aefe.b(SourceFile:93)
01-01 22:30:41.659   993  1007 D Error   : 	at qmd.a(SourceFile:74)
01-01 22:30:41.659   993  1007 D Error   : 	at qjf.a(SourceFile:1278)
01-01 22:30:41.659   993  1007 D Error   : 	at rah.b(SourceFile:104)
01-01 22:30:41.659   993  1007 D Error   : 	at rah.a(SourceFile:72)
01-01 22:30:41.659   993  1007 D Error   : 	at rai.a(SourceFile:2052)
01-01 22:30:41.659   993  1007 D Error   : 	at rap.c(SourceFile:205)
01-01 22:30:41.659   993  1007 D Error   : 	at qzo.onTransact(SourceFile:150)
01-01 22:30:41.659   993  1007 D Error   : 	at android.os.Binder.execTransact(Binder.java:453)
01-01 22:30:41.659   993  1007 D Error   : # via Binder call with stack:
01-01 22:30:41.659   993  1007 D Error   : android.os.StrictMode$LogStackTrace
01-01 22:30:41.659   993  1007 D Error   : 	at android.os.StrictMode.readAndHandleBinderCallViolations(StrictMode.java:1911)
01-01 22:30:41.659   993  1007 D Error   : 	at android.os.Parcel.readExceptionCode(Parcel.java:1601)
01-01 22:30:41.659   993  1007 D Error   : 	at android.os.Parcel.readException(Parcel.java:1570)
01-01 22:30:41.659   993  1007 D Error   : 	at joh.c(SourceFile:111)
01-01 22:30:41.659   993  1007 D Error   : 	at ihg.equals(SourceFile:78)
01-01 22:30:41.659   993  1007 D Error   : 	at izd.b(SourceFile:245)
01-01 22:30:41.659   993  1007 D Error   : 	at izd.a(SourceFile:152)
01-01 22:30:41.659   993  1007 D Error   : 	at izd.b(SourceFile:137)
01-01 22:30:41.659   993  1007 D Error   : 	at izd.b(SourceFile:99)
01-01 22:30:41.659   993  1007 D Error   : 	at aefd.c(SourceFile:571)
01-01 22:30:41.659   993  1007 D Error   : 	at aefd.a(SourceFile:181)
01-01 22:30:41.659   993  1007 D Error   : 	at aefe.b(SourceFile:93)
01-01 22:30:41.659   993  1007 D Error   : 	at qmd.a(SourceFile:74)
01-01 22:30:41.659   993  1007 D Error   : 	at qjf.a(SourceFile:1278)
01-01 22:30:41.659   993  1007 D Error   : 	at rah.b(SourceFile:104)
01-01 22:30:41.659   993  1007 D Error   : 	at rah.a(SourceFile:72)
01-01 22:30:41.659   993  1007 D Error   : 	at rai.a(SourceFile:2052)
01-01 22:30:41.659   993  1007 D Error   : 	at rap.c(SourceFile:205)
01-01 22:30:41.659   993  1007 D Error   : 	at qzo.onTransact(SourceFile:150)
01-01 22:30:41.659   993  1007 D Error   : 	at android.os.Binder.execTransact(Binder.java:453)
01-01 22:30:41.659   993  1007 D Error   : # via Binder c
01-01 22:30:41.659   993  1007 D Error   : ERR: TOTAL BYTES WRITTEN: 121672
01-01 22:30:41.663   993  1257 W GCoreFlp: No location to return for getLastLocation()
01-01 22:30:41.663   993  1007 W FusedLocationProvider: location=null
01-01 22:30:41.668   993  1257 W GCoreFlp: No location to return for getLastLocation()
01-01 22:30:41.668   993  1006 W FusedLocationProvider: location=null
01-01 22:30:41.765   993   993 V UserPresentBroadcastReceiver: Received Intent { act=android.intent.action.USER_PRESENT flg=0x24000010 cmp=com.google.android.gms/.trustagent.UserPresentBroadcastReceiver }.
01-01 22:30:41.791   555   603 V AlarmManager: triggered: act=com.android.providers.calendar.intent.CalendarProvider2 cmp=com.android.providers.calendar/.CalendarProviderBroadcastReceiver Pkg: com.android.providers.calendar
01-01 22:30:42.302   993  1951 D GCM     : GcmService start Intent { act=com.google.android.checkin.CHECKIN_COMPLETE flg=0x10 cmp=com.google.android.gms/.gcm.GcmService (has extras) } com.google.android.checkin.CHECKIN_COMPLETE
01-01 22:30:42.362  1456  1456 I CmaSystemUpdateService: receiver: Intent { act=com.google.android.gms.update.BOOT_START_SERVICE flg=0x10 pkg=com.google.android.gms cmp=com.google.android.gms/.update.SystemUpdateServiceReceiver }
01-01 22:30:42.363  1456  1456 I CmaSystemUpdateService: receiver: Intent { act=com.google.android.gms.update.BOOT_START_SERVICE flg=0x10 pkg=com.google.android.gms cmp=com.google.android.gms/.update.SystemUpdateServiceReceiver }
01-01 22:30:42.392  1456  1456 D CmaSystemUpdateService: onCreate
01-01 22:30:42.392  1456  1456 D CmaSystemUpdateService: mProcessPackageEnabled: false, mAutomaticUpdateEnabled: false
01-01 22:30:42.396  1456  1456 D CmaSystemUpdateService: onStartCommand: intent: Intent { act=com.google.android.gms.update.START_SERVICE pkg=com.google.android.gms (has extras) }
01-01 22:30:42.414   993  1955 D GCM     : GcmService start Intent { act=com.google.android.checkin.CHECKIN_COMPLETE flg=0x10 cmp=com.google.android.gms/.gcm.GcmService (has extras) } com.google.android.checkin.CHECKIN_COMPLETE
01-01 22:30:42.417  1456  1954 I SystemUpdateTask: cancelUpdate (empty URL)
01-01 22:30:42.417  1456  1954 I CmaSystemUpdateService: active receiver: disabled
01-01 22:30:42.426  1456  1456 D CmaSystemUpdateService: onDestroy
01-01 22:30:42.509  1456  1964 V GoogleSignatureVerifier: com.google.android.gms signature not valid.  Found: 
01-01 22:30:42.509  1456  1964 V GoogleSignatureVerifier: MIIEQzCCAyugAwIBAgIJAMLgh0ZkSjCNMA0GCSqGSIb3DQEBBAUAMHQxCzAJBgNVBAYTAlVTMRMw
01-01 22:30:42.509  1456  1964 V GoogleSignatureVerifier: EQYDVQQIEwpDYWxpZm9ybmlhMRYwFAYDVQQHEw1Nb3VudGFpbiBWaWV3MRQwEgYDVQQKEwtHb29n
01-01 22:30:42.509  1456  1964 V GoogleSignatureVerifier: bGUgSW5jLjEQMA4GA1UECxMHQW5kcm9pZDEQMA4GA1UEAxMHQW5kcm9pZDAeFw0wODA4MjEyMzEz
01-01 22:30:42.509  1456  1964 V GoogleSignatureVerifier: MzRaFw0zNjAxMDcyMzEzMzRaMHQxCzAJBgNVBAYTAlVTMRMwEQYDVQQIEwpDYWxpZm9ybmlhMRYw
01-01 22:30:42.509  1456  1964 V GoogleSignatureVerifier: FAYDVQQHEw1Nb3VudGFpbiBWaWV3MRQwEgYDVQQKEwtHb29nbGUgSW5jLjEQMA4GA1UECxMHQW5k
01-01 22:30:42.509  1456  1964 V GoogleSignatureVerifier: cm9pZDEQMA4GA1UEAxMHQW5kcm9pZDCCASAwDQYJKoZIhvcNAQEBBQADggENADCCAQgCggEBAKtW
01-01 22:30:42.509  1456  1964 V GoogleSignatureVerifier: LgDYO6IIrgqWbxJOKdoR8qtW0I9Y4sypEwPpt1TTcvZApxsdyxMJZ2JORland2qSGT2y5b+3JKke
01-01 22:30:42.509  1456  1964 V GoogleSignatureVerifier: dxiLDmpHpDsz2WCbdxgxRczfey5YZnTJ4VZbH0xqWVW/8lGmPav5xVwnIiJS6HXk+BVKZF+JcWjA
01-01 22:30:42.509  1456  1964 V GoogleSignatureVerifier: sb/GEuq/eFdpuzSqeYTcfi6idkyugwfYwXFU1+5fZKUaRKYCwkkFQVfcAs1fXA5V+++FGfvjJ/Cx
01-01 22:30:42.509  1456  1964 V GoogleSignatureVerifier: URaSxaBvGdGDhfXE28LWuT9ozCl5xw4Yq5OGazvV24mZVSoOO0yZ31j7kYvtwYK6NeADwbSxDdJE
01-01 22:30:42.509  1456  1964 V GoogleSignatureVerifier: qO4k//0zOHKrUiGYXtqw/A0LFFtqoZKFjnkCAQOjgdkwgdYwHQYDVR0OBBYEFMd9jMIhF1Ylmn/T
01-01 22:30:42.509  1456  1964 V GoogleSignatureVerifier: gt9r45jk14alMIGmBgNVHSMEgZ4wgZuAFMd9jMIhF1Ylmn/Tgt9r45jk14aloXikdjB0MQswCQYD
01-01 22:30:42.509  1456  1964 V GoogleSignatureVerifier: VQQGEwJVUzETMBEGA1UECBMKQ2FsaWZvcm5pYTEWMBQGA1UEBxMNTW91bnRhaW4gVmlldzEUMBIG
01-01 22:30:42.509  1456  1964 V GoogleSignatureVerifier: A1UEChMLR29vZ2xlIEluYy4xEDAOBgNVBAsTB0FuZHJvaWQxEDAOBgNVBAMTB0FuZHJvaWSCCQDC
01-01 22:30:42.509  1456  1964 V GoogleSignatureVerifier: 4IdGZEowjTAMBgNVHRMEBTADAQH/MA0GCSqGSIb3DQEBBAUAA4IBAQBt0lLO74UwLDYKqs6Tm8/y
01-01 22:30:42.509  1456  1964 V GoogleSignatureVerifier: zKkEu116FmH4rkaymUIE0P9KaMftGlMexFlaYjzmB2OxZyl6euNXEsQH8gjwyxCUKRJNexBiGcCE
01-01 22:30:42.509  1456  1964 V GoogleSignatureVerifier: yj6z+a1fuHHvkiaai+KL8W1EyNmgjmyy8AW7P+LLlkR+ho5zEHatRbM/YAnqGcFh5iZBqpknHf1S
01-01 22:30:42.509  1456  1964 V GoogleSignatureVerifier: KMXFh4dd239FJ1jWYfbMDMy3NS5CTMQ2XFI1MvcyUTdZPErjQfTbQe3aDQsQcafEQPD+nqActifK
01-01 22:30:42.509  1456  1964 V GoogleSignatureVerifier: Z0Np0IS9L9kR/wbNvyz6ENwPiTrjV2KRkEjH78ZMcUQXg0L3BYHJ3lc69Vs5Ddf9uUGGMYldX3Wf
01-01 22:30:42.509  1456  1964 V GoogleSignatureVerifier: MBEmh/9iFBDAaTCK
01-01 22:30:42.785   993   993 D EasyUnlockReceiver: Received Bluetooth event: Intent { act=android.bluetooth.adapter.action.STATE_CHANGED flg=0x4000010 cmp=com.google.android.gms/.auth.easyunlock.authorization.BluetoothStateChangeReceiver (has extras) }.
01-01 22:30:42.789   993   993 D BtServices: Received Bluetooth event: Intent { act=android.bluetooth.adapter.action.STATE_CHANGED flg=0x4000010 cmp=com.google.android.gms/.auth.proximity.BluetoothServicesAdapterStateChangeReceiver (has extras) }.
01-01 22:30:42.794  1330  1330 W ContextImpl: Calling a method in the system process without a qualified user: android.app.ContextImpl.startService:1221 android.content.ContextWrapper.startService:581 android.content.ContextWrapper.startService:581 com.android.settings.bluetooth.DockEventReceiver.beginStartingService:134 com.android.settings.bluetooth.DockEventReceiver.onReceive:115 
01-01 22:30:42.797   555   589 D BluetoothManagerService: Added callback: android.bluetooth.IBluetoothManagerCallback$Stub$Proxy@8290078:true
01-01 22:30:42.800   993   993 D EasyUnlockReceiver: Received Bluetooth event: Intent { act=android.bluetooth.adapter.action.STATE_CHANGED flg=0x4000010 cmp=com.google.android.gms/.auth.easyunlock.authorization.BluetoothStateChangeReceiver (has extras) }.
01-01 22:30:42.803  1330  1330 D LocalBluetoothProfileManager: Adding local A2DP profile
01-01 22:30:42.804   685   685 D BluetoothPbap: Proxy object connected
01-01 22:30:42.805   685   685 D PbapServerProfile: Bluetooth service connected
01-01 22:30:42.807   993  1974 D EasyUnlockInitService: Handling intent for initializer IntentService.
01-01 22:30:42.808  1330  1330 E BluetoothA2dp: Could not bind to Bluetooth A2DP Service with Intent { act=android.bluetooth.IBluetoothA2dp }
01-01 22:30:42.812  1531  1977 W BluetoothAdapter: getBluetoothService() called with no BluetoothManagerCallback
01-01 22:30:42.813   993   993 D BtServices: Received Bluetooth event: Intent { act=android.bluetooth.adapter.action.STATE_CHANGED flg=0x4000010 cmp=com.google.android.gms/.auth.proximity.BluetoothServicesAdapterStateChangeReceiver (has extras) }.
01-01 22:30:42.820  1330  1330 D LocalBluetoothProfileManager: Adding local MAP profile
01-01 22:30:42.831   993  1974 D EasyUnlockInitService: Not initializing EasyUnlock: remote_devices=0, bluetooth_on=true
01-01 22:30:42.841  1330  1330 D BluetoothMap: Create BluetoothMap proxy object
01-01 22:30:42.843  1330  1330 E BluetoothMap: Could not bind to Bluetooth MAP Service with Intent { act=android.bluetooth.IBluetoothMap }
01-01 22:30:42.850  1531  1989 W BluetoothAdapter: getBluetoothService() called with no BluetoothManagerCallback
01-01 22:30:42.850  1330  1330 D LocalBluetoothProfileManager: LocalBluetoothProfileManager construction complete
01-01 22:30:42.854  1531  1989 I BtOppRfcommListener: Accept thread started.
01-01 22:30:42.859  1330  1330 D DockEventReceiver: finishStartingService: stopping service
01-01 22:30:42.860  1330  1330 D BluetoothInputDevice: Proxy object connected
01-01 22:30:42.860  1330  1330 D HidProfile: Bluetooth service connected
01-01 22:30:42.862  1330  1330 D BluetoothPan: BluetoothPAN Proxy object connected
01-01 22:30:42.863  1330  1330 D PanProfile: Bluetooth service connected
01-01 22:30:42.864  1330  1330 D BluetoothPbap: Proxy object connected
01-01 22:30:42.864  1330  1330 D PbapServerProfile: Bluetooth service connected
01-01 22:30:44.891   555   622 D WifiConfigStore: Retrieve network priorities after PNO.
01-01 22:30:46.561   993  1926 D PlaceInferenceEngine: Stop called when not running
01-01 22:30:46.564   993  1271 W GeofencerStateMachine: Ignoring removeGeofence because network location is disabled.
01-01 22:30:47.044  1456  1456 E ActivityThread: Service com.google.android.gms.chimera.GmsIntentOperationService has leaked IntentReceiver fvn@d55f2ed that was originally registered here. Are you missing a call to unregisterReceiver()?
01-01 22:30:47.044  1456  1456 E ActivityThread: android.app.IntentReceiverLeaked: Service com.google.android.gms.chimera.GmsIntentOperationService has leaked IntentReceiver fvn@d55f2ed that was originally registered here. Are you missing a call to unregisterReceiver()?
01-01 22:30:47.044  1456  1456 E ActivityThread: 	at android.app.LoadedApk$ReceiverDispatcher.<init>(LoadedApk.java:918)
01-01 22:30:47.044  1456  1456 E ActivityThread: 	at android.app.LoadedApk.getReceiverDispatcher(LoadedApk.java:719)
01-01 22:30:47.044  1456  1456 E ActivityThread: 	at android.app.ContextImpl.registerReceiverInternal(ContextImpl.java:1172)
01-01 22:30:47.044  1456  1456 E ActivityThread: 	at android.app.ContextImpl.registerReceiver(ContextImpl.java:1152)
01-01 22:30:47.044  1456  1456 E ActivityThread: 	at android.app.ContextImpl.registerReceiver(ContextImpl.java:1146)
01-01 22:30:47.044  1456  1456 E ActivityThread: 	at android.content.ContextWrapper.registerReceiver(ContextWrapper.java:554)
01-01 22:30:47.044  1456  1456 E ActivityThread: 	at android.content.ContextWrapper.registerReceiver(ContextWrapper.java:554)
01-01 22:30:47.044  1456  1456 E ActivityThread: 	at android.content.ContextWrapper.registerReceiver(ContextWrapper.java:554)
01-01 22:30:47.044  1456  1456 E ActivityThread: 	at com.google.android.gms.auth.setup.devicesignals.LockScreenChimeraReceiver.a(SourceFile:52)
01-01 22:30:47.044  1456  1456 E ActivityThread: 	at fvo.b(SourceFile:2036)
01-01 22:30:47.044  1456  1456 E ActivityThread: 	at com.google.android.gms.auth.account.AuthInitIntentOperation.a(SourceFile:62)
01-01 22:30:47.044  1456  1456 E ActivityThread: 	at hwg.onHandleIntent(SourceFile:60)
01-01 22:30:47.044  1456  1456 E ActivityThread: 	at com.google.android.chimera.IntentOperation.onHandleIntent(SourceFile:82)
01-01 22:30:47.044  1456  1456 E ActivityThread: 	at bfm.run(SourceFile:1885)
01-01 22:30:47.044  1456  1456 E ActivityThread: 	at java.util.concurrent.ThreadPoolExecutor.runWorker(ThreadPoolExecutor.java:1113)
01-01 22:30:47.044  1456  1456 E ActivityThread: 	at java.util.concurrent.ThreadPoolExecutor$Worker.run(ThreadPoolExecutor.java:588)
01-01 22:30:47.044  1456  1456 E ActivityThread: 	at java.lang.Thread.run(Thread.java:818)
01-01 22:30:48.404   555   587 D Tethering: interfaceLinkStateChanged wlan0, true
01-01 22:30:48.405   555   587 D Tethering: interfaceStatusChanged wlan0, true
01-01 22:30:48.496   555   622 D WifiStateMachine: shouldSwitchNetwork  txSuccessRate=0.00 rxSuccessRate=0.00 delta 1000 -> 1000
01-01 22:30:48.498   555   622 D WifiStateMachine: CMD_AUTO_CONNECT sup state ScanState my state DisconnectedState nid=0 roam=3
01-01 22:30:48.498   555   622 E WifiConfigStore: saveWifiConfigBSSID Setting BSSID for "Flinders Devices"WPA_PSK to any
01-01 22:30:48.512   555   622 D WifiStateMachine: CMD_AUTO_CONNECT will save config -> "Flinders Devices" nid=0
01-01 22:30:48.619   555   622 D WifiStateMachine: CMD_AUTO_CONNECT did save config ->  nid=0
01-01 22:30:48.621  1070  1070 I wpa_supplicant: wlan0: Trying to associate with 58:f3:9c:96:3a:4c (SSID='Flinders Devices' freq=5745 MHz)
01-01 22:30:48.726   555   587 D Tethering: interfaceLinkStateChanged wlan0, true
01-01 22:30:48.726   555   587 D Tethering: interfaceStatusChanged wlan0, true
01-01 22:30:48.749   555   587 D Tethering: interfaceLinkStateChanged wlan0, true
01-01 22:30:48.750   555   587 D Tethering: interfaceStatusChanged wlan0, true
01-01 22:30:48.750   555   587 D Tethering: interfaceLinkStateChanged wlan0, true
01-01 22:30:48.750   555   587 D Tethering: interfaceStatusChanged wlan0, true
01-01 22:30:48.758   555   587 D Tethering: interfaceLinkStateChanged wlan0, true
01-01 22:30:48.758   555   587 D Tethering: interfaceStatusChanged wlan0, true
01-01 22:30:48.759   555   587 D Tethering: interfaceLinkStateChanged wlan0, true
01-01 22:30:48.759   555   587 D Tethering: interfaceStatusChanged wlan0, true
01-01 22:30:48.759   555   587 D Tethering: interfaceLinkStateChanged wlan0, true
01-01 22:30:48.759   555   587 D Tethering: interfaceStatusChanged wlan0, true
01-01 22:30:48.760  1070  1070 I wpa_supplicant: wlan0: Associated with 58:f3:9c:96:3a:4c
01-01 22:30:48.791  1070  1070 I wpa_supplicant: wlan0: WPA: Key negotiation completed with 58:f3:9c:96:3a:4c [PTK=CCMP GTK=CCMP]
01-01 22:30:48.791  1070  1070 I wpa_supplicant: wlan0: CTRL-EVENT-CONNECTED - Connection to 58:f3:9c:96:3a:4c completed [id=0 id_str=]
01-01 22:30:48.792   555   587 D Tethering: interfaceLinkStateChanged wlan0, true
01-01 22:30:48.792   555   587 D Tethering: interfaceStatusChanged wlan0, true
01-01 22:30:48.793   555   622 D WifiConfigStore: Retrieve network priorities after PNO.
01-01 22:30:48.810   555   622 D ConnectivityService: registerNetworkAgent NetworkAgentInfo{ ni{[type: WIFI[], state: CONNECTING/CONNECTING, reason: (unspecified), extra: "Flinders Devices", roaming: false, failover: false, isAvailable: true]}  network{100}  lp{{LinkAddresses: []  Routes: [] DnsAddresses: [] Domains: null MTU: 0 TcpBufferSizes: 524288,1048576,2097152,262144,524288,1048576}}  nc{[ Transports: WIFI Capabilities: INTERNET&NOT_RESTRICTED&TRUSTED&NOT_VPN LinkUpBandwidth>=1048576Kbps LinkDnBandwidth>=1048576Kbps]}  Score{20}  everValidated{false}  lastValidated{false}  created{false} lingering{false} explicitlySelected{false} acceptUnvalidated{false} everCaptivePortalDetected{false} lastCaptivePortalDetected{false} }
01-01 22:30:48.811   555   622 E WifiConfigStore: saveWifiConfigBSSID Setting BSSID for "Flinders Devices"WPA_PSK to any
01-01 22:30:48.811   555   624 D ConnectivityService: NetworkAgentInfo [WIFI () - 100] EVENT_NETWORK_INFO_CHANGED, going from null to CONNECTING
01-01 22:30:48.818   555   622 E WifiConfigStore: saveWifiConfigBSSID Setting BSSID for "Flinders Devices"WPA_PSK to any
01-01 22:30:48.832   219   579 D CommandListener: Setting iface cfg
01-01 22:30:48.841   555   622 D WifiStateMachine: Start Dhcp Watchdog 1
01-01 22:30:48.849   555   587 D Tethering: interfaceLinkStateChanged wlan0, true
01-01 22:30:48.849   555   587 D Tethering: interfaceStatusChanged wlan0, true
01-01 22:30:48.849   555   587 D Tethering: interfaceLinkStateChanged wlan0, true
01-01 22:30:48.849   555   587 D Tethering: interfaceStatusChanged wlan0, true
01-01 22:30:48.853   555   624 D ConnectivityService: notifyType CAP_CHANGED for NetworkAgentInfo [WIFI () - 100]
01-01 22:30:48.853   555   624 D ConnectivityService: updateNetworkScore for NetworkAgentInfo [WIFI () - 100] to 60
01-01 22:30:48.872   555  2089 D DhcpClient: Receive thread started
01-01 22:30:48.949   555   622 E native  : do suspend false
01-01 22:30:48.958   555  2084 D DhcpClient: Broadcasting DHCPDISCOVER
01-01 22:30:48.965   555  2089 D DhcpClient: Received packet: cc:4b:73:82:30:50 OFFER, ip /10.128.4.144, mask /255.255.254.0, DNS servers: /10.48.0.31 /10.48.1.42 , gateways [/10.128.4.1] lease time 691200, domain isd.ad.flinders.edu.au
01-01 22:30:48.965   555  2084 D DhcpClient: Got pending lease: IP address 10.128.4.144/23 Gateway 10.128.4.1  DNS servers: [ 10.48.0.31 10.48.1.42 ] Domainsisd.ad.flinders.edu.au DHCP server /1.1.1.1 Vendor info null lease 691200 seconds
01-01 22:30:48.967   555  2084 D DhcpClient: Broadcasting DHCPREQUEST ciaddr=0.0.0.0 request=10.128.4.144 serverid=1.1.1.1
01-01 22:30:48.972   555  2089 D DhcpClient: Received packet: cc:4b:73:82:30:50 ACK: your new IP /10.128.4.144, netmask /255.255.254.0, gateways [/10.128.4.1] DNS servers: /10.48.0.31 /10.48.1.42 , lease time 691200
01-01 22:30:48.972   555  2084 D DhcpClient: Confirmed lease: IP address 10.128.4.144/23 Gateway 10.128.4.1  DNS servers: [ 10.48.0.31 10.48.1.42 ] Domainsisd.ad.flinders.edu.au DHCP server /1.1.1.1 Vendor info null lease 691200 seconds
01-01 22:30:48.974   219   579 D CommandListener: Setting iface cfg
01-01 22:30:48.981   555  2084 D DhcpClient: Scheduling renewal in 345599s
01-01 22:30:48.988   555   622 D WifiConfigStore: No blacklist allowed without epno enabled
01-01 22:30:48.989   555   624 D ConnectivityService: NetworkAgentInfo [WIFI () - 100] EVENT_NETWORK_INFO_CHANGED, going from CONNECTING to CONNECTED
01-01 22:30:48.990   555   624 D ConnectivityService: Adding iface wlan0 to network 100
01-01 22:30:48.993   555   622 E WifiStateMachine: Did not find remoteAddress {10.128.4.1} in /proc/net/arp
01-01 22:30:49.036   555   624 E ConnectivityService: Unexpected mtu value: 0, wlan0
01-01 22:30:49.036   555   624 D ConnectivityService: Adding Route [fe80::/64 -> :: wlan0] to network 100
01-01 22:30:49.037   555   624 D ConnectivityService: Adding Route [10.128.4.0/23 -> 0.0.0.0 wlan0] to network 100
01-01 22:30:49.038   555   624 D ConnectivityService: Adding Route [0.0.0.0/0 -> 10.128.4.1 wlan0] to network 100
01-01 22:30:49.039   555   624 D ConnectivityService: Setting Dns servers for network 100 to [/10.48.0.31, /10.48.1.42]
01-01 22:30:49.044   555   624 D ConnectivityService: notifyType IP_CHANGED for NetworkAgentInfo [WIFI () - 100]
01-01 22:30:49.047   555   624 D ConnectivityService: scheduleUnvalidatedPrompt 100
01-01 22:30:49.047   555   624 D ConnectivityService: updateSignalStrengthThresholds: CONNECT, sending [] to NetworkAgentInfo [WIFI () - 100]
01-01 22:30:49.047   555   624 D ConnectivityService: rematch for NetworkAgentInfo [WIFI () - 100]
01-01 22:30:49.047   555   622 D WifiNetworkAgent: NetworkAgent: Received signal strength thresholds: []
01-01 22:30:49.047   555   624 D ConnectivityService:    accepting network in place of null
01-01 22:30:49.048   555   622 D WifiNative-HAL: stopRssiMonitoring, cmdId 0
01-01 22:30:49.048   555   624 D ConnectivityService: Switching to new default network: NetworkAgentInfo{ ni{[type: WIFI[], state: CONNECTED/CONNECTED, reason: (unspecified), extra: "Flinders Devices", roaming: false, failover: false, isAvailable: true]}  network{100}  lp{{InterfaceName: wlan0 LinkAddresses: [fe80::ce4b:73ff:fe82:3050/64,10.128.4.144/23,]  Routes: [fe80::/64 -> :: wlan0,10.128.4.0/23 -> 0.0.0.0 wlan0,0.0.0.0/0 -> 10.128.4.1 wlan0,] DnsAddresses: [10.48.0.31,10.48.1.42,] Domains: isd.ad.flinders.edu.au MTU: 0 TcpBufferSizes: 524288,1048576,2097152,262144,524288,1048576}}  nc{[ Transports: WIFI Capabilities: INTERNET&NOT_RESTRICTED&TRUSTED&NOT_VPN LinkUpBandwidth>=1048576Kbps LinkDnBandwidth>=1048576Kbps SignalStrength: -64]}  Score{20}  everValidated{false}  lastValidated{false}  created{true} lingering{false} explicitlySelected{false} acceptUnvalidated{false} everCaptivePortalDetected{false} lastCaptivePortalDetected{false} }
01-01 22:30:49.066   219   579 V IdletimerController: runCmd(/system/bin/ip6tables -w -t raw -A idletimer_raw_PREROUTING -i wlan0 -j IDLETIMER --timeout 15 --label 1 --send_nl_msg 1) res_ipv4=0, res_ipv6=0
01-01 22:30:49.084   219   579 V IdletimerController: runCmd(/system/bin/ip6tables -w -t mangle -A idletimer_mangle_POSTROUTING -o wlan0 -j IDLETIMER --timeout 15 --label 1 --send_nl_msg 1) res_ipv4=0, res_ipv6=0
01-01 22:30:49.086   555   624 D ConnectivityService: Setting tx/rx TCP buffers to 524288,1048576,2097152,262144,524288,1048576
01-01 22:30:49.090   555   624 D CSLegacyTypeTracker: Sending CONNECTED broadcast for type 1 NetworkAgentInfo [WIFI () - 100] isDefaultNetwork=true
01-01 22:30:49.102   555   624 D ConnectivityService: sendStickyBroadcast: action=android.net.conn.CONNECTIVITY_CHANGE
01-01 22:30:49.103   555   624 D ConnectivityService: notifyType PRECHECK for NetworkAgentInfo [WIFI () - 100]
01-01 22:30:49.103   555   555 D Tethering: Tethering got CONNECTIVITY_ACTION
01-01 22:30:49.104   555   589 D Tethering: MasterInitialState.processMessage what=3
01-01 22:30:49.105   555   624 D ConnectivityService: setProvNotificationVisibleIntent null visible=false networkType=MOBILE extraInfo=null highPriority=false
01-01 22:30:49.105   555   624 D ConnectivityService: NetworkAgentInfo [WIFI () - 100] validation  passed
01-01 22:30:49.105   555   624 D ConnectivityService: notifyType CAP_CHANGED for NetworkAgentInfo [WIFI () - 100]
01-01 22:30:49.108   555   624 D ConnectivityService: sendStickyBroadcast: action=android.net.conn.INET_CONDITION_ACTION
01-01 22:30:49.135  1456  2120 I iu.SyncManager: SYNC; picasa accounts
01-01 22:30:49.146  1456  1456 D NetworkLogImpl: Loaded NetworkSpeedPredictor
01-01 22:30:49.147  1456  1456 I iu.Environment: update connectivity state; isNetworkMetered? false, isRoaming? false, isBackgroundDataAllowed? true*
01-01 22:30:49.155  1456  2120 I iu.UploadsManager: num queued entries: 0
01-01 22:30:49.156  1456  2120 I iu.UploadsManager: num updated entries: 0
01-01 22:30:49.157  1456  2120 I iu.SyncManager: NEXT; no task
01-01 22:30:49.169  1456  1456 E MDM     : [1] SitrepChimeraService.a: No Google accounts; deferring server state update.
01-01 22:30:49.171  1020  1020 D RKUpdateReceiver: action = android.net.conn.CONNECTIVITY_CHANGE
01-01 22:30:49.172  1020  1020 D RKUpdateService: onStartCommand.......
01-01 22:30:49.172  1020  1020 D RKUpdateService: command = 2 delaytime = 5000
01-01 22:30:49.414   555  1008 D AlarmManagerService: Setting time of day to sec=1607561670
12-10 11:24:30.307   555   603 V AlarmManager: triggered: cmp=com.google.android.gms/.checkin.EventLogServiceReceiver Pkg: com.google.android.gms
12-10 11:24:30.308   555   603 V AlarmManager: triggered: act=ScheduleConditionProvider.EVALUATE flg=0x10000000 Pkg: android
12-10 11:24:30.308   555   603 V AlarmManager: triggered: act=com.google.android.gms.reminders.REFRESH_NOTIFICATION cmp=com.google.android.gms/.reminders.notification.NotificationReceiver Pkg: com.google.android.gms
12-10 11:24:30.308   555   603 V AlarmManager: triggered: act=com.roboteam.teamy.marketplace.autoupdate.ACTION_SILENT_UPDATE_ALL_SKILLS Pkg: com.roboteam.teamy.usa
12-10 11:24:30.309   555   603 V AlarmManager: triggered: act=EventConditionProvider.EVALUATE flg=0x10000000 Pkg: android
12-10 11:24:30.309   555   603 V AlarmManager: triggered: cmp=com.google.android.gms/.checkin.CheckinServiceReceiver Pkg: com.google.android.gms
12-10 11:24:30.323   555   584 I UsageStatsService: Time changed in UsageStats by 313678420 seconds
12-10 11:24:30.323   555   584 I UsageStatsService: User[0] Flushing usage stats to disk
12-10 11:24:30.387   555  2114 I System  : Loaded time zone names for "" in 313678420974ms (89ms in ICU)
12-10 11:24:30.418   555   584 I UsageStatsDatabase: Time changed by +3630d12h53m40s882ms. files deleted: 0 files moved: 4
12-10 11:24:30.426   555  2114 I System  : Loaded time zone names for "en_US" in 39ms (37ms in ICU)
12-10 11:24:30.427   555  2114 D GpsLocationProvider: NTP server returned: 1607561670296 (Thu Dec 10 11:24:30 GMT+10:30 2020) reference: 51654 certainty: 13 system time offset: 313678420884
12-10 11:24:30.433   555   584 I UsageStatsService: User[0] Rollover scheduled @ 2020-12-11 10:30:00(1607644800000)
12-10 11:24:30.449  1456  2130 I EventLogChimeraService: Aggregate from 1607561012150 (log), 1607561012150 (data)
12-10 11:24:30.593   555   584 W Searchables: No global search activity found
12-10 11:24:30.595   555   614 I InputReader: Reconfiguring input devices.  changes=0x00000010
12-10 11:24:30.607   555   555 W BackupManagerService: Proposed transport ComponentInfo{com.google.android.gms/com.google.android.gms.backup.BackupTransportService} not whitelisted; ignoring
12-10 11:24:30.607   993   993 I GCoreNlp: shouldConfirmNlp, NLP off. Ensuring opt-in disabled
12-10 11:24:30.734   555   555 D AlarmManagerService: Kernel timezone updated to -630 minutes west of GMT
12-10 11:24:30.759  1456  2142 V CheckinChimeraService: No Subscriptions found on the device
12-10 11:24:30.760  1456  2142 I CheckinChimeraService: Checking schedule, now: 1607561670759 next: 1294423654513
12-10 11:24:30.760  1456  2142 I CheckinChimeraService: active receiver: enabled
12-10 11:24:30.761  1456  2142 I CheckinChimeraService: Preparing to send checkin request
12-10 11:24:30.761  1456  2142 I EventLogChimeraService: Accumulating logs since 1607561670474
12-10 11:24:30.773  1456  2146 D PkgBroadcastIntentOp: Received broadcast action=android.intent.action.PACKAGE_CHANGED and uri=com.google.android.gms
12-10 11:24:30.774  1456  2146 I PkgBroadcastIntentOp: Null package name or gms related package.  Ignoring.
12-10 11:24:30.796  1456  2146 D WearableController: Received broadcast action=android.intent.action.PACKAGE_CHANGED and uri=com.google.android.gms
12-10 11:24:30.807  1456  2142 I CheckinRequestBuilder: Checkin reason type: 1 attempt count: 1
12-10 11:24:30.807  1456  2153 E IcingInternalCorpora: Unknown Contacts update mode: MAYBE
12-10 11:24:30.813   555   623 D WifiService: New client listening to asynchronous messages
12-10 11:24:30.814  1456  2142 E ActivityThread: Failed to find provider info for com.google.android.wearable.settings
12-10 11:24:30.819  1456  1983 I Icing   : Storage manager: low false usage 1.64MB avail 8.48GB capacity 9.53GB
12-10 11:24:30.857  1456  2160 W IcingInternalCorpora: getNumBytesRead when not calculated.
12-10 11:24:30.890  1456  2142 V CheckinRequestBuilder: No Subscriptions found on the device
12-10 11:24:30.941   555   583 I ActivityManager: Start proc 2166:com.google.android.gms.unstable/u0a6 for service com.google.android.gms/.droidguard.DroidGuardService
12-10 11:24:31.047  2166  2166 W System  : ClassLoader referenced unknown path: /system/priv-app/GMSCore/lib/arm
12-10 11:24:31.069  2166  2166 I MultiDex: VM with version 2.1.0 has multidex support
12-10 11:24:31.069  2166  2166 I MultiDex: install
12-10 11:24:31.069  2166  2166 I MultiDex: VM has multidex support, MultiDex support library is disabled.
12-10 11:24:31.123  2166  2166 W linker  : /system/priv-app/GMSCore/GMSCore.apk: unused DT entry: type 0x7ffffffd arg 0x4ed
12-10 11:24:31.141  2166  2166 W linker  : /system/priv-app/GMSCore/GMSCore.apk: unused DT entry: type 0x1d arg 0xef
12-10 11:24:31.142  2166  2166 W linker  : /system/priv-app/GMSCore/GMSCore.apk: unused DT entry: type 0x7ffffffd arg 0x1d8
12-10 11:24:31.150  2166  2166 V JNIHelp : Registering com/google/android/gms/org/conscrypt/NativeCrypto's 254 native methods...
12-10 11:24:31.201  2166  2166 I ProviderInstaller: Installed default security provider GmsCore_OpenSSL
12-10 11:24:31.219  2166  2166 D ChimeraCfgMgr: Reading stored module config
12-10 11:24:31.242  2166  2189 D NativeLibraryUtils: Install completed successfully. count=12 extracted=0
12-10 11:24:31.290  1456  1983 V GoogleSignatureVerifier: com.luckystar.luckstarautoinstall signature not valid.  Found: 
12-10 11:24:31.290  1456  1983 V GoogleSignatureVerifier: MIID+zCCAuOgAwIBAgIJAP8GQTI8+VUSMA0GCSqGSIb3DQEBCwUAMIGUMQswCQYDVQQGEwJVUzET
12-10 11:24:31.290  1456  1983 V GoogleSignatureVerifier: MBEGA1UECAwKQ2FsaWZvcm5pYTEWMBQGA1UEBwwNTW91bnRhaW4gVmlldzEQMA4GA1UECgwHQW5k
12-10 11:24:31.290  1456  1983 V GoogleSignatureVerifier: cm9pZDEQMA4GA1UECwwHQW5kcm9pZDEQMA4GA1UEAwwHQW5kcm9pZDEiMCAGCSqGSIb3DQEJARYT
12-10 11:24:31.290  1456  1983 V GoogleSignatureVerifier: YW5kcm9pZEBhbmRyb2lkLmNvbTAeFw0xNDEyMjMwNjQzNDFaFw00MjA1MTAwNjQzNDFaMIGUMQsw
12-10 11:24:31.290  1456  1983 V GoogleSignatureVerifier: CQYDVQQGEwJVUzETMBEGA1UECAwKQ2FsaWZvcm5pYTEWMBQGA1UEBwwNTW91bnRhaW4gVmlldzEQ
12-10 11:24:31.290  1456  1983 V GoogleSignatureVerifier: MA4GA1UECgwHQW5kcm9pZDEQMA4GA1UECwwHQW5kcm9pZDEQMA4GA1UEAwwHQW5kcm9pZDEiMCAG
12-10 11:24:31.290  1456  1983 V GoogleSignatureVerifier: CSqGSIb3DQEJARYTYW5kcm9pZEBhbmRyb2lkLmNvbTCCASAwDQYJKoZIhvcNAQEBBQADggENADCC
12-10 11:24:31.290  1456  1983 V GoogleSignatureVerifier: AQgCggEBAKHY8Fl4XZzpJvgHoezYjhmKPvdq9DGYVc/X9NQO5oUlYIA/Ci5rzvljz13KbNve/Kxu
12-10 11:24:31.290  1456  1983 V GoogleSignatureVerifier: Eu9HN8SzsLg9EBhghOko8JxEg7I8W6uPVOoRngNCMvXzjf6av77vxPqphlgq++Y4MIC+fiOxLd+g
12-10 11:24:31.290  1456  1983 V GoogleSignatureVerifier: pYq0p6W7RWxEgrzLHnWiCX0dRmWDs+ey2t4f1WKzGoRQQS0Tn21CViThrVEe+zNwANnhErUcvoQB
12-10 11:24:31.290  1456  1983 V GoogleSignatureVerifier: 2m4/PQotuij7LZNccHJvUOUf5/4wIZd8JOgO3VLwzFO/HhrqUjafCvkpKTjW8oQmHLUz5m40ljET
12-10 11:24:31.290  1456  1983 V GoogleSignatureVerifier: GEjqQ6AuAwmaeFT+Bwj1DUaYg+m7AzalJ2aAtHVX0FftRUkCAQOjUDBOMB0GA1UdDgQWBBQi+Lgb
12-10 11:24:31.290  1456  1983 V GoogleSignatureVerifier: yFfWSoWCbQ+NVDF4ZKTPCjAfBgNVHSMEGDAWgBQi+LgbyFfWSoWCbQ+NVDF4ZKTPCjAMBgNVHRME
12-10 11:24:31.290  1456  1983 V GoogleSignatureVerifier: BTADAQH/MA0GCSqGSIb3DQEBCwUAA4IBAQBH1kIQlSBjXRMuQdaDLytr8ZaJXIN1HApg2QA8azYQ
12-10 11:24:31.290  1456  1983 V GoogleSignatureVerifier: XOS/B16gwm6tBfh1dL86LL/7w09oM9LZv8WwtQyFNjM97vvQvkaOGW/ubhrKOk3+8HTHkEx4n7H6
12-10 11:24:31.290  1456  1983 V GoogleSignatureVerifier: tYGOLdpmWepDfBSEFuLwq6yqG6wZFdd7IKO+sPlCxqUpqg40YAb4WOwzDbiuJnswDftP3wIaaJPh
12-10 11:24:31.290  1456  1983 V GoogleSignatureVerifier: li6OIjRKyd3Sgw1MtffHOy+WSwqHLkGNgH6GAgvZlvhPA/yim+rjnE9oKV5G6PygQK7kJJjS/Lde
12-10 11:24:31.290  1456  1983 V GoogleSignatureVerifier: qxE7M7pNRYPhcLT7qhE7MiuBuyqwAMTTBoU8u3lTdOZwNErbRT5tSXkgVMffkfN7wBNqpSSY
12-10 11:24:31.295  1456  1983 V GoogleSignatureVerifier: com.luckystar.luckstarautoinstall signature not valid.  Found: 
12-10 11:24:31.295  1456  1983 V GoogleSignatureVerifier: MIID+zCCAuOgAwIBAgIJAP8GQTI8+VUSMA0GCSqGSIb3DQEBCwUAMIGUMQswCQYDVQQGEwJVUzET
12-10 11:24:31.295  1456  1983 V GoogleSignatureVerifier: MBEGA1UECAwKQ2FsaWZvcm5pYTEWMBQGA1UEBwwNTW91bnRhaW4gVmlldzEQMA4GA1UECgwHQW5k
12-10 11:24:31.295  1456  1983 V GoogleSignatureVerifier: cm9pZDEQMA4GA1UECwwHQW5kcm9pZDEQMA4GA1UEAwwHQW5kcm9pZDEiMCAGCSqGSIb3DQEJARYT
12-10 11:24:31.295  1456  1983 V GoogleSignatureVerifier: YW5kcm9pZEBhbmRyb2lkLmNvbTAeFw0xNDEyMjMwNjQzNDFaFw00MjA1MTAwNjQzNDFaMIGUMQsw
12-10 11:24:31.295  1456  1983 V GoogleSignatureVerifier: CQYDVQQGEwJVUzETMBEGA1UECAwKQ2FsaWZvcm5pYTEWMBQGA1UEBwwNTW91bnRhaW4gVmlldzEQ
12-10 11:24:31.295  1456  1983 V GoogleSignatureVerifier: MA4GA1UECgwHQW5kcm9pZDEQMA4GA1UECwwHQW5kcm9pZDEQMA4GA1UEAwwHQW5kcm9pZDEiMCAG
12-10 11:24:31.295  1456  1983 V GoogleSignatureVerifier: CSqGSIb3DQEJARYTYW5kcm9pZEBhbmRyb2lkLmNvbTCCASAwDQYJKoZIhvcNAQEBBQADggENADCC
12-10 11:24:31.295  1456  1983 V GoogleSignatureVerifier: AQgCggEBAKHY8Fl4XZzpJvgHoezYjhmKPvdq9DGYVc/X9NQO5oUlYIA/Ci5rzvljz13KbNve/Kxu
12-10 11:24:31.295  1456  1983 V GoogleSignatureVerifier: Eu9HN8SzsLg9EBhghOko8JxEg7I8W6uPVOoRngNCMvXzjf6av77vxPqphlgq++Y4MIC+fiOxLd+g
12-10 11:24:31.295  1456  1983 V GoogleSignatureVerifier: pYq0p6W7RWxEgrzLHnWiCX0dRmWDs+ey2t4f1WKzGoRQQS0Tn21CViThrVEe+zNwANnhErUcvoQB
12-10 11:24:31.295  1456  1983 V GoogleSignatureVerifier: 2m4/PQotuij7LZNccHJvUOUf5/4wIZd8JOgO3VLwzFO/HhrqUjafCvkpKTjW8oQmHLUz5m40ljET
12-10 11:24:31.295  1456  1983 V GoogleSignatureVerifier: GEjqQ6AuAwmaeFT+Bwj1DUaYg+m7AzalJ2aAtHVX0FftRUkCAQOjUDBOMB0GA1UdDgQWBBQi+Lgb
12-10 11:24:31.295  1456  1983 V GoogleSignatureVerifier: yFfWSoWCbQ+NVDF4ZKTPCjAfBgNVHSMEGDAWgBQi+LgbyFfWSoWCbQ+NVDF4ZKTPCjAMBgNVHRME
12-10 11:24:31.295  1456  1983 V GoogleSignatureVerifier: BTADAQH/MA0GCSqGSIb3DQEBCwUAA4IBAQBH1kIQlSBjXRMuQdaDLytr8ZaJXIN1HApg2QA8azYQ
12-10 11:24:31.295  1456  1983 V GoogleSignatureVerifier: XOS/B16gwm6tBfh1dL86LL/7w09oM9LZv8WwtQyFNjM97vvQvkaOGW/ubhrKOk3+8HTHkEx4n7H6
12-10 11:24:31.295  1456  1983 V GoogleSignatureVerifier: tYGOLdpmWepDfBSEFuLwq6yqG6wZFdd7IKO+sPlCxqUpqg40YAb4WOwzDbiuJnswDftP3wIaaJPh
12-10 11:24:31.295  1456  1983 V GoogleSignatureVerifier: li6OIjRKyd3Sgw1MtffHOy+WSwqHLkGNgH6GAgvZlvhPA/yim+rjnE9oKV5G6PygQK7kJJjS/Lde
12-10 11:24:31.295  1456  1983 V GoogleSignatureVerifier: qxE7M7pNRYPhcLT7qhE7MiuBuyqwAMTTBoU8u3lTdOZwNErbRT5tSXkgVMffkfN7wBNqpSSY
12-10 11:24:31.320  1456  1983 V GoogleSignatureVerifier: com.android.inputdevices signature not valid.  Found: 
12-10 11:24:31.320  1456  1983 V GoogleSignatureVerifier: MIID+zCCAuOgAwIBAgIJAP8GQTI8+VUSMA0GCSqGSIb3DQEBCwUAMIGUMQswCQYDVQQGEwJVUzET
12-10 11:24:31.320  1456  1983 V GoogleSignatureVerifier: MBEGA1UECAwKQ2FsaWZvcm5pYTEWMBQGA1UEBwwNTW91bnRhaW4gVmlldzEQMA4GA1UECgwHQW5k
12-10 11:24:31.320  1456  1983 V GoogleSignatureVerifier: cm9pZDEQMA4GA1UECwwHQW5kcm9pZDEQMA4GA1UEAwwHQW5kcm9pZDEiMCAGCSqGSIb3DQEJARYT
12-10 11:24:31.320  1456  1983 V GoogleSignatureVerifier: YW5kcm9pZEBhbmRyb2lkLmNvbTAeFw0xNDEyMjMwNjQzNDFaFw00MjA1MTAwNjQzNDFaMIGUMQsw
12-10 11:24:31.320  1456  1983 V GoogleSignatureVerifier: CQYDVQQGEwJVUzETMBEGA1UECAwKQ2FsaWZvcm5pYTEWMBQGA1UEBwwNTW91bnRhaW4gVmlldzEQ
12-10 11:24:31.320  1456  1983 V GoogleSignatureVerifier: MA4GA1UECgwHQW5kcm9pZDEQMA4GA1UECwwHQW5kcm9pZDEQMA4GA1UEAwwHQW5kcm9pZDEiMCAG
12-10 11:24:31.320  1456  1983 V GoogleSignatureVerifier: CSqGSIb3DQEJARYTYW5kcm9pZEBhbmRyb2lkLmNvbTCCASAwDQYJKoZIhvcNAQEBBQADggENADCC
12-10 11:24:31.320  1456  1983 V GoogleSignatureVerifier: AQgCggEBAKHY8Fl4XZzpJvgHoezYjhmKPvdq9DGYVc/X9NQO5oUlYIA/Ci5rzvljz13KbNve/Kxu
12-10 11:24:31.320  1456  1983 V GoogleSignatureVerifier: Eu9HN8SzsLg9EBhghOko8JxEg7I8W6uPVOoRngNCMvXzjf6av77vxPqphlgq++Y4MIC+fiOxLd+g
12-10 11:24:31.320  1456  1983 V GoogleSignatureVerifier: pYq0p6W7RWxEgrzLHnWiCX0dRmWDs+ey2t4f1WKzGoRQQS0Tn21CViThrVEe+zNwANnhErUcvoQB
12-10 11:24:31.320  1456  1983 V GoogleSignatureVerifier: 2m4/PQotuij7LZNccHJvUOUf5/4wIZd8JOgO3VLwzFO/HhrqUjafCvkpKTjW8oQmHLUz5m40ljET
12-10 11:24:31.320  1456  1983 V GoogleSignatureVerifier: GEjqQ6AuAwmaeFT+Bwj1DUaYg+m7AzalJ2aAtHVX0FftRUkCAQOjUDBOMB0GA1UdDgQWBBQi+Lgb
12-10 11:24:31.320  1456  1983 V GoogleSignatureVerifier: yFfWSoWCbQ+NVDF4ZKTPCjAfBgNVHSMEGDAWgBQi+LgbyFfWSoWCbQ+NVDF4ZKTPCjAMBgNVHRME
12-10 11:24:31.320  1456  1983 V GoogleSignatureVerifier: BTADAQH/MA0GCSqGSIb3DQEBCwUAA4IBAQBH1kIQlSBjXRMuQdaDLytr8ZaJXIN1HApg2QA8azYQ
12-10 11:24:31.320  1456  1983 V GoogleSignatureVerifier: XOS/B16gwm6tBfh1dL86LL/7w09oM9LZv8WwtQyFNjM97vvQvkaOGW/ubhrKOk3+8HTHkEx4n7H6
12-10 11:24:31.320  1456  1983 V GoogleSignatureVerifier: tYGOLdpmWepDfBSEFuLwq6yqG6wZFdd7IKO+sPlCxqUpqg40YAb4WOwzDbiuJnswDftP3wIaaJPh
12-10 11:24:31.320  1456  1983 V GoogleSignatureVerifier: li6OIjRKyd3Sgw1MtffHOy+WSwqHLkGNgH6GAgvZlvhPA/yim+rjnE9oKV5G6PygQK7kJJjS/Lde
12-10 11:24:31.320  1456  1983 V GoogleSignatureVerifier: qxE7M7pNRYPhcLT7qhE7MiuBuyqwAMTTBoU8u3lTdOZwNErbRT5tSXkgVMffkfN7wBNqpSSY
12-10 11:24:31.324  1456  1983 V GoogleSignatureVerifier: com.android.inputdevices signature not valid.  Found: 
12-10 11:24:31.324  1456  1983 V GoogleSignatureVerifier: MIID+zCCAuOgAwIBAgIJAP8GQTI8+VUSMA0GCSqGSIb3DQEBCwUAMIGUMQswCQYDVQQGEwJVUzET
12-10 11:24:31.324  1456  1983 V GoogleSignatureVerifier: MBEGA1UECAwKQ2FsaWZvcm5pYTEWMBQGA1UEBwwNTW91bnRhaW4gVmlldzEQMA4GA1UECgwHQW5k
12-10 11:24:31.324  1456  1983 V GoogleSignatureVerifier: cm9pZDEQMA4GA1UECwwHQW5kcm9pZDEQMA4GA1UEAwwHQW5kcm9pZDEiMCAGCSqGSIb3DQEJARYT
12-10 11:24:31.324  1456  1983 V GoogleSignatureVerifier: YW5kcm9pZEBhbmRyb2lkLmNvbTAeFw0xNDEyMjMwNjQzNDFaFw00MjA1MTAwNjQzNDFaMIGUMQsw
12-10 11:24:31.324  1456  1983 V GoogleSignatureVerifier: CQYDVQQGEwJVUzETMBEGA1UECAwKQ2FsaWZvcm5pYTEWMBQGA1UEBwwNTW91bnRhaW4gVmlldzEQ
12-10 11:24:31.324  1456  1983 V GoogleSignatureVerifier: MA4GA1UECgwHQW5kcm9pZDEQMA4GA1UECwwHQW5kcm9pZDEQMA4GA1UEAwwHQW5kcm9pZDEiMCAG
12-10 11:24:31.324  1456  1983 V GoogleSignatureVerifier: CSqGSIb3DQEJARYTYW5kcm9pZEBhbmRyb2lkLmNvbTCCASAwDQYJKoZIhvcNAQEBBQADggENADCC
12-10 11:24:31.324  1456  1983 V GoogleSignatureVerifier: AQgCggEBAKHY8Fl4XZzpJvgHoezYjhmKPvdq9DGYVc/X9NQO5oUlYIA/Ci5rzvljz13KbNve/Kxu
12-10 11:24:31.324  1456  1983 V GoogleSignatureVerifier: Eu9HN8SzsLg9EBhghOko8JxEg7I8W6uPVOoRngNCMvXzjf6av77vxPqphlgq++Y4MIC+fiOxLd+g
12-10 11:24:31.324  1456  1983 V GoogleSignatureVerifier: pYq0p6W7RWxEgrzLHnWiCX0dRmWDs+ey2t4f1WKzGoRQQS0Tn21CViThrVEe+zNwANnhErUcvoQB
12-10 11:24:31.324  1456  1983 V GoogleSignatureVerifier: 2m4/PQotuij7LZNccHJvUOUf5/4wIZd8JOgO3VLwzFO/HhrqUjafCvkpKTjW8oQmHLUz5m40ljET
12-10 11:24:31.324  1456  1983 V GoogleSignatureVerifier: GEjqQ6AuAwmaeFT+Bwj1DUaYg+m7AzalJ2aAtHVX0FftRUkCAQOjUDBOMB0GA1UdDgQWBBQi+Lgb
12-10 11:24:31.324  1456  1983 V GoogleSignatureVerifier: yFfWSoWCbQ+NVDF4ZKTPCjAfBgNVHSMEGDAWgBQi+LgbyFfWSoWCbQ+NVDF4ZKTPCjAMBgNVHRME
12-10 11:24:31.324  1456  1983 V GoogleSignatureVerifier: BTADAQH/MA0GCSqGSIb3DQEBCwUAA4IBAQBH1kIQlSBjXRMuQdaDLytr8ZaJXIN1HApg2QA8azYQ
12-10 11:24:31.324  1456  1983 V GoogleSignatureVerifier: XOS/B16gwm6tBfh1dL86LL/7w09oM9LZv8WwtQyFNjM97vvQvkaOGW/ubhrKOk3+8HTHkEx4n7H6
12-10 11:24:31.324  1456  1983 V GoogleSignatureVerifier: tYGOLdpmWepDfBSEFuLwq6yqG6wZFdd7IKO+sPlCxqUpqg40YAb4WOwzDbiuJnswDftP3wIaaJPh
12-10 11:24:31.324  1456  1983 V GoogleSignatureVerifier: li6OIjRKyd3Sgw1MtffHOy+WSwqHLkGNgH6GAgvZlvhPA/yim+rjnE9oKV5G6PygQK7kJJjS/Lde
12-10 11:24:31.324  1456  1983 V GoogleSignatureVerifier: qxE7M7pNRYPhcLT7qhE7MiuBuyqwAMTTBoU8u3lTdOZwNErbRT5tSXkgVMffkfN7wBNqpSSY
12-10 11:24:31.338  1456  1983 V GoogleSignatureVerifier: com.android.keychain signature not valid.  Found: 
12-10 11:24:31.338  1456  1983 V GoogleSignatureVerifier: MIID+zCCAuOgAwIBAgIJAP8GQTI8+VUSMA0GCSqGSIb3DQEBCwUAMIGUMQswCQYDVQQGEwJVUzET
12-10 11:24:31.338  1456  1983 V GoogleSignatureVerifier: MBEGA1UECAwKQ2FsaWZvcm5pYTEWMBQGA1UEBwwNTW91bnRhaW4gVmlldzEQMA4GA1UECgwHQW5k
12-10 11:24:31.338  1456  1983 V GoogleSignatureVerifier: cm9pZDEQMA4GA1UECwwHQW5kcm9pZDEQMA4GA1UEAwwHQW5kcm9pZDEiMCAGCSqGSIb3DQEJARYT
12-10 11:24:31.338  1456  1983 V GoogleSignatureVerifier: YW5kcm9pZEBhbmRyb2lkLmNvbTAeFw0xNDEyMjMwNjQzNDFaFw00MjA1MTAwNjQzNDFaMIGUMQsw
12-10 11:24:31.338  1456  1983 V GoogleSignatureVerifier: CQYDVQQGEwJVUzETMBEGA1UECAwKQ2FsaWZvcm5pYTEWMBQGA1UEBwwNTW91bnRhaW4gVmlldzEQ
12-10 11:24:31.338  1456  1983 V GoogleSignatureVerifier: MA4GA1UECgwHQW5kcm9pZDEQMA4GA1UECwwHQW5kcm9pZDEQMA4GA1UEAwwHQW5kcm9pZDEiMCAG
12-10 11:24:31.338  1456  1983 V GoogleSignatureVerifier: CSqGSIb3DQEJARYTYW5kcm9pZEBhbmRyb2lkLmNvbTCCASAwDQYJKoZIhvcNAQEBBQADggENADCC
12-10 11:24:31.338  1456  1983 V GoogleSignatureVerifier: AQgCggEBAKHY8Fl4XZzpJvgHoezYjhmKPvdq9DGYVc/X9NQO5oUlYIA/Ci5rzvljz13KbNve/Kxu
12-10 11:24:31.338  1456  1983 V GoogleSignatureVerifier: Eu9HN8SzsLg9EBhghOko8JxEg7I8W6uPVOoRngNCMvXzjf6av77vxPqphlgq++Y4MIC+fiOxLd+g
12-10 11:24:31.338  1456  1983 V GoogleSignatureVerifier: pYq0p6W7RWxEgrzLHnWiCX0dRmWDs+ey2t4f1WKzGoRQQS0Tn21CViThrVEe+zNwANnhErUcvoQB
12-10 11:24:31.338  1456  1983 V GoogleSignatureVerifier: 2m4/PQotuij7LZNccHJvUOUf5/4wIZd8JOgO3VLwzFO/HhrqUjafCvkpKTjW8oQmHLUz5m40ljET
12-10 11:24:31.338  1456  1983 V GoogleSignatureVerifier: GEjqQ6AuAwmaeFT+Bwj1DUaYg+m7AzalJ2aAtHVX0FftRUkCAQOjUDBOMB0GA1UdDgQWBBQi+Lgb
12-10 11:24:31.338  1456  1983 V GoogleSignatureVerifier: yFfWSoWCbQ+NVDF4ZKTPCjAfBgNVHSMEGDAWgBQi+LgbyFfWSoWCbQ+NVDF4ZKTPCjAMBgNVHRME
12-10 11:24:31.338  1456  1983 V GoogleSignatureVerifier: BTADAQH/MA0GCSqGSIb3DQEBCwUAA4IBAQBH1kIQlSBjXRMuQdaDLytr8ZaJXIN1HApg2QA8azYQ
12-10 11:24:31.338  1456  1983 V GoogleSignatureVerifier: XOS/B16gwm6tBfh1dL86LL/7w09oM9LZv8WwtQyFNjM97vvQvkaOGW/ubhrKOk3+8HTHkEx4n7H6
12-10 11:24:31.338  1456  1983 V GoogleSignatureVerifier: tYGOLdpmWepDfBSEFuLwq6yqG6wZFdd7IKO+sPlCxqUpqg40YAb4WOwzDbiuJnswDftP3wIaaJPh
12-10 11:24:31.338  1456  1983 V GoogleSignatureVerifier: li6OIjRKyd3Sgw1MtffHOy+WSwqHLkGNgH6GAgvZlvhPA/yim+rjnE9oKV5G6PygQK7kJJjS/Lde
12-10 11:24:31.338  1456  1983 V GoogleSignatureVerifier: qxE7M7pNRYPhcLT7qhE7MiuBuyqwAMTTBoU8u3lTdOZwNErbRT5tSXkgVMffkfN7wBNqpSSY
12-10 11:24:31.342  1456  1983 V GoogleSignatureVerifier: com.android.keychain signature not valid.  Found: 
12-10 11:24:31.342  1456  1983 V GoogleSignatureVerifier: MIID+zCCAuOgAwIBAgIJAP8GQTI8+VUSMA0GCSqGSIb3DQEBCwUAMIGUMQswCQYDVQQGEwJVUzET
12-10 11:24:31.342  1456  1983 V GoogleSignatureVerifier: MBEGA1UECAwKQ2FsaWZvcm5pYTEWMBQGA1UEBwwNTW91bnRhaW4gVmlldzEQMA4GA1UECgwHQW5k
12-10 11:24:31.342  1456  1983 V GoogleSignatureVerifier: cm9pZDEQMA4GA1UECwwHQW5kcm9pZDEQMA4GA1UEAwwHQW5kcm9pZDEiMCAGCSqGSIb3DQEJARYT
12-10 11:24:31.342  1456  1983 V GoogleSignatureVerifier: YW5kcm9pZEBhbmRyb2lkLmNvbTAeFw0xNDEyMjMwNjQzNDFaFw00MjA1MTAwNjQzNDFaMIGUMQsw
12-10 11:24:31.342  1456  1983 V GoogleSignatureVerifier: CQYDVQQGEwJVUzETMBEGA1UECAwKQ2FsaWZvcm5pYTEWMBQGA1UEBwwNTW91bnRhaW4gVmlldzEQ
12-10 11:24:31.342  1456  1983 V GoogleSignatureVerifier: MA4GA1UECgwHQW5kcm9pZDEQMA4GA1UECwwHQW5kcm9pZDEQMA4GA1UEAwwHQW5kcm9pZDEiMCAG
12-10 11:24:31.342  1456  1983 V GoogleSignatureVerifier: CSqGSIb3DQEJARYTYW5kcm9pZEBhbmRyb2lkLmNvbTCCASAwDQYJKoZIhvcNAQEBBQADggENADCC
12-10 11:24:31.342  1456  1983 V GoogleSignatureVerifier: AQgCggEBAKHY8Fl4XZzpJvgHoezYjhmKPvdq9DGYVc/X9NQO5oUlYIA/Ci5rzvljz13KbNve/Kxu
12-10 11:24:31.342  1456  1983 V GoogleSignatureVerifier: Eu9HN8SzsLg9EBhghOko8JxEg7I8W6uPVOoRngNCMvXzjf6av77vxPqphlgq++Y4MIC+fiOxLd+g
12-10 11:24:31.342  1456  1983 V GoogleSignatureVerifier: pYq0p6W7RWxEgrzLHnWiCX0dRmWDs+ey2t4f1WKzGoRQQS0Tn21CViThrVEe+zNwANnhErUcvoQB
12-10 11:24:31.342  1456  1983 V GoogleSignatureVerifier: 2m4/PQotuij7LZNccHJvUOUf5/4wIZd8JOgO3VLwzFO/HhrqUjafCvkpKTjW8oQmHLUz5m40ljET
12-10 11:24:31.342  1456  1983 V GoogleSignatureVerifier: GEjqQ6AuAwmaeFT+Bwj1DUaYg+m7AzalJ2aAtHVX0FftRUkCAQOjUDBOMB0GA1UdDgQWBBQi+Lgb
12-10 11:24:31.342  1456  1983 V GoogleSignatureVerifier: yFfWSoWCbQ+NVDF4ZKTPCjAfBgNVHSMEGDAWgBQi+LgbyFfWSoWCbQ+NVDF4ZKTPCjAMBgNVHRME
12-10 11:24:31.342  1456  1983 V GoogleSignatureVerifier: BTADAQH/MA0GCSqGSIb3DQEBCwUAA4IBAQBH1kIQlSBjXRMuQdaDLytr8ZaJXIN1HApg2QA8azYQ
12-10 11:24:31.342  1456  1983 V GoogleSignatureVerifier: XOS/B16gwm6tBfh1dL86LL/7w09oM9LZv8WwtQyFNjM97vvQvkaOGW/ubhrKOk3+8HTHkEx4n7H6
12-10 11:24:31.342  1456  1983 V GoogleSignatureVerifier: tYGOLdpmWepDfBSEFuLwq6yqG6wZFdd7IKO+sPlCxqUpqg40YAb4WOwzDbiuJnswDftP3wIaaJPh
12-10 11:24:31.342  1456  1983 V GoogleSignatureVerifier: li6OIjRKyd3Sgw1MtffHOy+WSwqHLkGNgH6GAgvZlvhPA/yim+rjnE9oKV5G6PygQK7kJJjS/Lde
12-10 11:24:31.342  1456  1983 V GoogleSignatureVerifier: qxE7M7pNRYPhcLT7qhE7MiuBuyqwAMTTBoU8u3lTdOZwNErbRT5tSXkgVMffkfN7wBNqpSSY
12-10 11:24:31.357  1456  1983 V GoogleSignatureVerifier: com.robotemi.btob.usa signature not valid.  Found: 
12-10 11:24:31.357  1456  1983 V GoogleSignatureVerifier: MIID+zCCAuOgAwIBAgIJAP8GQTI8+VUSMA0GCSqGSIb3DQEBCwUAMIGUMQswCQYDVQQGEwJVUzET
12-10 11:24:31.357  1456  1983 V GoogleSignatureVerifier: MBEGA1UECAwKQ2FsaWZvcm5pYTEWMBQGA1UEBwwNTW91bnRhaW4gVmlldzEQMA4GA1UECgwHQW5k
12-10 11:24:31.357  1456  1983 V GoogleSignatureVerifier: cm9pZDEQMA4GA1UECwwHQW5kcm9pZDEQMA4GA1UEAwwHQW5kcm9pZDEiMCAGCSqGSIb3DQEJARYT
12-10 11:24:31.357  1456  1983 V GoogleSignatureVerifier: YW5kcm9pZEBhbmRyb2lkLmNvbTAeFw0xNDEyMjMwNjQzNDFaFw00MjA1MTAwNjQzNDFaMIGUMQsw
12-10 11:24:31.357  1456  1983 V GoogleSignatureVerifier: CQYDVQQGEwJVUzETMBEGA1UECAwKQ2FsaWZvcm5pYTEWMBQGA1UEBwwNTW91bnRhaW4gVmlldzEQ
12-10 11:24:31.357  1456  1983 V GoogleSignatureVerifier: MA4GA1UECgwHQW5kcm9pZDEQMA4GA1UECwwHQW5kcm9pZDEQMA4GA1UEAwwHQW5kcm9pZDEiMCAG
12-10 11:24:31.357  1456  1983 V GoogleSignatureVerifier: CSqGSIb3DQEJARYTYW5kcm9pZEBhbmRyb2lkLmNvbTCCASAwDQYJKoZIhvcNAQEBBQADggENADCC
12-10 11:24:31.357  1456  1983 V GoogleSignatureVerifier: AQgCggEBAKHY8Fl4XZzpJvgHoezYjhmKPvdq9DGYVc/X9NQO5oUlYIA/Ci5rzvljz13KbNve/Kxu
12-10 11:24:31.357  1456  1983 V GoogleSignatureVerifier: Eu9HN8SzsLg9EBhghOko8JxEg7I8W6uPVOoRngNCMvXzjf6av77vxPqphlgq++Y4MIC+fiOxLd+g
12-10 11:24:31.357  1456  1983 V GoogleSignatureVerifier: pYq0p6W7RWxEgrzLHnWiCX0dRmWDs+ey2t4f1WKzGoRQQS0Tn21CViThrVEe+zNwANnhErUcvoQB
12-10 11:24:31.357  1456  1983 V GoogleSignatureVerifier: 2m4/PQotuij7LZNccHJvUOUf5/4wIZd8JOgO3VLwzFO/HhrqUjafCvkpKTjW8oQmHLUz5m40ljET
12-10 11:24:31.357  1456  1983 V GoogleSignatureVerifier: GEjqQ6AuAwmaeFT+Bwj1DUaYg+m7AzalJ2aAtHVX0FftRUkCAQOjUDBOMB0GA1UdDgQWBBQi+Lgb
12-10 11:24:31.357  1456  1983 V GoogleSignatureVerifier: yFfWSoWCbQ+NVDF4ZKTPCjAfBgNVHSMEGDAWgBQi+LgbyFfWSoWCbQ+NVDF4ZKTPCjAMBgNVHRME
12-10 11:24:31.357  1456  1983 V GoogleSignatureVerifier: BTADAQH/MA0GCSqGSIb3DQEBCwUAA4IBAQBH1kIQlSBjXRMuQdaDLytr8ZaJXIN1HApg2QA8azYQ
12-10 11:24:31.357  1456  1983 V GoogleSignatureVerifier: XOS/B16gwm6tBfh1dL86LL/7w09oM9LZv8WwtQyFNjM97vvQvkaOGW/ubhrKOk3+8HTHkEx4n7H6
12-10 11:24:31.357  1456  1983 V GoogleSignatureVerifier: tYGOLdpmWepDfBSEFuLwq6yqG6wZFdd7IKO+sPlCxqUpqg40YAb4WOwzDbiuJnswDftP3wIaaJPh
12-10 11:24:31.357  1456  1983 V GoogleSignatureVerifier: li6OIjRKyd3Sgw1MtffHOy+WSwqHLkGNgH6GAgvZlvhPA/yim+rjnE9oKV5G6PygQK7kJJjS/Lde
