01-01 22:30:26.151   572   572 I WifiScanningService: Creating wifiscanner
01-01 22:30:26.151   572   572 I WifiScanningService: Starting wifiscanner
01-01 22:30:26.152   572   572 I SystemServiceManager: Starting com.android.server.wifi.RttService
01-01 22:30:26.152   572   572 I RttService: Creating rttmanager
01-01 22:30:26.152   572   572 I RttService: Starting rttmanager
01-01 22:30:26.153   572   572 I SystemServiceManager: Starting com.android.server.ethernet.EthernetService
01-01 22:30:26.154   572   572 I EthernetServiceImpl: Creating EthernetConfigStore
01-01 22:30:26.158   572   572 E IpConfigStore: Error parsing configuration: java.io.FileNotFoundException: /data/misc/ethernet/ipconfig.txt: open failed: ENOENT (No such file or directory)
01-01 22:30:26.158   572   572 W EthernetConfigStore: No Ethernet configuration found. Using default.
01-01 22:30:26.158   572   572 I EthernetServiceImpl: Read stored IP configuration: IP assignment: DHCP
01-01 22:30:26.158   572   572 I EthernetServiceImpl: Proxy settings: NONE
01-01 22:30:26.158   572   572 I EthernetService: Registering service ethernet
01-01 22:30:26.159   572   572 I SystemServer: Connectivity Service
01-01 22:30:26.161   572   572 D ConnectivityService: ConnectivityService starting up
01-01 22:30:26.164   572   572 D ConnectivityService: wifiOnly=false
01-01 22:30:26.164   572   572 E ConnectivityService: Ignoring protectedNetwork 14
01-01 22:30:26.168   572   572 I SystemServer: Network Service Discovery Service
01-01 22:30:26.170   572   572 D NsdService: Network service discovery enabled true
01-01 22:30:26.171   572   572 I SystemServer: UpdateLock Service
01-01 22:30:26.173   572   572 I SystemServiceManager: Starting com.android.server.notification.NotificationManagerService
01-01 22:30:26.189   572   572 D ZenLog  : config: readXml,ZenModeConfig[user=0,allowCalls=true,allowRepeatCallers=false,allowMessages=false,allowCallsFrom=contacts,allowMessagesFrom=contacts,allowReminders=true,allowEvents=true,automaticRules={363de66995ed47569d6840773783475f=ZenRule[enabled=false,snoozing=false,name=Weeknight,zenMode=ZEN_MODE_ALARMS,conditionId=condition://android/schedule?days=1.2.3.4.5&start=22.0&end=7.0,condition=Condition[id=condition://android/schedule?days=1.2.3.4.5&start=22.0&end=7.0,summary=...,line1=...,line2=...,icon=0,state=STATE_FALSE,flags=2],component=ComponentInfo{android/com.android.server.notification.ScheduleConditionProvider}], cc4f6775defb48c68192d58ffdd16c32=ZenRule[enabled=false,snoozing=false,name=Event,zenMode=ZEN_MODE_ALARMS,conditionId=condition://android/event?userId=-10000&calendar=&reply=1,condition=Condition[id=condition://android/event?userId=-10000&calendar=&reply=1,summary=...,line1=...,line2=...,icon=0,state=STATE_FALSE,flags=2],component=ComponentInfo{android/com.android.server.notification.EventConditionProvider}], dc7e0b14579b4630bf749c5f1a51893f=ZenRule[enabled=false,snoozing=false,name=Weekend,zenMode=ZEN_MODE_ALARMS,conditionId=condition://android/schedule?days=6.7&start=23.30&end=10.0,condition=Condition[id=condition://android/schedule?days=6.7&start=23.30&end=10.0,summary=...,line1=...,line2=...,icon=0,state=STATE_FALSE,flags=2],component=ComponentInfo{android/com.android.server.notification.ScheduleConditionProvider}]},manualRule=ZenRule[enabled=true,snoozing=false,name=null,zenMode=ZEN_MODE_ALARMS,conditionId=null,condition=null,component=null]],Diff[automaticRule[363de66995ed47569d6840773783475f]:insert,automaticRule[eb707545dcfc4aeea68260e59178a61d]:delete,automaticRule[cc4f6775defb48c68192d58ffdd16c32]:insert,automaticRule[dc7e0b14579b4630bf749c5f1a51893f]:insert,automaticRule[c7785e3aff3246a484c3e405bb54df53]:delete,automaticRule[f69ee995d419492b92e2faaaebb5f70c]:delete,manualRule:insert]
01-01 22:30:26.190   572   572 D ZenLog  : set_zen_mode: alarms,readXml
01-01 22:30:26.190   572   572 D ConditionProviders: Subscribing to condition://android/schedule?days=1.2.3.4.5&start=22.0&end=7.0 with ComponentInfo{android/com.android.server.notification.ScheduleConditionProvider}
01-01 22:30:26.190   572   572 D ZenLog  : subscribe: condition://android/schedule?days=1.2.3.4.5&start=22.0&end=7.0,ok
01-01 22:30:26.191   572   572 D ConditionProviders: Subscribing to condition://android/event?userId=-10000&calendar=&reply=1 with ComponentInfo{android/com.android.server.notification.EventConditionProvider}
01-01 22:30:26.191   572   572 D ZenLog  : subscribe: condition://android/event?userId=-10000&calendar=&reply=1,ok
01-01 22:30:26.191   572   572 D ConditionProviders: Subscribing to condition://android/schedule?days=6.7&start=23.30&end=10.0 with ComponentInfo{android/com.android.server.notification.ScheduleConditionProvider}
01-01 22:30:26.191   572   572 D ZenLog  : subscribe: condition://android/schedule?days=6.7&start=23.30&end=10.0,ok
01-01 22:30:26.195   572   572 I SystemServiceManager: Starting com.android.server.storage.DeviceStorageMonitorService
01-01 22:30:26.196   572   572 I SystemServer: Location Manager
01-01 22:30:26.198   572   572 I SystemServer: Country Detector
01-01 22:30:26.199   572   572 I SystemServer: Search Service
01-01 22:30:26.200   572   572 I SystemServer: DropBox Service
01-01 22:30:26.201   572   572 I SystemServer: Wallpaper Service
01-01 22:30:26.205   572   572 I SystemServer: Audio Service
01-01 22:30:26.210   572   572 W TelecomManager: Telecom Service not found.
01-01 22:30:26.210   228   474 I chatty  : uid=1013(media) Binder_1 expire 60 lines
01-01 22:30:26.225   572   572 V AudioService: monitoring device orientation
01-01 22:30:26.226   572   572 I SystemServer: DockObserver
01-01 22:30:26.226   572   572 I SystemServiceManager: Starting com.android.server.DockObserver
01-01 22:30:26.227   572   572 W DockObserver: This kernel does not have dock station support
01-01 22:30:26.227   572   572 I SystemServer: Wired Accessory Manager
01-01 22:30:26.231   572   572 W WiredAccessoryManager: This kernel does not have wired headset support
01-01 22:30:26.232   572   572 I SystemServiceManager: Starting com.android.server.usb.UsbService$Lifecycle
01-01 22:30:26.239   572   572 I SystemServer: Serial Service
01-01 22:30:26.239   572   572 I SystemServiceManager: Starting com.android.server.twilight.TwilightService
01-01 22:30:26.242   572   572 I SystemServiceManager: Starting com.android.server.job.JobSchedulerService
01-01 22:30:26.247   572   572 D JobStore: job-info
01-01 22:30:26.251   572   572 I SystemServiceManager: Starting com.android.server.backup.BackupManagerService$Lifecycle
01-01 22:30:26.252   572   572 I SystemServiceManager: Starting com.android.server.appwidget.AppWidgetService
01-01 22:30:26.256   572   572 I SystemServiceManager: Starting com.android.server.voiceinteraction.VoiceInteractionManagerService
01-01 22:30:26.257   228   228 I chatty  : uid=1013(media) /system/bin/mediaserver expire 1 line
01-01 22:30:26.257   572   572 W SoundTriggerHelper: listModules status=0, # of modules=0
01-01 22:30:26.259   572   572 I SystemServer: Gesture Launcher Service
01-01 22:30:26.259   572   572 I SystemServiceManager: Starting com.android.server.GestureLauncherService
01-01 22:30:26.259   572   572 I SystemServer: DiskStats Service
01-01 22:30:26.259   572   572 I SystemServer: SamplingProfiler Service
01-01 22:30:26.270   572   572 I SystemServer: NetworkTimeUpdateService
01-01 22:30:26.270   572   572 I SystemServer: CommonTimeManagementService
01-01 22:30:26.271   572   572 I SystemServer: CertBlacklister
01-01 22:30:26.272   572   572 I SystemServiceManager: Starting com.android.server.dreams.DreamManagerService
01-01 22:30:26.273   572   572 I SystemServer: Assets Atlas Service
01-01 22:30:26.275   572   572 I SystemServiceManager: Starting com.android.server.print.PrintManagerService
01-01 22:30:26.276   572   633 D AssetAtlas: Loaded configuration: SliceMinArea (832x2048) flags=0x2 count=6
01-01 22:30:26.277   572   572 I SystemServiceManager: Starting com.android.server.restrictions.RestrictionsManagerService
01-01 22:30:26.278   572   572 I SystemServiceManager: Starting com.android.server.media.MediaSessionService
01-01 22:30:26.281   572   572 I SystemServer: Media Router Service
01-01 22:30:26.282   572   572 I SystemServer: DisplayDeviceManagementService Service
01-01 22:30:26.283   572   572 D DisplayDeviceManagementService: DisplayDeviceManagementService start
01-01 22:30:26.283   572   572 I SystemServiceManager: Starting com.android.server.trust.TrustManagerService
01-01 22:30:26.283   192   353 D gralloc : Isfb=0, [832,2048,832,3328], fmt=1, byte_stride=3328
01-01 22:30:26.285   572   572 I SystemServiceManager: Starting com.android.server.fingerprint.FingerprintService
01-01 22:30:26.286   572   633 I libEGL  : to search mali_so in soc specific path : /vendor/lib/egl/rk3288w
01-01 22:30:26.290   572   572 W FingerprintService: fingerprint service not available
01-01 22:30:26.290   572   572 V FingerprintService: Fingerprint HAL id: 0
01-01 22:30:26.290   572   572 I SystemServer: BackgroundDexOptService
01-01 22:30:26.292   572   572 I SystemServiceManager: Starting com.android.server.pm.LauncherAppsService
01-01 22:30:26.295   572   572 I SystemServiceManager: Starting com.android.server.media.projection.MediaProjectionManagerService
01-01 22:30:26.302   572   572 I SystemServer: begin detectSafeMode
01-01 22:30:26.302   572   572 W WindowManager: safemode detected disabled by config
01-01 22:30:26.302   572   572 I SystemServer: end detectSafeMode
01-01 22:30:26.302   572   572 I SystemServiceManager: Starting com.android.server.MmsServiceBroker
01-01 22:30:26.303   572   572 I SystemServer: vibrator.systemReady
01-01 22:30:26.305   572   572 I SystemServer: lockSettings.systemReady
01-01 22:30:26.323   572   633 D libEGL  : loaded /vendor/lib/egl/rk3288w/libGLES_mali.so
01-01 22:30:26.326   572   572 E LockSettingsStorage: Cannot read file java.io.FileNotFoundException: /data/system/gatekeeper.password.key: open failed: ENOENT (No such file or directory)
01-01 22:30:26.326   572   572 E LockSettingsStorage: Cannot read file java.io.FileNotFoundException: /data/system/password.key: open failed: ENOENT (No such file or directory)
01-01 22:30:26.326   572   572 E LockSettingsStorage: Cannot read file java.io.FileNotFoundException: /data/system/gatekeeper.pattern.key: open failed: ENOENT (No such file or directory)
01-01 22:30:26.326   572   572 E LockSettingsStorage: Cannot read file java.io.FileNotFoundException: /data/system/gatekeeper.gesture.key: open failed: ENOENT (No such file or directory)
01-01 22:30:26.326   572   572 E LockSettingsStorage: Cannot read file java.io.FileNotFoundException: /data/system/gesture.key: open failed: ENOENT (No such file or directory)
01-01 22:30:26.326   572   572 I SystemServer: PHASE_LOCK_SETTINGS_READY
01-01 22:30:26.326   572   572 I SystemServiceManager: Starting phase 480
01-01 22:30:26.330   572   572 I SystemServer: PHASE_SYSTEM_SERVICES_READY
01-01 22:30:26.330   572   572 I SystemServiceManager: Starting phase 500
01-01 22:30:26.331   572   572 D BluetoothService: onBootPhase: PHASE_SYSTEM_SERVICES_READY
01-01 22:30:26.334   572   572 I WifiService: WifiService starting up with Wi-Fi enabled
01-01 22:30:26.335   572   572 D WifiService: setWifiEnabled: true pid=572, uid=1000
01-01 22:30:26.335   572   572 E WifiService: Invoking mWifiStateMachine.setWifiEnabled
01-01 22:30:26.336   572   625 D WifiController: WifiController msg { when=0 what=155656 target=com.android.internal.util.StateMachine$SmHandler } deferred for 500ms
01-01 22:30:26.338   572   633 I mali_so : [File] : hardware/arm/maliT760/driver/product/base/src/mali_base_kbase.c; [Line] : 928; [Func] : base_context_deal_with_version_affairs_rk_ext;
01-01 22:30:26.338   572   633 I mali_so : arm_release_ver of this mali_so is 'r12p0-04rel0', rk_so_ver is '12@0', built at '17:00:15', on 'Aug 16 2016'.
01-01 22:30:26.338   572   633 I mali_so : [File] : hardware/arm/maliT760/driver/product/base/src/mali_base_kbase.c; [Line] : 955; [Func] : base_context_deal_with_version_affairs_rk_ext;
01-01 22:30:26.338   572   633 I mali_so : mali_ver_property has been set to 'r12p0-04rel0-13-12@0', to return.
01-01 22:30:26.340   572   625 D WifiService: New client listening to asynchronous messages
01-01 22:30:26.341   572   572 I WifiScanningService: Registering wifiscanner
01-01 22:30:26.345   572   572 I RttService: Registering rttmanager
01-01 22:30:26.346   572   624 D WifiHW  : wifi_unload_driver
01-01 22:30:26.346   572   624 D WifiHW  : check_wifi_preload: Wifi driver is preload when bootup.
01-01 22:30:26.347   572   572 I EthernetServiceImpl: Starting Ethernet service
01-01 22:30:26.348   572   624 D WifiApConfigStore: 2G band allowed channels are:1,6,11
01-01 22:30:26.349   572   572 D Ethernet: Registering NetworkFactory
01-01 22:30:26.350   572   626 D ConnectivityService: Got NetworkFactory Messenger for Ethernet
01-01 22:30:26.350   572   648 D Ethernet: got request NetworkRequest [ id=1, legacyType=-1, [ Capabilities: INTERNET&NOT_RESTRICTED&TRUSTED&NOT_VPN] ] with score 0
01-01 22:30:26.355   572   633 D AssetAtlas: Rendered atlas in 68.33ms (0.00+68.33ms)
01-01 22:30:26.355   572   572 V BackupManagerService: No ancestral data
01-01 22:30:26.382   572   572 V KeyValueBackupJob: Scheduling k/v pass in 243 minutes
01-01 22:30:26.405   572   572 V BackupManagerService: Starting with transport android/com.android.internal.backup.LocalTransport
01-01 22:30:26.405   572   572 V BackupManagerService: Found transports: 2
01-01 22:30:26.406   572   572 W BackupManagerService: Proposed transport ComponentInfo{android/com.android.internal.backup.LocalTransportService} not whitelisted; ignoring
01-01 22:30:26.406   572   572 W BackupManagerService: Proposed transport ComponentInfo{com.google.android.gms/com.google.android.gms.backup.BackupTransportService} not whitelisted; ignoring
01-01 22:30:26.406   572   572 I BackupManagerService: Found stale backup journal, scheduling
01-01 22:30:26.414   572   572 I SystemServer: wm.systemReady
01-01 22:30:26.420   572   572 V WindowManager: No app is requesting an orientation, return -1
01-01 22:30:26.428   572   572 I SystemServer: mPowerManagerService.systemReady
01-01 22:30:26.429   572   572 D SensorManager: aidl getSensorManager:com.android.server.wm.remotecontrol.SensorManagerService@9b099a0
01-01 22:30:26.433   572   572 I SystemServer: mPackageManagerService.systemReady
01-01 22:30:26.434   572   572 I SystemServer: mDisplayManagerService.systemReady
01-01 22:30:26.438   572   594 W KeyguardServiceDelegate: onScreenTurningOn(): no keyguard service!
01-01 22:30:26.451   572   572 D ActivityManager: OK, system ready!
01-01 22:30:26.451   572   572 I ActivityManager: System now ready
01-01 22:30:26.453   572   587 I SystemServer: Making services ready
01-01 22:30:26.453   572   587 I SystemServiceManager: Starting phase 550
01-01 22:30:26.454   572   572 D MountService: onStartUser 0
01-01 22:30:26.454   572   572 D VoldConnector: SND -> {3 volume user_started 0}
01-01 22:30:26.455   228   632 I chatty  : uid=1013(media) Binder_2 expire 154 lines
01-01 22:30:26.455   572   618 D VoldConnector: RCV <- {200 3 Command succeeded}
01-01 22:30:26.455   572   617 D MountService: Thinking about reset, mSystemReady=true, mDaemonConnected=true
01-01 22:30:26.455   572   572 W VoiceInteractionManagerService: no available voice interaction services found for user 0
01-01 22:30:26.455   572   572 W VoiceInteractionManagerService: no available voice interaction services found for user 0
01-01 22:30:26.455   572   617 D VoldConnector: SND -> {4 volume reset}
01-01 22:30:26.455   572   572 W VoiceInteractionManagerService: no available voice recognition services found for user 0
01-01 22:30:26.456   572   587 D UsbAlsaManager: Adding ALSA device AlsaDevice: [card: 0, device: 0, type: 1]
01-01 22:30:26.456   572   618 D VoldConnector: RCV <- {651 emulated 7}
01-01 22:30:26.456   572   587 D UsbAlsaManager: Adding ALSA device AlsaDevice: [card: 0, device: 0, type: 2]
01-01 22:30:26.456   572   618 D VoldConnector: RCV <- {659 emulated}
01-01 22:30:26.456   572   618 D VoldConnector: RCV <- {650 emulated 2 "" ""}
01-01 22:30:26.456   572   618 D VoldConnector: RCV <- {651 emulated 0}
01-01 22:30:26.456   572   618 D VoldConnector: RCV <- {200 4 Command succeeded}
01-01 22:30:26.457   572   617 D VoldConnector: SND -> {5 volume user_added 0 0}
01-01 22:30:26.457   572   618 D VoldConnector: RCV <- {200 5 Command succeeded}
01-01 22:30:26.457   572   617 D VoldConnector: SND -> {6 volume user_started 0}
01-01 22:30:26.458   572   618 D VoldConnector: RCV <- {200 6 Command succeeded}
01-01 22:30:26.458   572   587 W MountService: No primary storage defined yet; hacking together a stub
01-01 22:30:26.459   572   589 V MountService: Found primary storage at VolumeInfo{emulated}:
01-01 22:30:26.459   572   589 V MountService:     type=EMULATED diskId=null partGuid=null mountFlags=0 mountUserId=-1 
01-01 22:30:26.459   572   589 V MountService:     state=UNMOUNTED 
01-01 22:30:26.459   572   589 V MountService:     fsType=null fsUuid=null fsLabel=null 
01-01 22:30:26.459   572   589 V MountService:     path=null internalPath=null 
01-01 22:30:26.459   572   617 D VoldConnector: SND -> {7 volume mount emulated 3 -1}
01-01 22:30:26.459   572   587 I SystemServer: WebViewFactory preparation
01-01 22:30:26.460   191   206 V vold    : Waiting for FUSE to spin up...
01-01 22:30:26.461   572   618 D VoldConnector: RCV <- {651 emulated 1}
01-01 22:30:26.461   572   618 D VoldConnector: RCV <- {656 emulated /data/media}
01-01 22:30:26.461   572   618 D VoldConnector: RCV <- {655 emulated /storage/emulated}
01-01 22:30:26.467   572   572 I Zygote  : Process: zygote socket opened, supported ABIS: armeabi-v7a,armeabi
01-01 22:30:26.478   572   572 I ActivityManager: Start proc 657:com.cghs.stresstest/1000 for added application com.cghs.stresstest
01-01 22:30:26.489   572   572 I ActivityManager: Start proc 673:com.android.phone/1001 for added application com.android.phone
01-01 22:30:26.500   572   572 I ActivityManager: Start proc 687:com.android.systemui/u0a14 for added application com.android.systemui
01-01 22:30:26.501   572   572 I ActivityManager: START u0 {act=android.intent.action.MAIN cat=[android.intent.category.HOME] flg=0x10000000 cmp=com.roboteam.teamy.usa/com.roboteam.teamy.home.HomeActivity} from uid 0 on display 0
01-01 22:30:26.511   572   618 D VoldConnector: RCV <- {651 emulated 2}
01-01 22:30:26.511   191   206 D vold    : Linking /storage/emulated/0 to /mnt/user/0/primary
01-01 22:30:26.511   572   618 D VoldConnector: RCV <- {200 7 Command succeeded}
01-01 22:30:26.522   572   572 I ActivityManager: Start proc 702:com.roboteam.teamy.usa/1000 for activity com.roboteam.teamy.usa/com.roboteam.teamy.home.HomeActivity
01-01 22:30:26.525   572   572 I SystemServer: Enabled StrictMode for system server main thread.
01-01 22:30:26.568   572   586 I ActivityManager: Start proc 715:com.android.printspooler/u0a37 for service com.android.printspooler/.model.PrintSpoolerService
01-01 22:30:26.579   572   587 I ActivityManager: Start proc 730:WebViewLoader-armeabi-v7a/1037 [android.webkit.WebViewFactory$RelroFileCreator] for 
01-01 22:30:26.581   730   730 V WebViewFactory: RelroFileCreator (64bit = false),  32-bit lib: /system/app/webview/webview.apk!/lib/armeabi-v7a/libwebviewchromium.so, 64-bit lib: 
01-01 22:30:26.583   572   572 D RemoteControlManager: BroadcastReceiver:android.intent.action.CONFIGURATION_CHANGED
01-01 22:30:26.583   572   572 D Environment: screen raw size:1920,1200
01-01 22:30:26.583   572   617 D MountService: Volume emulated broadcasting checking to UserHandle{0}
01-01 22:30:26.583   572   572 D RemoteControlManager: BroadcastReceiver:android.intent.action.CONFIGURATION_CHANGED
01-01 22:30:26.583   572   572 D Environment: screen raw size:1920,1200
01-01 22:30:26.583   572   572 D RemoteControlManager: BroadcastReceiver:android.intent.action.CONFIGURATION_CHANGED
01-01 22:30:26.583   572   572 D Environment: screen raw size:1920,1200
01-01 22:30:26.584   572   700 I WindowManager: Set freezing of Token{694bbd7 ActivityRecord{df31f56 u0 com.roboteam.teamy.usa/com.roboteam.teamy.home.HomeActivity t198}}: hidden=true freezing=false
01-01 22:30:26.585   572   700 V WindowManager: setAppVisibility(Token{694bbd7 ActivityRecord{df31f56 u0 com.roboteam.teamy.usa/com.roboteam.teamy.home.HomeActivity t198}}, visible=true): mNextAppTransition=TRANSIT_TASK_OPEN hidden=true hiddenRequested=true Callers=com.android.server.am.ActivityStackSupervisor.realStartActivityLocked:1185 com.android.server.am.ActivityStackSupervisor.attachApplicationLocked:625 com.android.server.am.ActivityManagerService.attachApplicationLocked:6504 com.android.server.am.ActivityManagerService.attachApplication:6567 android.app.ActivityManagerNative.onTransact:507 com.android.server.am.ActivityManagerService.onTransact:2687 
01-01 22:30:26.585   572   700 V WindowManager: No one is requesting an orientation when the screen is locked
01-01 22:30:26.585   572   700 V WindowManager: Deferring rotation, display is not enabled.
01-01 22:30:26.587   572   700 V WindowManager: No one is requesting an orientation when the screen is locked
01-01 22:30:26.590   572   587 D NetworkManagement: enabling bandwidth control
01-01 22:30:26.598   572   617 D MountService: Volume emulated broadcasting mounted to UserHandle{0}
01-01 22:30:26.600   657   657 W System  : ClassLoader referenced unknown path: /system/priv-app/StressTest/lib/arm
01-01 22:30:26.631   715   715 I PrintSpoolerService: No existing print spooler state.
01-01 22:30:26.646   687   687 W System  : ClassLoader referenced unknown path: /system/priv-app/SystemUI/lib/arm
01-01 22:30:26.646   673   673 W System  : ClassLoader referenced unknown path: /system/priv-app/TeleService/lib/arm
01-01 22:30:26.686   687   687 V SystemUIService: Starting SystemUI services.
01-01 22:30:26.688   673   673 W System  : ClassLoader referenced unknown path: /system/priv-app/TelephonyProvider/lib/arm
01-01 22:30:26.842   572   625 D WifiController: DEFERRED_TOGGLE handled
01-01 22:30:26.842   572   624 D WifiHW  : wifi_load_driver
01-01 22:30:26.843   572   624 D WifiHW  : check_wifi_preload: Wifi driver is preload when bootup.
01-01 22:30:26.861   225   571 I iptables: iptables: No chain/target/match by that name.
01-01 22:30:26.861   225   571 I iptables: iptables terminated by exit(1)
01-01 22:30:26.861   225   571 E Netd    : exec() res=0, status=256 for /system/bin/iptables -w -F st_penalty_log 
01-01 22:30:26.869   225   571 I ip6tables: ip6tables: No chain/target/match by that name.
01-01 22:30:26.869   225   571 I ip6tables: ip6tables terminated by exit(1)
01-01 22:30:26.869   225   571 E Netd    : exec() res=0, status=256 for /system/bin/ip6tables -w -F st_penalty_log 
01-01 22:30:26.877   225   571 I iptables: iptables: No chain/target/match by that name.
01-01 22:30:26.877   225   571 I iptables: iptables terminated by exit(1)
01-01 22:30:26.877   225   571 E Netd    : exec() res=0, status=256 for /system/bin/iptables -w -F st_penalty_reject 
01-01 22:30:26.885   225   571 I ip6tables: ip6tables: No chain/target/match by that name.
01-01 22:30:26.885   225   571 I ip6tables: ip6tables terminated by exit(1)
01-01 22:30:26.885   225   571 E Netd    : exec() res=0, status=256 for /system/bin/ip6tables -w -F st_penalty_reject 
01-01 22:30:26.893   225   571 I iptables: iptables: No chain/target/match by that name.
01-01 22:30:26.893   225   571 I iptables: iptables terminated by exit(1)
01-01 22:30:26.893   225   571 E Netd    : exec() res=0, status=256 for /system/bin/iptables -w -F st_clear_caught 
01-01 22:30:26.900   225   571 I ip6tables: ip6tables: No chain/target/match by that name.
01-01 22:30:26.901   225   571 I ip6tables: ip6tables terminated by exit(1)
01-01 22:30:26.901   225   571 E Netd    : exec() res=0, status=256 for /system/bin/ip6tables -w -F st_clear_caught 
01-01 22:30:26.908   225   571 I iptables: iptables: No chain/target/match by that name.
01-01 22:30:26.909   225   571 I iptables: iptables terminated by exit(1)
01-01 22:30:26.909   225   571 E Netd    : exec() res=0, status=256 for /system/bin/iptables -w -F st_clear_detect 
01-01 22:30:26.916   225   571 I ip6tables: ip6tables: No chain/target/match by that name.
01-01 22:30:26.916   225   571 I ip6tables: ip6tables terminated by exit(1)
01-01 22:30:26.917   225   571 E Netd    : exec() res=0, status=256 for /system/bin/ip6tables -w -F st_clear_detect 
01-01 22:30:26.924   225   571 I iptables: iptables: No chain/target/match by that name.
01-01 22:30:26.925   225   571 I iptables: iptables terminated by exit(1)
01-01 22:30:26.925   225   571 E Netd    : exec() res=0, status=256 for /system/bin/iptables -w -X st_penalty_log 
01-01 22:30:26.932   225   571 I ip6tables: ip6tables: No chain/target/match by that name.
01-01 22:30:26.932   225   571 I ip6tables: ip6tables terminated by exit(1)
01-01 22:30:26.933   225   571 E Netd    : exec() res=0, status=256 for /system/bin/ip6tables -w -X st_penalty_log 
01-01 22:30:26.940   225   571 I iptables: iptables: No chain/target/match by that name.
01-01 22:30:26.941   225   571 I iptables: iptables terminated by exit(1)
01-01 22:30:26.941   225   571 E Netd    : exec() res=0, status=256 for /system/bin/iptables -w -X st_penalty_reject 
01-01 22:30:26.948   225   571 I ip6tables: ip6tables: No chain/target/match by that name.
01-01 22:30:26.949   225   571 I ip6tables: ip6tables terminated by exit(1)
01-01 22:30:26.949   225   571 E Netd    : exec() res=0, status=256 for /system/bin/ip6tables -w -X st_penalty_reject 
01-01 22:30:26.957   225   571 I iptables: iptables: No chain/target/match by that name.
01-01 22:30:26.957   225   571 I iptables: iptables terminated by exit(1)
01-01 22:30:26.957   225   571 E Netd    : exec() res=0, status=256 for /system/bin/iptables -w -X st_clear_caught 
01-01 22:30:26.965   225   571 I ip6tables: ip6tables: No chain/target/match by that name.
01-01 22:30:26.965   225   571 I ip6tables: ip6tables terminated by exit(1)
01-01 22:30:26.966   225   571 E Netd    : exec() res=0, status=256 for /system/bin/ip6tables -w -X st_clear_caught 
01-01 22:30:26.973   225   571 I iptables: iptables: No chain/target/match by that name.
01-01 22:30:26.973   225   571 I iptables: iptables terminated by exit(1)
01-01 22:30:26.973   225   571 E Netd    : exec() res=0, status=256 for /system/bin/iptables -w -X st_clear_detect 
01-01 22:30:26.981   225   571 I ip6tables: ip6tables: No chain/target/match by that name.
01-01 22:30:26.982   225   571 I ip6tables: ip6tables terminated by exit(1)
01-01 22:30:26.982   225   571 E Netd    : exec() res=0, status=256 for /system/bin/ip6tables -w -X st_clear_detect 
01-01 22:30:27.076   702   712 I art     : Background sticky concurrent mark sweep GC freed 1438(96KB) AllocSpace objects, 0(0B) LOS objects, 0% free, 2MB/2MB, paused 377us total 253.303ms
01-01 22:30:27.080   673   673 D TelephonyProvider: dbh.onOpen: ok, queried table=siminfo
01-01 22:30:27.081   673   673 D TelephonyProvider: dbh.onOpen: ok, queried table=carriers
01-01 22:30:27.161   687   806 D WVMExtractor: Failed to open libwvm.so
01-01 22:30:27.162   687   687 W KeyguardViewMediator: kkkkkkkk setupLocked()------- mLockSoundVolume = 0.5011872
01-01 22:30:27.197   572   572 D RttService: SCAN_AVAILABLE : 1
01-01 22:30:27.198   572   647 D RttService: DefaultState got{ when=0 what=160513 target=com.android.internal.util.StateMachine$SmHandler }
01-01 22:30:27.198   572   572 I Choreographer: Skipped 43 frames!  The application may be doing too much work on its main thread.
01-01 22:30:27.199   572   572 I WindowStateAnimator: createSurface WindowStateAnimator{e3a74d9 KeyguardScrim}: mDrawState=DRAW_PENDING
01-01 22:30:27.199   572   572 V WindowManager: Changing surface while display frozen: Window{ca22a3 u0 KeyguardScrim}
01-01 22:30:27.199   572   572 D WindowStateAnimator: rk_debug2 KeyguardScrim_Force_To_Dual
01-01 22:30:27.201   572   572 V WindowManager: Window{ca22a3 u0 KeyguardScrim} forcing orientation to 5
01-01 22:30:27.201   572   572 V WindowManager: Resize reasons for w=Window{ca22a3 u0 KeyguardScrim}:  contentInsetsChanged=false [0,0][0,0] visibleInsetsChanged=false [0,0][0,0] stableInsetsChanged=false [0,0][0,0] outsetsChanged=false [0,0][0,0] surfaceResized=false configChanged=true
01-01 22:30:27.201   572   572 V WindowManager: Changing surface while display frozen: Window{ca22a3 u0 KeyguardScrim}
01-01 22:30:27.201   572   572 V WindowManager: Orientation start waiting for draw mDrawState=DRAW_PENDING in Window{ca22a3 u0 KeyguardScrim}, surface Surface(name=KeyguardScrim_Force_To_Dual)
01-01 22:30:27.201   572   572 V WindowManager: Resizing window Window{ca22a3 u0 KeyguardScrim} to 1920.0x1200.0
01-01 22:30:27.203   572   572 V WindowState: Reporting new frame to Window{ca22a3 u0 KeyguardScrim}: Rect(0, 0 - 1920, 1200)
01-01 22:30:27.203   572   572 I WindowState: Sending new config to window Window{ca22a3 u0 KeyguardScrim}: 1920.0x1200.0 / config={1.0 ?mcc?mnc en_US ldltr sw800dp w1280dp h800dp 240dpi xlrg land finger -keyb/v/h -nav/h s.4} overrideConfig={1.0 ?mcc?mnc ?locale ?layoutDir ?swdp ?wdp ?hdp ?density ?lsize ?long ?orien ?uimode ?night ?touch ?keyb/?/? ?nav/?}
01-01 22:30:27.203   572   572 I WindowState: Resizing Window{ca22a3 u0 KeyguardScrim} WITH DRAW PENDING
01-01 22:30:27.207   572   572 W System  : ClassLoader referenced unknown path: /system/priv-app/Telecom/lib/arm
01-01 22:30:27.220   572   592 V WindowStateAnimator: Orientation continue waiting for draw in Window{ca22a3 u0 KeyguardScrim}
01-01 22:30:27.284   225   571 D WifiHW  : check_wifi_chip_type_string: AP6335
01-01 22:30:27.284   225   571 D SoftapController: Softap fwReload - Ok
01-01 22:30:27.286   225   571 D CommandListener: Setting iface cfg
01-01 22:30:27.286   225   571 D CommandListener: Trying to bring down wlan0
01-01 22:30:27.286   225   571 D CommandListener: Clearing all IP addresses on wlan0
01-01 22:30:27.288   572   624 E WifiMonitor: killSupplicant p2ptrue init.svc.wpa_supplicant=unknown init.svc.p2p_supplicant=unknown
01-01 22:30:27.288   572   624 D WifiHW  : check_wifi_chip_type_string: AP6335
01-01 22:30:27.384   572   591 D BluetoothManagerService: Added callback: android.bluetooth.BluetoothAdapter$1@cfb3102:true
01-01 22:30:27.385   572   572 E BluetoothManagerService: Fail to bind to: Intent { act=android.bluetooth.IBluetoothHeadset }
01-01 22:30:27.385   572   572 W BluetoothManagerService: Unable to bind with intent: Intent { act=android.bluetooth.IBluetoothHeadset }
01-01 22:30:27.395   572   572 E BluetoothManagerService: Fail to bind to: Intent { act=android.bluetooth.IBluetoothHeadset }
01-01 22:30:27.396   572   572 W BluetoothManagerService: Unable to bind with intent: Intent { act=android.bluetooth.IBluetoothHeadset }
01-01 22:30:27.406   572   728 I ActivityManager: Start proc 893:com.android.smspush/u0a40 for service com.android.smspush/.WapPushManager
01-01 22:30:27.417   572   890 I ActivityManager: Start proc 909:android.process.acore/u0a2 for content provider com.android.providers.contacts/.CallLogProvider
01-01 22:30:27.422   572   572 I Telecom : Class: TelecomSystem.INSTANCE being set
01-01 22:30:27.423   572   572 W ContextImpl: Calling a method in the system process without a qualified user: android.app.ContextImpl.startService:1221 android.content.ContextWrapper.startService:581 com.android.server.telecom.components.TelecomService.initializeTelecomSystem:107 com.android.server.telecom.components.TelecomService.onBind:46 android.app.ActivityThread.handleBindService:2904 
01-01 22:30:27.426   572   572 D ZenLog  : intercepted: -1|android|17040348|null|1000,alarmsOnly
01-01 22:30:27.426   572   572 V NotificationService: pkg=android canInterrupt=false intercept=true
01-01 22:30:27.426   572   572 D ZenLog  : intercepted: -1|android|17040354|null|1000,alarmsOnly
01-01 22:30:27.427   572   572 V NotificationService: pkg=android canInterrupt=false intercept=true
01-01 22:30:27.434   572   572 D Surface : Surface::final mReqUsage=33
01-01 22:30:27.438   673   931 E DcSwitchStateMachine-0: DctController is not ready
01-01 22:30:27.439   572   588 W WindowManager: Keyguard drawn timeout. Setting mKeyguardDrawComplete
01-01 22:30:27.440   572   626 E ConnectivityService: Failed to find Messenger in unregisterNetworkFactory
01-01 22:30:27.441   572   626 D ConnectivityService: Got NetworkFactory Messenger for Telephony
01-01 22:30:27.486   687   819 I OMXClient: Using client-side OMX mux.
01-01 22:30:27.492   687   819 I libstagefrighthw: OMX IL core libOMX_Core.so: declares component OMX.rk.video_decoder.avc
01-01 22:30:27.492   687   819 I libstagefrighthw: OMX IL core libOMX_Core.so: declares component OMX.rk.video_decoder.m4v
01-01 22:30:27.492   687   819 I libstagefrighthw: OMX IL core libOMX_Core.so: declares component OMX.rk.video_decoder.h263
01-01 22:30:27.492   687   819 I libstagefrighthw: OMX IL core libOMX_Core.so: declares component OMX.rk.video_decoder.flv1
01-01 22:30:27.492   687   819 I libstagefrighthw: OMX IL core libOMX_Core.so: declares component OMX.rk.video_decoder.m2v
01-01 22:30:27.492   687   819 I libstagefrighthw: OMX IL core libOMX_Core.so: declares component OMX.rk.video_decoder.rv
01-01 22:30:27.492   687   819 I libstagefrighthw: OMX IL core libOMX_Core.so: declares component OMX.rk.video_decoder.vp8
01-01 22:30:27.492   687   819 I libstagefrighthw: OMX IL core libOMX_Core.so: declares component OMX.rk.video_decoder.vc1
01-01 22:30:27.492   687   819 I libstagefrighthw: OMX IL core libOMX_Core.so: declares component OMX.rk.video_decoder.wmv3
01-01 22:30:27.492   687   819 I libstagefrighthw: OMX IL core libOMX_Core.so: declares component OMX.rk.video_decoder.vp6
01-01 22:30:27.492   687   819 I libstagefrighthw: OMX IL core libOMX_Core.so: declares component OMX.rk.video_decoder.hevc
01-01 22:30:27.492   687   819 I libstagefrighthw: OMX IL core libOMX_Core.so: declares component OMX.rk.video_decoder.mjpeg
01-01 22:30:27.492   687   819 I libstagefrighthw: OMX IL core libOMX_Core.so: declares component OMX.rk.video_decoder.avc.secure
01-01 22:30:27.492   687   819 I libstagefrighthw: OMX IL core libOMX_Core.so: declares component OMX.rk.video_decoder.vp9
01-01 22:30:27.492   687   819 I libstagefrighthw: OMX IL core libOMX_Core.so: declares component OMX.rk.video_encoder.avc
01-01 22:30:27.492   687   819 I libstagefrighthw: OMX IL core libOMX_Core.so: declares component OMX.rk.video_encoder.vp8
01-01 22:30:27.492   687   819 I libstagefrighthw: OMX IL core libOMX_Core.so: contains 16 components
01-01 22:30:27.574   192   202 D gralloc : Isfb=0, [1920,1200,1920,7680], fmt=1, byte_stride=7680
01-01 22:30:27.585   572   572 V WindowStateAnimator: finishDrawingLocked: mDrawState=COMMIT_DRAW_PENDING WindowStateAnimator{e3a74d9 KeyguardScrim} in Surface(name=KeyguardScrim_Force_To_Dual)
01-01 22:30:27.598   572   592 I WindowManager:   SURFACE SHOW (performShowLocked): Window{ca22a3 u0 KeyguardScrim}
01-01 22:30:27.598   572   592 V WindowManager: Orientation not waiting for draw in Window{ca22a3 u0 KeyguardScrim}, surface Surface(name=KeyguardScrim_Force_To_Dual)
01-01 22:30:27.600   572   592 V WindowManager: Resize reasons for w=Window{ca22a3 u0 KeyguardScrim}:  contentInsetsChanged=true [0,0][0,0] visibleInsetsChanged=false [0,0][0,0] stableInsetsChanged=false [0,0][0,0] outsetsChanged=false [0,0][0,0] surfaceResized=false configChanged=false
01-01 22:30:27.600   572   592 V WindowManager: Changing surface while display frozen: Window{ca22a3 u0 KeyguardScrim}
01-01 22:30:27.600   572   592 V WindowManager: Orientation start waiting for draw mDrawState=DRAW_PENDING in Window{ca22a3 u0 KeyguardScrim}, surface Surface(name=KeyguardScrim_Force_To_Dual)
01-01 22:30:27.600   572   592 V WindowManager: Resizing window Window{ca22a3 u0 KeyguardScrim} to 1920.0x1200.0
01-01 22:30:27.600   572   592 V WindowState: Reporting new frame to Window{ca22a3 u0 KeyguardScrim}: Rect(0, 0 - 1920, 1200)
01-01 22:30:27.600   572   592 I WindowState: Resizing Window{ca22a3 u0 KeyguardScrim} WITH DRAW PENDING
01-01 22:30:27.609   572   592 V WindowStateAnimator: Orientation continue waiting for draw in Window{ca22a3 u0 KeyguardScrim}
01-01 22:30:27.609   572   572 V WindowStateAnimator: finishDrawingLocked: mDrawState=COMMIT_DRAW_PENDING WindowStateAnimator{e3a74d9 KeyguardScrim} in Surface(name=KeyguardScrim_Force_To_Dual)
01-01 22:30:27.609   572   592 I WindowManager:   SURFACE SHOW (performShowLocked): Window{ca22a3 u0 KeyguardScrim}
01-01 22:30:27.609   572   592 V WindowManager: Orientation not waiting for draw in Window{ca22a3 u0 KeyguardScrim}, surface Surface(name=KeyguardScrim_Force_To_Dual)
01-01 22:30:27.618   687   938 I OMXClient: Using client-side OMX mux.
01-01 22:30:27.619   893   893 W System  : ClassLoader referenced unknown path: /system/app/WAPPushManager/lib/arm
01-01 22:30:27.619   909   909 W System  : ClassLoader referenced unknown path: /system/priv-app/ContactsProvider/lib/arm
01-01 22:30:27.630   687   938 I libstagefrighthw: OMX IL core libOMX_Core.so: declares component OMX.rk.video_decoder.avc
01-01 22:30:27.630   687   938 I libstagefrighthw: OMX IL core libOMX_Core.so: declares component OMX.rk.video_decoder.m4v
01-01 22:30:27.630   687   938 I libstagefrighthw: OMX IL core libOMX_Core.so: declares component OMX.rk.video_decoder.h263
01-01 22:30:27.630   687   938 I libstagefrighthw: OMX IL core libOMX_Core.so: declares component OMX.rk.video_decoder.flv1
01-01 22:30:27.630   687   938 I libstagefrighthw: OMX IL core libOMX_Core.so: declares component OMX.rk.video_decoder.m2v
01-01 22:30:27.630   687   938 I libstagefrighthw: OMX IL core libOMX_Core.so: declares component OMX.rk.video_decoder.rv
01-01 22:30:27.630   687   938 I libstagefrighthw: OMX IL core libOMX_Core.so: declares component OMX.rk.video_decoder.vp8
01-01 22:30:27.630   687   938 I libstagefrighthw: OMX IL core libOMX_Core.so: declares component OMX.rk.video_decoder.vc1
01-01 22:30:27.630   687   938 I libstagefrighthw: OMX IL core libOMX_Core.so: declares component OMX.rk.video_decoder.wmv3
01-01 22:30:27.630   687   938 I libstagefrighthw: OMX IL core libOMX_Core.so: declares component OMX.rk.video_decoder.vp6
01-01 22:30:27.630   687   938 I libstagefrighthw: OMX IL core libOMX_Core.so: declares component OMX.rk.video_decoder.hevc
01-01 22:30:27.630   687   938 I libstagefrighthw: OMX IL core libOMX_Core.so: declares component OMX.rk.video_decoder.mjpeg
01-01 22:30:27.630   687   938 I libstagefrighthw: OMX IL core libOMX_Core.so: declares component OMX.rk.video_decoder.avc.secure
01-01 22:30:27.630   687   938 I libstagefrighthw: OMX IL core libOMX_Core.so: declares component OMX.rk.video_decoder.vp9
01-01 22:30:27.630   687   938 I libstagefrighthw: OMX IL core libOMX_Core.so: declares component OMX.rk.video_encoder.avc
01-01 22:30:27.630   687   938 I libstagefrighthw: OMX IL core libOMX_Core.so: declares component OMX.rk.video_encoder.vp8
01-01 22:30:27.630   687   938 I libstagefrighthw: OMX IL core libOMX_Core.so: contains 16 components
01-01 22:30:27.672   687   944 I OMXClient: Using client-side OMX mux.
01-01 22:30:27.677   687   944 I libstagefrighthw: OMX IL core libOMX_Core.so: declares component OMX.rk.video_decoder.avc
01-01 22:30:27.678   687   944 I libstagefrighthw: OMX IL core libOMX_Core.so: declares component OMX.rk.video_decoder.m4v
01-01 22:30:27.678   687   944 I libstagefrighthw: OMX IL core libOMX_Core.so: declares component OMX.rk.video_decoder.h263
01-01 22:30:27.678   687   944 I libstagefrighthw: OMX IL core libOMX_Core.so: declares component OMX.rk.video_decoder.flv1
01-01 22:30:27.678   687   944 I libstagefrighthw: OMX IL core libOMX_Core.so: declares component OMX.rk.video_decoder.m2v
01-01 22:30:27.678   687   944 I libstagefrighthw: OMX IL core libOMX_Core.so: declares component OMX.rk.video_decoder.rv
01-01 22:30:27.678   687   944 I libstagefrighthw: OMX IL core libOMX_Core.so: declares component OMX.rk.video_decoder.vp8
01-01 22:30:27.678   687   944 I libstagefrighthw: OMX IL core libOMX_Core.so: declares component OMX.rk.video_decoder.vc1
01-01 22:30:27.678   687   944 I libstagefrighthw: OMX IL core libOMX_Core.so: declares component OMX.rk.video_decoder.wmv3
01-01 22:30:27.678   687   944 I libstagefrighthw: OMX IL core libOMX_Core.so: declares component OMX.rk.video_decoder.vp6
01-01 22:30:27.678   687   944 I libstagefrighthw: OMX IL core libOMX_Core.so: declares component OMX.rk.video_decoder.hevc
01-01 22:30:27.678   687   944 I libstagefrighthw: OMX IL core libOMX_Core.so: declares component OMX.rk.video_decoder.mjpeg
01-01 22:30:27.678   687   944 I libstagefrighthw: OMX IL core libOMX_Core.so: declares component OMX.rk.video_decoder.avc.secure
01-01 22:30:27.678   687   944 I libstagefrighthw: OMX IL core libOMX_Core.so: declares component OMX.rk.video_decoder.vp9
01-01 22:30:27.678   687   944 I libstagefrighthw: OMX IL core libOMX_Core.so: declares component OMX.rk.video_encoder.avc
01-01 22:30:27.678   687   944 I libstagefrighthw: OMX IL core libOMX_Core.so: declares component OMX.rk.video_encoder.vp8
01-01 22:30:27.678   687   944 I libstagefrighthw: OMX IL core libOMX_Core.so: contains 16 components
01-01 22:30:27.749   909   909 W System  : ClassLoader referenced unknown path: /system/app/UserDictionaryProvider/lib/arm
01-01 22:30:27.767   673   673 D CarrierConfigLoader: CarrierConfigLoader has started
01-01 22:30:27.770   572   591 D BluetoothManagerService: Added callback: android.bluetooth.IBluetoothManagerCallback$Stub$Proxy@7c346b1:true
01-01 22:30:27.773   572   700 E BluetoothManagerService: Fail to bind to: Intent { act=android.bluetooth.IBluetoothHeadset }
01-01 22:30:27.773   572   700 W BluetoothManagerService: Unable to bind with intent: Intent { act=android.bluetooth.IBluetoothHeadset }
01-01 22:30:27.848   673   673 I Telephony: TtyManager: updateUiTtyMode -1 -> 0
01-01 22:30:27.917   673   673 D TelephonyDebugService: TelephonyDebugService()
01-01 22:30:27.919   673   673 D CarrierConfigLoader: mHandler: 12 phoneId: 0
01-01 22:30:27.939   572   583 W Telecom : : registerPhoneAccount not allowed on non-voice capable device.
01-01 22:30:27.942   673   673 I Telephony: AccountEntry: Registered phoneAccount: [[ ] PhoneAccount: ComponentInfo{com.android.phone/com.android.services.telephony.TelephonyConnectionService}, [2be88ca4242c76e8253ac62474851065032d6833], UserHandle{0} Capabilities: 54 Schemes: tel voicemail ] with handle: ComponentInfo{com.android.phone/com.android.services.telephony.TelephonyConnectionService}, [2be88ca4242c76e8253ac62474851065032d6833], UserHandle{0}
01-01 22:30:27.943   673   673 I Telephony: PstnIncomingCallNotifier: Registering: Handler (com.android.internal.telephony.gsm.GSMPhone) {b748d4f}
01-01 22:30:27.947   572   686 W Telecom : : No account found for the calling user
01-01 22:30:27.961   572   587 D PermissionMonitor: Monitoring
01-01 22:30:27.969   572   587 D PermissionMonitor: Users: 1, Apps: 46
01-01 22:30:27.971   572   587 I SystemServiceManager: Starting phase 600
01-01 22:30:27.971   572   631 E BluetoothManagerService: Fail to bind to: Intent { act=android.bluetooth.IBluetoothHeadset }
01-01 22:30:27.971   572   631 W BluetoothManagerService: Unable to bind with intent: Intent { act=android.bluetooth.IBluetoothHeadset }
01-01 22:30:27.973   572   631 E BluetoothA2dp: Could not bind to Bluetooth A2DP Service with Intent { act=android.bluetooth.IBluetoothA2dp }
01-01 22:30:27.979   572   962 W DataSource: not register,retry to register
01-01 22:30:27.995   572   572 I ActivityManager: Start proc 964:com.android.providers.calendar/u0a1 for content provider com.android.providers.calendar/.CalendarProvider2
01-01 22:30:27.998   572   587 I BackupManagerService: Backup enabled => false
01-01 22:30:28.002   572   587 E InputMethodManagerService: Ignoring updateSystemUiLocked due to an invalid token. uid:1000 token:null
01-01 22:30:28.038   730   730 I art     : System.exit called, status: 0
01-01 22:30:28.038   730   730 I AndroidRuntime: VM exiting with result code 0, cleanup skipped.
01-01 22:30:28.151   572   630 D NotificationSQLiteLog: Pruned event entries: 0
01-01 22:30:28.152   572   587 I ActivityManager: Start proc 978:com.android.inputmethod.latin/u0a29 for service com.android.inputmethod.latin/.LatinIME
01-01 22:30:28.152   572   587 V InputMethodManagerService: Adding window token: android.os.Binder@402afaf
01-01 22:30:28.162   572   586 D GpsLocationProvider: Reset GPS properties, previous size = 0
01-01 22:30:28.163   572   586 D GpsLocationProvider: GpsParamsResource: SUPL_HOST=supl.google.com
01-01 22:30:28.164   572   586 D GpsLocationProvider: GpsParamsResource: SUPL_PORT=7275
01-01 22:30:28.164   572   586 D GpsLocationProvider: GpsParamsResource: NTP_SERVER=north-america.pool.ntp.org
01-01 22:30:28.164   572   586 D GpsLocationProvider: GpsParamsResource: SUPL_VER=0x20000
01-01 22:30:28.164   572   586 D GpsLocationProvider: GpsParamsResource: SUPL_MODE=1
01-01 22:30:28.164   572   586 W GpsLocationProvider: Could not open GPS configuration file /etc/gps.conf
01-01 22:30:28.164   572   586 D GpsLocationProvider: GPS properties reloaded, size = 5
01-01 22:30:28.164   572   586 E GpsLocationProvider: no AGPS interface in set_agps_server
01-01 22:30:28.166   909   933 W art     : Long monitor contention event with owner method=long android.database.sqlite.SQLiteConnection.nativeOpen(java.lang.String, int, java.lang.String, boolean, boolean) from SQLiteConnection.java:4294967294 waiters=0 for 413ms
01-01 22:30:28.171   572   962 D WVMExtractor: Failed to open libwvm.so
01-01 22:30:28.182   964   964 W System  : ClassLoader referenced unknown path: /system/priv-app/CalendarProvider/lib/arm
01-01 22:30:28.185   572   587 I ActivityManager: Start proc 991:com.google.android.gms.persistent/u0a6 for service com.google.android.gms/com.google.android.location.network.NetworkLocationService
01-01 22:30:28.191   572   995 I OMXClient: Using client-side OMX mux.
01-01 22:30:28.196   572   587 E FlpHardwareProvider: Error hw_get_module 'flp': -2
01-01 22:30:28.196   572   587 E LocationManagerService: FLP HAL not supported
01-01 22:30:28.199   572   995 I libstagefrighthw: OMX IL core libOMX_Core.so: declares component OMX.rk.video_decoder.avc
01-01 22:30:28.199   572   995 I libstagefrighthw: OMX IL core libOMX_Core.so: declares component OMX.rk.video_decoder.m4v
01-01 22:30:28.199   572   995 I libstagefrighthw: OMX IL core libOMX_Core.so: declares component OMX.rk.video_decoder.h263
01-01 22:30:28.199   572   995 I libstagefrighthw: OMX IL core libOMX_Core.so: declares component OMX.rk.video_decoder.flv1
01-01 22:30:28.199   572   995 I libstagefrighthw: OMX IL core libOMX_Core.so: declares component OMX.rk.video_decoder.m2v
01-01 22:30:28.199   572   995 I libstagefrighthw: OMX IL core libOMX_Core.so: declares component OMX.rk.video_decoder.rv
01-01 22:30:28.199   572   995 I libstagefrighthw: OMX IL core libOMX_Core.so: declares component OMX.rk.video_decoder.vp8
01-01 22:30:28.199   572   995 I libstagefrighthw: OMX IL core libOMX_Core.so: declares component OMX.rk.video_decoder.vc1
01-01 22:30:28.199   572   995 I libstagefrighthw: OMX IL core libOMX_Core.so: declares component OMX.rk.video_decoder.wmv3
01-01 22:30:28.199   572   995 I libstagefrighthw: OMX IL core libOMX_Core.so: declares component OMX.rk.video_decoder.vp6
01-01 22:30:28.199   572   995 I libstagefrighthw: OMX IL core libOMX_Core.so: declares component OMX.rk.video_decoder.hevc
01-01 22:30:28.199   572   995 I libstagefrighthw: OMX IL core libOMX_Core.so: declares component OMX.rk.video_decoder.mjpeg
01-01 22:30:28.199   572   995 I libstagefrighthw: OMX IL core libOMX_Core.so: declares component OMX.rk.video_decoder.avc.secure
01-01 22:30:28.199   572   995 I libstagefrighthw: OMX IL core libOMX_Core.so: declares component OMX.rk.video_decoder.vp9
01-01 22:30:28.199   572   995 I libstagefrighthw: OMX IL core libOMX_Core.so: declares component OMX.rk.video_encoder.avc
01-01 22:30:28.199   572   995 I libstagefrighthw: OMX IL core libOMX_Core.so: declares component OMX.rk.video_encoder.vp8
01-01 22:30:28.199   572   995 I libstagefrighthw: OMX IL core libOMX_Core.so: contains 16 components
01-01 22:30:28.202   572   587 E ActivityRecognitionHardware: Error hw_get_module: -2
01-01 22:30:28.202   572   587 E LocationManagerService: Hardware Activity-Recognition not supported.
01-01 22:30:28.212   572   586 D gps_ql  : GPS DRIVER VERSION: ANDROIDGPS_SR01A05V03
01-01 22:30:28.213   572   587 I CommonTimeManagementService: No common time service detected on this platform.  Common time services will be unavailable.
01-01 22:30:28.216   572   616 I InputReader: Reconfiguring input devices.  changes=0x00000020
01-01 22:30:28.217   572   587 I MmsServiceBroker: Delay connecting to MmsService until an API is called
01-01 22:30:28.224   572   587 I ActivityManager: Force stopping com.android.providers.media appid=10004 user=-1: vold reset
01-01 22:30:28.236   572   587 I ActivityManager: Start proc 1018:android.rockchip.update.service/u0a39 for broadcast android.rockchip.update.service/.RKUpdateReceiver
01-01 22:30:28.248   572   616 I InputReader: Reconfiguring input devices.  changes=0x00000010
