--------- beginning of main
01-01 22:30:33.644   700  1399 W ExifInterface: Stop reading file since a wrong offset may cause an infinite loop: 0
01-01 22:30:33.786  1343  1343 W Finsky  : [1] com.google.android.finsky.FinskyApp.i(1465): No account configured on this device.
01-01 22:30:33.802  1343  1343 W Finsky  : [1] com.google.android.finsky.FinskyApp.i(1465): No account configured on this device.
01-01 22:30:33.811  1343  1343 W Finsky  : [1] com.google.android.finsky.FinskyApp.i(1465): No account configured on this device.
01-01 22:30:33.814  1343  1343 W Finsky  : [1] com.google.android.finsky.FinskyApp.i(1465): No account configured on this device.
01-01 22:30:33.857  1343  1343 I Finsky  : [1] com.google.android.finsky.FinskyApp.onCreate(428): Initializing network with DFE https://android.clients.google.com/fdfe/
01-01 22:30:33.861  1343  1343 W Finsky  : [1] com.google.android.finsky.FinskyApp.i(1465): No account configured on this device.
01-01 22:30:33.863   685   685 I mali_so : [File] : hardware/arm/maliT760/driver/product/base/src/mali_base_kbase.c; [Line] : 928; [Func] : base_context_deal_with_version_affairs_rk_ext;
01-01 22:30:33.863   685   685 I mali_so : arm_release_ver of this mali_so is 'r12p0-04rel0', rk_so_ver is '12@0', built at '17:00:15', on 'Aug 16 2016'.
01-01 22:30:33.863   685   685 I mali_so : [File] : hardware/arm/maliT760/driver/product/base/src/mali_base_kbase.c; [Line] : 955; [Func] : base_context_deal_with_version_affairs_rk_ext;
01-01 22:30:33.863   685   685 I mali_so : mali_ver_property has been set to 'r12p0-04rel0-13-12@0', to return.
01-01 22:30:33.879   685   685 D Surface : Surface::final mReqUsage=a00
01-01 22:30:33.879   685   685 D mali_winsys: EGLint new_window_surface(egl_winsys_display*, void*, EGLSurface, EGLConfig, egl_winsys_surface**, egl_color_buffer_format*, EGLBoolean) returns 0x3000
01-01 22:30:33.956  1343  1343 W Finsky  : [1] com.google.android.finsky.FinskyApp.i(1465): No account configured on this device.
01-01 22:30:33.960  1343  1343 W Finsky  : [1] com.google.android.finsky.FinskyApp.i(1465): No account configured on this device.
01-01 22:30:33.970  1343  1343 W Finsky  : [1] com.google.android.finsky.FinskyApp.i(1465): No account configured on this device.
01-01 22:30:33.971  1343  1343 W Finsky  : [1] com.google.android.finsky.FinskyApp.i(1465): No account configured on this device.
01-01 22:30:33.984  1343  1343 W Finsky  : [1] com.google.android.finsky.FinskyApp.i(1465): No account configured on this device.
01-01 22:30:33.985  1343  1343 W Finsky  : [1] com.google.android.finsky.FinskyApp.i(1465): No account configured on this device.
01-01 22:30:34.040  1343  1343 W Finsky  : [1] com.google.android.finsky.FinskyApp.i(1465): No account configured on this device.
01-01 22:30:34.042  1343  1343 W Finsky  : [1] com.google.android.finsky.FinskyApp.i(1465): No account configured on this device.
01-01 22:30:34.043  1343  1343 I Finsky  : [1] com.google.android.finsky.services.DailyHygiene.a(171): No need to run daily hygiene.
01-01 22:30:34.044  1343  1343 W Finsky  : [1] com.google.android.finsky.FinskyApp.i(1465): No account configured on this device.
01-01 22:30:34.057  1343  1343 W Settings: Setting download_manager_max_bytes_over_mobile has moved from android.provider.Settings.Secure to android.provider.Settings.Global.
01-01 22:30:34.058  1343  1343 W Settings: Setting download_manager_recommended_max_bytes_over_mobile has moved from android.provider.Settings.Secure to android.provider.Settings.Global.
01-01 22:30:34.086  1343  1343 W Finsky  : [1] com.google.android.finsky.FinskyApp.i(1465): No account configured on this device.
01-01 22:30:34.090  1343  1343 W Finsky  : [1] com.google.android.finsky.FinskyApp.i(1465): No account configured on this device.
01-01 22:30:34.092  1343  1343 W Finsky  : [1] com.google.android.finsky.FinskyApp.i(1465): No account configured on this device.
01-01 22:30:34.094  1343  1343 W Finsky  : [1] com.google.android.finsky.FinskyApp.i(1465): No account configured on this device.
01-01 22:30:34.096  1343  1343 W Finsky  : [1] com.google.android.finsky.FinskyApp.i(1465): No account configured on this device.
01-01 22:30:34.096  1343  1343 W Finsky  : [1] com.google.android.finsky.FinskyApp.b(1147): No account configured on this device.
01-01 22:30:34.100  1343  1343 W Finsky  : [1] com.google.android.finsky.FinskyApp.i(1465): No account configured on this device.
01-01 22:30:34.101  1343  1343 W Finsky  : [1] com.google.android.finsky.FinskyApp.i(1465): No account configured on this device.
01-01 22:30:34.116  1343  1454 W Finsky  : [112] com.google.android.finsky.FinskyApp.i(1465): No account configured on this device.
01-01 22:30:34.140   191   203 D gralloc : Isfb=0, [2684,3213,2688,10752], fmt=2, byte_stride=10752
01-01 22:30:34.215   227   227 E MediaPlayerFactory: 2019 03 30 -------- getPlayerType()---------------- 234 !!!! 
01-01 22:30:34.216   227   227 E MediaPlayerFactory: filePath = /data/app/com.roboteam.teamy.usa-2/base.apk 
01-01 22:30:34.216   227   227 E MediaPlayerFactory: 2019 03 30 -------- getPlayerType()---------------- return STAGEFRIGHT_PLAYER !!!! 
01-01 22:30:34.230   227   227 I AwesomePlayer: AwesomePlayer::AwesomePlayer()in
01-01 22:30:34.231   227   227 I AwesomePlayer: AwesomePlayer::AwesomePlayer()aftermClient.connect()
01-01 22:30:34.242   227   227 D WVMExtractor: Failed to open libwvm.so
01-01 22:30:34.242   227   227 D AwesomePlayer: the format is mimeType：audio/x-wav,confidence:0.400000
01-01 22:30:34.258   700  1291 D MediaPlayer: setSubtitleAnchor in MediaPlayer
01-01 22:30:34.258   700   710 I art     : Background partial concurrent mark sweep GC freed 1199(69KB) AllocSpace objects, 3(3MB) LOS objects, 20% free, 61MB/77MB, paused 5.647ms total 157.642ms
01-01 22:30:34.298  1343  1343 W Finsky  : [1] com.google.android.finsky.FinskyApp.i(1465): No account configured on this device.
01-01 22:30:34.300   227   264 D AudioHardwareTiny: start_output_stream
01-01 22:30:34.301   227   264 D alsa_route: route_info->sound_card 0, route_info->devices 0  
01-01 22:30:34.301   227   264 D alsa_route: route_set_controls() set route 0
01-01 22:30:34.375   991  1390 I GCoreUlr: WorldUpdater received intent Intent { act=com.google.android.location.reporting.ACTION_UPDATE_WORLD cmp=com.google.android.gms/com.google.android.location.reporting.service.DispatchingService (has extras) } with receiverAction android.location.PROVIDERS_CHANGED
01-01 22:30:34.438  1343  1343 I Finsky  : [1] com.google.android.finsky.c.l.a(270): result=false type=4
01-01 22:30:34.444   685   685 I Choreographer: Skipped 196 frames!  The application may be doing too much work on its main thread.
01-01 22:30:34.447   685   685 D ViewRootImpl: changeCanvasOpacity: opaque=true
01-01 22:30:34.453   570   591 E WindowManager: Unknown window type: 2999
01-01 22:30:34.457  1343  1343 W Finsky  : [1] com.google.android.finsky.FinskyApp.i(1465): No account configured on this device.
01-01 22:30:34.460  1343  1343 E Finsky  : [1] com.google.android.finsky.utils.aa.a(57): No permission to get location. java.lang.SecurityException: "gps" location provider requires ACCESS_FINE_LOCATION permission.
01-01 22:30:34.463  1343  1343 E Finsky  : [1] com.google.android.finsky.utils.aa.a(106): No permission to get location. java.lang.SecurityException: "fused" location provider requires ACCESS_COARSE_LOCATION or ACCESS_FINE_LOCATION permission.
01-01 22:30:34.471   570   591 E WindowManager: Unknown window type: 2999
01-01 22:30:34.474  1343  1343 I Finsky  : [1] com.google.android.finsky.services.bc.a(1050): Restore complete with 0 success and 0 failed.
01-01 22:30:34.482   991  1390 I GCoreUlr: WorldUpdater:android.location.PROVIDERS_CHANGED: Ensuring that reporting is stopped because of reasons: (no Google accounts)
01-01 22:30:34.486   991  1390 I GCoreUlr: Unbound from all location providers
01-01 22:30:34.521   700   700 I Choreographer: Skipped 51 frames!  The application may be doing too much work on its main thread.
01-01 22:30:34.539   685  1366 I OpenGLRenderer: Initialized EGL, version 1.4
01-01 22:30:34.542   570   591 E WindowManager: Unknown window type: 2999
01-01 22:30:34.544   685  1366 D Surface : Surface::final mReqUsage=a00
01-01 22:30:34.544   685  1366 D mali_winsys: EGLint new_window_surface(egl_winsys_display*, void*, EGLSurface, EGLConfig, egl_winsys_surface**, egl_color_buffer_format*, EGLBoolean) returns 0x3000
01-01 22:30:34.545   191   203 D gralloc : Isfb=0, [1920,1,1920,7680], fmt=1, byte_stride=7680
01-01 22:30:34.545   191   203 D gralloc : Isfb=0, [1920,1,1920,7680], fmt=1, byte_stride=7680
01-01 22:30:34.545   191   203 D gralloc : Isfb=0, [1920,1,1920,7680], fmt=1, byte_stride=7680
01-01 22:30:34.549  1462  1462 W System  : ClassLoader referenced unknown path: /system/priv-app/GMSCore/lib/arm
01-01 22:30:34.566  1462  1462 I MultiDex: VM with version 2.1.0 has multidex support
01-01 22:30:34.566  1462  1462 I MultiDex: install
01-01 22:30:34.566  1462  1462 I MultiDex: VM has multidex support, MultiDex support library is disabled.
01-01 22:30:34.616   700  1381 D Surface : Surface::final mReqUsage=a00
01-01 22:30:34.616   700  1381 D mali_winsys: EGLint new_window_surface(egl_winsys_display*, void*, EGLSurface, EGLConfig, egl_winsys_surface**, egl_color_buffer_format*, EGLBoolean) returns 0x3000
01-01 22:30:34.630   570   591 E WindowManager: Unknown window type: 2999
01-01 22:30:34.638   191   203 D gralloc : Isfb=0, [1920,1200,1920,7680], fmt=1, byte_stride=7680
01-01 22:30:34.650   191   203 D gralloc : Isfb=0, [1920,1200,1920,7680], fmt=1, byte_stride=7680
01-01 22:30:34.662   191   203 D gralloc : Isfb=0, [1920,1200,1920,7680], fmt=1, byte_stride=7680
01-01 22:30:34.748   991  1001 W art     : Suspending all threads took: 29.199ms
01-01 22:30:34.751  1462  1462 W System  : ClassLoader referenced unknown path: /system/priv-app/GMSCore/lib/arm
01-01 22:30:34.752  1462  1462 W System  : ClassLoader referenced unknown path: /system/priv-app/GMSCore/lib/arm
01-01 22:30:34.774  1462  1462 W linker  : /system/priv-app/GMSCore/GMSCore.apk: unused DT entry: type 0x7ffffffd arg 0x4ed
01-01 22:30:34.799  1462  1462 W System  : ClassLoader referenced unknown path: /system/priv-app/GMSCore/lib/arm
01-01 22:30:34.800  1462  1462 W System  : ClassLoader referenced unknown path: /system/priv-app/GMSCore/lib/arm
01-01 22:30:34.813   570   623 E wifi    : wifi_get_supported_feature_set returned error = 0xffffffa1
01-01 22:30:34.824  1462  1462 W linker  : /system/priv-app/GMSCore/GMSCore.apk: unused DT entry: type 0x1d arg 0xef
01-01 22:30:34.824  1462  1462 W linker  : /system/priv-app/GMSCore/GMSCore.apk: unused DT entry: type 0x7ffffffd arg 0x1d8
01-01 22:30:34.829  1462  1462 V JNIHelp : Registering com/google/android/gms/org/conscrypt/NativeCrypto's 254 native methods...
01-01 22:30:34.843   570   591 E WindowManager: Unknown window type: 2999
01-01 22:30:34.871  1462  1462 I ProviderInstaller: Installed default security provider GmsCore_OpenSSL
01-01 22:30:34.878   570   591 E WindowManager: Unknown window type: 2999
01-01 22:30:34.896   570   591 E WindowManager: Unknown window type: 2999
01-01 22:30:34.902  1462  1462 D ChimeraCfgMgr: Reading stored module config
01-01 22:30:34.970  1462  1472 W art     : Suspending all threads took: 49.303ms
01-01 22:30:34.999  1462  1492 D NativeLibraryUtils: Install completed successfully. count=12 extracted=0
01-01 22:30:35.071   991   991 W InstanceID/Rpc: Found 10006
01-01 22:30:35.084   991   991 I GCoreUlr: DispatchingService.onDestroy()
01-01 22:30:35.084   991   991 I GCoreUlr: Stopping handler for UlrDispSvcFast
01-01 22:30:35.087   991   991 I GCoreUlr: Unbound from all location providers
01-01 22:30:35.103  1343  1454 W Finsky  : [112] com.google.android.finsky.FinskyApp.i(1465): No account configured on this device.
01-01 22:30:35.109   991   991 D GCM     : COMPAT: Multi user ser=0 current=0
01-01 22:30:35.115   227  1459 I AudioSink: callbackwrapper: EVENT_UNDERRUN (discarded)
01-01 22:30:35.186   191   203 D gralloc : Isfb=0, [1200,1920,1200,4800], fmt=1, byte_stride=4800
01-01 22:30:35.192   991  1332 W GeofencerStateMachine: Ignoring removeGeofence because network location is disabled.
01-01 22:30:35.194   991  1332 W GeofencerStateMachine: Ignoring removeGeofence because network location is disabled.
01-01 22:30:35.239   191   203 D gralloc : Isfb=0, [1200,1920,1200,4800], fmt=1, byte_stride=4800
01-01 22:30:35.244   570   591 I ActivityManager: Displayed com.roboteam.teamy.usa/com.roboteam.teamy.boot.BootActivity: +1s743ms
01-01 22:30:35.249   570   591 E WindowManager: Unknown window type: 2999
01-01 22:30:35.267   570   591 E WindowManager: Unknown window type: 2999
01-01 22:30:35.357   191  1479 D gralloc : Isfb=0, [1200,1920,1200,4800], fmt=1, byte_stride=4800
01-01 22:30:35.360   227   457 I FrameQueueManage: FrameQueueManage::~FrameQueueManage end!
01-01 22:30:35.556   570   586 V KeyguardServiceDelegate: *** Keyguard started
01-01 22:30:35.692   570   591 E WindowManager: Unknown window type: 2999
01-01 22:30:35.730   570   570 V KeyguardServiceDelegate: *** Keyguard connected (yay!)
01-01 22:30:35.738   570  1142 V KeyguardServiceDelegate: **** SHOWN CALLED ****
01-01 22:30:35.745   570   591 E WindowManager: Unknown window type: 2999
01-01 22:30:35.746   685   685 D PhoneStatusBar: disable: < expand* icons alerts system_info back* home* recent* clock search* quick_settings >
01-01 22:30:35.763   570   591 E WindowManager: Unknown window type: 2999
01-01 22:30:35.765   191  1479 I SurfaceFlinger: Boot is finished (33837 ms)
01-01 22:30:35.780   570   591 E WindowManager: Unknown window type: 2999
01-01 22:30:36.036   570   580 I art     : Background partial concurrent mark sweep GC freed 11360(1663KB) AllocSpace objects, 22(1764KB) LOS objects, 33% free, 6MB/10MB, paused 901us total 188.351ms
01-01 22:30:36.173   991   991 V UserPresentBroadcastReceiver: Received Intent { act=android.intent.action.USER_PRESENT flg=0x24000010 cmp=com.google.android.gms/.trustagent.UserPresentBroadcastReceiver }.
01-01 22:30:36.409   991  1390 I Scheduler: Use legacy PeriodicScheduler
01-01 22:30:36.417   991  1390 I Scheduler: Cleaning up unwanted schedulers, if there are any.
01-01 22:30:36.594   570   591 E WindowManager: Unknown window type: 2999
01-01 22:30:36.598  1017  1017 D RKUpdateReceiver: action = android.hardware.usb.action.USB_STATE
01-01 22:30:36.612   570   570 D Tethering: ACTION_USB_STATE received, usbConnected=true, mRndisEnabled=false
01-01 22:30:36.660   685   685 I ndroid.systemui: type=1400 audit(0.0:16): avc: denied { write } for name="property_service" dev="tmpfs" ino=7987 scontext=u:r:platform_app:s0:c512,c768 tcontext=u:object_r:property_socket:s0 tclass=sock_file permissive=1
01-01 22:30:36.666   685  1164 D KeyboardUI: kkkkkkkkk   Enter onBootCompletedInternal() call playSound() ----
01-01 22:30:36.666   685  1164 D KeyboardUI: kkkkkkkkk   keyboardUI.cpp -- Enter playSound ()----
01-01 22:30:36.666   685  1164 D KeyboardUI: kkkkkkkkk   playSound ()----mLockSounds.play()
01-01 22:30:36.668   685   685 V KeyguardUpdateMonitor: kkkkkk stop service.copyfile == 0 
01-01 22:30:36.678   685  1164 W AudioTrack: AUDIO_OUTPUT_FLAG_FAST denied by client; transfer 4, track 44100 Hz, output 48000 Hz
01-01 22:30:36.725   227   264 D AudioFlinger: mixer(0xb366d008) throttle end: throttle time(13)
01-01 22:30:36.776   570  1577 I RecoverySystem: No recovery log file
01-01 22:30:36.799  1560  1560 W System  : ClassLoader referenced unknown path: /system/app/KeyChain/lib/arm
01-01 22:30:36.849  1252  1262 W art     : Suspending all threads took: 11.405ms
01-01 22:30:36.911  1252  1252 E DisplayOutputManager: Error listing main interfaces :java.lang.NullPointerException: Attempt to get length of null array
01-01 22:30:36.912  1252  1252 E DisplayOutputManager: Error listing aux interfaces :java.lang.NullPointerException: Attempt to get length of null array
01-01 22:30:36.912  1252  1252 E DisplayOutputManager: There is no display interface.
01-01 22:30:36.912  1252  1252 D HdmiReceiver: hdmi receiver action=android.intent.action.BOOT_COMPLETED
01-01 22:30:36.912  1252  1252 D HdmiReceiver: BOOT_COMPLETED
01-01 22:30:36.913  1215  1215 D MtpService: starting MTP server in MTP mode
01-01 22:30:36.916  1215  1215 D MtpService: Adding MTP storage 0x10001 at /storage/emulated/0
01-01 22:30:36.936  1252  1252 D CABC    : isOpen=false
01-01 22:30:36.937  1252  1252 W System.err: java.io.FileNotFoundException: /sys/class/graphics/fb0/cabc: open failed: EACCES (Permission denied)
01-01 22:30:36.938  1252  1252 W System.err: 	at libcore.io.IoBridge.open(IoBridge.java:452)
01-01 22:30:36.938  1252  1252 W System.err: 	at java.io.FileOutputStream.<init>(FileOutputStream.java:87)
01-01 22:30:36.938  1252  1252 W System.err: 	at java.io.FileOutputStream.<init>(FileOutputStream.java:72)
01-01 22:30:36.938  1252  1252 W System.err: 	at com.android.settings.CABCReceiver.setCABC(CABCReceiver.java:59)
01-01 22:30:36.938  1252  1252 W System.err: 	at com.android.settings.CABCReceiver.onReceive(CABCReceiver.java:43)
01-01 22:30:36.938  1252  1252 W System.err: 	at android.app.ActivityThread.handleReceiver(ActivityThread.java:2725)
01-01 22:30:36.938  1252  1252 W System.err: 	at android.app.ActivityThread.-wrap14(ActivityThread.java)
01-01 22:30:36.938  1252  1252 W System.err: 	at android.app.ActivityThread$H.handleMessage(ActivityThread.java:1421)
01-01 22:30:36.938  1252  1252 W System.err: 	at android.os.Handler.dispatchMessage(Handler.java:102)
01-01 22:30:36.938  1252  1252 W System.err: 	at android.os.Looper.loop(Looper.java:148)
01-01 22:30:36.938  1252  1252 W System.err: 	at android.app.ActivityThread.main(ActivityThread.java:5417)
01-01 22:30:36.938  1252  1252 W System.err: 	at java.lang.reflect.Method.invoke(Native Method)
01-01 22:30:36.938  1252  1252 W System.err: 	at com.android.internal.os.ZygoteInit$MethodAndArgsCaller.run(ZygoteInit.java:772)
01-01 22:30:36.938  1252  1252 W System.err: 	at com.android.internal.os.ZygoteInit.main(ZygoteInit.java:662)
01-01 22:30:36.938  1252  1252 W System.err: Caused by: android.system.ErrnoException: open failed: EACCES (Permission denied)
01-01 22:30:36.938  1252  1252 W System.err: 	at libcore.io.Posix.open(Native Method)
01-01 22:30:36.938  1252  1252 W System.err: 	at libcore.io.BlockGuardOs.open(BlockGuardOs.java:186)
01-01 22:30:36.938  1252  1252 W System.err: 	at libcore.io.IoBridge.open(IoBridge.java:438)
01-01 22:30:36.938  1252  1252 W System.err: 	... 13 more
01-01 22:30:37.004   700   700 I Choreographer: Skipped 45 frames!  The application may be doing too much work on its main thread.
01-01 22:30:37.005   659   659 D StressTest: =========onReceive===rebootFlag:0
01-01 22:30:37.089  1544  1544 D AdapterServiceConfig: Adding A2dpSinkService
01-01 22:30:37.089  1544  1544 D AdapterServiceConfig: Adding HidService
01-01 22:30:37.089  1544  1544 D AdapterServiceConfig: Adding HealthService
01-01 22:30:37.089  1544  1544 D AdapterServiceConfig: Adding PanService
01-01 22:30:37.089  1544  1544 D AdapterServiceConfig: Adding GattService
01-01 22:30:37.089  1544  1544 D AdapterServiceConfig: Adding HeadsetClientService
01-01 22:30:37.090  1544  1544 D AdapterServiceConfig: Adding AvrcpControllerService
01-01 22:30:37.202   570  1559 W Searchables: No global search activity found
01-01 22:30:37.208   570   590 D BluetoothManagerService: Added callback: android.bluetooth.IBluetoothManagerCallback$Stub$Proxy@6673a7f:true
01-01 22:30:37.208  1544  1544 D BluetoothAdapterState: make() - Creating AdapterState
01-01 22:30:37.211  1544  1544 I bt_bluedroid: init
01-01 22:30:37.220  1544  1596 I BluetoothAdapterState: Entering OffState
01-01 22:30:37.222  1544  1598 I bt_bte_conf: bte_load_ble_conf attempt to load ble stack conf from /etc/bluetooth/ble_stack.conf
01-01 22:30:37.226  1544  1598 E bt_osi_config: config_new unable to open file '/etc/bluetooth/ble_stack.conf': No such file or directory
01-01 22:30:37.226  1544  1598 I bt_bte_conf: bte_load_ble_conf file >/etc/bluetooth/ble_stack.conf< not found
01-01 22:30:37.226  1544  1598 I bt_stack_config: init attempt to load stack conf from /etc/bluetooth/bt_stack.conf
01-01 22:30:37.228  1544  1598 E bt_btif : Get local bdaddr from vflash
01-01 22:30:37.228  1544  1598 E bt_btif : btif_fetch_local_bdaddr, local bdaddr is stored in /data/misc/bluetooth/bdaddr
01-01 22:30:37.228   991   991 D PersistentNotificationChimeraBroadcastReceiver: Received intent: Intent { act=android.intent.action.BOOT_COMPLETED flg=0x8000010 cmp=com.google.android.gms/.auth.setup.notification.PersistentNotificationBroadcastReceiver (has extras) }
01-01 22:30:37.230  1544  1598 E bt_btif : btif_fetch_local_bdaddr: Got Factory BDA cc:4b:73:82:13:37
01-01 22:30:37.231  1544  1544 I bt_bluedroid: get_profile_interface socket
01-01 22:30:37.232  1544  1604 D BluetoothAdapterProperties: Address is:CC:4B:73:82:13:37
01-01 22:30:37.233  1544  1544 I bt_bluedroid: get_profile_interface sdp
01-01 22:30:37.233  1544  1604 D BluetoothAdapterProperties: Name is: dalek1
01-01 22:30:37.236  1544  1556 I bt_bluedroid: config_hci_snoop_log
01-01 22:30:37.237   570   590 D BluetoothManagerService: Broadcasting onBluetoothServiceUp() to 6 receivers.
01-01 22:30:37.240  1544  1596 D BluetoothAdapterState: Current state: OFF, message: 0
01-01 22:30:37.240  1544  1596 D BluetoothAdapterProperties: Setting state to 14
01-01 22:30:37.240  1544  1596 I BluetoothAdapterState: Bluetooth adapter state changed: 10-> 14
01-01 22:30:37.241  1544  1596 D BluetoothBondStateMachine: make
01-01 22:30:37.242  1544  1605 I BluetoothBondStateMachine: StableState(): Entering Off State
01-01 22:30:37.246  1544  1596 I BluetoothAdapterState: Entering PendingCommandState
01-01 22:30:37.250  1544  1544 I BtGatt.JNI: classInitNative(L912): classInitNative: Success!
01-01 22:30:37.252  1544  1544 D BluetoothAdapterService: getAdapterService() - returning com.android.bluetooth.btservice.AdapterService@eecb825
01-01 22:30:37.253  1544  1544 D BtGatt.DebugUtils: handleDebugAction() action=null
01-01 22:30:37.254  1544  1544 D BtGatt.GattService: Received start request. Starting profile...
01-01 22:30:37.254  1544  1544 D BtGatt.GattService: start()
01-01 22:30:37.254  1544  1544 I bt_bluedroid: get_profile_interface gatt
01-01 22:30:37.255  1544  1544 D BluetoothAdapterService: getAdapterService() - returning com.android.bluetooth.btservice.AdapterService@eecb825
01-01 22:30:37.255  1544  1544 D BtGatt.AdvertiseManager: advertise manager created
01-01 22:30:37.259  1544  1544 V BluetoothAdapterState: isTurningOff()=false
01-01 22:30:37.259  1544  1544 V BluetoothAdapterState: isTurningOn()=false
01-01 22:30:37.260  1544  1544 V BluetoothAdapterState: isBleTurningOn()=true
01-01 22:30:37.260  1544  1544 V BluetoothAdapterState: isBleTurningOff()=false
01-01 22:30:37.260  1544  1596 D BluetoothAdapterState: Current state: PENDING_COMMAND, message: 4
01-01 22:30:37.261  1544  1596 I bt_bluedroid: bt_bluedroid
01-01 22:30:37.261  1544  1598 D bt_stack_manager: event_start_up_stack is bringing up the stack.
01-01 22:30:37.261  1544  1598 I bt_hci  : start_up
01-01 22:30:37.264  1544  1598 D WifiHW  : check_wifi_chip_type_string: AP6335
01-01 22:30:37.264  1544  1598 D bt_vendor: vendor_open load libbt-vendor.so
01-01 22:30:37.266  1462  1606 E LoadManifestTask: Can't find Chimera operation impl class com.google.android.gms.auth.account.be.recovery.AccountRecoveryInitIntentOperation dropping operation
01-01 22:30:37.266  1462  1606 E LoadManifestTask: java.lang.ClassNotFoundException: Didn't find class "com.google.android.gms.auth.account.be.recovery.AccountRecoveryInitIntentOperation" on path: DexPathList[[zip file "/system/framework/com.android.location.provider.jar", zip file "/system/framework/com.android.media.remotedisplay.jar", zip file "/system/priv-app/GMSCore/GMSCore.apk"],nativeLibraryDirectories=[/data/user/0/com.google.android.gms/app_extracted_libs/armeabi-v7a, /system/priv-app/GMSCore/lib/arm, /system/priv-app/GMSCore/GMSCore.apk!/lib/armeabi-v7a, /vendor/lib, /system/lib]]
01-01 22:30:37.266  1462  1606 E LoadManifestTask: 	at dalvik.system.BaseDexClassLoader.findClass(BaseDexClassLoader.java:56)
01-01 22:30:37.266  1462  1606 E LoadManifestTask: 	at java.lang.ClassLoader.loadClass(ClassLoader.java:511)
01-01 22:30:37.266  1462  1606 E LoadManifestTask: 	at java.lang.ClassLoader.loadClass(ClassLoader.java:469)
01-01 22:30:37.266  1462  1606 E LoadManifestTask: 	at bfs.run(SourceFile:1773)
01-01 22:30:37.266  1462  1606 E LoadManifestTask: 	at java.util.concurrent.ThreadPoolExecutor.runWorker(ThreadPoolExecutor.java:1113)
01-01 22:30:37.266  1462  1606 E LoadManifestTask: 	at java.util.concurrent.ThreadPoolExecutor$Worker.run(ThreadPoolExecutor.java:588)
01-01 22:30:37.266  1462  1606 E LoadManifestTask: 	at java.lang.Thread.run(Thread.java:818)
01-01 22:30:37.266  1462  1606 E LoadManifestTask: 	Suppressed: java.lang.ClassNotFoundException: com.google.android.gms.auth.account.be.recovery.AccountRecoveryInitIntentOperation
01-01 22:30:37.266  1462  1606 E LoadManifestTask: 		at java.lang.Class.classForName(Native Method)
01-01 22:30:37.266  1462  1606 E LoadManifestTask: 		at java.lang.BootClassLoader.findClass(ClassLoader.java:781)
01-01 22:30:37.266  1462  1606 E LoadManifestTask: 		at java.lang.BootClassLoader.loadClass(ClassLoader.java:841)
01-01 22:30:37.266  1462  1606 E LoadManifestTask: 		at java.lang.ClassLoader.loadClass(ClassLoader.java:504)
01-01 22:30:37.266  1462  1606 E LoadManifestTask: 		... 5 more
01-01 22:30:37.266  1462  1606 E LoadManifestTask: 	Caused by: java.lang.NoClassDefFoundError: Class not found using the boot class loader; no stack trace available
01-01 22:30:37.276  1462  1597 D FileApkUtils: Optimizing (staging complete)
01-01 22:30:37.278  1462  1597 D FileApkUtils: Optimizing: DynamiteModulesA_GmsCore_prodmnc_xhdpi_release.apk [28bb7d0a3294b0b8b1e7dfffd4b771e0511a1b9d2b9f2732ecb9e4c2eb81a1b2]
01-01 22:30:37.280  1462  1597 D DexOptUtils: Module /data/user/0/com.google.android.gms/app_chimera/m/00000003/DynamiteModulesA_GmsCore_prodmnc_xhdpi_release.apk is already optimized. Bailing.
01-01 22:30:37.280  1462  1597 D FileApkUtils: Optimizing: DynamiteModulesC_GmsCore_prodmnc_xhdpi_release.apk [ea78df0ad3d8f58f9577c8e426f1ef4cb9e3f6099badef2b88175f23b8a5ff03]
01-01 22:30:37.306  1544  1598 I bt_vendor: alloc value 0xa1e40829
01-01 22:30:37.306  1544  1598 I bt_vendor: init
01-01 22:30:37.306  1544  1598 I bt_vnd_conf: Attempt to load conf from /etc/bluetooth/bt_vendor.conf
01-01 22:30:37.392  1462  1597 D DexOptUtils: Module /data/user/0/com.google.android.gms/app_chimera/m/00000005/DynamiteModulesC_GmsCore_prodmnc_xhdpi_release.apk is already optimized. Bailing.
01-01 22:30:37.392  1462  1597 D FileApkUtils: Optimizing: DynamiteModulesB_GmsCore_prodmnc_xhdpi_release.apk [fdddbd546e514cb5293398a8239137763e97647767d6b423d3c205f19ac2df10]
01-01 22:30:37.445  1544  1598 I bt_hci  : start_up bluetooth_rtk_h5_flag :0
01-01 22:30:37.468  1544  1598 D bt_upio : Delay 500ms for bluetooth power up
01-01 22:30:37.504  1462  1597 D DexOptUtils: Module /data/user/0/com.google.android.gms/app_chimera/m/00000004/DynamiteModulesB_GmsCore_prodmnc_xhdpi_release.apk is already optimized. Bailing.
01-01 22:30:37.545  1462  1597 D GmsModuleFndr: Beginning GMS chimera module scan
01-01 22:30:37.548  1462  1597 D GmsModuleFndr: Module pkg com.google.android.apps.kids.familylinkmanager not installed, skipping
01-01 22:30:37.548  1462  1597 D GmsModuleFndr: Module pkg com.google.android.gms.policy_test_support not installed, skipping
01-01 22:30:37.549  1462  1597 D GmsModuleFndr: Module pkg com.google.android.apps.kids.familylink not installed, skipping
01-01 22:30:37.550  1462  1597 D GmsModuleFndr: Module pkg com.google.android.play.games not installed, skipping
01-01 22:30:37.556  1462  1597 D ChimeraCfgMgr: Beginning module configuration check
01-01 22:30:37.571  1462  1597 D ChimeraCfgMgr: Module APKs unchanged, check complete
01-01 22:30:37.576  1613  1613 W System  : ClassLoader referenced unknown path: /system/priv-app/ManagedProvisioning/lib/arm
01-01 22:30:37.694  1629  1629 W System  : ClassLoader referenced unknown path: /system/priv-app/OneTimeInitializer/lib/arm
01-01 22:30:37.696  1629  1629 V OneTimeInitializerRece: OneTimeInitializerReceiver.onReceive
01-01 22:30:37.818  1645  1645 W System  : ClassLoader referenced unknown path: /system/app/GoogleInput/lib/arm
01-01 22:30:38.075  1215  1628 W MediaScanner: Error opening directory '/oem/media/', skipping: No such file or directory.
01-01 22:30:38.092  1462  1608 W InstanceID/Rpc: Found 10006
01-01 22:30:38.108  1544  1598 D bt_upio : Delay 500ms for bluetooth power up
01-01 22:30:38.109  1462  1608 D AuthInitIntentOperation: Initializing Auth, action is android.intent.action.BOOT_COMPLETED ,InitRuntimeState=2
01-01 22:30:38.122  1462  1608 W Auth    : [FRP,FrpUpdateIntentService] Received invalid intent action: com.google.android.gms.auth.ACTION_INVALID
01-01 22:30:38.127   991   991 I Auth    : [AuthDelegateWrapper] Service intent: Intent { cmp=com.google.android.gms/.auth.account.authenticator.DefaultAuthDelegateService }.
01-01 22:30:38.130   991   991 I Auth    : [AuthDelegateWrapper] Service intent: Intent { cmp=com.google.android.gms/.auth.account.authenticator.DefaultAuthDelegateService }.
01-01 22:30:38.140   991   991 I Auth    : [AuthDelegateWrapper] Service intent: Intent { cmp=com.google.android.gms/.auth.account.authenticator.DefaultAuthDelegateService }.
01-01 22:30:38.145   991  1665 W WakefulBroadcastReceiver: No active wake lock id #1
01-01 22:30:38.163  1462  1608 D AccountStateSyncAdapterInitIntentOperation: Initializing AccountStateSyncAdapter, action is android.intent.action.BOOT_COMPLETED ,InitRuntimeState=2
01-01 22:30:38.163  1462  1608 D AuthZenInitIntentOperation: Initializing Authzen, action is android.intent.action.BOOT_COMPLETED ,InitRuntimeState=2
01-01 22:30:38.164  1462  1608 D EasyUnlockInitOp: Initializing EasyUnlock, InitRuntimeState=2
01-01 22:30:38.169  1462  1667 V AuthZen : Handling intent: android.intent.action.BOOT_COMPLETED
01-01 22:30:38.173   991  1668 D EasyUnlockInitService: Handling intent for initializer IntentService.
01-01 22:30:38.237  1462  1680 I CheckinService: Disabling old GoogleServicesFramework version
01-01 22:30:38.246  1462  1608 D PeriodicTasksManager: Will schedule periodic tasks:android.intent.action.BOOT_COMPLETED.
01-01 22:30:38.257  1462  1681 V CheckinChimeraService: No Subscriptions found on the device
01-01 22:30:38.263  1462  1608 D PeriodicTasksManager: Scheduling periodical signal task every 86400 seconds
01-01 22:30:38.282  1462  1608 D PeriodicTasksManager: AdAttestation signal task scheduled
01-01 22:30:38.286  1462  1681 I CheckinChimeraService: Checking schedule, now: 1293883238286 next: 1294448974286
01-01 22:30:38.286  1462  1681 I CheckinChimeraService: active receiver: disabled
01-01 22:30:38.289  1462  1608 D GCM     : COMPAT: Multi user ser=0 current=0
01-01 22:30:38.392  1462  1667 I GoogleURLConnFactory: Using platform SSLCertificateSocketFactory
01-01 22:30:38.394  1462  1667 E BaseAppContext: Tried to stop global GMSCore RequestQueue. This is likely unintended, so ignoring.
01-01 22:30:38.395  1462  1667 V BaseAppContext: GmsRequestQueue started.
01-01 22:30:38.409  1462  1667 D AuthZenEventHandler: Handling event: android.intent.action.BOOT_COMPLETED
01-01 22:30:38.467  1645  1645 I AndroidIME: com.google.android.apps.inputmethod.libs.framework.core.LauncherIconVisibilityInitializerBase: android.intent.action.BOOT_COMPLETED
01-01 22:30:38.471   957   957 I SystemBroadcastReceiver: Boot has been completed
01-01 22:30:38.472   957   957 I SystemBroadcastReceiver: toggleAppIcon() : FLAG_SYSTEM = true
01-01 22:30:38.477  1017  1017 D RKUpdateReceiver: action = android.intent.action.BOOT_COMPLETED
01-01 22:30:38.477  1017  1017 D RKUpdateReceiver: RKUpdateReceiver recv ACTION_BOOT_COMPLETED.
01-01 22:30:38.492  1462  1667 D AuthZenTransactionCache: Initialized cache in: /data/user/0/com.google.android.gms/files
01-01 22:30:38.493  1462  1667 D AuthZenTransactionCache: Clearing transaction cache
01-01 22:30:38.511  1017  1017 I android_rockchip_update_UpdateService.cpp: JNI_OnLoad
01-01 22:30:38.528  1017  1017 D RKUpdateService: starting RKUpdateService, version is 1.8.0
01-01 22:30:38.531  1017  1017 D RKUpdateService: remote uri is http://ro.product.ota.host=120.76.73.32:2305/OtaUpdater/android?product=rk3288&version=1.0.1&sn=CBI9S1F786&country=US&language=en
01-01 22:30:38.531  1017  1017 D RKUpdateService: remote uri backup is http://192.168.1.143:2300/OtaUpdater/android?product=rk3288&version=1.0.1&sn=CBI9S1F786&country=US&language=en
01-01 22:30:38.540  1017  1017 D RKUpdateService: first startup!!!
01-01 22:30:38.567   991   991 D WearableService: callingUid 10006, callindPid: 991
01-01 22:30:38.572  1017  1017 D RKUpdateService: onStartCommand.......
01-01 22:30:38.572  1017  1017 D RKUpdateService: command = 1 delaytime = 20000
01-01 22:30:38.572  1017  1017 D RKUpdateService: onStartCommand.......
01-01 22:30:38.572  1017  1017 D RKUpdateService: command = 2 delaytime = 25000
01-01 22:30:38.808  1544  1598 D bt_hci  : start_up starting async portion
01-01 22:30:38.808  1544  1610 I bt_hci  : event_finish_startup
01-01 22:30:38.808  1544  1610 I bt_hci_h4: hal_open
01-01 22:30:38.808  1544  1610 I bt_userial_vendor: userial vendor open: opening /dev/ttyS0
01-01 22:30:38.809  1544  1610 I bt_userial_vendor: device fd = 52 open
01-01 22:30:38.820  1544  1610 I bt_hwcfg: bt vendor lib: set UART baud 1500000
01-01 22:30:38.832  1462  1608 I FA-SVC  : App measurement is starting up, version: 9083
01-01 22:30:38.833  1462  1608 I FA-SVC  : To enable debug logging run: adb shell setprop log.tag.FA VERBOSE
01-01 22:30:38.879  1462  1727 V FA-SVC  : Update service enabled state to: 1
01-01 22:30:38.880  1462  1727 I FA-SVC  : This instance being marked as an uploader
01-01 22:30:39.023  1544  1610 D bt_hwcfg: Chipset BCM4354A2
01-01 22:30:39.023  1544  1610 D bt_hwcfg: Target name = [BCM4354A2]
01-01 22:30:39.023  1544  1610 D WifiHW  : check_wifi_chip_type_string: AP6335
01-01 22:30:39.023  1544  1610 I bt_hwcfg: BT module name is: AP6335, p_chip_id_str = BCM4354A2
01-01 22:30:39.023  1544  1610 I bt_hwcfg: Target HCD file name is: BCM4356A2.hcd
01-01 22:30:39.091  1544  1610 I bt_hwcfg: Found patchfile: /vendor/firmware//BCM4356A2.hcd
01-01 22:30:39.144  1462  1608 V SmartDevice: [service,SmartDeviceIntentHandlers] OnUpgradeOrBootOperation got intent: Intent { act=android.intent.action.BOOT_COMPLETED flg=0x8000010 cmp=com.google.android.gms/.chimera.GmsIntentOperationService (has extras) } with flag 2
01-01 22:30:39.164  1462  1740 E MDM     : [137] rlj.a: Couldn't connect to Google API client: ConnectionResult{statusCode=API_UNAVAILABLE, resolution=null, message=null}
01-01 22:30:39.221  1462  1608 I DynamiteModule: Considering local module com.google.android.gms.googlecertificates:1 and remote module com.google.android.gms.googlecertificates:1
01-01 22:30:39.221  1462  1608 I DynamiteModule: Selected remote version of com.google.android.gms.googlecertificates, version >= 1
01-01 22:30:39.233  1462  1608 W System  : ClassLoader referenced unknown path: /data/user/0/com.google.android.gms/app_chimera/m/00000003/n/armeabi
01-01 22:30:39.235  1462  1608 D ChimeraFileApk: Primary ABI of requesting process is armeabi-v7a
01-01 22:30:39.239  1462  1608 D ChimeraFileApk: Classloading successful. Optimized code found.
01-01 22:30:39.245  1462  1608 D GoogleCertificates: com.google.android.gms.googlecertificates module is loaded
01-01 22:30:39.307   991  1745 D GCM     : GcmService start Intent { flg=0x8000010 cmp=com.google.android.gms/.gcm.GcmService (has extras) } null
01-01 22:30:39.329  1701  1701 W FileProviderCompat: isPatchingNecessary returned true and in == null: false
01-01 22:30:39.331  1462  1608 D GoogleCertificatesImpl: Fetched 300 Google certificates
01-01 22:30:39.351  1701  1701 W PatchedPackageManager: patching ProviderInfo. Metadata was not null
01-01 22:30:39.351  1701  1701 W PatchedPackageManager: resolveContentProvider flags: 128 ret: ContentProviderInfo{name=com.google.android.youtube.fileprovider className=com.google.android.apps.youtube.app.common.util.FileProviderCompat}
01-01 22:30:39.391  1701  1701 W YT      : Last known version:13.35.51
01-01 22:30:39.419   991   991 E GmsWearableNodeHelper: GoogleApiClient connection failed: ConnectionResult{statusCode=API_UNAVAILABLE, resolution=null, message=null}
01-01 22:30:39.475  1462  1608 I GCoreUlr: Starting service, intent=Intent { act=com.google.android.location.reporting.ACTION_UPDATE_WORLD cmp=com.google.android.gms/com.google.android.location.reporting.service.DispatchingService (has extras) }, extras=Bundle[{receiverAction=android.intent.action.BOOT_COMPLETED}]
01-01 22:30:39.534   991  1755 I PhenotypeConfigurator: Scheduling Phenotype for one-off execution 1192 seconds from now (1293883239533)
01-01 22:30:39.555  1462  1759 V CheckinChimeraService: No Subscriptions found on the device
01-01 22:30:39.557  1462  1759 I CheckinChimeraService: Checking schedule, now: 1293883239557 next: 1294448974286
01-01 22:30:39.557  1462  1759 I CheckinChimeraService: active receiver: disabled
01-01 22:30:39.686  1462  1754 D fdn     : Opening database auth.proximity.permit_store...
01-01 22:30:39.689   991  1668 D EasyUnlockInitService: Not initializing EasyUnlock: remote_devices=0, bluetooth_on=false
01-01 22:30:39.734  1462  1608 D LocationInitializer: Restart initialization of location
01-01 22:30:39.757  1701  1772 W YouTube : Fetching the Gservices key 'failsafe_clear_cache_release_13_02' before the end of the bulk initialization
01-01 22:30:39.784  1544  1610 I bt_hwcfg: bt vendor lib: set UART baud 115200
01-01 22:30:39.865   227   264 D alsa_route: route_set_controls() set route 24
01-01 22:30:39.866   227   264 D AudioHardwareTiny: close device
01-01 22:30:39.984  1544  1610 D bt_hwcfg: Settlement delay -- 200 ms
01-01 22:30:39.984  1544  1610 I bt_hwcfg: Setting fw settlement delay to 200 
01-01 22:30:40.139  1701  1767 W YouTube : Fetching the Gservices key 'disable_binder_callback_flush' before the end of the bulk initialization
01-01 22:30:40.163  1701  1769 W GooglePlayServicesUtil: Google Play services out of date.  Requires 11910000 but found 9083436
01-01 22:30:40.194  1544  1610 I bt_hwcfg: bt vendor lib: set UART baud 1500000
01-01 22:30:40.247   570   590 E BluetoothManagerService: waitForOnOff time out
01-01 22:30:40.248  1544  1596 D BluetoothAdapterState: Current state: PENDING_COMMAND, message: 23
01-01 22:30:40.248  1544  1596 I BluetoothAdapterState: Deferring BLE_TURN_OFF request...
01-01 22:30:40.248  1701  1711 W art     : Suspending all threads took: 60.842ms
01-01 22:30:40.286  1701  1790 W GooglePlayServicesUtil: Google Play services out of date.  Requires 11910000 but found 9083436
01-01 22:30:40.296  1701  1769 W GooglePlayServicesUtil: Google Play services out of date.  Requires 11910000 but found 9083436
01-01 22:30:40.394  1544  1610 I bt_hwcfg: Setting local bd addr to CC:4B:73:82:13:37
01-01 22:30:40.395  1544  1610 I bt_hwcfg: vendor lib fwcfg completed
01-01 22:30:40.395  1544  1610 I bt_vendor: firmware callback
01-01 22:30:40.395  1544  1610 I bt_hci  : firmware_config_callback
01-01 22:30:40.398  1544  1803 I bt_btu  : btu_task pending for preload complete event
01-01 22:30:40.398  1544  1803 I bt_btu_task: Bluetooth chip preload is complete
01-01 22:30:40.398  1544  1803 I bt_btu  : btu_task received preload complete event
01-01 22:30:40.401  1544  1803 I         : BTE_InitTraceLevels -- TRC_HCI
01-01 22:30:40.401  1544  1803 I         : BTE_InitTraceLevels -- TRC_L2CAP
01-01 22:30:40.401  1544  1803 I         : BTE_InitTraceLevels -- TRC_RFCOMM
01-01 22:30:40.401  1544  1803 I         : BTE_InitTraceLevels -- TRC_AVDT
01-01 22:30:40.401  1544  1803 I         : BTE_InitTraceLevels -- TRC_AVRC
01-01 22:30:40.401  1544  1803 I         : BTE_InitTraceLevels -- TRC_A2D
01-01 22:30:40.401  1544  1803 I         : BTE_InitTraceLevels -- TRC_BNEP
01-01 22:30:40.401  1544  1803 I         : BTE_InitTraceLevels -- TRC_BTM
01-01 22:30:40.401  1544  1803 I         : BTE_InitTraceLevels -- TRC_GAP
01-01 22:30:40.401  1544  1803 I         : BTE_InitTraceLevels -- TRC_PAN
01-01 22:30:40.401  1544  1803 I         : BTE_InitTraceLevels -- TRC_SDP
01-01 22:30:40.401  1544  1803 I         : BTE_InitTraceLevels -- TRC_GATT
01-01 22:30:40.401  1544  1803 I         : BTE_InitTraceLevels -- TRC_SMP
01-01 22:30:40.401  1544  1803 I         : BTE_InitTraceLevels -- TRC_BTAPP
01-01 22:30:40.401  1544  1803 I         : BTE_InitTraceLevels -- TRC_BTIF
01-01 22:30:40.509  1701  1775 W art     : Verification of void ker.onCreate(android.os.Bundle) took 134.281ms
01-01 22:30:40.515  1544  1803 I bt_btm_sec: BTM_SecRegister p_cb_info->p_le_callback == 0x0xa1dbe599
01-01 22:30:40.515  1544  1803 I bt_btm_sec: BTM_SecRegister btm_cb.api.p_le_callback = 0x0xa1dbe599 
01-01 22:30:40.522  1544  1604 I bt_btif_storage: btif_storage_get_adapter_property service_mask:0x20000000
01-01 22:30:40.522  1544  1604 D BluetoothAdapterProperties: Address is:CC:4B:73:82:13:37
01-01 22:30:40.523  1544  1604 D BluetoothAdapterProperties: Name is: dalek1
01-01 22:30:40.524  1544  1604 D BluetoothAdapterProperties: Scan Mode:20
01-01 22:30:40.525  1544  1604 D BluetoothAdapterProperties: Discoverable Timeout:120
01-01 22:30:40.525  1544  1604 D bt_hci  : do_postload posting postload work item
01-01 22:30:40.525  1544  1610 I bt_hci  : event_postload
01-01 22:30:40.525  1544  1610 D bt_vendor: SCO config
01-01 22:30:40.525  1544  1610 I bt_vendor: sco_config_cb
01-01 22:30:40.525  1544  1610 I bt_hci  : sco_config_callback postload finished.
01-01 22:30:40.555  1701  1711 W art     : Suspending all threads took: 37.275ms
01-01 22:30:40.558  1544  1604 D bt_bte_conf: Device ID record 1 : primary
01-01 22:30:40.559  1544  1604 D bt_bte_conf:   vendorId            = 000f
01-01 22:30:40.559  1544  1604 D bt_bte_conf:   vendorIdSource      = 0001
01-01 22:30:40.559  1544  1604 D bt_bte_conf:   product             = 1200
01-01 22:30:40.559  1544  1604 D bt_bte_conf:   version             = 1436
01-01 22:30:40.559  1544  1604 D bt_bte_conf:   clientExecutableURL = 
01-01 22:30:40.559  1544  1604 D bt_bte_conf:   serviceDescription  = 
01-01 22:30:40.559  1544  1604 D bt_bte_conf:   documentationURL    = 
01-01 22:30:40.559  1544  1604 D bt_bte_conf: bte_load_did_conf no section named DID2.
01-01 22:30:40.559  1544  1598 D bt_stack_manager: event_start_up_stack finished
01-01 22:30:40.559  1544  1596 D BluetoothAdapterState: Current state: PENDING_COMMAND, message: 3
01-01 22:30:40.559  1544  1596 D BluetoothAdapterProperties: Setting state to 15
01-01 22:30:40.559  1544  1596 I BluetoothAdapterState: Bluetooth adapter state changed: 14-> 15
01-01 22:30:40.561  1544  1596 I BluetoothAdapterState: Entering BleOnState
01-01 22:30:40.561  1544  1596 D BluetoothAdapterState: Current state: BLE ON, message: 23
01-01 22:30:40.563  1544  1596 D BluetoothAdapterState: Current state: BLE ON, message: 1
01-01 22:30:40.563  1544  1596 D BluetoothAdapterProperties: Setting state to 11
01-01 22:30:40.563  1544  1596 I BluetoothAdapterState: Bluetooth adapter state changed: 15-> 11
01-01 22:30:40.567  1544  1544 D BluetoothAdapterService: getAdapterService() - returning com.android.bluetooth.btservice.AdapterService@eecb825
01-01 22:30:40.568  1544  1544 D A2dpSinkService: Received start request. Starting profile...
01-01 22:30:40.568  1544  1544 I BluetoothA2dpSinkServiceJni: classInitNative: succeeds
01-01 22:30:40.568  1544  1544 D A2dpSinkStateMachine: make
01-01 22:30:40.569  1544  1544 I bt_bluedroid: get_profile_interface a2dp_sink
01-01 22:30:40.569  1544  1544 E bt_btif : ## A2DP START MEDIA THREAD ##
01-01 22:30:40.570  1544  1810 E bt_btif : SETUP CHANNEL SERVER 0
01-01 22:30:40.570  1544  1604 I bt_btif_storage: btif_storage_get_adapter_property service_mask:0x20040008
01-01 22:30:40.571  1544  1604 I bt_btif_storage: btif_storage_get_adapter_property service_mask:0x20040008
01-01 22:30:40.581  1544  1596 I BluetoothAdapterState: Entering PendingCommandState
01-01 22:30:40.585  1544  1809 D A2dpSinkStateMachine: Enter Disconnected: -2
01-01 22:30:40.586  1544  1809 D A2dpSinkStateMachine: stopPcmRead false
01-01 22:30:40.586  1544  1809 D A2dpSinkStateMachine: audioPause false
01-01 22:30:40.586  1544  1544 I BluetoothHidServiceJni: classInitNative: succeeds
01-01 22:30:40.586  1544  1544 D BluetoothAdapterService: getAdapterService() - returning com.android.bluetooth.btservice.AdapterService@eecb825
01-01 22:30:40.588  1544  1544 D HidService: Received start request. Starting profile...
01-01 22:30:40.589  1544  1544 I bt_bluedroid: get_profile_interface hidhost
01-01 22:30:40.589  1544  1604 I bt_bta_hh: BTA_HhEnable sec_mask:0x36 p_cback:0xa1d9f409
01-01 22:30:40.589  1544  1544 D HidService: setHidService(): set to: null
01-01 22:30:40.589  1544  1604 I bt_btif_storage: btif_storage_get_adapter_property service_mask:0x20140008
01-01 22:30:40.589  1544  1544 I BluetoothHealthServiceJni: classInitNative: succeeds
01-01 22:30:40.590  1544  1544 D BluetoothAdapterService: getAdapterService() - returning com.android.bluetooth.btservice.AdapterService@eecb825
01-01 22:30:40.590  1544  1544 D HealthService: Received start request. Starting profile...
01-01 22:30:40.591  1544  1544 I bt_bluedroid: get_profile_interface health
01-01 22:30:40.593   685   685 D BluetoothInputDevice: Proxy object connected
01-01 22:30:40.593  1544  1544 I BluetoothPanServiceJni: classInitNative(L105): succeeds
01-01 22:30:40.594   685   685 D HidProfile: Bluetooth service connected
01-01 22:30:40.595  1544  1544 D BluetoothAdapterService: getAdapterService() - returning com.android.bluetooth.btservice.AdapterService@eecb825
01-01 22:30:40.596  1544  1544 D PanService: Received start request. Starting profile...
01-01 22:30:40.596   685   685 D BluetoothPan: BluetoothPAN Proxy object connected
01-01 22:30:40.596  1544  1544 D BluetoothPanServiceJni: initializeNative(L110): pan
01-01 22:30:40.596  1544  1544 I bt_bluedroid: get_profile_interface pan
01-01 22:30:40.596   685   685 D PanProfile: Bluetooth service connected
01-01 22:30:40.597  1544  1604 D BluetoothPanServiceJni: control_state_callback(L61): state:0, local_role:3, ifname:bt-pan
01-01 22:30:40.599  1544  1544 D BluetoothAdapterService: getAdapterService() - returning com.android.bluetooth.btservice.AdapterService@eecb825
01-01 22:30:40.599  1544  1544 D HeadsetClientService: Received start request. Starting profile...
01-01 22:30:40.600  1544  1544 I BluetoothHeadsetClientServiceJni: classInitNative succeeds
01-01 22:30:40.600  1544  1544 D HeadsetClientStateMachine: make
01-01 22:30:40.624   227   631 E MediaPlayerFactory: 2019 03 30 -------- getPlayerType()---------------- 234 !!!! 
01-01 22:30:40.624   227   631 E MediaPlayerFactory: filePath = /system/media/audio/alarms/Alarm_Classic.ogg 
01-01 22:30:40.624   227   631 E MediaPlayerFactory: 2019 03 30 -------- getPlayerType()---------------- return STAGEFRIGHT_PLAYER !!!! 
01-01 22:30:40.624   227   631 I AwesomePlayer: AwesomePlayer::AwesomePlayer()in
01-01 22:30:40.625   227   631 I AwesomePlayer: AwesomePlayer::AwesomePlayer()aftermClient.connect()
01-01 22:30:40.631   227   631 D AwesomePlayer: the format is mimeType：application/ogg,confidence:0.200000
01-01 22:30:40.644  1462  1733 W IcingInternalCorpora: getNumBytesRead when not calculated.
01-01 22:30:40.661   227  1822 I OMXCodec: --->InstantiateSoftwareCodec create OMX.google.vorbis.decoder codec
01-01 22:30:40.663  1544  1544 D MediaPlayer: setSubtitleAnchor in MediaPlayer
01-01 22:30:40.667  1544  1544 D Ringtone: Successfully created local player
01-01 22:30:40.667  1544  1544 I bt_bluedroid: get_profile_interface handsfree_client
01-01 22:30:40.668  1544  1816 D HeadsetClientStateMachine: Enter Disconnected: -2
01-01 22:30:40.669  1544  1604 I bt_btif_storage: btif_storage_get_adapter_property service_mask:0x21140008
01-01 22:30:40.674  1544  1544 I BluetoothAvrcpControllerJni: classInitNative: succeeds
01-01 22:30:40.675  1544  1544 I bt_bluedroid: get_profile_interface avrcp_ctrl
01-01 22:30:40.675  1544  1544 D BluetoothAdapterService: getAdapterService() - returning com.android.bluetooth.btservice.AdapterService@eecb825
01-01 22:30:40.676   700   700 D BluetoothAvrcpController: Proxy object connected
01-01 22:30:40.677  1544  1544 D AvrcpControllerService: Received start request. Starting profile...
01-01 22:30:40.678  1544  1544 V BluetoothAdapterState: isTurningOff()=false
01-01 22:30:40.678  1544  1544 V BluetoothAdapterState: isTurningOn()=true
01-01 22:30:40.678  1544  1544 V BluetoothAdapterState: isBleTurningOn()=false
01-01 22:30:40.678  1544  1544 V BluetoothAdapterState: isBleTurningOff()=false
01-01 22:30:40.678  1544  1544 V BluetoothAdapterState: isTurningOff()=false
01-01 22:30:40.679  1544  1544 V BluetoothAdapterState: isTurningOn()=true
01-01 22:30:40.679  1544  1544 V BluetoothAdapterState: isBleTurningOn()=false
01-01 22:30:40.679  1544  1544 V BluetoothAdapterState: isBleTurningOff()=false
