12-10 13:35:55.013   568  1694 I WindowState: Sending new config to window Window{a4cdbbc u0 com.roboteam.teamy.usa/com.roboteam.teamy.internalactivities.list.mvp.activities.TabContainerActivity}: 1920.0x1200.0 / config={1.0 ?mcc?mnc en_US ldltr sw800dp w1280dp h800dp 240dpi xlrg land finger -keyb/v/h -nav/h s.4} overrideConfig={1.0 ?mcc?mnc ?locale ?layoutDir ?swdp ?wdp ?hdp ?density ?lsize ?long ?orien ?uimode ?night ?touch ?keyb/?/? ?nav/?}
12-10 13:35:55.013   568  1694 I WindowState: Resizing Window{a4cdbbc u0 com.roboteam.teamy.usa/com.roboteam.teamy.internalactivities.list.mvp.activities.TabContainerActivity} WITH DRAW PENDING
12-10 13:35:55.014   568  1694 V WindowManager: Eval win Window{11d3b89 u0 Starting com.roboteam.teamy.usa}: isDrawn=false, isAnimating=true
12-10 13:35:55.014   568  1694 V WindowManager: Not displayed: s=Surface(name=Starting com.roboteam.teamy.usa_Force_To_Dual) pv=true mDrawState=DRAW_PENDING ah=false th=false a=true
12-10 13:35:55.015   568  1694 V WindowManager: Eval win Window{a4cdbbc u0 com.roboteam.teamy.usa/com.roboteam.teamy.internalactivities.list.mvp.activities.TabContainerActivity}: isDrawn=false, isAnimating=true
12-10 13:35:55.015   568  1694 V WindowManager: Not displayed: s=Surface(name=com.roboteam.teamy.usa/com.roboteam.teamy.internalactivities.list.mvp.activities.TabContainerActivity) pv=true mDrawState=DRAW_PENDING ah=false th=false a=false
12-10 13:35:55.016   568   589 V WindowStateAnimator: finishDrawingLocked: mDrawState=COMMIT_DRAW_PENDING WindowStateAnimator{68c478e Starting com.roboteam.teamy.usa} in Surface(name=Starting com.roboteam.teamy.usa_Force_To_Dual)
12-10 13:35:55.017   700  1351 I chatty  : uid=1000(system) RenderThread expire 7 lines
12-10 13:35:55.017   568   589 V WindowManager: Eval win Window{11d3b89 u0 Starting com.roboteam.teamy.usa}: isDrawn=true, isAnimating=true
12-10 13:35:55.017   568   589 V WindowManager: Eval win Window{a4cdbbc u0 com.roboteam.teamy.usa/com.roboteam.teamy.internalactivities.list.mvp.activities.TabContainerActivity}: isDrawn=false, isAnimating=true
12-10 13:35:55.017   568   589 V WindowManager: Not displayed: s=Surface(name=com.roboteam.teamy.usa/com.roboteam.teamy.internalactivities.list.mvp.activities.TabContainerActivity) pv=true mDrawState=DRAW_PENDING ah=false th=false a=true
12-10 13:35:55.019   568   589 I WindowManager:   SURFACE SHOW (performShowLocked): Window{11d3b89 u0 Starting com.roboteam.teamy.usa}
12-10 13:35:55.021   568   589 V WindowManager: Done at AppWindowToken{f49f7b6 token=Token{1907351 ActivityRecord{7d98078 u0 com.roboteam.teamy.usa/com.roboteam.teamy.internalactivities.list.mvp.activities.TabContainerActivity t182}}} -- full screen, return 0
12-10 13:35:55.022   568   589 V WindowManager: Eval win Window{11d3b89 u0 Starting com.roboteam.teamy.usa}: isDrawn=true, isAnimating=true
12-10 13:35:55.022   568   589 V WindowManager: Eval win Window{a4cdbbc u0 com.roboteam.teamy.usa/com.roboteam.teamy.internalactivities.list.mvp.activities.TabContainerActivity}: isDrawn=false, isAnimating=true
12-10 13:35:55.022   568   589 V WindowManager: Not displayed: s=Surface(name=com.roboteam.teamy.usa/com.roboteam.teamy.internalactivities.list.mvp.activities.TabContainerActivity) pv=true mDrawState=DRAW_PENDING ah=false th=false a=true
12-10 13:35:55.051   568   589 V WindowManager: Eval win Window{11d3b89 u0 Starting com.roboteam.teamy.usa}: isDrawn=true, isAnimating=true
12-10 13:35:55.051   568   589 V WindowManager: Eval win Window{a4cdbbc u0 com.roboteam.teamy.usa/com.roboteam.teamy.internalactivities.list.mvp.activities.TabContainerActivity}: isDrawn=false, isAnimating=true
12-10 13:35:55.051   568   589 V WindowManager: Not displayed: s=Surface(name=com.roboteam.teamy.usa/com.roboteam.teamy.internalactivities.list.mvp.activities.TabContainerActivity) pv=true mDrawState=DRAW_PENDING ah=false th=false a=true
12-10 13:35:55.167   191   615 I chatty  : uid=1000(system) Binder_4 expire 3 lines
12-10 13:35:55.169   568   582 V WindowStateAnimator: finishDrawingLocked: mDrawState=COMMIT_DRAW_PENDING WindowStateAnimator{d150745 com.roboteam.teamy.usa/com.roboteam.teamy.internalactivities.list.mvp.activities.TabContainerActivity} in Surface(name=com.roboteam.teamy.usa/com.roboteam.teamy.internalactivities.list.mvp.activities.TabContainerActivity)
12-10 13:35:55.170   568   589 V WindowManager: Eval win Window{11d3b89 u0 Starting com.roboteam.teamy.usa}: isDrawn=true, isAnimating=true
12-10 13:35:55.170   568   589 V WindowManager: Eval win Window{a4cdbbc u0 com.roboteam.teamy.usa/com.roboteam.teamy.internalactivities.list.mvp.activities.TabContainerActivity}: isDrawn=true, isAnimating=true
12-10 13:35:55.170   568   589 V WindowManager: tokenMayBeDrawn: AppWindowToken{f49f7b6 token=Token{1907351 ActivityRecord{7d98078 u0 com.roboteam.teamy.usa/com.roboteam.teamy.internalactivities.list.mvp.activities.TabContainerActivity t182}}} freezingScreen=false mAppFreezing=false
12-10 13:35:55.171   568   589 I WindowManager:   SURFACE SHOW (performShowLocked): Window{a4cdbbc u0 com.roboteam.teamy.usa/com.roboteam.teamy.internalactivities.list.mvp.activities.TabContainerActivity}
12-10 13:35:55.182   568   698 V WindowManager: Done at AppWindowToken{f49f7b6 token=Token{1907351 ActivityRecord{7d98078 u0 com.roboteam.teamy.usa/com.roboteam.teamy.internalactivities.list.mvp.activities.TabContainerActivity t182}}} -- full screen, return 0
12-10 13:35:55.195   700   700 I chatty  : uid=1000(system) com.roboteam.teamy.usa expire 28 lines
12-10 13:35:55.241   568   625 D ConnectivityService: updateNetworkScore for NetworkAgentInfo [WIFI () - 100] to 56
12-10 13:35:55.333   568   589 V WindowManager: Eval win Window{a4cdbbc u0 com.roboteam.teamy.usa/com.roboteam.teamy.internalactivities.list.mvp.activities.TabContainerActivity}: isDrawn=true, isAnimating=false
12-10 13:35:55.333   568   589 V WindowManager: tokenMayBeDrawn: AppWindowToken{f49f7b6 token=Token{1907351 ActivityRecord{7d98078 u0 com.roboteam.teamy.usa/com.roboteam.teamy.internalactivities.list.mvp.activities.TabContainerActivity t182}}} freezingScreen=false mAppFreezing=false
12-10 13:35:55.337   568   584 V WindowManager: setAppVisibility(Token{694bbd7 ActivityRecord{df31f56 u0 com.roboteam.teamy.usa/com.roboteam.teamy.home.HomeActivity t179}}, visible=false): mNextAppTransition=TRANSIT_UNSET hidden=true hiddenRequested=true Callers=com.android.server.am.ActivityStack.stopActivityLocked:2764 com.android.server.am.ActivityStackSupervisor.activityIdleInternalLocked:2602 com.android.server.am.ActivityStackSupervisor$ActivityStackSupervisorHandler.activityIdleInternal:4017 com.android.server.am.ActivityStackSupervisor$ActivityStackSupervisorHandler.handleMessage:4040 android.os.Handler.dispatchMessage:102 android.os.Looper.loop:148 
12-10 13:35:55.471   568   698 V WindowManager: Done at AppWindowToken{f49f7b6 token=Token{1907351 ActivityRecord{7d98078 u0 com.roboteam.teamy.usa/com.roboteam.teamy.internalactivities.list.mvp.activities.TabContainerActivity t182}}} -- full screen, return 0
12-10 13:35:58.254   568   625 D ConnectivityService: updateNetworkScore for NetworkAgentInfo [WIFI () - 100] to 60
12-10 13:35:59.323   568   698 I chatty  : uid=1000(system) Binder_4 expire 1 line
12-10 13:35:59.326   700   700 W ContextImpl: Calling a method in the system process without a qualified user: android.app.ContextImpl.startActivity:658 android.content.ContextWrapper.startActivity:331 com.roboteam.teamy.shared.activitylauncher.ActivityLauncher.startActivity:16 com.roboteam.teamy.internalactivities.settings.views.activities.activitylauncher.SettingsActivityLauncher$launch$2.accept:34 com.roboteam.teamy.internalactivities.settings.views.activities.activitylauncher.SettingsActivityLauncher$launch$2.accept:13 
12-10 13:35:59.327   700   700 W ContextImpl: Calling a method in the system process without a qualified user: android.app.ContextImpl.startActivity:670 android.app.ContextImpl.startActivity:659 android.content.ContextWrapper.startActivity:331 com.roboteam.teamy.shared.activitylauncher.ActivityLauncher.startActivity:16 com.roboteam.teamy.internalactivities.settings.views.activities.activitylauncher.SettingsActivityLauncher$launch$2.accept:34 
12-10 13:35:59.327   568   740 I ActivityManager: START u0 {flg=0x10000000 cmp=com.roboteam.teamy.usa/com.roboteam.teamy.internalactivities.settings.views.activities.SettingsActivity} from uid 1000 on display 0
12-10 13:35:59.348   568   589 I WindowStateAnimator: createSurface WindowStateAnimator{40705bb Starting com.roboteam.teamy.usa}: mDrawState=DRAW_PENDING
12-10 13:35:59.349   568   589 D WindowStateAnimator: rk_debug2 Starting com.roboteam.teamy.usa_Force_To_Dual
12-10 13:35:59.365   568   589 V WindowManager: Skipping AppWindowToken{45e9ad8 token=Token{52b143 ActivityRecord{93b16f2 u0 com.roboteam.teamy.usa/com.roboteam.teamy.internalactivities.settings.views.activities.SettingsActivity t183}}} -- hidden on top
12-10 13:35:59.365   568   589 V WindowManager: Done at AppWindowToken{f49f7b6 token=Token{1907351 ActivityRecord{7d98078 u0 com.roboteam.teamy.usa/com.roboteam.teamy.internalactivities.list.mvp.activities.TabContainerActivity t182}}} -- full screen, return 0
12-10 13:35:59.365   568   589 V WindowManager: Resize reasons for w=Window{3a2924a u0 Starting com.roboteam.teamy.usa}:  contentInsetsChanged=false [0,0][0,0] visibleInsetsChanged=false [0,0][0,0] stableInsetsChanged=false [0,0][0,0] outsetsChanged=false [0,0][0,0] surfaceResized=true configChanged=true
12-10 13:35:59.365   568   589 V WindowManager: Resizing window Window{3a2924a u0 Starting com.roboteam.teamy.usa} to 1920.0x1200.0
12-10 13:35:59.383   568   589 V WindowState: Reporting new frame to Window{3a2924a u0 Starting com.roboteam.teamy.usa}: Rect(0, 0 - 1920, 1200)
12-10 13:35:59.383   568   589 I WindowState: Sending new config to window Window{3a2924a u0 Starting com.roboteam.teamy.usa}: 1920.0x1200.0 / config={1.0 ?mcc?mnc en_US ldltr sw800dp w1280dp h800dp 240dpi xlrg land finger -keyb/v/h -nav/h s.4} overrideConfig={1.0 ?mcc?mnc ?locale ?layoutDir ?swdp ?wdp ?hdp ?density ?lsize ?long ?orien ?uimode ?night ?touch ?keyb/?/? ?nav/?}
12-10 13:35:59.383   568   589 I WindowState: Resizing Window{3a2924a u0 Starting com.roboteam.teamy.usa} WITH DRAW PENDING
12-10 13:35:59.396   568  1694 V WindowManager: Clear freezing of Token{1907351 ActivityRecord{7d98078 u0 com.roboteam.teamy.usa/com.roboteam.teamy.internalactivities.list.mvp.activities.TabContainerActivity t182}}: hidden=false freezing=false
12-10 13:35:59.396   568  1694 V WindowManager: Skipping set freeze of Token{52b143 ActivityRecord{93b16f2 u0 com.roboteam.teamy.usa/com.roboteam.teamy.internalactivities.settings.views.activities.SettingsActivity t183}}
12-10 13:35:59.396   568  1694 V WindowManager: setAppVisibility(Token{52b143 ActivityRecord{93b16f2 u0 com.roboteam.teamy.usa/com.roboteam.teamy.internalactivities.settings.views.activities.SettingsActivity t183}}, visible=true): mNextAppTransition=TRANSIT_TASK_OPEN hidden=true hiddenRequested=true Callers=com.android.server.am.ActivityStackSupervisor.realStartActivityLocked:1185 com.android.server.am.ActivityStackSupervisor.startSpecificActivityLocked:1384 com.android.server.am.ActivityStack.resumeTopActivityInnerLocked:2077 com.android.server.am.ActivityStack.resumeTopActivityLocked:1587 com.android.server.am.ActivityStackSupervisor.resumeTopActivitiesLocked:2735 com.android.server.am.ActivityStack.completePauseLocked:1080 
12-10 13:35:59.397   568  1694 V WindowManager: Done at AppWindowToken{45e9ad8 token=Token{52b143 ActivityRecord{93b16f2 u0 com.roboteam.teamy.usa/com.roboteam.teamy.internalactivities.settings.views.activities.SettingsActivity t183}}} -- full screen, return 0
12-10 13:35:59.397   568  1694 V WindowManager: setAppVisibility(Token{1907351 ActivityRecord{7d98078 u0 com.roboteam.teamy.usa/com.roboteam.teamy.internalactivities.list.mvp.activities.TabContainerActivity t182}}, visible=false): mNextAppTransition=TRANSIT_TASK_OPEN hidden=false hiddenRequested=false Callers=com.android.server.am.ActivityStack.setVisible:1170 com.android.server.am.ActivityStack.ensureActivitiesVisibleLocked:1431 com.android.server.am.ActivityStackSupervisor.ensureActivitiesVisibleLocked:3305 com.android.server.am.ActivityManagerService.updateConfigurationLocked:17838 com.android.server.am.ActivityStackSupervisor.realStartActivityLocked:1201 com.android.server.am.ActivityStackSupervisor.startSpecificActivityLocked:1384 
12-10 13:35:59.399   568  1694 V WindowManager: Eval win Window{3a2924a u0 Starting com.roboteam.teamy.usa}: isDrawn=false, isAnimating=true
12-10 13:35:59.399   568  1694 V WindowManager: Not displayed: s=Surface(name=Starting com.roboteam.teamy.usa_Force_To_Dual) pv=true mDrawState=DRAW_PENDING ah=false th=false a=false
12-10 13:35:59.431   568   589 V WindowStateAnimator: finishDrawingLocked: mDrawState=COMMIT_DRAW_PENDING WindowStateAnimator{40705bb Starting com.roboteam.teamy.usa} in Surface(name=Starting com.roboteam.teamy.usa_Force_To_Dual)
12-10 13:35:59.432   568   589 V WindowManager: Eval win Window{3a2924a u0 Starting com.roboteam.teamy.usa}: isDrawn=true, isAnimating=true
12-10 13:35:59.433   568   589 I WindowManager:   SURFACE SHOW (performShowLocked): Window{3a2924a u0 Starting com.roboteam.teamy.usa}
12-10 13:35:59.435   568   589 V WindowManager: Done at AppWindowToken{45e9ad8 token=Token{52b143 ActivityRecord{93b16f2 u0 com.roboteam.teamy.usa/com.roboteam.teamy.internalactivities.settings.views.activities.SettingsActivity t183}}} -- full screen, return 0
12-10 13:35:59.435   568   589 V WindowManager: Eval win Window{3a2924a u0 Starting com.roboteam.teamy.usa}: isDrawn=true, isAnimating=true
12-10 13:35:59.456   568   589 V WindowManager: Eval win Window{3a2924a u0 Starting com.roboteam.teamy.usa}: isDrawn=true, isAnimating=true
12-10 13:35:59.500   568  1152 I WindowStateAnimator: createSurface WindowStateAnimator{7727133 com.roboteam.teamy.usa/com.roboteam.teamy.internalactivities.settings.views.activities.SettingsActivity}: mDrawState=DRAW_PENDING
12-10 13:35:59.501   568  1152 V WindowManager: Done at AppWindowToken{45e9ad8 token=Token{52b143 ActivityRecord{93b16f2 u0 com.roboteam.teamy.usa/com.roboteam.teamy.internalactivities.settings.views.activities.SettingsActivity t183}}} -- full screen, return 0
12-10 13:35:59.502   568  1152 V WindowManager: Eval win Window{3a2924a u0 Starting com.roboteam.teamy.usa}: isDrawn=true, isAnimating=true
12-10 13:35:59.502   568  1152 V WindowManager: Eval win Window{26320a2 u0 com.roboteam.teamy.usa/com.roboteam.teamy.internalactivities.settings.views.activities.SettingsActivity}: isDrawn=false, isAnimating=true
12-10 13:35:59.502   568  1152 V WindowManager: Not displayed: s=Surface(name=com.roboteam.teamy.usa/com.roboteam.teamy.internalactivities.settings.views.activities.SettingsActivity) pv=true mDrawState=DRAW_PENDING ah=false th=false a=false
12-10 13:35:59.502   568  1152 V WindowManager: Resize reasons for w=Window{26320a2 u0 com.roboteam.teamy.usa/com.roboteam.teamy.internalactivities.settings.views.activities.SettingsActivity}:  contentInsetsChanged=false [0,0][0,0] visibleInsetsChanged=false [0,0][0,0] stableInsetsChanged=false [0,0][0,0] outsetsChanged=false [0,0][0,0] surfaceResized=true configChanged=true
12-10 13:35:59.502   568  1152 V WindowManager: Resizing window Window{26320a2 u0 com.roboteam.teamy.usa/com.roboteam.teamy.internalactivities.settings.views.activities.SettingsActivity} to 1920.0x1200.0
12-10 13:35:59.517   568  1152 V WindowState: Reporting new frame to Window{26320a2 u0 com.roboteam.teamy.usa/com.roboteam.teamy.internalactivities.settings.views.activities.SettingsActivity}: Rect(0, 0 - 1920, 1200)
12-10 13:35:59.517   568  1152 I WindowState: Sending new config to window Window{26320a2 u0 com.roboteam.teamy.usa/com.roboteam.teamy.internalactivities.settings.views.activities.SettingsActivity}: 1920.0x1200.0 / config={1.0 ?mcc?mnc en_US ldltr sw800dp w1280dp h800dp 240dpi xlrg land finger -keyb/v/h -nav/h s.4} overrideConfig={1.0 ?mcc?mnc ?locale ?layoutDir ?swdp ?wdp ?hdp ?density ?lsize ?long ?orien ?uimode ?night ?touch ?keyb/?/? ?nav/?}
12-10 13:35:59.517   568  1152 I WindowState: Resizing Window{26320a2 u0 com.roboteam.teamy.usa/com.roboteam.teamy.internalactivities.settings.views.activities.SettingsActivity} WITH DRAW PENDING
12-10 13:35:59.519   568  1152 V WindowManager: Eval win Window{3a2924a u0 Starting com.roboteam.teamy.usa}: isDrawn=true, isAnimating=true
12-10 13:35:59.519   568  1152 V WindowManager: Eval win Window{26320a2 u0 com.roboteam.teamy.usa/com.roboteam.teamy.internalactivities.settings.views.activities.SettingsActivity}: isDrawn=false, isAnimating=true
12-10 13:35:59.519   568  1152 V WindowManager: Not displayed: s=Surface(name=com.roboteam.teamy.usa/com.roboteam.teamy.internalactivities.settings.views.activities.SettingsActivity) pv=true mDrawState=DRAW_PENDING ah=false th=false a=false
12-10 13:35:59.746   568   589 V WindowManager: Eval win Window{3a2924a u0 Starting com.roboteam.teamy.usa}: isDrawn=true, isAnimating=false
12-10 13:35:59.746   568   589 V WindowManager: Eval win Window{26320a2 u0 com.roboteam.teamy.usa/com.roboteam.teamy.internalactivities.settings.views.activities.SettingsActivity}: isDrawn=false, isAnimating=false
12-10 13:35:59.746   568   589 V WindowManager: Not displayed: s=Surface(name=com.roboteam.teamy.usa/com.roboteam.teamy.internalactivities.settings.views.activities.SettingsActivity) pv=true mDrawState=DRAW_PENDING ah=false th=false a=false
12-10 13:35:59.749   568   589 V WindowManager: Eval win Window{3a2924a u0 Starting com.roboteam.teamy.usa}: isDrawn=true, isAnimating=false
12-10 13:35:59.749   568   589 V WindowManager: Eval win Window{26320a2 u0 com.roboteam.teamy.usa/com.roboteam.teamy.internalactivities.settings.views.activities.SettingsActivity}: isDrawn=false, isAnimating=false
12-10 13:35:59.749   568   589 V WindowManager: Not displayed: s=Surface(name=com.roboteam.teamy.usa/com.roboteam.teamy.internalactivities.settings.views.activities.SettingsActivity) pv=true mDrawState=DRAW_PENDING ah=false th=false a=false
12-10 13:35:59.777   568  1694 V WindowStateAnimator: finishDrawingLocked: mDrawState=COMMIT_DRAW_PENDING WindowStateAnimator{7727133 com.roboteam.teamy.usa/com.roboteam.teamy.internalactivities.settings.views.activities.SettingsActivity} in Surface(name=com.roboteam.teamy.usa/com.roboteam.teamy.internalactivities.settings.views.activities.SettingsActivity)
12-10 13:35:59.777   568   589 V WindowManager: Eval win Window{3a2924a u0 Starting com.roboteam.teamy.usa}: isDrawn=true, isAnimating=false
12-10 13:35:59.778   568   589 V WindowManager: Eval win Window{26320a2 u0 com.roboteam.teamy.usa/com.roboteam.teamy.internalactivities.settings.views.activities.SettingsActivity}: isDrawn=true, isAnimating=false
12-10 13:35:59.778   568   589 V WindowManager: tokenMayBeDrawn: AppWindowToken{45e9ad8 token=Token{52b143 ActivityRecord{93b16f2 u0 com.roboteam.teamy.usa/com.roboteam.teamy.internalactivities.settings.views.activities.SettingsActivity t183}}} freezingScreen=false mAppFreezing=false
12-10 13:35:59.780   568   589 I WindowManager:   SURFACE SHOW (performShowLocked): Window{26320a2 u0 com.roboteam.teamy.usa/com.roboteam.teamy.internalactivities.settings.views.activities.SettingsActivity}
12-10 13:35:59.793   568  1153 V WindowManager: Done at AppWindowToken{45e9ad8 token=Token{52b143 ActivityRecord{93b16f2 u0 com.roboteam.teamy.usa/com.roboteam.teamy.internalactivities.settings.views.activities.SettingsActivity t183}}} -- full screen, return 0
12-10 13:36:00.042   568   740 V WindowManager: setAppVisibility(Token{1907351 ActivityRecord{7d98078 u0 com.roboteam.teamy.usa/com.roboteam.teamy.internalactivities.list.mvp.activities.TabContainerActivity t182}}, visible=false): mNextAppTransition=TRANSIT_UNSET hidden=true hiddenRequested=true Callers=com.android.server.am.ActivityStack.stopActivityLocked:2764 com.android.server.am.ActivityStackSupervisor.activityIdleInternalLocked:2602 com.android.server.am.ActivityManagerService.activityIdle:6579 android.app.ActivityManagerNative.onTransact:522 com.android.server.am.ActivityManagerService.onTransact:2687 android.os.Binder.execTransact:453 
12-10 13:36:01.927   227   329 I chatty  : uid=1013(media) AudioOut_2 expire 10 lines
12-10 13:36:02.959   568   580 V WindowManager: Done at AppWindowToken{45e9ad8 token=Token{52b143 ActivityRecord{93b16f2 u0 com.roboteam.teamy.usa/com.roboteam.teamy.internalactivities.settings.views.activities.SettingsActivity t183}}} -- full screen, return 0
12-10 13:36:02.974   568   740 I WindowStateAnimator: createSurface WindowStateAnimator{c58ed8f }: mDrawState=DRAW_PENDING
12-10 13:36:02.975   568   740 V WindowManager: Done at AppWindowToken{45e9ad8 token=Token{52b143 ActivityRecord{93b16f2 u0 com.roboteam.teamy.usa/com.roboteam.teamy.internalactivities.settings.views.activities.SettingsActivity t183}}} -- full screen, return 0
12-10 13:36:02.976   568   740 V WindowManager: Resize reasons for w=Window{bf6a4ee u0 com.roboteam.teamy.usa}:  contentInsetsChanged=false [0,0][0,0] visibleInsetsChanged=false [0,0][0,0] stableInsetsChanged=false [0,0][0,0] outsetsChanged=false [0,0][0,0] surfaceResized=false configChanged=true
12-10 13:36:02.976   568   740 V WindowManager: Resizing window Window{bf6a4ee u0 com.roboteam.teamy.usa} to 1920.0x243.0
12-10 13:36:02.976   568   740 V WindowState: Reporting new frame to Window{bf6a4ee u0 com.roboteam.teamy.usa}: Rect(0, 0 - 1920, 243)
12-10 13:36:02.976   568   740 I WindowState: Sending new config to window Window{bf6a4ee u0 com.roboteam.teamy.usa}: 1920.0x243.0 / config={1.0 ?mcc?mnc en_US ldltr sw800dp w1280dp h800dp 240dpi xlrg land finger -keyb/v/h -nav/h s.4} overrideConfig={1.0 ?mcc?mnc ?locale ?layoutDir ?swdp ?wdp ?hdp ?density ?lsize ?long ?orien ?uimode ?night ?touch ?keyb/?/? ?nav/?}
12-10 13:36:02.976   568   740 I WindowState: Resizing Window{bf6a4ee u0 com.roboteam.teamy.usa} WITH DRAW PENDING
12-10 13:36:03.008   568  1153 V WindowStateAnimator: finishDrawingLocked: mDrawState=COMMIT_DRAW_PENDING WindowStateAnimator{c58ed8f } in Surface(name=)
12-10 13:36:03.009   568   589 I WindowManager:   SURFACE SHOW (performShowLocked): Window{bf6a4ee u0 com.roboteam.teamy.usa}
12-10 13:36:03.770   227  2484 I chatty  : uid=1013(media) /system/bin/mediaserver expire 1 line
12-10 13:36:04.003   568   568 I chatty  : uid=1000 system_server expire 2 lines
12-10 13:36:04.021   994   994 D RKUpdateReceiver: action = android.hardware.usb.action.USB_STATE
12-10 13:36:04.026   994   994 D RKUpdateService: onStartCommand.......
12-10 13:36:04.026   994   994 D RKUpdateService: command = 1 delaytime = 5000
12-10 13:36:04.030   568   629 I chatty  : uid=1000(system) notification-sq expire 1 line
12-10 13:36:04.292   568   625 D ConnectivityService: updateNetworkScore for NetworkAgentInfo [WIFI () - 100] to 56
12-10 13:36:04.564   568   568 D ZenLog  : intercepted: -1|android|17040354|null|1000,alarmsOnly
12-10 13:36:04.565   568   568 V NotificationService: pkg=android canInterrupt=false intercept=true
12-10 13:36:04.573   568   568 D ZenLog  : intercepted: -1|android|17040348|null|1000,alarmsOnly
12-10 13:36:04.574   568   568 V NotificationService: pkg=android canInterrupt=false intercept=true
12-10 13:36:04.592   994   994 D RKUpdateReceiver: action = android.hardware.usb.action.USB_STATE
12-10 13:36:04.643   568   568 D ZenLog  : intercepted: -1|android|17040349|null|1000,alarmsOnly
12-10 13:36:04.643   568   568 V NotificationService: pkg=android canInterrupt=false intercept=true
12-10 13:36:04.645   568   568 I chatty  : uid=1000 system_server expire 1 line
12-10 13:36:04.651   994   994 D RKUpdateReceiver: action = android.hardware.usb.action.USB_STATE
12-10 13:36:04.671  1253  1253 D MtpService: starting MTP server in MTP mode
12-10 13:36:04.676  1253  1253 D MtpService: Adding MTP storage 0x10001 at /storage/emulated/0
12-10 13:36:07.788   568  1152 W AppOps  : Finishing op nesting under-run: uid 1000 pkg com.roboteam.teamy.usa code 24 time=0 duration=0 nesting=0
12-10 13:36:07.790   568  1152 V WindowManager: Done at AppWindowToken{45e9ad8 token=Token{52b143 ActivityRecord{93b16f2 u0 com.roboteam.teamy.usa/com.roboteam.teamy.internalactivities.settings.views.activities.SettingsActivity t183}}} -- full screen, return 0
12-10 13:36:07.803   568   589 I chatty  : uid=1000(system) android.display expire 1 line
12-10 13:36:09.066   994  1697 D RKUpdateService: WorkHandler::handleMessage() : To perform 'COMMAND_CHECK_LOCAL_UPDATING'.
12-10 13:36:09.067   994  1697 D RKUpdateService: getValidFirmwareImageFile() : Target image file path : /data/media/0/update.zip
12-10 13:36:09.072   994  1697 D RKUpdateService: getValidFirmwareImageFile() : Target image file path : /storage/emulated/0/update.zip
12-10 13:36:09.074   994  1697 D RKUpdateService: getValidFirmwareImageFile() : Target image file path : /mnt/media_rw/update.zip
12-10 13:36:09.075   994  1697 D RKUpdateService: getValidFirmwareImageFile() : Target image file path : /mnt/media_rw/update.zip
12-10 13:36:13.358   568   625 D ConnectivityService: updateNetworkScore for NetworkAgentInfo [WIFI () - 100] to 60
12-10 13:36:24.399  2507  2507 I ps      : type=1400 audit(0.0:22): avc: denied { getattr } for path="/proc/1" dev="proc" ino=3241 scontext=u:r:untrusted_app:s0:c512,c768 tcontext=u:r:init:s0 tclass=dir permissive=1
12-10 13:36:24.399  2507  2507 I ps      : type=1400 audit(0.0:23): avc: denied { search } for name="1" dev="proc" ino=3241 scontext=u:r:untrusted_app:s0:c512,c768 tcontext=u:r:init:s0 tclass=dir permissive=1
12-10 13:36:24.399  2507  2507 I ps      : type=1400 audit(0.0:24): avc: denied { read } for name="cmdline" dev="proc" ino=8548 scontext=u:r:untrusted_app:s0:c512,c768 tcontext=u:r:init:s0 tclass=file permissive=1
12-10 13:36:24.399  2507  2507 I ps      : type=1400 audit(0.0:25): avc: denied { open } for path="/proc/1/cmdline" dev="proc" ino=8548 scontext=u:r:untrusted_app:s0:c512,c768 tcontext=u:r:init:s0 tclass=file permissive=1
12-10 13:36:24.399  2507  2507 I ps      : type=1400 audit(0.0:26): avc: denied { getattr } for path="/proc/2" dev="proc" ino=8441 scontext=u:r:untrusted_app:s0:c512,c768 tcontext=u:r:kernel:s0 tclass=dir permissive=1
12-10 13:36:24.399  2507  2507 I ps      : type=1400 audit(0.0:27): avc: denied { read } for name="cmdline" dev="proc" ino=8550 scontext=u:r:untrusted_app:s0:c512,c768 tcontext=u:r:kernel:s0 tclass=file permissive=1
12-10 13:36:24.399  2507  2507 I ps      : type=1400 audit(0.0:28): avc: denied { open } for path="/proc/2/cmdline" dev="proc" ino=8550 scontext=u:r:untrusted_app:s0:c512,c768 tcontext=u:r:kernel:s0 tclass=file permissive=1
12-10 13:36:24.409  2507  2507 I ps      : type=1400 audit(0.0:29): avc: denied { getattr } for path="/proc/157" dev="proc" ino=6810 scontext=u:r:untrusted_app:s0:c512,c768 tcontext=u:r:ueventd:s0 tclass=dir permissive=1
12-10 13:36:24.409  2507  2507 I ps      : type=1400 audit(0.0:30): avc: denied { search } for name="157" dev="proc" ino=6810 scontext=u:r:untrusted_app:s0:c512,c768 tcontext=u:r:ueventd:s0 tclass=dir permissive=1
12-10 13:36:24.409  2507  2507 I ps      : type=1400 audit(0.0:31): avc: denied { read } for name="cmdline" dev="proc" ino=8730 scontext=u:r:untrusted_app:s0:c512,c768 tcontext=u:r:ueventd:s0 tclass=file permissive=1
12-10 13:36:24.409  2507  2507 I ps      : type=1400 audit(0.0:32): avc: denied { open } for path="/proc/157/cmdline" dev="proc" ino=8730 scontext=u:r:untrusted_app:s0:c512,c768 tcontext=u:r:ueventd:s0 tclass=file permissive=1
12-10 13:36:24.409  2507  2507 I ps      : type=1400 audit(0.0:33): avc: denied { getattr } for path="/proc/186" dev="proc" ino=8103 scontext=u:r:untrusted_app:s0:c512,c768 tcontext=u:r:logd:s0 tclass=dir permissive=1
12-10 13:36:24.409  2507  2507 I ps      : type=1400 audit(0.0:34): avc: denied { search } for name="186" dev="proc" ino=8103 scontext=u:r:untrusted_app:s0:c512,c768 tcontext=u:r:logd:s0 tclass=dir permissive=1
12-10 13:36:24.409  2507  2507 I ps      : type=1400 audit(0.0:35): avc: denied { read } for name="cmdline" dev="proc" ino=7000 scontext=u:r:untrusted_app:s0:c512,c768 tcontext=u:r:logd:s0 tclass=file permissive=1
12-10 13:36:24.409  2507  2507 I ps      : type=1400 audit(0.0:36): avc: denied { open } for path="/proc/186/cmdline" dev="proc" ino=7000 scontext=u:r:untrusted_app:s0:c512,c768 tcontext=u:r:logd:s0 tclass=file permissive=1
12-10 13:36:24.419  2507  2507 I ps      : type=1400 audit(0.0:37): avc: denied { getattr } for path="/proc/187" dev="proc" ino=3250 scontext=u:r:untrusted_app:s0:c512,c768 tcontext=u:r:healthd:s0 tclass=dir permissive=1
12-10 13:36:24.419  2507  2507 I ps      : type=1400 audit(0.0:38): avc: denied { search } for name="187" dev="proc" ino=3250 scontext=u:r:untrusted_app:s0:c512,c768 tcontext=u:r:healthd:s0 tclass=dir permissive=1
12-10 13:36:24.419  2507  2507 I ps      : type=1400 audit(0.0:39): avc: denied { read } for name="cmdline" dev="proc" ino=8757 scontext=u:r:untrusted_app:s0:c512,c768 tcontext=u:r:healthd:s0 tclass=file permissive=1
12-10 13:36:24.419  2507  2507 I ps      : type=1400 audit(0.0:40): avc: denied { open } for path="/proc/187/cmdline" dev="proc" ino=8757 scontext=u:r:untrusted_app:s0:c512,c768 tcontext=u:r:healthd:s0 tclass=file permissive=1
12-10 13:36:24.419  2507  2507 I ps      : type=1400 audit(0.0:41): avc: denied { getattr } for path="/proc/188" dev="proc" ino=8116 scontext=u:r:untrusted_app:s0:c512,c768 tcontext=u:r:lmkd:s0 tclass=dir permissive=1
12-10 13:36:24.419  2507  2507 I ps      : type=1400 audit(0.0:42): avc: denied { search } for name="188" dev="proc" ino=8116 scontext=u:r:untrusted_app:s0:c512,c768 tcontext=u:r:lmkd:s0 tclass=dir permissive=1
12-10 13:36:24.419  2507  2507 I ps      : type=1400 audit(0.0:43): avc: denied { read } for name="cmdline" dev="proc" ino=6997 scontext=u:r:untrusted_app:s0:c512,c768 tcontext=u:r:lmkd:s0 tclass=file permissive=1
12-10 13:36:24.419  2507  2507 I ps      : type=1400 audit(0.0:44): avc: denied { open } for path="/proc/188/cmdline" dev="proc" ino=6997 scontext=u:r:untrusted_app:s0:c512,c768 tcontext=u:r:lmkd:s0 tclass=file permissive=1
12-10 13:36:24.419  2507  2507 I ps      : type=1400 audit(0.0:45): avc: denied { getattr } for path="/proc/189" dev="proc" ino=3275 scontext=u:r:untrusted_app:s0:c512,c768 tcontext=u:r:servicemanager:s0 tclass=dir permissive=1
12-10 13:36:24.419  2507  2507 I ps      : type=1400 audit(0.0:46): avc: denied { search } for name="189" dev="proc" ino=3275 scontext=u:r:untrusted_app:s0:c512,c768 tcontext=u:r:servicemanager:s0 tclass=dir permissive=1
12-10 13:36:24.419  2507  2507 I ps      : type=1400 audit(0.0:47): avc: denied { read } for name="cmdline" dev="proc" ino=8760 scontext=u:r:untrusted_app:s0:c512,c768 tcontext=u:r:servicemanager:s0 tclass=file permissive=1
12-10 13:36:24.419  2507  2507 I ps      : type=1400 audit(0.0:48): avc: denied { open } for path="/proc/189/cmdline" dev="proc" ino=8760 scontext=u:r:untrusted_app:s0:c512,c768 tcontext=u:r:servicemanager:s0 tclass=file permissive=1
12-10 13:36:24.419  2507  2507 I ps      : type=1400 audit(0.0:49): avc: denied { getattr } for path="/proc/190" dev="proc" ino=3256 scontext=u:r:untrusted_app:s0:c512,c768 tcontext=u:r:vold:s0 tclass=dir permissive=1
12-10 13:36:24.419  2507  2507 I ps      : type=1400 audit(0.0:50): avc: denied { search } for name="190" dev="proc" ino=3256 scontext=u:r:untrusted_app:s0:c512,c768 tcontext=u:r:vold:s0 tclass=dir permissive=1
12-10 13:36:34.522   568   625 D ConnectivityService: updateNetworkScore for NetworkAgentInfo [WIFI () - 100] to 56
12-10 13:36:44.596  2514  2514 D AndroidRuntime: >>>>>> START com.android.internal.os.RuntimeInit uid 0 <<<<<<
12-10 13:36:44.596  2512  2512 D AndroidRuntime: >>>>>> START com.android.internal.os.RuntimeInit uid 0 <<<<<<
12-10 13:36:44.600  2512  2512 D AndroidRuntime: CheckJNI is OFF
12-10 13:36:44.600  2514  2514 D AndroidRuntime: CheckJNI is OFF
12-10 13:36:44.632  2512  2512 D ICU     : No timezone override file found: /data/misc/zoneinfo/current/icu/icu_tzdata.dat
12-10 13:36:44.635  2514  2514 D ICU     : No timezone override file found: /data/misc/zoneinfo/current/icu/icu_tzdata.dat
12-10 13:36:44.664  2512  2512 E memtrack: Couldn't load memtrack module (No such file or directory)
12-10 13:36:44.664  2512  2512 E android.os.Debug: failed to load memtrack module: -2
12-10 13:36:44.665  2514  2514 E memtrack: Couldn't load memtrack module (No such file or directory)
12-10 13:36:44.665  2514  2514 E android.os.Debug: failed to load memtrack module: -2
12-10 13:36:44.667  2514  2514 I Radio-JNI: register_android_hardware_Radio DONE
12-10 13:36:44.667  2512  2512 I Radio-JNI: register_android_hardware_Radio DONE
12-10 13:36:44.692  2512  2512 D AndroidRuntime: Calling main entry com.android.commands.wm.Wm
12-10 13:36:44.692  2514  2514 D AndroidRuntime: Calling main entry com.android.commands.pm.Pm
12-10 13:36:44.694  2512  2512 D AndroidRuntime: Shutting down VM
12-10 13:36:44.699  2514  2514 I art     : System.exit called, status: 0
12-10 13:36:44.699  2514  2514 I AndroidRuntime: VM exiting with result code 0.
12-10 13:36:45.330  2531  2531 D AndroidRuntime: >>>>>> START com.android.internal.os.RuntimeInit uid 0 <<<<<<
12-10 13:36:45.334  2531  2531 D AndroidRuntime: CheckJNI is OFF
12-10 13:36:45.365  2531  2531 D ICU     : No timezone override file found: /data/misc/zoneinfo/current/icu/icu_tzdata.dat
12-10 13:36:45.399  2531  2531 E memtrack: Couldn't load memtrack module (No such file or directory)
12-10 13:36:45.399  2531  2531 E android.os.Debug: failed to load memtrack module: -2
12-10 13:36:45.401  2531  2531 I Radio-JNI: register_android_hardware_Radio DONE
12-10 13:36:45.425  2531  2531 D AndroidRuntime: Calling main entry com.android.commands.pm.Pm
12-10 13:36:45.434   228   228 I installd: free_cache(18274383) avail 9102544896
12-10 13:36:45.601   568   586 I chatty  : uid=1000(system) android.fg expire 2 lines
12-10 13:36:46.607   568   625 D ConnectivityService: updateNetworkScore for NetworkAgentInfo [WIFI () - 100] to 60
12-10 13:37:27.144  1359  1457 W PlayEventLogger: No account for auth token provided
12-10 13:37:42.022  2531  2531 I art     : System.exit called, status: 0
12-10 13:37:42.022  2531  2531 I AndroidRuntime: VM exiting with result code 0.
12-10 13:37:42.644  2545  2545 D AndroidRuntime: >>>>>> START com.android.internal.os.RuntimeInit uid 0 <<<<<<
12-10 13:37:42.648  2545  2545 D AndroidRuntime: CheckJNI is OFF
12-10 13:37:42.680  2545  2545 D ICU     : No timezone override file found: /data/misc/zoneinfo/current/icu/icu_tzdata.dat
12-10 13:37:42.711  2545  2545 E memtrack: Couldn't load memtrack module (No such file or directory)
12-10 13:37:42.711  2545  2545 E android.os.Debug: failed to load memtrack module: -2
12-10 13:37:42.716  2545  2545 I Radio-JNI: register_android_hardware_Radio DONE
12-10 13:37:42.742  2545  2545 D AndroidRuntime: Calling main entry com.android.commands.pm.Pm
12-10 13:37:42.950   568   594 I ActivityManager: Start proc 2554:com.android.defcontainer/u0a3 for service com.android.defcontainer/.DefaultContainerService
12-10 13:37:42.994  1359  1359 I Finsky  : [1] com.google.android.vending.verifier.PackageVerificationReceiver.onReceive(2107): Skipping verification. Disabled by user setting
12-10 13:37:43.069  2571  2571 I ps      : type=1400 audit(0.0:130): avc: denied { getattr } for path="/proc/2" dev="proc" ino=8441 scontext=u:r:untrusted_app:s0:c512,c768 tcontext=u:r:kernel:s0 tclass=dir permissive=1
12-10 13:37:43.069  2571  2571 I ps      : type=1400 audit(0.0:131): avc: denied { read } for name="cmdline" dev="proc" ino=8550 scontext=u:r:untrusted_app:s0:c512,c768 tcontext=u:r:kernel:s0 tclass=file permissive=1
12-10 13:37:43.069  2571  2571 I ps      : type=1400 audit(0.0:132): avc: denied { open } for path="/proc/2/cmdline" dev="proc" ino=8550 scontext=u:r:untrusted_app:s0:c512,c768 tcontext=u:r:kernel:s0 tclass=file permissive=1
12-10 13:37:43.079  2571  2571 I ps      : type=1400 audit(0.0:133): avc: denied { getattr } for path="/proc/186" dev="proc" ino=8103 scontext=u:r:untrusted_app:s0:c512,c768 tcontext=u:r:logd:s0 tclass=dir permissive=1
12-10 13:37:43.079  2571  2571 I ps      : type=1400 audit(0.0:134): avc: denied { search } for name="186" dev="proc" ino=8103 scontext=u:r:untrusted_app:s0:c512,c768 tcontext=u:r:logd:s0 tclass=dir permissive=1
12-10 13:37:43.079  2571  2571 I ps      : type=1400 audit(0.0:135): avc: denied { read } for name="cmdline" dev="proc" ino=8757 scontext=u:r:untrusted_app:s0:c512,c768 tcontext=u:r:healthd:s0 tclass=file permissive=1
12-10 13:37:43.079  2571  2571 I ps      : type=1400 audit(0.0:136): avc: denied { open } for path="/proc/187/cmdline" dev="proc" ino=8757 scontext=u:r:untrusted_app:s0:c512,c768 tcontext=u:r:healthd:s0 tclass=file permissive=1
12-10 13:37:43.079  2571  2571 I ps      : type=1400 audit(0.0:137): avc: denied { read } for name="cmdline" dev="proc" ino=6997 scontext=u:r:untrusted_app:s0:c512,c768 tcontext=u:r:lmkd:s0 tclass=file permissive=1
12-10 13:37:43.079  2571  2571 I ps      : type=1400 audit(0.0:138): avc: denied { open } for path="/proc/188/cmdline" dev="proc" ino=6997 scontext=u:r:untrusted_app:s0:c512,c768 tcontext=u:r:lmkd:s0 tclass=file permissive=1
12-10 13:37:43.079  2571  2571 I ps      : type=1400 audit(0.0:139): avc: denied { getattr } for path="/proc/192" dev="proc" ino=3266 scontext=u:r:untrusted_app:s0:c512,c768 tcontext=u:r:zygote:s0 tclass=dir permissive=1
12-10 13:37:43.079  2571  2571 I ps      : type=1400 audit(0.0:140): avc: denied { search } for name="192" dev="proc" ino=3266 scontext=u:r:untrusted_app:s0:c512,c768 tcontext=u:r:zygote:s0 tclass=dir permissive=1
12-10 13:37:43.079  2571  2571 I ps      : type=1400 audit(0.0:141): avc: denied { read } for name="cmdline" dev="proc" ino=9568 scontext=u:r:untrusted_app:s0:c512,c768 tcontext=u:r:zygote:s0 tclass=file permissive=1
12-10 13:37:43.079  2571  2571 I ps      : type=1400 audit(0.0:142): avc: denied { open } for path="/proc/192/cmdline" dev="proc" ino=9568 scontext=u:r:untrusted_app:s0:c512,c768 tcontext=u:r:zygote:s0 tclass=file permissive=1
12-10 13:37:43.283   228   228 I SELinux : SELinux: Loaded file_contexts contexts from /file_contexts.
12-10 13:37:43.284   568   594 I chatty  : uid=1000(system) PackageManager expire 4 lines
12-10 13:37:43.524  2576  2576 I dex2oat : /system/bin/dex2oat --debuggable
12-10 13:37:43.835  2576  2580 W dex2oat : Before Android 4.1, method int androidx.appcompat.widget.DropDownListView.lookForSelectablePosition(int, boolean) would have incorrectly overridden the package-private method in android.widget.ListView
12-10 13:37:43.862  2576  2578 W dex2oat : Before Android 4.1, method int androidx.appcompat.widget.MenuPopupWindow$MenuDropDownListView.lookForSelectablePosition(int, boolean) would have incorrectly overridden the package-private method in android.widget.ListView
12-10 13:37:43.873  2576  2576 W dex2oat : Before Android 4.1, method android.graphics.PorterDuffColorFilter androidx.vectordrawable.graphics.drawable.VectorDrawableCompat.updateTintFilter(android.graphics.PorterDuffColorFilter, android.content.res.ColorStateList, android.graphics.PorterDuff$Mode) would have incorrectly overridden the package-private method in android.graphics.drawable.Drawable
12-10 13:37:47.341  2576  2576 I dex2oat : dex2oat took 3.787s (threads: 4) arena alloc=744KB java alloc=3MB native alloc=20MB free=159KB
12-10 13:37:47.361   568   584 I ActivityManager: Force stopping com.robotemi.sdk.sample appid=10046 user=-1: uninstall pkg
12-10 13:37:47.463   568   594 I PackageManager: Package com.robotemi.sdk.sample codePath changed from /data/app/com.robotemi.sdk.sample-2 to /data/app/com.robotemi.sdk.sample-1; Retaining data and using new
12-10 13:37:47.464   568   594 W PackageManager: Code path for com.robotemi.sdk.sample changing from /data/app/com.robotemi.sdk.sample-2 to /data/app/com.robotemi.sdk.sample-1
12-10 13:37:47.464   568   584 I ActivityManager: Force stopping com.robotemi.sdk.sample appid=10046 user=-1: replace pkg
12-10 13:37:47.464   568   594 W PackageManager: Resource path for com.robotemi.sdk.sample changing from /data/app/com.robotemi.sdk.sample-2 to /data/app/com.robotemi.sdk.sample-1
12-10 13:37:47.827   568   594 W PackageManager: Couldn't remove dex file for package:  at location /data/app/com.robotemi.sdk.sample-2/base.apk, retcode=-1
12-10 13:37:47.827   228   228 E installd: Couldn't opendir /data/app/vmdl2060133334.tmp: No such file or directory
12-10 13:37:47.828   568   594 I ActivityManager: Force stopping com.robotemi.sdk.sample appid=10046 user=0: pkg removed
12-10 13:37:47.829  2545  2545 I art     : System.exit called, status: 0
12-10 13:37:47.829  2545  2545 I AndroidRuntime: VM exiting with result code 0.
12-10 13:37:47.836   568   568 D JobSchedulerService: Receieved: android.intent.action.PACKAGE_REMOVED
12-10 13:37:47.837   666   666 D CarrierServiceBindHelper: Receive action: android.intent.action.PACKAGE_REMOVED
12-10 13:37:47.843   568   613 I chatty  : uid=1000(system) InputReader expire 3 lines
12-10 13:37:47.845   666   666 D CarrierServiceBindHelper: mHandler: 3
12-10 13:37:47.845   666   666 D CarrierServiceBindHelper: Receive action: android.intent.action.PACKAGE_ADDED
12-10 13:37:47.846   666   666 D CarrierServiceBindHelper: Receive action: android.intent.action.PACKAGE_REPLACED
12-10 13:37:47.847   666   666 D CarrierServiceBindHelper: mHandler: 3
12-10 13:37:47.847   666   666 D CarrierServiceBindHelper: mHandler: 3
12-10 13:37:47.847   666   666 D CarrierConfigLoader: mHandler: 9 phoneId: 0
12-10 13:37:47.860  1468  2584 D PkgBroadcastIntentOp: Received broadcast action=android.intent.action.PACKAGE_REMOVED and uri=com.robotemi.sdk.sample
12-10 13:37:47.866   964   964 E NetworkScheduler.SR: Invalid parameter app
12-10 13:37:47.866   964   964 E NetworkScheduler.SR: Invalid package name : Perhaps you didn't include a PendingIntent in the extras?
12-10 13:37:47.899  1564  1564 W ContextImpl: Calling a method in the system process without a qualified user: android.app.ContextImpl.startService:1221 android.content.ContextWrapper.startService:581 android.content.ContextWrapper.startService:581 com.android.keychain.KeyChainBroadcastReceiver.onReceive:12 android.app.ActivityThread.handleReceiver:2725 
12-10 13:37:47.918  1468  1960 E Drive.UninstallOperation: Package still installed com.robotemi.sdk.sample
12-10 13:37:47.937  1468  2583 E IntentOperationSvc: Failed to instantiate Chimera operation impl, dropping operation
12-10 13:37:47.938  1468  2591 D PkgBroadcastIntentOp: Received broadcast action=android.intent.action.PACKAGE_ADDED and uri=com.robotemi.sdk.sample
12-10 13:37:47.941  1468  1468 D AsyncTaskServiceImpl: Submit a task: osz
12-10 13:37:47.942  1468  2589 D gH_CompatibleDatabase: Open jvg@730f8dc, release reference: 1
12-10 13:37:47.944  1468  2584 D WearableController: Received broadcast action=android.intent.action.PACKAGE_REMOVED and uri=com.robotemi.sdk.sample
12-10 13:37:47.951   568  1153 I BroadcastQueue: Delay finish: com.google.android.gms/.gass.chimera.PackageChangeBroadcastReceiver
12-10 13:37:47.954  1468  2591 D WearableController: Received broadcast action=android.intent.action.PACKAGE_ADDED and uri=com.robotemi.sdk.sample
12-10 13:37:47.963   568   583 I chatty  : uid=1000(system) android.bg expire 2 lines
12-10 13:37:47.966   568   583 W VoiceInteractionManagerService: no available voice recognition services found for user 0
12-10 13:37:47.974  1468  2589 D gH_CompatibleDatabase: Acquire reference of jvg@730f8dc: 2
12-10 13:37:47.974  1468  2589 D gH_MetricsDatabase: 0 metrics were deleted when clearing package com.robotemi.sdk.sample.
12-10 13:37:47.974  1468  2589 D gH_CompatibleDatabase: Release reference of jvg@730f8dc: 1
12-10 13:37:47.975  1468  2589 D gH_CompatibleDatabase: Open jvg@1d52de5, release reference: 1
12-10 13:37:47.981  1468  2589 D gH_CompatibleDatabase: Acquire reference of jvg@1d52de5: 2
12-10 13:37:47.982  1468  2589 D gH_CompatibleDatabase: Release reference of jvg@1d52de5: 1
12-10 13:37:47.982  1468  2589 D gH_CompatibleDatabase: Open jvg@fde80ba, release reference: 1
12-10 13:37:47.988  1468  2594 E IcingInternalCorpora: Unknown Contacts update mode: MAYBE
12-10 13:37:47.991  1468  2589 D gH_CompatibleDatabase: Acquire reference of jvg@fde80ba: 2
12-10 13:37:47.992  1468  2589 D gH_CompatibleDatabase: Release reference of jvg@fde80ba: 1
12-10 13:37:47.993  1468  2589 D gH_CompatibleDatabase: Close jvg@730f8dc, release reference: 0
12-10 13:37:47.993  1468  2589 D gH_CompatibleDatabase: Close jvg@1d52de5, release reference: 0
12-10 13:37:47.993  1468  2589 D gH_CompatibleDatabase: Close jvg@fde80ba, release reference: 0
12-10 13:37:47.998   568   580 I BroadcastQueue: Resuming delayed broadcast
12-10 13:37:48.004  1468  1960 D osz     : Processing package: com.robotemi.sdk.sample
12-10 13:37:48.009  1468  2594 E IcingInternalCorpora: Unknown Contacts update mode: MAYBE
12-10 13:37:48.019   568   568 I chatty  : uid=1000 system_server expire 1 line
12-10 13:37:48.024  1359  1359 I Finsky  : [1] com.google.android.finsky.utils.PermissionPolicies$PermissionPolicyService.onStartCommand(117): post-install permissions check for com.robotemi.sdk.sample
12-10 13:37:48.025  1359  1359 W Finsky  : [1] com.google.android.finsky.FinskyApp.i(1465): No account configured on this device.
12-10 13:37:48.035   568   699 I ActivityManager: Start proc 2596:com.svox.pico/u0a36 for broadcast com.svox.pico/.VoiceDataInstallerReceiver
12-10 13:37:48.038  1359  1359 I Finsky  : [1] com.google.android.finsky.utils.bh.run(2302): Package state data is missing for com.robotemi.sdk.sample
12-10 13:37:48.041  1359  1359 W Finsky  : [1] com.google.android.finsky.FinskyApp.i(1465): No account configured on this device.
12-10 13:37:48.057  1468  1960 D GassUtils: Found app info for package com.robotemi.sdk.sample:1. Hash: f53f3538b670b2b2f99e676992ac652c277f96aef4825c29612e03d214a16d95
12-10 13:37:48.057  1468  1960 D osz     : Found info for package com.robotemi.sdk.sample in db.
12-10 13:37:48.151  2610  2610 I chatty  : uid=1000(system) com.luckystar.luckstarautoinstall expire 5 lines
12-10 13:37:48.151   568  1694 I ActivityManager: Start proc 2610:com.luckystar.luckstarautoinstall/1000 for broadcast com.luckystar.luckstarautoinstall/.AppInstallReceiver
12-10 13:37:48.278  1468  2595 I PeopleContactsSync: triggerPendingContactsCleanup: no accounts
12-10 13:37:48.291  1468  2609 W IcingInternalCorpora: getNumBytesRead when not calculated.
12-10 13:37:48.334  1468  2595 I PeopleDatabaseHelper: cleanUpNonGplusAccounts done.
12-10 13:37:48.340  1468  2595 I PeopleContactsSync: triggerPendingContactsCleanup: no accounts
12-10 13:37:48.351  2610  2610 W ContextImpl: Calling a method in the system process without a qualified user: android.app.ContextImpl.sendBroadcast:763 android.content.ContextWrapper.sendBroadcast:396 android.content.ContextWrapper.sendBroadcast:396 com.luckystar.luckstarautoinstall.AppInstallReceiver.sendInstallResult:80 com.luckystar.luckstarautoinstall.AppInstallReceiver.onReceive:70 
12-10 13:37:48.353   568   579 I ActivityManager: Killing 1094:com.android.externalstorage/u0a5 (adj 15): empty #17
12-10 13:37:48.445  1468  2591 D PkgBroadcastIntentOp: Received broadcast action=android.intent.action.PACKAGE_REPLACED and uri=com.robotemi.sdk.sample
12-10 13:37:48.452  1468  1468 D AsyncTaskServiceImpl: Submit a task: osz
12-10 13:37:48.456   964   964 E NetworkScheduler.SR: Invalid parameter app
12-10 13:37:48.457   964   964 E NetworkScheduler.SR: Invalid package name : Perhaps you didn't include a PendingIntent in the extras?
12-10 13:37:48.474  1468  2623 I PeopleContactsSync: triggerPendingContactsCleanup: no accounts
12-10 13:37:48.475  1468  2625 E IcingInternalCorpora: Unknown Contacts update mode: MAYBE
12-10 13:37:48.477  1468  1869 D osz     : Processing package: com.robotemi.sdk.sample
12-10 13:37:48.486  1468  1869 D GassUtils: Found app info for package com.robotemi.sdk.sample:1. Hash: f53f3538b670b2b2f99e676992ac652c277f96aef4825c29612e03d214a16d95
12-10 13:37:48.486  1468  1869 D osz     : Found info for package com.robotemi.sdk.sample in db.
12-10 13:37:48.546  2590  2590 D AndroidRuntime: >>>>>> START com.android.internal.os.RuntimeInit uid 0 <<<<<<
12-10 13:37:48.550  2590  2590 D AndroidRuntime: CheckJNI is OFF
12-10 13:37:48.582  2590  2590 D ICU     : No timezone override file found: /data/misc/zoneinfo/current/icu/icu_tzdata.dat
12-10 13:37:48.630  2590  2590 E memtrack: Couldn't load memtrack module (No such file or directory)
12-10 13:37:48.630  2590  2590 E android.os.Debug: failed to load memtrack module: -2
12-10 13:37:48.634  2590  2590 I Radio-JNI: register_android_hardware_Radio DONE
12-10 13:37:48.660  2590  2590 D AndroidRuntime: Calling main entry com.android.commands.am.Am
12-10 13:37:48.666   568   698 I ActivityManager: START u0 {act=android.intent.action.MAIN cat=[android.intent.category.LAUNCHER] flg=0x10000000 cmp=com.robotemi.sdk.sample/.MainActivity} from uid 0 on display 0
12-10 13:37:48.670   191   191 I chatty  : uid=1000(system) /system/bin/surfaceflinger expire 1 line
12-10 13:37:48.671   191   196 I chatty  : uid=1000(system) Binder_2 expire 1 line
12-10 13:37:48.682   568   589 I chatty  : uid=1000(system) android.display expire 5 lines
