12-10 13:44:35.108   568   699 I MediaFocusControl:  AudioFocus  abandonAudioFocus() from android.media.AudioManager@72715com.roboteam.teamy.assistants.ConversationMediator@323a2a
12-10 13:44:35.113  2633  2633 I System.out: FLINTEMI: TtsRequest.getStatus()=COMPLETED:I will wait here for 15 seconds. Please, feel free to use my hand sanitiser dispenser.
12-10 13:44:35.116  2633  2633 I System.out: FLINTEMI: Waiting for 15000ms starting:10/12/2020 13:44:35
12-10 13:44:35.118  2633  2633 I System.out: FLINTEMI: setText to "Waiting ..."
12-10 13:44:35.121  2633  2633 D Detection: addOnDetectionStateChangedListener
12-10 13:44:35.121  2633  2633 I System.out: FLINTEMI: Removed WaitTTSListener
12-10 13:44:40.833   568   625 D ConnectivityService: updateNetworkScore for NetworkAgentInfo [WIFI () - 100] to 56
12-10 13:44:46.877   568   625 D ConnectivityService: updateNetworkScore for NetworkAgentInfo [WIFI () - 100] to 60
12-10 13:44:50.124  2633  2876 I System.out: FLINTEMI: Waiting for 10 seconds completed:10/12/2020 13:44:50
12-10 13:44:50.124  2633  2876 I System.out: FLINTEMI: endWait(), notify()
12-10 13:44:50.124  2633  2672 I System.out: FLINTEMI: Do action at state=1
12-10 13:44:50.126  2633  2672 I Battery : 100
12-10 13:44:50.126  2633  2672 I System.out: FLINTEMI: going to location=1, name=b
12-10 13:44:50.127  2633  2633 I System.out: FLINTEMI: setText to "Going to the next waypoint ..."
12-10 13:44:50.133  2633  2672 I System.out: FLINTEMI: Finished action at state=1
12-10 13:44:50.134  2633  2672 I System.out: FLINTEMI: synchronise routine
12-10 13:44:50.134  2633  2672 I System.out: FLINTEMI: try state machine wait
12-10 13:44:50.136   568  1694 I MediaFocusControl:  AudioFocus  requestAudioFocus() from android.media.AudioManager@72715com.roboteam.teamy.assistants.ConversationMediator@323a2a req=3flags=0x0
12-10 13:44:50.141   568   582 I MediaFocusControl:  AudioFocus  requestAudioFocus() from android.media.AudioManager@72715com.roboteam.teamy.assistants.ConversationMediator@323a2a req=3flags=0x0
12-10 13:44:50.194   700   700 E ThemeUtils: View class androidx.appcompat.widget.AppCompatTextView is an AppCompat widget that can only be used with a Theme.AppCompat theme (or descendant).
12-10 13:44:50.196   700   700 E ThemeUtils: View class androidx.appcompat.widget.AppCompatTextView is an AppCompat widget that can only be used with a Theme.AppCompat theme (or descendant).
12-10 13:44:50.232  2633  2633 I System.out: FLINTEMI: onGoToLocationStatusChanged:location=b,status=start,description=Unknown
12-10 13:44:50.236   568   580 V WindowManager: Done at AppWindowToken{283334b token=Token{c5616c2 ActivityRecord{f84b70d u0 com.robotemi.sdk.sample/.MainActivity t184}}} -- full screen, return 0
12-10 13:44:50.247   568   740 I WindowStateAnimator: createSurface WindowStateAnimator{9d67873 }: mDrawState=DRAW_PENDING
12-10 13:44:50.249   568   740 V WindowManager: Done at AppWindowToken{283334b token=Token{c5616c2 ActivityRecord{f84b70d u0 com.robotemi.sdk.sample/.MainActivity t184}}} -- full screen, return 0
12-10 13:44:50.250   568   740 V WindowManager: Resize reasons for w=Window{3c1bce2 u0 com.roboteam.teamy.usa}:  contentInsetsChanged=false [0,0][0,0] visibleInsetsChanged=false [0,0][0,0] stableInsetsChanged=false [0,0][0,0] outsetsChanged=false [0,0][0,0] surfaceResized=true configChanged=true
12-10 13:44:50.250   568   740 V WindowManager: Resizing window Window{3c1bce2 u0 com.roboteam.teamy.usa} to 1920.0x1200.0
12-10 13:44:50.258   568   740 V WindowState: Reporting new frame to Window{3c1bce2 u0 com.roboteam.teamy.usa}: Rect(0, 0 - 1920, 1200)
12-10 13:44:50.258   568   740 I WindowState: Sending new config to window Window{3c1bce2 u0 com.roboteam.teamy.usa}: 1920.0x1200.0 / config={1.0 ?mcc?mnc en_US ldltr sw800dp w1280dp h800dp 240dpi xlrg land finger -keyb/v/h -nav/h s.4} overrideConfig={1.0 ?mcc?mnc ?locale ?layoutDir ?swdp ?wdp ?hdp ?density ?lsize ?long ?orien ?uimode ?night ?touch ?keyb/?/? ?nav/?}
12-10 13:44:50.258   568   740 I WindowState: Resizing Window{3c1bce2 u0 com.roboteam.teamy.usa} WITH DRAW PENDING
12-10 13:44:50.264   700  1351 D Surface : Surface::final mReqUsage=a00
12-10 13:44:50.265   700  1351 D mali_winsys: EGLint new_window_surface(egl_winsys_display*, void*, EGLSurface, EGLConfig, egl_winsys_surface**, egl_color_buffer_format*, EGLBoolean) returns 0x3000
12-10 13:44:50.276   568   589 E WindowManager: Unknown window type: 2999
12-10 13:44:50.281   191   196 D gralloc : Isfb=0, [1920,1200,1920,7680], fmt=1, byte_stride=7680
12-10 13:44:50.299   191   196 D gralloc : Isfb=0, [1920,1200,1920,7680], fmt=1, byte_stride=7680
12-10 13:44:50.310   191   196 D gralloc : Isfb=0, [1920,1200,1920,7680], fmt=1, byte_stride=7680
12-10 13:44:50.330   191   196 D gralloc : Isfb=0, [1200,1920,1200,4800], fmt=1, byte_stride=4800
12-10 13:44:50.345   191   194 D gralloc : Isfb=0, [1200,1920,1200,4800], fmt=1, byte_stride=4800
12-10 13:44:50.347   568   699 V WindowStateAnimator: finishDrawingLocked: mDrawState=COMMIT_DRAW_PENDING WindowStateAnimator{9d67873 } in Surface(name=)
12-10 13:44:50.347   568   589 I WindowManager:   SURFACE SHOW (performShowLocked): Window{3c1bce2 u0 com.roboteam.teamy.usa}
12-10 13:44:50.364   568   589 E WindowManager: Unknown window type: 2999
12-10 13:44:50.368   191   194 D gralloc : Isfb=0, [1200,1920,1200,4800], fmt=1, byte_stride=4800
12-10 13:44:50.382   568   589 E WindowManager: Unknown window type: 2999
12-10 13:44:50.583   227   631 D NuPlayerDriver: reset(0xb79c1030)
12-10 13:44:50.583   227   631 D NuPlayerDriver: notifyListener_l(0xb79c1030), (8, 0, 0)
12-10 13:44:50.587   227  2878 W AMessage: failed to post message as target looper for handler 0 is gone.
12-10 13:44:50.589   227  2878 D NuPlayerDriver: notifyResetComplete(0xb79c1030)
12-10 13:44:50.589   227   548 D NuPlayerDriver: reset(0xb79c1030)
12-10 13:44:50.591   227   548 E MediaPlayerFactory: 2019 03 30 -------- getPlayerType()44444444444444 call GET_PLAYER_TYPE_IMPL() !!!! 
12-10 13:44:50.598   227  2892 D NuPlayerDriver: notifyListener_l(0xb79c1030), (1, 0, 0)
12-10 13:44:50.611   227   227 D NuPlayerDriver: start(0xb79c1030), state is 4, eos is 0
12-10 13:44:50.611   227  2892 I GenericSource: start
12-10 13:44:50.613   568   579 I WindowStateAnimator: createSurface WindowStateAnimator{4fd550f }: mDrawState=DRAW_PENDING
12-10 13:44:50.616   568   579 V WindowManager: Done at AppWindowToken{283334b token=Token{c5616c2 ActivityRecord{f84b70d u0 com.robotemi.sdk.sample/.MainActivity t184}}} -- full screen, return 0
12-10 13:44:50.620   700  1351 D Surface : Surface::final mReqUsage=a00
12-10 13:44:50.620   700  1351 D mali_winsys: EGLint new_window_surface(egl_winsys_display*, void*, EGLSurface, EGLConfig, egl_winsys_surface**, egl_color_buffer_format*, EGLBoolean) returns 0x3000
12-10 13:44:50.621   227  2896 E OMXNodeInstance: setConfig(34:google.opus.decoder, ConfigPriority(0x6f800002)) ERROR: Undefined(0x80001001)
12-10 13:44:50.621   227  2896 I ACodec  : codec does not support config priority (err -2147483648)
12-10 13:44:50.625   227  2896 I MediaCodec: MediaCodec will operate in async mode
12-10 13:44:50.630   568   589 E WindowManager: Unknown window type: 2999
12-10 13:44:50.633   227  2892 D NuPlayerDriver: notifyListener_l(0xb79c1030), (6, 0, 0)
12-10 13:44:50.633   227  2894 W MediaClock: reject anchor time since it is negative.
12-10 13:44:50.633   227  2894 W MediaClock: reject anchor time since it is negative.
12-10 13:44:50.634   227  2894 W MediaClock: reject anchor time since it is negative.
12-10 13:44:50.635   227  2894 W MediaClock: reject anchor time since it is negative.
12-10 13:44:50.636   227  2894 W MediaClock: reject anchor time since it is negative.
12-10 13:44:50.637   227  2894 W MediaClock: reject anchor time since it is negative.
12-10 13:44:50.638   227  2894 W MediaClock: reject anchor time since it is negative.
12-10 13:44:50.639   191   615 D gralloc : Isfb=0, [1920,1200,1920,7680], fmt=1, byte_stride=7680
12-10 13:44:50.639   227  2894 W MediaClock: reject anchor time since it is negative.
12-10 13:44:50.640   227  2894 W MediaClock: reject anchor time since it is negative.
12-10 13:44:50.641   227  2894 W MediaClock: reject anchor time since it is negative.
12-10 13:44:50.641   227  2894 W MediaClock: reject anchor time since it is negative.
12-10 13:44:50.642   227  2894 W MediaClock: reject anchor time since it is negative.
12-10 13:44:50.643   227  2894 W MediaClock: reject anchor time since it is negative.
12-10 13:44:50.643   227  2894 W MediaClock: reject anchor time since it is negative.
12-10 13:44:50.643   227  2894 W MediaClock: reject anchor time since it is negative.
12-10 13:44:50.644   227  2894 W MediaClock: reject anchor time since it is negative.
12-10 13:44:50.645   227  2894 W MediaClock: reject anchor time since it is negative.
12-10 13:44:50.646   227  2894 W MediaClock: reject anchor time since it is negative.
12-10 13:44:50.647   227  2894 W MediaClock: reject anchor time since it is negative.
12-10 13:44:50.648   227  2894 W MediaClock: reject anchor time since it is negative.
12-10 13:44:50.649   227  2894 W MediaClock: reject anchor time since it is negative.
12-10 13:44:50.654   227  2894 W MediaClock: reject anchor time since it is negative.
12-10 13:44:50.655   227  2894 W MediaClock: reject anchor time since it is negative.
12-10 13:44:50.655   227  2894 W MediaClock: reject anchor time since it is negative.
12-10 13:44:50.656   227  2894 W MediaClock: reject anchor time since it is negative.
12-10 13:44:50.656   191   615 D gralloc : Isfb=0, [1920,1200,1920,7680], fmt=1, byte_stride=7680
12-10 13:44:50.668   191   615 D gralloc : Isfb=0, [1920,1200,1920,7680], fmt=1, byte_stride=7680
12-10 13:44:50.678   227   329 D AudioFlinger: mixer(0xb3638008) throttle end: throttle time(10)
12-10 13:44:50.689   191   194 D gralloc : Isfb=0, [1200,1920,1200,4800], fmt=1, byte_stride=4800
12-10 13:44:50.707   191   614 D gralloc : Isfb=0, [1200,1920,1200,4800], fmt=1, byte_stride=4800
12-10 13:44:50.709   568   582 V WindowStateAnimator: finishDrawingLocked: mDrawState=COMMIT_DRAW_PENDING WindowStateAnimator{4fd550f } in Surface(name=)
12-10 13:44:50.710   568   589 I WindowManager:   SURFACE SHOW (performShowLocked): Window{85cc00c u0 com.roboteam.teamy.usa}
12-10 13:44:50.718   568   589 E WindowManager: Unknown window type: 2999
12-10 13:44:50.735   191   194 D gralloc : Isfb=0, [1200,1920,1200,4800], fmt=1, byte_stride=4800
12-10 13:44:50.736   568   589 E WindowManager: Unknown window type: 2999
12-10 13:44:51.713  2633  2633 I System.out: FLINTEMI: onGoToLocationStatusChanged:location=,status=calculating,description=Calculating
12-10 13:44:53.315   227  2895 I NuPlayerDecoder: [audio] saw output EOS
12-10 13:44:53.937   227  2892 D NuPlayerDriver: notifyListener_l(0xb79c1030), (2, 0, 0)
12-10 13:44:53.983   568   739 I MediaFocusControl:  AudioFocus  abandonAudioFocus() from android.media.AudioManager@72715com.roboteam.teamy.assistants.ConversationMediator@323a2a
12-10 13:44:54.338  2633  2633 I System.out: FLINTEMI: onGoToLocationStatusChanged:location=b,status=going,description=Unknown
12-10 13:44:54.633   568  1153 V WindowManager: Done at AppWindowToken{283334b token=Token{c5616c2 ActivityRecord{f84b70d u0 com.robotemi.sdk.sample/.MainActivity t184}}} -- full screen, return 0
12-10 13:44:54.646   568   589 E WindowManager: Unknown window type: 2999
12-10 13:45:07.498   700   700 E ThemeUtils: View class androidx.appcompat.widget.AppCompatTextView is an AppCompat widget that can only be used with a Theme.AppCompat theme (or descendant).
12-10 13:45:07.500   700   700 E ThemeUtils: View class androidx.appcompat.widget.AppCompatTextView is an AppCompat widget that can only be used with a Theme.AppCompat theme (or descendant).
12-10 13:45:07.542  2633  2633 I System.out: FLINTEMI: onGoToLocationStatusChanged:location=b,status=complete,description=Unknown
12-10 13:45:07.542  2633  2633 I System.out: FLINTEMI: OnGoToLocationStatusChanged=COMPLETE,notify
12-10 13:45:07.543  2633  2672 I System.out: FLINTEMI: Create Timer
12-10 13:45:07.543  2633  2672 I System.out: FLINTEMI: wait()
12-10 13:45:07.546   568   580 V WindowManager: Done at AppWindowToken{283334b token=Token{c5616c2 ActivityRecord{f84b70d u0 com.robotemi.sdk.sample/.MainActivity t184}}} -- full screen, return 0
12-10 13:45:07.559   568  1152 I MediaFocusControl:  AudioFocus  requestAudioFocus() from android.media.AudioManager@72715com.roboteam.teamy.assistants.ConversationMediator@323a2a req=3flags=0x0
12-10 13:45:07.560   568   579 I MediaFocusControl:  AudioFocus  requestAudioFocus() from android.media.AudioManager@72715com.roboteam.teamy.assistants.ConversationMediator@323a2a req=3flags=0x0
12-10 13:45:07.566   568   740 I WindowStateAnimator: createSurface WindowStateAnimator{c42c52e }: mDrawState=DRAW_PENDING
12-10 13:45:07.568   568   740 V WindowManager: Done at AppWindowToken{283334b token=Token{c5616c2 ActivityRecord{f84b70d u0 com.robotemi.sdk.sample/.MainActivity t184}}} -- full screen, return 0
12-10 13:45:07.568   568   740 V WindowManager: Resize reasons for w=Window{eaba9 u0 com.roboteam.teamy.usa}:  contentInsetsChanged=false [0,0][0,0] visibleInsetsChanged=false [0,0][0,0] stableInsetsChanged=false [0,0][0,0] outsetsChanged=false [0,0][0,0] surfaceResized=true configChanged=true
12-10 13:45:07.568   568   740 V WindowManager: Resizing window Window{eaba9 u0 com.roboteam.teamy.usa} to 1920.0x1200.0
12-10 13:45:07.576   568   740 V WindowState: Reporting new frame to Window{eaba9 u0 com.roboteam.teamy.usa}: Rect(0, 0 - 1920, 1200)
12-10 13:45:07.576   568   740 I WindowState: Sending new config to window Window{eaba9 u0 com.roboteam.teamy.usa}: 1920.0x1200.0 / config={1.0 ?mcc?mnc en_US ldltr sw800dp w1280dp h800dp 240dpi xlrg land finger -keyb/v/h -nav/h s.4} overrideConfig={1.0 ?mcc?mnc ?locale ?layoutDir ?swdp ?wdp ?hdp ?density ?lsize ?long ?orien ?uimode ?night ?touch ?keyb/?/? ?nav/?}
12-10 13:45:07.576   568   740 I WindowState: Resizing Window{eaba9 u0 com.roboteam.teamy.usa} WITH DRAW PENDING
12-10 13:45:07.580   700  1351 D Surface : Surface::final mReqUsage=a00
12-10 13:45:07.580   700  1351 D mali_winsys: EGLint new_window_surface(egl_winsys_display*, void*, EGLSurface, EGLConfig, egl_winsys_surface**, egl_color_buffer_format*, EGLBoolean) returns 0x3000
12-10 13:45:07.592   191   196 D gralloc : Isfb=0, [1920,1200,1920,7680], fmt=1, byte_stride=7680
12-10 13:45:07.594   568   589 E WindowManager: Unknown window type: 2999
12-10 13:45:07.602   191   196 D gralloc : Isfb=0, [1920,1200,1920,7680], fmt=1, byte_stride=7680
12-10 13:45:07.613   191   196 D gralloc : Isfb=0, [1920,1200,1920,7680], fmt=1, byte_stride=7680
12-10 13:45:07.619   568   699 W AppOps  : Finishing op nesting under-run: uid 1000 pkg com.roboteam.teamy.usa code 24 time=0 duration=0 nesting=0
12-10 13:45:07.622   568   699 V WindowManager: Done at AppWindowToken{283334b token=Token{c5616c2 ActivityRecord{f84b70d u0 com.robotemi.sdk.sample/.MainActivity t184}}} -- full screen, return 0
12-10 13:45:07.629   568   589 E WindowManager: Unknown window type: 2999
12-10 13:45:07.637   191   615 D gralloc : Isfb=0, [1200,1920,1200,4800], fmt=1, byte_stride=4800
12-10 13:45:07.650   191   196 D gralloc : Isfb=0, [1200,1920,1200,4800], fmt=1, byte_stride=4800
12-10 13:45:07.654   568  1152 V WindowStateAnimator: finishDrawingLocked: mDrawState=COMMIT_DRAW_PENDING WindowStateAnimator{c42c52e } in Surface(name=)
12-10 13:45:07.654   568   589 I WindowManager:   SURFACE SHOW (performShowLocked): Window{eaba9 u0 com.roboteam.teamy.usa}
12-10 13:45:07.665   568   589 E WindowManager: Unknown window type: 2999
12-10 13:45:07.673   191   196 D gralloc : Isfb=0, [1200,1920,1200,4800], fmt=1, byte_stride=4800
12-10 13:45:07.685   568   589 E WindowManager: Unknown window type: 2999
12-10 13:45:07.800   227   631 D NuPlayerDriver: reset(0xb79c1030)
12-10 13:45:07.801   227   631 D NuPlayerDriver: notifyListener_l(0xb79c1030), (8, 0, 0)
12-10 13:45:07.805   227  2892 W AMessage: failed to post message as target looper for handler 0 is gone.
12-10 13:45:07.806   227  2892 D NuPlayerDriver: notifyResetComplete(0xb79c1030)
12-10 13:45:07.806   227   548 D NuPlayerDriver: reset(0xb79c1030)
12-10 13:45:07.808   227   548 E MediaPlayerFactory: 2019 03 30 -------- getPlayerType()44444444444444 call GET_PLAYER_TYPE_IMPL() !!!! 
12-10 13:45:07.818   227  2901 D NuPlayerDriver: notifyListener_l(0xb79c1030), (1, 0, 0)
12-10 13:45:07.822   227   227 D NuPlayerDriver: start(0xb79c1030), state is 4, eos is 0
12-10 13:45:07.822   227  2901 I GenericSource: start
12-10 13:45:07.836   227  2905 E OMXNodeInstance: setConfig(35:google.opus.decoder, ConfigPriority(0x6f800002)) ERROR: Undefined(0x80001001)
12-10 13:45:07.836   227  2905 I ACodec  : codec does not support config priority (err -2147483648)
12-10 13:45:07.837   227  2905 I MediaCodec: MediaCodec will operate in async mode
12-10 13:45:07.846   227  2901 D NuPlayerDriver: notifyListener_l(0xb79c1030), (6, 0, 0)
12-10 13:45:07.847   227  2903 W MediaClock: reject anchor time since it is negative.
12-10 13:45:07.847   227  2903 W MediaClock: reject anchor time since it is negative.
12-10 13:45:07.848   227  2903 W MediaClock: reject anchor time since it is negative.
12-10 13:45:07.851   227  2903 W MediaClock: reject anchor time since it is negative.
12-10 13:45:07.851   227  2903 W MediaClock: reject anchor time since it is negative.
12-10 13:45:07.851   227  2903 W MediaClock: reject anchor time since it is negative.
12-10 13:45:07.853   227  2903 W MediaClock: reject anchor time since it is negative.
12-10 13:45:07.854   227  2903 W MediaClock: reject anchor time since it is negative.
12-10 13:45:07.854   227  2903 W MediaClock: reject anchor time since it is negative.
12-10 13:45:07.855   227  2903 W MediaClock: reject anchor time since it is negative.
12-10 13:45:07.855   227  2903 W MediaClock: reject anchor time since it is negative.
12-10 13:45:07.856   227  2903 W MediaClock: reject anchor time since it is negative.
12-10 13:45:07.856   227  2903 W MediaClock: reject anchor time since it is negative.
12-10 13:45:07.857   227  2903 W MediaClock: reject anchor time since it is negative.
12-10 13:45:07.857   227  2903 W MediaClock: reject anchor time since it is negative.
12-10 13:45:07.858   227  2903 W MediaClock: reject anchor time since it is negative.
12-10 13:45:07.858   227  2903 W MediaClock: reject anchor time since it is negative.
12-10 13:45:07.859   227  2903 W MediaClock: reject anchor time since it is negative.
12-10 13:45:07.860   227  2903 W MediaClock: reject anchor time since it is negative.
12-10 13:45:07.861   227  2903 W MediaClock: reject anchor time since it is negative.
12-10 13:45:07.861   227  2903 W MediaClock: reject anchor time since it is negative.
12-10 13:45:07.862   227  2903 W MediaClock: reject anchor time since it is negative.
12-10 13:45:07.863   227  2903 W MediaClock: reject anchor time since it is negative.
12-10 13:45:07.863   227  2903 W MediaClock: reject anchor time since it is negative.
12-10 13:45:07.864   227  2903 W MediaClock: reject anchor time since it is negative.
12-10 13:45:07.894   227   329 D AudioFlinger: mixer(0xb3638008) throttle end: throttle time(10)
12-10 13:45:10.998   568  1152 W AppOps  : Finishing op nesting under-run: uid 1000 pkg com.roboteam.teamy.usa code 24 time=0 duration=0 nesting=0
12-10 13:45:11.002   568  1152 V WindowManager: Done at AppWindowToken{283334b token=Token{c5616c2 ActivityRecord{f84b70d u0 com.robotemi.sdk.sample/.MainActivity t184}}} -- full screen, return 0
12-10 13:45:11.009   568   589 E WindowManager: Unknown window type: 2999
12-10 13:45:13.775   227  2904 I NuPlayerDecoder: [audio] saw output EOS
12-10 13:45:14.333   227  2901 D NuPlayerDriver: notifyListener_l(0xb79c1030), (2, 0, 0)
12-10 13:45:14.340   568   580 I MediaFocusControl:  AudioFocus  abandonAudioFocus() from android.media.AudioManager@72715com.roboteam.teamy.assistants.ConversationMediator@323a2a
12-10 13:45:14.345  2633  2633 I System.out: FLINTEMI: TtsRequest.getStatus()=COMPLETED:I will wait here for 15 seconds. Please, feel free to use my hand sanitiser dispenser.
12-10 13:45:14.347  2633  2633 I System.out: FLINTEMI: Waiting for 15000ms starting:10/12/2020 13:45:14
12-10 13:45:14.348  2633  2633 I System.out: FLINTEMI: setText to "Waiting ..."
12-10 13:45:14.350  2633  2633 D Detection: addOnDetectionStateChangedListener
12-10 13:45:14.350  2633  2633 I System.out: FLINTEMI: Removed WaitTTSListener
12-10 13:45:20.090   568   625 D ConnectivityService: updateNetworkScore for NetworkAgentInfo [WIFI () - 100] to 56
12-10 13:45:26.138   568   625 D ConnectivityService: notifyType CAP_CHANGED for NetworkAgentInfo [WIFI () - 100]
12-10 13:45:29.353  2633  2900 I System.out: FLINTEMI: Waiting for 10 seconds completed:10/12/2020 13:45:29
12-10 13:45:29.353  2633  2900 I System.out: FLINTEMI: endWait(), notify()
12-10 13:45:29.353  2633  2672 I System.out: FLINTEMI: Do action at state=1
12-10 13:45:29.355  2633  2672 I Battery : 100
12-10 13:45:29.355  2633  2672 I System.out: FLINTEMI: going to location=2, name=a
12-10 13:45:29.356  2633  2633 I System.out: FLINTEMI: setText to "Going to the next waypoint ..."
12-10 13:45:29.363  2633  2672 I System.out: FLINTEMI: Finished action at state=1
12-10 13:45:29.363  2633  2672 I System.out: FLINTEMI: synchronise routine
12-10 13:45:29.364  2633  2672 I System.out: FLINTEMI: try state machine wait
12-10 13:45:29.364   568   739 I MediaFocusControl:  AudioFocus  requestAudioFocus() from android.media.AudioManager@72715com.roboteam.teamy.assistants.ConversationMediator@323a2a req=3flags=0x0
12-10 13:45:29.369   568   582 I MediaFocusControl:  AudioFocus  requestAudioFocus() from android.media.AudioManager@72715com.roboteam.teamy.assistants.ConversationMediator@323a2a req=3flags=0x0
12-10 13:45:29.426   700   700 E ThemeUtils: View class androidx.appcompat.widget.AppCompatTextView is an AppCompat widget that can only be used with a Theme.AppCompat theme (or descendant).
12-10 13:45:29.428   700   700 E ThemeUtils: View class androidx.appcompat.widget.AppCompatTextView is an AppCompat widget that can only be used with a Theme.AppCompat theme (or descendant).
12-10 13:45:29.465  2633  2633 I System.out: FLINTEMI: onGoToLocationStatusChanged:location=a,status=start,description=Unknown
12-10 13:45:29.469   568  1694 V WindowManager: Done at AppWindowToken{283334b token=Token{c5616c2 ActivityRecord{f84b70d u0 com.robotemi.sdk.sample/.MainActivity t184}}} -- full screen, return 0
12-10 13:45:29.479   568   580 I WindowStateAnimator: createSurface WindowStateAnimator{27d5965 }: mDrawState=DRAW_PENDING
12-10 13:45:29.480   568   580 V WindowManager: Done at AppWindowToken{283334b token=Token{c5616c2 ActivityRecord{f84b70d u0 com.robotemi.sdk.sample/.MainActivity t184}}} -- full screen, return 0
12-10 13:45:29.480   568   580 V WindowManager: Resize reasons for w=Window{8f8a25c u0 com.roboteam.teamy.usa}:  contentInsetsChanged=false [0,0][0,0] visibleInsetsChanged=false [0,0][0,0] stableInsetsChanged=false [0,0][0,0] outsetsChanged=false [0,0][0,0] surfaceResized=true configChanged=true
12-10 13:45:29.480   568   580 V WindowManager: Resizing window Window{8f8a25c u0 com.roboteam.teamy.usa} to 1920.0x1200.0
12-10 13:45:29.494   568   580 V WindowState: Reporting new frame to Window{8f8a25c u0 com.roboteam.teamy.usa}: Rect(0, 0 - 1920, 1200)
12-10 13:45:29.494   568   580 I WindowState: Sending new config to window Window{8f8a25c u0 com.roboteam.teamy.usa}: 1920.0x1200.0 / config={1.0 ?mcc?mnc en_US ldltr sw800dp w1280dp h800dp 240dpi xlrg land finger -keyb/v/h -nav/h s.4} overrideConfig={1.0 ?mcc?mnc ?locale ?layoutDir ?swdp ?wdp ?hdp ?density ?lsize ?long ?orien ?uimode ?night ?touch ?keyb/?/? ?nav/?}
12-10 13:45:29.494   568   580 I WindowState: Resizing Window{8f8a25c u0 com.roboteam.teamy.usa} WITH DRAW PENDING
12-10 13:45:29.501   700  1351 D Surface : Surface::final mReqUsage=a00
12-10 13:45:29.501   700  1351 D mali_winsys: EGLint new_window_surface(egl_winsys_display*, void*, EGLSurface, EGLConfig, egl_winsys_surface**, egl_color_buffer_format*, EGLBoolean) returns 0x3000
12-10 13:45:29.512   568   589 E WindowManager: Unknown window type: 2999
12-10 13:45:29.514   191   194 D gralloc : Isfb=0, [1920,1200,1920,7680], fmt=1, byte_stride=7680
12-10 13:45:29.527   191   194 D gralloc : Isfb=0, [1920,1200,1920,7680], fmt=1, byte_stride=7680
12-10 13:45:29.537   191   194 D gralloc : Isfb=0, [1920,1200,1920,7680], fmt=1, byte_stride=7680
12-10 13:45:29.554   191   194 D gralloc : Isfb=0, [1200,1920,1200,4800], fmt=1, byte_stride=4800
12-10 13:45:29.567   191   615 D gralloc : Isfb=0, [1200,1920,1200,4800], fmt=1, byte_stride=4800
12-10 13:45:29.570   568   740 V WindowStateAnimator: finishDrawingLocked: mDrawState=COMMIT_DRAW_PENDING WindowStateAnimator{27d5965 } in Surface(name=)
12-10 13:45:29.570   568   589 I WindowManager:   SURFACE SHOW (performShowLocked): Window{8f8a25c u0 com.roboteam.teamy.usa}
12-10 13:45:29.584   568   589 E WindowManager: Unknown window type: 2999
12-10 13:45:29.588   191   194 D gralloc : Isfb=0, [1200,1920,1200,4800], fmt=1, byte_stride=4800
12-10 13:45:29.601   568   589 E WindowManager: Unknown window type: 2999
12-10 13:45:29.804   227   631 D NuPlayerDriver: reset(0xb79c1030)
12-10 13:45:29.804   227   631 D NuPlayerDriver: notifyListener_l(0xb79c1030), (8, 0, 0)
12-10 13:45:29.807   227  2901 W AMessage: failed to post message as target looper for handler 0 is gone.
12-10 13:45:29.809   227  2901 D NuPlayerDriver: notifyResetComplete(0xb79c1030)
12-10 13:45:29.809   227   548 D NuPlayerDriver: reset(0xb79c1030)
12-10 13:45:29.810   227   548 E MediaPlayerFactory: 2019 03 30 -------- getPlayerType()44444444444444 call GET_PLAYER_TYPE_IMPL() !!!! 
12-10 13:45:29.816   227  2908 D NuPlayerDriver: notifyListener_l(0xb7a0f7e0), (1, 0, 0)
12-10 13:45:29.826   227   227 D NuPlayerDriver: start(0xb7a0f7e0), state is 4, eos is 0
12-10 13:45:29.826   227  2908 I GenericSource: start
12-10 13:45:29.828   568   579 I WindowStateAnimator: createSurface WindowStateAnimator{4fd550f }: mDrawState=DRAW_PENDING
12-10 13:45:29.829   568   579 V WindowManager: Done at AppWindowToken{283334b token=Token{c5616c2 ActivityRecord{f84b70d u0 com.robotemi.sdk.sample/.MainActivity t184}}} -- full screen, return 0
12-10 13:45:29.836   700  1351 D Surface : Surface::final mReqUsage=a00
12-10 13:45:29.836   700  1351 D mali_winsys: EGLint new_window_surface(egl_winsys_display*, void*, EGLSurface, EGLConfig, egl_winsys_surface**, egl_color_buffer_format*, EGLBoolean) returns 0x3000
12-10 13:45:29.838   227  2912 E OMXNodeInstance: setConfig(36:google.opus.decoder, ConfigPriority(0x6f800002)) ERROR: Undefined(0x80001001)
12-10 13:45:29.838   227  2912 I ACodec  : codec does not support config priority (err -2147483648)
12-10 13:45:29.841   227  2912 I MediaCodec: MediaCodec will operate in async mode
12-10 13:45:29.848   568   589 E WindowManager: Unknown window type: 2999
12-10 13:45:29.853   191   615 D gralloc : Isfb=0, [1920,1200,1920,7680], fmt=1, byte_stride=7680
12-10 13:45:29.853   227  2908 D NuPlayerDriver: notifyListener_l(0xb7a0f7e0), (6, 0, 0)
12-10 13:45:29.853   227  2910 W MediaClock: reject anchor time since it is negative.
12-10 13:45:29.853   227  2910 W MediaClock: reject anchor time since it is negative.
12-10 13:45:29.854   227  2910 W MediaClock: reject anchor time since it is negative.
12-10 13:45:29.855   227  2910 W MediaClock: reject anchor time since it is negative.
12-10 13:45:29.856   227  2910 W MediaClock: reject anchor time since it is negative.
12-10 13:45:29.856   227  2910 W MediaClock: reject anchor time since it is negative.
12-10 13:45:29.857   227  2910 W MediaClock: reject anchor time since it is negative.
12-10 13:45:29.858   227  2910 W MediaClock: reject anchor time since it is negative.
12-10 13:45:29.858   227  2910 W MediaClock: reject anchor time since it is negative.
12-10 13:45:29.859   227  2910 W MediaClock: reject anchor time since it is negative.
12-10 13:45:29.859   227  2910 W MediaClock: reject anchor time since it is negative.
12-10 13:45:29.860   227  2910 W MediaClock: reject anchor time since it is negative.
12-10 13:45:29.861   227  2910 W MediaClock: reject anchor time since it is negative.
12-10 13:45:29.861   227  2910 W MediaClock: reject anchor time since it is negative.
12-10 13:45:29.862   227  2910 W MediaClock: reject anchor time since it is negative.
12-10 13:45:29.863   227  2910 W MediaClock: reject anchor time since it is negative.
12-10 13:45:29.863   227  2910 W MediaClock: reject anchor time since it is negative.
12-10 13:45:29.864   227  2910 W MediaClock: reject anchor time since it is negative.
12-10 13:45:29.864   227  2910 W MediaClock: reject anchor time since it is negative.
12-10 13:45:29.865   227  2910 W MediaClock: reject anchor time since it is negative.
12-10 13:45:29.866   227  2910 W MediaClock: reject anchor time since it is negative.
12-10 13:45:29.866   227  2910 W MediaClock: reject anchor time since it is negative.
12-10 13:45:29.867   227  2910 W MediaClock: reject anchor time since it is negative.
12-10 13:45:29.868   227  2910 W MediaClock: reject anchor time since it is negative.
12-10 13:45:29.868   227  2910 W MediaClock: reject anchor time since it is negative.
12-10 13:45:29.873   191   615 D gralloc : Isfb=0, [1920,1200,1920,7680], fmt=1, byte_stride=7680
12-10 13:45:29.888   191   615 D gralloc : Isfb=0, [1920,1200,1920,7680], fmt=1, byte_stride=7680
12-10 13:45:29.910   227   329 D AudioFlinger: mixer(0xb3638008) throttle end: throttle time(10)
12-10 13:45:29.914   191   194 D gralloc : Isfb=0, [1200,1920,1200,4800], fmt=1, byte_stride=4800
12-10 13:45:29.932   191   614 D gralloc : Isfb=0, [1200,1920,1200,4800], fmt=1, byte_stride=4800
12-10 13:45:29.934   568   582 V WindowStateAnimator: finishDrawingLocked: mDrawState=COMMIT_DRAW_PENDING WindowStateAnimator{4fd550f } in Surface(name=)
12-10 13:45:29.934   568   589 I WindowManager:   SURFACE SHOW (performShowLocked): Window{85cc00c u0 com.roboteam.teamy.usa}
12-10 13:45:29.937   568   589 E WindowManager: Unknown window type: 2999
12-10 13:45:29.953   191   614 D gralloc : Isfb=0, [1200,1920,1200,4800], fmt=1, byte_stride=4800
12-10 13:45:29.954   568   589 E WindowManager: Unknown window type: 2999
12-10 13:45:30.910  2633  2633 I System.out: FLINTEMI: onGoToLocationStatusChanged:location=,status=calculating,description=Calculating
12-10 13:45:32.181   568   625 D ConnectivityService: updateNetworkScore for NetworkAgentInfo [WIFI () - 100] to 60
12-10 13:45:32.517   227  2911 I NuPlayerDecoder: [audio] saw output EOS
12-10 13:45:33.169   227  2908 D NuPlayerDriver: notifyListener_l(0xb7a0f7e0), (2, 0, 0)
12-10 13:45:33.223   568   582 I MediaFocusControl:  AudioFocus  abandonAudioFocus() from android.media.AudioManager@72715com.roboteam.teamy.assistants.ConversationMediator@323a2a
12-10 13:45:33.427  2633  2633 I System.out: FLINTEMI: onGoToLocationStatusChanged:location=a,status=going,description=Unknown
12-10 13:45:33.874   568  1694 V WindowManager: Done at AppWindowToken{283334b token=Token{c5616c2 ActivityRecord{f84b70d u0 com.robotemi.sdk.sample/.MainActivity t184}}} -- full screen, return 0
12-10 13:45:33.882   568   589 E WindowManager: Unknown window type: 2999
12-10 13:45:35.246  2633  2633 I System.out: FLINTEMI: onGoToLocationStatusChanged:location=,status=obstacle detected,description=Ground Obstacle
12-10 13:45:36.761  2633  2633 I System.out: FLINTEMI: onGoToLocationStatusChanged:location=a,status=going,description=Unknown
12-10 13:45:41.227   568   625 D ConnectivityService: notifyType CAP_CHANGED for NetworkAgentInfo [WIFI () - 100]
12-10 13:45:43.695   700   700 E ThemeUtils: View class androidx.appcompat.widget.AppCompatTextView is an AppCompat widget that can only be used with a Theme.AppCompat theme (or descendant).
12-10 13:45:43.697   700   700 E ThemeUtils: View class androidx.appcompat.widget.AppCompatTextView is an AppCompat widget that can only be used with a Theme.AppCompat theme (or descendant).
12-10 13:45:43.739  2633  2633 I System.out: FLINTEMI: onGoToLocationStatusChanged:location=a,status=complete,description=Unknown
12-10 13:45:43.739  2633  2633 I System.out: FLINTEMI: OnGoToLocationStatusChanged=COMPLETE,notify
12-10 13:45:43.740  2633  2672 I System.out: FLINTEMI: Reset the location index to 1 from 2
12-10 13:45:43.740  2633  2672 I System.out: FLINTEMI: Loops complete=5
12-10 13:45:43.741  2633  2672 I System.out: FLINTEMI: Create Timer
12-10 13:45:43.741  2633  2672 I System.out: FLINTEMI: wait()
12-10 13:45:43.745   568  1152 V WindowManager: Done at AppWindowToken{283334b token=Token{c5616c2 ActivityRecord{f84b70d u0 com.robotemi.sdk.sample/.MainActivity t184}}} -- full screen, return 0
12-10 13:45:43.759   568   698 I MediaFocusControl:  AudioFocus  requestAudioFocus() from android.media.AudioManager@72715com.roboteam.teamy.assistants.ConversationMediator@323a2a req=3flags=0x0
12-10 13:45:43.760   568   740 I MediaFocusControl:  AudioFocus  requestAudioFocus() from android.media.AudioManager@72715com.roboteam.teamy.assistants.ConversationMediator@323a2a req=3flags=0x0
12-10 13:45:43.767   568   739 I WindowStateAnimator: createSurface WindowStateAnimator{d9b8848 }: mDrawState=DRAW_PENDING
12-10 13:45:43.768   568   739 V WindowManager: Done at AppWindowToken{283334b token=Token{c5616c2 ActivityRecord{f84b70d u0 com.robotemi.sdk.sample/.MainActivity t184}}} -- full screen, return 0
12-10 13:45:43.769   568   739 V WindowManager: Resize reasons for w=Window{cf682eb u0 com.roboteam.teamy.usa}:  contentInsetsChanged=false [0,0][0,0] visibleInsetsChanged=false [0,0][0,0] stableInsetsChanged=false [0,0][0,0] outsetsChanged=false [0,0][0,0] surfaceResized=true configChanged=true
12-10 13:45:43.769   568   739 V WindowManager: Resizing window Window{cf682eb u0 com.roboteam.teamy.usa} to 1920.0x1200.0
12-10 13:45:43.770   568   739 V WindowState: Reporting new frame to Window{cf682eb u0 com.roboteam.teamy.usa}: Rect(0, 0 - 1920, 1200)
12-10 13:45:43.770   568   739 I WindowState: Sending new config to window Window{cf682eb u0 com.roboteam.teamy.usa}: 1920.0x1200.0 / config={1.0 ?mcc?mnc en_US ldltr sw800dp w1280dp h800dp 240dpi xlrg land finger -keyb/v/h -nav/h s.4} overrideConfig={1.0 ?mcc?mnc ?locale ?layoutDir ?swdp ?wdp ?hdp ?density ?lsize ?long ?orien ?uimode ?night ?touch ?keyb/?/? ?nav/?}
12-10 13:45:43.770   568   739 I WindowState: Resizing Window{cf682eb u0 com.roboteam.teamy.usa} WITH DRAW PENDING
12-10 13:45:43.774   700  1351 D Surface : Surface::final mReqUsage=a00
12-10 13:45:43.774   700  1351 D mali_winsys: EGLint new_window_surface(egl_winsys_display*, void*, EGLSurface, EGLConfig, egl_winsys_surface**, egl_color_buffer_format*, EGLBoolean) returns 0x3000
12-10 13:45:43.788   568   589 E WindowManager: Unknown window type: 2999
12-10 13:45:43.788   191   194 D gralloc : Isfb=0, [1920,1200,1920,7680], fmt=1, byte_stride=7680
12-10 13:45:43.798   191   194 D gralloc : Isfb=0, [1920,1200,1920,7680], fmt=1, byte_stride=7680
12-10 13:45:43.806   191   194 D gralloc : Isfb=0, [1920,1200,1920,7680], fmt=1, byte_stride=7680
12-10 13:45:43.810   568   580 W AppOps  : Finishing op nesting under-run: uid 1000 pkg com.roboteam.teamy.usa code 24 time=0 duration=0 nesting=0
12-10 13:45:43.812   568   580 V WindowManager: Done at AppWindowToken{283334b token=Token{c5616c2 ActivityRecord{f84b70d u0 com.robotemi.sdk.sample/.MainActivity t184}}} -- full screen, return 0
12-10 13:45:43.823   568   589 E WindowManager: Unknown window type: 2999
12-10 13:45:43.825   191   615 D gralloc : Isfb=0, [1200,1920,1200,4800], fmt=1, byte_stride=4800
12-10 13:45:43.838   191   194 D gralloc : Isfb=0, [1200,1920,1200,4800], fmt=1, byte_stride=4800
12-10 13:45:43.840   568  1152 V WindowStateAnimator: finishDrawingLocked: mDrawState=COMMIT_DRAW_PENDING WindowStateAnimator{d9b8848 } in Surface(name=)
12-10 13:45:43.840   568   589 I WindowManager:   SURFACE SHOW (performShowLocked): Window{cf682eb u0 com.roboteam.teamy.usa}
12-10 13:45:43.843   568   589 E WindowManager: Unknown window type: 2999
12-10 13:45:43.859   568   589 E WindowManager: Unknown window type: 2999
12-10 13:45:43.866   191   196 D gralloc : Isfb=0, [1200,1920,1200,4800], fmt=1, byte_stride=4800
12-10 13:45:44.042   227   227 D NuPlayerDriver: reset(0xb7a0f7e0)
12-10 13:45:44.043   227   227 D NuPlayerDriver: notifyListener_l(0xb7a0f7e0), (8, 0, 0)
12-10 13:45:44.047   227  2908 W AMessage: failed to post message as target looper for handler 0 is gone.
12-10 13:45:44.049   227  2908 D NuPlayerDriver: notifyResetComplete(0xb7a0f7e0)
12-10 13:45:44.049   227   227 D NuPlayerDriver: reset(0xb7a0f7e0)
12-10 13:45:44.051   227   227 E MediaPlayerFactory: 2019 03 30 -------- getPlayerType()44444444444444 call GET_PLAYER_TYPE_IMPL() !!!! 
12-10 13:45:44.063   227  2918 D NuPlayerDriver: notifyListener_l(0xb79c1030), (1, 0, 0)
12-10 13:45:44.068   227   631 D NuPlayerDriver: start(0xb79c1030), state is 4, eos is 0
12-10 13:45:44.068   227  2918 I GenericSource: start
12-10 13:45:44.084   227  2922 E OMXNodeInstance: setConfig(37:google.opus.decoder, ConfigPriority(0x6f800002)) ERROR: Undefined(0x80001001)
12-10 13:45:44.085   227  2922 I ACodec  : codec does not support config priority (err -2147483648)
12-10 13:45:44.086   227  2922 I MediaCodec: MediaCodec will operate in async mode
12-10 13:45:44.097   227  2918 D NuPlayerDriver: notifyListener_l(0xb79c1030), (6, 0, 0)
12-10 13:45:44.098   227  2920 W MediaClock: reject anchor time since it is negative.
12-10 13:45:44.098   227  2920 W MediaClock: reject anchor time since it is negative.
12-10 13:45:44.098   227  2920 W MediaClock: reject anchor time since it is negative.
12-10 13:45:44.100   227  2920 W MediaClock: reject anchor time since it is negative.
12-10 13:45:44.101   227  2920 W MediaClock: reject anchor time since it is negative.
12-10 13:45:44.101   227  2920 W MediaClock: reject anchor time since it is negative.
12-10 13:45:44.101   227  2920 W MediaClock: reject anchor time since it is negative.
12-10 13:45:44.102   227  2920 W MediaClock: reject anchor time since it is negative.
12-10 13:45:44.104   227  2920 W MediaClock: reject anchor time since it is negative.
12-10 13:45:44.104   227  2920 W MediaClock: reject anchor time since it is negative.
12-10 13:45:44.104   227  2920 W MediaClock: reject anchor time since it is negative.
12-10 13:45:44.105   227  2920 W MediaClock: reject anchor time since it is negative.
12-10 13:45:44.105   227  2920 W MediaClock: reject anchor time since it is negative.
12-10 13:45:44.106   227  2920 W MediaClock: reject anchor time since it is negative.
12-10 13:45:44.106   227  2920 W MediaClock: reject anchor time since it is negative.
12-10 13:45:44.110   227  2920 W MediaClock: reject anchor time since it is negative.
12-10 13:45:44.110   227  2920 W MediaClock: reject anchor time since it is negative.
12-10 13:45:44.110   227  2920 W MediaClock: reject anchor time since it is negative.
12-10 13:45:44.112   227  2920 W MediaClock: reject anchor time since it is negative.
12-10 13:45:44.113   227  2920 W MediaClock: reject anchor time since it is negative.
12-10 13:45:44.113   227  2920 W MediaClock: reject anchor time since it is negative.
12-10 13:45:44.114   227  2920 W MediaClock: reject anchor time since it is negative.
12-10 13:45:44.115   227  2920 W MediaClock: reject anchor time since it is negative.
12-10 13:45:44.115   227  2920 W MediaClock: reject anchor time since it is negative.
12-10 13:45:44.116   227  2920 W MediaClock: reject anchor time since it is negative.
12-10 13:45:44.142   227   329 D AudioFlinger: mixer(0xb3638008) throttle end: throttle time(10)
12-10 13:45:47.208   568   698 W AppOps  : Finishing op nesting under-run: uid 1000 pkg com.roboteam.teamy.usa code 24 time=0 duration=0 nesting=0
12-10 13:45:47.214   568   698 V WindowManager: Done at AppWindowToken{283334b token=Token{c5616c2 ActivityRecord{f84b70d u0 com.robotemi.sdk.sample/.MainActivity t184}}} -- full screen, return 0
12-10 13:45:47.220   568   589 E WindowManager: Unknown window type: 2999
12-10 13:45:50.006   227  2921 I NuPlayerDecoder: [audio] saw output EOS
12-10 13:45:50.578   227  2918 D NuPlayerDriver: notifyListener_l(0xb79c1030), (2, 0, 0)
12-10 13:45:50.585   568   580 I MediaFocusControl:  AudioFocus  abandonAudioFocus() from android.media.AudioManager@72715com.roboteam.teamy.assistants.ConversationMediator@323a2a
12-10 13:45:50.590  2633  2633 I System.out: FLINTEMI: TtsRequest.getStatus()=COMPLETED:I will wait here for 15 seconds. Please, feel free to use my hand sanitiser dispenser.
12-10 13:45:50.592  2633  2633 I System.out: FLINTEMI: Waiting for 15000ms starting:10/12/2020 13:45:50
12-10 13:45:50.592  2633  2633 I System.out: FLINTEMI: setText to "Waiting ..."
12-10 13:45:50.593  2633  2633 D Detection: addOnDetectionStateChangedListener
12-10 13:45:50.593  2633  2633 I System.out: FLINTEMI: Removed WaitTTSListener
12-10 13:45:56.314   568   625 D ConnectivityService: updateNetworkScore for NetworkAgentInfo [WIFI () - 100] to 56
12-10 13:46:05.597  2633  2917 I System.out: FLINTEMI: Waiting for 10 seconds completed:10/12/2020 13:46:05
12-10 13:46:05.597  2633  2917 I System.out: FLINTEMI: endWait(), notify()
12-10 13:46:05.598  2633  2672 I System.out: FLINTEMI: Do action at state=1
12-10 13:46:05.600  2633  2672 I Battery : 100
12-10 13:46:05.600  2633  2672 I System.out: FLINTEMI: going to location=1, name=b
12-10 13:46:05.601  2633  2633 I System.out: FLINTEMI: setText to "Going to the next waypoint ..."
12-10 13:46:05.606   568   579 I MediaFocusControl:  AudioFocus  requestAudioFocus() from android.media.AudioManager@72715com.roboteam.teamy.assistants.ConversationMediator@323a2a req=3flags=0x0
12-10 13:46:05.607  2633  2672 I System.out: FLINTEMI: Finished action at state=1
12-10 13:46:05.607  2633  2672 I System.out: FLINTEMI: synchronise routine
12-10 13:46:05.607  2633  2672 I System.out: FLINTEMI: try state machine wait
12-10 13:46:05.611   568  1152 I MediaFocusControl:  AudioFocus  requestAudioFocus() from android.media.AudioManager@72715com.roboteam.teamy.assistants.ConversationMediator@323a2a req=3flags=0x0
12-10 13:46:05.668   700   700 E ThemeUtils: View class androidx.appcompat.widget.AppCompatTextView is an AppCompat widget that can only be used with a Theme.AppCompat theme (or descendant).
12-10 13:46:05.670   700   700 E ThemeUtils: View class androidx.appcompat.widget.AppCompatTextView is an AppCompat widget that can only be used with a Theme.AppCompat theme (or descendant).
12-10 13:46:05.704   568   586 D Tethering: interfaceLinkStateChanged wlan0, true
12-10 13:46:05.704  2633  2633 I System.out: FLINTEMI: onGoToLocationStatusChanged:location=b,status=start,description=Unknown
12-10 13:46:05.704   568   586 D Tethering: interfaceStatusChanged wlan0, true
12-10 13:46:05.708   568   698 V WindowManager: Done at AppWindowToken{283334b token=Token{c5616c2 ActivityRecord{f84b70d u0 com.robotemi.sdk.sample/.MainActivity t184}}} -- full screen, return 0
12-10 13:46:05.725   568   739 I WindowStateAnimator: createSurface WindowStateAnimator{93862c7 }: mDrawState=DRAW_PENDING
12-10 13:46:05.727   568   739 V WindowManager: Done at AppWindowToken{283334b token=Token{c5616c2 ActivityRecord{f84b70d u0 com.robotemi.sdk.sample/.MainActivity t184}}} -- full screen, return 0
12-10 13:46:05.727   568   739 V WindowManager: Resize reasons for w=Window{6324c06 u0 com.roboteam.teamy.usa}:  contentInsetsChanged=false [0,0][0,0] visibleInsetsChanged=false [0,0][0,0] stableInsetsChanged=false [0,0][0,0] outsetsChanged=false [0,0][0,0] surfaceResized=true configChanged=true
12-10 13:46:05.727   568   739 V WindowManager: Resizing window Window{6324c06 u0 com.roboteam.teamy.usa} to 1920.0x1200.0
12-10 13:46:05.741   568   739 V WindowState: Reporting new frame to Window{6324c06 u0 com.roboteam.teamy.usa}: Rect(0, 0 - 1920, 1200)
12-10 13:46:05.741   568   739 I WindowState: Sending new config to window Window{6324c06 u0 com.roboteam.teamy.usa}: 1920.0x1200.0 / config={1.0 ?mcc?mnc en_US ldltr sw800dp w1280dp h800dp 240dpi xlrg land finger -keyb/v/h -nav/h s.4} overrideConfig={1.0 ?mcc?mnc ?locale ?layoutDir ?swdp ?wdp ?hdp ?density ?lsize ?long ?orien ?uimode ?night ?touch ?keyb/?/? ?nav/?}
12-10 13:46:05.741   568   739 I WindowState: Resizing Window{6324c06 u0 com.roboteam.teamy.usa} WITH DRAW PENDING
12-10 13:46:05.747   700  1351 D Surface : Surface::final mReqUsage=a00
12-10 13:46:05.748   700  1351 D mali_winsys: EGLint new_window_surface(egl_winsys_display*, void*, EGLSurface, EGLConfig, egl_winsys_surface**, egl_color_buffer_format*, EGLBoolean) returns 0x3000
12-10 13:46:05.759   191   615 D gralloc : Isfb=0, [1920,1200,1920,7680], fmt=1, byte_stride=7680
12-10 13:46:05.759   568   589 E WindowManager: Unknown window type: 2999
12-10 13:46:05.768   191   615 D gralloc : Isfb=0, [1920,1200,1920,7680], fmt=1, byte_stride=7680
12-10 13:46:05.780   191   615 D gralloc : Isfb=0, [1920,1200,1920,7680], fmt=1, byte_stride=7680
12-10 13:46:05.801   191   615 D gralloc : Isfb=0, [1200,1920,1200,4800], fmt=1, byte_stride=4800
12-10 13:46:05.816   191   196 D gralloc : Isfb=0, [1200,1920,1200,4800], fmt=1, byte_stride=4800
12-10 13:46:05.819   568   579 V WindowStateAnimator: finishDrawingLocked: mDrawState=COMMIT_DRAW_PENDING WindowStateAnimator{93862c7 } in Surface(name=)
12-10 13:46:05.819   568   589 I WindowManager:   SURFACE SHOW (performShowLocked): Window{6324c06 u0 com.roboteam.teamy.usa}
12-10 13:46:05.829   568   589 E WindowManager: Unknown window type: 2999
12-10 13:46:05.842   191   614 D gralloc : Isfb=0, [1200,1920,1200,4800], fmt=1, byte_stride=4800
12-10 13:46:05.847   568   589 E WindowManager: Unknown window type: 2999
12-10 13:46:05.851   22